Solver command line: ['/cvmfs/restricted.computecanada.ca/easybuild/software/2023/x86-64-v3/Core/gurobi/11.0.1/bin/gurobi.sh']

Set parameter TokenServer to value "license1.computecanada.ca"
Read LP format model from file /tmp/tmp8bcwlsp3.pyomo.lp
Reading time = 0.36 seconds
x1: 1000 rows, 1000 columns, 1000000 nonzeros
Read MIP start from file /tmp/tmppmqyiql7.gurobi.mst
Set parameter TimeLimit to value 10800
Gurobi Optimizer version 11.0.1 build v11.0.1rc0 (linux64 - "AlmaLinux 9.6 (Sage Margay)")

CPU model: AMD EPYC 9454 48-Core Processor, instruction set [SSE2|AVX|AVX2|AVX512]
Thread count: 48 physical cores, 48 logical processors, using up to 32 threads

Optimize a model with 1000 rows, 1000 columns and 1000000 nonzeros
Model fingerprint: 0x95ab7888
Model has 1000 quadratic objective terms
Variable types: 0 continuous, 1000 integer (0 binary)
Coefficient statistics:
  Matrix range     [3e-07, 5e-01]
  Objective range  [9e-05, 1e-01]
  QObjective range [2e-05, 1e-02]
  Bounds range     [0e+00, 0e+00]
  RHS range        [3e-04, 1e+00]

Loaded user MIP start with objective -138.146

Presolve time: 0.18s
Presolved: 1000 rows, 1000 columns, 1000000 nonzeros
Presolved model has 1000 quadratic objective terms
Variable types: 0 continuous, 1000 integer (0 binary)
Found heuristic solution: objective -158.9596045

Root simplex log...

Iteration    Objective       Primal Inf.    Dual Inf.      Time
     546   -2.1398325e+02   2.547047e+00   0.000000e+00      5s
     591   -2.1385696e+02   0.000000e+00   0.000000e+00      8s

Root relaxation: objective -2.138570e+02, 591 iterations, 7.22 seconds (3.88 work units)

    Nodes    |    Current Node    |     Objective Bounds      |     Work
 Expl Unexpl |  Obj  Depth IntInf | Incumbent    BestBd   Gap | It/Node Time

     0     0 -213.85696    0 1000 -158.95960 -213.85696  34.5%     -    7s
H    0     0                    -160.8397453 -213.85696  33.0%     -    9s
     0     0 -213.85514    0 1000 -160.83975 -213.85514  33.0%     -   43s
H    0     2                    -161.3136248 -213.85514  32.6%     -   52s
     0     2 -213.85514    0 1000 -161.31362 -213.85514  32.6%     -   52s
     1     4 -213.85514    1  999 -161.31362 -213.85514  32.6%   2.0   55s
     7    16 -213.85338    3  997 -161.31362 -213.85455  32.6%   2.4   61s
    31    64 -213.85071    5  995 -161.31362 -213.85247  32.6%   2.7   69s
    63    96 -213.84995    6  994 -161.31362 -213.85150  32.6%   2.7  685s
    95   128 -213.84902    6  994 -161.31362 -213.85039  32.6%   2.7  699s
   127   160 -213.84883    7  993 -161.31362 -213.85013  32.6%   2.8  703s
   159   192 -213.84793    7  993 -161.31362 -213.85013  32.6%   2.8  893s
   191   256 -213.84703    8  992 -161.31362 -213.85013  32.6%   2.8  903s
   255   480 -213.84525    9  991 -161.31362 -213.85013  32.6%   2.8  934s
   479   512 -213.84220   12  988 -161.31362 -213.85013  32.6%   2.8  963s
   511  1504 -213.84086   13  987 -161.31362 -213.85013  32.6%   2.8 1083s
  1503  3909 -213.82628   27  973 -161.31362 -213.85013  32.6%   3.3 1297s
  3908  5783 -213.77804   78  922 -161.31362 -213.85013  32.6%   3.1 1447s
  5782  7507 -213.73414  120  882 -161.31362 -213.85013  32.6%   3.1 1584s
  7506  9163 -213.69059  158  845 -161.31362 -213.85013  32.6%   3.3 1711s
  9162 10813 -213.64912  192  813 -161.31362 -213.85013  32.6%   3.6 1838s
 10812 12455 -213.60611  226  788 -161.31362 -213.85013  32.6%   4.0 1961s
 12454 14102 -213.56752  255  765 -161.31362 -213.85013  32.6%   4.4 2088s
H14101 14134                    -161.7761573 -213.85013  32.2%   4.9 2185s
 14133 15805 -213.53298  283  747 -161.77616 -213.85013  32.2%   4.9 2304s
 15805 15806 -213.79467   62 1000 -161.77616 -213.85013  32.2%   5.5 3116s
 15807 15807 -213.81330   43 1000 -161.77616 -213.85013  32.2%   5.5 3126s
 15809 15809 -213.71882  136 1000 -161.77616 -213.85013  32.2%   5.5 3130s
 15812 15816 -213.85013   16  998 -161.77616 -213.85013  32.2%   5.5 3137s
 15816 15822 -213.85013   17  997 -161.77616 -213.85013  32.2%   5.5 3140s
 15840 15862 -213.84904   19  995 -161.77616 -213.85013  32.2%   5.5 3148s
 15872 15884 -213.84742   20  994 -161.77616 -213.84968  32.2%   5.5 3152s
 15904 15905 -213.84719   20  994 -161.77616 -213.84968  32.2%   5.5 3157s
 15936 15926 -213.84606   21  993 -161.77616 -213.84857  32.2%   5.5 3162s
 15968 15948 -213.84548   21  993 -161.77616 -213.84857  32.2%   5.5 3173s
 16000 15969 -213.84522   22  992 -161.77616 -213.84857  32.2%   5.5 3178s
 16032 15990 -213.84313   22  992 -161.77616 -213.84857  32.2%   5.5 5271s
 16064 16012 -213.84398   23  991 -161.77616 -213.84857  32.2%   5.5 5276s
 16096 16117 -213.84330   23  991 -161.77616 -213.84857  32.2%   5.4 5293s
 16212 16110 -213.84200   25  989 -161.77616 -213.84857  32.2%   5.4 5314s
 16244 16403 -213.83959   25  989 -161.77616 -213.84857  32.2%   5.4 5357s
 16547 17441 -213.83389   30  984 -161.77616 -213.84857  32.2%   5.4 5490s
 17686 17093 -213.81714   47  967 -161.77616 -213.84857  32.2%   5.2 5585s
 17718 20545 -213.81593   47  967 -161.77616 -213.84857  32.2%   5.2 5884s
 21181 19423 -213.77790   86  928 -161.77616 -213.84857  32.2%   4.8 7776s
H21202 18625                    -163.1322181 -213.84857  31.1%   4.8 7776s
 21213 19989 -213.77853   87  927 -163.13222 -213.84857  31.1%   4.8 7898s
 22581 19565 -213.75274  105  909 -163.13222 -213.84857  31.1%   4.7 7918s
H22588 18812                    -163.1679102 -213.84857  31.1%   4.7 7918s
 22613 21055 -213.75029  105  909 -163.16791 -213.84857  31.1%   4.7 8105s
 24864 22198 -213.72075  131  883 -163.16791 -213.84857  31.1%   4.6 8261s
 26758 21599 -213.68571  155  859 -163.16791 -213.84857  31.1%   4.6 8354s
H26778 20879                    -163.5023918 -213.84857  30.8%   4.6 8354s
 26790 22965 -213.68738  156  858 -163.50239 -213.84857  30.8%   4.6 8523s
 28880 24358 -213.65637  181  833 -163.50239 -213.84857  30.8%   4.7 8680s
 30969 31981 -213.63081  206  809 -163.50239 -213.84857  30.8%   4.9 9338s
 39289 30624 -213.51734  336  697 -163.50239 -213.84857  30.8%   5.9 9430s
 40705 30184 -213.50440  354  688 -163.50239 -213.84857  30.8%   6.2 9528s
 40737 32455 -213.50016  354  688 -163.50239 -213.84857  30.8%   6.2 9662s
 43019 33801 -213.48018  384  663 -163.50239 -213.84857  30.8%   6.7 9785s
 45125 34982 -213.45317  413  646 -163.50239 -213.84857  30.8%   7.3 9900s
 47008 36487 -213.43759  439  633 -163.50239 -213.84857  30.8%   8.0 10038s
 49141 37915 -213.42312  467  618 -163.50239 -213.84857  30.8%   8.8 10173s
 51280 39392 -213.39371  495  601 -163.50239 -213.84857  30.8%   9.7 10320s
 53488 40743 -213.35335  525  594 -163.50239 -213.84857  30.8%  10.8 10454s
 55707 42379 -213.28902  555  590 -163.50239 -213.84857  30.8%  11.9 10640s
 58267 44615 -213.22986  584  581 -163.50239 -213.84857  30.8%  12.5 10800s

Explored 60805 nodes (786609 simplex iterations) in 10801.00 seconds (1780.66 work units)
Thread count was 32 (of 48 available processors)

Solution count 8: -163.502 -163.168 -163.132 ... -138.146

Time limit reached
Best objective -1.635023917697e+02, best bound -2.138485737358e+02, gap 30.7923%

