Solver command line: ['/cvmfs/restricted.computecanada.ca/easybuild/software/2023/x86-64-v3/Core/gurobi/11.0.1/bin/gurobi.sh']

Set parameter TokenServer to value "license1.computecanada.ca"
Read LP format model from file /tmp/tmpa5hv88bk.pyomo.lp
Reading time = 0.00 seconds
x1: 10 rows, 10 columns, 100 nonzeros
Read MIP start from file /tmp/tmpyvzw47fs.gurobi.mst
Set parameter TimeLimit to value 10800
Gurobi Optimizer version 11.0.1 build v11.0.1rc0 (linux64 - "AlmaLinux 9.6 (Sage Margay)")

CPU model: AMD EPYC 9454 48-Core Processor, instruction set [SSE2|AVX|AVX2|AVX512]
Thread count: 48 physical cores, 48 logical processors, using up to 32 threads

Optimize a model with 10 rows, 10 columns and 100 nonzeros
Model fingerprint: 0x8fbb74c2
Model has 10 quadratic objective terms
Variable types: 0 continuous, 10 integer (0 binary)
Coefficient statistics:
  Matrix range     [4e-04, 3e-01]
  Objective range  [5e-03, 9e-02]
  QObjective range [4e-04, 8e-03]
  Bounds range     [0e+00, 0e+00]
  RHS range        [3e-02, 1e+00]

Loaded user MIP start with objective 1.28838

Presolve time: 0.00s
Presolved: 10 rows, 10 columns, 100 nonzeros
Presolved model has 10 quadratic objective terms
Variable types: 0 continuous, 10 integer (0 binary)
Found heuristic solution: objective 0.7227963

Root relaxation: objective -5.771127e-01, 7 iterations, 0.00 seconds (0.00 work units)

    Nodes    |    Current Node    |     Objective Bounds      |     Work
 Expl Unexpl |  Obj  Depth IntInf | Incumbent    BestBd   Gap | It/Node Time

     0     0   -0.57711    0   10    0.72280   -0.57711   180%     -    0s
H    0     0                       0.1632890   -0.57711   453%     -    0s
H    0     0                       0.0395734   -0.57711  1558%     -    0s
H    0     0                      -0.2137433   -0.57711   170%     -    0s
     0     0   -0.57531    0   10   -0.21374   -0.57531   169%     -    0s
H    0     0                      -0.2835098   -0.57531   103%     -    0s
     0     2   -0.57531    0   10   -0.28351   -0.57531   103%     -    0s
H   33    61                      -0.3873831   -0.56851  46.8%   2.5    0s
H  475   271                      -0.4126955   -0.55804  35.2%   3.6    0s
H 1083   340                      -0.4168021   -0.54822  31.5%   3.6    0s
H 2014   312                      -0.4610787   -0.53460  15.9%   3.6    0s

Explored 2666 nodes (8924 simplex iterations) in 0.04 seconds (0.01 work units)
Thread count was 32 (of 48 available processors)

Solution count 10: -0.461079 -0.416802 -0.412695 ... 1.28838

Optimal solution found (tolerance 1.00e-04)
Best objective -4.610786931882e-01, best bound -4.610786931882e-01, gap 0.0000%

