Solver command line: ['/cvmfs/restricted.computecanada.ca/easybuild/software/2023/x86-64-v3/Core/gurobi/11.0.1/bin/gurobi.sh']

Set parameter TokenServer to value "license1.computecanada.ca"
Read LP format model from file /tmp/tmp_bjk4e7g.pyomo.lp
Reading time = 0.09 seconds
x1: 500 rows, 500 columns, 250000 nonzeros
Read MIP start from file /tmp/tmppf80yfip.gurobi.mst
Set parameter TimeLimit to value 10800
Gurobi Optimizer version 11.0.1 build v11.0.1rc0 (linux64 - "AlmaLinux 9.6 (Sage Margay)")

CPU model: AMD EPYC 9454 48-Core Processor, instruction set [SSE2|AVX|AVX2|AVX512]
Thread count: 48 physical cores, 48 logical processors, using up to 32 threads

Optimize a model with 500 rows, 500 columns and 250000 nonzeros
Model fingerprint: 0x3a721c1c
Model has 500 quadratic objective terms
Variable types: 0 continuous, 500 integer (0 binary)
Coefficient statistics:
  Matrix range     [7e-07, 5e-01]
  Objective range  [2e-04, 1e-01]
  QObjective range [2e-05, 1e-02]
  Bounds range     [0e+00, 0e+00]
  RHS range        [1e-03, 1e+00]

Loaded user MIP start with objective -75.379

Presolve time: 0.05s
Presolved: 500 rows, 500 columns, 250000 nonzeros
Presolved model has 500 quadratic objective terms
Variable types: 0 continuous, 500 integer (0 binary)
Found heuristic solution: objective -86.1720583

Root relaxation: objective -1.064509e+02, 300 iterations, 0.54 seconds (0.52 work units)

    Nodes    |    Current Node    |     Objective Bounds      |     Work
 Expl Unexpl |  Obj  Depth IntInf | Incumbent    BestBd   Gap | It/Node Time

     0     0 -106.45087    0  500  -86.17206 -106.45087  23.5%     -    0s
     0     0 -106.44901    0  500  -86.17206 -106.44901  23.5%     -    4s
     0     2 -106.44901    0  500  -86.17206 -106.44901  23.5%     -    5s
    31    64 -106.44545    5  495  -86.17206 -106.44716  23.5%   2.4   11s
H   53    64                     -87.2936847 -106.44642  21.9%   2.4   11s
    63    96 -106.44451    6  494  -87.29368 -106.44642  21.9%   2.5   86s
H   71    96                     -88.4869136 -106.44642  20.3%   2.4   86s
    95   128 -106.44413    6  494  -88.48691 -106.44642  20.3%   2.4  101s
   191   256 -106.44185    8  492  -88.48691 -106.44554  20.3%   2.4  105s
   442  1127 -106.43809   11  489  -88.48691 -106.44523  20.3%   2.5  115s
  1126  1159 -106.42580   23  477  -88.48691 -106.44523  20.3%   2.5  123s
H 1148  1159                     -89.1690027 -106.44523  19.4%   2.5  123s
  1158  2436 -106.42499   24  476  -89.16900 -106.44523  19.4%   2.5  139s
  2435  3345 -106.39580   55  445  -89.16900 -106.44523  19.4%   2.6  147s
H 3155  3345                     -89.4603850 -106.44523  19.0%   2.7  147s
  3344  4121 -106.37696   71  431  -89.46038 -106.44523  19.0%   2.8  156s
  4120  5132 -106.36221   87  416  -89.46038 -106.44523  19.0%   3.0  167s
  5131  6131 -106.33854  105  400  -89.46038 -106.44523  19.0%   3.3  176s
  6130  6994 -106.31817  126  382  -89.46038 -106.44523  19.0%   3.6  183s
  6993  7869 -106.29924  140  373  -89.46038 -106.44523  19.0%   3.9  191s
  7868  8843 -106.28180  155  362  -89.46038 -106.44523  19.0%   4.4  199s
  8842  9727 -106.24707  175  347  -89.46038 -106.44523  19.0%   4.9  207s
  9726 10546 -106.22149  192  339  -89.46038 -106.44523  19.0%   5.5  214s
 10545 11501 -106.18638  207  324  -89.46038 -106.44523  19.0%   6.0  222s
 11500 12578 -106.15852  222  324  -89.46038 -106.44523  19.0%   6.7  229s
 12577 13484 -106.12481  237  318  -89.46038 -106.44523  19.0%   7.4  236s
 13483 14599 -106.09163  255  299  -89.46038 -106.44523  19.0%   8.1  245s
H14598 14599                     -89.4716300 -106.44523  19.0%   8.9  328s
 14599 14600 -106.14407  223  500  -89.47163 -106.44523  19.0%   8.9  330s
 14618 14630 -106.44523   19  496  -89.47163 -106.44523  19.0%   9.0  335s
 14698 14699 -106.44194   21  494  -89.47163 -106.44412  19.0%   8.9  352s
 14794 14773 -106.44317   23  492  -89.47163 -106.44366  19.0%   8.9  355s
 14919 14930 -106.44241   24  491  -89.47163 -106.44305  19.0%   8.8  361s
 15150 15243 -106.43921   27  488  -89.47163 -106.44300  19.0%   8.7  368s
 15425 16020 -106.43117   31  484  -89.47163 -106.44268  19.0%   8.6  379s
 16293 15762 -106.41528   43  473  -89.47163 -106.44268  19.0%   8.3  384s
 16325 17115 -106.41463   43  473  -89.47163 -106.44268  19.0%   8.3  399s
 17688 17818 -106.40145   58  458  -89.47163 -106.44268  19.0%   7.9  413s
 18846 18500 -106.39026   71  444  -89.47163 -106.44268  19.0%   7.6  424s
 19914 18963 -106.37309   83  433  -89.47163 -106.44268  19.0%   7.4  434s
 20733 19698 -106.36087   94  422  -89.47163 -106.44268  19.0%   7.3  446s
 21773 20454 -106.35473  106  410  -89.47163 -106.44268  19.0%   7.2  459s
 22843 21173 -106.34405  120  398  -89.47163 -106.44268  19.0%   7.2  468s
 23919 21185 -106.33422  133  385  -89.47163 -106.44268  19.0%   7.3  475s
 24290 22216 -106.33065  138  380  -89.47163 -106.44268  19.0%   7.3  487s
 25444 22830 -106.32151  152  370  -89.47163 -106.44268  19.0%   7.4  495s
 26443 23686 -106.30350  165  361  -89.47163 -106.44268  19.0%   7.5  507s
 27632 24428 -106.30106  181  348  -89.47163 -106.44268  19.0%   7.7  516s
 28770 24080 -106.28718  196  333  -89.47163 -106.44268  19.0%   8.0  520s
 28802 25304 -106.29024  197  338  -89.47163 -106.44268  19.0%   8.0  530s
 30036 26881 -106.27495  213  332  -89.47163 -106.44268  19.0%   8.4  543s
 32033 26248 -106.25445  237  315  -89.47163 -106.44268  19.0%   9.1  708s
H32054 25510                     -89.7618854 -106.44268  18.6%   9.1  708s
 32065 26499 -106.26219  238  316  -89.76189 -106.44268  18.6%   9.1  716s
 33168 26163 -106.23021  252  314  -89.76189 -106.44268  18.6%   9.7  722s
 33200 27392 -106.22204  252  315  -89.76189 -106.44268  18.6%   9.7  733s
 34543 28148 -106.21248  269  302  -89.76189 -106.44268  18.6%  10.1  745s
 35867 28573 -106.19346  286  295  -89.76189 -106.44268  18.6%  10.4  757s
 36733 29750 -106.17547  299  288  -89.76189 -106.44268  18.6%  10.4  774s
 38199 29645 -106.14725  317  284  -89.76189 -106.44268  18.6%  10.6  780s
 38583 31265 -106.13265  321  286  -89.76189 -106.44268  18.6%  10.7  796s
 40331 32368 -106.13209  341  276  -89.76189 -106.44268  18.6%  10.9  814s
 42016 33750 -106.11087  361  272  -89.76189 -106.44268  18.6%  11.2  849s
 43960 35589 -106.06600  385  260  -89.76189 -106.44268  18.6%  11.5  867s
 46465 36841 -106.01269  413  245  -89.76189 -106.44268  18.6%  12.0  887s
 48585 38111 -105.91605  439  239  -89.76189 -106.44268  18.6%  12.4  903s
 50702 39463 -105.78896  467  236  -89.76189 -106.44268  18.6%  12.8  922s
 52759 40995 -105.76574  493  219  -89.76189 -106.44268  18.6%  13.3  940s
 54977 42532 -105.68230  518  209  -89.76189 -106.44268  18.6%  13.8  956s
 57253 43329 -105.57451  545  198  -89.76189 -106.44268  18.6%  14.4  966s
 58464 45846 -105.47363  560  195  -89.76189 -106.44268  18.6%  14.7  983s
 61021 49548 -105.16332  593  173  -89.76189 -106.44268  18.6%  15.6 1027s
 64877 52470 -104.55391  646  146  -89.76189 -106.44268  18.6%  16.9 1049s
 67864 56003 -103.74625  685  125  -89.76189 -106.44268  18.6%  17.7 1075s
 71607 59734 -106.35432  162  380  -89.76189 -106.44254  18.6%  18.2 1101s
 75667 62395 -106.27100  274  308  -89.76189 -106.44254  18.6%  18.2 1123s
 78424 67701 -106.17848  347  280  -89.76189 -106.44254  18.6%  18.0 1155s
 83850 72040 -106.02787  432  251  -89.76189 -106.44254  18.6%  17.5 1204s
 88298 76403 -105.87213  483  233  -89.76189 -106.44254  18.6%  17.4 1233s
 92661 83807 -105.62102  553  208  -89.76189 -106.44254  18.6%  17.4 1271s
 100433 87317 -105.18290  622  174  -89.76189 -106.44254  18.6%  17.8 1292s
 104167 88655 -104.83445  672  153  -89.76189 -106.44254  18.6%  17.8 1363s
 105511 94408 -104.43629  689  149  -89.76189 -106.44254  18.6%  17.8 1395s
 111304 99044 -103.72250  713  139  -89.76189 -106.44252  18.6%  17.9 1419s
 116180 102551 -106.39695   70  446  -89.76189 -106.44190  18.6%  18.1 1443s
 119703 108131 -106.23750  208  346  -89.76189 -106.44190  18.6%  18.2 1470s
 125738 116698 -105.77412  437  241  -89.76189 -106.44190  18.6%  18.4 1517s
 134477 121116 -101.86662  703  169  -89.76189 -106.44190  18.6%  18.2 1539s
 138943 125274  -96.07434  850  133  -89.76189 -106.44145  18.6%  18.3 1558s
 143233 128048 -106.33944  147  379  -89.76189 -106.44092  18.6%  18.4 1574s
 146035 133059 -106.18191  257  317  -89.76189 -106.44092  18.6%  18.5 1603s
 151429 137510 -105.42152  447  245  -89.76189 -106.44092  18.6%  18.7 1632s
 156080 141468 -103.86967  599  186  -89.76189 -106.44092  18.6%  18.7 1825s
 160156 171773 -101.76232  733  161  -89.76189 -106.44092  18.6%  18.6 1949s
 191377 176860  -96.64455  898  141  -89.76189 -106.43976  18.6%  19.3 1976s
 196693 183417 -106.34556  137  386  -89.76189 -106.43975  18.6%  19.6 2006s
 203502 187300 -105.78512  410  251  -89.76189 -106.43975  18.6%  19.8 2029s
 207654 193318 -104.84528  534  221  -89.76189 -106.43975  18.6%  20.0 2065s
 214001 196942 -102.15714  692  183  -89.76189 -106.43975  18.6%  19.9 2087s
 217718 202314  -99.81692  796  157  -89.76189 -106.43972  18.6%  19.9 2113s
 223190 207685 -106.41474   65  452  -89.76189 -106.43963  18.6%  20.1 2142s
 229042 214079 -106.27562  219  333  -89.76189 -106.43963  18.6%  20.2 2181s
 235634 220698 -106.09344  330  275  -89.76189 -106.43963  18.6%  20.3 2205s
 242534 224602 -105.90279  396  246  -89.76189 -106.43963  18.6%  20.4 2228s
 246678 227588 -105.65140  446  230  -89.76189 -106.43963  18.6%  20.3 2251s
 249664 227620 -105.47976  476  219  -89.76189 -106.43963  18.6%  20.3 2276s
 249696 232003 -105.48876  472  220  -89.76189 -106.43963  18.6%  20.3 2307s
 254163 236883 -105.11891  533  194  -89.76189 -106.43963  18.6%  20.3 2349s
 259320 241422 -104.62759  583  172  -89.76189 -106.43963  18.6%  20.4 2382s
 263917 247525 -104.14463  623  158  -89.76189 -106.43963  18.6%  20.4 2423s
 270205 252400 -103.57888  662  143  -89.76189 -106.43963  18.6%  20.4 2454s
 275200 257581 -102.99220  685  137  -89.76189 -106.43951  18.6%  20.4 2481s
 280532 258974 -106.33246  133  391  -89.76189 -106.43951  18.6%  20.5 2534s
 282249 266260 -106.29841  162  369  -89.76189 -106.43951  18.6%  20.6 2580s
 289697 273669 -105.61785  436  244  -89.76189 -106.43951  18.6%  20.5 2610s
 297159 273884 -103.05067  652  182  -89.76189 -106.43951  18.6%  20.5 2774s
 297392 277326 -103.01367  653  184  -89.76189 -106.43951  18.6%  20.5 2794s
 300971 282770 -100.95151  741  164  -89.76189 -106.43951  18.6%  20.6 2824s
 306559 286158  -95.23121  896  139  -89.76189 -106.43951  18.6%  20.7 2845s
 310291 291977 -106.35883  120  403  -89.76189 -106.43944  18.6%  20.7 2883s
 316466 297159 -106.00539  347  275  -89.76189 -106.43944  18.6%  20.6 2913s
 321684 303813 -105.07895  520  227  -89.76189 -106.43944  18.6%  20.6 2954s
 328540 306933 -102.29283  723  170  -89.76189 -106.43944  18.6%  20.7 2975s
 331696 313382  -99.83563  812  158  -89.76189 -106.43944  18.6%  20.7 3003s
 338731 318526 -106.36214   95  421  -89.76189 -106.43933  18.6%  20.8 3041s
 344175 322953 -106.06935  295  298  -89.76189 -106.43933  18.6%  20.7 3065s
 348602 327281 -105.39543  452  238  -89.76189 -106.43933  18.6%  20.6 3083s
 352930 331856 -103.92517  593  197  -89.76189 -106.43933  18.6%  20.7 3113s
 357555 338459 -100.84500  744  168  -89.76189 -106.43933  18.6%  20.8 3141s
 364777 344156 -106.34586  118  404  -89.76189 -106.43927  18.6%  21.0 3175s
 370714 348824 -105.83607  339  272  -89.76189 -106.43927  18.6%  20.9 3197s
 375382 351993 -104.91118  497  225  -89.76189 -106.43927  18.6%  20.9 3210s
 378601 356980 -103.75455  611  196  -89.76189 -106.43927  18.6%  21.0 3235s
 383884 362924  -98.74149  799  140  -89.76189 -106.43927  18.6%  21.1 3272s
 390452 367121 -106.34617   89  429  -89.76189 -106.43905  18.6%  21.2 3312s
 394863 371121 -106.26537  132  390  -89.76189 -106.43905  18.6%  21.1 3348s
 398863 374000 -106.17749  170  359  -89.76189 -106.43905  18.6%  21.1 3374s
 401820 378641 -106.13254  194  348  -89.76189 -106.43905  18.6%  21.1 3416s
 406605 383032 -106.05206  227  326  -89.76189 -106.43905  18.6%  21.0 3459s
 410996 387800 -105.93092  263  306  -89.76189 -106.43905  18.6%  21.0 3494s
 415812 391318 -105.81111  299  292  -89.76189 -106.43905  18.6%  21.0 3526s
 419549 391349 -105.71013  326  287  -89.76189 -106.43905  18.6%  21.1 3692s
 419582 396758 -105.71012  325  287  -89.76189 -106.43905  18.6%  21.1 3732s
 425343 401955 -105.57506  355  278  -89.76189 -106.43905  18.6%  21.1 3771s
 430681 408188 -105.40601  391  271  -89.76189 -106.43905  18.6%  21.1 3814s
 437006 412075 -105.13302  429  259  -89.76189 -106.43905  18.6%  21.1 3836s
 440984 417640 -104.95582  445  252  -89.76189 -106.43905  18.6%  21.1 3874s
 446976 423065 -104.71840  471  252  -89.76189 -106.43905  18.6%  21.2 3918s
 452545 426956 -104.38176  502  241  -89.76189 -106.43905  18.6%  21.1 3950s
H453137 426951                     -89.8226345 -106.43905  18.5%  21.1 3950s
 456436 431198 -104.14010  526  234  -89.82263 -106.43905  18.5%  21.1 3970s
 460707 436267 -103.78054  557  221  -89.82263 -106.43905  18.5%  21.2 4012s
 465902 441762 -103.56686  575  217  -89.82263 -106.43905  18.5%  21.3 4048s
 471919 445741 -103.07504  603  207  -89.82263 -106.43905  18.5%  21.3 4074s
 475924 447138 -102.96942  611  207  -89.82263 -106.43905  18.5%  21.3 4132s
 477441 471447 -102.83382  625  202  -89.82263 -106.43905  18.5%  21.3 4234s
 501888 477560 -100.13334  730  184  -89.82263 -106.43905  18.5%  21.6 4268s
 508459 482613  -99.54710  749  181  -89.82263 -106.43905  18.5%  21.6 4297s
 513569 487855  -99.39843  760  179  -89.82263 -106.43905  18.5%  21.6 4330s
 518811 491754  -98.33703  782  171  -89.82263 -106.43905  18.5%  21.7 4345s
 522710 497890  -97.91053  800  158  -89.82263 -106.43905  18.5%  21.7 4372s
 529367 503503  -97.23984  810  164  -89.82263 -106.43905  18.5%  21.8 4404s
 535048 506617  -94.83571  836  155  -89.82263 -106.43905  18.5%  21.8 4418s
 538220 513206  -94.79880  841  154  -89.82263 -106.43905  18.5%  21.8 4449s
 544975 513237 -106.31077  140  386  -89.82263 -106.43845  18.5%  21.9 4628s
 545008 517385 -106.31015  141  384  -89.82263 -106.43845  18.5%  21.9 4650s
 549484 520906 -105.94705  325  278  -89.82263 -106.43845  18.5%  22.0 4680s
 553310 526503 -105.47972  439  249  -89.82263 -106.43845  18.5%  22.0 4712s
 559155 529758 -104.03424  603  207  -89.82263 -106.43845  18.5%  21.9 4732s
 562622 534981 -102.50710  713  173  -89.82263 -106.43845  18.5%  21.9 4770s
 568220 542318 -106.42798   39  476  -89.82263 -106.43839  18.5%  22.0 4807s
 576093 546842 -105.92798  326  266  -89.82263 -106.43839  18.5%  22.0 4834s
 580862 549503 -105.10980  461  227  -89.82263 -106.43839  18.5%  21.9 4854s
 583567 554487 -104.36544  534  204  -89.82263 -106.43839  18.5%  21.9 4881s
 588667 559196 -102.60173  683  169  -89.82263 -106.43839  18.5%  21.9 4899s
 593506 563500     cutoff  866       -89.82263 -106.43826  18.5%  21.9 4921s
 597964 569764 -106.16227  198  343  -89.82263 -106.43826  18.5%  22.0 4984s
 604502 575156 -105.33204  407  253  -89.82263 -106.43826  18.5%  22.0 5022s
 610194 581692 -104.17269  563  214  -89.82263 -106.43826  18.5%  22.0 5055s
 616768 587389 -102.23775  758  170  -89.82263 -106.43826  18.5%  22.0 5081s
 622726 592847 -100.08045  938  137  -89.82263 -106.43826  18.5%  22.0 5107s
 628236 598743  -92.91114 1318   64  -89.82263 -106.43826  18.5%  22.0 5138s
 634347 604594 -106.20805  201  334  -89.82263 -106.43824  18.5%  22.1 5163s
 640198 610742 -105.58275  397  250  -89.82263 -106.43824  18.5%  22.1 5189s
 646687 614713 -104.49133  547  197  -89.82263 -106.43824  18.5%  22.1 5208s
 650658 617890 -102.95166  665  173  -89.82263 -106.43824  18.5%  22.1 5221s
 653835 624157 -101.58248  748  155  -89.82263 -106.43824  18.5%  22.2 5242s
 660608 630381  -96.11829  892  124  -89.82263 -106.43818  18.5%  22.2 5285s
 667211 634938 -106.10535  256  307  -89.82263 -106.43818  18.5%  22.3 5321s
 671944 640283 -105.42612  435  235  -89.82263 -106.43818  18.5%  22.3 5354s
 677497 646168 -104.13977  588  187  -89.82263 -106.43818  18.5%  22.3 5379s
 683742 648662 -102.09493  727  150  -89.82263 -106.43818  18.5%  22.3 5399s
 686305 653502 -100.07669  813  134  -89.82263 -106.43818  18.5%  22.2 5432s
 691428 659694 -106.33896  115  404  -89.82263 -106.43811  18.5%  22.2 5474s
 697815 659726 -105.92730  357  255  -89.82263 -106.43811  18.5%  22.1 5671s
 697847 662851 -105.92356  358  255  -89.82263 -106.43811  18.5%  22.1 5692s
 701006 666565 -105.46047  463  234  -89.82263 -106.43811  18.5%  22.1 5713s
 704720 671693 -104.41182  599  182  -89.82263 -106.43811  18.5%  22.2 5739s
 710107 675920 -101.63462  771  146  -89.82263 -106.43811  18.5%  22.2 5768s
 714557 681486 -106.40198   62  453  -89.82263 -106.43809  18.5%  22.2 5803s
 720346 684607 -106.05210  297  288  -89.82263 -106.43809  18.5%  22.2 5875s
 723555 698718 -105.76079  390  252  -89.82263 -106.43809  18.5%  22.2 5945s
 737866 706405  -99.69908  836  131  -89.82263 -106.43809  18.5%  22.3 5980s
 746281 709366 -106.38040   72  445  -89.82263 -106.43802  18.5%  22.3 6017s
 749406 715135 -106.33138  107  412  -89.82263 -106.43802  18.5%  22.3 6079s
 755205 719670 -106.25335  156  376  -89.82263 -106.43802  18.5%  22.2 6124s
 759740 724102 -106.17638  193  347  -89.82263 -106.43802  18.5%  22.1 6163s
 764172 727363 -106.10280  226  326  -89.82263 -106.43802  18.5%  22.1 6194s
 767447 732319 -106.03873  250  319  -89.82263 -106.43802  18.5%  22.1 6237s
 772601 737244 -105.90005  293  302  -89.82263 -106.43802  18.5%  22.1 6277s
 777526 741812 -105.74086  328  292  -89.82263 -106.43802  18.5%  22.1 6311s
 782094 745580 -105.56575  360  281  -89.82263 -106.43802  18.5%  22.1 6341s
 785922 752168 -105.39375  391  269  -89.82263 -106.43802  18.5%  22.1 6385s
 792819 757150 -105.23259  420  257  -89.82263 -106.43802  18.5%  22.2 6422s
 797893 762025 -105.13408  434  262  -89.82263 -106.43802  18.5%  22.2 6456s
 802808 765641 -104.89956  461  247  -89.82263 -106.43802  18.5%  22.2 6478s
 806424 770698 -104.76276  472  248  -89.82263 -106.43802  18.5%  22.2 6506s
 811537 776743 -104.43898  505  245  -89.82263 -106.43802  18.5%  22.3 6540s
 817745 776845 -104.19848  526  241  -89.82263 -106.43802  18.5%  22.3 6710s
H817752 776749                     -89.9602853 -106.43802  18.3%  22.3 6710s
H817842 776639                     -90.0349214 -106.43802  18.2%  22.3 6710s
 817847 779973 -104.15836  526  243  -90.03492 -106.43802  18.2%  22.3 6739s
 821349 784288 -104.04866  541  233  -90.03492 -106.43802  18.2%  22.3 6771s
 825734 788652 -103.84569  559  227  -90.03492 -106.43802  18.2%  22.3 6793s
 830144 793928 -103.50999  585  227  -90.03492 -106.43802  18.2%  22.4 6816s
 835528 798413 -103.07525  610  220  -90.03492 -106.43802  18.2%  22.4 6844s
 840208 803141 -102.55959  640  213  -90.03492 -106.43802  18.2%  22.5 6871s
 845309 809257 -102.41770  657  205  -90.03492 -106.43802  18.2%  22.5 6904s
 851624 812018 -102.03553  675  194  -90.03492 -106.43802  18.2%  22.5 6973s
H853733 811292                     -90.3270703 -106.43802  17.8%  22.6 6974s
 854460 817079 -101.77096  693  194  -90.32707 -106.43802  17.8%  22.6 7000s
 860392 820615 -101.25257  709  184  -90.32707 -106.43802  17.8%  22.6 7026s
 863956 826923 -100.96976  722  184  -90.32707 -106.43802  17.8%  22.6 7060s
 870312 832722 -100.40192  742  179  -90.32707 -106.43802  17.8%  22.7 7087s
 876273 838834  -99.97655  758  176  -90.32707 -106.43802  17.8%  22.7 7127s
 882872 842902  -99.22822  785  162  -90.32707 -106.43802  17.8%  22.7 7150s
 887054 847498  -98.30856  799  167  -90.32707 -106.43802  17.8%  22.7 7171s
 891762 851033  -97.62735  813  160  -90.32707 -106.43802  17.8%  22.7 7190s
 895565 856367  -95.31182  828  158  -90.32707 -106.43802  17.8%  22.8 7219s
 901202 860036 -106.27863  189  344  -90.32707 -106.43788  17.8%  22.8 7238s
 905227 866307 -105.89408  352  257  -90.32707 -106.43788  17.8%  22.8 7274s
 912075 869650 -104.62316  578  200  -90.32707 -106.43788  17.8%  22.8 7290s
 915532 875783 -103.54952  666  177  -90.32707 -106.43788  17.8%  22.9 7317s
 922072 880217 -100.23798  837  131  -90.32707 -106.43788  17.8%  22.9 7343s
 926847 884874 -106.38174   78  437  -90.32707 -106.43779  17.8%  22.9 7365s
 931716 889415 -106.08428  266  297  -90.32707 -106.43779  17.8%  22.9 7389s
 936565 894074 -105.48675  440  231  -90.32707 -106.43779  17.8%  22.9 7424s
 941418 899668 -104.16466  602  177  -90.32707 -106.43779  17.8%  22.9 7467s
 947074 899700 -100.90300  826  131  -90.32707 -106.43779  17.8%  22.9 7629s
 947106 903258 -100.86867  827  130  -90.32707 -106.43779  17.8%  22.9 7655s
 950956 907882 -106.32044  107  411  -90.32707 -106.43776  17.8%  23.0 7687s
 955721 914092 -105.79574  302  280  -90.32707 -106.43776  17.8%  23.0 7722s
 961955 919180 -104.60475  500  231  -90.32707 -106.43776  17.8%  23.0 7747s
 967387 924746 -103.64967  615  205  -90.32707 -106.43776  17.8%  23.0 7781s
 973086 928708 -101.72000  819  158  -90.32707 -106.43776  17.8%  23.0 7799s
 977048 933780  -99.41981  984  128  -90.32707 -106.43776  17.8%  23.1 7815s
 982304 939807  -91.83898 1360   56  -90.32707 -106.43776  17.8%  23.2 7847s
 988907 944771 -106.04441  234  310  -90.32707 -106.43766  17.8%  23.1 7869s
 994033 949398 -105.40040  393  256  -90.32707 -106.43766  17.8%  23.1 7898s
 998970 954399 -104.38569  540  230  -90.32707 -106.43766  17.8%  23.1 7943s
 1003999 960756 -102.90421  696  192  -90.32707 -106.43766  17.8%  23.1 7982s
 1010398 966061 -100.34093  916  140  -90.32707 -106.43766  17.8%  23.1 8010s
 1015703 974271  -96.84579 1127   96  -90.32707 -106.43766  17.8%  23.1 8042s
 1024676 976435 -106.39391   57  458  -90.32707 -106.43761  17.8%  23.1 8070s
 1026960 979290 -106.36063   83  433  -90.32707 -106.43761  17.8%  23.1 8169s
 1029869 985170 -106.31397  112  408  -90.32707 -106.43761  17.8%  23.1 8230s
 1035763 988652 -106.20219  172  358  -90.32707 -106.43761  17.8%  23.0 8265s
 1039321 993732 -106.14713  195  334  -90.32707 -106.43761  17.8%  23.0 8315s
 1044401 998345 -106.05528  229  315  -90.32707 -106.43761  17.8%  22.9 8355s
 1049014 1002176 -105.93143  266  306  -90.32707 -106.43761  17.8%  22.9 8390s
 1052873 1007497 -105.85952  293  303  -90.32707 -106.43761  17.8%  22.9 8427s
 1058228 1011988 -105.70497  333  285  -90.32707 -106.43761  17.8%  22.9 8467s
 1062848 1016264 -105.61320  356  272  -90.32707 -106.43761  17.8%  22.8 8506s
 1067124 1016296 -105.47916  377  268  -90.32707 -106.43761  17.8%  22.8 8685s
 1067156 1021830 -105.48112  379  266  -90.32707 -106.43761  17.8%  22.8 8729s
 1072690 1025899 -105.31491  404  264  -90.32707 -106.43761  17.8%  22.8 8761s
 1076777 1031293 -105.12464  427  257  -90.32707 -106.43761  17.8%  22.8 8797s
 1082229 1035906 -104.88532  453  253  -90.32707 -106.43761  17.8%  22.8 8830s
 1086907 1041045 -104.69099  477  251  -90.32707 -106.43761  17.8%  22.8 8861s
 1092046 1045212 -104.39970  505  242  -90.32707 -106.43761  17.8%  22.9 8888s
 1096261 1050583 -104.22312  526  240  -90.32707 -106.43761  17.8%  22.9 8916s
 1101632 1054833 -103.89784  549  233  -90.32707 -106.43761  17.8%  22.9 8941s
 1106010 1060124 -103.65383  568  228  -90.32707 -106.43761  17.8%  23.0 8969s
 1111350 1064215 -103.33709  589  220  -90.32707 -106.43761  17.8%  23.0 8996s
 1115509 1069601 -102.95197  612  209  -90.32707 -106.43761  17.8%  23.1 9030s
 1120917 1073360 -102.58018  634  215  -90.32707 -106.43761  17.8%  23.1 9050s
 1124676 1080005 -102.39083  649  201  -90.32707 -106.43761  17.8%  23.1 9071s
 1131409 1085221 -101.82958  680  197  -90.32707 -106.43761  17.8%  23.2 9108s
 1136955 1089357 -101.20796  700  194  -90.32707 -106.43761  17.8%  23.3 9143s
 1141355 1094437 -100.81976  715  190  -90.32707 -106.43761  17.8%  23.3 9175s
 1147016 1099659 -100.13122  738  184  -90.32707 -106.43761  17.8%  23.3 9208s
 1152344 1103651  -99.68302  753  179  -90.32707 -106.43761  17.8%  23.4 9236s
 1156662 1109844  -99.25168  765  185  -90.32707 -106.43761  17.8%  23.4 9277s
 1163334 1115181  -98.40820  791  170  -90.32707 -106.43761  17.8%  23.4 9311s
 1169192 1120171  -97.29794  808  175  -90.32707 -106.43755  17.8%  23.4 9343s
 1174522 1124270 -106.40855   49  466  -90.32707 -106.43748  17.8%  23.4 9367s
 1178729 1129676 -106.21023  232  318  -90.32707 -106.43748  17.8%  23.4 9393s
 1184135 1135684 -105.46756  449  225  -90.32707 -106.43748  17.8%  23.4 9464s
 1190455 1135713 -103.79918  634  188  -90.32707 -106.43748  17.8%  23.4 9619s
 1190490 1140717 -103.79039  635  183  -90.32707 -106.43748  17.8%  23.4 9650s
 1195652 1144166 -101.23571  803  139  -90.32707 -106.43748  17.8%  23.5 9667s
 1199171 1149103  -96.95833  911  126  -90.32707 -106.43748  17.8%  23.5 9714s
 1204433 1153280 -106.25030  186  352  -90.32707 -106.43746  17.8%  23.5 9735s
 1208824 1159690 -105.83983  359  261  -90.32707 -106.43746  17.8%  23.5 9763s
 1215419 1162601 -104.38716  555  196  -90.32707 -106.43746  17.8%  23.5 9804s
 1218846 1174132 -104.11329  584  200  -90.32707 -106.43746  17.8%  23.6 9846s
 1230867 1178175  -97.66845  908  111  -90.32707 -106.43742  17.8%  23.6 9868s
 1235100 1183950 -106.40401   51  465  -90.32707 -106.43742  17.8%  23.6 9904s
 1241057 1189092 -106.31305  105  411  -90.32707 -106.43742  17.8%  23.6 9934s
 1246451 1196355 -106.26180  138  384  -90.32707 -106.43742  17.8%  23.6 9972s
 1253935 1200715 -106.17206  180  348  -90.32707 -106.43742  17.8%  23.6 9999s
 1258608 1205061 -106.12179  199  339  -90.32707 -106.43742  17.8%  23.6 10028s
 1263076 1208522 -106.02866  231  318  -90.32707 -106.43742  17.8%  23.5 10050s
 1266645 1213327 -105.95195  254  310  -90.32707 -106.43742  17.8%  23.5 10075s
 1271662 1217847 -105.86061  284  292  -90.32707 -106.43742  17.8%  23.5 10105s
 1276340 1222809 -105.74031  313  291  -90.32707 -106.43742  17.8%  23.5 10136s
 1281372 1228631 -105.61660  342  280  -90.32707 -106.43742  17.8%  23.5 10168s
 1287454 1233913 -105.46783  365  271  -90.32707 -106.43742  17.8%  23.5 10198s
 1292828 1238766 -105.32410  391  265  -90.32707 -106.43742  17.8%  23.5 10232s
 1297727 1244429 -105.18844  411  257  -90.32707 -106.43742  17.8%  23.5 10261s
 1303504 1247899 -105.05093  428  255  -90.32707 -106.43742  17.8%  23.6 10283s
 1307140 1253970 -104.93698  448  254  -90.32707 -106.43742  17.8%  23.6 10321s
 1313649 1258092 -104.81605  464  254  -90.32707 -106.43742  17.8%  23.6 10351s
 1318051 1261417 -104.61316  489  253  -90.32707 -106.43742  17.8%  23.6 10376s
 1321424 1265825 -104.48123  503  238  -90.32707 -106.43742  17.8%  23.6 10405s
 1325874 1271090 -104.28872  524  241  -90.32707 -106.43742  17.8%  23.5 10434s
 1331283 1271122 -104.14054  544  229  -90.32707 -106.43742  17.8%  23.6 10600s
 1331315 1275140 -104.15051  543  235  -90.32707 -106.43742  17.8%  23.6 10620s
 1335438 1279673 -103.96937  562  230  -90.32707 -106.43742  17.8%  23.6 10669s
 1340115 1283985 -103.72180  580  221  -90.32707 -106.43742  17.8%  23.6 10698s
 1344785 1289540 -103.41093  604  226  -90.32707 -106.43742  17.8%  23.6 10725s
 1350340 1293718 -103.12801  626  219  -90.32707 -106.43742  17.8%  23.6 10750s
 1354750 1298779 -102.85422  649  211  -90.32707 -106.43742  17.8%  23.6 10775s
 1360051 1303533 -102.53191  670  197  -90.32707 -106.43742  17.8%  23.6 10800s

Explored 1365020 nodes (32282736 simplex iterations) in 10800.12 seconds (4015.62 work units)
Thread count was 32 (of 48 available processors)

Solution count 10: -90.3271 -90.0349 -89.9603 ... -87.2937

Time limit reached
Best objective -9.032707027603e+01, best bound -1.064374205708e+02, gap 17.8356%

