Solver command line: ['/cvmfs/restricted.computecanada.ca/easybuild/software/2023/x86-64-v3/Core/gurobi/11.0.1/bin/gurobi.sh']

Set parameter TokenServer to value "license1.computecanada.ca"
Read LP format model from file /tmp/tmpyiq5uloq.pyomo.lp
Reading time = 0.10 seconds
x1: 500 rows, 500 columns, 250000 nonzeros
Read MIP start from file /tmp/tmpj6m54p0k.gurobi.mst
Set parameter TimeLimit to value 10800
Gurobi Optimizer version 11.0.1 build v11.0.1rc0 (linux64 - "AlmaLinux 9.6 (Sage Margay)")

CPU model: AMD EPYC 9454 48-Core Processor, instruction set [SSE2|AVX|AVX2|AVX512]
Thread count: 48 physical cores, 48 logical processors, using up to 32 threads

Optimize a model with 500 rows, 500 columns and 250000 nonzeros
Model fingerprint: 0xaca47b58
Model has 500 quadratic objective terms
Variable types: 0 continuous, 500 integer (0 binary)
Coefficient statistics:
  Matrix range     [7e-07, 5e-01]
  Objective range  [2e-04, 1e-01]
  QObjective range [2e-05, 1e-02]
  Bounds range     [0e+00, 0e+00]
  RHS range        [4e-03, 1e+00]

Loaded user MIP start with objective -75.459

Presolve time: 0.05s
Presolved: 500 rows, 500 columns, 250000 nonzeros
Presolved model has 500 quadratic objective terms
Variable types: 0 continuous, 500 integer (0 binary)
Found heuristic solution: objective -85.8834954

Root relaxation: objective -1.068005e+02, 298 iterations, 0.65 seconds (0.53 work units)

    Nodes    |    Current Node    |     Objective Bounds      |     Work
 Expl Unexpl |  Obj  Depth IntInf | Incumbent    BestBd   Gap | It/Node Time

     0     0 -106.80054    0  500  -85.88350 -106.80054  24.4%     -    0s
     0     0 -106.79864    0  500  -85.88350 -106.79864  24.4%     -    4s
     0     2 -106.79864    0  500  -85.88350 -106.79864  24.4%     -    5s
    63    96 -106.79428    6  494  -85.88350 -106.79640  24.4%   2.4   10s
   127   160 -106.79299    7  493  -85.88350 -106.79587  24.3%   2.4   29s
   159   192 -106.79325    7  493  -85.88350 -106.79587  24.3%   2.4   30s
   191   224 -106.79192    8  492  -85.88350 -106.79587  24.3%   2.4   35s
   287   727 -106.79015    9  491  -85.88350 -106.79587  24.3%   2.4   44s
   726  1897 -106.78186   19  481  -85.88350 -106.79587  24.3%   2.4   58s
  1896  2759 -106.75633   46  454  -85.88350 -106.79587  24.3%   2.4   67s
  2758  3569 -106.73059   66  434  -85.88350 -106.79587  24.3%   2.6   76s
  3568  4354 -106.71596   79  421  -85.88350 -106.79587  24.3%   2.7   84s
  4353  5143 -106.69829   92  408  -85.88350 -106.79587  24.3%   3.0   92s
  5142  5937 -106.68191  109  393  -85.88350 -106.79587  24.3%   3.2   99s
  5936  6747 -106.65757  129  380  -85.88350 -106.79587  24.3%   3.5  106s
  6746  7562 -106.63867  145  367  -85.88350 -106.79587  24.3%   3.8  113s
  7561  8322 -106.61716  160  358  -85.88350 -106.79587  24.3%   4.2  120s
  8356  9118 -106.59565  174  350  -85.88350 -106.79587  24.3%   4.6  128s
  9117  9998 -106.57263  188  341  -85.88350 -106.79587  24.3%   5.0  135s
  9997 10900 -106.54280  205  323  -85.88350 -106.79587  24.3%   5.5  142s
 10899 11825 -106.51511  221  320  -85.88350 -106.79587  24.3%   6.1  149s
 11824 12755 -106.48350  234  313  -85.88350 -106.79587  24.3%   6.7  156s
 12754 13685 -106.45419  250  306  -85.88350 -106.79587  24.3%   7.4  163s
 13684 13717 -106.41435  265  296  -85.88350 -106.79587  24.3%   8.1  172s
H13690 13717                     -86.0548577 -106.79587  24.1%   8.1  172s
 13716 14689 -106.41258  265  295  -86.05486 -106.79587  24.1%   8.1  179s
 14689 14690 -106.76877   35  500  -86.05486 -106.79587  24.1%   9.0  280s
 14700 14706 -106.79587   18  497  -86.05486 -106.79587  24.1%   9.0  285s
 14788 14789 -106.79035   21  494  -86.05486 -106.79329  24.1%   8.9  290s
 14884 14853 -106.78907   23  492  -86.05486 -106.79320  24.1%   8.9  304s
 14916 14877 -106.78836   23  492  -86.05486 -106.79320  24.1%   8.9  305s
 15091 15179 -106.78623   26  489  -86.05486 -106.79320  24.1%   8.8  313s
 15311 15482 -106.78502   29  486  -86.05486 -106.79320  24.1%   8.7  318s
 15687 16118 -106.77893   34  479  -86.05486 -106.79320  24.1%   8.6  327s
 16449 15896 -106.76551   44  471  -86.05486 -106.79320  24.1%   8.3  336s
H16456 15159                     -86.6380585 -106.79320  23.3%   8.3  336s
 16481 15907 -106.76538   44  471  -86.63806 -106.79320  23.3%   8.3  345s
 17237 16794 -106.75504   53  462  -86.63806 -106.79320  23.3%   8.0  357s
 18376 17594 -106.73805   67  448  -86.63806 -106.79320  23.3%   7.7  368s
 19556 18165 -106.72567   80  435  -86.63806 -106.79320  23.3%   7.4  378s
H19760 17399                     -87.3082883 -106.79320  22.3%   7.4  378s
 20520 17203 -106.71474   91  424  -87.30829 -106.79320  22.3%   7.3  380s
 20578 18223 -106.71539   92  423  -87.30829 -106.79320  22.3%   7.3  390s
 21617 18610 -106.70365  104  412  -87.30829 -106.79320  22.3%   7.2  399s
 22350 19416 -106.69278  113  404  -87.30829 -106.79320  22.3%   7.2  409s
 23401 19963 -106.67929  127  393  -87.30829 -106.79320  22.3%   7.2  417s
 24298 20724 -106.66528  139  380  -87.30829 -106.79320  22.3%   7.3  426s
 25358 21452 -106.64759  152  367  -87.30829 -106.79320  22.3%   7.4  436s
 26439 22173 -106.63860  166  354  -87.30829 -106.79320  22.3%   7.5  444s
 27521 22741 -106.62561  181  346  -87.30829 -106.79320  22.3%   7.7  453s
 28449 23231 -106.62364  195  331  -87.30829 -106.79320  22.3%   7.9  634s
 29249 25738 -106.61186  206  322  -87.30829 -106.79320  22.3%   8.1  655s
 32088 24819 -106.58128  243  306  -87.30829 -106.79320  22.3%   9.2  662s
 32124 24839 -106.57211  243  303  -87.30829 -106.79320  22.3%   9.2  672s
 32156 24861 -106.58052  244  305  -87.30829 -106.79320  22.3%   9.2  682s
 32188 26290 -106.57702  244  302  -87.30829 -106.79320  22.3%   9.2  692s
 33692 27295 -106.56051  262  291  -87.30829 -106.79320  22.3%   9.6  705s
 35320 28272 -106.52098  282  288  -87.30829 -106.79320  22.3%  10.0  719s
 36920 29199 -106.51106  302  286  -87.30829 -106.79320  22.3%  10.2  732s
 38380 30209 -106.47537  321  278  -87.30829 -106.79320  22.3%  10.4  745s
 39877 30191 -106.44707  338  268  -87.30829 -106.79320  22.3%  10.6  755s
 40358 31799 -106.44051  343  269  -87.30829 -106.79320  22.3%  10.7  768s
 42126 31241 -106.42040  363  260  -87.30829 -106.79320  22.3%  11.0  773s
 42158 32997 -106.41378  363  256  -87.30829 -106.79320  22.3%  11.0  785s
 43924 34653 -106.39028  382  253  -87.30829 -106.79320  22.3%  11.4  801s
 46171 35647 -106.37353  403  255  -87.30829 -106.79320  22.3%  11.8  814s
 47976 36748 -106.34300  424  233  -87.30829 -106.79320  22.3%  12.2  825s
 49715 38110 -106.25712  445  244  -87.30829 -106.79320  22.3%  12.7  841s
 51716 39292 -106.15838  469  237  -87.30829 -106.79320  22.3%  13.2  856s
 53679 40685 -106.05444  492  225  -87.30829 -106.79320  22.3%  13.7  871s
 55747 42371 -106.00898  517  212  -87.30829 -106.79320  22.3%  14.2  886s
 57697 44691 -105.95345  537  211  -87.30829 -106.79320  22.3%  14.7  898s
 60017 48968 -105.76145  561  196  -87.30829 -106.79320  22.3%  15.3  943s
 64405 51203 -105.16841  610  167  -87.30829 -106.79320  22.3%  16.6  957s
 66730 53989 -104.85408  638  163  -87.30829 -106.79320  22.3%  17.3  976s
 69570 56708 -104.28345  671  145  -87.30829 -106.79320  22.3%  18.1  993s
 72365 59329 -103.46034  711  135  -87.30829 -106.79286  22.3%  19.0 1016s
 75356 60449 -106.77537   43  472  -87.30829 -106.79206  22.3%  19.6 1031s
 76540 65510 -106.73151   90  427  -87.30829 -106.79206  22.3%  19.6 1064s
 81879 70797 -106.46760  289  315  -87.30829 -106.79206  22.3%  19.3 1098s
 87392 74901 -105.44586  490  247  -87.30829 -106.79206  22.3%  18.9 1125s
 91526 82750 -103.52821  630  208  -87.30829 -106.79203  22.3%  18.7 1172s
 99653 86438 -106.76921   46  469  -87.30829 -106.79203  22.3%  18.8 1199s
 103689 89420 -106.65593  188  351  -87.30829 -106.79203  22.3%  18.7 1223s
 106812 94775 -106.52509  298  297  -87.30829 -106.79203  22.3%  18.4 1259s
 112235 99375 -105.95050  505  221  -87.30829 -106.79203  22.3%  18.0 1284s
 116835 103474 -103.23681  648  182  -87.30829 -106.79203  22.3%  17.9 1305s
 120958 107482  -97.56024  764  159  -87.30829 -106.79203  22.3%  18.1 1338s
 125444 115588 -106.74896   77  438  -87.30829 -106.79072  22.3%  18.2 1386s
 133898 120902 -106.29965  390  258  -87.30829 -106.79072  22.3%  17.7 1416s
 139244 125809 -104.91889  569  211  -87.30829 -106.79072  22.3%  17.6 1444s
 144183 129164 -101.81478  724  160  -87.30829 -106.79072  22.3%  17.8 1519s
 147816 135721 -106.73993   62  454  -87.30829 -106.79002  22.3%  17.9 1553s
 154389 135753 -106.15003  298  297  -87.30829 -106.79002  22.3%  17.9 1692s
 154421 167199 -106.14944  299  297  -87.30829 -106.79002  22.3%  17.9 1824s
 186453 172500  -94.04554 1300   78  -87.30829 -106.79002  22.3%  18.4 1852s
 192279 177726 -106.76506   39  476  -87.30829 -106.78944  22.3%  18.4 1900s
 197505 180048 -106.67156  106  415  -87.30829 -106.78944  22.3%  18.3 1925s
 199829 185613 -106.62882  126  396  -87.30829 -106.78944  22.3%  18.3 1977s
 205468 190687 -106.52174  176  355  -87.30829 -106.78944  22.3%  18.3 2011s
 210612 195759 -106.38083  223  331  -87.30829 -106.78944  22.3%  18.5 2050s
 215950 202503 -106.25623  256  316  -87.30829 -106.78944  22.3%  18.6 2090s
 222856 206641 -106.04838  312  294  -87.30829 -106.78944  22.3%  18.5 2112s
 226994 208670 -105.93680  334  286  -87.30829 -106.78944  22.3%  18.6 2128s
 229023 214194 -105.83403  346  289  -87.30829 -106.78944  22.3%  18.6 2154s
 234619 219793 -105.71260  375  273  -87.30829 -106.78944  22.3%  18.8 2177s
 240242 226066 -105.57704  399  267  -87.30829 -106.78944  22.3%  19.0 2205s
 246783 233343 -105.42075  424  262  -87.30829 -106.78944  22.3%  19.1 2241s
 254185 237378 -105.17862  459  251  -87.30829 -106.78944  22.3%  19.1 2261s
 258479 241757 -105.01999  481  246  -87.30829 -106.78944  22.3%  19.2 2285s
 263001 246031 -104.90844  496  240  -87.30829 -106.78944  22.3%  19.2 2306s
 267378 250065 -104.63503  522  239  -87.30829 -106.78944  22.3%  19.3 2322s
 271412 252331 -104.50844  536  236  -87.30829 -106.78944  22.3%  19.4 2335s
 273714 259381 -104.49142  538  241  -87.30829 -106.78944  22.3%  19.5 2366s
H277598 258863                     -88.2571101 -106.78944  21.0%  19.6 2366s
 281150 258811 -104.09778  565  235  -88.25711 -106.78944  21.0%  19.6 2531s
H281151 258368                     -88.6113612 -106.78944  20.5%  19.6 2531s
H281158 258271                     -88.6768723 -106.78944  20.4%  19.6 2531s
H281168 257973                     -88.9095900 -106.78944  20.1%  19.6 2531s
 281201 289039 -104.08726  566  233  -88.90959 -106.78944  20.1%  19.6 2821s
 313233 289895 -101.02452  727  194  -88.90959 -106.78944  20.1%  19.6 2844s
 314090 320930 -100.97096  730  189  -88.90959 -106.78944  20.1%  19.6 3096s
 345268 323828  -93.83646  844  165  -88.90959 -106.78944  20.1%  19.5 3124s
 348357 332069 -106.76698   46  469  -88.90959 -106.78917  20.1%  19.5 3182s
 356803 335339 -105.83203  442  247  -88.90959 -106.78917  20.1%  19.4 3210s
 360227 341654 -104.77929  565  200  -88.90959 -106.78917  20.1%  19.4 3247s
 366542 347084  -99.37255  832  137  -88.90959 -106.78885  20.1%  19.5 3282s
 372161 352410 -106.70997  123  397  -88.90959 -106.78885  20.1%  19.6 3311s
 377571 352442 -106.23526  394  258  -88.90959 -106.78885  20.1%  19.6 3486s
 377603 384084 -106.22530  395  256  -88.90959 -106.78885  20.1%  19.6 3612s
 409635 387776 -105.33235  461  244  -88.90959 -106.78841  20.1%  20.4 3635s
 413327 395902 -104.20502  607  211  -88.90959 -106.78841  20.1%  20.5 3662s
 421547 395934 -100.60500  905  149  -88.90959 -106.78841  20.1%  20.8 3691s
 421579 401960 -100.59172  906  144  -88.90959 -106.78841  20.1%  20.8 3714s
 427734 404519  -94.95007 1222   98  -88.90959 -106.78841  20.1%  21.0 3729s
 430444 411050  -91.02746 1453   54  -88.90959 -106.78841  20.1%  21.0 3786s
 437277 416009 -106.75803   52  464  -88.90959 -106.78839  20.1%  21.1 3833s
 442608 422533 -106.72393   81  435  -88.90959 -106.78839  20.1%  21.2 3885s
 449664 427373 -106.67044  119  400  -88.90959 -106.78839  20.1%  21.2 3919s
 454825 432326 -106.62041  146  375  -88.90959 -106.78839  20.1%  21.1 3951s
 459858 434326 -106.54852  176  354  -88.90959 -106.78839  20.1%  21.1 4009s
 462149 440380 -106.51120  191  348  -88.90959 -106.78839  20.1%  21.1 4045s
 468432 442693 -106.43810  221  332  -88.90959 -106.78839  20.1%  21.1 4068s
 470863 450834 -106.39093  235  333  -88.90959 -106.78839  20.1%  21.1 4106s
 479406 459099 -106.32850  255  318  -88.90959 -106.78839  20.1%  21.1 4158s
 487832 464139 -106.19457  290  302  -88.90959 -106.78839  20.1%  21.0 4182s
 493073 468627 -106.15212  302  304  -88.90959 -106.78839  20.1%  21.0 4204s
 497811 468658 -106.11075  317  300  -88.90959 -106.78839  20.1%  21.0 4389s
 497844 472603 -106.10160  320  294  -88.90959 -106.78839  20.1%  21.0 4413s
 502010 473803 -106.02400  336  288  -88.90959 -106.78839  20.1%  20.9 4425s
 503228 478913 -105.99118  346  277  -88.90959 -106.78839  20.1%  20.9 4456s
 508418 486179 -105.90143  365  279  -88.90959 -106.78839  20.1%  20.9 4505s
 515936 490308 -105.73817  392  266  -88.90959 -106.78839  20.1%  20.9 4532s
 520591 495644 -105.59646  409  272  -88.90959 -106.78839  20.1%  20.9 4569s
 526079 500406 -105.52298  423  270  -88.90959 -106.78839  20.1%  20.8 4597s
 530939 501926 -105.39532  444  258  -88.90959 -106.78839  20.1%  20.7 4609s
 532473 507057 -105.30205  456  262  -88.90959 -106.78839  20.1%  20.7 4639s
 537726 514016 -105.16516  469  254  -88.90959 -106.78839  20.1%  20.7 4689s
 545422 518740 -104.92999  499  243  -88.90959 -106.78839  20.1%  20.7 4723s
 550243 523207 -104.73650  519  236  -88.90959 -106.78839  20.1%  20.6 4745s
 554710 527469 -104.56759  536  232  -88.90959 -106.78839  20.1%  20.6 4765s
 558972 531648 -104.31240  558  228  -88.90959 -106.78839  20.1%  20.6 4785s
 563241 536812 -104.05829  579  214  -88.90959 -106.78839  20.1%  20.7 4809s
 568869 544191 -103.91540  593  217  -88.90959 -106.78839  20.1%  20.7 4854s
 576400 545589 -103.37291  627  208  -88.90959 -106.78839  20.1%  20.6 4865s
 577798 550167 -103.30516  633  206  -88.90959 -106.78839  20.1%  20.6 4886s
 582376 554554 -102.94334  656  201  -88.90959 -106.78839  20.1%  20.6 4906s
 586791 559713 -102.60196  670  197  -88.90959 -106.78839  20.1%  20.7 4928s
 592298 564229 -102.41637  681  199  -88.90959 -106.78839  20.1%  20.8 4954s
 597248 569656 -101.94994  706  191  -88.90959 -106.78839  20.1%  20.8 4982s
 602703 575727 -101.42746  725  184  -88.90959 -106.78839  20.1%  20.7 5008s
 608820 580339 -100.80410  748  182  -88.90959 -106.78839  20.1%  20.8 5031s
 613598 582143 -100.01240  766  181  -88.90959 -106.78839  20.1%  20.9 5046s
 615592 587360  -99.49112  777  180  -88.90959 -106.78839  20.1%  20.9 5082s
 621257 592790  -98.35226  800  166  -88.90959 -106.78839  20.1%  20.9 5114s
 626753 597901  -96.75170  819  166  -88.90959 -106.78839  20.1%  20.9 5136s
 632062 604214 -106.75470   51  464  -88.90959 -106.78835  20.1%  20.9 5167s
 638697 608564 -106.11021  319  281  -88.90959 -106.78835  20.1%  21.0 5192s
 643133 608765 -105.32267  465  238  -88.90959 -106.78835  20.1%  21.0 5308s
 643366 613335 -105.31397  466  236  -88.90959 -106.78835  20.1%  21.0 5334s
 648088 616287 -104.20856  608  211  -88.90959 -106.78835  20.1%  21.1 5352s
 651040 624004 -103.49559  678  196  -88.90959 -106.78835  20.1%  21.1 5377s
 659272 629706 -101.61148  834  166  -88.90959 -106.78835  20.1%  21.1 5407s
 665241 637503  -99.03209 1018  141  -88.90959 -106.78775  20.1%  21.1 5437s
 673209 641293 -106.78464   30  485  -88.90959 -106.78775  20.1%  21.1 5461s
 677031 644955 -106.61580  194  344  -88.90959 -106.78775  20.1%  21.1 5476s
 680865 646391 -106.32431  342  278  -88.90959 -106.78775  20.1%  21.1 5491s
 682495 651428 -106.08736  402  245  -88.90959 -106.78775  20.1%  21.2 5516s
 687746 656283 -104.94018  578  196  -88.90959 -106.78775  20.1%  21.2 5546s
 692689 662553 -103.05357  761  145  -88.90959 -106.78761  20.1%  21.2 5581s
 699364 664747 -106.68467  124  397  -88.90959 -106.78750  20.1%  21.2 5646s
 701872 685969 -106.65523  157  370  -88.90959 -106.78750  20.1%  21.2 5709s
 723757 690072 -100.03846  834  134  -88.90959 -106.78750  20.1%  21.3 5740s
 728376 693467 -106.75633   45  470  -88.90959 -106.78738  20.1%  21.2 5778s
H729939 692897                     -89.1031979 -106.78738  19.8%  21.2 5778s
 731771 700689 -106.69763   87  428  -89.10320 -106.78738  19.8%  21.2 5836s
H732973 699515                     -89.3947354 -106.78738  19.5%  21.2 5836s
 739663 704855 -106.58098  155  364  -89.39474 -106.78738  19.5%  21.2 5877s
H741182 702693                     -89.8680524 -106.78738  18.8%  21.2 5877s
 745238 708252 -106.48604  198  337  -89.86805 -106.78738  18.8%  21.1 5917s
H749868 707601                     -90.0108120 -106.78738  18.6%  21.1 5917s
 750877 713633 -106.42891  223  332  -90.01081 -106.78738  18.6%  21.1 5947s
 757025 719603 -106.36262  250  314  -90.01081 -106.78738  18.6%  21.1 5986s
 763158 719635 -106.27439  282  297  -90.01081 -106.78738  18.6%  21.1 6151s
H763186 719389                     -90.0593837 -106.78738  18.6%  21.1 6151s
 763190 750883 -106.27068  281  298  -90.05938 -106.78738  18.6%  21.1 6347s
 795222 754377 -105.16049  481  246  -90.05938 -106.78738  18.6%  21.1 6378s
 798716 761499 -105.02254  498  242  -90.05938 -106.78738  18.6%  21.0 6422s
 805838 765744 -104.71393  531  228  -90.05938 -106.78738  18.6%  21.1 6449s
 810099 771247 -104.31756  566  212  -90.05938 -106.78738  18.6%  21.1 6483s
 815628 775206 -103.89892  591  214  -90.05938 -106.78738  18.6%  21.1 6501s
 819587 780711 -103.56219  618  204  -90.05938 -106.78738  18.6%  21.2 6522s
 825092 784241 -102.83249  651  196  -90.05938 -106.78738  18.6%  21.3 6538s
 828704 790720 -102.68031  663  197  -90.05938 -106.78738  18.6%  21.4 6573s
 835771 796504 -102.11201  686  186  -90.05938 -106.78738  18.6%  21.4 6602s
 841757 801133 -101.46416  708  184  -90.05938 -106.78738  18.6%  21.5 6622s
 846438 805796 -101.21900  723  183  -90.05938 -106.78738  18.6%  21.5 6643s
 851185 810317 -100.41658  741  168  -90.05938 -106.78738  18.6%  21.6 6671s
 856180 816390  -99.14699  769  165  -90.05938 -106.78738  18.6%  21.6 6712s
 862699 820599  -97.34114  791  167  -90.05938 -106.78738  18.6%  21.6 6737s
 867145 824261  -96.43267  802  165  -90.05938 -106.78738  18.6%  21.6 6761s
 871081 828551 -106.73931   66  449  -90.05938 -106.78738  18.6%  21.6 6796s
 875633 831593 -106.65949  132  387  -90.05938 -106.78738  18.6%  21.6 6855s
 878865 837398 -106.59115  177  352  -90.05938 -106.78738  18.6%  21.6 6893s
 885149 837425 -106.47346  253  310  -90.05938 -106.78738  18.6%  21.6 7082s
 885186 867864 -106.47695  254  310  -90.05938 -106.78738  18.6%  21.6 7254s
 911212 867864 -106.52397  231  324  -90.05938 -106.78738  18.6%  21.7 7255s
 917218 873589 -101.39467  709  153  -90.05938 -106.78700  18.6%  21.7 7286s
 923278 879480 -106.56488  208  332  -90.05938 -106.78700  18.6%  21.7 7313s
 929544 883162 -105.99331  406  254  -90.05938 -106.78700  18.6%  21.7 7333s
 933450 888935 -105.25628  524  218  -90.05938 -106.78700  18.6%  21.7 7357s
 939491 892185 -103.53250  697  160  -90.05938 -106.78700  18.6%  21.7 7375s
 942887 897519 -101.92853  804  133  -90.05938 -106.78699  18.6%  21.7 7401s
 948643 903273 -106.62067  141  387  -90.05938 -106.78699  18.6%  21.7 7432s
 954868 909075 -106.07976  338  284  -90.05938 -106.78699  18.6%  21.7 7460s
 960842 911818 -105.18853  494  237  -90.05938 -106.78699  18.6%  21.7 7474s
 963653 917554 -104.62109  563  222  -90.05938 -106.78699  18.6%  21.7 7501s
 969519 923961 -103.11696  720  185  -90.05938 -106.78699  18.6%  21.7 7529s
 976058 928668 -101.21341  879  158  -90.05938 -106.78699  18.6%  21.7 7553s
 980781 938125  -98.76247 1052  125  -90.05938 -106.78699  18.6%  21.7 7589s
 990790 943499 -106.72456   84  434  -90.05938 -106.78694  18.6%  21.8 7607s
 996424 945610 -106.59153  218  328  -90.05938 -106.78694  18.6%  21.7 7620s
 998588 950292 -106.49887  282  296  -90.05938 -106.78694  18.6%  21.7 7642s
 1003418 954157 -106.00275  415  245  -90.05938 -106.78694  18.6%  21.7 7662s
 1007505 958144 -105.34632  546  208  -90.05938 -106.78694  18.6%  21.7 7679s
 1011544 965227 -104.01532  663  172  -90.05938 -106.78694  18.6%  21.7 7710s
 1018983 969599 -106.72840   79  436  -90.05938 -106.78683  18.6%  21.7 7738s
 1023675 973845 -106.61567  192  341  -90.05938 -106.78683  18.6%  21.7 7768s
 1028143 976393 -106.46421  269  294  -90.05938 -106.78683  18.6%  21.7 7784s
 1030691 981184 -106.39943  292  288  -90.05938 -106.78683  18.6%  21.6 7806s
 1035530 986116 -106.17513  360  259  -90.05938 -106.78683  18.6%  21.6 7826s
 1040462 986515 -105.97998  405  233  -90.05938 -106.78683  18.6%  21.7 7960s
 1040933 1017267 -105.96625  406  237  -90.05938 -106.78683  18.6%  21.7 8087s
 1072965 1023386 -106.65678  136  384  -90.05938 -106.78675  18.6%  21.8 8121s
 1079421 1028813 -106.24265  340  269  -90.05938 -106.78675  18.6%  21.8 8148s
 1084930 1031548 -105.36716  502  218  -90.05938 -106.78675  18.6%  21.8 8163s
 1087665 1036678 -104.66823  580  194  -90.05938 -106.78675  18.6%  21.8 8177s
 1092871 1040464 -102.47676  746  157  -90.05938 -106.78675  18.6%  21.8 8195s
 1096944 1045115 -106.77858   32  483  -90.05938 -106.78673  18.6%  21.8 8219s
 1101954 1052461 -106.64228  163  366  -90.05938 -106.78673  18.6%  21.8 8254s
 1109469 1055548 -106.47516  260  306  -90.05938 -106.78673  18.6%  21.9 8271s
 1112560 1062433 -106.35745  302  288  -90.05938 -106.78673  18.6%  21.9 8298s
 1119768 1066185 -106.22567  348  264  -90.05938 -106.78673  18.6%  21.8 8317s
 1123662 1070333 -106.09098  378  250  -90.05938 -106.78673  18.6%  21.8 8339s
 1128006 1074289 -105.88226  419  224  -90.05938 -106.78673  18.6%  21.8 8363s
 1132226 1079503 -105.71317  450  215  -90.05938 -106.78673  18.6%  21.8 8393s
 1137542 1083709 -105.28544  504  203  -90.05938 -106.78673  18.6%  21.8 8415s
 1142011 1089609 -104.91056  560  182  -90.05938 -106.78673  18.6%  21.8 8456s
 1148115 1094915 -104.29236  625  154  -90.05938 -106.78673  18.6%  21.9 8494s
 1153647 1099076 -103.69207  656  154  -90.05938 -106.78673  18.6%  21.9 8526s
 1158041 1104123 -103.51284  680  141  -90.05938 -106.78673  18.6%  21.8 8558s
 1163349 1109481 -102.57903  701  142  -90.05938 -106.78659  18.6%  21.8 8606s
 1168885 1113393 -106.68069  124  394  -90.05938 -106.78659  18.6%  21.8 8638s
 1173069 1113425 -106.58104  203  333  -90.05938 -106.78659  18.6%  21.8 8798s
 1173101 1118430 -106.57730  203  339  -90.05938 -106.78659  18.6%  21.8 8834s
 1178206 1121829 -106.41648  295  285  -90.05938 -106.78659  18.6%  21.8 8887s
 1181605 1126986 -106.28698  329  272  -90.05938 -106.78659  18.6%  21.8 8916s
 1186910 1131521 -106.14944  368  255  -90.05938 -106.78659  18.6%  21.8 8945s
 1191487 1136858 -105.94877  419  245  -90.05938 -106.78659  18.6%  21.8 8979s
 1196824 1142593 -105.67538  467  221  -90.05938 -106.78659  18.6%  21.9 9012s
 1202572 1147030 -105.33803  515  206  -90.05938 -106.78659  18.6%  21.9 9032s
 1207188 1151870 -105.07826  548  197  -90.05938 -106.78659  18.6%  21.9 9074s
 1212424 1157104 -104.78564  571  188  -90.05938 -106.78659  18.6%  21.9 9101s
 1217969 1161825 -104.22380  618  173  -90.05938 -106.78659  18.6%  21.9 9126s
 1222844 1164230 -103.33412  675  157  -90.05938 -106.78659  18.6%  21.9 9143s
 1225347 1167368 -102.90611  681  154  -90.05938 -106.78659  18.6%  21.9 9205s
 1228553 1173330 -106.76296   50  465  -90.05938 -106.78656  18.6%  22.0 9233s
 1234545 1179229 -106.22031  297  285  -90.05938 -106.78656  18.6%  22.0 9259s
 1240830 1184686 -105.31388  467  240  -90.05938 -106.78656  18.6%  22.0 9287s
 1246741 1189014 -104.18438  602  205  -90.05938 -106.78656  18.6%  22.0 9313s
 1251148 1193169 -102.85621  729  182  -90.05938 -106.78656  18.6%  22.0 9335s
 1255399 1194892 -101.39039  854  170  -90.05938 -106.78656  18.6%  22.0 9346s
 1257122 1199868 -100.64098  909  148  -90.05938 -106.78656  18.6%  22.0 9365s
 1262120 1206638  -97.38329 1139  105  -90.05938 -106.78656  18.6%  22.1 9395s
 1269473 1211029 -106.65673  162  367  -90.05938 -106.78650  18.6%  22.1 9421s
 1274164 1215322 -106.25595  328  267  -90.05938 -106.78650  18.6%  22.1 9441s
 1278605 1219605 -105.47476  474  227  -90.05938 -106.78650  18.6%  22.1 9462s
 1282972 1224027 -104.29008  624  185  -90.05938 -106.78650  18.6%  22.1 9478s
 1287417 1228503 -101.80966  779  152  -90.05938 -106.78650  18.6%  22.1 9496s
 1292160 1234096 -106.76792   43  472  -90.05938 -106.78642  18.6%  22.1 9530s
 1298492 1239509 -106.43724  280  285  -90.05938 -106.78642  18.6%  22.1 9561s
 1304135 1244214 -105.69418  448  231  -90.05938 -106.78642  18.6%  22.1 9584s
 1308874 1246696 -104.69069  594  193  -90.05938 -106.78642  18.6%  22.1 9598s
 1311470 1246728 -103.88585  667  171  -90.05938 -106.78642  18.6%  22.1 9750s
 1311502 1251481 -103.88222  668  173  -90.05938 -106.78642  18.6%  22.1 9779s
 1316383 1254411 -101.85395  819  140  -90.05938 -106.78642  18.6%  22.1 9797s
 1319337 1260708  -98.89997  924  124  -90.05938 -106.78642  18.6%  22.2 9822s
 1325799 1270548 -106.56086  229  318  -90.05938 -106.78638  18.6%  22.2 9851s
 1336143 1274797 -105.57484  473  218  -90.05938 -106.78638  18.6%  22.2 9867s
 1340531 1278935 -104.93300  553  196  -90.05938 -106.78638  18.6%  22.2 9885s
 1344959 1282289 -103.95107  658  172  -90.05938 -106.78638  18.6%  22.2 9902s
 1348389 1283395 -102.71250  757  146  -90.05938 -106.78638  18.6%  22.2 9911s
 1349543 1287560 -102.00811  807  138  -90.05938 -106.78638  18.6%  22.2 9924s
 1353734 1291338 -106.76275   46  469  -90.05938 -106.78632  18.6%  22.2 9938s
 1357616 1297936 -106.65998  146  375  -90.05938 -106.78632  18.6%  22.2 9965s
 1364492 1302849 -106.45034  271  292  -90.05938 -106.78632  18.6%  22.3 9990s
 1369995 1307421 -106.29826  321  271  -90.05938 -106.78632  18.6%  22.3 10013s
 1374630 1312118 -106.19997  356  271  -90.05938 -106.78632  18.6%  22.2 10027s
 1379467 1317055 -106.02748  407  244  -90.05938 -106.78632  18.6%  22.3 10047s
 1384508 1320018 -105.87516  439  224  -90.05938 -106.78632  18.6%  22.3 10064s
 1387787 1325379 -105.63465  470  217  -90.05938 -106.78632  18.6%  22.3 10098s
 1393487 1330828 -105.29999  520  202  -90.05938 -106.78632  18.6%  22.3 10134s
 1399540 1335876 -104.86566  565  189  -90.05938 -106.78632  18.6%  22.3 10163s
 1404672 1339019 -104.35797  607  176  -90.05938 -106.78632  18.6%  22.3 10181s
 1407889 1343990 -103.96721  645  163  -90.05938 -106.78632  18.6%  22.3 10203s
 1412957 1348749 -103.49874  668  154  -90.05938 -106.78632  18.6%  22.3 10227s
 1417930 1354428 -102.61834  703  144  -90.05938 -106.78632  18.6%  22.3 10260s
 1424191 1359208     cutoff  712       -90.05938 -106.78625  18.6%  22.3 10287s
 1429389 1362640 -106.67998  137  383  -90.05938 -106.78625  18.6%  22.3 10308s
 1432857 1363096 -106.41655  266  298  -90.05938 -106.78625  18.6%  22.3 10373s
 1433346 1368581 -106.40337  270  299  -90.05938 -106.78625  18.6%  22.3 10399s
 1438897 1372313 -105.48857  473  231  -90.05938 -106.78625  18.6%  22.3 10415s
 1442685 1377565 -104.41080  585  199  -90.05938 -106.78625  18.6%  22.3 10439s
 1448495 1384706 -102.33264  767  148  -90.05938 -106.78625  18.6%  22.4 10485s
 1456348 1384738 -106.63624  142  381  -90.05938 -106.78612  18.6%  22.3 10660s
 1456380 1389102 -106.63481  143  379  -90.05938 -106.78612  18.6%  22.3 10691s
 1460838 1392086 -106.24975  293  296  -90.05938 -106.78612  18.6%  22.3 10709s
 1463822 1396456 -105.82554  391  267  -90.05938 -106.78612  18.6%  22.3 10726s
 1468192 1398528 -104.89673  526  224  -90.05938 -106.78612  18.6%  22.3 10735s
 1470272 1403604 -104.51133  574  217  -90.05938 -106.78612  18.6%  22.3 10757s
 1475764 1408598 -103.06116  717  178  -90.05938 -106.78612  18.6%  22.4 10784s
 1480854 1415882 -101.26939  852  167  -90.05938 -106.78612  18.6%  22.4 10800s

Explored 1488138 nodes (33348333 simplex iterations) in 10800.09 seconds (4336.12 work units)
Thread count was 32 (of 48 available processors)

Solution count 10: -90.0594 -90.0108 -89.8681 ... -87.3083

Time limit reached
Best objective -9.005938374469e+01, best bound -1.067861179483e+02, gap 18.5730%

