Solver command line: ['/cvmfs/restricted.computecanada.ca/easybuild/software/2023/x86-64-v3/Core/gurobi/11.0.1/bin/gurobi.sh']

Set parameter TokenServer to value "license1.computecanada.ca"
Read LP format model from file /tmp/tmpderb9n4_.pyomo.lp
Reading time = 0.09 seconds
x1: 500 rows, 500 columns, 250000 nonzeros
Read MIP start from file /tmp/tmpz95o5_9v.gurobi.mst
Set parameter TimeLimit to value 10800
Gurobi Optimizer version 11.0.1 build v11.0.1rc0 (linux64 - "AlmaLinux 9.6 (Sage Margay)")

CPU model: AMD EPYC 9454 48-Core Processor, instruction set [SSE2|AVX|AVX2|AVX512]
Thread count: 48 physical cores, 48 logical processors, using up to 32 threads

Optimize a model with 500 rows, 500 columns and 250000 nonzeros
Model fingerprint: 0xe0d2a95b
Model has 500 quadratic objective terms
Variable types: 0 continuous, 500 integer (0 binary)
Coefficient statistics:
  Matrix range     [7e-07, 5e-01]
  Objective range  [2e-04, 1e-01]
  QObjective range [2e-05, 1e-02]
  Bounds range     [0e+00, 0e+00]
  RHS range        [4e-03, 1e+00]

Loaded user MIP start with objective -75.5444

Presolve time: 0.05s
Presolved: 500 rows, 500 columns, 250000 nonzeros
Presolved model has 500 quadratic objective terms
Variable types: 0 continuous, 500 integer (0 binary)
Found heuristic solution: objective -86.6871177

Root relaxation: objective -1.062285e+02, 288 iterations, 0.55 seconds (0.50 work units)

    Nodes    |    Current Node    |     Objective Bounds      |     Work
 Expl Unexpl |  Obj  Depth IntInf | Incumbent    BestBd   Gap | It/Node Time

     0     0 -106.22846    0  500  -86.68712 -106.22846  22.5%     -    0s
     0     0 -106.22615    0  500  -86.68712 -106.22615  22.5%     -    4s
     0     2 -106.22615    0  500  -86.68712 -106.22615  22.5%     -    5s
    63    96 -106.22034    6  494  -86.68712 -106.22282  22.5%   2.1   66s
H   99   128                     -87.4067466 -106.22280  21.5%   2.1   69s
   127   160 -106.21960    7  493  -87.40675 -106.22194  21.5%   2.1   70s
   159   192 -106.21859    7  493  -87.40675 -106.22194  21.5%   2.1   90s
   255   462 -106.21838    9  491  -87.40675 -106.22194  21.5%   2.1   95s
   461  1142 -106.21625   12  488  -87.40675 -106.22194  21.5%   2.2  103s
  1141  1174 -106.20318   26  474  -87.40675 -106.22194  21.5%   2.2  113s
H 1163  1174                     -87.8565711 -106.22194  20.9%   2.2  113s
  1173  2485 -106.20302   27  473  -87.85657 -106.22194  20.9%   2.2  126s
  2484  3154 -106.17149   57  444  -87.85657 -106.22194  20.9%   2.4  132s
H 3058  3154                     -87.9555342 -106.22194  20.8%   2.5  132s
  3153  4088 -106.15720   71  432  -87.95553 -106.22194  20.8%   2.6  141s
  4087  4120 -106.13871   87  416  -87.95553 -106.22194  20.8%   2.8  146s
  4119  4960 -106.13784   87  415  -87.95553 -106.22194  20.8%   2.8  154s
  4959  5970 -106.12161  104  401  -87.95553 -106.22194  20.8%   3.1  163s
  5969  6947 -106.09872  121  385  -87.95553 -106.22194  20.8%   3.4  170s
  6946  7920 -106.07038  140  373  -87.95553 -106.22194  20.8%   3.9  179s
  7919  8887 -106.04879  161  364  -87.95553 -106.22194  20.8%   4.4  186s
  8886  9858 -106.02424  182  351  -87.95553 -106.22194  20.8%   5.0  193s
  9857 10844 -105.99738  198  339  -87.95553 -106.22194  20.8%   5.6  201s
 10843 11858 -105.97019  216  334  -87.95553 -106.22194  20.8%   6.2  208s
 11857 12852 -105.94635  230  327  -87.95553 -106.22194  20.8%   6.9  215s
 12851 13898 -105.91460  248  312  -87.95553 -106.22194  20.8%   7.7  222s
 13897 14954 -105.86890  266  299  -87.95553 -106.22194  20.8%   8.5  230s
 14954 14955 -106.18737   37  500  -87.95553 -106.22194  20.8%   9.3  299s
 14956 14956 -105.89863  222  500  -87.95553 -106.22194  20.8%   9.3  301s
 14989 15011 -106.22194   20  495  -87.95553 -106.22194  20.8%   9.3  306s
 15085 15075 -106.22074   22  493  -87.95553 -106.22145  20.8%   9.2  326s
 15195 15165 -106.21810   23  492  -87.95553 -106.22145  20.8%   9.2  330s
 15356 15465 -106.21688   25  490  -87.95553 -106.22145  20.8%   9.1  336s
 15597 15662 -106.21615   29  486  -87.95553 -106.22145  20.8%   9.0  341s
 15874 15601 -106.21291   33  482  -87.95553 -106.22145  20.8%   8.9  346s
 15906 16307 -106.21253   33  482  -87.95553 -106.22145  20.8%   8.9  354s
 16622 16100 -106.19875   43  472  -87.95553 -106.22145  20.8%   8.6  359s
 16654 17243 -106.19765   44  471  -87.95553 -106.22145  20.8%   8.6  372s
 17808 18025 -106.17726   59  456  -87.95553 -106.22145  20.8%   8.2  384s
 18974 17668 -106.16168   73  442  -87.95553 -106.22145  20.8%   7.9  387s
 19006 18470 -106.16461   74  441  -87.95553 -106.22145  20.8%   7.9  426s
 19819 19565 -106.15651   84  431  -87.95553 -106.22145  20.8%   7.7  439s
 21185 20355 -106.14068   99  416  -87.95553 -106.22145  20.8%   7.5  451s
 22430 21113 -106.12998  114  401  -87.95553 -106.22145  20.8%   7.4  462s
 23603 21855 -106.11511  129  389  -87.95553 -106.22145  20.8%   7.4  472s
 24736 22547 -106.10471  143  383  -87.95553 -106.22145  20.8%   7.5  481s
 25806 23196 -106.08938  156  372  -87.95553 -106.22145  20.8%   7.5  489s
 26811 24037 -106.08181  170  359  -87.95553 -106.22145  20.8%   7.7  499s
 27987 24842 -106.06494  185  346  -87.95553 -106.22145  20.8%   7.9  508s
 29184 25620 -106.05629  201  334  -87.95553 -106.22145  20.8%   8.2  517s
 30361 27382 -106.03992  216  325  -87.95553 -106.22145  20.8%   8.6  534s
 32552 27606 -106.00225  244  305  -87.95553 -106.22145  20.8%   9.4  540s
 33608 28380 -105.98383  257  302  -87.95553 -106.22145  20.8%   9.8  550s
 34784 29062 -105.97802  271  298  -87.95553 -106.22145  20.8%  10.2  560s
 35980 29779 -105.96536  285  282  -87.95553 -106.22145  20.8%  10.4  573s
 37151 30684 -105.94503  299  285  -87.95553 -106.22145  20.8%  10.6  587s
 38446 31480 -105.93033  314  281  -87.95553 -106.22145  20.8%  10.7  600s
 39674 32419 -105.91396  329  278  -87.95553 -106.22145  20.8%  10.9  613s
 41022 32002 -105.91459  344  265  -87.95553 -106.22145  20.8%  11.0  795s
H41049 31245                     -88.3179942 -106.22145  20.3%  11.0  795s
 41054 32166 -105.91574  344  267  -88.31799 -106.22145  20.3%  11.1  850s
 41977 32594 -105.90468  359  265  -88.31799 -106.22145  20.3%  11.2  860s
H42666 31654                     -88.7119336 -106.22145  19.7%  11.4  860s
 42713 33487 -105.88746  370  260  -88.71193 -106.22145  19.7%  11.4  876s
 44562 33444 -105.86011  391  253  -88.71193 -106.22145  19.7%  11.8  885s
 45135 35427 -105.84884  399  253  -88.71193 -106.22145  19.7%  11.9  901s
 47309 36945 -105.80307  426  243  -88.71193 -106.22145  19.7%  12.4  918s
 49711 37944 -105.68665  452  233  -88.71193 -106.22145  19.7%  12.8  933s
 51565 38108 -105.63840  477  221  -88.71193 -106.22145  19.7%  13.1  941s
 52347 40017 -105.60005  486  217  -88.71193 -106.22145  19.7%  13.3  959s
 54516 41462 -105.52814  512  209  -88.71193 -106.22145  19.7%  13.8  974s
 56684 43429 -105.39314  540  196  -88.71193 -106.22145  19.7%  14.4  990s
 58964 45899 -105.25795  569  188  -88.71193 -106.22145  19.7%  15.1 1004s
 61434 49991 -105.05715  594  178  -88.71193 -106.22145  19.7%  15.9 1046s
 65696 52245 -104.56957  649  155  -88.71193 -106.22145  19.7%  17.2 1059s
 67950 54639 -103.96543  681  148  -88.71193 -106.22145  19.7%  17.9 1072s
 70526 56290 -106.21373   27  488  -88.71193 -106.22102  19.7%  18.8 1088s
 72253 59746 -106.18582   48  468  -88.71193 -106.22102  19.7%  19.1 1118s
 75869 63723 -106.13164   88  429  -88.71193 -106.22102  19.7%  19.7 1150s
 80101 67673 -106.05920  133  394  -88.71193 -106.22102  19.7%  19.8 1181s
 84303 72869 -106.00740  162  374  -88.71193 -106.22102  19.7%  19.4 1217s
 89525 77335 -105.93369  193  352  -88.71193 -106.22102  19.7%  18.9 1244s
 94033 83547 -105.86920  216  340  -88.71193 -106.22102  19.7%  18.7 1282s
 100436 88565 -105.74747  257  319  -88.71193 -106.22102  19.7%  18.7 1312s
 105598 93520 -105.64602  287  306  -88.71193 -106.22102  19.7%  18.7 1336s
 110783 98115 -105.51708  319  295  -88.71193 -106.22102  19.7%  18.6 1365s
 115629 102461 -105.43501  340  287  -88.71193 -106.22102  19.7%  18.3 1388s
 120013 104906 -105.34390  362  279  -88.71193 -106.22102  19.7%  18.1 1405s
 122460 109431 -105.28775  371  279  -88.71193 -106.22102  19.7%  18.1 1427s
 127175 116496 -105.12317  392  272  -88.71193 -106.22102  19.7%  18.2 1466s
 134470 120252 -104.92054  424  261  -88.71193 -106.22102  19.7%  18.4 1487s
 138528 125189 -104.86058  433  256  -88.71193 -106.22102  19.7%  18.4 1517s
 143552 129819 -104.74775  453  259  -88.71193 -106.22102  19.7%  18.2 1539s
 148322 132552 -104.59990  470  249  -88.71193 -106.22102  19.7%  18.1 1555s
 151142 137295 -104.53334  482  242  -88.71193 -106.22102  19.7%  18.1 1581s
 156041 144564 -104.41148  496  247  -88.71193 -106.22102  19.7%  18.2 1614s
 163518 148872 -104.13059  531  228  -88.71193 -106.22102  19.7%  18.4 1641s
 168145 153493 -103.91832  552  225  -88.71193 -106.22102  19.7%  18.3 1664s
 172834 157740 -103.58321  576  218  -88.71193 -106.22102  19.7%  18.2 1688s
 177175 157772 -103.40621  594  217  -88.71193 -106.22102  19.7%  18.2 1849s
 177207 161091 -103.39664  595  224  -88.71193 -106.22102  19.7%  18.2 1867s
 180646 163978 -103.19643  609  207  -88.71193 -106.22102  19.7%  18.3 1885s
 183593 168664 -103.11692  621  198  -88.71193 -106.22102  19.7%  18.3 1906s
 188415 174488 -102.86578  641  199  -88.71193 -106.22102  19.7%  18.4 1940s
 194593 178564 -102.46447  660  199  -88.71193 -106.22102  19.7%  18.4 1965s
 198819 184799 -102.19612  676  198  -88.71193 -106.22102  19.7%  18.4 1995s
 205160 189958 -101.88123  696  191  -88.71193 -106.22102  19.7%  18.4 2016s
 210524 194413 -101.38521  724  182  -88.71193 -106.22102  19.7%  18.5 2033s
 215161 200243 -100.91680  744  178  -88.71193 -106.22102  19.7%  18.7 2064s
 221368 206176 -100.74376  757  173  -88.71193 -106.22102  19.7%  18.7 2111s
 227527 211258 -100.19611  772  168  -88.71193 -106.22102  19.7%  18.7 2142s
 232753 216514  -99.84997  789  164  -88.71193 -106.22102  19.7%  18.6 2172s
 238026 220625  -99.18975  806  164  -88.71193 -106.22102  19.7%  18.6 2202s
 242555 225628  -98.67821  824  161  -88.71193 -106.22102  19.7%  18.7 2234s
 247654 229288  -97.83983  842  156  -88.71193 -106.22102  19.7%  18.7 2256s
 251314 234739  -97.70050  851  149  -88.71193 -106.22102  19.7%  18.7 2317s
 256974 234804  -96.37217  874  148  -88.71193 -106.22102  19.7%  18.8 2339s
 257039 240654  -96.12091  871  153  -88.71193 -106.22102  19.7%  18.8 2373s
 263089 248143  -94.54821  895  147  -88.71193 -106.22102  19.7%  19.0 2418s
 271413 254166 -105.93203  256  308  -88.71193 -106.22037  19.7%  18.9 2447s
 277578 257570 -105.14146  468  231  -88.71193 -106.22037  19.7%  18.9 2467s
 281234 264829 -103.99796  578  210  -88.71193 -106.22037  19.7%  18.9 2500s
 288639 269340 -100.34458  807  152  -88.71193 -106.22008  19.7%  19.1 2529s
 293764 274126 -106.17078   73  444  -88.71193 -106.21936  19.7%  19.1 2557s
 298698 278570 -105.99057  255  321  -88.71193 -106.21936  19.7%  19.0 2579s
 303246 281422 -105.36716  416  244  -88.71193 -106.21936  19.7%  19.0 2597s
 306126 286019 -104.75049  507  216  -88.71193 -106.21936  19.7%  19.0 2632s
 310982 292650 -102.96353  658  188  -88.71193 -106.21936  19.7%  19.1 2677s
 317835 296685  -96.33325  890  128  -88.71193 -106.21936  19.7%  19.3 2702s
 322322 296716 -106.13209  123  399  -88.71193 -106.21869  19.7%  19.3 2868s
 322355 299550 -106.13368  123  398  -88.71193 -106.21869  19.7%  19.3 2893s
 325395 304365 -106.05906  191  346  -88.71193 -106.21869  19.7%  19.3 2927s
 330256 307567 -105.93838  287  299  -88.71193 -106.21869  19.7%  19.2 2947s
 333458 312254 -105.84666  336  269  -88.71193 -106.21869  19.7%  19.2 2968s
 338183 316448 -105.65112  397  247  -88.71193 -106.21869  19.7%  19.3 2994s
 342593 319522 -105.39764  456  229  -88.71193 -106.21869  19.7%  19.5 3057s
 345782 333603 -105.20260  496  214  -88.71193 -106.21869  19.7%  19.5 3147s
 360294 338945 -103.42141  662  140  -88.71193 -106.21869  19.7%  19.8 3176s
 365802 343126 -102.07131  730  116  -88.71193 -106.21853  19.7%  20.0 3207s
 370341 349102 -106.08701  145  376  -88.71193 -106.21853  19.7%  20.0 3253s
 376465 354922 -105.47923  395  257  -88.71193 -106.21853  19.7%  20.0 3304s
 382574 358156 -103.43971  605  201  -88.71193 -106.21853  19.7%  20.1 3334s
 385824 363350 -101.63323  728  159  -88.71193 -106.21853  19.7%  20.1 3379s
 391477 368827 infeasible  868       -88.71193 -106.21853  19.7%  20.2 3421s
 397074 373699 -105.84739  235  320  -88.71193 -106.21812  19.7%  20.1 3452s
 401948 376936 -105.02426  433  248  -88.71193 -106.21812  19.7%  20.1 3474s
 405251 381525 -104.15589  547  223  -88.71193 -106.21812  19.7%  20.1 3502s
 409908 387247 -102.53962  715  188  -88.71193 -106.21812  19.7%  20.2 3541s
 416088 392607  -99.58359  935  145  -88.71193 -106.21812  19.7%  20.3 3572s
 421458 397624  -93.31549 1303   75  -88.71193 -106.21812  19.7%  20.3 3598s
 426635 400523 -106.05122  174  362  -88.71193 -106.21759  19.7%  20.2 3618s
 429534 404705 -105.77783  313  286  -88.71193 -106.21759  19.7%  20.3 3641s
 433836 409172 -104.84509  500  217  -88.71193 -106.21759  19.7%  20.3 3676s
 438493 413957 -102.83794  670  179  -88.71193 -106.21759  19.7%  20.4 3709s
 443349 418257  -98.29715  856  131  -88.71193 -106.21759  19.7%  20.4 3742s
 447867 419492 -106.11943  143  382  -88.71193 -106.21724  19.7%  20.5 3890s
 449102 429003 -106.09604  165  361  -88.71193 -106.21724  19.7%  20.5 3949s
 458806 434397 -105.69552  359  255  -88.71193 -106.21724  19.7%  20.7 3989s
 464621 441032 -105.41895  415  237  -88.71193 -106.21724  19.7%  20.8 4022s
 471442 445317 -105.04622  482  216  -88.71193 -106.21724  19.7%  20.8 4049s
 475743 451590 -104.76440  531  196  -88.71193 -106.21724  19.7%  20.8 4077s
 482165 456383 -104.18460  609  167  -88.71193 -106.21724  19.7%  20.9 4100s
 486958 460906 -103.54851  652  151  -88.71193 -106.21724  19.7%  21.0 4113s
 491645 467223 -103.23830  670  142  -88.71193 -106.21724  19.7%  21.1 4143s
 498610 471600 -102.55787  701  132  -88.71193 -106.21724  19.7%  21.2 4170s
 503215 476013     cutoff  716       -88.71193 -106.21724  19.7%  21.1 4195s
 507810 480964 -106.11197  134  387  -88.71193 -106.21675  19.7%  21.1 4219s
 512909 486820 -105.70169  357  252  -88.71193 -106.21675  19.7%  21.2 4243s
 518990 492216 -104.11372  569  196  -88.71193 -106.21675  19.7%  21.3 4270s
 524864 497615 -101.92174  738  151  -88.71193 -106.21675  19.7%  21.4 4301s
 530624 502281 -106.18030   66  449  -88.71193 -106.21621  19.7%  21.3 4323s
 535410 505358 -105.94242  259  303  -88.71193 -106.21621  19.7%  21.3 4340s
 538529 505390 -105.61579  376  254  -88.71193 -106.21621  19.7%  21.3 4493s
 538561 536325 -105.61335  377  257  -88.71193 -106.21621  19.7%  21.3 4638s
 570593 541991 -104.61382  509  227  -88.71193 -106.21596  19.7%  21.5 4670s
 576459 547658 -102.85114  663  184  -88.71193 -106.21596  19.7%  21.4 4695s
 582584 551378  -99.01023  841  142  -88.71193 -106.21591  19.7%  21.5 4716s
 586431 556908 -106.16767   70  446  -88.71193 -106.21591  19.7%  21.5 4735s
 592121 559922 -105.87629  285  284  -88.71193 -106.21591  19.7%  21.5 4751s
 595665 565820 -105.49740  400  246  -88.71193 -106.21591  19.7%  21.5 4783s
 601743 571394 -104.35274  562  192  -88.71193 -106.21591  19.7%  21.5 4813s
 607606 577209 -102.01366  709  152  -88.71193 -106.21591  19.7%  21.5 4838s
 613809 582409 -106.17753   59  456  -88.71193 -106.21587  19.7%  21.5 4858s
 619138 587280 -105.83161  253  312  -88.71193 -106.21587  19.7%  21.5 4886s
 624467 590568 -105.17530  412  261  -88.71193 -106.21587  19.7%  21.5 4903s
 627869 595779 -104.59806  497  235  -88.71193 -106.21587  19.7%  21.5 4925s
 633230 602837 -103.51862  638  213  -88.71193 -106.21587  19.7%  21.5 4961s
 640456 607916 -101.15414  838  158  -88.71193 -106.21587  19.7%  21.5 4977s
 645535 613953  -98.85287  999  121  -88.71193 -106.21587  19.7%  21.6 4996s
 652168 616872  -92.44197 1329   69  -88.71193 -106.21587  19.7%  21.7 5013s
 655284 622038 -106.17336   60  455  -88.71193 -106.21576  19.7%  21.7 5038s
 660705 626512 -105.83678  225  323  -88.71193 -106.21576  19.7%  21.6 5063s
 665317 633974 -105.23452  348  284  -88.71193 -106.21576  19.7%  21.6 5097s
 672877 638823 -103.94054  497  267  -88.71193 -106.21576  19.7%  21.6 5112s
 677826 641642 -103.03057  570  250  -88.71193 -106.21576  19.7%  21.7 5128s
 680773 645778 -102.43446  619  249  -88.71193 -106.21576  19.7%  21.7 5155s
 685459 650380 -101.43952  695  237  -88.71193 -106.21576  19.7%  21.7 5179s
 690103 650410 -100.37997  764  229  -88.71193 -106.21576  19.7%  21.7 5335s
 690137 655658 -100.36623  765  231  -88.71193 -106.21576  19.7%  21.7 5361s
 695565 660889  -99.14773  833  226  -88.71193 -106.21576  19.7%  21.8 5393s
 701075 666205  -97.73873  906  219  -88.71193 -106.21576  19.7%  21.8 5421s
 706542 669954  -96.15982  984  219  -88.71193 -106.21576  19.7%  21.8 5443s
 710593 675102  -95.11265 1044  206  -88.71193 -106.21576  19.7%  21.9 5472s
 715875 680036  -93.46855 1116  199  -88.71193 -106.21576  19.7%  21.9 5494s
 720909 683209  -91.79930 1185  195  -88.71193 -106.21576  19.7%  21.9 5519s
 724222 688013  -90.64682 1232  193  -88.71193 -106.21576  19.7%  22.0 5572s
 729295 694501  -88.77335 1305  186  -88.71193 -106.21574  19.7%  22.0 5616s
 736249 698748 -105.93814  206  330  -88.71193 -106.21557  19.7%  22.0 5642s
 740791 701414 -105.39114  368  270  -88.71193 -106.21557  19.7%  22.0 5666s
 743483 706072 -104.90483  464  239  -88.71193 -106.21557  19.7%  21.9 5698s
 748141 710372 -103.68600  622  201  -88.71193 -106.21557  19.7%  21.9 5726s
 752441 715952 -102.24817  762  175  -88.71193 -106.21557  19.7%  22.0 5751s
 758069 721216  -99.92970  937  141  -88.71193 -106.21557  19.7%  22.0 5772s
 763405 728630  -96.99118 1108  101  -88.71193 -106.21557  19.7%  22.1 5800s
 771287 732371 -106.14500   96  420  -88.71193 -106.21546  19.7%  22.0 5859s
 775135 736385 -105.91802  244  311  -88.71193 -106.21546  19.7%  22.0 5880s
 779149 740221 -105.28537  395  249  -88.71193 -106.21546  19.7%  22.0 5899s
 782987 744001 -104.23762  538  205  -88.71193 -106.21546  19.7%  22.0 5916s
 786857 747194 -102.61203  663  167  -88.71193 -106.21546  19.7%  22.1 5932s
 790110 751667 -100.59784  763  152  -88.71193 -106.21546  19.7%  22.2 5957s
 795014 757565  -96.46254  913  122  -88.71193 -106.21546  19.7%  22.2 5997s
 801513 760132 -106.06306  165  361  -88.71193 -106.21540  19.7%  22.2 6051s
 804134 765969 -105.91982  247  308  -88.71193 -106.21540  19.7%  22.2 6077s
 810005 770864 -104.98063  451  226  -88.71193 -106.21540  19.7%  22.2 6094s
 814900 775616 -103.50918  613  186  -88.71193 -106.21540  19.7%  22.2 6109s
 819652 779910 -101.29579  758  158  -88.71193 -106.21540  19.7%  22.3 6119s
 824049 780159  -98.77102  881  127  -88.71193 -106.21540  19.7%  22.4 6265s
 824323 810789  -98.73847  882  127  -88.71193 -106.21540  19.7%  22.4 6437s
 856355 815849  -99.84169  892  147  -88.71193 -106.21531  19.7%  22.6 6453s
 861488 824690  -95.56344 1154   98  -88.71193 -106.21531  19.7%  22.7 6482s
 870813 827553 -106.05850  164  360  -88.71193 -106.21524  19.7%  22.7 6499s
 873704 833219 -105.89435  253  309  -88.71193 -106.21524  19.7%  22.7 6523s
 879629 836724 -105.33711  416  241  -88.71193 -106.21524  19.7%  22.7 6537s
 883199 842120 -104.70261  500  218  -88.71193 -106.21524  19.7%  22.7 6566s
 888987 847193 -103.38908  632  191  -88.71193 -106.21524  19.7%  22.7 6591s
 894186 852989 -101.08747  774  153  -88.71193 -106.21524  19.7%  22.7 6622s
 900192 858016  -95.38610 1002  106  -88.71193 -106.21524  19.7%  22.7 6653s
 905561 863122 -105.99626  200  331  -88.71193 -106.21524  19.7%  22.8 6689s
 910899 867806 -105.38530  386  255  -88.71193 -106.21524  19.7%  22.8 6715s
 915839 870781 -104.40954  526  214  -88.71193 -106.21524  19.7%  22.8 6736s
 918902 876691 -103.51269  600  196  -88.71193 -106.21524  19.7%  22.8 6779s
 925073 881073 -101.36313  756  173  -88.71193 -106.21524  19.7%  22.8 6805s
 929495 885460  -98.83122  887  151  -88.71193 -106.21524  19.7%  22.9 6825s
 933886 890091  -94.92699 1050  123  -88.71193 -106.21524  19.7%  22.9 6849s
 938749 893338 -106.11459  109  407  -88.71193 -106.21521  19.7%  23.0 6868s
 942194 898299 -105.78950  243  314  -88.71193 -106.21521  19.7%  23.0 6897s
 947435 903795 -104.88763  396  269  -88.71193 -106.21521  19.7%  23.0 6936s
 952960 904479 -103.80419  513  253  -88.71193 -106.21521  19.7%  23.0 7080s
 953782 935402 -103.78863  514  253  -88.71193 -106.21521  19.7%  23.0 7311s
 985814 939805 -106.05569  177  355  -88.71193 -106.21514  19.7%  23.2 7346s
 990365 945341 -105.91108  259  291  -88.71193 -106.21514  19.7%  23.2 7385s
 995901 948157 -105.73006  331  262  -88.71193 -106.21514  19.7%  23.2 7430s
 998717 954337 -105.61067  356  257  -88.71193 -106.21514  19.7%  23.2 7466s
 1004897 958713 -105.27949  439  236  -88.71193 -106.21514  19.7%  23.2 7490s
 1009273 964497 -104.92021  499  213  -88.71193 -106.21514  19.7%  23.2 7516s
 1015108 968485 -104.46506  557  193  -88.71193 -106.21514  19.7%  23.3 7543s
 1019270 974161 -103.96524  594  181  -88.71193 -106.21514  19.7%  23.4 7572s
 1025200 978119 -103.40402  639  167  -88.71193 -106.21514  19.7%  23.4 7597s
 1029248 983208 -102.94387  676  150  -88.71193 -106.21514  19.7%  23.5 7634s
 1034869 987123 -101.67064  719  136  -88.71193 -106.21514  19.7%  23.6 7667s
 1039272 993730 -100.69347  731  130  -88.71193 -106.21514  19.7%  23.6 7711s
 1046015 998735 -106.06134  169  354  -88.71193 -106.21510  19.7%  23.5 7747s
 1051143 1004196 -105.91653  263  306  -88.71193 -106.21510  19.7%  23.5 7779s
 1056756 1004228 -105.76429  336  269  -88.71193 -106.21510  19.7%  23.5 7938s
 1056788 1007697 -105.77055  335  266  -88.71193 -106.21510  19.7%  23.5 7962s
 1060268 1012771 -105.53962  382  246  -88.71193 -106.21510  19.7%  23.5 7994s
 1065620 1016898 -105.30881  443  223  -88.71193 -106.21510  19.7%  23.6 8021s
 1069869 1022482 -105.06756  485  220  -88.71193 -106.21510  19.7%  23.6 8054s
 1075523 1027465 -104.64562  530  199  -88.71193 -106.21510  19.7%  23.6 8087s
 1080574 1033344 -104.16972  582  176  -88.71193 -106.21510  19.7%  23.6 8112s
 1086527 1038094 -103.60304  621  166  -88.71193 -106.21510  19.7%  23.6 8136s
 1091465 1041761 -102.99396  654  155  -88.71193 -106.21510  19.7%  23.6 8160s
 1095198 1046933 -102.47780  681  142  -88.71193 -106.21510  19.7%  23.7 8190s
 1100605 1050493 -101.37461  715  136  -88.71193 -106.21509  19.7%  23.7 8214s
 1104620 1057606 -106.14214   73  442  -88.71193 -106.21506  19.7%  23.7 8248s
 1111846 1061421 -105.50054  336  273  -88.71193 -106.21506  19.7%  23.7 8268s
 1115661 1064245 -104.75600  474  233  -88.71193 -106.21506  19.7%  23.7 8280s
 1118541 1069280 -103.99508  563  213  -88.71193 -106.21506  19.7%  23.7 8304s
 1123963 1074288 -102.35960  712  187  -88.71193 -106.21506  19.7%  23.8 8326s
 1129097 1078809 -100.44770  876  155  -88.71193 -106.21506  19.7%  23.8 8347s
 1133618 1086348  -97.99478 1047  121  -88.71193 -106.21502  19.7%  23.8 8364s
 1141371 1088919 -106.20408   39  476  -88.71193 -106.21502  19.7%  23.8 8380s
 1144259 1093633 -106.10143  138  382  -88.71193 -106.21502  19.7%  23.8 8401s
 1148973 1097898 -105.68004  323  266  -88.71193 -106.21502  19.7%  23.8 8417s
 1153610 1102672 -104.85859  466  214  -88.71193 -106.21502  19.7%  23.9 8443s
 1158488 1105738 -103.55417  602  180  -88.71193 -106.21502  19.7%  23.9 8459s
 1161659 1109041 -102.24199  706  159  -88.71193 -106.21502  19.7%  23.9 8476s
 1164962 1115346 -100.74430  810  134  -88.71193 -106.21502  19.7%  23.9 8495s
 1171411 1120238 -106.17373   71  444  -88.71193 -106.21499  19.7%  23.9 8517s
 1176358 1126855 -105.91952  271  289  -88.71193 -106.21499  19.7%  24.0 8538s
 1183362 1130867 -105.23115  430  225  -88.71193 -106.21499  19.7%  24.0 8563s
 1187659 1133405 -104.27086  552  191  -88.71193 -106.21499  19.7%  24.0 8583s
 1190249 1137298 -103.49857  619  182  -88.71193 -106.21499  19.7%  24.0 8638s
 1194142 1143189 -101.81020  742  153  -88.71193 -106.21499  19.7%  24.0 8669s
 1200281 1143221  -98.40216  920  129  -88.71193 -106.21499  19.7%  24.0 8828s
H1200282 1142735                     -88.9196390 -106.21499  19.5%  24.0 8828s
 1200313 1145599  -98.35469  921  131  -88.91964 -106.21499  19.5%  24.0 8847s
 1203387 1149872  -95.21304 1028  118  -88.91964 -106.21499  19.5%  24.0 8874s
 1207943 1153810 -106.14824   97  421  -88.91964 -106.21493  19.5%  24.0 8893s
 1211975 1159823 -105.87526  280  280  -88.91964 -106.21493  19.5%  24.0 8918s
 1218002 1166770 -104.78975  495  217  -88.91964 -106.21493  19.5%  24.0 8943s
 1225450 1172791 -103.01003  644  188  -88.91964 -106.21493  19.5%  24.0 8974s
 1231471 1175908 -100.57102  797  160  -88.91964 -106.21493  19.5%  24.1 8986s
 1234588 1181162  -98.87478  906  144  -88.91964 -106.21493  19.5%  24.1 9003s
 1240064 1186481  -91.70204 1116  113  -88.91964 -106.21493  19.5%  24.2 9035s
 1245678 1191884 -105.97745  219  326  -88.91964 -106.21485  19.5%  24.2 9062s
 1251331 1195737 -105.36341  412  241  -88.91964 -106.21485  19.5%  24.2 9081s
 1255335 1204401 -104.63226  513  216  -88.91964 -106.21485  19.5%  24.2 9119s
 1264490 1207986 -102.49570  698  166  -88.91964 -106.21485  19.5%  24.2 9135s
 1268175 1211630 -100.65456  815  132  -88.91964 -106.21485  19.5%  24.2 9158s
 1272084 1214605 infeasible  922       -88.91964 -106.21485  19.5%  24.2 9183s
 1275121 1218675 -106.15293   67  448  -88.91964 -106.21480  19.5%  24.2 9211s
 1279285 1221364 -106.08766  105  412  -88.91964 -106.21480  19.5%  24.2 9233s
 1281974 1226918 -106.06610  119  399  -88.91964 -106.21480  19.5%  24.2 9263s
 1287780 1234913 -105.99196  160  359  -88.91964 -106.21480  19.5%  24.2 9301s
 1295818 1239399 -105.92163  199  340  -88.91964 -106.21480  19.5%  24.2 9320s
 1300667 1243198 -105.87017  220  334  -88.91964 -106.21480  19.5%  24.2 9349s
 1304653 1245330 -105.81505  241  321  -88.91964 -106.21480  19.5%  24.2 9370s
 1306785 1249387 -105.77008  253  317  -88.91964 -106.21480  19.5%  24.2 9399s
 1310928 1253232 -105.69033  278  303  -88.91964 -106.21480  19.5%  24.2 9428s
 1314819 1257813 -105.59443  308  294  -88.91964 -106.21480  19.5%  24.2 9455s
 1319510 1261723 -105.49378  335  287  -88.91964 -106.21480  19.5%  24.2 9517s
 1323510 1273783 -105.36636  359  274  -88.91964 -106.21480  19.5%  24.2 9593s
 1335826 1273815 -104.95805  427  262  -88.91964 -106.21480  19.5%  24.2 9763s
 1335858 1279427 -104.99193  424  257  -88.91964 -106.21480  19.5%  24.2 9791s
 1341561 1283723 -104.84075  450  257  -88.91964 -106.21480  19.5%  24.2 9814s
 1345885 1289768 -104.72065  465  253  -88.91964 -106.21480  19.5%  24.2 9843s
 1352338 1294244 -104.58967  487  247  -88.91964 -106.21480  19.5%  24.3 9879s
 1357256 1299639 -104.49049  501  243  -88.91964 -106.21480  19.5%  24.3 9921s
 1363049 1303426 -104.33536  523  242  -88.91964 -106.21480  19.5%  24.3 9950s
 1366836 1308837 -104.14027  539  234  -88.91964 -106.21480  19.5%  24.3 9980s
 1372253 1314051 -103.83921  560  220  -88.91964 -106.21480  19.5%  24.3 10008s
 1377705 1319475 -103.50318  583  219  -88.91964 -106.21480  19.5%  24.3 10044s
 1383440 1324207 -103.29725  600  218  -88.91964 -106.21480  19.5%  24.3 10072s
 1388330 1329937 -102.91273  616  216  -88.91964 -106.21480  19.5%  24.3 10108s
 1394353 1335052 -102.50492  641  210  -88.91964 -106.21480  19.5%  24.3 10135s
 1399500 1339948 -102.28881  658  195  -88.91964 -106.21480  19.5%  24.3 10158s
 1404580 1345148 -101.87701  680  193  -88.91964 -106.21480  19.5%  24.3 10184s
 1409820 1349244 -101.58368  695  186  -88.91964 -106.21480  19.5%  24.3 10207s
 1413962 1356456 -101.48177  700  187  -88.91964 -106.21480  19.5%  24.4 10245s
 1421740 1360349 -100.69162  725  180  -88.91964 -106.21480  19.5%  24.3 10273s
 1425795 1364436 -100.42490  735  178  -88.91964 -106.21480  19.5%  24.3 10293s
 1429914 1368311  -99.84596  752  168  -88.91964 -106.21480  19.5%  24.3 10317s
 1433945 1370912  -99.26599  765  173  -88.91964 -106.21480  19.5%  24.3 10335s
 1436576 1375797  -98.53878  782  169  -88.91964 -106.21480  19.5%  24.3 10356s
 1441461 1380078  -96.91667  809  166  -88.91964 -106.21480  19.5%  24.4 10377s
 1446141 1386305     cutoff  824       -88.91964 -106.21480  19.5%  24.4 10417s
 1452932 1390127 -106.11642  120  399  -88.91964 -106.21471  19.5%  24.4 10444s
 1456772 1393028 -106.00578  191  339  -88.91964 -106.21471  19.5%  24.4 10464s
 1459725 1397304 -105.89642  252  304  -88.91964 -106.21471  19.5%  24.4 10524s
 1464083 1402575 -105.75716  306  279  -88.91964 -106.21471  19.5%  24.4 10554s
 1469354 1407509 -105.53760  372  250  -88.91964 -106.21471  19.5%  24.4 10574s
 1474288 1407541 -105.28487  433  235  -88.91964 -106.21471  19.5%  24.4 10729s
 1474320 1411355 -105.27931  435  230  -88.91964 -106.21471  19.5%  24.4 10745s
 1478134 1417084 -105.09418  467  215  -88.91964 -106.21471  19.5%  24.4 10775s
 1484068 1420065 -104.59332  535  184  -88.91964 -106.21471  19.5%  24.4 10792s
 1487127 1423113 -104.32585  572  172  -88.91964 -106.21471  19.5%  24.4 10800s

Explored 1490193 nodes (36417635 simplex iterations) in 10800.12 seconds (4306.47 work units)
Thread count was 32 (of 48 available processors)

Solution count 8: -88.9196 -88.7119 -88.318 ... -75.5444

Time limit reached
Best objective -8.891963902017e+01, best bound -1.062147071885e+02, gap 19.4502%

