Solver command line: ['/cvmfs/restricted.computecanada.ca/easybuild/software/2023/x86-64-v3/Core/gurobi/11.0.1/bin/gurobi.sh']

Set parameter TokenServer to value "license1.computecanada.ca"
Read LP format model from file /tmp/tmpntpjwz7i.pyomo.lp
Reading time = 0.09 seconds
x1: 500 rows, 500 columns, 250000 nonzeros
Read MIP start from file /tmp/tmps226wvq8.gurobi.mst
Set parameter TimeLimit to value 10800
Gurobi Optimizer version 11.0.1 build v11.0.1rc0 (linux64 - "AlmaLinux 9.6 (Sage Margay)")

CPU model: AMD EPYC 9454 48-Core Processor, instruction set [SSE2|AVX|AVX2|AVX512]
Thread count: 48 physical cores, 48 logical processors, using up to 32 threads

Optimize a model with 500 rows, 500 columns and 250000 nonzeros
Model fingerprint: 0x7e2967f2
Model has 500 quadratic objective terms
Variable types: 0 continuous, 500 integer (0 binary)
Coefficient statistics:
  Matrix range     [7e-07, 5e-01]
  Objective range  [2e-04, 1e-01]
  QObjective range [2e-05, 1e-02]
  Bounds range     [0e+00, 0e+00]
  RHS range        [4e-03, 1e+00]

Loaded user MIP start with objective -75.379

Presolve time: 0.04s
Presolved: 500 rows, 500 columns, 250000 nonzeros
Presolved model has 500 quadratic objective terms
Variable types: 0 continuous, 500 integer (0 binary)
Found heuristic solution: objective -87.5233476

Root relaxation: objective -1.068318e+02, 280 iterations, 0.55 seconds (0.49 work units)

    Nodes    |    Current Node    |     Objective Bounds      |     Work
 Expl Unexpl |  Obj  Depth IntInf | Incumbent    BestBd   Gap | It/Node Time

     0     0 -106.83181    0  500  -87.52335 -106.83181  22.1%     -    0s
     0     0 -106.82985    0  500  -87.52335 -106.82985  22.1%     -    4s
     0     2 -106.82985    0  500  -87.52335 -106.82985  22.1%     -    4s
     1     4 -106.82985    1  499  -87.52335 -106.82985  22.1%   2.0    5s
    63    96 -106.82548    6  494  -87.52335 -106.82778  22.1%   2.2   78s
H   87    96                     -88.3586934 -106.82711  20.9%   2.2   79s
    95   128 -106.82546    6  494  -88.35869 -106.82711  20.9%   2.2   93s
   159   192 -106.82433    7  493  -88.35869 -106.82656  20.9%   2.2   95s
   442  1081 -106.82069   12  488  -88.35869 -106.82656  20.9%   3.3  106s
  1080  2231 -106.81098   25  475  -88.35869 -106.82656  20.9%   2.7  117s
H 2230  2263                     -89.0501831 -106.82656  20.0%   2.6  125s
  2262  3090 -106.78211   55  445  -89.05018 -106.82656  20.0%   2.6  133s
  3089  3433 -106.76488   73  428  -89.05018 -106.82656  20.0%   2.7  137s
  3432  4373 -106.75861   78  424  -89.05018 -106.82656  20.0%   2.8  146s
  4372  5265 -106.74008   96  407  -89.05018 -106.82656  20.0%   3.0  155s
  5264  6140 -106.72558  111  396  -89.05018 -106.82656  20.0%   3.3  162s
  6139  7020 -106.71015  126  383  -89.05018 -106.82656  20.0%   3.6  170s
  7019  7921 -106.68286  145  367  -89.05018 -106.82656  20.0%   4.0  178s
  7920  8813 -106.66829  157  360  -89.05018 -106.82656  20.0%   4.4  186s
  8812  9551 -106.64509  169  351  -89.05018 -106.82656  20.0%   4.8  192s
  9550  9868 -106.61925  181  338  -89.05018 -106.82656  20.0%   5.3  196s
  9867 10823 -106.61188  187  342  -89.05018 -106.82656  20.0%   5.5  204s
 10822 11780 -106.58310  203  334  -89.05018 -106.82656  20.0%   6.1  211s
 11779 12776 -106.54279  220  316  -89.05018 -106.82656  20.0%   6.8  218s
 12775 13744 -106.50382  238  311  -89.05018 -106.82656  20.0%   7.5  225s
 13743 14749 -106.46249  253  303  -89.05018 -106.82656  20.0%   8.4  232s
 14749 14750 -106.70239  121  500  -89.05018 -106.82656  20.0%   9.2  318s
 14751 14751 -106.59507  199  500  -89.05018 -106.82656  20.0%   9.2  320s
 14784 14806 -106.82341   20  494  -89.05018 -106.82656  20.0%   9.2  325s
 14912 14892 -106.82008   22  493  -89.05018 -106.82473  20.0%   9.2  340s
 15030 14970 -106.82002   24  491  -89.05018 -106.82473  20.0%   9.1  479s
 15062 15114 -106.81787   24  491  -89.05018 -106.82448  20.0%   9.1  482s
 15216 15094 -106.81602   27  488  -89.05018 -106.82437  20.0%   9.0  489s
H15227 14353                     -89.7804693 -106.82437  19.0%   9.0  489s
 15248 14398 -106.81356   27  488  -89.78047 -106.82437  19.0%   9.0  492s
 15300 14862 -106.81207   28  487  -89.78047 -106.82437  19.0%   9.0  499s
 15782 16132 -106.80514   36  479  -89.78047 -106.82390  19.0%   8.8  515s
 17212 15729 -106.78140   55  460  -89.78047 -106.82390  19.0%   8.3  521s
 17286 15736 -106.78113   56  459  -89.78047 -106.82390  19.0%   8.2  552s
 17318 17665 -106.77896   56  459  -89.78047 -106.82390  19.0%   8.2  572s
 19257 17050 -106.75925   77  438  -89.78047 -106.82390  19.0%   7.7  575s
 19289 18580 -106.75911   78  437  -89.78047 -106.82390  19.0%   7.7  590s
 20829 19398 -106.73599   96  419  -89.78047 -106.82390  19.0%   7.5  602s
 22161 20222 -106.72151  112  403  -89.78047 -106.82390  19.0%   7.4  614s
 23429 21024 -106.70734  128  388  -89.78047 -106.82390  19.0%   7.3  624s
 24653 21713 -106.69223  143  375  -89.78047 -106.82390  19.0%   7.4  634s
 25750 22585 -106.67476  158  360  -89.78047 -106.82390  19.0%   7.5  643s
 26988 23440 -106.66244  175  344  -89.78047 -106.82390  19.0%   7.7  653s
 28256 24348 -106.64439  192  334  -89.78047 -106.82390  19.0%   7.9  663s
 29586 27532 -106.62853  209  328  -89.78047 -106.82390  19.0%   8.3  691s
 33390 27474 -106.59380  254  304  -89.78047 -106.82390  19.0%   9.5  700s
 34637 27091 -106.56574  268  301  -89.78047 -106.82390  19.0%   9.8  705s
 34669 28436 -106.55646  268  303  -89.78047 -106.82390  19.0%   9.8  716s
 36149 29316 -106.52557  285  298  -89.78047 -106.82390  19.0%  10.1  728s
 37548 30293 -106.51267  300  292  -89.78047 -106.82390  19.0%  10.2  741s
 38992 31272 -106.47574  317  278  -89.78047 -106.82390  19.0%  10.4  755s
 40452 32212 -106.44736  333  270  -89.78047 -106.82390  19.0%  10.6  768s
 41879 33350 -106.44088  350  274  -89.78047 -106.82390  19.0%  10.9  783s
 43492 34695 -106.41597  366  277  -89.78047 -106.82390  19.0%  11.2  797s
 45412 35801 -106.39221  387  265  -89.78047 -106.82390  19.0%  11.6  813s
 47188 36921 -106.35045  407  266  -89.78047 -106.82390  19.0%  11.8  827s
 48900 37949 -106.32444  429  250  -89.78047 -106.82390  19.0%  12.1  843s
 50499 39247 -106.24238  449  243  -89.78047 -106.82390  19.0%  12.5  856s
 52330 40509 -106.19557  471  232  -89.78047 -106.82390  19.0%  12.9  869s
 54202 40697 -106.13404  493  223  -89.78047 -106.82390  19.0%  13.4  878s
 55014 42554 -106.10233  502  220  -89.78047 -106.82390  19.0%  13.6  897s
 57142 44254 -106.00387  527  208  -89.78047 -106.82390  19.0%  14.3  914s
 59450 47998 -105.76713  553  199  -89.78047 -106.82390  19.0%  15.1  954s
 63281 50244 -105.58348  593  176  -89.78047 -106.82390  19.0%  16.2  971s
 65527 50276 -105.43645  620  163  -89.78047 -106.82390  19.0%  17.0 1153s
 65559 52715 -105.43086  621  164  -89.78047 -106.82390  19.0%  17.0 1168s
 68034 54489 -105.12594  653  155  -89.78047 -106.82390  19.0%  17.9 1182s
 69822 57756 -105.04660  674  147  -89.78047 -106.82390  19.0%  18.5 1202s
 73373 60258 -104.32673  717  131  -89.78047 -106.82390  19.0%  19.4 1226s
 76080 65050 -106.80095   42  473  -89.78047 -106.82316  19.0%  19.8 1260s
 81200 69635 -106.73693  107  412  -89.78047 -106.82316  19.0%  19.7 1288s
 86007 74957 -106.70739  163  367  -89.78047 -106.82316  19.0%  19.4 1320s
 91531 83923 -106.66428  225  328  -89.78047 -106.82316  19.0%  19.0 1384s
 100836 86329 -106.57171  333  281  -89.78047 -106.82316  19.0%  18.5 1408s
 103415 90861 -106.52735  363  270  -89.78047 -106.82316  19.0%  18.4 1442s
 108131 95374 -106.47840  413  250  -89.78047 -106.82316  19.0%  18.2 1473s
 112666 99524 -106.31904  465  235  -89.78047 -106.82316  19.0%  18.0 1493s
 116902 102109 -106.19430  513  215  -89.78047 -106.82316  19.0%  18.1 1506s
 119652 106651 -106.06843  546  202  -89.78047 -106.82316  19.0%  18.1 1539s
 124378 114032 -105.92363  597  187  -89.78047 -106.82316  19.0%  18.3 1586s
 131937 118549 -105.33756  676  159  -89.78047 -106.82316  19.0%  18.2 1613s
 136560 122501 -106.78266   53  463  -89.78047 -106.82269  19.0%  18.3 1635s
 140680 125697 -106.58563  214  336  -89.78047 -106.82269  19.0%  18.4 1656s
 143876 130547 -106.27430  349  276  -89.78047 -106.82269  19.0%  18.5 1683s
 149147 136018 -105.08372  536  228  -89.78047 -106.82269  19.0%  18.6 1715s
 154805 144314 -102.39190  709  177  -89.78047 -106.82269  19.0%  18.5 1761s
 163237 149061 -106.75656   87  430  -89.78047 -106.82231  19.0%  18.5 1777s
 167984 152548 -106.50532  266  313  -89.78047 -106.82231  19.0%  18.6 1790s
 171606 157569 -106.16116  374  268  -89.78047 -106.82231  19.0%  18.8 1812s
 176900 162173 -105.18568  537  217  -89.78047 -106.82231  19.0%  18.9 1836s
 181795 166783 -103.32052  677  184  -89.78047 -106.82231  19.0%  18.9 1866s
 186601 173068 -100.01428  815  154  -89.78047 -106.82231  19.0%  18.8 1902s
 193068 176507 -106.71919  142  382  -89.78047 -106.82181  19.0%  18.8 1922s
 196507 181644 -106.62874  252  313  -89.78047 -106.82181  19.0%  18.9 1945s
 201893 186538 -106.44832  375  258  -89.78047 -106.82181  19.0%  19.1 1981s
 207011 191262 -106.20299  443  229  -89.78047 -106.82181  19.0%  19.3 2013s
 211991 191294 -105.83725  521  195  -89.78047 -106.82181  19.0%  19.3 2190s
 212023 194761 -105.83329  519  196  -89.78047 -106.82181  19.0%  19.3 2214s
 215626 200672 -105.49427  580  183  -89.78047 -106.82181  19.0%  19.3 2252s
 221731 204957 -105.00106  646  153  -89.78047 -106.82181  19.0%  19.4 2279s
 226134 210786 -104.59307  678  142  -89.78047 -106.82181  19.0%  19.4 2303s
 232208 214858 -106.80940   38  477  -89.78047 -106.82122  19.0%  19.5 2332s
 236525 220721 -106.59941  205  338  -89.78047 -106.82122  19.0%  19.5 2364s
 242516 225933 -105.86393  437  240  -89.78047 -106.82122  19.0%  19.5 2384s
 247822 232173 -104.12946  624  190  -89.78047 -106.82122  19.0%  19.5 2410s
 254294 236441  -98.12874  833  137  -89.78047 -106.82122  19.0%  19.7 2436s
 259023 240185 -106.65234  179  353  -89.78047 -106.82110  19.0%  19.8 2462s
 263139 244277 -106.38364  335  275  -89.78047 -106.82110  19.0%  19.8 2487s
 267355 250375 -105.78784  474  223  -89.78047 -106.82110  19.0%  19.7 2519s
 273507 255474 -103.56186  651  176  -89.78047 -106.82110  19.0%  19.7 2541s
 278622 260726  -98.66257  834  127  -89.78047 -106.82110  19.0%  19.8 2569s
 284106 266946 -106.54565  229  325  -89.78047 -106.82099  19.0%  20.0 2602s
 290721 271941 -105.72488  459  223  -89.78047 -106.82099  19.0%  20.0 2629s
 295986 276800 -103.82846  633  184  -89.78047 -106.82099  19.0%  20.1 2650s
 301095 280122 -100.45028  792  144  -89.78047 -106.82099  19.0%  20.1 2669s
 304594 281607 -106.78550   61  455  -89.78047 -106.82079  19.0%  20.2 2722s
 306263 288708 -106.76813   76  441  -89.78047 -106.82079  19.0%  20.2 2757s
 313624 296964 -106.28289  341  271  -89.78047 -106.82079  19.0%  20.2 2784s
 321968 300405 -104.56521  586  198  -89.78047 -106.82079  19.0%  20.3 2793s
 325502 306368 -103.64991  656  186  -89.78047 -106.82079  19.0%  20.3 2818s
 331993 310758 -100.68415  829  133  -89.78047 -106.82079  19.0%  20.3 2844s
 336757 315109 -106.72849  122  397  -89.78047 -106.82064  19.0%  20.2 2870s
 341258 319274 -106.50272  280  295  -89.78047 -106.82064  19.0%  20.2 2891s
 345521 326094 -106.03506  435  241  -89.78047 -106.82064  19.0%  20.1 2916s
 352341 328905 -103.91524  657  179  -89.78047 -106.82064  19.0%  20.2 2928s
 355262 334828 -102.54706  747  151  -89.78047 -106.82064  19.0%  20.3 2949s
 361361 334860 -106.79106   61  455  -89.78047 -106.82059  19.0%  20.5 3078s
 361393 342137 -106.79078   62  453  -89.78047 -106.82059  19.0%  20.5 3098s
 369039 342610 -106.54403  249  314  -89.78047 -106.82059  19.0%  20.5 3106s
H369523 342436                     -90.1366686 -106.82059  18.5%  20.5 3106s
 369647 349020 -106.48670  275  306  -90.13667 -106.82059  18.5%  20.5 3135s
 376629 357571 -105.85166  438  256  -90.13667 -106.82059  18.5%  20.4 3176s
 385401 360514 -103.69782  659  187  -90.13667 -106.82059  18.5%  20.3 3189s
H387923 360042                     -90.4557253 -106.82059  18.1%  20.4 3189s
 388450 364314 -102.10877  758  160  -90.45573 -106.82059  18.1%  20.4 3207s
 392792 368343     cutoff  910       -90.45573 -106.82059  18.1%  20.4 3228s
 396981 371333 -106.77339   72  443  -90.45573 -106.82043  18.1%  20.5 3242s
 400249 376176 -106.73758  111  407  -90.45573 -106.82043  18.1%  20.6 3273s
 405430 380765 -106.65427  174  358  -90.45573 -106.82043  18.1%  20.6 3313s
 410297 387426 -106.57506  233  323  -90.45573 -106.82043  18.1%  20.6 3362s
 417280 391785 -106.40679  314  281  -90.45573 -106.82043  18.1%  20.5 3395s
 421647 395000 -106.24226  365  259  -90.45573 -106.82043  18.1%  20.4 3418s
 424956 399623 -106.00847  403  248  -90.45573 -106.82043  18.1%  20.4 3447s
 429778 402261 -105.82116  461  236  -90.45573 -106.82043  18.1%  20.5 3501s
 432416 407243 -105.40703  501  218  -90.45573 -106.82043  18.1%  20.5 3529s
 437454 413138 -104.63129  574  187  -90.45573 -106.82043  18.1%  20.5 3565s
 443830 418320 -103.42476  654  148  -90.45573 -106.82043  18.1%  20.6 3601s
 449223 423405 -106.79775   43  472  -90.45573 -106.82033  18.1%  20.6 3633s
 454589 427240 -106.72306  102  414  -90.45573 -106.82033  18.1%  20.6 3659s
 458640 432639 -106.65080  145  375  -90.45573 -106.82033  18.1%  20.6 3691s
 464133 437227 -106.54087  187  349  -90.45573 -106.82033  18.1%  20.6 3721s
 468885 441822 -106.48361  214  336  -90.45573 -106.82033  18.1%  20.7 3756s
 473682 441854 -106.36554  254  314  -90.45573 -106.82033  18.1%  20.7 3934s
 473714 473375 -106.36326  255  311  -90.45573 -106.82033  18.1%  20.7 4157s
H502768 473364                     -90.4643864 -106.82033  18.1%  20.8 4157s
 505746 478210 -105.43133  447  255  -90.46439 -106.82033  18.1%  20.8 4182s
 510592 484795 -105.25059  470  242  -90.46439 -106.82033  18.1%  20.9 4206s
 517378 488166 -104.97655  495  243  -90.46439 -106.82033  18.1%  21.0 4226s
 520803 494478 -104.91955  507  241  -90.46439 -106.82033  18.1%  21.1 4250s
 527479 497570 -104.74863  525  233  -90.46439 -106.82033  18.1%  21.1 4274s
 530705 502490 -104.54623  537  229  -90.46439 -106.82033  18.1%  21.1 4299s
 535686 506907 -104.29535  553  221  -90.46439 -106.82033  18.1%  21.2 4322s
 540103 512549 -103.93136  582  213  -90.46439 -106.82033  18.1%  21.2 4352s
 545889 516473 -103.56441  611  211  -90.46439 -106.82033  18.1%  21.4 4373s
 549865 523813 -103.31199  624  207  -90.46439 -106.82033  18.1%  21.4 4401s
 557587 527827 -102.98938  640  195  -90.46439 -106.82033  18.1%  21.5 4424s
 561838 532456 -102.86554  647  195  -90.46439 -106.82033  18.1%  21.5 4454s
 566581 537874 -102.50331  668  189  -90.46439 -106.82033  18.1%  21.5 4491s
 572097 539654 -102.26473  683  194  -90.46439 -106.82033  18.1%  21.6 4537s
 573953 544791 -102.15755  687  194  -90.46439 -106.82033  18.1%  21.6 4568s
 579266 551103 -101.84054  699  185  -90.46439 -106.82033  18.1%  21.7 4602s
 586057 556798 -101.33916  715  180  -90.46439 -106.82033  18.1%  21.7 4630s
 591764 560338 -100.66279  740  166  -90.46439 -106.82033  18.1%  21.8 4645s
 595360 560370  -99.99575  762  162  -90.46439 -106.82033  18.1%  21.9 4813s
 595392 565482 -100.01189  761  164  -90.46439 -106.82033  18.1%  21.9 4842s
 600750 570093  -99.38777  782  155  -90.46439 -106.82033  18.1%  22.0 4867s
 605494 575723  -98.62993  799  154  -90.46439 -106.82033  18.1%  22.1 4892s
 611669 579800  -97.89539  828  142  -90.46439 -106.82033  18.1%  22.1 4920s
 615902 585466  -96.96488  840  147  -90.46439 -106.82033  18.1%  22.2 4948s
 621875 590939 -106.79905   41  474  -90.46439 -106.81980  18.1%  22.2 4974s
 627605 596271 -106.43163  269  302  -90.46439 -106.81980  18.1%  22.3 5000s
 633242 601960 -105.59186  435  235  -90.46439 -106.81980  18.1%  22.3 5026s
 639286 607406 -104.14560  604  190  -90.46439 -106.81980  18.1%  22.4 5053s
 645390 612598 -101.69486  783  148  -90.46439 -106.81980  18.1%  22.4 5082s
 650706 617142  -97.74300  936  126  -90.46439 -106.81974  18.1%  22.3 5098s
 655332 620333 -106.74199   88  428  -90.46439 -106.81974  18.1%  22.3 5115s
 658589 625360 -106.53260  206  337  -90.46439 -106.81974  18.1%  22.4 5145s
 663856 632209 -105.91376  377  265  -90.46439 -106.81974  18.1%  22.4 5176s
 671060 636805 -104.45073  584  216  -90.46439 -106.81974  18.1%  22.5 5204s
 676091 640924 -103.05529  724  181  -90.46439 -106.81974  18.1%  22.5 5225s
 680344 643597 -101.46214  842  156  -90.46439 -106.81974  18.1%  22.5 5243s
 683113 649101 -100.08834  943  132  -90.46439 -106.81974  18.1%  22.5 5268s
 688709 653559  -94.99831 1238   85  -90.46439 -106.81974  18.1%  22.5 5290s
 693384 660483  -90.95674 1463   36  -90.46439 -106.81974  18.1%  22.5 5322s
 700389 661997 -106.43090  292  279  -90.46439 -106.81963  18.1%  22.5 5368s
 702045 665462 -106.39133  302  279  -90.46439 -106.81963  18.1%  22.6 5390s
 705885 671871 -105.78874  420  229  -90.46439 -106.81963  18.1%  22.6 5424s
 712328 677903 -103.96952  603  188  -90.46439 -106.81963  18.1%  22.5 5441s
 718360 683186 -101.75445  772  153  -90.46439 -106.81963  18.1%  22.6 5462s
 723861 687754  -97.30376  935  132  -90.46439 -106.81962  18.1%  22.7 5494s
 728835 694412 -106.80131   43  472  -90.46439 -106.81954  18.1%  22.7 5535s
 736110 699570 -106.72554   99  424  -90.46439 -106.81954  18.1%  22.8 5570s
 741829 704302 -106.65947  137  386  -90.46439 -106.81954  18.1%  22.7 5604s
 746633 704334 -106.59019  174  358  -90.46439 -106.81954  18.1%  22.6 5761s
 746665 707131 -106.59287  174  358  -90.46439 -106.81954  18.1%  22.6 5784s
 749462 711751 -106.56507  190  344  -90.46439 -106.81954  18.1%  22.6 5814s
 754082 717385 -106.48396  227  334  -90.46439 -106.81954  18.1%  22.7 5847s
 759865 722288 -106.42323  253  312  -90.46439 -106.81954  18.1%  22.7 5876s
 764808 727571 -106.33551  283  294  -90.46439 -106.81954  18.1%  22.7 5905s
 770355 730983 -106.22706  315  291  -90.46439 -106.81954  18.1%  22.8 5932s
 774228 736634 -106.18007  330  281  -90.46439 -106.81954  18.1%  22.7 5965s
 779879 741208 -106.08914  347  273  -90.46439 -106.81954  18.1%  22.7 5987s
 784475 746773 -106.00898  364  273  -90.46439 -106.81954  18.1%  22.7 6015s
 790153 751030 -105.83401  394  260  -90.46439 -106.81954  18.1%  22.7 6034s
 794442 754368 -105.75775  414  256  -90.46439 -106.81954  18.1%  22.8 6051s
 797780 759478 -105.61794  436  248  -90.46439 -106.81954  18.1%  22.8 6072s
 802906 764863 -105.49187  455  246  -90.46439 -106.81954  18.1%  23.0 6102s
 808943 770599 -105.20064  481  244  -90.46439 -106.81954  18.1%  23.0 6133s
 814733 774742 -104.92552  504  242  -90.46439 -106.81954  18.1%  22.9 6154s
 818876 780726 -104.72644  525  228  -90.46439 -106.81954  18.1%  23.0 6191s
 825077 785837 -104.40196  550  226  -90.46439 -106.81954  18.1%  23.0 6211s
 830188 790492 -104.06296  579  214  -90.46439 -106.81954  18.1%  23.1 6227s
 834882 794217 -103.67759  608  205  -90.46439 -106.81954  18.1%  23.2 6245s
 838607 797654 -103.24151  629  208  -90.46439 -106.81954  18.1%  23.3 6312s
 842579 803376 -103.13721  637  207  -90.46439 -106.81954  18.1%  23.4 6352s
 848586 809011 -103.00983  652  202  -90.46439 -106.81954  18.1%  23.4 6394s
 854492 812188 -102.62065  676  188  -90.46439 -106.81954  18.1%  23.3 6421s
 857669 817366 -102.31249  685  192  -90.46439 -106.81954  18.1%  23.3 6456s
 862847 822734 -101.46820  718  182  -90.46439 -106.81954  18.1%  23.4 6485s
 868215 828983 -100.88589  735  176  -90.46439 -106.81954  18.1%  23.4 6508s
 874589 829101 -100.29126  755  171  -90.46439 -106.81954  18.1%  23.4 6638s
 874708 835186 -100.27864  756  166  -90.46439 -106.81954  18.1%  23.4 6671s
 881259 839809  -98.89177  785  156  -90.46439 -106.81954  18.1%  23.4 6697s
 885882 844783  -97.27124  814  155  -90.46439 -106.81954  18.1%  23.4 6724s
 890980 850160  -95.42989  839  151  -90.46439 -106.81954  18.1%  23.4 6755s
 896513 854755 -106.62700  167  359  -90.46439 -106.81925  18.1%  23.5 6789s
 901232 857492 -106.01103  352  278  -90.46439 -106.81925  18.1%  23.6 6812s
 904095 863294 -105.53860  445  251  -90.46439 -106.81925  18.1%  23.6 6855s
 910105 869121 -103.91834  650  204  -90.46439 -106.81925  18.1%  23.7 6892s
 916486 873824 -101.64595  841  161  -90.46439 -106.81925  18.1%  23.7 6919s
 921401 879687  -99.05872 1009  126  -90.46439 -106.81910  18.1%  23.6 6952s
 927419 884554 -106.80253   42  474  -90.46439 -106.81910  18.1%  23.6 6980s
 932286 889027 -106.46466  271  305  -90.46439 -106.81910  18.1%  23.6 7005s
 936759 892173 -105.60274  461  237  -90.46439 -106.81910  18.1%  23.7 7019s
 939905 897937 -104.56094  560  208  -90.46439 -106.81910  18.1%  23.7 7043s
 946083 905169 -102.36295  726  172  -90.46439 -106.81910  18.1%  23.8 7075s
 953637 908952  -98.12462  922  132  -90.46439 -106.81910  18.1%  23.8 7128s
 957483 913096  -93.22391 1035  124  -90.46439 -106.81910  18.1%  23.8 7150s
 961683 915796 -106.69242  152  373  -90.46439 -106.81904  18.1%  23.8 7165s
 964493 919079 -106.45001  280  300  -90.46439 -106.81904  18.1%  23.8 7185s
 967782 923538 -105.94615  415  244  -90.46439 -106.81904  18.1%  23.8 7234s
 972289 931212 -104.75526  566  199  -90.46439 -106.81904  18.1%  23.9 7257s
 980332 931577 -102.50059  726  177  -90.46439 -106.81904  18.1%  24.0 7416s
 980810 962732 -102.46944  727  179  -90.46439 -106.81898  18.1%  24.0 7586s
 1012842 967198 -103.23017  651  185  -90.46439 -106.81898  18.1%  24.1 7621s
 1017690 973086 -100.79719  790  155  -90.46439 -106.81898  18.1%  24.2 7657s
 1023835 976801  -95.56416  993  126  -90.46439 -106.81898  18.1%  24.2 7681s
 1027759 982020 -106.81465   28  487  -90.46439 -106.81887  18.1%  24.2 7720s
 1033140 985732 -106.74216   82  434  -90.46439 -106.81887  18.1%  24.2 7749s
 1036930 991023 -106.69215  119  404  -90.46439 -106.81887  18.1%  24.2 7782s
 1042363 995418 -106.61668  167  365  -90.46439 -106.81887  18.1%  24.2 7816s
 1046858 1001671 -106.53427  209  335  -90.46439 -106.81887  18.1%  24.2 7863s
 1053413 1006948 -106.44198  252  315  -90.46439 -106.81887  18.1%  24.2 7894s
 1058714 1011292 -106.30247  292  292  -90.46439 -106.81887  18.1%  24.2 7916s
 1063156 1016469 -106.23310  311  286  -90.46439 -106.81887  18.1%  24.2 7948s
 1068433 1021362 -106.13675  333  277  -90.46439 -106.81887  18.1%  24.2 7977s
 1073688 1027761 -106.02466  356  263  -90.46439 -106.81887  18.1%  24.2 8016s
 1080384 1032150 -105.85453  382  257  -90.46439 -106.81887  18.1%  24.2 8043s
 1084900 1035109 -105.72488  404  254  -90.46439 -106.81887  18.1%  24.2 8059s
 1087874 1039900 -105.65320  420  259  -90.46439 -106.81887  18.1%  24.2 8082s
 1092697 1044630 -105.44859  445  246  -90.46439 -106.81887  18.1%  24.3 8104s
 1097663 1044662 -105.27301  468  237  -90.46439 -106.81887  18.1%  24.3 8267s
 1097695 1047989 -105.26904  470  239  -90.46439 -106.81887  18.1%  24.3 8285s
 1101124 1053597 -105.19882  479  241  -90.46439 -106.81887  18.1%  24.3 8316s
 1107100 1058310 -104.88816  504  234  -90.46439 -106.81887  18.1%  24.3 8347s
 1111905 1064376 -104.72809  519  235  -90.46439 -106.81887  18.1%  24.3 8378s
 1118161 1069142 -104.45092  544  236  -90.46439 -106.81887  18.1%  24.3 8399s
 1122927 1072167 -104.29773  559  225  -90.46439 -106.81887  18.1%  24.4 8413s
 1125952 1076545 -104.00450  579  217  -90.46439 -106.81887  18.1%  24.4 8432s
 1130422 1082368 -103.66491  604  215  -90.46439 -106.81887  18.1%  24.5 8464s
 1136422 1087633 -103.20356  638  205  -90.46439 -106.81887  18.1%  24.6 8489s
 1141984 1091662 -102.80054  658  200  -90.46439 -106.81887  18.1%  24.6 8510s
 1146104 1097201 -102.46265  681  190  -90.46439 -106.81887  18.1%  24.6 8536s
 1151795 1101260 -102.10535  700  184  -90.46439 -106.81887  18.1%  24.6 8560s
 1155869 1105776 -101.47686  723  178  -90.46439 -106.81887  18.1%  24.6 8584s
 1160385 1109007 -100.88675  745  167  -90.46439 -106.81887  18.1%  24.7 8602s
 1163616 1114017 -100.54684  754  166  -90.46439 -106.81887  18.1%  24.7 8626s
 1168786 1119365  -99.58942  771  170  -90.46439 -106.81887  18.1%  24.8 8660s
 1174358 1123295  -98.83155  788  162  -90.46439 -106.81887  18.1%  24.9 8690s
 1178777 1126801  -97.81480  805  153  -90.46439 -106.81887  18.1%  24.9 8718s
 1182465 1132243     cutoff  823       -90.46439 -106.81869  18.1%  24.9 8754s
 1188081 1137162 -106.43504  280  283  -90.46439 -106.81869  18.1%  24.9 8787s
 1193010 1141638 -105.41505  466  229  -90.46439 -106.81869  18.1%  24.9 8813s
 1197610 1147020 -103.87789  622  196  -90.46439 -106.81869  18.1%  24.9 8844s
 1203231 1152050 -101.29790  778  165  -90.46439 -106.81869  18.1%  24.9 8871s
 1208480 1157591  -97.95684  913  146  -90.46439 -106.81869  18.1%  24.9 8894s
 1214412 1162826  -90.70082 1084  112  -90.46439 -106.81869  18.1%  24.9 8920s
 1219768 1167096 -106.56545  236  310  -90.46439 -106.81866  18.1%  24.9 8937s
 1224094 1170188 -105.98634  414  233  -90.46439 -106.81866  18.1%  24.9 8955s
 1227219 1170218 -105.13374  522  204  -90.46439 -106.81866  18.1%  25.0 9108s
 1227253 1174210 -105.11590  523  210  -90.46439 -106.81866  18.1%  25.0 9164s
 1231484 1178059 -103.67028  641  179  -90.46439 -106.81866  18.1%  25.0 9191s
 1235779 1183881 -102.09468  745  174  -90.46439 -106.81866  18.1%  25.0 9240s
 1241936 1187315  -99.11194  900  154  -90.46439 -106.81866  18.1%  25.0 9268s
 1245526 1192295  -96.57715 1000  139  -90.46439 -106.81866  18.1%  25.0 9304s
 1250599 1197704  -91.36408 1149  122  -90.46439 -106.81866  18.1%  25.0 9340s
 1256127 1201358 -106.53199  216  329  -90.46439 -106.81859  18.1%  25.0 9369s
 1259781 1205172 -106.10427  341  270  -90.46439 -106.81859  18.1%  24.9 9391s
 1263671 1210428 -105.36567  465  232  -90.46439 -106.81859  18.1%  25.0 9424s
 1269047 1216319 -103.78668  642  194  -90.46439 -106.81859  18.1%  24.9 9459s
 1275086 1220891 -101.31458  842  158  -90.46439 -106.81859  18.1%  25.0 9487s
 1279674 1224652  -98.40709 1023  117  -90.46439 -106.81859  18.1%  25.0 9510s
 1283535 1226790  -92.95063 1311   69  -90.46439 -106.81859  18.1%  25.0 9563s
 1285727 1232660 -106.68394  161  367  -90.46439 -106.81855  18.1%  25.0 9593s
 1291690 1237818 -105.97093  418  227  -90.46439 -106.81855  18.1%  25.0 9616s
 1296914 1241541 -104.22362  604  182  -90.46439 -106.81855  18.1%  25.0 9640s
 1300874 1247371 -102.38442  727  163  -90.46439 -106.81855  18.1%  25.0 9678s
 1307019 1251975  -98.82922  896  144  -90.46439 -106.81855  18.1%  25.0 9701s
 1311695 1256251  -94.32884 1057  125  -90.46439 -106.81848  18.1%  25.1 9723s
 1316021 1259545 -106.77741   60  455  -90.46439 -106.81848  18.1%  25.1 9748s
 1319365 1264913 -106.55257  215  323  -90.46439 -106.81848  18.1%  25.1 9770s
 1324866 1270528 -105.78439  423  242  -90.46439 -106.81848  18.1%  25.1 9792s
 1330804 1276620 -104.32517  597  192  -90.46439 -106.81848  18.1%  25.1 9827s
 1337274 1280835 -101.73907  786  150  -90.46439 -106.81848  18.1%  25.1 9850s
 1341594 1283803  -98.20015  951  120  -90.46439 -106.81848  18.1%  25.1 9869s
 1344626 1288579 -106.79161   52  463  -90.46439 -106.81847  18.1%  25.1 9893s
 1349437 1293319 -106.43327  286  294  -90.46439 -106.81847  18.1%  25.2 9921s
 1354346 1293351 -105.49182  488  225  -90.46439 -106.81847  18.1%  25.2 10094s
 1354378 1297778 -105.48773  489  224  -90.46439 -106.81847  18.1%  25.2 10119s
 1358805 1300908 -103.79997  651  184  -90.46439 -106.81847  18.1%  25.2 10140s
 1362171 1306502 -102.17418  755  161  -90.46439 -106.81847  18.1%  25.3 10173s
 1368060 1309458  -97.18529  962  121  -90.46439 -106.81847  18.1%  25.3 10199s
 1371142 1313912 -106.81340   26  489  -90.46439 -106.81842  18.1%  25.3 10227s
 1375744 1317549 -106.71588   92  423  -90.46439 -106.81842  18.1%  25.3 10254s
 1379455 1322562 -106.66190  130  393  -90.46439 -106.81842  18.1%  25.3 10281s
 1384508 1328420 -106.57856  175  354  -90.46439 -106.81842  18.1%  25.4 10314s
 1390647 1333436 -106.50409  208  331  -90.46439 -106.81842  18.1%  25.4 10376s
 1396013 1338680 -106.40528  246  312  -90.46439 -106.81842  18.1%  25.4 10404s
 1401331 1344465 -106.30863  275  295  -90.46439 -106.81842  18.1%  25.4 10428s
 1407426 1349434 -106.20286  307  285  -90.46439 -106.81842  18.1%  25.4 10452s
 1412784 1352858 -106.09586  335  270  -90.46439 -106.81842  18.1%  25.4 10472s
 1416422 1358546 -106.04426  347  266  -90.46439 -106.81842  18.1%  25.4 10496s
 1422457 1363552 -105.88476  370  264  -90.46439 -106.81842  18.1%  25.4 10523s
 1427533 1370573 -105.69151  396  260  -90.46439 -106.81842  18.1%  25.4 10562s
 1434897 1375029 -105.51930  425  257  -90.46439 -106.81842  18.1%  25.5 10584s
 1439537 1377852 -105.37567  448  240  -90.46439 -106.81842  18.1%  25.5 10599s
 1442458 1382687 -105.29987  458  238  -90.46439 -106.81842  18.1%  25.5 10624s
 1447381 1388006 -105.07151  480  231  -90.46439 -106.81842  18.1%  25.5 10653s
 1452855 1392849 -104.84961  499  226  -90.46439 -106.81842  18.1%  25.5 10677s
 1457841 1399402 -104.57169  519  224  -90.46439 -106.81842  18.1%  25.5 10717s
 1464887 1402109 -104.28274  545  220  -90.46439 -106.81842  18.1%  25.5 10737s
 1467684 1406986 -104.14196  557  212  -90.46439 -106.81842  18.1%  25.5 10764s
 1472795 1411304 -103.71112  583  210  -90.46439 -106.81842  18.1%  25.5 10797s
 1477281 1412288 -103.58092  595  217  -90.46439 -106.81842  18.1%  25.5 10800s

Explored 1478265 nodes (37692913 simplex iterations) in 10800.58 seconds (4262.75 work units)
Thread count was 32 (of 48 available processors)

Solution count 8: -90.4644 -90.4557 -90.1367 ... -75.379

Time limit reached
Best objective -9.046438644562e+01, best bound -1.068184248697e+02, gap 18.0779%

