Solver command line: ['/cvmfs/restricted.computecanada.ca/easybuild/software/2023/x86-64-v3/Core/gurobi/11.0.1/bin/gurobi.sh']

Set parameter TokenServer to value "license1.computecanada.ca"
Read LP format model from file /tmp/tmpisjc84vq.pyomo.lp
Reading time = 0.00 seconds
x1: 10 rows, 10 columns, 100 nonzeros
Read MIP start from file /tmp/tmprvzziwgu.gurobi.mst
Set parameter TimeLimit to value 10800
Gurobi Optimizer version 11.0.1 build v11.0.1rc0 (linux64 - "AlmaLinux 9.6 (Sage Margay)")

CPU model: AMD EPYC 9454 48-Core Processor, instruction set [SSE2|AVX|AVX2|AVX512]
Thread count: 48 physical cores, 48 logical processors, using up to 32 threads

Optimize a model with 10 rows, 10 columns and 100 nonzeros
Model fingerprint: 0xc222617e
Model has 10 quadratic objective terms
Variable types: 0 continuous, 10 integer (0 binary)
Coefficient statistics:
  Matrix range     [4e-04, 3e-01]
  Objective range  [5e-03, 9e-02]
  QObjective range [4e-04, 8e-03]
  Bounds range     [0e+00, 0e+00]
  RHS range        [8e-02, 9e-01]

Loaded user MIP start with objective -1.21579

Presolve time: 0.00s
Presolved: 10 rows, 10 columns, 100 nonzeros
Presolved model has 10 quadratic objective terms
Variable types: 0 continuous, 10 integer (0 binary)
Found heuristic solution: objective -1.7393919

Root relaxation: objective -2.591194e+00, 6 iterations, 0.00 seconds (0.00 work units)

    Nodes    |    Current Node    |     Objective Bounds      |     Work
 Expl Unexpl |  Obj  Depth IntInf | Incumbent    BestBd   Gap | It/Node Time

     0     0   -2.59119    0   10   -1.73939   -2.59119  49.0%     -    0s
H    0     0                      -2.0348249   -2.59119  27.3%     -    0s
H    0     0                      -2.1348094   -2.59119  21.4%     -    0s
H    0     0                      -2.3438049   -2.59119  10.6%     -    0s
     0     0   -2.58841    0   10   -2.34380   -2.58841  10.4%     -    0s
     0     2   -2.58841    0   10   -2.34380   -2.58841  10.4%     -    0s
H   16    32                      -2.4312337   -2.58532  6.34%   2.2    0s
H   20    32                      -2.4322521   -2.58508  6.28%   2.4    0s
H   33    61                      -2.4455614   -2.58379  5.65%   2.5    0s
H  441   289                      -2.4764360   -2.57329  3.91%   3.4    0s
H 1459   378                      -2.4801304   -2.55489  3.01%   3.6    0s
* 1844   360              17      -2.4863288   -2.54980  2.55%   3.6    0s
* 1851   360              14      -2.5087002   -2.54980  1.64%   3.6    0s

Explored 2410 nodes (7941 simplex iterations) in 0.09 seconds (0.01 work units)
Thread count was 32 (of 48 available processors)

Solution count 10: -2.5087 -2.48633 -2.48013 ... -2.03482
No other solutions better than -2.5087

Optimal solution found (tolerance 1.00e-04)
Best objective -2.508700218769e+00, best bound -2.508700218769e+00, gap 0.0000%

