Solver command line: ['/cvmfs/restricted.computecanada.ca/easybuild/software/2023/x86-64-v3/Core/gurobi/11.0.1/bin/gurobi.sh']

Set parameter TokenServer to value "license1.computecanada.ca"
Read LP format model from file /tmp/tmp5oa61ry4.pyomo.lp
Reading time = 0.00 seconds
x1: 20 rows, 20 columns, 400 nonzeros
Read MIP start from file /tmp/tmpp8oa86g8.gurobi.mst
Set parameter TimeLimit to value 10800
Gurobi Optimizer version 11.0.1 build v11.0.1rc0 (linux64 - "AlmaLinux 9.6 (Sage Margay)")

CPU model: AMD EPYC 9454 48-Core Processor, instruction set [SSE2|AVX|AVX2|AVX512]
Thread count: 48 physical cores, 48 logical processors, using up to 32 threads

Optimize a model with 20 rows, 20 columns and 400 nonzeros
Model fingerprint: 0xfdf3d582
Model has 20 quadratic objective terms
Variable types: 0 continuous, 20 integer (0 binary)
Coefficient statistics:
  Matrix range     [8e-05, 3e-01]
  Objective range  [6e-03, 9e-02]
  QObjective range [4e-04, 9e-03]
  Bounds range     [0e+00, 0e+00]
  RHS range        [1e-02, 1e+00]

Loaded user MIP start with objective -4.45261

Presolve time: 0.00s
Presolved: 20 rows, 20 columns, 400 nonzeros
Presolved model has 20 quadratic objective terms
Variable types: 0 continuous, 20 integer (0 binary)
Found heuristic solution: objective -5.0633488

Root relaxation: objective -5.426569e+00, 13 iterations, 0.00 seconds (0.00 work units)

    Nodes    |    Current Node    |     Objective Bounds      |     Work
 Expl Unexpl |  Obj  Depth IntInf | Incumbent    BestBd   Gap | It/Node Time

     0     0   -5.42657    0   20   -5.06335   -5.42657  7.17%     -    0s
H    0     0                      -5.2501019   -5.42657  3.36%     -    0s
H    0     0                      -5.2543376   -5.42657  3.28%     -    0s
H    0     0                      -5.3121132   -5.42657  2.15%     -    0s
     0     0   -5.42413    0   20   -5.31211   -5.42413  2.11%     -    0s
     0     2   -5.42413    0   20   -5.31211   -5.42413  2.11%     -    0s
H   18    32                      -5.3368972   -5.42153  1.59%   1.9    0s
H   20    32                      -5.3418644   -5.42144  1.49%   1.9    0s
H 2840  2129                      -5.3541834   -5.41662  1.17%   4.1    0s
H 9253  4014                      -5.3672657   -5.41322  0.86%   4.1    0s
H16075  5201                      -5.3759629   -5.40979  0.63%   4.0    0s

Explored 220903 nodes (819813 simplex iterations) in 1.92 seconds (0.44 work units)
Thread count was 32 (of 48 available processors)

Solution count 10: -5.37596 -5.36727 -5.35418 ... -4.45261
No other solutions better than -5.37596

Optimal solution found (tolerance 1.00e-04)
Best objective -5.375962910955e+00, best bound -5.375962910955e+00, gap 0.0000%

