Solver command line: ['/cvmfs/restricted.computecanada.ca/easybuild/software/2023/x86-64-v3/Core/gurobi/11.0.1/bin/gurobi.sh']

Set parameter TokenServer to value "license1.computecanada.ca"
Read LP format model from file /tmp/tmp5vng1ukk.pyomo.lp
Reading time = 0.00 seconds
x1: 20 rows, 20 columns, 400 nonzeros
Read MIP start from file /tmp/tmpygie9brv.gurobi.mst
Set parameter TimeLimit to value 10800
Gurobi Optimizer version 11.0.1 build v11.0.1rc0 (linux64 - "AlmaLinux 9.6 (Sage Margay)")

CPU model: AMD EPYC 9454 48-Core Processor, instruction set [SSE2|AVX|AVX2|AVX512]
Thread count: 48 physical cores, 48 logical processors, using up to 32 threads

Optimize a model with 20 rows, 20 columns and 400 nonzeros
Model fingerprint: 0xdb3915fe
Model has 20 quadratic objective terms
Variable types: 0 continuous, 20 integer (0 binary)
Coefficient statistics:
  Matrix range     [8e-05, 3e-01]
  Objective range  [6e-03, 9e-02]
  QObjective range [4e-04, 9e-03]
  Bounds range     [0e+00, 0e+00]
  RHS range        [8e-03, 9e-01]

Loaded user MIP start with objective -3.59234

Presolve time: 0.00s
Presolved: 20 rows, 20 columns, 400 nonzeros
Presolved model has 20 quadratic objective terms
Variable types: 0 continuous, 20 integer (0 binary)
Found heuristic solution: objective -4.1968539

Root relaxation: objective -4.582960e+00, 12 iterations, 0.00 seconds (0.00 work units)

    Nodes    |    Current Node    |     Objective Bounds      |     Work
 Expl Unexpl |  Obj  Depth IntInf | Incumbent    BestBd   Gap | It/Node Time

     0     0   -4.58296    0   20   -4.19685   -4.58296  9.20%     -    0s
H    0     0                      -4.2844206   -4.58296  6.97%     -    0s
H    0     0                      -4.4268215   -4.58296  3.53%     -    0s
     0     0   -4.58212    0   20   -4.42682   -4.58212  3.51%     -    0s
H    0     0                      -4.4771968   -4.58212  2.34%     -    0s
     0     2   -4.58212    0   20   -4.47720   -4.58212  2.34%     -    0s
H   29    32                      -4.4872215   -4.57999  2.07%   2.0    0s
H  180   192                      -4.5016236   -4.57850  1.71%   2.4    0s
H 4740  2797                      -4.5027899   -4.57122  1.52%   4.4    0s
H 9533  4297                      -4.5067384   -4.57074  1.42%   4.3    0s
H37866 16621                      -4.5196846   -4.56346  0.97%   4.3    0s
H104839 37404                      -4.5215299   -4.55677  0.78%   4.2    1s
H148776 48179                      -4.5247513   -4.55451  0.66%   4.2    1s
 620232 68931   -4.53399   32   11   -4.52475   -4.54015  0.34%   4.0    5s

Explored 877632 nodes (3455412 simplex iterations) in 7.35 seconds (1.50 work units)
Thread count was 32 (of 48 available processors)

Solution count 10: -4.52475 -4.52153 -4.51968 ... -4.28442
No other solutions better than -4.52475

Optimal solution found (tolerance 1.00e-04)
Best objective -4.524751349083e+00, best bound -4.524751349083e+00, gap 0.0000%

