Solver command line: ['/cvmfs/restricted.computecanada.ca/easybuild/software/2023/x86-64-v3/Core/gurobi/11.0.1/bin/gurobi.sh']

Set parameter TokenServer to value "license1.computecanada.ca"
Read LP format model from file /tmp/tmpqxpam32e.pyomo.lp
Reading time = 0.35 seconds
x1: 1000 rows, 1000 columns, 1000000 nonzeros
Read MIP start from file /tmp/tmpegafpvlo.gurobi.mst
Set parameter TimeLimit to value 10800
Gurobi Optimizer version 11.0.1 build v11.0.1rc0 (linux64 - "AlmaLinux 9.6 (Sage Margay)")

CPU model: AMD EPYC 9454 48-Core Processor, instruction set [SSE2|AVX|AVX2|AVX512]
Thread count: 48 physical cores, 48 logical processors, using up to 32 threads

Optimize a model with 1000 rows, 1000 columns and 1000000 nonzeros
Model fingerprint: 0xe458e26f
Model has 1000 quadratic objective terms
Variable types: 0 continuous, 1000 integer (0 binary)
Coefficient statistics:
  Matrix range     [3e-07, 5e-01]
  Objective range  [9e-05, 1e-01]
  QObjective range [2e-05, 1e-02]
  Bounds range     [0e+00, 0e+00]
  RHS range        [8e-04, 1e+00]

Loaded user MIP start with objective -136.813

Presolve time: 0.18s
Presolved: 1000 rows, 1000 columns, 1000000 nonzeros
Presolved model has 1000 quadratic objective terms
Variable types: 0 continuous, 1000 integer (0 binary)
Found heuristic solution: objective -157.6306699

Root simplex log...

Iteration    Objective       Primal Inf.    Dual Inf.      Time
     541   -2.1388648e+02   1.732949e+00   0.000000e+00      5s
     578   -2.1380396e+02   0.000000e+00   0.000000e+00      7s

Root relaxation: objective -2.138040e+02, 578 iterations, 6.20 seconds (3.74 work units)

    Nodes    |    Current Node    |     Objective Bounds      |     Work
 Expl Unexpl |  Obj  Depth IntInf | Incumbent    BestBd   Gap | It/Node Time

     0     0 -213.80396    0 1000 -157.63067 -213.80396  35.6%     -    6s
     0     0 -213.80285    0 1000 -157.63067 -213.80285  35.6%     -   37s
     0     2 -213.80262    0 1000 -157.63067 -213.80262  35.6%     -   45s
     3     8 -213.80200    2  998 -157.63067 -213.80202  35.6%   3.3   50s
    15    32 -213.79989    4  996 -157.63067 -213.80088  35.6%   3.0   57s
    31    64 -213.79866    5  995 -157.63067 -213.80039  35.6%   2.9   62s
    63    96 -213.79748    6  994 -157.63067 -213.79955  35.6%   3.0  668s
    95   128 -213.79628    6  994 -157.63067 -213.79955  35.6%   2.9  680s
H  111   128                    -158.5529025 -213.79955  34.8%   2.9  681s
   127   160 -213.79702    7  993 -158.55290 -213.79955  34.8%   3.0  686s
   159   192 -213.79660    7  993 -158.55290 -213.79955  34.8%   2.9  853s
H  186   192                    -159.3417763 -213.79955  34.2%   2.9  853s
   191   256 -213.79543    8  992 -159.34178 -213.79955  34.2%   2.9  862s
   255   466 -213.79428    9  991 -159.34178 -213.79955  34.2%   2.9  889s
   465  1164 -213.78950   12  988 -159.34178 -213.79955  34.2%   3.0  970s
  1163  1196 -213.78044   22  978 -159.34178 -213.79955  34.2%   3.0 1033s
  1195  1228 -213.78033   22  978 -159.34178 -213.79955  34.2%   3.0 1124s
  1227  3729 -213.77967   23  977 -159.34178 -213.79955  34.2%   3.0 1347s
  3728  5463 -213.72638   75  925 -159.34178 -213.79955  34.2%   2.9 1493s
  5462  6835 -213.68796  109  892 -159.34178 -213.79955  34.2%   3.1 1602s
  6834  8444 -213.65834  137  864 -159.34178 -213.79955  34.2%   3.3 1731s
  8443  9995 -213.61988  169  834 -159.34178 -213.79955  34.2%   3.5 1853s
  9994 11583 -213.58205  200  811 -159.34178 -213.79955  34.2%   3.9 1974s
 11582 13160 -213.54421  226  783 -159.34178 -213.79955  34.2%   4.2 2092s
 13159 14732 -213.50579  255  759 -159.34178 -213.79955  34.2%   4.6 2213s
 14732 14733 -213.11508  510 1000 -159.34178 -213.79955  34.2%   5.1 3096s
 14734 14734 -213.66292  141 1000 -159.34178 -213.79955  34.2%   5.1 3107s
 14736 14736 -213.75175   50 1000 -159.34178 -213.79955  34.2%   5.1 3111s
 14737 14739 -213.79955   15  999 -159.34178 -213.79955  34.2%   5.1 3118s
 14739 14743 -213.79955   16  998 -159.34178 -213.79955  34.2%   5.1 3121s
 14751 14763 -213.79785   18  996 -159.34178 -213.79924  34.2%   5.1 3127s
 14767 14789 -213.79611   19  995 -159.34178 -213.79827  34.2%   5.1 3132s
 14799 14811 -213.79524   20  994 -159.34178 -213.79753  34.2%   5.1 3136s
 14831 14832 -213.79374   20  994 -159.34178 -213.79726  34.2%   5.1 3146s
 14863 14853 -213.79421   21  993 -159.34178 -213.79680  34.2%   5.1 3153s
 14895 14875 -213.79329   21  993 -159.34178 -213.79680  34.2%   5.1 3158s
 14927 14896 -213.79317   22  992 -159.34178 -213.79680  34.2%   5.1 3272s
 14959 14917 -213.79167   22  992 -159.34178 -213.79680  34.2%   5.1 3277s
 14991 14940 -213.79205   23  991 -159.34178 -213.79680  34.2%   5.1 3282s
 15024 15029 -213.79082   23  991 -159.34178 -213.79680  34.2%   5.1 3296s
 15124 15180 -213.79008   25  989 -159.34178 -213.79680  34.2%   5.1 3322s
 15309 15723 -213.78646   28  986 -159.34178 -213.79680  34.2%   5.1 3401s
 15913 15553 -213.77830   37  977 -159.34178 -213.79680  34.2%   5.0 3491s
 15945 15895 -213.77600   37  977 -159.34178 -213.79680  34.2%   5.0 3601s
 16297 19847 -213.77067   43  971 -159.34178 -213.79680  34.2%   4.9 3969s
 20367 18523 -213.72970   92  922 -159.34178 -213.79680  34.2%   4.5 4058s
 20399 19344 -213.72943   92  922 -159.34178 -213.79680  34.2%   4.5 4189s
 21231 19099 -213.70950  105  909 -159.34178 -213.79680  34.2%   4.5 5967s
 21263 21203 -213.70847  106  908 -159.34178 -213.79680  34.2%   4.5 6127s
 23378 23119 -213.67770  130  884 -159.34178 -213.79680  34.2%   4.4 6330s
 25999 24675 -213.64465  161  853 -159.34178 -213.79680  34.2%   4.4 6518s
 28429 26106 -213.61820  190  829 -159.34178 -213.79680  34.2%   4.6 6689s
 30670 32145 -213.58786  218  797 -159.34178 -213.79680  34.2%   4.8 7174s
 37456 31756 -213.50641  310  716 -159.34178 -213.79680  34.2%   5.8 7299s
 39329 33351 -213.48721  334  697 -159.34178 -213.79680  34.2%   6.2 7441s
 41548 34784 -213.47116  364  672 -159.34178 -213.79680  34.2%   6.8 7580s
 43721 36023 -213.44574  395  647 -159.34178 -213.79680  34.2%   7.5 7704s
 45684 37485 -213.42583  422  634 -159.34178 -213.79680  34.2%   8.1 7835s
 47800 36811 -213.39874  451  624 -159.34178 -213.79680  34.2%   9.0 7878s
 47832 37830 -213.40274  451  615 -159.34178 -213.79680  34.2%   9.0 7963s
 48861 39943 -213.37459  465  623 -159.34178 -213.79680  34.2%   9.6 8118s
 51353 41344 -213.34893  493  599 -159.34178 -213.79680  34.2%  10.7 8257s
 53633 43153 -213.29263  522  594 -159.34178 -213.79680  34.2%  11.8 8452s
 56368 44898 -213.24255  553  581 -159.34178 -213.79680  34.2%  12.8 8678s
 59189 46997 -213.17456  589  567 -159.34178 -213.79680  34.2%  13.3 8939s
 62146 52703 -213.12492  623  567 -159.34178 -213.79680  34.2%  13.7 9542s
 67852 55737 -213.03264  690  538 -159.34178 -213.79680  34.2%  14.6 9812s
 70886 59263 -212.96605  728  541 -159.34178 -213.79680  34.2%  15.2 10115s
 74412 62805 -212.92008  771  523 -159.34178 -213.79680  34.2%  16.0 10388s
 77954 66341 -212.86165  814  502 -159.34178 -213.79680  34.2%  16.9 10660s
 81534 69622 -212.77330  857  490 -159.34178 -213.79680  34.2%  17.7 10801s

Explored 84815 nodes (1573828 simplex iterations) in 10801.12 seconds (1892.26 work units)
Thread count was 32 (of 48 available processors)

Solution count 4: -159.342 -158.553 -157.631 -136.813 

Time limit reached
Best objective -1.593417762593e+02, best bound -2.137967973252e+02, gap 34.1750%

