Solver command line: ['/cvmfs/restricted.computecanada.ca/easybuild/software/2023/x86-64-v3/Core/gurobi/11.0.1/bin/gurobi.sh']

Set parameter TokenServer to value "license1.computecanada.ca"
Read LP format model from file /tmp/tmp8rejx2ba.pyomo.lp
Reading time = 0.00 seconds
x1: 20 rows, 20 columns, 400 nonzeros
Read MIP start from file /tmp/tmpj6o8hu3y.gurobi.mst
Set parameter TimeLimit to value 10800
Gurobi Optimizer version 11.0.1 build v11.0.1rc0 (linux64 - "AlmaLinux 9.6 (Sage Margay)")

CPU model: AMD EPYC 9454 48-Core Processor, instruction set [SSE2|AVX|AVX2|AVX512]
Thread count: 48 physical cores, 48 logical processors, using up to 32 threads

Optimize a model with 20 rows, 20 columns and 400 nonzeros
Model fingerprint: 0x29ae1c1b
Model has 20 quadratic objective terms
Variable types: 0 continuous, 20 integer (0 binary)
Coefficient statistics:
  Matrix range     [8e-05, 3e-01]
  Objective range  [6e-03, 9e-02]
  QObjective range [4e-04, 9e-03]
  Bounds range     [0e+00, 0e+00]
  RHS range        [8e-02, 1e+00]

Loaded user MIP start with objective -4.29202

Presolve time: 0.00s
Presolved: 20 rows, 20 columns, 400 nonzeros
Presolved model has 20 quadratic objective terms
Variable types: 0 continuous, 20 integer (0 binary)
Found heuristic solution: objective -4.7119166

Root relaxation: objective -5.192407e+00, 12 iterations, 0.00 seconds (0.00 work units)

    Nodes    |    Current Node    |     Objective Bounds      |     Work
 Expl Unexpl |  Obj  Depth IntInf | Incumbent    BestBd   Gap | It/Node Time

     0     0   -5.19241    0   20   -4.71192   -5.19241  10.2%     -    0s
H    0     0                      -5.0146115   -5.19241  3.55%     -    0s
H    0     0                      -5.0631137   -5.19241  2.55%     -    0s
     0     0   -5.19068    0   20   -5.06311   -5.19068  2.52%     -    0s
H    0     0                      -5.0727158   -5.19067  2.33%     -    0s
     0     2   -5.19067    0   20   -5.07272   -5.19067  2.33%     -    0s
H   19    32                      -5.0814567   -5.18776  2.09%   1.9    0s
H 1240  1080                      -5.1014067   -5.18446  1.63%   4.2    0s
H 4784  2710                      -5.1045541   -5.17902  1.46%   4.4    0s
H 8970  3775                      -5.1050670   -5.17902  1.45%   4.3    0s
H25475 11891                      -5.1127094   -5.17209  1.16%   4.4    0s
H27286 11747                      -5.1153578   -5.17195  1.11%   4.4    0s
H34511 14441                      -5.1307316   -5.17023  0.77%   4.4    0s
H288060 43001                      -5.1347835   -5.15104  0.32%   4.3    2s

Explored 438262 nodes (1822923 simplex iterations) in 3.88 seconds (0.81 work units)
Thread count was 32 (of 48 available processors)

Solution count 10: -5.13478 -5.13073 -5.11536 ... -5.06311

Optimal solution found (tolerance 1.00e-04)
Best objective -5.134783524442e+00, best bound -5.135111996396e+00, gap 0.0064%

