Solver command line: ['/cvmfs/restricted.computecanada.ca/easybuild/software/2023/x86-64-v3/Core/gurobi/11.0.1/bin/gurobi.sh']

Set parameter TokenServer to value "license1.computecanada.ca"
Read LP format model from file /tmp/tmpmgwdrsqm.pyomo.lp
Reading time = 0.09 seconds
x1: 500 rows, 500 columns, 250000 nonzeros
Read MIP start from file /tmp/tmpohaonfci.gurobi.mst
Set parameter TimeLimit to value 10800
Gurobi Optimizer version 11.0.1 build v11.0.1rc0 (linux64 - "AlmaLinux 9.6 (Sage Margay)")

CPU model: AMD EPYC 9454 48-Core Processor, instruction set [SSE2|AVX|AVX2|AVX512]
Thread count: 48 physical cores, 48 logical processors, using up to 32 threads

Optimize a model with 500 rows, 500 columns and 250000 nonzeros
Model fingerprint: 0x45e647fd
Model has 500 quadratic objective terms
Variable types: 0 continuous, 500 integer (0 binary)
Coefficient statistics:
  Matrix range     [7e-07, 5e-01]
  Objective range  [2e-04, 1e-01]
  QObjective range [2e-05, 1e-02]
  Bounds range     [0e+00, 0e+00]
  RHS range        [1e-03, 1e+00]

Loaded user MIP start with objective -75.6649

Presolve time: 0.05s
Presolved: 500 rows, 500 columns, 250000 nonzeros
Presolved model has 500 quadratic objective terms
Variable types: 0 continuous, 500 integer (0 binary)
Found heuristic solution: objective -86.0489357

Root relaxation: objective -1.067803e+02, 290 iterations, 0.55 seconds (0.51 work units)

    Nodes    |    Current Node    |     Objective Bounds      |     Work
 Expl Unexpl |  Obj  Depth IntInf | Incumbent    BestBd   Gap | It/Node Time

     0     0 -106.78025    0  500  -86.04894 -106.78025  24.1%     -    0s
     0     0 -106.77918    0  500  -86.04894 -106.77918  24.1%     -    4s
     0     2 -106.77918    0  500  -86.04894 -106.77918  24.1%     -    5s
    31    64 -106.77174    5  495  -86.04894 -106.77576  24.1%   2.3   10s
    63    96 -106.77084    6  494  -86.04894 -106.77495  24.1%   2.3   67s
H  110   128                     -87.1248471 -106.77474  22.6%   2.3   69s
   127   160 -106.76989    7  493  -87.12485 -106.77474  22.6%   2.3   70s
   159   192 -106.76957    7  493  -87.12485 -106.77474  22.6%   2.3   89s
   191   256 -106.76908    8  492  -87.12485 -106.77474  22.6%   2.3   91s
   460  1158 -106.76550   12  488  -87.12485 -106.77474  22.6%   2.3  102s
  1157  1190 -106.74863   27  473  -87.12485 -106.77474  22.6%   2.4  113s
H 1173  1190                     -87.9932756 -106.77474  21.3%   2.4  113s
  1189  2257 -106.74890   27  473  -87.99328 -106.77474  21.3%   2.4  123s
  2256  2289 -106.72807   50  450  -87.99328 -106.77474  21.3%   2.5  128s
H 2260  2289                     -88.2197046 -106.77474  21.0%   2.5  128s
  2288  3181 -106.72704   51  451  -88.21970 -106.77474  21.0%   2.5  137s
  3180  4007 -106.70221   70  432  -88.21970 -106.77474  21.0%   2.7  145s
  4006  4814 -106.68383   87  417  -88.21970 -106.77474  21.0%   2.9  152s
  4813  5605 -106.66917  100  405  -88.21970 -106.77474  21.0%   3.1  159s
  5604  6402 -106.65093  116  391  -88.21970 -106.77474  21.0%   3.4  165s
  6401  7195 -106.63105  135  378  -88.21970 -106.77474  21.0%   3.7  172s
  7194  7941 -106.61057  154  359  -88.21970 -106.77474  21.0%   4.1  179s
  7940  8759 -106.59287  168  350  -88.21970 -106.77474  21.0%   4.5  186s
  8758  9595 -106.56837  185  342  -88.21970 -106.77474  21.0%   5.0  193s
  9594 10448 -106.54283  200  326  -88.21970 -106.77474  21.0%   5.4  199s
 10447 11318 -106.50915  218  314  -88.21970 -106.77474  21.0%   6.0  205s
 11317 12209 -106.47646  231  310  -88.21970 -106.77474  21.0%   6.6  212s
 12208 13119 -106.44577  248  307  -88.21970 -106.77474  21.0%   7.1  219s
 13118 13940 -106.39774  266  290  -88.21970 -106.77474  21.0%   7.8  225s
 13939 14876 -106.34765  281  281  -88.21970 -106.77474  21.0%   8.5  231s
 14876 14877 -106.70550   76  500  -88.21970 -106.77474  21.0%   9.2  317s
 14881 14883 -106.77474   16  499  -88.21970 -106.77474  21.0%   9.3  320s
 14943 14955 -106.76836   21  494  -88.21970 -106.77292  21.0%   9.2  325s
 15039 15019 -106.76616   22  493  -88.21970 -106.77166  21.0%   9.2  340s
 15193 15198 -106.76241   24  491  -88.21970 -106.77166  21.0%   9.1  346s
 15302 15383 -106.76227   26  489  -88.21970 -106.77166  21.0%   9.1  351s
 15523 15775 -106.75755   29  486  -88.21970 -106.77166  21.0%   9.0  357s
 15989 15652 -106.74964   35  480  -88.21970 -106.77166  21.0%   8.8  365s
 16021 16025 -106.74871   35  480  -88.21970 -106.77166  21.0%   8.8  484s
 16405 17893 -106.74031   41  474  -88.21970 -106.77166  21.0%   8.6  507s
 18401 17260 -106.71644   65  450  -88.21970 -106.77166  21.0%   8.0  517s
H18413 16511                     -88.4998216 -106.77166  20.6%   8.0  517s
 18433 17913 -106.71462   65  450  -88.49982 -106.77166  20.6%   8.0  530s
 19842 18825 -106.69284   80  435  -88.49982 -106.77166  20.6%   7.7  542s
H21223 17690                     -89.3400453 -106.77166  19.5%   7.5  710s
H21242 17012                     -89.8654686 -106.77166  18.8%   7.5  710s
 21255 18022 -106.67197   97  420  -89.86547 -106.77166  18.8%   7.5  720s
 22269 17716 -106.66279  110  408  -89.86547 -106.77166  18.8%   7.4  731s
 22301 18793 -106.66465  111  405  -89.86547 -106.77166  18.8%   7.4  742s
 23389 19688 -106.65051  125  392  -89.86547 -106.77166  18.8%   7.4  753s
 24647 20527 -106.63565  141  378  -89.86547 -106.77166  18.8%   7.5  765s
 25905 21384 -106.63007  157  364  -89.86547 -106.77166  18.8%   7.6  775s
 27181 22212 -106.61703  173  348  -89.86547 -106.77166  18.8%   7.7  785s
 28435 23077 -106.59983  188  346  -89.86547 -106.77166  18.8%   8.0  796s
 29718 27095 -106.58877  204  330  -89.86547 -106.77166  18.8%   8.3  831s
 34261 26778 -106.53796  269  300  -89.86547 -106.77166  18.8%   9.8  841s
 35593 27639 -106.49697  284  298  -89.86547 -106.77166  18.8%  10.1  853s
 36936 28643 -106.48110  299  288  -89.86547 -106.77166  18.8%  10.2  866s
 38387 29523 -106.45224  315  281  -89.86547 -106.77166  18.8%  10.4  878s
 39751 29100 -106.42151  330  285  -89.86547 -106.77166  18.8%  10.5  881s
 39783 30527 -106.43894  331  273  -89.86547 -106.77166  18.8%  10.5  893s
 41220 31678 -106.42357  347  270  -89.86547 -106.77166  18.8%  10.8  905s
 42850 32858 -106.40039  365  273  -89.86547 -106.77166  18.8%  11.1  917s
 44574 34012 -106.36292  382  264  -89.86547 -106.77166  18.8%  11.4  930s
 46347 34819 -106.32146  400  258  -89.86547 -106.77166  18.8%  11.8  942s
 47745 35974 -106.28329  419  247  -89.86547 -106.77166  18.8%  12.1  955s
 49366 37078 -106.23672  437  246  -89.86547 -106.77166  18.8%  12.5  969s
 51031 38059 -106.14935  456  242  -89.86547 -106.77166  18.8%  13.1  981s
 52718 39402 -106.10663  474  219  -89.86547 -106.77166  18.8%  13.6  997s
 54712 41301 -105.91114  495  211  -89.86547 -106.77166  18.8%  14.0 1012s
 56755 43337 -105.77913  516  203  -89.86547 -106.77166  18.8%  14.3 1029s
 58791 47956 -105.64946  536  195  -89.86547 -106.77166  18.8%  14.7 1067s
 63410 50147 -105.20568  583  189  -89.86547 -106.77166  18.8%  15.9 1079s
 65746 51187 -105.10526  605  172  -89.86547 -106.77166  18.8%  16.8 1090s
 66880 54256 -104.90779  617  170  -89.86547 -106.77166  18.8%  17.1 1110s
 70013 57394 -104.49947  649  152  -89.86547 -106.77166  18.8%  17.9 1130s
 73267 60878 -103.40337  681  147  -89.86547 -106.77166  18.8%  18.7 1151s
 77029 64584 -106.58771  125  400  -89.86547 -106.77166  18.8%  19.3 1172s
 81101 69427 -106.16913  277  309  -89.86547 -106.77166  18.8%  19.3 1199s
 86098 74112 -105.29816  444  256  -89.86547 -106.77166  18.8%  19.0 1225s
 90901 83908 -104.09065  593  226  -89.86547 -106.77166  18.8%  18.7 1271s
 100879 83950 -100.47799  916  155  -89.86547 -106.77166  18.8%  18.5 1275s
 100921 87664 -100.47754  917  153  -89.86547 -106.77166  18.8%  18.5 1291s
 104767 91782  -97.97308 1069  125  -89.86547 -106.77166  18.8%  18.6 1307s
 109199 95448  -92.30008 1352   61  -89.86547 -106.77166  18.8%  18.6 1331s
 113070 98960 -106.74102   47  468  -89.86547 -106.77029  18.8%  18.5 1359s
 116870 102593 -106.68357   81  435  -89.86547 -106.77029  18.8%  18.3 1385s
 120545 110409 -106.63900  105  413  -89.86547 -106.77029  18.8%  18.1 1432s
 128391 113806 -106.49280  166  363  -89.86547 -106.77029  18.8%  18.0 1455s
 132084 118089 -106.42860  191  346  -89.86547 -106.77029  18.8%  18.1 1483s
 136543 122516 -106.39560  209  334  -89.86547 -106.77029  18.8%  18.1 1510s
 141351 126970 -106.32986  233  322  -89.86547 -106.77029  18.8%  18.0 1540s
 145875 128133 -106.23444  263  306  -89.86547 -106.77029  18.8%  17.8 1550s
 147038 133008 -106.21509  270  305  -89.86547 -106.77029  18.8%  17.7 1574s
 151913 140106 -106.14988  293  292  -89.86547 -106.77029  18.8%  17.8 1606s
 159292 144581 -105.94818  336  289  -89.86547 -106.77029  18.8%  18.0 1634s
 163990 148881 -105.91438  347  285  -89.86547 -106.77029  18.8%  18.1 1662s
 168580 153286 -105.80673  369  275  -89.86547 -106.77029  18.8%  17.9 1690s
 173017 157366 -105.69148  389  272  -89.86547 -106.77029  18.8%  17.8 1710s
 177097 157398 -105.58685  408  267  -89.86547 -106.77029  18.8%  17.8 1884s
 177129 161005 -105.59924  408  269  -89.86547 -106.77029  18.8%  17.8 1901s
 180736 163498 -105.44087  433  263  -89.86547 -106.77029  18.8%  17.9 1915s
 183229 169667 -105.37993  439  261  -89.86547 -106.77029  18.8%  18.1 1939s
 189639 171703 -105.09548  466  258  -89.86547 -106.77029  18.8%  18.6 1956s
 192016 177516 -105.06043  476  250  -89.86547 -106.77029  18.8%  18.6 1996s
 197969 183019 -104.86901  494  250  -89.86547 -106.77029  18.8%  18.6 2027s
 203622 187752 -104.64111  522  237  -89.86547 -106.77029  18.8%  18.7 2048s
 208507 192478 -104.37557  546  233  -89.86547 -106.77029  18.8%  18.9 2077s
 213287 198851 -104.21192  561  231  -89.86547 -106.77029  18.8%  19.1 2110s
 220044 203866 -103.66916  591  229  -89.86547 -106.77029  18.8%  19.4 2141s
 225482 206985 -103.27765  616  218  -89.86547 -106.77029  18.8%  19.4 2162s
 228665 211994 -103.14812  623  217  -89.86547 -106.77029  18.8%  19.3 2187s
 233674 216844 -102.96504  640  209  -89.86547 -106.77029  18.8%  19.4 2207s
 238524 221259 -102.64608  651  209  -89.86547 -106.77029  18.8%  19.6 2229s
 243030 224543 -102.31878  669  203  -89.86547 -106.77029  18.8%  19.9 2254s
 246373 229773 -101.85554  680  204  -89.86547 -106.77029  18.8%  20.1 2314s
 252056 238837 -101.33793  699  205  -89.86547 -106.77029  18.8%  20.5 2365s
 261705 245319 -100.48739  719  192  -89.86547 -106.77029  18.8%  20.4 2395s
 268187 250691 -100.06722  736  182  -89.86547 -106.77029  18.8%  20.5 2409s
 273559 257328  -99.35001  762  178  -89.86547 -106.77029  18.8%  20.7 2436s
 280727 259264  -98.68171  781  169  -89.86547 -106.77029  18.8%  21.0 2450s
 282721 267738  -98.62946  784  173  -89.86547 -106.77029  18.8%  21.0 2480s
 291370 273836  -97.68651  808  159  -89.86547 -106.77029  18.8%  21.0 2507s
 297934 277565  -96.48249  826  157  -89.86547 -106.77029  18.8%  21.0 2528s
 301782 281171  -95.69945  842  151  -89.86547 -106.77029  18.8%  21.0 2549s
 305563 287309  -94.88683  853  146  -89.86547 -106.77029  18.8%  21.0 2580s
 311815 292067  -91.46910  886  147  -89.86547 -106.77029  18.8%  21.1 2608s
 316843 296965 -106.54213  211  333  -89.86547 -106.76985  18.8%  21.2 2634s
 321953 301767 -105.95526  413  242  -89.86547 -106.76985  18.8%  21.2 2661s
 326885 301799 -104.67761  562  205  -89.86547 -106.76985  18.8%  21.2 2827s
 326917 305191 -104.66195  563  206  -89.86547 -106.76985  18.8%  21.2 2845s
 330346 310227 -103.04697  669  185  -89.86547 -106.76985  18.8%  21.2 2872s
 335443 316191 -100.15800  810  161  -89.86547 -106.76985  18.8%  21.4 2928s
 341543 318862  -91.88243 1006  129  -89.86547 -106.76985  18.8%  21.6 2943s
H343051 318850                     -89.9493961 -106.76949  18.7%  21.7 2943s
 344340 321751 -106.70453   88  428  -89.94940 -106.76949  18.7%  21.7 2965s
 347689 323744 -106.52878  228  325  -89.94940 -106.76949  18.7%  21.8 3024s
 349958 333225 -106.51710  234  326  -89.94940 -106.76949  18.7%  21.9 3078s
 359787 339429 -104.89260  558  212  -89.94940 -106.76949  18.7%  21.8 3107s
 366112 345890 -101.79948  728  169  -89.94940 -106.76949  18.7%  21.8 3136s
 372588 349640  -94.63295  925  132  -89.94940 -106.76949  18.7%  22.0 3151s
 376482 355006 -106.69901  104  417  -89.94940 -106.76805  18.7%  22.2 3174s
 382497 360887 -106.37104  301  285  -89.94940 -106.76805  18.7%  22.3 3206s
 388817 364144 -105.53812  480  219  -89.94940 -106.76805  18.7%  22.2 3224s
 392102 369038 -104.62513  574  201  -89.94940 -106.76805  18.7%  22.2 3247s
 397224 375324 -102.12749  718  165  -89.94940 -106.76805  18.7%  22.2 3280s
 403592 379622  -96.40489  916  133  -89.94940 -106.76805  18.7%  22.3 3298s
 408096 384027 -106.71697   80  437  -89.94940 -106.76783  18.7%  22.5 3325s
 412570 386687 -106.40870  295  292  -89.94940 -106.76783  18.7%  22.7 3345s
 415619 392035 -105.93224  424  245  -89.94940 -106.76783  18.7%  22.8 3386s
 421498 397509 -103.94694  605  195  -89.94940 -106.76783  18.7%  22.8 3431s
 427161 403046 -101.35940  744  168  -89.94940 -106.76783  18.7%  22.8 3486s
 432882 407259  -96.39576  908  146  -89.94940 -106.76783  18.7%  22.7 3527s
 437284 411206 -106.76721   27  488  -89.94940 -106.76721  18.7%  22.7 3563s
H441231 413113                     -90.1880902 -106.76688  18.4%  22.7 3587s
 443523 415995 -106.62750  133  390  -90.18809 -106.76688  18.4%  22.7 3616s
 446405 421526 -106.56580  183  346  -90.18809 -106.76688  18.4%  22.7 3665s
 452220 421558 -106.40180  278  297  -90.18809 -106.76688  18.4%  22.8 3838s
 452252 426437 -106.39455  278  297  -90.18809 -106.76688  18.4%  22.8 3874s
 457131 429187 -106.23813  355  271  -90.18809 -106.76688  18.4%  22.8 3899s
 459901 429248 -106.04852  404  251  -90.18809 -106.76688  18.4%  22.9 3929s
 459968 438937 -106.04739  405  251  -90.18809 -106.76688  18.4%  22.9 3990s
 470501 444464 -104.97757  551  202  -90.18809 -106.76688  18.4%  22.9 4026s
 476173 448206 -104.38365  616  177  -90.18809 -106.76688  18.4%  22.9 4050s
 480048 454822 -103.84236  655  161  -90.18809 -106.76688  18.4%  22.8 4083s
 486842 462242 -106.76278   31  484  -90.18809 -106.76666  18.4%  22.9 4121s
 494671 467029 -106.35617  322  278  -90.18809 -106.76666  18.4%  23.0 4152s
 499658 471460 -105.53888  481  219  -90.18809 -106.76666  18.4%  22.9 4174s
 504089 475086 -104.25244  609  188  -90.18809 -106.76666  18.4%  22.9 4190s
 507867 476651 -102.54854  727  153  -90.18809 -106.76666  18.4%  22.9 4203s
 509478 481371 -101.49436  773  142  -90.18809 -106.76665  18.4%  22.9 4226s
 514256 486441 -106.76066   32  483  -90.18809 -106.76664  18.4%  23.0 4258s
 519428 491987 -106.68906  100  418  -90.18809 -106.76664  18.4%  23.1 4288s
 525248 498701 -106.64399  152  377  -90.18809 -106.76664  18.4%  23.2 4332s
 532417 503337 -106.53620  226  324  -90.18809 -106.76664  18.4%  23.2 4370s
 537114 507861 -106.45175  281  298  -90.18809 -106.76664  18.4%  23.1 4401s
 541734 511965 -106.30190  333  273  -90.18809 -106.76664  18.4%  23.0 4432s
 545845 516039 -106.12458  386  266  -90.18809 -106.76664  18.4%  23.0 4457s
 549919 519707 -105.85463  444  235  -90.18809 -106.76664  18.4%  23.1 4479s
 553667 526882 -105.61679  495  221  -90.18809 -106.76664  18.4%  23.1 4523s
 561237 532203 -104.93189  587  185  -90.18809 -106.76664  18.4%  23.1 4556s
 566701 537214 -103.83411  657  164  -90.18809 -106.76664  18.4%  23.1 4597s
 571867 542012 -106.69925   88  429  -90.18809 -106.76644  18.4%  23.2 4623s
 576672 546602 -106.31084  315  281  -90.18809 -106.76644  18.4%  23.2 4656s
 581635 546630 -105.27260  503  223  -90.18809 -106.76644  18.4%  23.2 4838s
 581671 577627 -105.25947  504  220  -90.18809 -106.76642  18.4%  23.2 5106s
 613703 583941 -105.57923  476  224  -90.18809 -106.76642  18.4%  23.2 5162s
 620334 585888 -102.79952  695  170  -90.18809 -106.76642  18.4%  23.2 5180s
 622281 591179 -101.66920  758  155  -90.18809 -106.76632  18.4%  23.2 5223s
 627766 593784 -106.75756   35  480  -90.18809 -106.76632  18.4%  23.2 5248s
 630371 599519 -106.61304  160  369  -90.18809 -106.76632  18.4%  23.2 5287s
 636310 604978 -105.94261  416  250  -90.18809 -106.76632  18.4%  23.2 5328s
 641847 610119 -104.15813  603  184  -90.18809 -106.76632  18.4%  23.1 5359s
 647014 616106 -101.13900  775  155  -90.18809 -106.76632  18.4%  23.1 5403s
 653107 618316 -106.70773   87  428  -90.18809 -106.76628  18.4%  23.1 5423s
 655342 623724 -106.58820  198  340  -90.18809 -106.76628  18.4%  23.1 5455s
 660870 629033 -105.77780  445  229  -90.18809 -106.76628  18.4%  23.2 5486s
 666245 633956 -103.80117  628  192  -90.18809 -106.76628  18.4%  23.2 5515s
 671506 639073 -101.15149  784  161  -90.18809 -106.76628  18.4%  23.3 5552s
 676759 645174  -97.10420  949  134  -90.18809 -106.76628  18.4%  23.3 5587s
 683108 649591 -106.60578  166  363  -90.18809 -106.76622  18.4%  23.3 5609s
 687745 651892 -106.13024  367  268  -90.18809 -106.76622  18.4%  23.3 5626s
 690135 657674 -105.72691  451  247  -90.18809 -106.76622  18.4%  23.3 5663s
 696207 662530 -103.58801  631  188  -90.18809 -106.76622  18.4%  23.4 5690s
 701191 667301 -100.83047  768  169  -90.18809 -106.76622  18.4%  23.4 5714s
 706040 667333  -96.40854  921  146  -90.18809 -106.76622  18.4%  23.4 5908s
 706072 698217  -96.30340  922  144  -90.18809 -106.76622  18.4%  23.4 6155s
 738104 700987 -106.50974  188  346  -90.18809 -106.76615  18.4%  23.6 6198s
 740976 709379 -106.47294  203  341  -90.18809 -106.76615  18.4%  23.5 6286s
 749418 713279 -106.36712  252  309  -90.18809 -106.76615  18.4%  23.4 6333s
 753318 719195 -106.33145  269  307  -90.18809 -106.76615  18.4%  23.4 6438s
 759242 726115 -106.24838  298  294  -90.18809 -106.76615  18.4%  23.4 6499s
 766357 729753 -106.14691  327  292  -90.18809 -106.76615  18.4%  23.3 6535s
 769995 735448 -106.10415  340  283  -90.18809 -106.76615  18.4%  23.3 6588s
 775840 739784 -105.89094  380  259  -90.18809 -106.76615  18.4%  23.3 6626s
 780370 744360 -105.79029  398  256  -90.18809 -106.76615  18.4%  23.2 6667s
 785001 748908 -105.62408  420  251  -90.18809 -106.76615  18.4%  23.2 6712s
 789614 753317 -105.52889  436  253  -90.18809 -106.76615  18.4%  23.2 6746s
 794023 755794 -105.30309  456  242  -90.18809 -106.76615  18.4%  23.2 6770s
 796500 760982 -105.15114  470  240  -90.18809 -106.76615  18.4%  23.2 6810s
 801759 765980 -104.82075  501  234  -90.18809 -106.76615  18.4%  23.2 6844s
 806757 770957 -104.65971  520  230  -90.18809 -106.76615  18.4%  23.2 6874s
 811848 775542 -104.38737  545  228  -90.18809 -106.76615  18.4%  23.2 6902s
 816611 780149 -104.10278  573  217  -90.18809 -106.76615  18.4%  23.2 6940s
 821344 780181 -103.72852  595  213  -90.18809 -106.76615  18.4%  23.3 7117s
 821376 782688 -103.61021  600  212  -90.18809 -106.76615  18.4%  23.3 7139s
 823937 787993 -103.29508  618  208  -90.18809 -106.76615  18.4%  23.3 7177s
 829356 792974 -102.89490  638  201  -90.18809 -106.76615  18.4%  23.3 7210s
 834337 797899 -102.18060  675  193  -90.18809 -106.76615  18.4%  23.4 7239s
 839375 800926 -101.44176  706  187  -90.18809 -106.76615  18.4%  23.4 7262s
 842468 807130 -101.17699  717  180  -90.18809 -106.76615  18.4%  23.4 7331s
 848734 812665 -100.05724  748  171  -90.18809 -106.76615  18.4%  23.5 7373s
 854526 817918  -99.09316  777  171  -90.18809 -106.76615  18.4%  23.5 7413s
 859919 822942 -106.76319   32  483  -90.18809 -106.76615  18.4%  23.6 7445s
 865027 826133 -106.43492  270  301  -90.18809 -106.76615  18.4%  23.6 7475s
 868352 833211 -106.00053  414  254  -90.18809 -106.76615  18.4%  23.6 7521s
 875674 840110 -103.57785  665  177  -90.18809 -106.76615  18.4%  23.6 7562s
 882869 845715  -98.16166  897  130  -90.18809 -106.76602  18.4%  23.6 7591s
 888812 851191 -106.60517  199  340  -90.18809 -106.76602  18.4%  23.7 7624s
 894693 857434 -105.96684  422  241  -90.18809 -106.76602  18.4%  23.7 7669s
 901143 861468 -103.83463  620  184  -90.18809 -106.76602  18.4%  23.7 7703s
 905429 863780 -101.47663  755  158  -90.18809 -106.76602  18.4%  23.7 7724s
 907869 869230  -99.65325  842  139  -90.18809 -106.76602  18.4%  23.6 7759s
 913453 874415 -106.71562   78  437  -90.18809 -106.76600  18.4%  23.6 7794s
 918784 876047 -106.29786  328  268  -90.18809 -106.76600  18.4%  23.6 7844s
 920416 881807 -106.07715  379  250  -90.18809 -106.76600  18.4%  23.6 7878s
 926176 887615 -104.17757  617  191  -90.18809 -106.76600  18.4%  23.6 7908s
 932240 889881  -99.69405  828  146  -90.18809 -106.76600  18.4%  23.7 7929s
 934554 889913 -106.75997   36  479  -90.18809 -106.76594  18.4%  23.7 8093s
 934586 895558 -106.75923   37  478  -90.18809 -106.76594  18.4%  23.7 8127s
 940231 900560 -106.56082  214  327  -90.18809 -106.76594  18.4%  23.7 8150s
 945299 903425 -106.39230  307  284  -90.18809 -106.76594  18.4%  23.7 8167s
 948400 910099 -106.23160  357  254  -90.18809 -106.76594  18.4%  23.8 8200s
 955475 918732 -105.89216  428  229  -90.18809 -106.76594  18.4%  23.8 8231s
 964505 922228 -105.54174  488  211  -90.18809 -106.76594  18.4%  23.8 8249s
 968094 926276 -105.21333  533  205  -90.18809 -106.76594  18.4%  23.8 8274s
 972178 930257 -104.99798  574  191  -90.18809 -106.76594  18.4%  23.8 8292s
 976568 934589 -104.58797  628  163  -90.18809 -106.76594  18.4%  23.9 8316s
 981319 936320 -104.23369  670  144  -90.18809 -106.76594  18.4%  23.9 8329s
 983068 941314 -104.08288  684  142  -90.18809 -106.76594  18.4%  23.9 8355s
 988318 948426 -103.50829  708  137  -90.18809 -106.76594  18.4%  23.9 8389s
 995764 953074 -102.79384  724  134  -90.18809 -106.76594  18.4%  23.9 8411s
 1000634 957876 -106.68017  113  403  -90.18809 -106.76585  18.4%  23.9 8436s
 1005623 963351 -106.40704  302  286  -90.18809 -106.76585  18.4%  23.9 8453s
 1011190 969675 -105.75181  473  221  -90.18809 -106.76585  18.4%  23.9 8473s
 1018105 977831 -104.47284  613  181  -90.18809 -106.76585  18.4%  23.9 8520s
 1026682 981795 -106.72909   62  453  -90.18809 -106.76581  18.4%  23.8 8542s
 1030830 983085 -106.50275  218  329  -90.18809 -106.76581  18.4%  23.8 8555s
 1032192 988385 -106.41155  264  304  -90.18809 -106.76581  18.4%  23.8 8582s
 1037516 993234 -105.77626  431  238  -90.18809 -106.76581  18.4%  23.8 8601s
 1042744 997514 -104.54061  575  197  -90.18809 -106.76581  18.4%  23.8 8629s
 1047388 1004772 -102.34228  707  157  -90.18809 -106.76578  18.4%  23.8 8691s
 1055034 1009080 -106.55549  210  331  -90.18809 -106.76578  18.4%  23.7 8724s
 1059584 1013499 -106.14020  382  247  -90.18809 -106.76578  18.4%  23.7 8760s
 1064013 1017249 -105.27148  544  197  -90.18809 -106.76578  18.4%  23.7 8822s
 1067846 1022083 -104.26767  656  163  -90.18809 -106.76578  18.4%  23.7 8849s
 1072886 1024532 -106.70722   68  447  -90.18809 -106.76575  18.4%  23.6 8869s
 1075522 1030575 -106.54246  177  353  -90.18809 -106.76575  18.4%  23.6 8908s
 1081713 1030607 -105.73871  397  263  -90.18809 -106.76575  18.4%  23.6 9075s
 1081745 1061526 -105.73513  398  259  -90.18809 -106.76575  18.4%  23.6 9276s
 1113777 1065212  -91.51385 1399   37  -90.18809 -106.76575  18.4%  23.6 9308s
 1117580 1070719 -106.56935  192  344  -90.18809 -106.76573  18.4%  23.5 9345s
 1123087 1074791 -105.85258  425  237  -90.18809 -106.76573  18.4%  23.5 9369s
 1127159 1081283 -104.47265  599  185  -90.18809 -106.76573  18.4%  23.6 9394s
 1133789 1087365 -106.72619   54  461  -90.18809 -106.76569  18.4%  23.6 9428s
 1140039 1092636 -106.04031  341  271  -90.18809 -106.76569  18.4%  23.6 9455s
 1145639 1098934 -104.79473  550  222  -90.18809 -106.76569  18.4%  23.7 9489s
 1152251 1100461 -102.64252  766  173  -90.18809 -106.76569  18.4%  23.7 9538s
 1153794 1106928 -102.04293  816  157  -90.18809 -106.76569  18.4%  23.7 9577s
 1160597 1113022  -97.51522 1092  114  -90.18809 -106.76569  18.4%  23.7 9610s
 1166972 1118269 -106.65941  136  392  -90.18809 -106.76568  18.4%  23.7 9636s
 1172311 1123189 -106.25255  346  265  -90.18809 -106.76568  18.4%  23.7 9655s
 1177291 1129921 -105.27839  530  209  -90.18809 -106.76568  18.4%  23.7 9687s
 1184347 1134533 -101.68366  767  145  -90.18809 -106.76568  18.4%  23.7 9709s
 1189096 1136242 -106.66444  124  396  -90.18809 -106.76566  18.4%  23.7 9724s
 1190933 1141461 -106.60649  182  349  -90.18809 -106.76566  18.4%  23.7 9753s
 1196416 1146381 -106.44150  270  291  -90.18809 -106.76566  18.4%  23.7 9780s
 1201939 1150790 -106.23848  329  270  -90.18809 -106.76566  18.4%  23.7 9813s
 1206932 1157912 -106.06022  392  240  -90.18809 -106.76566  18.4%  23.7 9857s
 1214256 1162491 -105.69980  476  214  -90.18809 -106.76566  18.4%  23.7 9877s
 1218857 1162523 -105.39808  520  192  -90.18809 -106.76566  18.4%  23.7 10046s
 1218889 1166529 -105.38196  521  195  -90.18809 -106.76566  18.4%  23.7 10062s
 1222895 1168851 -105.02363  560  181  -90.18809 -106.76566  18.4%  23.7 10072s
 1225263 1173799 -104.91914  573  176  -90.18809 -106.76566  18.4%  23.7 10139s
 1230653 1179659 -104.33931  624  157  -90.18809 -106.76566  18.4%  23.7 10177s
 1236751 1186295 -103.52520  665  152  -90.18809 -106.76566  18.4%  23.7 10210s
 1243457 1190882 -106.63940  161  367  -90.18809 -106.76559  18.4%  23.7 10232s
 1248182 1193222 -106.20859  365  251  -90.18809 -106.76559  18.4%  23.7 10246s
 1250624 1198757 -105.86216  442  224  -90.18809 -106.76559  18.4%  23.7 10280s
 1256601 1204581 -104.43351  627  169  -90.18809 -106.76559  18.4%  23.7 10312s
 1262836 1209692 -100.24656  823  127  -90.18809 -106.76551  18.4%  23.7 10344s
 1268085 1217086 -106.59990  189  346  -90.18809 -106.76551  18.4%  23.7 10373s
 1275699 1221786 -105.75904  454  225  -90.18809 -106.76551  18.4%  23.7 10393s
 1280833 1226398 -104.61665  601  191  -90.18809 -106.76551  18.4%  23.7 10423s
 1285701 1227733 -102.80861  750  150  -90.18809 -106.76551  18.4%  23.7 10434s
 1287176 1232151 -101.80967  812  125  -90.18809 -106.76551  18.4%  23.6 10461s
 1291689 1236507 -106.71865   65  451  -90.18809 -106.76547  18.4%  23.6 10496s
 1296143 1240786 -106.65532  108  411  -90.18809 -106.76547  18.4%  23.6 10531s
 1300550 1243195 -106.59380  145  380  -90.18809 -106.76547  18.4%  23.7 10590s
 1303069 1260159 -106.57084  159  377  -90.18809 -106.76547  18.4%  23.7 10707s
 1320651 1265316 -106.22304  285  301  -90.18809 -106.76547  18.4%  23.7 10736s
 1325942 1268939 -106.08084  323  279  -90.18809 -106.76547  18.4%  23.8 10755s
 1329926 1274680 -106.02515  340  280  -90.18809 -106.76547  18.4%  23.8 10800s

Explored 1335899 nodes (31759755 simplex iterations) in 10800.13 seconds (3984.14 work units)
Thread count was 32 (of 48 available processors)

Solution count 10: -90.1881 -89.9494 -89.8655 ... -75.6649

Time limit reached
Best objective -9.018809024684e+01, best bound -1.067654661332e+02, gap 18.3809%

