Solver command line: ['/cvmfs/restricted.computecanada.ca/easybuild/software/2023/x86-64-v3/Core/gurobi/11.0.1/bin/gurobi.sh']

Set parameter TokenServer to value "license1.computecanada.ca"
Read LP format model from file /tmp/tmpit9r49q0.pyomo.lp
Reading time = 0.09 seconds
x1: 500 rows, 500 columns, 250000 nonzeros
Read MIP start from file /tmp/tmpicdhiuxy.gurobi.mst
Set parameter TimeLimit to value 10800
Gurobi Optimizer version 11.0.1 build v11.0.1rc0 (linux64 - "AlmaLinux 9.6 (Sage Margay)")

CPU model: AMD EPYC 9454 48-Core Processor, instruction set [SSE2|AVX|AVX2|AVX512]
Thread count: 48 physical cores, 48 logical processors, using up to 32 threads

Optimize a model with 500 rows, 500 columns and 250000 nonzeros
Model fingerprint: 0xfced794a
Model has 500 quadratic objective terms
Variable types: 0 continuous, 500 integer (0 binary)
Coefficient statistics:
  Matrix range     [7e-07, 5e-01]
  Objective range  [2e-04, 1e-01]
  QObjective range [2e-05, 1e-02]
  Bounds range     [0e+00, 0e+00]
  RHS range        [8e-04, 1e+00]

Loaded user MIP start with objective -75.4741

Presolve time: 0.05s
Presolved: 500 rows, 500 columns, 250000 nonzeros
Presolved model has 500 quadratic objective terms
Variable types: 0 continuous, 500 integer (0 binary)
Found heuristic solution: objective -84.9068616

Root relaxation: objective -1.063958e+02, 287 iterations, 0.54 seconds (0.50 work units)

    Nodes    |    Current Node    |     Objective Bounds      |     Work
 Expl Unexpl |  Obj  Depth IntInf | Incumbent    BestBd   Gap | It/Node Time

     0     0 -106.39582    0  500  -84.90686 -106.39582  25.3%     -    0s
     0     0 -106.39394    0  500  -84.90686 -106.39394  25.3%     -    4s
     0     2 -106.39394    0  500  -84.90686 -106.39394  25.3%     -    6s
    31    64 -106.39027    5  495  -84.90686 -106.39199  25.3%   2.1   10s
    63    96 -106.38885    6  494  -84.90686 -106.39115  25.3%   2.1   69s
    95   128 -106.38851    6  494  -84.90686 -106.39060  25.3%   2.2   72s
H   97   128                     -85.9385081 -106.39060  23.8%   2.1   72s
   159   192 -106.38834    7  493  -85.93851 -106.39060  23.8%   2.2   92s
   255   461 -106.38702    9  491  -85.93851 -106.39060  23.8%   2.2   97s
   460  1147 -106.38440   12  488  -85.93851 -106.39060  23.8%   2.2  105s
  1146  1179 -106.36953   26  474  -85.93851 -106.39060  23.8%   2.3  115s
H 1147  1179                     -86.3906000 -106.39060  23.2%   2.3  115s
H 1174  1179                     -87.7432991 -106.39060  21.3%   2.3  115s
  1178  2427 -106.36867   27  473  -87.74330 -106.39060  21.3%   2.3  127s
  2426  2459 -106.34324   53  447  -87.74330 -106.39060  21.3%   2.4  132s
  2458  3459 -106.34174   53  447  -87.74330 -106.39060  21.3%   2.4  141s
  3458  4383 -106.31825   76  429  -87.74330 -106.39060  21.3%   2.6  149s
  4382  5267 -106.30270   93  412  -87.74330 -106.39060  21.3%   2.8  156s
  5266  6143 -106.28400  115  393  -87.74330 -106.39060  21.3%   3.1  164s
  6142  6895 -106.25752  134  377  -87.74330 -106.39060  21.3%   3.5  171s
  6894  7793 -106.23713  147  365  -87.74330 -106.39060  21.3%   3.8  178s
  7792  8694 -106.21395  163  357  -87.74330 -106.39060  21.3%   4.2  185s
  8693  9608 -106.19152  178  347  -87.74330 -106.39060  21.3%   4.7  192s
  9607 10523 -106.17578  191  339  -87.74330 -106.39060  21.3%   5.2  199s
 10522 11450 -106.14328  205  329  -87.74330 -106.39060  21.3%   5.8  206s
 11449 12414 -106.11614  222  318  -87.74330 -106.39060  21.3%   6.4  213s
 12413 13392 -106.08111  240  309  -87.74330 -106.39060  21.3%   7.1  220s
 13391 14367 -106.02767  256  303  -87.74330 -106.39060  21.3%   7.8  227s
 14366 15379 -105.99013  271  293  -87.74330 -106.39060  21.3%   8.6  233s
 15379 15380 -106.10603  226  500  -87.74330 -106.39060  21.3%   9.4  315s
 15398 15410 -106.38972   19  496  -87.74330 -106.39060  21.3%   9.4  320s
 15478 15479 -106.38632   21  494  -87.74330 -106.38756  21.2%   9.4  325s
 15542 15522 -106.38488   22  493  -87.74330 -106.38724  21.2%   9.4  339s
 15574 15553 -106.38441   23  492  -87.74330 -106.38724  21.2%   9.4  340s
 15711 15714 -106.38281   25  490  -87.74330 -106.38724  21.2%   9.3  346s
 15823 15927 -106.38045   27  488  -87.74330 -106.38724  21.2%   9.2  351s
 16073 16149 -106.37444   30  485  -87.74330 -106.38724  21.2%   9.1  355s
 16378 16079 -106.36513   35  480  -87.74330 -106.38724  21.2%   9.0  363s
 16410 16940 -106.36338   35  480  -87.74330 -106.38724  21.2%   9.0  374s
 17282 17730 -106.34762   47  468  -87.74330 -106.38724  21.2%   8.7  386s
 18362 18518 -106.33538   59  456  -87.74330 -106.38724  21.2%   8.3  399s
 19510 18167 -106.32218   72  443  -87.74330 -106.38724  21.2%   8.0  406s
 19542 18956 -106.32081   72  443  -87.74330 -106.38724  21.2%   8.0  418s
 20342 19697 -106.30711   84  431  -87.74330 -106.38724  21.2%   7.9  429s
 21349 20505 -106.29826   99  417  -87.74330 -106.38724  21.2%   7.7  439s
 22493 20921 -106.28379  113  402  -87.74330 -106.38724  21.2%   7.6  447s
 23290 21633 -106.27819  123  392  -87.74330 -106.38724  21.2%   7.6  456s
 24268 22455 -106.26901  135  382  -87.74330 -106.38724  21.2%   7.6  466s
 25416 23168 -106.25281  149  374  -87.74330 -106.38724  21.2%   7.6  476s
 26512 23950 -106.24027  164  357  -87.74330 -106.38724  21.2%   7.7  485s
 27659 24690 -106.22554  179  345  -87.74330 -106.38724  21.2%   7.8  494s
 28781 25335 -106.21273  194  334  -87.74330 -106.38724  21.2%   8.0  504s
 29800 26220 -106.19966  208  321  -87.74330 -106.38724  21.2%   8.2  512s
 31025 27033 -106.18298  225  312  -87.74330 -106.38724  21.2%   8.6  565s
 32246 26658 -106.16928  244  300  -87.74330 -106.38724  21.2%   9.0  739s
 32278 31594 -106.16145  244  303  -87.74330 -106.38724  21.2%   9.0  779s
 37579 29859 -106.07952  327  265  -87.74330 -106.38724  21.2%  10.4  785s
H37599 29082                     -87.7657018 -106.38724  21.2%  10.5  785s
 37611 31588 -106.07999  328  267  -87.76570 -106.38724  21.2%  10.4  806s
 40137 31751 -106.00652  358  257  -87.76570 -106.38724  21.2%  10.6  816s
H40636 30855                     -88.2517173 -106.38724  20.5%  10.7  816s
 41142 32878 -105.99629  370  253  -88.25172 -106.38724  20.5%  10.7  834s
 43334 34317 -105.96275  396  248  -88.25172 -106.38724  20.5%  11.1  851s
 45503 35968 -105.90496  422  234  -88.25172 -106.38724  20.5%  11.5  866s
 47877 37309 -105.83332  447  231  -88.25172 -106.38724  20.5%  11.9  880s
 50134 38570 -105.75062  473  226  -88.25172 -106.38724  20.5%  12.2  894s
 52147 39792 -105.67865  499  222  -88.25172 -106.38724  20.5%  12.6  908s
 54052 40985 -105.59720  520  211  -88.25172 -106.38724  20.5%  13.2  922s
 55928 41561 -105.46373  540  210  -88.25172 -106.38724  20.5%  13.7  932s
 57129 43415 -105.46179  554  199  -88.25172 -106.38724  20.5%  14.1  944s
 59351 45668 -105.25990  580  183  -88.25172 -106.38724  20.5%  14.8  956s
 61604 49772 -105.08335  607  173  -88.25172 -106.38724  20.5%  15.5  990s
 65722 52219 -104.57051  659  150  -88.25172 -106.38724  20.5%  17.1 1006s
 68337 54485 -103.74971  697  132  -88.25172 -106.38724  20.5%  18.1 1025s
 70679 58159 -106.35087   75  443  -88.25172 -106.38667  20.5%  18.5 1052s
 74435 61924 -106.11946  265  320  -88.25172 -106.38667  20.5%  19.1 1076s
 78322 65805 -105.34721  448  253  -88.25172 -106.38667  20.5%  19.7 1102s
 82433 69625 -103.26376  621  195  -88.25172 -106.38667  20.5%  20.1 1131s
 86573 73998  -94.98385  749  147  -88.25172 -106.38667  20.5%  19.9 1163s
 91090 83727 -106.29469  141  386  -88.25172 -106.38574  20.5%  19.3 1218s
 100819 87177 -104.65685  509  250  -88.25172 -106.38574  20.5%  18.7 1234s
 104363 89548 -102.66259  625  226  -88.25172 -106.38574  20.5%  18.9 1250s
H104981 89535                     -88.5226624 -106.38574  20.2%  19.0 1250s
 106847 94066 -101.29045  694  206  -88.52266 -106.38574  20.2%  19.1 1275s
 111448 98769  -97.93211  831  167  -88.52266 -106.38574  20.2%  19.2 1300s
 116708 103677 -106.33575   68  447  -88.52266 -106.38552  20.2%  19.1 1329s
 121738 109705 -106.06949  249  315  -88.52266 -106.38552  20.2%  18.8 1364s
 127782 116049 -105.20300  469  238  -88.52266 -106.38552  20.2%  18.7 1392s
 134284 121288 -101.75251  677  187  -88.52266 -106.38552  20.2%  18.9 1415s
 140002 127058  -93.77001  836  140  -88.52266 -106.38552  20.2%  19.1 1452s
 146118 132034 -106.25501  181  357  -88.52266 -106.38453  20.2%  18.8 1475s
 151094 140714 -106.01865  351  274  -88.52266 -106.38453  20.2%  18.6 1504s
 160047 144453 -103.68626  637  196  -88.52266 -106.38453  20.2%  18.7 1524s
 163808 148809 -101.10511  739  172  -88.52266 -106.38453  20.2%  18.8 1543s
 168234 151364  -95.98830  873  141  -88.52266 -106.38453  20.2%  19.1 1558s
 171026 156709  -91.56150  942  136  -88.52266 -106.38453  20.2%  19.2 1589s
 176837 161700 -106.26676  152  382  -88.52266 -106.38379  20.2%  19.1 1615s
 181888 169547 -105.96619  325  279  -88.52266 -106.38379  20.2%  18.9 1656s
 189906 173324 -104.06280  569  218  -88.52266 -106.38379  20.2%  18.9 1673s
 193728 177407 -101.99528  684  188  -88.52266 -106.38379  20.2%  19.0 1693s
 197847 179832  -98.67763  787  171  -88.52266 -106.38379  20.2%  19.3 1704s
 200378 181707  -95.99623  859  165  -88.52266 -106.38379  20.2%  19.5 1750s
 202524 188423  -92.06105  922  153  -88.52266 -106.38379  20.2%  19.7 1785s
 209872 194467 -106.24385  184  351  -88.52266 -106.38351  20.2%  19.6 1818s
 216291 202123 -105.78382  411  258  -88.52266 -106.38351  20.2%  19.4 1854s
 224007 202155 -103.20576  635  201  -88.52266 -106.38351  20.2%  19.4 2004s
H224011 202078                     -88.8027587 -106.38351  19.8%  19.4 2004s
 224039 206125 -103.18514  636  204  -88.80276 -106.38351  19.8%  19.4 2020s
 228086 210475 -100.36758  763  183  -88.80276 -106.38351  19.8%  19.5 2034s
 232436 213749  -96.71126  866  172  -88.80276 -106.38351  19.8%  19.8 2042s
H232622 213716                     -88.8684954 -106.38351  19.7%  19.8 2042s
 235743 219150  -93.99936  922  161  -88.86850 -106.38351  19.7%  20.0 2068s
 241727 224256 -106.34965   57  458  -88.86850 -106.38351  19.7%  20.2 2095s
 247243 231603 -106.10246  254  319  -88.86850 -106.38351  19.7%  20.1 2137s
 254877 236041 -105.11327  487  235  -88.86850 -106.38351  19.7%  20.0 2168s
 259347 240172 -103.33397  640  196  -88.86850 -106.38351  19.7%  20.0 2196s
 263478 243196 -100.46102  773  176  -88.86850 -106.38351  19.7%  20.0 2219s
 266695 247880  -97.58621  871  145  -88.86850 -106.38345  19.7%  20.1 2251s
 271719 253354 -106.33514   75  441  -88.86850 -106.38329  19.7%  20.1 2290s
 277534 254307 -106.04212  289  298  -88.86850 -106.38329  19.7%  19.9 2362s
 278517 285429 -106.00295  310  282  -88.86850 -106.38329  19.7%  19.9 2553s
 310549 290606 -105.94062  254  318  -88.86850 -106.38290  19.7%  20.0 2587s
 315726 296912 -105.12371  448  255  -88.86850 -106.38290  19.7%  20.0 2612s
 322071 299253 -103.59778  653  200  -88.86850 -106.38290  19.7%  20.0 2625s
 324412 305460 -102.76656  739  189  -88.86850 -106.38290  19.7%  20.1 2646s
 330619 315008 -100.17588  930  143  -88.86850 -106.38290  19.7%  20.3 2666s
 340462 324040  -94.49740 1243   77  -88.86850 -106.38290  19.7%  20.4 2703s
 349944 325956 -106.27254  153  371  -88.86850 -106.38278  19.7%  20.3 2717s
 351891 330018 -106.18637  225  331  -88.86850 -106.38278  19.7%  20.3 2738s
 355957 333746 -105.83525  373  263  -88.86850 -106.38278  19.7%  20.2 2754s
 359731 337275 -105.04401  518  228  -88.86850 -106.38278  19.7%  20.2 2776s
H363260 337301                     -88.8955609 -106.38278  19.7%  20.3 2930s
 363292 339066 -103.42928  644  200  -88.89556 -106.38278  19.7%  20.3 2945s
 365057 343015 -102.32433  710  193  -88.89556 -106.38278  19.7%  20.4 2970s
 369006 347178  -99.24269  834  177  -88.89556 -106.38278  19.7%  20.6 2997s
 373232 350266  -94.94561  957  172  -88.89556 -106.38278  19.7%  20.9 3019s
 376711 359781  -90.98032 1039  157  -88.89556 -106.38278  19.7%  21.0 3074s
 386578 364852 -105.99735  327  287  -88.89556 -106.38262  19.7%  20.9 3101s
 391649 369450 -104.94337  500  232  -88.89556 -106.38262  19.7%  20.9 3125s
 396247 373722 -102.96711  652  201  -88.89556 -106.38262  19.7%  21.0 3142s
 400615 378456 -100.52120  780  179  -88.89556 -106.38262  19.7%  21.2 3170s
 405662 384003  -96.92216  914  158  -88.89556 -106.38262  19.7%  21.3 3200s
 411370 386480  -89.35720 1059  146  -88.89556 -106.38262  19.7%  21.4 3218s
 414019 393189 -106.32437   85  432  -88.89556 -106.38258  19.7%  21.5 3255s
 421034 398610 -105.84409  366  266  -88.89556 -106.38258  19.7%  21.5 3276s
 426608 403324 -104.58039  554  219  -88.89556 -106.38258  19.7%  21.5 3300s
 431668 407788 -102.54716  697  195  -88.89556 -106.38258  19.7%  21.6 3338s
 436628 413951  -99.90652  823  180  -88.89556 -106.38258  19.7%  21.7 3380s
 443148 418323  -94.29323 1003  145  -88.89556 -106.38258  19.7%  21.7 3410s
 447871 419283 -106.34258   64  452  -88.89556 -106.38250  19.7%  21.7 3473s
 448936 422042 -106.32544   76  440  -88.89556 -106.38250  19.7%  21.7 3500s
 451695 427339 -106.28614  116  401  -88.89556 -106.38250  19.7%  21.6 3537s
 457095 432766 -106.17741  196  348  -88.89556 -106.38250  19.7%  21.6 3575s
 462584 438033 -106.02935  277  301  -88.89556 -106.38250  19.7%  21.7 3607s
 468101 444040 -105.82745  352  274  -88.89556 -106.38250  19.7%  21.7 3642s
 474194 448553 -105.44210  433  237  -88.89556 -106.38250  19.7%  21.7 3664s
 478707 450735 -104.98747  495  213  -88.89556 -106.38250  19.7%  21.7 3676s
H480543 450109                     -89.2284817 -106.38250  19.2%  21.8 3676s
 480957 455002 -104.70116  524  201  -89.22848 -106.38250  19.2%  21.8 3702s
 486117 455032 -103.90139  589  182  -89.22848 -106.38250  19.2%  21.9 3880s
H486120 454365                     -89.4460752 -106.38250  18.9%  21.9 3880s
 486151 458952 -103.87040  589  178  -89.44608 -106.38250  18.9%  21.9 3913s
 491078 459166 -103.24720  644  161  -89.44608 -106.38250  18.9%  22.0 3922s
H491110 458607                     -89.6252342 -106.38250  18.7%  22.0 3922s
 491300 464609 -103.20798  647  164  -89.62523 -106.38250  18.7%  22.0 3964s
 497723 468923 -101.80816  708  142  -89.62523 -106.38250  18.7%  21.9 3997s
 502183 476838 -106.29084  140  382  -89.62523 -106.38233  18.7%  21.9 4034s
 510165 481707 -105.61125  445  239  -89.62523 -106.38233  18.7%  21.8 4055s
 515259 481771 -103.96487  610  196  -89.62523 -106.38233  18.7%  21.9 4065s
 515323 484302 -103.92967  612  196  -89.62523 -106.38233  18.7%  21.9 4084s
 517990 490325 -102.72462  686  179  -89.62523 -106.38233  18.7%  21.9 4122s
 524361 495404  -97.42128  874  141  -89.62523 -106.38233  18.7%  21.8 4157s
 529804 502345 -106.26981  148  384  -89.62523 -106.38218  18.7%  21.8 4212s
 536814 506795 -105.57185  430  247  -89.62523 -106.38218  18.7%  21.7 4245s
 541466 511366 -104.16506  583  194  -89.62523 -106.38218  18.7%  21.7 4276s
 546246 515552 -101.46882  726  161  -89.62523 -106.38218  18.7%  21.7 4303s
 550649 519927 -106.36638   38  477  -89.62523 -106.38210  18.7%  21.6 4334s
 555194 521789 -106.29321   88  429  -89.62523 -106.38210  18.7%  21.6 4352s
 557092 526876 -106.26580  105  412  -89.62523 -106.38210  18.7%  21.6 4389s
 562327 532899 -106.18405  141  380  -89.62523 -106.38210  18.7%  21.6 4434s
 568585 537147 -106.08889  190  344  -89.62523 -106.38210  18.7%  21.5 4467s
 572986 541804 -106.01204  223  324  -89.62523 -106.38210  18.7%  21.5 4497s
 577661 545877 -105.88937  257  310  -89.62523 -106.38210  18.7%  21.5 4523s
 581848 550387 -105.81548  281  302  -89.62523 -106.38210  18.7%  21.5 4550s
 586524 555311 -105.73392  314  287  -89.62523 -106.38210  18.7%  21.5 4584s
 591518 558487 -105.59173  342  277  -89.62523 -106.38210  18.7%  21.5 4607s
 594694 567057 -105.55323  354  271  -89.62523 -106.38210  18.7%  21.5 4646s
 603316 572631 -105.40284  389  261  -89.62523 -106.38210  18.7%  21.6 4682s
 609211 578173 -105.15095  417  252  -89.62523 -106.38210  18.7%  21.6 4706s
 614973 578252 -104.97295  445  247  -89.62523 -106.38210  18.7%  21.7 4857s
 615052 582420 -104.94830  444  243  -89.62523 -106.38210  18.7%  21.7 4884s
 619349 585099 -104.76925  461  241  -89.62523 -106.38210  18.7%  21.7 4906s
 622058 589621 -104.63586  478  232  -89.62523 -106.38210  18.7%  21.7 4943s
 626609 596352 -104.47459  498  236  -89.62523 -106.38210  18.7%  21.7 4987s
 633368 602619 -104.02379  531  229  -89.62523 -106.38210  18.7%  21.8 5019s
 639903 605071 -103.84095  550  219  -89.62523 -106.38210  18.7%  21.9 5038s
 642397 610406 -103.62234  568  219  -89.62523 -106.38210  18.7%  21.9 5072s
 648032 615259 -103.23120  599  208  -89.62523 -106.38210  18.7%  21.9 5107s
 653003 620081 -102.87433  616  202  -89.62523 -106.38210  18.7%  21.9 5145s
 657981 626246 -102.41819  636  200  -89.62523 -106.38210  18.7%  21.9 5183s
 664389 631320 -101.96661  655  198  -89.62523 -106.38210  18.7%  21.9 5215s
 669663 635881 -101.61817  670  191  -89.62523 -106.38210  18.7%  21.9 5242s
 674250 638126 -101.28160  689  189  -89.62523 -106.38210  18.7%  21.9 5255s
 676499 643471 -101.03390  701  186  -89.62523 -106.38210  18.7%  21.9 5283s
 682030 649054 -100.68086  719  177  -89.62523 -106.38210  18.7%  22.0 5319s
 688153 654226 -100.18802  737  173  -89.62523 -106.38210  18.7%  22.0 5348s
 693367 655529  -99.64829  752  171  -89.62523 -106.38210  18.7%  22.0 5402s
 694838 661291  -99.31157  766  167  -89.62523 -106.38210  18.7%  22.0 5435s
 700712 665879  -98.47959  788  160  -89.62523 -106.38210  18.7%  22.0 5461s
 705554 668399  -98.31271  804  153  -89.62523 -106.38210  18.7%  22.1 5476s
 708134 673777  -97.94638  815  150  -89.62523 -106.38210  18.7%  22.1 5506s
 713882 679490  -96.78606  841  148  -89.62523 -106.38210  18.7%  22.2 5546s
 719790 684177  -95.28897  861  142  -89.62523 -106.38210  18.7%  22.2 5585s
 724733 688669  -92.14141  884  149  -89.62523 -106.38188  18.7%  22.2 5618s
 729289 688697 -106.24541  148  376  -89.62523 -106.38188  18.7%  22.2 5793s
 729325 693209 -106.24488  149  375  -89.62523 -106.38188  18.7%  22.2 5829s
 733941 695546 -105.82491  355  263  -89.62523 -106.38188  18.7%  22.2 5849s
 736320 701036 -105.30616  451  232  -89.62523 -106.38188  18.7%  22.2 5887s
 742067 706582 -103.22322  637  194  -89.62523 -106.38188  18.7%  22.2 5923s
 747952 712774  -99.61773  820  144  -89.62523 -106.38188  18.7%  22.2 5972s
 754242 714785 -106.29482  102  415  -89.62523 -106.38177  18.7%  22.2 5989s
 756253 720352 -106.16722  194  340  -89.62523 -106.38177  18.7%  22.2 6021s
 761968 725239 -105.40115  423  252  -89.62523 -106.38177  18.7%  22.2 6051s
 767031 730236 -103.95884  586  209  -89.62523 -106.38177  18.7%  22.2 6083s
 772036 734936 -101.64604  745  172  -89.62523 -106.38177  18.7%  22.2 6107s
 776918 740713  -97.30250  909  136  -89.62523 -106.38177  18.7%  22.2 6140s
 782723 744929 -106.17029  208  336  -89.62523 -106.38175  18.7%  22.2 6157s
 786939 749619 -105.60991  391  259  -89.62523 -106.38175  18.7%  22.3 6182s
 791788 751828 -104.25368  562  213  -89.62523 -106.38175  18.7%  22.3 6198s
 794017 756776 -103.43059  630  208  -89.62523 -106.38175  18.7%  22.4 6223s
 799247 760833 -101.03889  772  174  -89.62523 -106.38175  18.7%  22.4 6256s
 803943 766030  -98.05774  921  142  -89.62523 -106.38175  18.7%  22.5 6308s
 809528 769392 -106.26432  142  384  -89.62523 -106.38171  18.7%  22.5 6371s
 813032 781848 -106.16487  231  315  -89.62523 -106.38171  18.7%  22.4 6460s
 825653 785002 -102.75719  696  175  -89.62523 -106.38171  18.7%  22.4 6486s
 828807 790986 -100.57410  804  151  -89.62523 -106.38171  18.7%  22.4 6519s
 835126 796654 -106.34605   73  443  -89.62523 -106.38170  18.7%  22.4 6558s
 840952 802606 -105.85025  327  279  -89.62523 -106.38170  18.7%  22.4 6597s
 846962 807214 -104.27656  572  212  -89.62523 -106.38170  18.7%  22.4 6622s
 851570 809545 -101.88352  735  157  -89.62523 -106.38170  18.7%  22.4 6636s
 853965 809577 -100.10901  820  147  -89.62523 -106.38170  18.7%  22.5 6784s
 853997 814842 -100.06507  821  148  -89.62523 -106.38165  18.7%  22.5 6815s
 859469 820905 -106.36630   48  467  -89.62523 -106.38165  18.7%  22.5 6845s
 865640 823692 -106.01869  296  295  -89.62523 -106.38165  18.7%  22.5 6865s
H865884 822348                     -89.9458641 -106.38165  18.3%  22.5 6865s
 868525 828003 -105.68398  397  253  -89.94586 -106.38165  18.3%  22.5 6898s
 874308 833908 -104.04782  596  201  -89.94586 -106.38165  18.3%  22.5 6932s
 880343 838845 -100.80707  799  145  -89.94586 -106.38164  18.3%  22.5 6963s
 885578 843645 -106.37040   38  477  -89.94586 -106.38163  18.3%  22.5 6994s
 890448 848282 -106.06873  256  306  -89.94586 -106.38163  18.3%  22.6 7013s
 895223 852950 -105.41343  446  237  -89.94586 -106.38163  18.3%  22.6 7040s
 900119 857741 -103.85991  598  208  -89.94586 -106.38163  18.3%  22.6 7068s
 904918 863641 -101.64242  736  176  -89.94586 -106.38163  18.3%  22.6 7099s
 911102 867485  -94.58080  931  130  -89.94586 -106.38163  18.3%  22.7 7127s
 915029 871608 -106.31171   73  443  -89.94586 -106.38162  18.3%  22.7 7163s
 919376 876457 -106.23310  141  381  -89.94586 -106.38162  18.3%  22.7 7199s
 924447 880956 -106.12063  217  330  -89.94586 -106.38162  18.3%  22.7 7233s
 929078 885184 -105.99844  285  286  -89.94586 -106.38162  18.3%  22.6 7260s
 933306 889936 -105.79018  348  259  -89.94586 -106.38162  18.3%  22.6 7285s
 938058 895677 -105.50399  413  236  -89.94586 -106.38162  18.3%  22.7 7315s
 943851 899295 -104.97822  491  210  -89.94586 -106.38162  18.3%  22.7 7371s
 947682 905031 -104.89985  510  199  -89.94586 -106.38162  18.3%  22.7 7408s
H948625 903301                     -90.2801402 -106.38162  17.8%  22.7 7409s
 953811 907734 -104.03821  590  179  -90.28014 -106.38162  17.8%  22.7 7437s
 958588 913184 -102.12834  659  145  -90.28014 -106.38151  17.8%  22.7 7468s
 964378 916748 -106.17849  209  334  -90.28014 -106.38151  17.8%  22.7 7489s
 967942 923314 -105.85376  345  273  -90.28014 -106.38151  17.8%  22.7 7519s
 974636 926905 -104.39631  570  207  -90.28014 -106.38151  17.8%  22.7 7542s
 978269 932706 -102.91903  669  183  -90.28014 -106.38151  17.8%  22.8 7567s
 984451 935820 -100.08654  823  141  -90.28014 -106.38151  17.8%  22.8 7588s
 987768 935849     cutoff  900       -90.28014 -106.38145  17.8%  22.8 7767s
 987803 940784 -106.37958   28  487  -90.28014 -106.38145  17.8%  22.8 7801s
 993098 943605 -106.12955  236  326  -90.28014 -106.38145  17.8%  22.8 7819s
 995931 949214 -105.92893  325  276  -90.28014 -106.38145  17.8%  22.7 7840s
 1001540 955780 -104.81983  515  221  -90.28014 -106.38145  17.8%  22.7 7872s
 1008256 960448 -102.36267  718  175  -90.28014 -106.38145  17.8%  22.8 7894s
 1012962 965771  -99.21472  875  137  -90.28014 -106.38145  17.8%  22.8 7918s
 1018722 967566 -106.26078  132  387  -90.28014 -106.38137  17.8%  22.9 7931s
 1020687 972188 -106.13605  202  335  -90.28014 -106.38137  17.8%  22.8 7967s
 1025548 976593 -105.61379  377  252  -90.28014 -106.38137  17.8%  22.8 7994s
 1030039 981136 -104.62056  539  214  -90.28014 -106.38137  17.8%  22.8 8021s
 1034582 986395 -102.54624  711  185  -90.28014 -106.38137  17.8%  22.8 8050s
 1039967 991681  -96.59163  911  127  -90.28014 -106.38137  17.8%  22.9 8081s
 1045679 995952 -106.13694  252  309  -90.28014 -106.38133  17.8%  22.9 8110s
 1050168 1000972 -105.54338  427  247  -90.28014 -106.38133  17.8%  22.9 8136s
 1055188 1003397 -104.15051  597  205  -90.28014 -106.38133  17.8%  23.0 8154s
 1057649 1007769 -103.12731  684  186  -90.28014 -106.38133  17.8%  23.0 8189s
 1062038 1011023 -100.18694  843  157  -90.28014 -106.38133  17.8%  23.0 8243s
 1065706 1016830 -106.36805   31  484  -90.28014 -106.38133  17.8%  23.1 8289s
 1071875 1021542 -106.28016  103  415  -90.28014 -106.38133  17.8%  23.1 8325s
 1076919 1026556 -106.20642  147  382  -90.28014 -106.38133  17.8%  23.1 8363s
 1082152 1031094 -106.11955  187  355  -90.28014 -106.38133  17.8%  23.0 8396s
 1086824 1033274 -106.04624  216  338  -90.28014 -106.38133  17.8%  23.0 8417s
 1089086 1038337 -106.00922  233  331  -90.28014 -106.38133  17.8%  23.0 8448s
 1094177 1043014 -105.91296  269  312  -90.28014 -106.38133  17.8%  23.0 8477s
 1098980 1049117 -105.78610  305  295  -90.28014 -106.38133  17.8%  23.0 8518s
 1105530 1053851 -105.60151  346  279  -90.28014 -106.38133  17.8%  23.0 8547s
 1110446 1058481 -105.47202  367  270  -90.28014 -106.38133  17.8%  23.0 8573s
 1115184 1062780 -105.38647  380  269  -90.28014 -106.38133  17.8%  23.0 8600s
 1119573 1065179 -105.29175  395  264  -90.28014 -106.38133  17.8%  23.0 8619s
 1121982 1070068 -105.20804  409  266  -90.28014 -106.38133  17.8%  23.0 8642s
 1126973 1070100 -105.05433  432  261  -90.28014 -106.38133  17.8%  23.0 8790s
 1127005 1074412 -105.04036  431  254  -90.28014 -106.38133  17.8%  23.0 8813s
 1131461 1077441 -104.83444  454  244  -90.28014 -106.38133  17.8%  23.0 8838s
 1134719 1085598 -104.69883  466  246  -90.28014 -106.38133  17.8%  23.1 8876s
 1143130 1090097 -104.37540  506  231  -90.28014 -106.38133  17.8%  23.1 8947s
 1147800 1096492 -104.07225  530  231  -90.28014 -106.38133  17.8%  23.1 8996s
 1154270 1100388 -103.32401  576  224  -90.28014 -106.38133  17.8%  23.1 9025s
H1156634 1098890                     -90.5391646 -106.38133  17.5%  23.1 9025s
 1158314 1104361 -103.12051  590  220  -90.53916 -106.38133  17.5%  23.2 9062s
H1162691 1104125                     -90.5830111 -106.38133  17.4%  23.2 9062s
 1163853 1109908 -102.85674  611  215  -90.58301 -106.38133  17.4%  23.2 9102s
 1169996 1114710 -102.42137  633  203  -90.58301 -106.38133  17.4%  23.2 9132s
 1174850 1116847 -102.12681  643  196  -90.58301 -106.38133  17.4%  23.2 9146s
 1176987 1121738 -102.08982  650  200  -90.58301 -106.38133  17.4%  23.2 9170s
 1181961 1126297 -101.62608  671  187  -90.58301 -106.38133  17.4%  23.3 9195s
 1186735 1131171 -101.34381  683  191  -90.58301 -106.38133  17.4%  23.3 9214s
 1191853 1135958 -101.00304  695  190  -90.58301 -106.38133  17.4%  23.4 9256s
 1196983 1141502 -100.52170  708  190  -90.58301 -106.38133  17.4%  23.4 9304s
 1202527 1146032  -99.68817  733  180  -90.58301 -106.38133  17.4%  23.4 9340s
 1207164 1148829  -99.15694  743  178  -90.58301 -106.38133  17.4%  23.4 9363s
 1210057 1154528  -99.08746  748  177  -90.58301 -106.38133  17.4%  23.4 9404s
 1216033 1159919  -98.46868  775  164  -90.58301 -106.38133  17.4%  23.4 9445s
 1221872 1164538  -97.41396  793  158  -90.58301 -106.38133  17.4%  23.4 9490s
 1226643 1170138  -95.65377  821  152  -90.58301 -106.38133  17.4%  23.4 9539s
 1232276 1174633  -93.62039  840  150  -90.58301 -106.38133  17.4%  23.3 9575s
 1237014 1179084     cutoff  854       -90.58301 -106.38119  17.4%  23.3 9607s
 1241617 1181652 -106.20941  183  352  -90.58301 -106.38119  17.4%  23.3 9629s
 1244185 1181684 -105.98824  307  281  -90.58301 -106.38119  17.4%  23.3 9778s
 1244217 1186307 -105.98608  308  282  -90.58301 -106.38119  17.4%  23.3 9811s
 1248864 1192060 -105.28611  470  234  -90.58301 -106.38119  17.4%  23.3 9850s
 1254760 1194998 -103.37549  657  202  -90.58301 -106.38119  17.4%  23.3 9872s
 1257698 1199697 -101.88130  745  184  -90.58301 -106.38119  17.4%  23.3 9901s
 1262397 1204959  -98.85944  884  166  -90.58301 -106.38119  17.4%  23.3 9928s
 1267686 1209634  -93.85117 1041  152  -90.58301 -106.38119  17.4%  23.4 9953s
 1272567 1215009 -106.32226   97  421  -90.58301 -106.38114  17.4%  23.4 9998s
 1278182 1217799 -105.80750  359  271  -90.58301 -106.38114  17.4%  23.4 10024s
 1281023 1222173 -105.21945  467  233  -90.58301 -106.38114  17.4%  23.4 10061s
 1285491 1227757 -103.72702  619  196  -90.58301 -106.38114  17.4%  23.4 10096s
 1291115 1232911 -101.30975  779  171  -90.58301 -106.38114  17.4%  23.4 10127s
 1296269 1237873  -98.19904  926  152  -90.58301 -106.38114  17.4%  23.5 10150s
 1301318 1240741  -93.48518 1089  136  -90.58301 -106.38114  17.4%  23.5 10173s
 1304275 1245996 -106.35866   52  463  -90.58301 -106.38110  17.4%  23.5 10208s
 1309654 1250745 -106.18072  216  328  -90.58301 -106.38110  17.4%  23.6 10236s
 1314616 1255962 -105.99043  304  280  -90.58301 -106.38110  17.4%  23.6 10259s
 1319951 1259709 -105.76988  374  251  -90.58301 -106.38110  17.4%  23.6 10285s
 1323948 1263203 -105.58266  423  231  -90.58301 -106.38110  17.4%  23.6 10308s
 1327562 1270971 -105.38642  461  225  -90.58301 -106.38110  17.4%  23.7 10338s
 1335641 1276236 -104.85791  542  192  -90.58301 -106.38110  17.4%  23.7 10370s
 1341105 1281263 -104.46374  595  180  -90.58301 -106.38110  17.4%  23.7 10395s
 1346316 1286431 -104.06308  632  159  -90.58301 -106.38110  17.4%  23.8 10421s
 1351568 1290313 -103.65835  660  154  -90.58301 -106.38110  17.4%  23.8 10481s
 1355901 1290760 -102.75461  683  153  -90.58301 -106.38110  17.4%  23.8 10625s
 1356358 1321020 -103.03227  682  144  -90.58301 -106.38110  17.4%  23.8 10790s
 1388390 1322732 -105.48284  440  231  -90.58301 -106.38100  17.4%  23.8 10800s

Explored 1390102 nodes (33051457 simplex iterations) in 10800.60 seconds (4173.27 work units)
Thread count was 32 (of 48 available processors)

Solution count 10: -90.583 -90.5392 -90.2801 ... -88.8028

Time limit reached
Best objective -9.058301105793e+01, best bound -1.063809987328e+02, gap 17.4403%

