Solver command line: ['/cvmfs/restricted.computecanada.ca/easybuild/software/2023/x86-64-v3/Core/gurobi/11.0.1/bin/gurobi.sh']

Set parameter TokenServer to value "license1.computecanada.ca"
Read LP format model from file /tmp/tmpnb5x3325.pyomo.lp
Reading time = 0.09 seconds
x1: 500 rows, 500 columns, 250000 nonzeros
Read MIP start from file /tmp/tmp78ndor6w.gurobi.mst
Set parameter TimeLimit to value 10800
Gurobi Optimizer version 11.0.1 build v11.0.1rc0 (linux64 - "AlmaLinux 9.6 (Sage Margay)")

CPU model: AMD EPYC 9454 48-Core Processor, instruction set [SSE2|AVX|AVX2|AVX512]
Thread count: 48 physical cores, 48 logical processors, using up to 32 threads

Optimize a model with 500 rows, 500 columns and 250000 nonzeros
Model fingerprint: 0x5351b24d
Model has 500 quadratic objective terms
Variable types: 0 continuous, 500 integer (0 binary)
Coefficient statistics:
  Matrix range     [7e-07, 5e-01]
  Objective range  [2e-04, 1e-01]
  QObjective range [2e-05, 1e-02]
  Bounds range     [0e+00, 0e+00]
  RHS range        [9e-04, 1e+00]

Loaded user MIP start with objective -73.8801

Presolve time: 0.05s
Presolved: 500 rows, 500 columns, 250000 nonzeros
Presolved model has 500 quadratic objective terms
Variable types: 0 continuous, 500 integer (0 binary)
Found heuristic solution: objective -86.0263340

Root relaxation: objective -1.068096e+02, 290 iterations, 0.59 seconds (0.51 work units)

    Nodes    |    Current Node    |     Objective Bounds      |     Work
 Expl Unexpl |  Obj  Depth IntInf | Incumbent    BestBd   Gap | It/Node Time

     0     0 -106.80957    0  500  -86.02633 -106.80957  24.2%     -    0s
     0     0 -106.80772    0  500  -86.02633 -106.80772  24.2%     -    4s
     0     2 -106.80772    0  500  -86.02633 -106.80772  24.2%     -    6s
    31    64 -106.80317    5  495  -86.02633 -106.80562  24.2%   3.2   10s
    63    96 -106.80214    6  494  -86.02633 -106.80419  24.2%   3.3   66s
H  113   128                     -87.5447119 -106.80419  22.0%   3.2   68s
   159   192 -106.80057    7  493  -87.54471 -106.80419  22.0%   3.2   92s
   255   462 -106.79938    9  491  -87.54471 -106.80419  22.0%   3.1   97s
   461  1136 -106.79775   12  488  -87.54471 -106.80419  22.0%   3.2  105s
H 1135  1168                     -88.2395953 -106.80419  21.0%   3.0  116s
H 1147  1168                     -88.9318615 -106.80419  20.1%   3.0  116s
  1167  2326 -106.78329   29  471  -88.93186 -106.80419  20.1%   3.0  128s
H 2325  2358                     -89.2257709 -106.80419  19.7%   3.0  131s
  2357  3320 -106.75180   55  446  -89.22577 -106.80419  19.7%   3.0  140s
  3319  4197 -106.73142   75  428  -89.22577 -106.80419  19.7%   3.1  148s
  4196  5049 -106.70772   93  409  -89.22577 -106.80419  19.7%   3.3  156s
  5048  5879 -106.68624  111  400  -89.22577 -106.80419  19.7%   3.5  164s
  5878  6719 -106.66446  127  384  -89.22577 -106.80419  19.7%   3.8  172s
  6718  7561 -106.64468  140  377  -89.22577 -106.80419  19.7%   4.1  179s
  7560  8303 -106.63015  153  369  -89.22577 -106.80419  19.7%   4.5  186s
  8302  9160 -106.61489  165  363  -89.22577 -106.80419  19.7%   4.9  193s
  9159 10035 -106.58768  178  350  -89.22577 -106.80419  19.7%   5.4  200s
 10034 10932 -106.56596  193  335  -89.22577 -106.80419  19.7%   5.9  207s
 10931 11842 -106.53879  211  326  -89.22577 -106.80419  19.7%   6.5  214s
 11841 12761 -106.50698  225  319  -89.22577 -106.80419  19.7%   7.1  220s
 12760 13697 -106.46466  243  304  -89.22577 -106.80419  19.7%   7.8  227s
 13696 14675 -106.41199  259  295  -89.22577 -106.80419  19.7%   8.5  233s
 14675 14676 -106.73537   73  500  -89.22577 -106.80419  19.7%   9.3  325s
 14686 14692 -106.80419   18  497  -89.22577 -106.80419  19.7%   9.3  330s
 14742 14754 -106.80134   21  494  -89.22577 -106.80351  19.7%   9.3  335s
 14774 14775 -106.79951   21  494  -89.22577 -106.80258  19.7%   9.3  343s
 14838 14818 -106.79918   22  493  -89.22577 -106.80209  19.7%   9.2  345s
 14989 14993 -106.79808   25  490  -89.22577 -106.80209  19.7%   9.2  351s
 15096 15159 -106.79598   26  489  -89.22577 -106.80209  19.7%   9.1  355s
 15297 15422 -106.79111   29  486  -89.22577 -106.80209  19.7%   9.0  360s
 15627 16108 -106.78238   34  481  -89.22577 -106.80209  19.7%   8.9  371s
 16423 15874 -106.76746   45  470  -89.22577 -106.80209  19.7%   8.7  378s
 16455 17236 -106.76572   46  469  -89.22577 -106.80209  19.7%   8.6  393s
 17827 17691 -106.74772   64  451  -89.22577 -106.80209  19.7%   8.2  403s
 18740 18496 -106.73656   75  440  -89.22577 -106.80209  19.7%   8.0  415s
 19849 19034 -106.72125   87  428  -89.22577 -106.80209  19.7%   7.7  424s
 20757 19407 -106.70797   98  417  -89.22577 -106.80209  19.7%   7.6  432s
 21432 19214 -106.69807  106  409  -89.22577 -106.80209  19.7%   7.6  436s
 21464 19235 -106.69468  106  410  -89.22577 -106.80209  19.7%   7.6  634s
 21496 19991 -106.69699  107  408  -89.22577 -106.80209  19.7%   7.6  641s
 22263 20872 -106.68733  115  401  -89.22577 -106.80209  19.7%   7.5  652s
 23399 21593 -106.67343  129  389  -89.22577 -106.80209  19.7%   7.5  662s
 24499 22200 -106.66096  144  375  -89.22577 -106.80209  19.7%   7.6  671s
 25473 22972 -106.65132  156  364  -89.22577 -106.80209  19.7%   7.6  682s
 26569 23546 -106.63739  170  363  -89.22577 -106.80209  19.7%   7.8  690s
 27509 24334 -106.63184  182  343  -89.22577 -106.80209  19.7%   7.9  699s
 28610 24927 -106.62313  196  335  -89.22577 -106.80209  19.7%   8.1  707s
 29570 28156 -106.61407  209  324  -89.22577 -106.80209  19.7%   8.4  735s
 33173 27866 -106.57041  254  301  -89.22577 -106.80209  19.7%   9.6  742s
 34202 27555 -106.54246  267  305  -89.22577 -106.80209  19.7%  10.0  746s
 34234 28601 -106.53797  267  310  -89.22577 -106.80209  19.7%  10.0  756s
 35449 29520 -106.51128  282  297  -89.22577 -106.80209  19.7%  10.3  767s
 36853 30179 -106.48591  299  295  -89.22577 -106.80209  19.7%  10.5  778s
 37980 31298 -106.46411  315  286  -89.22577 -106.80209  19.7%  10.6  792s
 39474 32201 -106.45168  334  278  -89.22577 -106.80209  19.7%  10.8  805s
 40875 32186 -106.43713  351  272  -89.22577 -106.80209  19.7%  11.0  813s
 41327 34084 -106.41874  355  276  -89.22577 -106.80209  19.7%  11.1  828s
 43376 35480 -106.39742  376  266  -89.22577 -106.80209  19.7%  11.4  841s
 45523 36465 -106.33548  397  266  -89.22577 -106.80209  19.7%  11.8  854s
 47224 37765 -106.31726  417  258  -89.22577 -106.80209  19.7%  12.0  871s
 49091 38966 -106.24771  437  259  -89.22577 -106.80209  19.7%  12.4  886s
 50914 40030 -106.20037  457  248  -89.22577 -106.80209  19.7%  13.0  902s
 52734 41461 -106.16946  477  238  -89.22577 -106.80209  19.7%  13.5  920s
 54795 42883 -106.08056  499  235  -89.22577 -106.80209  19.7%  14.0  936s
 56904 44363 -106.03579  524  229  -89.22577 -106.80209  19.7%  14.5  951s
 59087 47287 -105.91880  549  216  -89.22577 -106.80209  19.7%  15.1  985s
 62615 48001 -105.73655  592  189  -89.22577 -106.80209  19.7%  16.4  993s
 63337 51390 -105.63015  602  189  -89.22577 -106.80209  19.7%  16.6 1013s
 66828 54465 -105.27525  648  165  -89.22577 -106.80209  19.7%  17.8 1030s
 69939 58085 -104.92571  683  150  -89.22577 -106.80209  19.7%  19.0 1052s
 73739 58117 -104.41202  724  136  -89.22577 -106.80209  19.7%  20.1 1063s
 73771 61109 -104.24898  724  135  -89.22577 -106.80200  19.7%  20.1 1081s
 77170 66718 -106.73396  101  417  -89.22577 -106.80134  19.7%  20.6 1116s
 83125 72232 -106.39583  326  291  -89.22577 -106.80134  19.7%  20.2 1145s
 88771 81576 -105.37947  511  236  -89.22577 -106.80134  19.7%  19.6 1178s
 98169 82087 -100.23634  762  181  -89.22577 -106.80134  19.7%  19.3 1185s
 98692 85240  -99.94143  777  173  -89.22577 -106.80134  19.7%  19.3 1202s
 102107 90338  -95.78771  878  152  -89.22577 -106.80104  19.7%  19.4 1227s
 107413 95159 -106.72320  105  412  -89.22577 -106.80104  19.7%  19.2 1245s
 112272 101437 -106.57589  241  318  -89.22577 -106.80104  19.7%  19.1 1265s
 118879 110588 -106.09401  402  255  -89.22577 -106.80104  19.7%  19.0 1313s
 128202 114934 -102.70652  670  192  -89.22577 -106.80104  19.7%  18.8 1332s
 132688 118296  -99.33482  811  150  -89.22577 -106.80060  19.7%  18.9 1351s
 136411 122806 -106.76830   47  468  -89.22577 -106.79911  19.7%  18.8 1379s
 141007 127052 -106.45492  205  341  -89.22577 -106.79911  19.7%  18.7 1402s
 145467 131170 -105.85657  359  280  -89.22577 -106.79911  19.7%  18.6 1427s
 149665 134922 -104.95113  501  244  -89.22577 -106.79911  19.7%  18.5 1457s
 153417 144611 -103.71021  626  211  -89.22577 -106.79911  19.7%  18.6 1506s
 163252 149181  -98.96828  994  140  -89.22577 -106.79911  19.7%  18.9 1556s
 167954 156066  -94.38632 1241   91  -89.22577 -106.79897  19.7%  19.0 1593s
 175364 156098 -106.67136  142  379  -89.22577 -106.79870  19.7%  18.9 1776s
 175396 161615 -106.66919  143  379  -89.22577 -106.79870  19.7%  18.9 1802s
 180915 166143 -106.29758  355  272  -89.22577 -106.79870  19.7%  18.9 1830s
 185555 173536 -105.27201  529  226  -89.22577 -106.79870  19.7%  19.0 1863s
 193359 179773 -101.04982  773  160  -89.22577 -106.79846  19.7%  19.4 1899s
 200046 185325 -106.77002   53  462  -89.22577 -106.79834  19.7%  19.3 1928s
 205598 187241 -106.47814  260  309  -89.22577 -106.79834  19.7%  19.2 1940s
 207564 193221 -106.30119  333  274  -89.22577 -106.79834  19.7%  19.2 1969s
 213677 201544 -105.14108  534  224  -89.22577 -106.79834  19.7%  19.3 2004s
 222399 205928 -101.39929  757  163  -89.22577 -106.79834  19.7%  19.5 2029s
 227242 210563 infeasible  885       -89.22577 -106.79816  19.7%  19.4 2058s
 231903 214573 -106.64258  170  365  -89.22577 -106.79816  19.7%  19.3 2079s
 235940 218877 -106.39979  312  289  -89.22577 -106.79816  19.7%  19.3 2101s
 240346 223240 -105.70366  467  242  -89.22577 -106.79816  19.7%  19.3 2122s
 244822 230225 -104.34118  615  193  -89.22577 -106.79816  19.7%  19.4 2157s
 252453 231493  -98.31629  856  138  -89.22577 -106.79816  19.7%  19.6 2170s
 253916 237408  -94.05725  903  128  -89.22577 -106.79816  19.7%  19.6 2204s
 259989 242515 -106.63167  174  360  -89.22577 -106.79797  19.7%  19.4 2230s
 265162 245662 -106.26401  353  277  -89.22577 -106.79797  19.7%  19.4 2249s
 268311 250852 -105.89078  449  245  -89.22577 -106.79797  19.7%  19.4 2280s
 273603 255235 -104.29800  598  201  -89.22577 -106.79797  19.7%  19.6 2303s
 278355 262388 -101.73840  729  166  -89.22577 -106.79785  19.7%  19.7 2346s
 286039 267467 -106.76890   45  470  -89.22577 -106.79785  19.7%  19.7 2372s
 291216 271549 -106.48589  207  336  -89.22577 -106.79785  19.7%  19.7 2391s
 295328 272727 -105.96468  346  273  -89.22577 -106.79785  19.7%  19.7 2401s
 296514 277584 -105.77014  385  259  -89.22577 -106.79785  19.7%  19.7 2420s
 301635 282726 -104.82095  541  221  -89.22577 -106.79785  19.7%  19.8 2444s
 306777 287727 -103.33548  702  180  -89.22577 -106.79785  19.7%  19.9 2462s
 311778 298147 -101.68562  834  164  -89.22577 -106.79785  19.7%  20.0 2491s
 323088 301485  -97.62639 1100  119  -89.22577 -106.79785  19.7%  20.1 2509s
 326503 305011  -94.97477 1250   90  -89.22577 -106.79784  19.7%  20.1 2531s
 330198 308436 -106.76591   58  457  -89.22577 -106.79750  19.7%  20.0 2549s
 333623 309844 -106.63224  184  357  -89.22577 -106.79750  19.7%  19.9 2584s
 335031 313901 -106.57271  228  327  -89.22577 -106.79750  19.7%  19.9 2601s
 339088 315479 -106.19046  382  261  -89.22577 -106.79750  19.7%  20.0 2610s
 340666 321538 -105.89280  445  240  -89.22577 -106.79750  19.7%  20.0 2635s
 346897 326040 -103.87418  650  191  -89.22577 -106.79750  19.7%  20.3 2669s
 351837 326071 -101.62873  787  162  -89.22577 -106.79750  19.7%  20.4 2846s
 351870 330561 -101.62543  788  156  -89.22577 -106.79750  19.7%  20.4 2877s
 356546 332306  -96.62633  942  125  -89.22577 -106.79746  19.7%  20.4 2895s
 358534 338014 -106.74241   70  445  -89.22577 -106.79746  19.7%  20.4 2934s
 364496 343347 -106.45052  299  290  -89.22577 -106.79746  19.7%  20.3 2963s
 369829 349064 -105.69882  485  224  -89.22577 -106.79746  19.7%  20.2 2990s
 375817 354108 -103.56840  669  188  -89.22577 -106.79746  19.7%  20.3 3022s
 381028 358765 -100.23301  814  156  -89.22577 -106.79746  19.7%  20.3 3042s
 386002 363364 -106.76214   52  464  -89.22577 -106.79736  19.7%  20.4 3069s
 390818 367806 -106.48900  252  307  -89.22577 -106.79736  19.7%  20.4 3098s
 395328 369523 -105.75005  434  239  -89.22577 -106.79736  19.7%  20.4 3115s
H395907 369219                     -89.5088150 -106.79736  19.3%  20.5 3115s
 397163 374514 -105.19495  497  223  -89.50881 -106.79736  19.3%  20.5 3154s
 402770 380795 -103.28303  671  178  -89.50881 -106.79731  19.3%  20.5 3195s
 409595 385746 -106.73054   87  428  -89.50881 -106.79721  19.3%  20.5 3224s
 414554 390282 -106.47684  275  297  -89.50881 -106.79721  19.3%  20.4 3245s
 419124 394462 -105.86948  446  246  -89.50881 -106.79721  19.3%  20.4 3269s
 423312 399490 -104.64345  593  204  -89.50881 -106.79721  19.3%  20.4 3286s
 428366 405931 -102.39963  754  155  -89.50881 -106.79714  19.3%  20.5 3306s
 435533 413874 -106.76696   53  462  -89.50881 -106.79697  19.3%  20.6 3353s
 443873 416776 -106.38125  310  279  -89.50881 -106.79697  19.3%  20.4 3369s
H444540 416730                     -89.5325924 -106.79697  19.3%  20.4 3369s
 446775 420920 -106.02235  404  244  -89.53259 -106.79697  19.3%  20.4 3389s
 450997 424920 -105.10686  546  206  -89.53259 -106.79697  19.3%  20.4 3404s
 454997 426220 -103.38454  673  180  -89.53259 -106.79697  19.3%  20.5 3414s
H455097 426197                     -89.5499302 -106.79697  19.3%  20.5 3414s
 456321 430790 -102.73333  719  164  -89.54993 -106.79697  19.3%  20.5 3433s
 461078 435542  -99.02602  861  153  -89.54993 -106.79692  19.3%  20.6 3463s
 466498 440493 -106.72371  102  416  -89.54993 -106.79692  19.3%  20.6 3499s
 471557 446908 -106.50143  272  299  -89.54993 -106.79692  19.3%  20.5 3531s
 477972 451562 -105.64484  486  217  -89.54993 -106.79692  19.3%  20.4 3546s
 482670 456197 -103.97169  629  183  -89.54993 -106.79692  19.3%  20.5 3564s
 487479 460595 -101.40840  756  166  -89.54993 -106.79692  19.3%  20.6 3593s
 492632 465425     cutoff  912       -89.54993 -106.79681  19.3%  20.7 3631s
 497676 470718 -106.52465  200  341  -89.54993 -106.79681  19.3%  20.6 3674s
 503017 475123 -105.79005  394  259  -89.54993 -106.79681  19.3%  20.5 3705s
 507448 478569 -104.68479  547  218  -89.54993 -106.79681  19.3%  20.5 3723s
 510894 483858 -103.65176  666  199  -89.54993 -106.79681  19.3%  20.5 3745s
 516183 483890 -101.13858  874  150  -89.54993 -106.79681  19.3%  20.6 3899s
H516214 483613                     -89.7049347 -106.79681  19.1%  20.6 3899s
 516215 488206 -101.12816  875  153  -89.70493 -106.79681  19.1%  20.6 3918s
 520808 491544  -98.15423 1073  121  -89.70493 -106.79681  19.1%  20.7 3930s
 524146 497736  -94.65360 1257   92  -89.70493 -106.79680  19.1%  20.8 3953s
 530731 502803 -106.72573   94  422  -89.70493 -106.79680  19.1%  20.8 3981s
 535835 507556 -106.36836  317  283  -89.70493 -106.79680  19.1%  20.9 4000s
 540951 510172 -105.29797  505  215  -89.70493 -106.79680  19.1%  21.0 4019s
 543791 515983 -104.59986  585  194  -89.70493 -106.79680  19.1%  21.0 4052s
 550072 517768 -101.47707  761  152  -89.70493 -106.79680  19.1%  21.0 4113s
 552243 524908  -97.31430  876  122  -89.70493 -106.79680  19.1%  21.0 4160s
 559679 530402 -106.57553  207  338  -89.70493 -106.79672  19.1%  21.0 4186s
 565207 532866 -105.75173  445  244  -89.70493 -106.79672  19.1%  21.0 4203s
 567697 537956 -105.03571  543  216  -89.70493 -106.79672  19.1%  21.1 4222s
 572929 543199 -102.28397  741  155  -89.70493 -106.79666  19.1%  21.2 4260s
 578562 548218 -106.78582   35  480  -89.70493 -106.79666  19.1%  21.3 4286s
 583639 552921 -106.44198  282  291  -89.70493 -106.79666  19.1%  21.3 4310s
 588418 557520 -105.51035  500  214  -89.70493 -106.79666  19.1%  21.5 4335s
 593526 560554 -103.60062  673  178  -89.70493 -106.79666  19.1%  21.6 4361s
H594284 559773                     -90.0176672 -106.79666  18.6%  21.6 4361s
 596912 567508 -101.85997  789  154  -90.01767 -106.79666  18.6%  21.6 4403s
 604983 573224 -106.41740  233  317  -90.01767 -106.79664  18.6%  21.6 4436s
 610975 579004 -105.53875  431  237  -90.01767 -106.79664  18.6%  21.6 4458s
 616944 584295 -104.23533  597  214  -90.01767 -106.79664  18.6%  21.7 4482s
 622666 590786 -102.49443  769  170  -90.01767 -106.79664  18.6%  21.7 4517s
 629392 596240  -99.11368 1004  136  -90.01767 -106.79664  18.6%  21.8 4541s
 635024 599495  -92.89762 1323   65  -90.01767 -106.79664  18.6%  21.8 4557s
 638424 605355 -106.71836   85  430  -90.01767 -106.79656  18.6%  21.8 4587s
H644534 604788                     -90.2407957 -106.79656  18.3%  21.8 4745s
 644687 608984 -106.36049  262  308  -90.24080 -106.79656  18.3%  21.7 4767s
 648993 610396 -105.76928  403  256  -90.24080 -106.79656  18.3%  21.7 4778s
 650455 615262 -105.47791  447  242  -90.24080 -106.79656  18.3%  21.7 4805s
 655483 621393 -104.29766  591  212  -90.24080 -106.79656  18.3%  21.8 4831s
 661704 626113 -102.15858  788  171  -90.24080 -106.79656  18.3%  21.8 4853s
 666534 631222  -99.95739  950  143  -90.24080 -106.79656  18.3%  21.9 4879s
 671987 633377  -96.24331 1172  100  -90.24080 -106.79656  18.3%  22.0 4893s
 674269 639028  -92.94114 1351   60  -90.24080 -106.79656  18.3%  22.0 4920s
 680166 644104 -106.51368  203  335  -90.24080 -106.79646  18.3%  22.0 4948s
 685461 651309 -105.87944  379  259  -90.24080 -106.79646  18.3%  22.0 4979s
 692931 655012 -104.54566  572  211  -90.24080 -106.79646  18.3%  22.0 4999s
 696814 659048 -103.54191  689  188  -90.24080 -106.79646  18.3%  22.0 5019s
 701187 663585 -102.01539  815  164  -90.24080 -106.79646  18.3%  22.0 5045s
 706054 667707  -99.79485  958  141  -90.24080 -106.79646  18.3%  22.0 5064s
 710219 672682  -97.07632 1119  111  -90.24080 -106.79639  18.3%  22.0 5081s
 715288 677490 -106.74581   67  448  -90.24080 -106.79639  18.3%  22.0 5132s
 720183 683281 -106.57236  208  337  -90.24080 -106.79639  18.3%  22.1 5159s
 726310 690365 -105.86048  423  233  -90.24080 -106.79639  18.3%  22.1 5192s
 733876 696185 -103.70420  645  184  -90.24080 -106.79639  18.3%  22.2 5228s
 740003 701255 -100.90188  845  151  -90.24080 -106.79639  18.3%  22.2 5263s
 745189 707368  -96.02014 1042  112  -90.24080 -106.79639  18.3%  22.2 5301s
 751430 712007 -106.47220  252  306  -90.24080 -106.79630  18.3%  22.2 5332s
 756295 713851 -105.84185  421  234  -90.24080 -106.79630  18.3%  22.2 5348s
 758205 719631 -105.48717  477  217  -90.24080 -106.79630  18.3%  22.2 5379s
 763985 725775 -103.96469  641  187  -90.24080 -106.79630  18.3%  22.2 5407s
 770339 730157 -101.95283  780  163  -90.24080 -106.79630  18.3%  22.2 5431s
 774797 736002  -98.93925  933  131  -90.24080 -106.79630  18.3%  22.2 5463s
 780816 740574 -106.69973  116  402  -90.24080 -106.79629  18.3%  22.2 5494s
 785495 744725 -106.52986  230  318  -90.24080 -106.79629  18.3%  22.3 5525s
 789805 749511 -106.36176  299  282  -90.24080 -106.79629  18.3%  22.3 5561s
 794686 749543 -106.15115  361  263  -90.24080 -106.79629  18.3%  22.3 5743s
H794699 748743                     -90.4430694 -106.79629  18.1%  22.3 5743s
 794718 750337 -106.14517  362  255  -90.44307 -106.79629  18.1%  22.3 5758s
 796312 754905 -106.07696  377  255  -90.44307 -106.79629  18.1%  22.3 5794s
 801032 759823 -105.76747  431  241  -90.44307 -106.79629  18.1%  22.3 5826s
 806028 762470 -105.53512  477  213  -90.44307 -106.79629  18.1%  22.3 5851s
 808675 771724 -105.31439  508  202  -90.44307 -106.79629  18.1%  22.3 5901s
 818067 776759 -104.34092  591  175  -90.44307 -106.79629  18.1%  22.3 5943s
 823102 781729 -103.68616  642  164  -90.44307 -106.79629  18.1%  22.4 5979s
 828352 787453 -102.75394  692  146  -90.44307 -106.79629  18.1%  22.4 6012s
 834245 792019     cutoff  723       -90.44307 -106.79627  18.1%  22.4 6035s
 839090 797328 -106.76635   53  462  -90.44307 -106.79622  18.1%  22.4 6064s
 844523 799367 -106.30532  301  292  -90.44307 -106.79622  18.1%  22.5 6084s
 846584 802832 -106.00376  379  261  -90.44307 -106.79622  18.1%  22.5 6126s
 850141 809672 -105.40507  486  223  -90.44307 -106.79622  18.1%  22.5 6154s
 857045 815934 -102.67751  720  174  -90.44307 -106.79622  18.1%  22.6 6198s
 863677 821562  -96.71584  943  136  -90.44307 -106.79622  18.1%  22.7 6231s
 869589 827222 -106.64706  165  360  -90.44307 -106.79612  18.1%  22.7 6259s
 875426 829191 -106.02055  401  243  -90.44307 -106.79612  18.1%  22.7 6273s
 877497 835031 -105.60101  477  220  -90.44307 -106.79612  18.1%  22.7 6303s
 883402 840060 -103.76551  675  174  -90.44307 -106.79612  18.1%  22.8 6336s
 888802 845216 -100.74624  832  150  -90.44307 -106.79609  18.1%  22.8 6364s
 894128 850179 -106.78129   44  471  -90.44307 -106.79609  18.1%  22.9 6390s
 899361 855981 -106.49196  268  296  -90.44307 -106.79609  18.1%  22.9 6420s
 905497 860607 -105.46648  477  216  -90.44307 -106.79609  18.1%  22.9 6442s
 910251 865336 -104.17498  621  184  -90.44307 -106.79609  18.1%  22.9 6463s
 915074 867472 -102.36290  746  165  -90.44307 -106.79609  18.1%  23.0 6475s
 917233 873616 -101.54247  803  150  -90.44307 -106.79609  18.1%  23.0 6503s
 923632 878638  -98.25756  950  134  -90.44307 -106.79609  18.1%  23.0 6529s
 928890 878670  -91.01228 1091  129  -90.44307 -106.79609  18.1%  23.1 6691s
 928922 909057  -90.92759 1092  134  -90.44307 -106.79609  18.1%  23.1 6890s
 960954 912584  -96.64261  987  137  -90.44307 -106.79593  18.1%  23.2 6916s
 964481 920725  -91.21907 1092  134  -90.44307 -106.79589  18.1%  23.2 6953s
 973051 923401 -106.29781  322  278  -90.44307 -106.79589  18.1%  23.3 6976s
 975893 929458 -105.85734  418  240  -90.44307 -106.79589  18.1%  23.3 7002s
 982124 934611 -104.19235  591  188  -90.44307 -106.79589  18.1%  23.4 7021s
 987425 939541 -101.99217  736  174  -90.44307 -106.79589  18.1%  23.4 7045s
 992571 945467  -99.49711  861  163  -90.44307 -106.79589  18.1%  23.5 7076s
 998874 945499  -95.88938 1005  146  -90.44307 -106.79589  18.1%  23.5 7096s
 998906 950226  -95.86195 1006  148  -90.44307 -106.79589  18.1%  23.5 7114s
 1003686 954747  -91.56538 1131  133  -90.44307 -106.79587  18.1%  23.6 7137s
 1008538 959100 -106.67377  128  393  -90.44307 -106.79587  18.1%  23.6 7164s
 1013054 963672 -106.27268  316  277  -90.44307 -106.79587  18.1%  23.6 7197s
 1017828 968783 -105.33430  478  234  -90.44307 -106.79587  18.1%  23.7 7228s
 1023035 974950 -103.77208  618  195  -90.44307 -106.79587  18.1%  23.7 7269s
 1029376 979231 -100.47488  801  145  -90.44307 -106.79587  18.1%  23.7 7298s
 1034101 980912     cutoff  917       -90.44307 -106.79585  18.1%  23.7 7316s
 1035972 986243 -106.74263   73  443  -90.44307 -106.79585  18.1%  23.7 7351s
 1041495 990849 -106.33157  307  268  -90.44307 -106.79585  18.1%  23.7 7385s
 1046121 995364 -105.37116  477  218  -90.44307 -106.79585  18.1%  23.7 7420s
 1050865 999947 -103.82409  634  185  -90.44307 -106.79585  18.1%  23.7 7446s
 1055602 1004910 -101.75211  777  164  -90.44307 -106.79585  18.1%  23.7 7478s
 1060609 1009743  -98.41460  912  156  -90.44307 -106.79585  18.1%  23.8 7507s
 1065479 1009773  -93.59194 1054  146  -90.44307 -106.79585  18.1%  23.8 7685s
 1065513 1012061  -93.58201 1055  142  -90.44307 -106.79585  18.1%  23.8 7706s
 1068139 1017912  -90.58765 1124  136  -90.44307 -106.79585  18.1%  23.8 7745s
 1074470 1023503 -106.56241  225  319  -90.44307 -106.79579  18.1%  23.8 7778s
 1080135 1028273 -105.70677  444  234  -90.44307 -106.79579  18.1%  23.8 7801s
 1085052 1031332 -104.25176  592  191  -90.44307 -106.79579  18.1%  23.8 7829s
 1088163 1039139 -103.25121  689  180  -90.44307 -106.79579  18.1%  23.9 7877s
 1096066 1044934  -99.20997  923  144  -90.44307 -106.79579  18.1%  23.9 7919s
 1102007 1050474  -94.01438 1102  133  -90.44307 -106.79579  18.1%  23.9 7957s
 1107862 1055558 -106.71329  104  415  -90.44307 -106.79579  18.1%  24.0 7994s
 1113166 1057400 -106.21680  341  258  -90.44307 -106.79579  18.1%  23.9 8045s
 1115092 1060394 -105.89105  398  235  -90.44307 -106.79579  18.1%  23.9 8072s
 1118086 1068368 -105.16399  494  214  -90.44307 -106.79579  18.1%  24.0 8105s
 1126060 1073747 -101.90552  767  171  -90.44307 -106.79579  18.1%  24.0 8130s
 1131594 1079079  -97.98464  941  155  -90.44307 -106.79579  18.1%  24.1 8156s
 1137007 1083880  -91.53137 1122  138  -90.44307 -106.79578  18.1%  24.2 8191s
 1142112 1088855 -106.74519   65  450  -90.44307 -106.79574  18.1%  24.2 8229s
 1147235 1091766 -106.65956  119  398  -90.44307 -106.79574  18.1%  24.2 8263s
 1150277 1100204 -106.61718  141  376  -90.44307 -106.79574  18.1%  24.2 8330s
 1159052 1105518 -106.46281  208  334  -90.44307 -106.79574  18.1%  24.2 8368s
 1164472 1110598 -106.33770  254  303  -90.44307 -106.79574  18.1%  24.2 8398s
 1169699 1115460 -106.16683  294  302  -90.44307 -106.79574  18.1%  24.2 8431s
 1174580 1119943 -106.03453  326  286  -90.44307 -106.79574  18.1%  24.2 8455s
 1179267 1125057 -105.84490  359  271  -90.44307 -106.79574  18.1%  24.2 8492s
 1184422 1125089 -105.69753  380  266  -90.44307 -106.79574  18.1%  24.3 8676s
 1184454 1129601 -105.70551  382  275  -90.44307 -106.79574  18.1%  24.3 8710s
 1189114 1134211 -105.46601  411  262  -90.44307 -106.79574  18.1%  24.3 8741s
 1194035 1137044 -105.28303  435  253  -90.44307 -106.79574  18.1%  24.3 8769s
 1196931 1142875 -105.19149  448  251  -90.44307 -106.79574  18.1%  24.3 8803s
 1203054 1147991 -104.88634  480  239  -90.44307 -106.79574  18.1%  24.3 8834s
 1208172 1153196 -104.69180  499  235  -90.44307 -106.79574  18.1%  24.3 8861s
 1213461 1158064 -104.38228  523  231  -90.44307 -106.79574  18.1%  24.4 8896s
 1218417 1160108 -104.16092  542  230  -90.44307 -106.79574  18.1%  24.4 8942s
 1220567 1166913 -104.13583  541  227  -90.44307 -106.79574  18.1%  24.4 8979s
 1227653 1169282 -103.94073  558  221  -90.44307 -106.79574  18.1%  24.4 9001s
 1230070 1174651 -103.76704  570  218  -90.44307 -106.79574  18.1%  24.4 9029s
 1235808 1180135 -103.56792  588  214  -90.44307 -106.79574  18.1%  24.5 9061s
 1241415 1186076 -103.00865  619  203  -90.44307 -106.79574  18.1%  24.5 9098s
 1247722 1190465 -102.58391  645  200  -90.44307 -106.79574  18.1%  24.5 9125s
 1252345 1194724 -102.20827  659  199  -90.44307 -106.79574  18.1%  24.5 9156s
 1256608 1198743 -101.82840  674  197  -90.44307 -106.79574  18.1%  24.5 9183s
 1260681 1200710 -101.37519  691  190  -90.44307 -106.79574  18.1%  24.5 9202s
 1262729 1205981 -101.17701  698  189  -90.44307 -106.79574  18.1%  24.6 9243s
 1268230 1211445 -100.34597  731  182  -90.44307 -106.79574  18.1%  24.6 9279s
 1273776 1216960  -99.68658  751  174  -90.44307 -106.79574  18.1%  24.6 9316s
 1279473 1221732  -98.93494  770  175  -90.44307 -106.79574  18.1%  24.6 9342s
 1284407 1226386  -98.19517  784  171  -90.44307 -106.79574  18.1%  24.6 9368s
 1289185 1231274  -97.37136  799  171  -90.44307 -106.79574  18.1%  24.6 9396s
 1294357 1235896 -106.74186   76  441  -90.44307 -106.79573  18.1%  24.6 9424s
 1299247 1237959 -106.41602  282  294  -90.44307 -106.79573  18.1%  24.6 9443s
 1301382 1243251 -106.11973  366  260  -90.44307 -106.79573  18.1%  24.6 9471s
 1307076 1249427 -104.79909  564  195  -90.44307 -106.79573  18.1%  24.6 9512s
 1313344 1249529 -101.95631  757  156  -90.44307 -106.79573  18.1%  24.7 9664s
 1313448 1253855 -101.93937  758  155  -90.44307 -106.79573  18.1%  24.7 9722s
 1317884 1256646  -98.69158  879  131  -90.44307 -106.79573  18.1%  24.7 9743s
 1320827 1263186  -94.82205  976  121  -90.44307 -106.79573  18.1%  24.7 9772s
 1327456 1269762 -106.54789  192  345  -90.44307 -106.79564  18.1%  24.7 9804s
 1334273 1274862 -105.80292  383  256  -90.44307 -106.79564  18.1%  24.7 9832s
 1339506 1280875 -104.64043  542  214  -90.44307 -106.79564  18.1%  24.7 9859s
 1345588 1284169 -102.70780  744  176  -90.44307 -106.79564  18.1%  24.7 9895s
 1348944 1287406 -101.55139  843  153  -90.44307 -106.79564  18.1%  24.8 9918s
 1352409 1294543  -99.88443  958  135  -90.44307 -106.79564  18.1%  24.8 9962s
 1359688 1300040 -106.78937   28  487  -90.44307 -106.79557  18.1%  24.8 9999s
 1365657 1305611 -106.69613   94  422  -90.44307 -106.79557  18.1%  24.9 10037s
 1371761 1312486 -106.60955  145  375  -90.44307 -106.79557  18.1%  24.8 10088s
 1378707 1316953 -106.50190  198  340  -90.44307 -106.79557  18.1%  24.8 10108s
 1383224 1321600 -106.42836  224  326  -90.44307 -106.79557  18.1%  24.8 10127s
 1388115 1323103 -106.33940  255  311  -90.44307 -106.79557  18.1%  24.8 10140s
 1389618 1327736 -106.30864  263  306  -90.44307 -106.79557  18.1%  24.8 10166s
 1394323 1332627 -106.18061  301  291  -90.44307 -106.79557  18.1%  24.9 10193s
 1399676 1337697 -106.07742  329  277  -90.44307 -106.79557  18.1%  24.9 10223s
 1404828 1343855 -105.89012  366  273  -90.44307 -106.79557  18.1%  24.9 10260s
 1411221 1348079 -105.70134  395  264  -90.44307 -106.79557  18.1%  24.9 10283s
 1415635 1352683 -105.52885  415  266  -90.44307 -106.79557  18.1%  24.9 10303s
 1420293 1357210 -105.29525  439  262  -90.44307 -106.79557  18.1%  24.9 10322s
 1425036 1361838 -105.12841  463  245  -90.44307 -106.79557  18.1%  24.9 10350s
 1430396 1363721 -104.93843  483  242  -90.44307 -106.79557  18.1%  24.9 10370s
 1432391 1368917 -104.90080  490  245  -90.44307 -106.79557  18.1%  24.9 10402s
 1437898 1375216 -104.65483  511  241  -90.44307 -106.79557  18.1%  24.9 10435s
 1444327 1375248 -104.42848  536  231  -90.44307 -106.79557  18.1%  24.9 10589s
 1444359 1379502 -104.48765  533  237  -90.44307 -106.79557  18.1%  24.9 10608s
 1448685 1381309 -104.29041  551  233  -90.44307 -106.79557  18.1%  24.9 10623s
 1450492 1386619 -104.23939  554  229  -90.44307 -106.79557  18.1%  24.9 10645s
 1455986 1391852 -103.98550  568  228  -90.44307 -106.79557  18.1%  25.0 10675s
 1461865 1394447 -103.73963  592  218  -90.44307 -106.79557  18.1%  25.0 10732s
 1464668 1401620 -103.63242  602  221  -90.44307 -106.79557  18.1%  25.0 10776s
 1472113 1407355 -103.15148  633  211  -90.44307 -106.79557  18.1%  24.9 10800s

Explored 1477848 nodes (36848432 simplex iterations) in 10800.11 seconds (4212.24 work units)
Thread count was 32 (of 48 available processors)

Solution count 10: -90.4431 -90.2408 -90.0177 ... -88.2396

Time limit reached
Best objective -9.044306942996e+01, best bound -1.067955678515e+02, gap 18.0804%

