Solver command line: ['/cvmfs/restricted.computecanada.ca/easybuild/software/2023/x86-64-v3/Core/gurobi/11.0.1/bin/gurobi.sh']

Set parameter TokenServer to value "license1.computecanada.ca"
Read LP format model from file /tmp/tmp5lzijxsu.pyomo.lp
Reading time = 0.09 seconds
x1: 500 rows, 500 columns, 250000 nonzeros
Read MIP start from file /tmp/tmp3etgw5p8.gurobi.mst
Set parameter TimeLimit to value 10800
Gurobi Optimizer version 11.0.1 build v11.0.1rc0 (linux64 - "AlmaLinux 9.6 (Sage Margay)")

CPU model: AMD EPYC 9454 48-Core Processor, instruction set [SSE2|AVX|AVX2|AVX512]
Thread count: 48 physical cores, 48 logical processors, using up to 32 threads

Optimize a model with 500 rows, 500 columns and 250000 nonzeros
Model fingerprint: 0x940a7703
Model has 500 quadratic objective terms
Variable types: 0 continuous, 500 integer (0 binary)
Coefficient statistics:
  Matrix range     [7e-07, 5e-01]
  Objective range  [2e-04, 1e-01]
  QObjective range [2e-05, 1e-02]
  Bounds range     [0e+00, 0e+00]
  RHS range        [2e-03, 1e+00]

Loaded user MIP start with objective -73.7239

Presolve time: 0.05s
Presolved: 500 rows, 500 columns, 250000 nonzeros
Presolved model has 500 quadratic objective terms
Variable types: 0 continuous, 500 integer (0 binary)
Found heuristic solution: objective -84.7454843

Root relaxation: objective -1.068089e+02, 295 iterations, 0.54 seconds (0.51 work units)

    Nodes    |    Current Node    |     Objective Bounds      |     Work
 Expl Unexpl |  Obj  Depth IntInf | Incumbent    BestBd   Gap | It/Node Time

     0     0 -106.80888    0  500  -84.74548 -106.80888  26.0%     -    0s
     0     0 -106.80580    0  500  -84.74548 -106.80580  26.0%     -    5s
     0     2 -106.80580    0  500  -84.74548 -106.80580  26.0%     -    6s
    31    64 -106.80387    5  495  -84.74548 -106.80457  26.0%   2.6   10s
    63    96 -106.80294    6  494  -84.74548 -106.80398  26.0%   2.5   69s
    95   128 -106.80226    6  494  -84.74548 -106.80398  26.0%   2.4   71s
H   99   128                     -86.2422481 -106.80398  23.8%   2.4   71s
   159   192 -106.80152    7  493  -86.24225 -106.80398  23.8%   2.4   92s
   255   462 -106.80048    9  491  -86.24225 -106.80398  23.8%   2.3   97s
   461  1174 -106.79761   12  488  -86.24225 -106.80398  23.8%   2.3  105s
  1173  1206 -106.78198   29  471  -86.24225 -106.80398  23.8%   2.4  116s
  1205  2410 -106.78175   30  470  -86.24225 -106.80398  23.8%   2.4  127s
  2409  3209 -106.75217   56  446  -86.24225 -106.80398  23.8%   2.6  135s
H 2879  3209                     -86.8891654 -106.80398  22.9%   2.6  135s
  3208  3794 -106.72959   74  430  -86.88917 -106.80398  22.9%   2.7  141s
  3793  4747 -106.71854   87  418  -86.88917 -106.80398  22.9%   2.8  149s
  4746  5592 -106.69469  107  398  -86.88917 -106.80398  22.9%   3.1  156s
  5591  5624 -106.67637  121  385  -86.88917 -106.80398  22.9%   3.3  160s
H 5616  5624                     -87.3828239 -106.80398  22.2%   3.4  160s
  5623  6574 -106.67681  122  383  -87.38282 -106.80398  22.2%   3.4  167s
  6573  7442 -106.65796  135  374  -87.38282 -106.80398  22.2%   3.7  174s
  7441  8365 -106.63827  153  366  -87.38282 -106.80398  22.2%   4.1  181s
  8364  9302 -106.61771  168  347  -87.38282 -106.80398  22.2%   4.6  189s
  9301 10251 -106.58762  186  334  -87.38282 -106.80398  22.2%   5.2  196s
 10250 11195 -106.55131  207  328  -87.38282 -106.80398  22.2%   5.8  203s
 11194 12168 -106.52479  222  311  -87.38282 -106.80398  22.2%   6.4  211s
 12167 13070 -106.47863  240  313  -87.38282 -106.80398  22.2%   7.1  217s
 13069 14075 -106.43128  257  300  -87.38282 -106.80398  22.2%   7.8  224s
 14074 15107 -106.37826  275  294  -87.38282 -106.80398  22.2%   8.6  231s
 15107 15108 -106.51635  220  500  -87.38282 -106.80398  22.2%   9.4  316s
 15126 15138 -106.80398   19  496  -87.38282 -106.80398  22.2%   9.4  320s
 15238 15228 -106.80187   22  493  -87.38282 -106.80363  22.2%   9.4  326s
 15302 15271 -106.80012   23  492  -87.38282 -106.80363  22.2%   9.4  343s
 15388 15344 -106.79959   24  491  -87.38282 -106.80363  22.2%   9.3  346s
 15561 15611 -106.79610   26  489  -87.38282 -106.80363  22.2%   9.2  352s
 15760 15929 -106.79483   29  486  -87.38282 -106.80363  22.2%   9.2  357s
 16145 15833 -106.78816   34  481  -87.38282 -106.80363  22.2%   9.0  364s
H16161 15072                     -87.5555275 -106.80363  22.0%   9.0  364s
 16177 15514 -106.78675   35  480  -87.55553 -106.80363  22.0%   9.0  370s
 16625 15851 -106.78069   40  475  -87.55553 -106.80363  22.0%   8.8  377s
 17111 16533 -106.77395   46  469  -87.55553 -106.80363  22.0%   8.6  386s
 17955 16997 -106.76440   55  460  -87.55553 -106.80363  22.0%   8.3  394s
 18700 16780 -106.75440   63  452  -87.55553 -106.80363  22.0%   8.1  397s
 18732 17571 -106.75609   64  451  -87.55553 -106.80363  22.0%   8.1  405s
 19533 18051 -106.74609   73  442  -87.55553 -106.80363  22.0%   7.9  413s
 20280 18511 -106.73371   82  435  -87.55553 -106.80363  22.0%   7.8  420s
 20989 19008 -106.72640   90  427  -87.55553 -106.80363  22.0%   7.7  428s
 21723 19194 -106.71216   99  419  -87.55553 -106.80363  22.0%   7.6  433s
 22153 19808 -106.70550  104  414  -87.55553 -106.80363  22.0%   7.6  440s
 22911 20207 -106.69787  114  402  -87.55553 -106.80363  22.0%   7.6  448s
 23562 20547 -106.68427  123  395  -87.55553 -106.80363  22.0%   7.6  454s
 24119 21207 -106.68002  130  387  -87.55553 -106.80363  22.0%   7.6  463s
 24965 21649 -106.67149  141  378  -87.55553 -106.80363  22.0%   7.6  470s
 25689 22072 -106.66335  151  368  -87.55553 -106.80363  22.0%   7.6  477s
 26353 22735 -106.65634  160  360  -87.55553 -106.80363  22.0%   7.7  484s
 27238 23378 -106.64076  172  348  -87.55553 -106.80363  22.0%   7.8  493s
 28176 24015 -106.62700  185  339  -87.55553 -106.80363  22.0%   8.0  500s
 29125 24697 -106.61914  198  335  -87.55553 -106.80363  22.0%   8.2  507s
 30124 24396 -106.60695  210  323  -87.55553 -106.80363  22.0%   8.4  517s
H30126 23678                     -88.6077187 -106.80363  20.5%   8.4  517s
 30156 27938 -106.61243  211  321  -88.60772 -106.80363  20.5%   8.4  550s
 34476 27463 -106.53479  278  292  -88.60772 -106.80363  20.5%   9.8  557s
 35597 28348 -106.51717  291  294  -88.60772 -106.80363  20.5%  10.2  567s
 36968 29180 -106.48729  307  293  -88.60772 -106.80363  20.5%  10.5  577s
 38301 29817 -106.46672  322  282  -88.60772 -106.80363  20.5%  10.6  586s
 39382 30796 -106.45917  334  278  -88.60772 -106.80363  20.5%  10.7  597s
 40722 31611 -106.43605  348  278  -88.60772 -106.80363  20.5%  10.9  606s
H41037 30824                     -88.6709137 -106.80363  20.4%  11.0  606s
 41983 30540 -106.42621  363  262  -88.67091 -106.80363  20.4%  11.1  773s
H42010 29883                     -89.2576732 -106.80363  19.7%  11.1  773s
 42015 31092 -106.40976  363  263  -89.25767 -106.80363  19.7%  11.1  782s
 43225 30720 -106.40388  376  261  -89.25767 -106.80363  19.7%  11.3  790s
 43257 31808 -106.41043  377  261  -89.25767 -106.80363  19.7%  11.3  798s
 44355 32964 -106.38861  390  264  -89.25767 -106.80363  19.7%  11.5  808s
 45877 33869 -106.35247  405  257  -89.25767 -106.80363  19.7%  11.8  817s
 47290 35022 -106.32555  419  249  -89.25767 -106.80363  19.7%  12.1  828s
H47540 34324                     -89.3097511 -106.80363  19.6%  12.1  828s
 49019 35276 -106.27485  435  242  -89.30975 -106.80363  19.6%  12.4  839s
 50464 36494 -106.17039  452  245  -89.30975 -106.80363  19.6%  12.8  851s
 52160 36523 -106.13603  470  232  -89.30975 -106.80363  19.6%  13.3  855s
 52201 38159 -106.10982  470  228  -89.30975 -106.80363  19.6%  13.3  868s
 54005 39744 -106.05735  490  219  -89.30975 -106.80363  19.6%  13.9  881s
 55668 41676 -105.97253  506  207  -89.30975 -106.80363  19.6%  14.2  896s
 57600 43715 -105.90198  521  210  -89.30975 -106.80363  19.6%  14.5  910s
 59639 47166 -105.79403  537  215  -89.30975 -106.80363  19.6%  14.9  943s
H59849 47148                     -89.5483089 -106.80363  19.3%  15.1  943s
 63090 47479 -105.67921  566  193  -89.54831 -106.80363  19.3%  15.9  948s
 63421 50058 -105.62813  569  193  -89.54831 -106.80363  19.3%  16.0  960s
 66058 50812 -105.46232  594  180  -89.54831 -106.80363  19.3%  16.9  971s
H66635 50809                     -89.5717880 -106.80363  19.2%  17.2  971s
 66838 54066 -105.28616  601  175  -89.57179 -106.80363  19.2%  17.2  994s
 70198 57414 -105.02770  631  168  -89.57179 -106.80363  19.2%  18.2 1015s
 73696 60031 -104.65603  667  148  -89.57179 -106.80363  19.2%  19.0 1032s
 76643 64609 -104.11566  705  130  -89.57179 -106.80255  19.2%  19.5 1061s
 81479 70541 -106.72083  141  388  -89.57179 -106.80144  19.2%  19.3 1093s
 87491 74944 -106.42441  350  283  -89.57179 -106.80144  19.2%  18.7 1114s
 91938 84475 -105.55723  502  246  -89.57179 -106.80144  19.2%  18.5 1147s
 101776 84798 -101.05595  758  187  -89.57179 -106.80144  19.2%  18.8 1151s
 102099 87946 -100.95287  763  188  -89.57179 -106.80144  19.2%  18.8 1213s
 105551 93457  -97.73140  863  162  -89.57179 -106.80144  19.2%  18.9 1242s
 111420 98379 -106.75259   93  426  -89.57179 -106.80076  19.2%  18.7 1274s
 116570 102871 -106.63291  227  330  -89.57179 -106.80076  19.2%  18.3 1298s
 121126 107713 -106.52276  335  277  -89.57179 -106.80076  19.2%  18.1 1327s
 125968 113326 -106.31597  421  245  -89.57179 -106.80076  19.2%  18.2 1356s
 132062 118191 -106.04190  512  210  -89.57179 -106.80076  19.2%  18.4 1394s
 137055 120243 -105.65240  607  164  -89.57179 -106.80076  19.2%  18.5 1420s
 139297 125917 -105.37925  641  149  -89.57179 -106.80076  19.2%  18.5 1465s
 145127 131478 -104.49001  705  133  -89.57179 -106.80076  19.2%  18.4 1514s
 150788 138676 -106.66302  183  356  -89.57179 -106.80008  19.2%  18.1 1565s
 158010 143174 -106.43152  351  274  -89.57179 -106.80008  19.2%  17.8 1593s
 162620 147701 -106.18882  436  244  -89.57179 -106.80008  19.2%  17.9 1622s
 167277 152376 -105.86866  506  212  -89.57179 -106.80008  19.2%  17.9 1656s
 172008 152400 -105.45571  577  183  -89.57179 -106.80008  19.2%  17.9 1825s
 172048 154402 -105.48730  577  177  -89.57179 -106.80008  19.2%  17.9 1842s
 174138 159816 -105.14936  606  164  -89.57179 -106.80008  19.2%  17.9 1881s
 179630 164765 -104.26611  678  140  -89.57179 -106.80008  19.2%  18.0 1914s
 184810 168704 -106.72494  105  413  -89.57179 -106.79997  19.2%  18.1 1947s
 188817 176746 -106.52144  273  310  -89.57179 -106.79997  19.2%  18.0 2008s
 196966 182520 -104.45841  595  202  -89.57179 -106.79997  19.2%  18.0 2043s
 202776 187286 -100.42605  775  161  -89.57179 -106.79997  19.2%  18.1 2078s
 207745 192194 -106.76900   41  474  -89.57179 -106.79995  19.2%  18.2 2117s
 212939 196915 -106.69515  118  401  -89.57179 -106.79995  19.2%  18.3 2158s
 217666 202541 -106.62443  190  344  -89.57179 -106.79995  19.2%  18.3 2197s
 223344 205287 -106.49785  278  302  -89.57179 -106.79995  19.2%  18.4 2220s
 226138 210567 -106.41966  317  287  -89.57179 -106.79995  19.2%  18.4 2254s
 231418 216281 -106.12062  399  247  -89.57179 -106.79995  19.2%  18.5 2285s
 237132 220981 -105.64861  485  217  -89.57179 -106.79995  19.2%  18.8 2309s
 241832 226171 -105.01053  558  189  -89.57179 -106.79995  19.2%  19.1 2334s
 247118 231190 -103.70400  646  156  -89.57179 -106.79972  19.2%  19.5 2362s
 252551 234704 -106.75242   76  440  -89.57179 -106.79963  19.2%  19.7 2387s
 256189 240858 -106.65858  182  356  -89.57179 -106.79963  19.2%  19.7 2421s
 262369 246802 -106.48082  321  283  -89.57179 -106.79963  19.2%  19.8 2454s
 268324 252163 -106.26590  416  242  -89.57179 -106.79963  19.2%  20.0 2480s
 273849 257186 -105.93304  496  216  -89.57179 -106.79963  19.2%  20.1 2497s
 278996 262853 -105.54675  558  188  -89.57179 -106.79963  19.2%  20.3 2530s
 284973 268403 -104.90115  617  163  -89.57179 -106.79963  19.2%  20.5 2557s
 290810 270648 -104.32670  648  148  -89.57179 -106.79963  19.2%  20.6 2573s
 293303 276479 -103.99466  658  149  -89.57179 -106.79963  19.2%  20.7 2605s
 299812 276511 -106.74722   62  453  -89.57179 -106.79945  19.2%  20.6 2777s
 299844 281253 -106.74685   63  452  -89.57179 -106.79945  19.2%  20.6 2805s
 304826 283429 -106.38148  244  320  -89.57179 -106.79945  19.2%  20.6 2824s
 307038 287781 -106.05506  326  283  -89.57179 -106.79945  19.2%  20.6 2857s
 311480 295384 -105.09271  488  246  -89.57179 -106.79945  19.2%  20.6 2904s
 319181 299832 -102.34802  750  187  -89.57179 -106.79945  19.2%  20.6 2924s
 323629 306151 -100.24901  897  159  -89.57179 -106.79945  19.2%  20.7 2945s
 330108 311231  -97.09689 1079  125  -89.57179 -106.79945  19.2%  20.8 2968s
 335496 315173  -90.09121 1415   54  -89.57179 -106.79945  19.2%  20.8 2992s
 339801 316599 -106.54800  188  350  -89.57179 -106.79794  19.2%  20.8 3005s
 341267 323613 -106.40840  249  318  -89.57179 -106.79794  19.2%  20.8 3044s
 348355 328772 -105.10443  493  237  -89.57179 -106.79794  19.2%  20.8 3111s
 353695 333954 -103.59158  655  210  -89.57179 -106.79794  19.2%  20.9 3135s
 359101 339260 -101.53866  831  169  -89.57179 -106.79794  19.2%  20.9 3161s
 364504 346304  -98.72825 1012  142  -89.57179 -106.79794  19.2%  21.0 3185s
 371998 355377  -92.23802 1320   81  -89.57179 -106.79781  19.2%  21.0 3230s
 381356 359432 -106.45582  265  309  -89.57179 -106.79732  19.2%  20.9 3254s
 385511 363681 -106.00867  400  252  -89.57179 -106.79732  19.2%  20.8 3271s
 389784 364777 -105.19779  534  212  -89.57179 -106.79732  19.2%  20.8 3280s
 390880 369611 -104.90205  568  202  -89.57179 -106.79732  19.2%  20.8 3295s
 395792 374591 -103.07950  704  163  -89.57179 -106.79732  19.2%  20.9 3318s
 401344 381772  -97.02643  881  121  -89.57179 -106.79732  19.2%  20.9 3366s
 408841 386558 -106.49320  252  318  -89.57179 -106.79709  19.2%  20.8 3398s
 413743 390863 -105.91160  424  247  -89.57179 -106.79709  19.2%  20.7 3420s
 418048 395299 -104.80263  557  210  -89.57179 -106.79709  19.2%  20.7 3440s
 422574 399270 -102.70169  671  187  -89.57179 -106.79709  19.2%  20.7 3465s
 426621 403626  -99.76611  809  144  -89.57179 -106.79709  19.2%  20.8 3492s
 431352 403655 -106.74735   81  435  -89.57179 -106.79690  19.2%  20.9 3512s
 431387 434121 -106.74699   82  434  -89.57179 -106.79687  19.2%  20.9 3692s
 463419 434153 -106.60141  221  332  -89.57179 -106.79680  19.2%  21.0 3869s
 463451 464889 -106.59788  222  334  -89.57179 -106.79677  19.2%  21.0 3992s
 495483 472563 -106.40266  310  289  -89.57179 -106.79644  19.2%  21.0 4030s
 503373 473947 -104.72066  554  205  -89.57179 -106.79644  19.2%  21.0 4042s
 504795 479276 -104.28421  597  191  -89.57179 -106.79644  19.2%  21.0 4071s
 510300 484307 -100.92029  777  140  -89.57179 -106.79644  19.2%  21.1 4094s
 515629 486088 -106.72608   92  426  -89.57179 -106.79642  19.2%  21.1 4109s
 517654 491953 -106.64931  162  362  -89.57179 -106.79642  19.2%  21.1 4140s
 523849 497120 -106.17965  375  251  -89.57179 -106.79642  19.2%  21.1 4169s
 529128 504168 -105.06012  541  204  -89.57179 -106.79642  19.2%  21.1 4208s
 536520 508803 -101.92155  752  155  -89.57179 -106.79637  19.2%  21.1 4232s
 541295 513319 -106.78560   39  476  -89.57179 -106.79635  19.2%  21.1 4256s
 546123 518318 -106.71596   95  422  -89.57179 -106.79635  19.2%  21.2 4281s
 551302 523881 -106.64948  152  375  -89.57179 -106.79635  19.2%  21.2 4311s
 557281 528063 -106.56393  206  341  -89.57179 -106.79635  19.2%  21.1 4338s
 561560 534744 -106.49090  254  310  -89.57179 -106.79635  19.2%  21.1 4370s
 568410 536440 -106.28806  334  276  -89.57179 -106.79635  19.2%  21.1 4384s
 570106 541732 -106.23866  353  265  -89.57179 -106.79635  19.2%  21.1 4409s
 575591 546876 -105.89861  420  250  -89.57179 -106.79635  19.2%  21.1 4433s
 580995 552064 -105.42945  483  219  -89.57179 -106.79635  19.2%  21.2 4457s
 586467 557088 -104.87276  541  195  -89.57179 -106.79635  19.2%  21.2 4486s
 591589 563456 -104.11981  601  167  -89.57179 -106.79635  19.2%  21.2 4525s
 598243 567762 -102.90264  676  148  -89.57179 -106.79635  19.2%  21.3 4545s
 602981 572504     cutoff  733       -89.57179 -106.79627  19.2%  21.3 4573s
 608143 574392 -106.60548  191  341  -89.57179 -106.79627  19.2%  21.3 4587s
 610143 574424 -106.48834  257  303  -89.57179 -106.79627  19.2%  21.3 4778s
 610175 575934 -106.48582  258  309  -89.57179 -106.79627  19.2%  21.3 4840s
 611745 583363 -106.40110  302  288  -89.57179 -106.79627  19.2%  21.2 4875s
 619248 586122 -105.05377  523  217  -89.57179 -106.79627  19.2%  21.2 4888s
 622105 592936 -104.18799  608  193  -89.57179 -106.79627  19.2%  21.3 4920s
 629376 597714  -99.92893  842  140  -89.57179 -106.79627  19.2%  21.3 4942s
 634504 602392 -106.73096   90  425  -89.57179 -106.79612  19.2%  21.3 4974s
 639430 606878 -106.58150  214  324  -89.57179 -106.79612  19.2%  21.3 4998s
 643986 611427 -106.44785  276  289  -89.57179 -106.79612  19.2%  21.3 5022s
 648861 615926 -106.30203  340  263  -89.57179 -106.79612  19.2%  21.3 5047s
 653490 622579 -106.14926  388  244  -89.57179 -106.79612  19.2%  21.3 5088s
 660333 624316 -105.80209  456  221  -89.57179 -106.79612  19.2%  21.3 5099s
 662070 629477 -105.71733  472  222  -89.57179 -106.79612  19.2%  21.3 5132s
 667466 634200 -105.17041  551  180  -89.57179 -106.79612  19.2%  21.3 5171s
 672371 638918 -104.73234  586  173  -89.57179 -106.79612  19.2%  21.4 5207s
 677236 643653 -104.12993  651  146  -89.57179 -106.79612  19.2%  21.4 5246s
 682237 648253 -102.68169  705  129  -89.57179 -106.79612  19.2%  21.4 5281s
 687082 654626 -106.72083   95  424  -89.57179 -106.79605  19.2%  21.4 5328s
 693513 659045 -106.21625  367  267  -89.57179 -106.79605  19.2%  21.4 5355s
 698112 660904 -105.30557  536  216  -89.57179 -106.79605  19.2%  21.4 5373s
 700045 665786 -104.64906  601  196  -89.57179 -106.79605  19.2%  21.4 5406s
 705137 671092 -102.15457  770  165  -89.57179 -106.79605  19.2%  21.4 5444s
 710860 676337 -106.75447   60  455  -89.57179 -106.79595  19.2%  21.4 5476s
 716209 682438 -106.34389  274  299  -89.57179 -106.79595  19.2%  21.4 5511s
 722454 687033 -105.26201  478  241  -89.57179 -106.79595  19.2%  21.4 5534s
 727123 691758 -104.09454  624  208  -89.57179 -106.79595  19.2%  21.4 5559s
 732094 696621 -102.42744  780  182  -89.57179 -106.79595  19.2%  21.4 5584s
 737007 698856 -100.34099  931  147  -89.57179 -106.79595  19.2%  21.5 5596s
 739264 706325  -99.18447 1021  128  -89.57179 -106.79595  19.2%  21.5 5622s
 747168 712805  -91.54467 1423   54  -89.57179 -106.79595  19.2%  21.5 5662s
 753777 717178 -106.37973  254  306  -89.57179 -106.79595  19.2%  21.5 5680s
 758178 717210 -105.73273  413  256  -89.57179 -106.79595  19.2%  21.5 5838s
 758210 721103 -105.72950  414  258  -89.57179 -106.79595  19.2%  21.5 5857s
 762209 722933 -104.97364  535  224  -89.57179 -106.79595  19.2%  21.5 5869s
 764129 727843 -104.50273  589  215  -89.57179 -106.79595  19.2%  21.6 5900s
 769255 732658 -102.99215  744  191  -89.57179 -106.79595  19.2%  21.6 5924s
 774134 737579 -101.07224  890  159  -89.57179 -106.79595  19.2%  21.6 5954s
 779398 744609  -97.80484 1085  121  -89.57179 -106.79587  19.2%  21.7 5998s
 786711 748378 -106.67285  112  404  -89.57179 -106.79587  19.2%  21.7 6027s
 790535 749608 -106.27442  266  311  -89.57179 -106.79587  19.2%  21.7 6080s
 791805 754308 -106.09317  310  290  -89.57179 -106.79587  19.2%  21.7 6111s
 796561 758523 -105.03421  456  262  -89.57179 -106.79587  19.2%  21.7 6143s
 800776 763258 -103.80717  574  242  -89.57179 -106.79587  19.2%  21.7 6171s
 805527 767757 -102.47861  676  243  -89.57179 -106.79587  19.2%  21.7 6200s
 810147 772254 -101.07949  771  226  -89.57179 -106.79587  19.2%  21.8 6233s
 814736 777351  -99.45352  862  223  -89.57179 -106.79587  19.2%  21.9 6265s
 819915 782237  -97.56309  951  227  -89.57179 -106.79587  19.2%  21.9 6292s
 824997 784831  -95.77063 1038  208  -89.57179 -106.79587  19.2%  22.0 6314s
 827795 790927  -94.82126 1083  205  -89.57179 -106.79587  19.2%  22.1 6360s
 834042 796228  -92.60101 1176  203  -89.57179 -106.79587  19.2%  22.1 6406s
 839529 801595  -90.63749 1253  202  -89.57179 -106.79586  19.2%  22.1 6451s
 845416 806030 -106.76810   49  466  -89.57179 -106.79577  19.2%  22.1 6484s
 849969 811216 -106.49298  231  318  -89.57179 -106.79577  19.2%  22.1 6517s
 855219 813354 -105.78625  425  241  -89.57179 -106.79577  19.2%  22.1 6532s
 857377 818353 -105.24059  494  216  -89.57179 -106.79577  19.2%  22.1 6560s
 862559 822993 -103.45478  671  182  -89.57179 -106.79577  19.2%  22.2 6629s
 867293 829026 -100.97955  831  153  -89.57179 -106.79577  19.2%  22.3 6660s
 873692 835380 -106.79560   25  489  -89.57179 -106.79574  19.2%  22.3 6696s
 880372 839736 -106.34480  301  281  -89.57179 -106.79574  19.2%  22.3 6724s
 884812 839768 -105.57841  457  225  -89.57179 -106.79574  19.2%  22.3 6893s
 884844 843856 -105.57414  458  225  -89.57179 -106.79574  19.2%  22.3 6918s
 889047 845743 -104.39146  581  192  -89.57179 -106.79574  19.2%  22.3 6932s
 890991 850431 -103.57190  637  171  -89.57179 -106.79574  19.2%  22.3 6958s
 895821 855474 -101.36330  774  157  -89.57179 -106.79574  19.2%  22.4 6981s
 901102 860853  -96.21206  959  118  -89.57179 -106.79574  19.2%  22.4 7007s
 906618 864063 -106.59894  200  338  -89.57179 -106.79573  19.2%  22.4 7028s
 909828 872728 -106.25339  339  262  -89.57179 -106.79573  19.2%  22.4 7057s
 918738 878263 -104.21699  609  188  -89.57179 -106.79573  19.2%  22.5 7086s
 924564 883552 -101.61358  784  155  -89.57179 -106.79573  19.2%  22.6 7109s
 930283 888353  -97.46935  947  127  -89.57179 -106.79573  19.2%  22.6 7133s
 935349 893328 -106.71053  100  418  -89.57179 -106.79564  19.2%  22.6 7158s
 940522 899306 -106.25035  316  291  -89.57179 -106.79564  19.2%  22.7 7195s
 946912 901450 -105.07597  521  221  -89.57179 -106.79564  19.2%  22.7 7211s
 949184 906704 -104.51773  584  196  -89.57179 -106.79564  19.2%  22.7 7242s
 954750 912417 -102.62713  737  154  -89.57179 -106.79564  19.2%  22.7 7271s
 960744 917018 infeasible  939       -89.57179 -106.79564  19.2%  22.7 7326s
 965505 922620 -106.61615  189  342  -89.57179 -106.79558  19.2%  22.7 7353s
 971281 929104 -105.86773  410  237  -89.57179 -106.79558  19.2%  22.8 7384s
 977995 933318 -104.25797  626  175  -89.57179 -106.79558  19.2%  22.8 7398s
 982329 935204 -102.28172  744  144  -89.57179 -106.79558  19.2%  22.8 7412s
 984299 941040 -100.88712  811  132  -89.57179 -106.79557  19.2%  22.8 7436s
 990397 947004 -106.66557  125  395  -89.57179 -106.79557  19.2%  22.9 7461s
 996764 951403 -106.15718  318  294  -89.57179 -106.79557  19.2%  22.9 7484s
 1001620 956786 -105.36880  474  234  -89.57179 -106.79557  19.2%  22.9 7526s
 1007417 961896 -103.86350  654  204  -89.57179 -106.79557  19.2%  22.9 7563s
 1012739 967135 -101.79184  822  162  -89.57179 -106.79557  19.2%  22.9 7594s
 1018004 969089  -99.02038 1017  129  -89.57179 -106.79557  19.2%  22.9 7640s
 1020132 969121  -96.48248 1156  103  -89.57179 -106.79557  19.2%  22.9 7808s
 1020164 975938  -96.42816 1157  106  -89.57179 -106.79557  19.2%  22.9 7845s
 1027311 978334 -106.64305  134  388  -89.57179 -106.79544  19.2%  22.9 7863s
 1029824 984114 -106.47096  227  331  -89.57179 -106.79544  19.2%  22.9 7891s
 1035732 990149 -105.51674  438  248  -89.57179 -106.79544  19.2%  22.9 7920s
 1041884 995008 -103.91992  641  206  -89.57179 -106.79544  19.2%  22.9 7944s
 1046943 999694 -102.08705  816  167  -89.57179 -106.79544  19.2%  22.9 7967s
 1051715 1001685  -99.31085  992  130  -89.57179 -106.79544  19.2%  23.0 7979s
 1053906 1008677  -97.36807 1118  113  -89.57179 -106.79544  19.2%  23.0 8006s
 1061422 1014542 -106.68205  111  408  -89.57179 -106.79540  19.2%  23.0 8033s
 1067693 1021570 -106.26786  293  302  -89.57179 -106.79540  19.2%  23.0 8071s
 1074953 1025917 -105.13784  511  232  -89.57179 -106.79540  19.2%  22.9 8094s
 1079350 1030437 -103.98034  642  206  -89.57179 -106.79540  19.2%  22.9 8109s
 1083938 1035106 -102.49538  790  176  -89.57179 -106.79540  19.2%  23.0 8129s
 1088655 1040735 -100.33554  944  148  -89.57179 -106.79540  19.2%  23.0 8145s
 1094460 1042475  -97.08926 1119  117  -89.57179 -106.79540  19.2%  23.1 8156s
H1095896 1042473                     -89.5960083 -106.79540  19.2%  23.1 8156s
 1096282 1049943  -95.96815 1182  102  -89.59601 -106.79540  19.2%  23.1 8188s
 1104461 1057315 -106.71338  110  407  -89.59601 -106.79529  19.2%  23.1 8226s
 1112033 1061281 -106.16212  371  253  -89.59601 -106.79529  19.2%  23.0 8243s
 1116134 1065498 -105.30789  499  215  -89.59601 -106.79529  19.2%  23.0 8263s
 1120451 1070135 -104.17627  621  190  -89.59601 -106.79529  19.2%  23.1 8282s
 1125110 1074883 -102.59832  756  157  -89.59601 -106.79529  19.2%  23.1 8303s
 1130063 1081049 -100.26720  899  134  -89.59601 -106.79528  19.2%  23.1 8327s
 1136947 1087783 -106.73468   80  436  -89.59601 -106.79528  19.2%  23.1 8381s
 1143809 1092158 -106.20444  311  287  -89.59601 -106.79528  19.2%  23.1 8412s
 1148218 1094471 -105.46301  458  243  -89.59601 -106.79528  19.2%  23.1 8443s
 1150537 1100337 -104.94297  530  230  -89.59601 -106.79528  19.2%  23.1 8478s
 1156523 1105645 -103.27864  708  190  -89.59601 -106.79528  19.2%  23.1 8509s
 1161831 1111479 -101.01928  875  157  -89.59601 -106.79528  19.2%  23.1 8536s
 1167665 1117609  -97.94452 1070  125  -89.59601 -106.79528  19.2%  23.2 8559s
 1174064 1118233  -93.58869 1296   91  -89.59601 -106.79528  19.2%  23.2 8684s
H1174488 1118225                     -89.6413526 -106.79528  19.1%  23.2 8684s
 1174832 1126559  -92.75692 1353   75  -89.64135 -106.79523  19.1%  23.2 8728s
 1183559 1131445 -106.48577  249  309  -89.64135 -106.79523  19.1%  23.1 8753s
 1188636 1136041 -105.75888  419  238  -89.64135 -106.79523  19.1%  23.1 8777s
 1193316 1138348 -104.54822  566  197  -89.64135 -106.79523  19.1%  23.1 8790s
 1195623 1143309 -103.80082  630  172  -89.64135 -106.79523  19.1%  23.1 8809s
 1200680 1150557 -101.35389  779  136  -89.64135 -106.79523  19.1%  23.2 8850s
 1208599 1154561 -106.73706   83  433  -89.64135 -106.79517  19.1%  23.2 8874s
 1212619 1158865 -106.55767  224  318  -89.64135 -106.79517  19.1%  23.2 8895s
 1217089 1162642 -106.05695  379  247  -89.64135 -106.79517  19.1%  23.2 8914s
 1220928 1167107 -105.26541  506  212  -89.64135 -106.79517  19.1%  23.2 8932s
 1225435 1168125 -103.93480  616  195  -89.64135 -106.79517  19.1%  23.2 8984s
 1226530 1172138 -103.88905  628  187  -89.64135 -106.79517  19.1%  23.2 9004s
 1230563 1178041 -102.36286  738  173  -89.64135 -106.79517  19.1%  23.2 9032s
 1236657 1183453  -99.51677  907  149  -89.64135 -106.79517  19.1%  23.3 9058s
 1242573 1186583  -94.23124 1096  108  -89.64135 -106.79517  19.1%  23.3 9077s
 1245826 1191436 -106.76671   53  462  -89.64135 -106.79513  19.1%  23.3 9107s
 1250745 1195904 -106.69880  101  415  -89.64135 -106.79513  19.1%  23.3 9138s
 1255320 1200574 -106.64585  134  385  -89.64135 -106.79513  19.1%  23.3 9163s
 1259990 1206480 -106.58378  168  355  -89.64135 -106.79513  19.1%  23.3 9200s
 1266176 1210386 -106.51982  204  333  -89.64135 -106.79513  19.1%  23.4 9220s
 1270186 1215585 -106.43871  239  314  -89.64135 -106.79513  19.1%  23.4 9259s
 1275804 1220321 -106.36428  261  310  -89.64135 -106.79513  19.1%  23.4 9293s
 1280686 1224652 -106.26754  288  297  -89.64135 -106.79513  19.1%  23.4 9320s
 1285139 1224682 -106.17320  314  293  -89.64135 -106.79513  19.1%  23.4 9499s
 1285173 1229425 -106.17178  315  293  -89.64135 -106.79513  19.1%  23.4 9522s
 1289962 1234456 -106.06645  341  285  -89.64135 -106.79513  19.1%  23.4 9554s
 1295225 1240173 -105.96939  361  277  -89.64135 -106.79513  19.1%  23.4 9582s
 1300942 1243086 -105.84413  383  267  -89.64135 -106.79513  19.1%  23.4 9599s
 1303855 1250891 -105.75544  398  259  -89.64135 -106.79513  19.1%  23.5 9623s
 1312092 1255435 -105.52111  431  247  -89.64135 -106.79513  19.1%  23.5 9647s
 1316678 1259448 -105.40392  450  243  -89.64135 -106.79513  19.1%  23.5 9665s
 1320705 1265055 -105.20317  468  245  -89.64135 -106.79513  19.1%  23.5 9691s
 1326563 1269978 -104.90480  497  229  -89.64135 -106.79513  19.1%  23.5 9716s
 1331953 1273666 -104.63865  524  227  -89.64135 -106.79513  19.1%  23.5 9736s
 1335749 1277869 -104.47675  537  231  -89.64135 -106.79513  19.1%  23.5 9760s
 1340206 1282909 -104.26712  553  211  -89.64135 -106.79513  19.1%  23.6 9789s
 1345461 1287530 -104.00451  575  218  -89.64135 -106.79513  19.1%  23.5 9817s
 1350206 1291795 -103.72169  592  222  -89.64135 -106.79513  19.1%  23.6 9841s
 1354471 1298504 -103.43233  614  212  -89.64135 -106.79513  19.1%  23.6 9863s
 1361430 1303483 -102.85236  649  201  -89.64135 -106.79513  19.1%  23.6 9893s
 1366767 1307749 -102.43783  665  195  -89.64135 -106.79513  19.1%  23.6 9921s
 1371187 1312176 -102.03389  687  195  -89.64135 -106.79513  19.1%  23.6 9954s
 1375614 1315116 -101.76734  702  189  -89.64135 -106.79513  19.1%  23.7 9981s
 1378554 1319504 -101.63279  709  190  -89.64135 -106.79513  19.1%  23.7 10051s
 1383037 1324663 -100.80286  730  178  -89.64135 -106.79513  19.1%  23.8 10082s
 1388233 1329505 -100.30973  750  173  -89.64135 -106.79513  19.1%  23.8 10105s
 1393380 1334120  -99.41197  770  165  -89.64135 -106.79513  19.1%  23.9 10136s
 1398417 1337623 infeasible  807       -89.64135 -106.79513  19.1%  23.9 10158s
 1402040 1342433     cutoff  818       -89.64135 -106.79513  19.1%  23.9 10185s
 1407088 1347675 -106.51882  252  306  -89.64135 -106.79496  19.1%  23.9 10215s
 1412557 1352906 -105.57991  447  229  -89.64135 -106.79496  19.1%  23.9 10241s
 1417844 1352938 -104.11917  609  193  -89.64135 -106.79496  19.1%  24.0 10413s
 1417876 1357887 -104.11236  610  191  -89.64135 -106.79496  19.1%  24.0 10435s
 1423005 1359470 -102.02051  747  168  -89.64135 -106.79496  19.1%  24.0 10450s
 1424733 1363549 -101.25329  790  161  -89.64135 -106.79496  19.1%  24.0 10515s
 1429133 1369316  -98.90951  902  145  -89.64135 -106.79496  19.1%  24.0 10561s
 1435020 1376056  -94.85733 1067  115  -89.64135 -106.79496  19.1%  24.0 10601s
 1441957 1379844 -106.43831  268  293  -89.64135 -106.79490  19.1%  24.0 10628s
 1445953 1386856 -105.85636  407  239  -89.64135 -106.79490  19.1%  24.0 10668s
 1453149 1392355 -103.92266  628  187  -89.64135 -106.79490  19.1%  24.1 10695s
 1458786 1397976 -101.58706  767  174  -89.64135 -106.79490  19.1%  24.1 10729s
 1464636 1402663  -99.05199  906  151  -89.64135 -106.79490  19.1%  24.1 10762s
 1469323 1406371  -95.38175 1053  124  -89.64135 -106.79490  19.1%  24.1 10786s
 1473074 1410593 -106.78962   29  486  -89.64135 -106.79490  19.1%  24.1 10800s

Explored 1477465 nodes (35680139 simplex iterations) in 10800.13 seconds (4221.91 work units)
Thread count was 32 (of 48 available processors)

Solution count 10: -89.6414 -89.596 -89.5718 ... -87.3828

Time limit reached
Best objective -8.964135262274e+01, best bound -1.067949031077e+02, gap 19.1358%

