Solver command line: ['/cvmfs/restricted.computecanada.ca/easybuild/software/2023/x86-64-v3/Core/gurobi/11.0.1/bin/gurobi.sh']

Set parameter TokenServer to value "license1.computecanada.ca"
Read LP format model from file /tmp/tmp7dwdbt0k.pyomo.lp
Reading time = 0.09 seconds
x1: 500 rows, 500 columns, 250000 nonzeros
Read MIP start from file /tmp/tmpmn__hu2m.gurobi.mst
Set parameter TimeLimit to value 10800
Gurobi Optimizer version 11.0.1 build v11.0.1rc0 (linux64 - "AlmaLinux 9.6 (Sage Margay)")

CPU model: AMD EPYC 9454 48-Core Processor, instruction set [SSE2|AVX|AVX2|AVX512]
Thread count: 48 physical cores, 48 logical processors, using up to 32 threads

Optimize a model with 500 rows, 500 columns and 250000 nonzeros
Model fingerprint: 0x669a96e5
Model has 500 quadratic objective terms
Variable types: 0 continuous, 500 integer (0 binary)
Coefficient statistics:
  Matrix range     [7e-07, 5e-01]
  Objective range  [2e-04, 1e-01]
  QObjective range [2e-05, 1e-02]
  Bounds range     [0e+00, 0e+00]
  RHS range        [2e-03, 1e+00]

Loaded user MIP start with objective -75.6649

Presolve time: 0.05s
Presolved: 500 rows, 500 columns, 250000 nonzeros
Presolved model has 500 quadratic objective terms
Variable types: 0 continuous, 500 integer (0 binary)
Found heuristic solution: objective -84.4990828

Root relaxation: objective -1.067365e+02, 282 iterations, 0.58 seconds (0.50 work units)

    Nodes    |    Current Node    |     Objective Bounds      |     Work
 Expl Unexpl |  Obj  Depth IntInf | Incumbent    BestBd   Gap | It/Node Time

     0     0 -106.73651    0  500  -84.49908 -106.73651  26.3%     -    0s
     0     0 -106.73538    0  500  -84.49908 -106.73538  26.3%     -    4s
     0     2 -106.73538    0  500  -84.49908 -106.73538  26.3%     -    6s
    31    64 -106.73062    5  495  -84.49908 -106.73211  26.3%   2.3   10s
    63    96 -106.72982    6  494  -84.49908 -106.73143  26.3%   2.3   63s
    95   128 -106.72921    6  494  -84.49908 -106.73095  26.3%   2.3   66s
H   99   128                     -86.6720067 -106.73095  23.1%   2.3   66s
   159   192 -106.72873    7  493  -86.67201 -106.73082  23.1%   2.4   86s
   255   463 -106.72731    9  491  -86.67201 -106.73082  23.1%   2.3   91s
   462  1150 -106.72340   12  488  -86.67201 -106.73082  23.1%   2.4   99s
H 1149  1182                     -87.6121213 -106.73082  21.8%   2.5  109s
H 1167  1182                     -88.1691369 -106.73082  21.1%   2.5  109s
  1181  2347 -106.70186   31  469  -88.16914 -106.73082  21.1%   2.5  121s
  2378  3312 -106.67911   55  445  -88.16914 -106.73082  21.1%   2.6  131s
  3311  4168 -106.66077   73  428  -88.16914 -106.73082  21.1%   2.7  140s
  4167  5010 -106.64081   90  413  -88.16914 -106.73082  21.1%   2.9  147s
  5009  5826 -106.62417  105  399  -88.16914 -106.73082  21.1%   3.1  154s
  5825  6673 -106.60158  121  383  -88.16914 -106.73082  21.1%   3.5  161s
  6672  7505 -106.57751  139  370  -88.16914 -106.73082  21.1%   3.8  168s
  7504  8355 -106.55574  154  358  -88.16914 -106.73082  21.1%   4.2  175s
  8354  9105 -106.53268  171  352  -88.16914 -106.73082  21.1%   4.6  181s
  9104  9978 -106.51722  182  345  -88.16914 -106.73082  21.1%   5.1  188s
  9977 10870 -106.49170  198  335  -88.16914 -106.73082  21.1%   5.6  195s
 10869 11767 -106.45587  212  319  -88.16914 -106.73082  21.1%   6.2  202s
 11766 12626 -106.42195  230  309  -88.16914 -106.73082  21.1%   6.8  209s
H12284 12626                     -88.5009953 -106.73082  20.6%   7.0  209s
 12625 12669 -106.39275  246  307  -88.50100 -106.73082  20.6%   7.4  211s
H12662 12669                     -88.5883900 -106.73082  20.5%   7.4  211s
 12668 13601 -106.39028  247  308  -88.58839 -106.73082  20.5%   7.4  217s
 13600 14561 -106.34130  263  296  -88.58839 -106.73082  20.5%   8.2  224s
 14561 14562 -105.88731  394  500  -88.58839 -106.73082  20.5%   9.0  291s
 14580 14592 -106.72897   19  496  -88.58839 -106.73082  20.5%   9.0  296s
 14660 14661 -106.72570   21  494  -88.58839 -106.72952  20.5%   8.9  300s
 14692 14682 -106.72469   22  493  -88.58839 -106.72929  20.5%   8.9  306s
 14826 14774 -106.72104   24  491  -88.58839 -106.72865  20.5%   8.9  311s
 14966 14976 -106.72065   26  489  -88.58839 -106.72865  20.5%   8.8  316s
 15295 15568 -106.71216   30  485  -88.58839 -106.72845  20.5%   8.7  325s
 15811 15428 -106.70511   37  478  -88.58839 -106.72845  20.5%   8.5  330s
 15843 15988 -106.70306   37  478  -88.58839 -106.72845  20.5%   8.5  338s
 16413 16730 -106.69231   45  470  -88.58839 -106.72845  20.5%   8.2  348s
 17345 17120 -106.68311   54  461  -88.58839 -106.72845  20.5%   8.0  356s
 18046 17783 -106.67436   63  452  -88.58839 -106.72845  20.5%   7.8  366s
 18943 17586 -106.66440   73  442  -88.58839 -106.72845  20.5%   7.5  370s
 19045 18436 -106.66341   74  441  -88.58839 -106.72845  20.5%   7.5  378s
 19929 18174 -106.65069   84  432  -88.58839 -106.72845  20.5%   7.4  413s
 19961 18777 -106.65066   84  432  -88.58839 -106.72845  20.5%   7.4  420s
 20735 19489 -106.62937   96  421  -88.58839 -106.72845  20.5%   7.3  432s
 21545 20186 -106.62187  108  408  -88.58839 -106.72845  20.5%   7.2  441s
 22512 20802 -106.60728  119  397  -88.58839 -106.72845  20.5%   7.2  450s
 23450 21465 -106.60103  131  388  -88.58839 -106.72845  20.5%   7.2  460s
 24426 21887 -106.58243  143  378  -88.58839 -106.72845  20.5%   7.3  466s
 25173 22581 -106.57738  153  369  -88.58839 -106.72845  20.5%   7.3  474s
 26116 22298 -106.56950  165  359  -88.58839 -106.72845  20.5%   7.4  477s
 26148 23176 -106.56554  165  359  -88.58839 -106.72845  20.5%   7.4  485s
 27036 23948 -106.56113  178  348  -88.58839 -106.72845  20.5%   7.6  493s
 28104 24551 -106.54708  192  335  -88.58839 -106.72845  20.5%   7.8  502s
 29063 26608 -106.52867  205  329  -88.58839 -106.72845  20.5%   8.0  520s
 31440 26642 -106.51118  235  312  -88.58839 -106.72845  20.5%   8.8  526s
 32371 27292 -106.50360  247  306  -88.58839 -106.72845  20.5%   9.2  538s
 33359 28153 -106.48614  261  296  -88.58839 -106.72845  20.5%   9.5  549s
 34601 28882 -106.46894  275  295  -88.58839 -106.72845  20.5%   9.8  560s
 35860 29714 -106.45984  289  286  -88.58839 -106.72845  20.5%  10.0  570s
 37121 30610 -106.42752  304  274  -88.58839 -106.72845  20.5%  10.1  581s
 38437 31615 -106.41554  318  275  -88.58839 -106.72845  20.5%  10.2  591s
 39881 31642 -106.41090  333  270  -88.58839 -106.72845  20.5%  10.4  598s
 40389 33032 -106.40431  337  271  -88.58839 -106.72845  20.5%  10.5  609s
 41948 34134 -106.37303  354  263  -88.58839 -106.72845  20.5%  10.8  619s
 43570 35217 -106.35566  371  259  -88.58839 -106.72845  20.5%  11.1  629s
 45194 36542 -106.29645  388  252  -88.58839 -106.72845  20.5%  11.4  640s
 47093 37442 -106.26042  406  256  -88.58839 -106.72845  20.5%  11.9  652s
 48717 38562 -106.19333  425  241  -88.58839 -106.72845  20.5%  12.3  664s
 50406 39614 -106.13728  444  238  -88.58839 -106.72845  20.5%  12.8  675s
 52167 40694 -106.07632  463  235  -88.58839 -106.72845  20.5%  13.3  686s
 53850 40747 -105.99585  481  228  -88.58839 -106.72845  20.5%  13.6  693s
 54464 42691 -105.97026  486  227  -88.58839 -106.72845  20.5%  13.7  708s
 56613 44223 -105.88951  508  221  -88.58839 -106.72845  20.5%  14.1  722s
 58861 46685 -105.82227  530  212  -88.58839 -106.72845  20.5%  14.6  757s
 61896 49163 -105.71745  562  205  -88.58839 -106.72845  20.5%  15.5  773s
 64454 51523 -105.60406  586  198  -88.58839 -106.72845  20.5%  16.3  791s
 67013 53706 -105.47116  611  195  -88.58839 -106.72845  20.5%  17.0  809s
 69310 56545 -105.19494  637  177  -88.58839 -106.72845  20.5%  17.5  829s
 72151 59123 -104.82805  667  166  -88.58839 -106.72845  20.5%  18.0  850s
 74791 60748 -104.14187  696  148  -88.58839 -106.72845  20.5%  18.7  862s
 76582 60778 -103.30510  715  139  -88.58839 -106.72845  20.5%  19.0 1051s
 76616 63958     cutoff  715       -88.58839 -106.72845  20.5%  19.1 1073s
 80102 65786 -106.66420  122  401  -88.58839 -106.72795  20.5%  19.3 1147s
H81402 65749                     -88.9528516 -106.72795  20.0%  19.3 1147s
 82056 73000 -106.60688  181  356  -88.95285 -106.72795  20.0%  19.3 1196s
 89563 80348 -105.76242  448  254  -88.95285 -106.72795  20.0%  18.4 1239s
 96911 84652 -102.36423  666  193  -88.95285 -106.72795  20.0%  17.9 1259s
 101247 89627  -98.83657  813  148  -88.95285 -106.72794  20.0%  18.0 1284s
 106440 95360 -106.62618  140  385  -88.95285 -106.72700  20.0%  18.1 1309s
 112548 98164 -106.46273  325  287  -88.95285 -106.72700  20.0%  18.0 1331s
 115531 102802 -106.18721  426  257  -88.95285 -106.72700  20.0%  17.8 1360s
 120299 110931 -104.71774  579  208  -88.95285 -106.72700  20.0%  17.5 1406s
 128540 115172 -106.71373   30  485  -88.95285 -106.72700  20.0%  17.4 1428s
 132867 117915 -106.58051  197  351  -88.95285 -106.72700  20.0%  17.4 1444s
 135634 122557 -106.43702  305  299  -88.95285 -106.72700  20.0%  17.4 1470s
 140523 127058 -105.76717  492  236  -88.95285 -106.72700  20.0%  17.5 1493s
 145044 131437 -104.11046  650  181  -88.95285 -106.72700  20.0%  17.6 1511s
 149515 137986  -98.74087  814  143  -88.95285 -106.72700  20.0%  17.8 1549s
 156342 143280 -106.31576  233  331  -88.95285 -106.72647  20.0%  17.9 1570s
 161772 146767 -105.46271  399  273  -88.95285 -106.72647  20.0%  18.0 1590s
 165528 152330 -104.78516  497  247  -88.95285 -106.72647  20.0%  18.0 1622s
 171293 156988 -103.33835  678  212  -88.95285 -106.72647  20.0%  17.9 1653s
 175973 161663 -101.42842  851  172  -88.95285 -106.72647  20.0%  18.0 1679s
 180648 170785  -98.75383 1027  146  -88.95285 -106.72647  20.0%  18.1 1716s
 190154 172826 -106.69518   51  464  -88.95285 -106.72604  20.0%  18.5 1731s
 192459 177064 -106.63166  127  397  -88.95285 -106.72604  20.0%  18.5 1761s
 197011 180986 -106.41291  294  294  -88.95285 -106.72604  20.0%  18.4 1796s
 201001 185048 -105.79245  449  247  -88.95285 -106.72604  20.0%  18.3 1825s
 205063 189216 -104.46486  607  197  -88.95285 -106.72604  20.0%  18.3 1857s
 209231 193286 -101.74233  765  152  -88.95285 -106.72604  20.0%  18.4 1885s
 213592 197928 -106.64626   89  428  -88.95285 -106.72593  20.0%  18.5 1920s
 218408 203951 -106.31802  290  297  -88.95285 -106.72593  20.0%  18.5 1956s
 224497 208506 -105.02592  540  210  -88.95285 -106.72593  20.0%  18.6 1980s
 229182 213103 -102.37063  721  164  -88.95285 -106.72593  20.0%  18.7 2007s
 234124 217021 -106.64162  109  408  -88.95285 -106.72515  20.0%  18.8 2033s
H237380 216943                     -89.1605278 -106.72515  19.7%  18.8 2033s
 238088 222606 -106.39908  274  303  -89.16053 -106.72515  19.7%  18.7 2063s
H243889 222552                     -89.2925771 -106.72515  19.5%  18.8 2248s
 243921 253141 -105.47180  497  229  -89.29258 -106.72515  19.5%  18.9 2451s
 275953 257289 -104.05615  617  220  -89.29258 -106.72486  19.5%  19.2 2474s
 280209 268674 -102.79018  749  190  -89.29258 -106.72486  19.5%  19.3 2496s
 291765 272775  -98.60541 1036  142  -89.29258 -106.72486  19.5%  19.5 2512s
 296094 280787  -96.39469 1159  119  -89.29258 -106.72486  19.5%  19.6 2539s
 304706 280819 -106.70347   57  458  -89.29258 -106.72438  19.5%  19.5 2548s
 304738 284858 -106.70228   58  456  -89.29258 -106.72438  19.5%  19.5 2570s
 308968 291703 -106.58751  191  352  -89.29258 -106.72438  19.5%  19.4 2609s
 315913 297338 -106.09414  396  252  -89.29258 -106.72438  19.5%  19.3 2628s
 321705 300203 -104.75053  556  206  -89.29258 -106.72438  19.5%  19.3 2645s
 324651 305531 -103.50714  639  188  -89.29258 -106.72438  19.5%  19.4 2666s
 330035 310700 -100.25376  811  133  -89.29258 -106.72438  19.5%  19.5 2694s
 335779 316524 -106.60391  134  386  -89.29258 -106.72438  19.5%  19.5 2721s
 341886 323660 -106.26280  305  291  -89.29258 -106.72438  19.5%  19.4 2762s
 349098 326352 -104.94182  526  219  -89.29258 -106.72438  19.5%  19.4 2781s
 351916 331242 -103.91404  616  194  -89.29258 -106.72438  19.5%  19.4 2812s
 357022 335735 -100.93879  776  154  -89.29258 -106.72403  19.5%  19.5 2849s
 362090 340382 -106.71075   41  474  -89.29258 -106.72403  19.5%  19.5 2890s
 366939 344807 -106.59363  174  359  -89.29258 -106.72403  19.5%  19.4 2924s
 371364 349037 -106.46823  270  297  -89.29258 -106.72403  19.5%  19.4 2958s
H371990 348914                     -89.4230864 -106.72403  19.3%  19.4 2958s
 375594 355624 -106.29796  350  257  -89.42309 -106.72403  19.3%  19.4 2992s
 382430 361324 -105.95294  441  233  -89.42309 -106.72403  19.3%  19.5 3020s
 388594 366410 -105.59566  519  196  -89.42309 -106.72403  19.3%  19.5 3050s
 393680 371132 -104.99706  584  159  -89.42309 -106.72403  19.3%  19.5 3070s
 398402 371164 -104.30238  638  151  -89.42309 -106.72403  19.3%  19.6 3235s
 398434 375342 -104.27838  639  146  -89.42309 -106.72403  19.3%  19.6 3257s
 402843 379994 -103.35897  659  143  -89.42309 -106.72403  19.3%  19.7 3288s
 407963 386476 -106.71361   37  478  -89.42309 -106.72386  19.3%  19.8 3327s
 415088 391967 -106.37017  291  299  -89.42309 -106.72386  19.3%  19.7 3354s
 420629 394922 -105.68057  470  224  -89.42309 -106.72386  19.3%  19.6 3367s
 423584 399932 -104.78467  560  203  -89.42309 -106.72386  19.3%  19.6 3382s
 428658 404881 -102.63431  710  168  -89.42309 -106.72386  19.3%  19.7 3404s
 433833 411085  -99.29079  868  140  -89.42309 -106.72386  19.3%  19.8 3445s
 440715 413470 -106.66195   69  447  -89.42309 -106.72375  19.3%  19.9 3470s
 443160 418247 -106.63572   94  425  -89.42309 -106.72375  19.3%  19.8 3514s
 447969 422982 -106.55864  137  396  -89.42309 -106.72375  19.3%  19.8 3555s
 452837 427929 -106.46557  178  357  -89.42309 -106.72375  19.3%  19.7 3593s
 458002 432651 -106.39760  211  348  -89.42309 -106.72375  19.3%  19.7 3627s
 462773 436858 -106.31908  238  327  -89.42309 -106.72375  19.3%  19.6 3664s
 467158 442832 -106.20922  273  316  -89.42309 -106.72375  19.3%  19.6 3711s
 473206 447973 -106.04838  318  286  -89.42309 -106.72375  19.3%  19.5 3748s
 478469 452842 -105.93450  346  282  -89.42309 -106.72375  19.3%  19.5 3780s
 483526 454781 -105.80240  372  268  -89.42309 -106.72375  19.3%  19.5 3799s
 485465 460373 -105.73527  380  273  -89.42309 -106.72375  19.3%  19.5 3833s
 491057 465276 -105.49108  411  264  -89.42309 -106.72375  19.3%  19.5 3859s
 496068 470461 -105.36255  435  255  -89.42309 -106.72375  19.3%  19.6 3888s
 501345 475177 -105.18537  459  250  -89.42309 -106.72375  19.3%  19.6 3911s
 506061 479216 -104.96162  480  241  -89.42309 -106.72375  19.3%  19.7 3930s
 510235 484602 -104.78113  501  237  -89.42309 -106.72375  19.3%  19.8 3956s
 515885 489151 -104.48636  528  227  -89.42309 -106.72375  19.3%  19.8 3987s
 520560 493461 -104.26880  545  221  -89.42309 -106.72375  19.3%  19.8 4011s
 524870 496721 -104.00681  570  222  -89.42309 -106.72375  19.3%  19.8 4033s
 528138 502095 -103.67200  588  213  -89.42309 -106.72375  19.3%  19.9 4059s
 533715 502126 -103.35736  607  206  -89.42309 -106.72375  19.3%  20.0 4233s
 533748 506354 -103.25551  608  208  -89.42309 -106.72375  19.3%  20.0 4260s
 538174 509646 -103.01721  626  210  -89.42309 -106.72375  19.3%  20.0 4281s
 541554 514671 -102.67436  645  196  -89.42309 -106.72375  19.3%  20.1 4316s
 546641 518315 -102.11829  664  193  -89.42309 -106.72375  19.3%  20.1 4343s
 550285 522679 -101.78825  680  177  -89.42309 -106.72375  19.3%  20.2 4366s
 554731 528033 -101.31570  700  177  -89.42309 -106.72375  19.3%  20.3 4395s
 560349 532540 -100.63674  722  177  -89.42309 -106.72375  19.3%  20.3 4426s
 564932 537931  -99.75447  749  167  -89.42309 -106.72375  19.3%  20.3 4474s
 570413 544402  -98.64328  775  169  -89.42309 -106.72375  19.3%  20.4 4503s
 577034 548178  -96.98492  796  161  -89.42309 -106.72375  19.3%  20.5 4523s
 581088 554150  -96.09129  808  170  -89.42309 -106.72375  19.3%  20.6 4555s
 587562 559545  -94.36322  830  165  -89.42309 -106.72375  19.3%  20.6 4592s
 593285 565619  -92.49919  842  157  -89.42309 -106.72375  19.3%  20.7 4628s
 599811 568511 -106.66238  104  412  -89.42309 -106.72370  19.3%  20.7 4648s
 602957 574100 -106.59438  181  351  -89.42309 -106.72370  19.3%  20.7 4681s
 608798 578605 -106.40913  297  281  -89.42309 -106.72370  19.3%  20.7 4708s
 613478 583455 -106.26432  352  258  -89.42309 -106.72370  19.3%  20.7 4736s
 618366 587973 -105.99827  415  230  -89.42309 -106.72370  19.3%  20.6 4767s
 622996 592130 -105.66650  477  212  -89.42309 -106.72370  19.3%  20.7 4797s
 627339 598589 -105.40418  521  194  -89.42309 -106.72370  19.3%  20.7 4833s
 633935 603187 -104.72787  604  167  -89.42309 -106.72370  19.3%  20.8 4861s
 638787 609578 -104.24946  655  150  -89.42309 -106.72370  19.3%  20.8 4897s
 645412 613455 infeasible  688       -89.42309 -106.72370  19.3%  20.9 4916s
 649440 618663 -106.64687  113  409  -89.42309 -106.72341  19.3%  20.8 4941s
 654747 626286 -106.38157  309  278  -89.42309 -106.72341  19.3%  20.9 4973s
 662898 629376 -104.98455  522  203  -89.42309 -106.72341  19.3%  20.9 4998s
 666160 632049 -104.11318  630  179  -89.42309 -106.72341  19.3%  20.9 5021s
 668939 636663 -103.12438  711  162  -89.42309 -106.72341  19.3%  20.9 5057s
 673924 641419 -106.72015   31  484  -89.42309 -106.72341  19.3%  20.9 5095s
 678712 641451 -106.54664  211  329  -89.42309 -106.72341  19.3%  20.8 5271s
 678744 645713 -106.54345  212  329  -89.42309 -106.72341  19.3%  20.8 5300s
 683026 648504 -106.17124  372  255  -89.42309 -106.72341  19.3%  20.8 5321s
 685817 653915 -105.60843  473  210  -89.42309 -106.72341  19.3%  20.8 5352s
 691454 657731 -103.80047  633  178  -89.42309 -106.72341  19.3%  20.8 5379s
 695486 662985 -102.14753  764  144  -89.42309 -106.72341  19.3%  20.8 5418s
 701020 668403 -106.71374   34  481  -89.42309 -106.72325  19.3%  20.7 5451s
 706531 673156 -106.28328  266  309  -89.42309 -106.72325  19.3%  20.7 5479s
 711318 676131 -105.41480  439  259  -89.42309 -106.72325  19.3%  20.7 5506s
H713673 676005                     -89.4969419 -106.72325  19.2%  20.7 5506s
 714293 681591 -104.68327  541  237  -89.49694 -106.72325  19.2%  20.7 5540s
 720044 687117 -102.99531  725  195  -89.49694 -106.72325  19.2%  20.8 5585s
 725586 693382 -100.41975  935  152  -89.49694 -106.72325  19.2%  20.8 5620s
 731999 696716  -95.66073 1215   94  -89.49694 -106.72325  19.2%  20.9 5642s
 735558 701100 -106.67850   72  445  -89.49694 -106.72318  19.2%  20.8 5670s
 739954 705429 -106.37941  273  296  -89.49694 -106.72318  19.2%  20.8 5694s
 744381 709675 -105.32805  458  217  -89.49694 -106.72318  19.2%  20.9 5720s
 748755 712913 -103.71205  612  179  -89.49694 -106.72318  19.2%  20.9 5742s
H750700 712871                     -89.5110684 -106.72318  19.2%  20.9 5742s
 752063 717962 -102.28564  730  150  -89.51107 -106.72318  19.2%  20.9 5778s
 757414 721008  -96.53983  923  115  -89.51107 -106.72318  19.2%  21.0 5845s
 760562 728548 -106.67662   78  437  -89.51107 -106.72315  19.2%  21.0 5890s
 768273 732977 -105.84693  423  219  -89.51107 -106.72315  19.2%  21.0 5917s
 772940 739100 -104.40193  584  179  -89.51107 -106.72315  19.2%  21.0 5943s
 779107 745675 -101.59683  797  134  -89.51107 -106.72315  19.2%  21.1 5974s
 786009 750526 -106.62731  117  401  -89.51107 -106.72307  19.2%  21.1 6004s
 790896 756421 -106.24527  313  277  -89.51107 -106.72307  19.2%  21.1 6031s
 796891 761674 -105.02979  525  201  -89.51107 -106.72307  19.2%  21.2 6047s
 802230 767514 -102.77672  691  159  -89.51107 -106.72307  19.2%  21.3 6075s
 808411 770739  -99.47342  853  127  -89.51107 -106.72302  19.2%  21.3 6098s
 811891 770770 -106.68761   65  450  -89.51107 -106.72301  19.2%  21.3 6287s
 811924 775910 -106.68533   66  449  -89.51107 -106.72301  19.2%  21.3 6321s
 817188 780513 -106.41924  273  300  -89.51107 -106.72301  19.2%  21.3 6344s
 822034 786491 -105.73280  445  241  -89.51107 -106.72301  19.2%  21.3 6374s
 828104 790463 -103.99871  644  183  -89.51107 -106.72301  19.2%  21.4 6393s
 832298 795515 -102.11937  768  148  -89.51107 -106.72301  19.2%  21.4 6420s
 838150 801529 -106.65970   79  437  -89.51107 -106.72298  19.2%  21.5 6454s
 844391 806498 -106.31928  299  288  -89.51107 -106.72298  19.2%  21.4 6475s
 849498 812695 -105.47988  474  222  -89.51107 -106.72298  19.2%  21.4 6507s
 855841 816182 -103.34332  663  170  -89.51107 -106.72298  19.2%  21.4 6522s
 859426 821633 -101.48916  780  148  -89.51107 -106.72298  19.2%  21.5 6552s
 865518 826895 -106.70131   43  472  -89.51107 -106.72293  19.2%  21.5 6580s
 870780 833185 -106.55562  179  356  -89.51107 -106.72293  19.2%  21.5 6606s
 877234 835946 -106.43230  255  318  -89.51107 -106.72293  19.2%  21.5 6625s
 880327 842894 -106.35124  287  290  -89.51107 -106.72293  19.2%  21.5 6667s
 887407 846951 -106.13753  374  257  -89.51107 -106.72293  19.2%  21.5 6685s
 891580 851168 -106.02374  403  251  -89.51107 -106.72293  19.2%  21.5 6706s
 895797 855204 -105.74350  451  224  -89.51107 -106.72293  19.2%  21.5 6719s
 899833 859448 -105.51476  479  212  -89.51107 -106.72293  19.2%  21.6 6740s
 904259 862403 -105.13576  532  190  -89.51107 -106.72293  19.2%  21.6 6764s
 907506 867232 -104.88835  555  188  -89.51107 -106.72293  19.2%  21.6 6798s
 912432 873141 -104.41282  602  173  -89.51107 -106.72293  19.2%  21.6 6839s
 918459 877144 -103.80460  651  159  -89.51107 -106.72293  19.2%  21.7 6869s
 922685 880756 -103.12166  688  152  -89.51107 -106.72293  19.2%  21.7 6894s
 926652 885830 -102.78451  697  151  -89.51107 -106.72286  19.2%  21.7 6964s
 932356 892731 -106.72239   28  487  -89.51107 -106.72285  19.2%  21.7 7004s
 939285 898707 -106.20871  284  294  -89.51107 -106.72285  19.2%  21.7 7034s
 945433 903320 -105.24683  462  246  -89.51107 -106.72285  19.2%  21.7 7061s
 950134 910090 -104.11243  599  217  -89.51107 -106.72285  19.2%  21.7 7085s
 956904 916873 -101.80696  819  160  -89.51107 -106.72285  19.2%  21.7 7107s
 963993 917030  -98.73168 1030  127  -89.51107 -106.72285  19.2%  21.8 7235s
 964173 917062  -98.69541 1031  119  -89.51107 -106.72285  19.2%  21.8 7247s
 964205 921093  -98.68950 1032  125  -89.51107 -106.72285  19.2%  21.8 7267s
 968431 927652  -96.02951 1178  105  -89.51107 -106.72285  19.2%  21.8 7295s
 975415 932471 -106.61514  105  414  -89.51107 -106.72285  19.2%  21.8 7324s
 980354 938257 -106.15095  299  297  -89.51107 -106.72285  19.2%  21.8 7348s
 986140 943348 -104.98511  499  235  -89.51107 -106.72285  19.2%  21.8 7368s
 991468 946988 -103.42996  672  198  -89.51107 -106.72285  19.2%  21.8 7390s
 995224 952238 -102.00045  794  176  -89.51107 -106.72285  19.2%  21.8 7412s
 1000474 959044  -99.36352  985  143  -89.51107 -106.72285  19.2%  21.9 7430s
 1007434 965326  -91.70403 1397   62  -89.51107 -106.72285  19.2%  21.9 7459s
 1014126 970231 -106.52317  216  324  -89.51107 -106.72281  19.2%  21.9 7480s
 1019323 972903 -106.05217  398  241  -89.51107 -106.72281  19.2%  21.9 7500s
 1022360 977506 -105.42248  490  201  -89.51107 -106.72281  19.2%  21.9 7525s
 1026963 982485 -104.19451  622  165  -89.51107 -106.72281  19.2%  21.9 7543s
 1031942 986343 -101.70450  781  145  -89.51107 -106.72281  19.2%  21.9 7603s
 1036122 991819 -106.69379   60  455  -89.51107 -106.72276  19.2%  22.0 7633s
 1041892 996804 -106.36515  290  273  -89.51107 -106.72276  19.2%  22.0 7656s
 1046965 1002751 -105.55697  460  212  -89.51107 -106.72276  19.2%  22.0 7690s
 1053176 1007980 -103.80802  631  176  -89.51107 -106.72276  19.2%  22.0 7713s
 1058405 1012614 -101.51690  782  141  -89.51107 -106.72276  19.2%  22.0 7731s
 1063593 1015534 -106.65311   72  443  -89.51107 -106.72273  19.2%  22.1 7751s
 1066649 1020542 -106.44620  202  341  -89.51107 -106.72273  19.2%  22.1 7790s
 1071960 1026481 -105.71861  387  266  -89.51107 -106.72273  19.2%  22.1 7835s
 1078524 1026511 -104.43227  583  208  -89.51107 -106.72273  19.2%  22.1 8005s
 1078558 1030862 -104.42344  584  215  -89.51107 -106.72273  19.2%  22.1 8031s
 1083025 1033769 -103.20180  719  193  -89.51107 -106.72273  19.2%  22.1 8051s
 1085992 1038358 -102.09980  813  176  -89.51107 -106.72273  19.2%  22.0 8082s
 1090590 1042583  -99.95845  959  144  -89.51107 -106.72273  19.2%  22.1 8106s
 1094867 1049823  -97.10067 1144  108  -89.51107 -106.72267  19.2%  22.1 8136s
 1102705 1056223 -106.61344  126  396  -89.51107 -106.72262  19.2%  22.1 8175s
 1109411 1059134 -106.05757  350  273  -89.51107 -106.72262  19.2%  22.0 8197s
 1112404 1064022 -105.53559  444  233  -89.51107 -106.72262  19.2%  22.0 8221s
 1117292 1068324 -104.31986  587  199  -89.51107 -106.72262  19.2%  22.0 8239s
 1121672 1073669 -102.69161  717  172  -89.51107 -106.72262  19.2%  22.1 8266s
 1127325 1078114  -99.57821  893  137  -89.51107 -106.72262  19.2%  22.1 8295s
 1132186 1082891 -106.67103   81  437  -89.51107 -106.72259  19.2%  22.1 8334s
 1137113 1087598 -106.53366  211  329  -89.51107 -106.72259  19.2%  22.1 8394s
 1141908 1094846 -106.36476  282  294  -89.51107 -106.72259  19.2%  22.1 8437s
 1149226 1099206 -106.10517  368  252  -89.51107 -106.72259  19.2%  22.1 8457s
 1153586 1107252 -105.84246  423  225  -89.51107 -106.72259  19.2%  22.1 8478s
 1161769 1113981 -105.41263  483  209  -89.51107 -106.72259  19.2%  22.1 8513s
 1168822 1118225 -104.94613  545  183  -89.51107 -106.72259  19.2%  22.1 8530s
 1173078 1121040 -104.65943  585  173  -89.51107 -106.72259  19.2%  22.2 8545s
 1175929 1125923 -104.39555  611  174  -89.51107 -106.72259  19.2%  22.2 8570s
 1180950 1130364 -104.00473  646  157  -89.51107 -106.72259  19.2%  22.2 8590s
 1185503 1134770 -103.36589  688  149  -89.51107 -106.72259  19.2%  22.2 8611s
 1190147 1139599 -102.76117  697  146  -89.51107 -106.72259  19.2%  22.3 8639s
 1195494 1144519     cutoff  712       -89.51107 -106.72259  19.2%  22.3 8663s
 1200574 1150289 -106.62162  119  403  -89.51107 -106.72253  19.2%  22.3 8692s
 1206723 1155268 -106.01422  351  258  -89.51107 -106.72253  19.2%  22.3 8724s
 1211772 1160169 -104.90426  526  204  -89.51107 -106.72253  19.2%  22.3 8756s
 1216982 1163648 -103.11262  687  169  -89.51107 -106.72253  19.2%  22.4 8781s
 1220667 1163677 -101.45323  792  145  -89.51107 -106.72253  19.2%  22.4 8954s
 1220702 1168689 -101.41610  793  143  -89.51107 -106.72253  19.2%  22.4 8983s
 1226216 1172428 -106.71982   30  485  -89.51107 -106.72249  19.2%  22.4 9012s
 1230084 1179744 -106.59349  133  390  -89.51107 -106.72249  19.2%  22.4 9053s
 1237625 1183501 -105.73669  434  232  -89.51107 -106.72249  19.2%  22.4 9070s
 1241633 1189087 -104.56036  572  201  -89.51107 -106.72249  19.2%  22.4 9096s
 1247627 1193963 -101.40879  770  155  -89.51107 -106.72249  19.2%  22.4 9128s
 1252773 1198478 -106.72044   26  489  -89.51107 -106.72249  19.2%  22.5 9163s
 1257471 1200052 -106.64038   88  428  -89.51107 -106.72249  19.2%  22.5 9229s
 1259229 1227567 -106.61838  100  419  -89.51107 -106.72249  19.2%  22.5 9385s
 1287613 1235342 -106.18848  281  303  -89.51107 -106.72249  19.2%  22.6 9423s
 1295960 1237482 -106.08985  313  287  -89.51107 -106.72249  19.2%  22.5 9442s
 1298104 1241712 -106.06167  320  286  -89.51107 -106.72249  19.2%  22.5 9465s
 1302376 1244505 -105.98924  338  281  -89.51107 -106.72249  19.2%  22.5 9477s
 1305169 1249206 -105.90972  352  282  -89.51107 -106.72249  19.2%  22.5 9494s
 1309972 1254255 -105.79273  374  279  -89.51107 -106.72249  19.2%  22.6 9516s
 1315336 1258874 -105.60626  399  264  -89.51107 -106.72249  19.2%  22.6 9545s
 1320330 1264817 -105.50183  423  266  -89.51107 -106.72249  19.2%  22.6 9600s
 1326427 1267799 -105.30583  447  256  -89.51107 -106.72249  19.2%  22.6 9631s
 1329455 1272862 -105.16355  461  252  -89.51107 -106.72249  19.2%  22.5 9666s
 1334518 1277410 -104.95875  484  250  -89.51107 -106.72249  19.2%  22.5 9699s
 1339195 1282201 -104.68332  510  237  -89.51107 -106.72249  19.2%  22.5 9729s
 1343986 1285762 -104.37888  536  232  -89.51107 -106.72249  19.2%  22.5 9753s
 1347547 1291684 -104.21442  552  232  -89.51107 -106.72249  19.2%  22.5 9779s
 1353469 1298471 -103.98979  572  220  -89.51107 -106.72249  19.2%  22.6 9815s
 1360650 1298600 -103.60834  599  214  -89.51107 -106.72249  19.2%  22.6 9998s
 1360783 1302492 -103.58361  601  213  -89.51107 -106.72249  19.2%  22.6 10020s
 1364723 1305340 -103.33778  621  205  -89.51107 -106.72249  19.2%  22.6 10039s
 1367617 1309897 -103.20086  632  203  -89.51107 -106.72249  19.2%  22.6 10066s
 1372288 1313018 -102.85497  652  191  -89.51107 -106.72249  19.2%  22.6 10084s
 1375513 1318494 -102.70024  659  189  -89.51107 -106.72249  19.2%  22.6 10111s
 1381149 1323660 -102.24859  673  191  -89.51107 -106.72249  19.2%  22.6 10141s
 1386552 1327580 -101.80342  684  191  -89.51107 -106.72249  19.2%  22.6 10172s
 1390544 1334003 -101.24728  698  186  -89.51107 -106.72249  19.2%  22.6 10206s
 1397111 1339081  -99.98357  724  177  -89.51107 -106.72249  19.2%  22.6 10232s
 1402265 1344044  -98.26411  741  171  -89.51107 -106.72237  19.2%  22.7 10260s
 1407708 1346224 -106.72014   31  484  -89.51107 -106.72237  19.2%  22.7 10313s
 1410002 1351694 -106.67416   87  428  -89.51107 -106.72237  19.2%  22.7 10357s
 1415514 1356372 -106.47280  228  318  -89.51107 -106.72237  19.2%  22.7 10384s
 1420352 1361306 -106.25060  328  280  -89.51107 -106.72237  19.2%  22.7 10410s
 1425426 1364816 -106.02062  396  239  -89.51107 -106.72237  19.2%  22.7 10434s
 1428968 1369710 -105.76404  442  226  -89.51107 -106.72237  19.2%  22.8 10459s
 1434013 1374755 -105.58122  482  209  -89.51107 -106.72237  19.2%  22.8 10495s
 1439286 1378273 -105.04185  539  183  -89.51107 -106.72237  19.2%  22.8 10523s
 1442916 1383638 -104.72854  571  173  -89.51107 -106.72237  19.2%  22.9 10555s
 1448385 1388579 -104.02068  640  150  -89.51107 -106.72237  19.2%  22.9 10581s
 1453681 1393427 -103.33050  669  143  -89.51107 -106.72237  19.2%  22.9 10603s
 1459043 1396700 -106.68316   59  456  -89.51107 -106.72228  19.2%  22.9 10636s
 1462686 1402169 -106.62195  104  413  -89.51107 -106.72228  19.2%  22.9 10684s
 1468267 1407695 -106.55626  142  378  -89.51107 -106.72228  19.2%  22.9 10728s
 1473977 1412826 -106.48119  178  350  -89.51107 -106.72228  19.2%  22.9 10766s
 1479340 1418560 -106.38403  214  331  -89.51107 -106.72228  19.2%  22.9 10800s

Explored 1485142 nodes (34072159 simplex iterations) in 10800.19 seconds (4131.98 work units)
Thread count was 32 (of 48 available processors)

Solution count 10: -89.5111 -89.4969 -89.4231 ... -87.6121

Time limit reached
Best objective -8.951106843818e+01, best bound -1.067222843192e+02, gap 19.2280%

