Solver command line: ['/cvmfs/restricted.computecanada.ca/easybuild/software/2023/x86-64-v3/Core/gurobi/11.0.1/bin/gurobi.sh']

Set parameter TokenServer to value "license1.computecanada.ca"
Read LP format model from file /tmp/tmpvu4uq9tg.pyomo.lp
Reading time = 0.36 seconds
x1: 1000 rows, 1000 columns, 1000000 nonzeros
Read MIP start from file /tmp/tmpnk5y5zib.gurobi.mst
Set parameter TimeLimit to value 10800
Gurobi Optimizer version 11.0.1 build v11.0.1rc0 (linux64 - "AlmaLinux 9.6 (Sage Margay)")

CPU model: AMD EPYC 9454 48-Core Processor, instruction set [SSE2|AVX|AVX2|AVX512]
Thread count: 48 physical cores, 48 logical processors, using up to 32 threads

Optimize a model with 1000 rows, 1000 columns and 1000000 nonzeros
Model fingerprint: 0x85105df1
Model has 1000 quadratic objective terms
Variable types: 0 continuous, 1000 integer (0 binary)
Coefficient statistics:
  Matrix range     [3e-07, 5e-01]
  Objective range  [9e-05, 1e-01]
  QObjective range [2e-05, 1e-02]
  Bounds range     [0e+00, 0e+00]
  RHS range        [4e-04, 1e+00]

User MIP start did not produce a new incumbent solution
User MIP start violates constraint c_u_x1367_ by 0.047549102

Presolve time: 0.19s
Presolved: 1000 rows, 1000 columns, 1000000 nonzeros
Presolved model has 1000 quadratic objective terms
Variable types: 0 continuous, 1000 integer (0 binary)

Root simplex log...

Iteration    Objective       Primal Inf.    Dual Inf.      Time
     541   -2.1401609e+02   1.908821e+00   0.000000e+00      6s
     579   -2.1392387e+02   0.000000e+00   0.000000e+00      7s

Root relaxation: objective -2.139239e+02, 579 iterations, 6.20 seconds (3.76 work units)
Another try with MIP start

    Nodes    |    Current Node    |     Objective Bounds      |     Work
 Expl Unexpl |  Obj  Depth IntInf | Incumbent    BestBd   Gap | It/Node Time

     0     0 -213.92387    0 1000          - -213.92387      -     -  233s
     0     0 -213.92264    0 1000          - -213.92264      -     -  725s
     0     2 -213.92246    0 1000          - -213.92246      -     -  790s
     3     8 -213.92246    2  998          - -213.92246      -   3.0  795s
    15    32 -213.92116    4  996          - -213.92246      -   3.0  801s
    31    64 -213.91940    5  995          - -213.92246      -   2.9  805s
    95   128 -213.91772    6  994          - -213.92183      -   2.7  814s
   127   160 -213.91828    7  993          - -213.92183      -   2.9  820s
   159   192 -213.91817    7  993          - -213.92164      -   2.8  825s
   191   224 -213.91805    8  992          - -213.92125      -   2.8  831s
   223   256 -213.91742    8  992          - -213.92112      -   2.7  837s
   255   288 -213.91784    9  991          - -213.92103      -   2.7  842s
   287   384 -213.91708    9  991          - -213.92103      -   2.7  858s
   383   512 -213.91724   11  989          - -213.92103      -   2.7  879s
   511   789 -213.91703   14  986          - -213.92103      -   2.8  917s
   788  1666 -213.91447   23  979          - -213.92103      -   2.7 1003s
  1665  3674 -213.90798   52  954          - -213.92103      -   2.6 1183s
  3673  5725 -213.89144  112  904          - -213.92103      -   2.6 1354s
  5724  7624 -213.87406  167  865          - -213.92103      -   2.7 1516s
  7623  9697 -213.85355  219  833          - -213.92103      -   2.8 1675s
  9696 11773 -213.83517  281  793          - -213.92103      -   2.9 1837s
 11772 13980 -213.81040  343  752          - -213.92103      -   3.1 1999s
 13979 16267 -213.77716  409  707          - -213.92103      -   3.3 2152s
 16267 16268 -213.85166  243 1000          - -213.92103      -   3.4 2168s
 16269 16269 -213.79265  408 1000          - -213.92103      -   3.4 2176s
 16271 16271 -213.87049  176 1000          - -213.92103      -   3.4 2245s
 16272 16274 -213.92103   15  999          - -213.92103      -   3.5 2256s
 16278 16284 -213.91944   17  997          - -213.92060      -   3.5 2262s
 16286 16298 -213.91758   18  996          - -213.91943      -   3.5 2265s
 16302 16324 -213.91602   19  995          - -213.91792      -   3.4 2270s
 16366 16367 -213.91420   20  994          - -213.91581      -   3.4 2279s
 16398 16388 -213.91322   21  993          - -213.91543      -   3.4 2285s
 16430 16410 -213.91301   21  993          - -213.91488      -   3.4 2290s
 16462 16431 -213.91204   22  992          - -213.91488      -   3.4 2296s
 16494 16452 -213.91085   22  992          - -213.91434      -   3.4 2301s
 16526 16474 -213.91105   23  991          - -213.91434      -   3.4 2307s
 16558 16495 -213.90934   23  991          - -213.91434      -   3.4 2312s
 16590 16516 -213.91008   24  990          - -213.91434      -   3.4 2318s
 16622 16538 -213.90831   24  990          - -213.91434      -   3.4 2324s
 16654 16559 -213.90867   25  989          - -213.91434      -   3.4 2329s
 16686 16580 -213.90840   25  989          - -213.91434      -   3.4 2335s
 16718 16602 -213.90747   26  988          - -213.91434      -   3.4 2340s
 16750 16623 -213.90680   26  988          - -213.91434      -   3.4 2346s
 16782 16644 -213.90640   27  987          - -213.91434      -   3.4 2352s
 16814 16924 -213.90538   27  987          - -213.91434      -   3.4 2398s
 17104 17530 -213.89961   32  982          - -213.91434      -   3.4 2474s
 17807 17924 -213.88618   41  973          - -213.91434      -   3.4 2561s
 18435 20769 -213.87583   49  965          - -213.91434      -   3.4 2897s
 21490 22015 -213.83414   88  926          - -213.91434      -   3.2 3142s
 23754 22409 -213.80524  118  896          - -213.91434      -   3.2 3267s
 24903 24138 -213.79786  133  881          - -213.91434      -   3.2 3496s
 27015 25337 -213.76306  163  851          - -213.91434      -   3.2 3709s
 28918 26808 -213.74022  191  824          - -213.91434      -   3.2 3925s
 31023 28459 -213.70715  221  796          - -213.91434      -   3.2 4176s
 33376 29553 -213.68275  255  762          - -213.91434      -   3.3 4360s
 35254 30857 -213.65556  284  741          - -213.91434      -   3.4 4544s
 37184 32195 -213.63261  313  714          - -213.91434      -   3.6 4731s
 39165 33543 -213.60281  343  688          - -213.91434      -   3.7 4922s
 41174 34979 -213.57318  374  676          - -213.91434      -   3.9 5114s
 43279 36433 -213.54220  404  654          - -213.91434      -   4.2 5309s
 45435 37347 -213.51633  434  643          - -213.91434      -   4.4 5463s
 47068 39191 -213.49345  459  627          - -213.91434      -   4.6 5671s
 49456 40814 -213.45722  493  613          - -213.91434      -   5.0 5879s
 51875 42541 -213.41102  529  590          - -213.91434      -   5.3 6092s
 54408 44309 -213.36833  565  563          - -213.91434      -   5.7 6308s
 57021 43550 -213.31561  602  551          - -213.91434      -   6.1 6337s
 57133 46137 -213.31878  604  550          - -213.91434      -   6.1 6551s
 59757 48156 -213.25568  642  530          - -213.91434      -   6.5 6788s
 62651 50374 -213.19267  682  514          - -213.91434      -   7.0 7125s
 65833 52591 -213.11217  726  508          - -213.91434      -   7.5 7352s
 68861 55868 -213.04460  767  496          - -213.91434      -   8.0 7611s
 72138 58949 -212.97533  812  480          - -213.91434      -   8.6 7867s
 75219 62424 -212.88300  853  462          - -213.91434      -   9.2 8141s
 78694 65924 -212.77539  900  440          - -213.91434      -   9.9 8390s
 82194 69396 -212.66440  943  420          - -213.91434      -  10.7 8624s
 85666 72887 -212.59542  985  404          - -213.91434      -  11.5 8854s
 89157 76735 -212.39324 1024  390          - -213.91434      -  12.4 9105s
 93005 80398 -212.32431 1068  379          - -213.91434      -  13.4 9341s
 96668 84557 -212.18353 1110  362          - -213.91434      -  14.4 9607s
 100827 88709 -211.95692 1159  340          - -213.91434      -  15.6 9865s
 104979 92530 -211.59055 1207  331          - -213.91434      -  17.0 10090s
 108800 92763 -211.29101 1252  309          - -213.91434      -  18.3 10145s
 109033 97217 -211.20171 1256  310          - -213.91434      -  18.4 10480s
 113581 101385 -210.57689 1312  286          - -213.91434      -  20.0 10800s

Explored 117829 nodes (2518667 simplex iterations) in 10800.81 seconds (1808.46 work units)
Thread count was 32 (of 48 available processors)

Solution count 0

Time limit reached
Best objective -, best bound -2.139143447195e+02, gap -

