Solver command line: ['/cvmfs/restricted.computecanada.ca/easybuild/software/2023/x86-64-v3/Core/gurobi/11.0.1/bin/gurobi.sh']

Set parameter TokenServer to value "license1.computecanada.ca"
Read LP format model from file /tmp/tmpcsp0ernq.pyomo.lp
Reading time = 0.09 seconds
x1: 500 rows, 500 columns, 250000 nonzeros
Read MIP start from file /tmp/tmptmax0ei9.gurobi.mst
Set parameter TimeLimit to value 10800
Gurobi Optimizer version 11.0.1 build v11.0.1rc0 (linux64 - "AlmaLinux 9.6 (Sage Margay)")

CPU model: AMD EPYC 9454 48-Core Processor, instruction set [SSE2|AVX|AVX2|AVX512]
Thread count: 48 physical cores, 48 logical processors, using up to 32 threads

Optimize a model with 500 rows, 500 columns and 250000 nonzeros
Model fingerprint: 0x7593d69f
Model has 500 quadratic objective terms
Variable types: 0 continuous, 500 integer (0 binary)
Coefficient statistics:
  Matrix range     [7e-07, 5e-01]
  Objective range  [2e-04, 1e-01]
  QObjective range [2e-05, 1e-02]
  Bounds range     [0e+00, 0e+00]
  RHS range        [2e-04, 1e+00]

Loaded user MIP start with objective -74.973

Presolve time: 0.05s
Presolved: 500 rows, 500 columns, 250000 nonzeros
Presolved model has 500 quadratic objective terms
Variable types: 0 continuous, 500 integer (0 binary)
Found heuristic solution: objective -86.4626299

Root relaxation: objective -1.061749e+02, 279 iterations, 0.57 seconds (0.49 work units)

    Nodes    |    Current Node    |     Objective Bounds      |     Work
 Expl Unexpl |  Obj  Depth IntInf | Incumbent    BestBd   Gap | It/Node Time

     0     0 -106.17488    0  500  -86.46263 -106.17488  22.8%     -    0s
H    0     0                     -87.1344123 -106.17488  21.9%     -    1s
     0     0 -106.17152    0  500  -87.13441 -106.17152  21.8%     -    4s
     0     2 -106.17152    0  500  -87.13441 -106.17152  21.8%     -    6s
    63    96 -106.16706    6  494  -87.13441 -106.16973  21.8%   2.4   68s
    95   128 -106.16698    6  494  -87.13441 -106.16910  21.8%   2.5   70s
   159   192 -106.16602    7  493  -87.13441 -106.16910  21.8%   2.4   92s
   255   462 -106.16463    9  491  -87.13441 -106.16910  21.8%   2.5   96s
   461  1150 -106.16157   12  488  -87.13441 -106.16910  21.8%   2.5  104s
  1149  2252 -106.14613   29  471  -87.13441 -106.16910  21.8%   2.5  114s
  2251  3009 -106.12298   52  448  -87.13441 -106.16910  21.8%   2.6  121s
  3040  3870 -106.10283   70  430  -87.13441 -106.16910  21.8%   2.7  130s
  3869  4684 -106.08670   87  415  -87.13441 -106.16910  21.8%   2.8  137s
  4683  5488 -106.06440  107  396  -87.13441 -106.16910  21.8%   3.0  144s
  5487  6282 -106.04410  124  383  -87.13441 -106.16910  21.8%   3.3  151s
  6281  7085 -106.02605  137  371  -87.13441 -106.16910  21.8%   3.6  158s
  7084  7902 -106.01170  149  361  -87.13441 -106.16910  21.8%   4.0  165s
  7901  8727 -105.98974  164  354  -87.13441 -106.16910  21.8%   4.4  172s
  8726  9560 -105.96735  178  342  -87.13441 -106.16910  21.8%   4.9  178s
  9559 10400 -105.94691  193  337  -87.13441 -106.16910  21.8%   5.4  184s
 10399 11274 -105.91572  206  330  -87.13441 -106.16910  21.8%   5.9  191s
 11273 12144 -105.89285  222  320  -87.13441 -106.16910  21.8%   6.5  197s
 12143 13016 -105.86253  238  315  -87.13441 -106.16910  21.8%   7.1  204s
 13015 13925 -105.82241  255  300  -87.13441 -106.16910  21.8%   7.8  210s
 13924 13957 -105.77494  268  299  -87.13441 -106.16910  21.8%   8.6  220s
H13948 13957                     -88.3026573 -106.16910  20.2%   8.6  220s
 13956 14791 -105.77287  268  290  -88.30266 -106.16910  20.2%   8.6  226s
H14230 14791                     -88.4414144 -106.16910  20.0%   8.7  226s
 14791 14792 -106.11147   64  500  -88.44141 -106.16910  20.0%   9.3  297s
 14798 14802 -106.16910   17  498  -88.44141 -106.16910  20.0%   9.3  300s
 14890 14891 -106.16226   21  494  -88.44141 -106.16812  20.0%   9.2  306s
 14986 14955 -106.16279   23  492  -88.44141 -106.16677  20.0%   9.2  321s
 15096 15106 -106.16074   24  491  -88.44141 -106.16677  20.0%   9.1  326s
 15408 15567 -106.15943   29  486  -88.44141 -106.16677  20.0%   9.0  335s
 15771 16299 -106.14974   35  480  -88.44141 -106.16677  20.0%   8.9  347s
 16624 16047 -106.13776   47  468  -88.44141 -106.16677  20.0%   8.5  355s
 16656 17333 -106.13669   48  467  -88.44141 -106.16677  20.0%   8.5  370s
 17953 18371 -106.12081   63  452  -88.44141 -106.16677  20.0%   8.1  384s
 19423 19039 -106.09909   79  436  -88.44141 -106.16677  20.0%   7.7  396s
 20581 19762 -106.08588   92  424  -88.44141 -106.16677  20.0%   7.6  407s
 21690 19424 -106.07477  106  410  -88.44141 -106.16677  20.0%   7.5  414s
 21722 20304 -106.07416  106  412  -88.44141 -106.16677  20.0%   7.4  423s
 22612 21127 -106.06248  117  399  -88.44141 -106.16677  20.0%   7.4  433s
 23732 21833 -106.05071  127  389  -88.44141 -106.16677  20.0%   7.5  444s
 24811 22458 -106.03638  143  375  -88.44141 -106.16677  20.0%   7.5  453s
 25796 22949 -106.02351  156  362  -88.44141 -106.16677  20.0%   7.6  462s
 26615 23975 -106.01259  167  359  -88.44141 -106.16677  20.0%   7.7  473s
 27914 23574 -106.00008  184  344  -88.44141 -106.16677  20.0%   7.9  659s
H27933 22827                     -89.0131242 -106.16677  19.3%   7.9  659s
 27946 23991 -106.00116  184  344  -89.01312 -106.16677  19.3%   8.0  668s
 29114 23634 -105.97867  200  336  -89.01312 -106.16677  19.3%   8.2  678s
 29146 24861 -105.98109  201  332  -89.01312 -106.16677  19.3%   8.2  688s
 30384 27103 -105.97054  217  323  -89.01312 -106.16677  19.3%   8.6  710s
 33159 27913 -105.94193  251  305  -89.01312 -106.16677  19.3%   9.6  725s
 35056 27825 -105.88301  274  295  -89.01312 -106.16677  19.3%  10.0  791s
 35644 30105 -105.87534  281  283  -89.01312 -106.16677  19.3%  10.1  812s
 38152 31712 -105.82926  311  272  -89.01312 -106.16677  19.3%  10.4  833s
 40595 33164 -105.78680  336  268  -89.01312 -106.16677  19.3%  10.6  849s
 42861 34661 -105.74379  362  260  -89.01312 -106.16677  19.3%  11.0  864s
 45114 33945 -105.67928  389  249  -89.01312 -106.16677  19.3%  11.4  868s
H45141 33233                     -89.1286690 -106.16677  19.1%  11.4  868s
 45149 35703 -105.66970  389  255  -89.12867 -106.16677  19.1%  11.4  883s
 47646 36891 -105.61124  414  245  -89.12867 -106.16677  19.1%  12.0  896s
 49754 37979 -105.58014  438  241  -89.12867 -106.16677  19.1%  12.6  911s
 51778 39576 -105.48480  458  228  -89.12867 -106.16677  19.1%  13.1  928s
 54116 41224 -105.35370  478  219  -89.12867 -106.16677  19.1%  13.5  946s
 56547 43453 -105.28087  498  210  -89.12867 -106.16677  19.1%  13.9  961s
 59021 45923 -105.06157  519  218  -89.12867 -106.16677  19.1%  14.3  975s
 61491 50404 -105.04218  538  214  -89.12867 -106.16677  19.1%  14.9 1012s
 66242 50942 -104.79424  581  186  -89.12867 -106.16677  19.1%  16.5 1024s
 66812 54302 -104.66114  587  192  -89.12867 -106.16677  19.1%  16.7 1044s
 70216 58037 -104.43725  618  177  -89.12867 -106.16677  19.1%  17.6 1066s
 74029 61759 -104.18693  647  162  -89.12867 -106.16677  19.1%  18.4 1090s
 78013 63113 -103.41032  682  154  -89.12867 -106.16677  19.1%  19.1 1102s
 79533 68507 -103.01496  694  149  -89.12867 -106.16632  19.1%  19.2 1133s
 85279 74022 -106.15000   41  474  -89.12867 -106.16622  19.1%  19.1 1164s
 90916 83060 -105.98406  235  325  -89.12867 -106.16622  19.1%  18.7 1208s
 100032 86528 -103.97252  556  223  -89.12867 -106.16622  19.1%  18.7 1225s
 103530 90489 -101.88403  660  196  -89.12867 -106.16622  19.1%  19.0 1246s
 107724 94714  -98.87713  778  173  -89.12867 -106.16622  19.1%  19.2 1272s
 112151 99321  -93.59694  935  125  -89.12867 -106.16622  19.1%  19.4 1306s
 117071 104092 -106.06720  144  381  -89.12867 -106.16545  19.1%  19.1 1342s
 121882 109831 -105.97269  269  305  -89.12867 -106.16545  19.1%  18.7 1379s
 127737 116216 -105.80358  390  250  -89.12867 -106.16545  19.1%  18.5 1413s
 134159 121170 -105.42286  500  214  -89.12867 -106.16545  19.1%  18.5 1439s
 139366 125380 -105.05966  561  191  -89.12867 -106.16545  19.1%  18.5 1460s
 143576 130052 -104.76746  625  161  -89.12867 -106.16545  19.1%  18.6 1479s
 148370 134958 -104.21844  673  148  -89.12867 -106.16545  19.1%  19.0 1505s
 153436 142455 infeasible  722       -89.12867 -106.16540  19.1%  19.3 1546s
 161213 142487 -105.47428  321  294  -89.12867 -106.16501  19.1%  19.5 1683s
H161225 142487                     -89.1347778 -106.16501  19.1%  19.5 1683s
 161245 144784 -105.47309  322  291  -89.13478 -106.16501  19.1%  19.5 1697s
 163544 147788 -105.10201  394  263  -89.13478 -106.16501  19.1%  19.6 1716s
 166629 155410 -104.58365  472  239  -89.13478 -106.16501  19.1%  19.7 1751s
 174766 161441 -102.37693  701  197  -89.13478 -106.16501  19.1%  19.7 1776s
 180867 164439 -100.25339  864  161  -89.13478 -106.16501  19.1%  19.7 1792s
 183999 174862  -98.82029  961  144  -89.13478 -106.16428  19.1%  19.6 1832s
 194557 178530 -106.11324   88  428  -89.13478 -106.16428  19.1%  19.7 1845s
 198399 183351 -106.00617  200  339  -89.13478 -106.16428  19.1%  19.8 1867s
 203786 186855 -105.74104  355  262  -89.13478 -106.16428  19.1%  19.9 1889s
 207557 191220 -105.12237  464  233  -89.13478 -106.16428  19.1%  19.8 1912s
 211928 194070 -103.87493  589  198  -89.13478 -106.16428  19.1%  19.7 1928s
 214818 201546 -102.51802  674  182  -89.13478 -106.16428  19.1%  19.7 1966s
 222529 206287  -95.50149  881  140  -89.13478 -106.16428  19.1%  19.7 1987s
 227439 207762 -106.12197   63  452  -89.13478 -106.16405  19.1%  19.9 2048s
 229175 211914 -106.09749   79  438  -89.13478 -106.16405  19.1%  19.9 2072s
 233542 218056 -105.78987  231  318  -89.13478 -106.16405  19.1%  19.9 2104s
 239726 225001 -105.06431  408  251  -89.13478 -106.16405  19.1%  19.8 2125s
 246921 232193 -103.74533  570  222  -89.13478 -106.16405  19.1%  19.9 2168s
 254373 236550 -101.09688  805  173  -89.13478 -106.16405  19.1%  19.9 2189s
 258923 239207  -98.81158  972  140  -89.13478 -106.16405  19.1%  20.0 2212s
 261876 245422  -96.58856 1105  106  -89.13478 -106.16405  19.1%  20.0 2249s
 268357 250020 -106.09128   90  428  -89.13478 -106.16341  19.1%  19.8 2279s
 272955 254446 -105.83267  274  300  -89.13478 -106.16341  19.1%  19.7 2308s
 277541 260882 -105.29472  438  242  -89.13478 -106.16341  19.1%  19.7 2348s
 284039 265492 -102.92042  646  187  -89.13478 -106.16341  19.1%  19.6 2375s
 288671 268456  -99.05371  809  153  -89.13478 -106.16341  19.1%  19.7 2394s
 291956 275035 -106.15599   29  486  -89.13478 -106.16322  19.1%  19.8 2429s
 298837 275216 -105.79013  242  317  -89.13478 -106.16322  19.1%  19.7 2585s
 299069 279818 -105.78957  243  316  -89.13478 -106.16322  19.1%  19.7 2611s
 303671 283076 -105.08375  403  251  -89.13478 -106.16322  19.1%  19.7 2629s
 306957 290986 -104.33505  518  224  -89.13478 -106.16322  19.1%  19.7 2663s
 315169 292690 -101.97443  758  177  -89.13478 -106.16322  19.1%  19.7 2677s
 316873 297423 -101.15617  811  170  -89.13478 -106.16322  19.1%  19.8 2698s
 321606 299775  -98.37999  975  136  -89.13478 -106.16322  19.1%  19.8 2730s
 323958 307844  -95.95316 1119  111  -89.13478 -106.16322  19.1%  19.9 2762s
 332432 312728 -106.01805  142  380  -89.13478 -106.16307  19.1%  20.0 2784s
 337514 319294 -105.55729  308  283  -89.13478 -106.16307  19.1%  19.9 2817s
 344227 322667 -104.19038  525  224  -89.13478 -106.16307  19.1%  20.0 2835s
 347732 327566 -103.17481  629  196  -89.13478 -106.16307  19.1%  20.0 2868s
 352631 332425 -101.32511  780  174  -89.13478 -106.16307  19.1%  20.0 2888s
 357490 338582  -99.03235  940  144  -89.13478 -106.16307  19.1%  20.1 2910s
 363920 341724  -95.01281 1186  107  -89.13478 -106.16307  19.1%  20.3 2927s
 367231 347744  -89.68771 1504   28  -89.13478 -106.16307  19.1%  20.2 2968s
 373403 352295 -105.85577  254  310  -89.13478 -106.16295  19.1%  20.2 2996s
 377954 356715 -105.29255  437  248  -89.13478 -106.16295  19.1%  20.2 3019s
 382374 361110 -103.74645  610  194  -89.13478 -106.16295  19.1%  20.3 3039s
 386769 366131 -101.06049  771  156  -89.13478 -106.16295  19.1%  20.4 3053s
 391841 372285  -94.81559  955  120  -89.13478 -106.16295  19.1%  20.6 3073s
 398554 376774 -106.04272  160  369  -89.13478 -106.16282  19.1%  20.7 3106s
 403090 382569 -105.93297  241  318  -89.13478 -106.16282  19.1%  20.7 3133s
 408925 387177 -105.75482  350  273  -89.13478 -106.16282  19.1%  20.8 3157s
 413633 392246 -105.53920  415  246  -89.13478 -106.16282  19.1%  20.9 3178s
 418827 395126 -105.23951  486  217  -89.13478 -106.16282  19.1%  21.0 3191s
H421325 395000                     -89.2371988 -106.16282  19.0%  21.0 3191s
 421806 400431 -105.09405  512  210  -89.23720 -106.16282  19.0%  21.1 3221s
 427670 403621 -104.61274  569  185  -89.23720 -106.16282  19.0%  21.2 3248s
 430934 403653 -104.44118  598  175  -89.23720 -106.16282  19.0%  21.2 3411s
 430966 411043 -104.42117  599  168  -89.23720 -106.16282  19.0%  21.2 3445s
 438596 415212 -103.60111  663  149  -89.23720 -106.16282  19.0%  21.3 3465s
 443046 415243 -103.24330  679  143  -89.23720 -106.16282  19.0%  21.4 3491s
H443077 413365                     -89.7952021 -106.16282  18.2%  21.4 3491s
 443078 418284 -103.23549  680  141  -89.79520 -106.16282  18.2%  21.4 3513s
 448251 423608 -102.56628  705  132  -89.79520 -106.16272  18.2%  21.5 3549s
H448383 422793                     -89.9959802 -106.16272  18.0%  21.5 3549s
 454434 427680 -106.04331  156  373  -89.99598 -106.16272  18.0%  21.6 3580s
 459736 433330 -105.74849  336  280  -89.99598 -106.16272  18.0%  21.5 3642s
 465427 439937 -104.73767  519  231  -89.99598 -106.16272  18.0%  21.5 3668s
 472143 447650 -102.27598  719  185  -89.99598 -106.16272  18.0%  21.5 3697s
 480005 454189  -97.40294  945  129  -89.99598 -106.16272  18.0%  21.7 3724s
 487039 461546 -105.97587  222  327  -89.99598 -106.16250  18.0%  21.8 3758s
 494844 466587 -105.39127  445  245  -89.99598 -106.16250  18.0%  21.8 3792s
 500188 471508 -104.12326  589  208  -89.99598 -106.16250  18.0%  21.8 3833s
 505264 476650 -101.77448  744  167  -89.99598 -106.16250  18.0%  21.8 3872s
 510496 481859  -98.30165  904  143  -89.99598 -106.16250  18.0%  21.8 3911s
 515797 486936 -106.14242   43  472  -89.99598 -106.16240  18.0%  21.8 3939s
 521194 491734 -105.85969  264  303  -89.99598 -106.16240  18.0%  21.8 3970s
 526082 495730 -105.15433  447  238  -89.99598 -106.16240  18.0%  21.8 3995s
 530116 502299 -104.07691  574  206  -89.99598 -106.16240  18.0%  21.8 4026s
 536816 507847 -100.75644  790  164  -89.99598 -106.16240  18.0%  21.9 4054s
 542616 513939     cutoff 1007       -89.99598 -106.16239  18.0%  22.0 4083s
 548988 519468 -105.87647  262  300  -89.99598 -106.16239  18.0%  22.0 4116s
 555113 524179 -105.20823  462  232  -89.99598 -106.16239  18.0%  22.0 4145s
 559908 524210 -104.05982  597  207  -89.99598 -106.16239  18.0%  22.0 4293s
 559941 530051 -104.05155  598  203  -89.99598 -106.16239  18.0%  22.0 4319s
 565883 532997 -101.26659  763  168  -89.99598 -106.16239  18.0%  22.0 4334s
 568829 538755  -99.60826  841  154  -89.99598 -106.16239  18.0%  22.1 4365s
 574707 544421  -94.75540 1012  125  -89.99598 -106.16239  18.0%  22.1 4385s
 580518 552073 -106.05981  137  388  -89.99598 -106.16236  18.0%  22.2 4414s
 588473 559318 -105.67426  365  269  -89.99598 -106.16236  18.0%  22.3 4453s
 596112 561167 -104.16499  581  202  -89.99598 -106.16236  18.0%  22.2 4498s
 598041 566264 -103.43308  638  188  -89.99598 -106.16236  18.0%  22.3 4522s
 603224 571694 -101.06283  780  160  -89.99598 -106.16236  18.0%  22.3 4544s
 608822 575803  -97.86259  934  138  -89.99598 -106.16236  18.0%  22.3 4564s
 612943 580456  -93.21366 1053  124  -89.99598 -106.16236  18.0%  22.4 4581s
 617959 586857 -106.09240  101  417  -89.99598 -106.16232  18.0%  22.5 4619s
 624593 588730 -105.92232  257  305  -89.99598 -106.16232  18.0%  22.5 4634s
 626511 593767 -105.87392  284  290  -89.99598 -106.16232  18.0%  22.5 4666s
 631667 598999 -105.72246  349  256  -89.99598 -106.16232  18.0%  22.5 4696s
 637110 603407 -105.46679  407  239  -89.99598 -106.16232  18.0%  22.5 4750s
 641518 608331 -105.27966  445  226  -89.99598 -106.16232  18.0%  22.5 4766s
 646474 613433 -104.91977  502  214  -89.99598 -106.16232  18.0%  22.6 4793s
 651665 619103 -104.59583  544  193  -89.99598 -106.16232  18.0%  22.7 4819s
 657449 621342 -104.02876  601  173  -89.99598 -106.16232  18.0%  22.8 4833s
 659810 628104 -103.87589  615  165  -89.99598 -106.16232  18.0%  22.8 4864s
 666690 633865 -103.23274  649  157  -89.99598 -106.16232  18.0%  22.9 4889s
 672933 638882 -102.69885  671  140  -89.99598 -106.16232  18.0%  22.9 4917s
 678175 644100 -101.87506  689  138  -89.99598 -106.16220  18.0%  23.0 4944s
 683789 649016 -106.15936   26  489  -89.99598 -106.16208  18.0%  23.0 4983s
 688995 654868 -106.05204   94  421  -89.99598 -106.16208  18.0%  23.0 5023s
 695102 660091 -105.95390  147  375  -89.99598 -106.16208  18.0%  23.0 5057s
 700445 660123 -105.84084  192  347  -89.99598 -106.16208  18.0%  23.0 5232s
 700477 664622 -105.84132  192  346  -89.99598 -106.16208  18.0%  23.0 5261s
 705192 667075 -105.77801  219  336  -89.99598 -106.16208  18.0%  23.0 5281s
H707050 666222                     -90.1737479 -106.16208  17.7%  23.0 5281s
 707895 671153 -105.72820  232  332  -90.17375 -106.16208  17.7%  23.0 5326s
 712831 674598 -105.64636  257  313  -90.17375 -106.16208  17.7%  22.9 5358s
 716298 682319 -105.53796  283  304  -90.17375 -106.16208  17.7%  23.0 5417s
 724208 688116 -105.30495  334  279  -90.17375 -106.16208  17.7%  23.0 5457s
 730023 692362 -105.12997  364  282  -90.17375 -106.16208  17.7%  23.0 5490s
 734343 696378 -104.94278  386  268  -90.17375 -106.16208  17.7%  23.0 5575s
 738465 701650 -104.83684  407  266  -90.17375 -106.16208  17.7%  23.0 5609s
 743949 707786 -104.61282  433  253  -90.17375 -106.16208  17.7%  23.0 5650s
 750344 712626 -104.40219  463  248  -90.17375 -106.16208  17.7%  23.0 5675s
 755385 715948 -104.26100  480  241  -90.17375 -106.16208  17.7%  23.0 5697s
 758777 720932 -104.17378  497  239  -90.17375 -106.16208  17.7%  23.0 5727s
 763868 725664 -103.88467  517  238  -90.17375 -106.16208  17.7%  23.0 5751s
 768726 730123 -103.68887  537  228  -90.17375 -106.16208  17.7%  23.1 5782s
 773300 734642 -103.30756  566  224  -90.17375 -106.16208  17.7%  23.1 5818s
 777942 740881 -103.12559  580  223  -90.17375 -106.16208  17.7%  23.1 5859s
 784359 745956 -102.82685  603  214  -90.17375 -106.16208  17.7%  23.1 5890s
 789518 749855 -102.52158  629  203  -90.17375 -106.16208  17.7%  23.1 5914s
H790900 749777                     -90.1855334 -106.16208  17.7%  23.1 5914s
 793467 753904 -102.27726  646  199  -90.18553 -106.16208  17.7%  23.1 5937s
 797633 759401 -101.92581  666  198  -90.18553 -106.16208  17.7%  23.1 5967s
 803161 763984 -101.65519  683  198  -90.18553 -106.16208  17.7%  23.1 5989s
 807878 770384 -101.41761  702  191  -90.18553 -106.16208  17.7%  23.2 6025s
 814571 775469 -100.98715  717  184  -90.18553 -106.16208  17.7%  23.2 6054s
 819704 780011 -100.44066  738  180  -90.18553 -106.16208  17.7%  23.2 6081s
 824367 784424  -99.95311  756  165  -90.18553 -106.16208  17.7%  23.2 6102s
 828810 787477  -99.47145  772  162  -90.18553 -106.16208  17.7%  23.2 6118s
 831903 787509  -98.95357  784  167  -90.18553 -106.16208  17.7%  23.3 6297s
 831935 792435  -98.91450  785  168  -90.18553 -106.16208  17.7%  23.3 6319s
 836956 796871  -98.35991  802  156  -90.18553 -106.16208  17.7%  23.3 6342s
 841690 802939  -97.35076  818  160  -90.18553 -106.16208  17.7%  23.4 6376s
 847924 805480  -95.16440  842  156  -90.18553 -106.16208  17.7%  23.4 6392s
 850555 810264  -94.19138  851  156  -90.18553 -106.16208  17.7%  23.4 6465s
 855642 816705 -106.14436   44  471  -90.18553 -106.16185  17.7%  23.4 6494s
 862322 822739 -105.74650  327  268  -90.18553 -106.16185  17.7%  23.4 6520s
 868489 829251 -104.53492  546  211  -90.18553 -106.16185  17.7%  23.5 6550s
 875276 833610 -101.91352  734  169  -90.18553 -106.16185  17.7%  23.5 6573s
 879779 837989  -99.31258  856  146  -90.18553 -106.16185  17.7%  23.5 6595s
 884266 839692  -95.12349  985  137  -90.18553 -106.16185  17.7%  23.6 6607s
H884960 838903                     -90.3100417 -106.16185  17.6%  23.6 6607s
 886054 843392  -92.70428 1046  125  -90.31004 -106.16172  17.6%  23.6 6635s
 890686 848575 -106.02952  144  381  -90.31004 -106.16172  17.6%  23.6 6668s
 896219 853681 -105.57925  360  264  -90.31004 -106.16172  17.6%  23.6 6701s
 901379 859680 -104.51897  542  207  -90.31004 -106.16172  17.6%  23.6 6728s
 907378 864226 -101.84203  723  166  -90.31004 -106.16172  17.6%  23.6 6746s
 912076 869137  -98.74961  848  149  -90.31004 -106.16172  17.6%  23.7 6767s
 917171 874399  -91.96588 1017  120  -90.31004 -106.16166  17.6%  23.7 6793s
 922718 877001 -106.05953  147  377  -90.31004 -106.16165  17.6%  23.8 6806s
H923124 875624                     -90.5134960 -106.16165  17.3%  23.8 6806s
 925372 880670 -105.99911  193  344  -90.51350 -106.16165  17.3%  23.8 6833s
 930700 886529 -105.87842  269  302  -90.51350 -106.16165  17.3%  23.8 6864s
 936695 891164 -105.68470  349  274  -90.51350 -106.16165  17.3%  23.8 6888s
 941663 895942 -105.44810  429  231  -90.51350 -106.16165  17.3%  23.9 6914s
 946922 900658 -105.22227  474  216  -90.51350 -106.16165  17.3%  23.9 6937s
 951962 905470 -104.99884  520  195  -90.51350 -106.16165  17.3%  23.9 6959s
 956820 911617 -104.77818  562  186  -90.51350 -106.16165  17.3%  23.9 6982s
 963164 915473 -104.42376  590  176  -90.51350 -106.16165  17.3%  23.9 7008s
 967119 923398 -104.13964  620  165  -90.51350 -106.16165  17.3%  23.9 7043s
 975151 923945 -103.47904  672  143  -90.51350 -106.16165  17.3%  24.0 7184s
 975770 929329 -103.44052  672  148  -90.51350 -106.16165  17.3%  24.0 7251s
 981516 933720 -102.89308  705  136  -90.51350 -106.16165  17.3%  24.0 7278s
 986241 941124 -102.33059  732  124  -90.51350 -106.16165  17.3%  24.0 7318s
 993978 947561 -106.08630   91  424  -90.51350 -106.16153  17.3%  24.0 7344s
 1000643 952063 -105.37132  346  269  -90.51350 -106.16153  17.3%  24.0 7363s
 1005295 956344 -104.42416  490  230  -90.51350 -106.16153  17.3%  24.0 7386s
 1009644 961244 -103.13901  641  191  -90.51350 -106.16153  17.3%  24.1 7415s
 1014991 966784 -101.22199  787  163  -90.51350 -106.16153  17.3%  24.1 7440s
 1020684 968930  -98.91831  957  132  -90.51350 -106.16153  17.3%  24.1 7456s
 1022924 976111  -97.79446 1027  125  -90.51350 -106.16153  17.3%  24.1 7501s
 1030479 980892 -106.13295   54  461  -90.51350 -106.16142  17.3%  24.1 7529s
 1035434 984551 -106.07037  106  410  -90.51350 -106.16142  17.3%  24.1 7555s
 1039151 988750 -106.02512  155  370  -90.51350 -106.16142  17.3%  24.1 7579s
 1043514 993026 -105.93702  209  330  -90.51350 -106.16142  17.3%  24.1 7605s
 1048060 997324 -105.82517  262  299  -90.51350 -106.16142  17.3%  24.1 7631s
 1052406 1004017 -105.65932  316  282  -90.51350 -106.16142  17.3%  24.1 7669s
 1059354 1007785 -105.41581  389  257  -90.51350 -106.16142  17.3%  24.1 7690s
 1063230 1009436 -105.19994  435  239  -90.51350 -106.16142  17.3%  24.1 7703s
 1064989 1013576 -105.09669  456  232  -90.51350 -106.16142  17.3%  24.1 7759s
 1069233 1019543 -104.61144  517  211  -90.51350 -106.16142  17.3%  24.1 7794s
 1075386 1025119 -103.91935  584  187  -90.51350 -106.16142  17.3%  24.1 7826s
 1081092 1030359 -102.54948  652  156  -90.51350 -106.16142  17.3%  24.1 7855s
 1086487 1036808 -106.09711   98  420  -90.51350 -106.16136  17.3%  24.1 7889s
 1093142 1041413 -105.62062  359  268  -90.51350 -106.16136  17.3%  24.1 7912s
 1097913 1043158 -104.75175  518  219  -90.51350 -106.16136  17.3%  24.1 7923s
 1099788 1043185 -104.24998  571  203  -90.51350 -106.16136  17.3%  24.1 8091s
 1099825 1048245 -104.24591  572  202  -90.51350 -106.16136  17.3%  24.1 8117s
 1105167 1053097 -102.17993  731  161  -90.51350 -106.16136  17.3%  24.1 8137s
 1110319 1057986  -99.15320  900  139  -90.51350 -106.16136  17.3%  24.2 8172s
 1115555 1061577 -106.15029   34  481  -90.51350 -106.16127  17.3%  24.2 8203s
 1119346 1070150 -106.01579  176  353  -90.51350 -106.16127  17.3%  24.2 8254s
 1128284 1076098 -105.00229  479  217  -90.51350 -106.16127  17.3%  24.2 8283s
 1134336 1081269 -103.44721  646  173  -90.51350 -106.16127  17.3%  24.1 8307s
 1139725 1085650 -101.29729  774  147  -90.51350 -106.16127  17.3%  24.2 8331s
 1144283 1086938  -98.10505  900  130  -90.51350 -106.16127  17.3%  24.2 8383s
 1145698 1093743  -94.01136 1011  114  -90.51350 -106.16127  17.3%  24.2 8423s
 1152843 1095260 -105.91433  245  312  -90.51350 -106.16122  17.3%  24.1 8435s
 1154360 1100422 -105.78292  300  287  -90.51350 -106.16122  17.3%  24.1 8462s
 1159606 1105256 -104.90891  477  221  -90.51350 -106.16122  17.3%  24.1 8484s
 1164634 1110105 -103.32781  627  183  -90.51350 -106.16122  17.3%  24.1 8503s
 1169483 1115356 -101.07011  776  152  -90.51350 -106.16122  17.3%  24.2 8523s
 1174958 1122135  -95.73850  964  114  -90.51350 -106.16122  17.3%  24.2 8560s
 1182162 1126074 -106.03891  145  379  -90.51350 -106.16119  17.3%  24.2 8592s
 1186194 1130060 -105.91297  246  312  -90.51350 -106.16119  17.3%  24.2 8619s
 1190290 1131738 -105.78673  308  281  -90.51350 -106.16119  17.3%  24.2 8632s
 1192032 1136842 -105.72460  332  277  -90.51350 -106.16119  17.3%  24.2 8665s
 1197345 1141912 -105.57031  378  255  -90.51350 -106.16119  17.3%  24.2 8693s
 1202415 1147852 -105.33628  424  240  -90.51350 -106.16119  17.3%  24.2 8716s
 1208678 1153736 -105.11073  472  220  -90.51350 -106.16119  17.3%  24.2 8749s
 1214562 1158093 -104.79112  518  204  -90.51350 -106.16119  17.3%  24.2 8765s
 1218919 1162935 -104.58380  553  194  -90.51350 -106.16119  17.3%  24.2 8784s
 1223933 1168686 -104.20606  604  170  -90.51350 -106.16119  17.3%  24.2 8804s
 1229901 1173261 -103.72242  644  157  -90.51350 -106.16119  17.3%  24.3 8827s
 1234541 1175178 -103.19358  694  139  -90.51350 -106.16119  17.3%  24.3 8840s
 1236482 1179983 -103.04977  702  135  -90.51350 -106.16119  17.3%  24.3 8873s
 1241725 1180010 -102.32806  725  130  -90.51350 -106.16119  17.3%  24.3 9040s
 1241762 1211342 -102.49641  723  126  -90.51350 -106.16112  17.3%  24.3 9190s
 1273794 1215003 -105.11612  474  212  -90.51350 -106.16112  17.3%  24.4 9209s
 1277678 1221755 -104.90642  505  197  -90.51350 -106.16112  17.3%  24.4 9247s
 1284753 1226804 -104.48427  554  188  -90.51350 -106.16112  17.3%  24.3 9269s
 1289862 1229353 -104.06121  607  161  -90.51350 -106.16112  17.3%  24.3 9282s
 1292411 1234549 -103.82068  629  151  -90.51350 -106.16112  17.3%  24.4 9308s
 1297653 1240181 -103.25679  674  142  -90.51350 -106.16112  17.3%  24.4 9333s
 1303615 1246382 -102.59665  717  121  -90.51350 -106.16112  17.3%  24.5 9369s
 1310647 1250526 -101.62529  735  123  -90.51350 -106.16112  17.3%  24.5 9394s
 1315098 1254874 -106.09982   87  428  -90.51350 -106.16098  17.3%  24.5 9424s
 1319582 1256489 -105.83058  271  298  -90.51350 -106.16098  17.3%  24.5 9439s
 1321273 1261835 -105.62380  339  268  -90.51350 -106.16098  17.3%  24.4 9471s
 1326795 1266678 -104.47655  521  210  -90.51350 -106.16098  17.3%  24.4 9491s
 1331672 1271233 -102.59704  679  168  -90.51350 -106.16098  17.3%  24.4 9508s
 1336227 1276762  -99.63992  839  141  -90.51350 -106.16098  17.3%  24.4 9530s
 1342031 1281941 -106.09376  100  416  -90.51350 -106.16097  17.3%  24.4 9553s
 1347300 1286298 -105.79547  312  281  -90.51350 -106.16097  17.3%  24.5 9574s
 1351903 1291343 -105.15696  475  220  -90.51350 -106.16097  17.3%  24.5 9600s
 1356986 1295553 -103.64442  628  192  -90.51350 -106.16097  17.3%  24.5 9618s
 1361244 1297550 -101.79462  757  165  -90.51350 -106.16097  17.3%  24.5 9630s
 1363383 1302317 -100.70007  821  159  -90.51350 -106.16097  17.3%  24.6 9656s
 1368742 1308101  -97.10220  984  125  -90.51350 -106.16097  17.3%  24.6 9698s
 1374984 1312767 -106.06378  131  392  -90.51350 -106.16090  17.3%  24.6 9736s
 1379986 1317190 -105.71698  317  277  -90.51350 -106.16090  17.3%  24.6 9770s
 1384447 1317222 -104.98544  471  229  -90.51350 -106.16090  17.3%  24.5 9940s
 1384479 1321295 -104.97784  472  230  -90.51350 -106.16090  17.3%  24.5 9971s
 1388572 1323449 -103.57864  619  178  -90.51350 -106.16090  17.3%  24.5 9988s
 1390756 1324853 -102.63114  688  166  -90.51350 -106.16090  17.3%  24.5 10041s
 1392263 1331473 -101.47669  751  152  -90.51350 -106.16090  17.3%  24.5 10087s
 1399103 1337570     cutoff  998       -90.51350 -106.16090  17.3%  24.5 10130s
 1405477 1339423 -105.90985  247  313  -90.51350 -106.16090  17.3%  24.5 10146s
 1407330 1344632 -105.76012  326  283  -90.51350 -106.16090  17.3%  24.5 10179s
 1412539 1349409 -104.65272  533  214  -90.51350 -106.16090  17.3%  24.5 10207s
 1417421 1354442 -102.79622  688  180  -90.51350 -106.16090  17.3%  24.5 10231s
 1422486 1359742 -100.20001  836  151  -90.51350 -106.16090  17.3%  24.5 10254s
 1428015 1365535  -96.19090 1016  128  -90.51350 -106.16090  17.3%  24.5 10289s
 1434019 1370176 -106.04314  144  379  -90.51350 -106.16088  17.3%  24.5 10318s
 1438820 1374460 -105.64069  351  253  -90.51350 -106.16088  17.3%  24.5 10344s
 1443376 1376560 -104.63464  514  218  -90.51350 -106.16088  17.3%  24.6 10364s
 1445544 1381978 -103.97622  575  199  -90.51350 -106.16088  17.3%  24.6 10402s
 1451078 1387900 -101.40832  749  158  -90.51350 -106.16088  17.3%  24.5 10428s
 1457032 1394716  -97.98492  913  134  -90.51350 -106.16086  17.3%  24.6 10469s
 1464345 1398364 -106.06117  120  400  -90.51350 -106.16086  17.3%  24.5 10496s
 1468069 1402316 -105.78023  283  298  -90.51350 -106.16086  17.3%  24.5 10525s
 1472021 1406243 -105.14518  442  236  -90.51350 -106.16086  17.3%  24.5 10548s
 1475968 1410490 -103.98039  584  208  -90.51350 -106.16086  17.3%  24.6 10571s
 1480337 1412561 -101.76300  735  167  -90.51350 -106.16086  17.3%  24.6 10588s
 1482408 1417961 -100.28972  816  143  -90.51350 -106.16086  17.3%  24.6 10614s
 1488105 1424011 -106.11989   75  442  -90.51350 -106.16082  17.3%  24.6 10650s
 1494333 1428461 -105.67827  336  270  -90.51350 -106.16082  17.3%  24.6 10673s
 1499009 1432982 -104.90086  491  214  -90.51350 -106.16082  17.3%  24.6 10696s
 1503548 1437424 -103.43337  638  172  -90.51350 -106.16082  17.3%  24.6 10718s
 1508046 1442902 -101.22493  764  160  -90.51350 -106.16082  17.3%  24.7 10741s
 1513775 1447907  -98.41529  926  119  -90.51350 -106.16081  17.3%  24.7 10770s
 1518938 1447939 -106.08433   96  422  -90.51350 -106.16081  17.3%  24.7 10800s

Explored 1518970 nodes (37501667 simplex iterations) in 10800.68 seconds (4228.81 work units)
Thread count was 32 (of 48 available processors)

Solution count 10: -90.5135 -90.31 -90.1855 ... -89.0131

Time limit reached
Best objective -9.051349601066e+01, best bound -1.061608117211e+02, gap 17.2873%

