Solver command line: ['/cvmfs/restricted.computecanada.ca/easybuild/software/2023/x86-64-v3/Core/gurobi/11.0.1/bin/gurobi.sh']

Set parameter TokenServer to value "license1.computecanada.ca"
Read LP format model from file /tmp/tmpb6qybzrb.pyomo.lp
Reading time = 0.36 seconds
x1: 1000 rows, 1000 columns, 1000000 nonzeros
Read MIP start from file /tmp/tmpmh5p41k7.gurobi.mst
Set parameter TimeLimit to value 10800
Gurobi Optimizer version 11.0.1 build v11.0.1rc0 (linux64 - "AlmaLinux 9.6 (Sage Margay)")

CPU model: AMD EPYC 9454 48-Core Processor, instruction set [SSE2|AVX|AVX2|AVX512]
Thread count: 48 physical cores, 48 logical processors, using up to 32 threads

Optimize a model with 1000 rows, 1000 columns and 1000000 nonzeros
Model fingerprint: 0x3b16f7de
Model has 1000 quadratic objective terms
Variable types: 0 continuous, 1000 integer (0 binary)
Coefficient statistics:
  Matrix range     [3e-07, 5e-01]
  Objective range  [9e-05, 1e-01]
  QObjective range [2e-05, 1e-02]
  Bounds range     [0e+00, 0e+00]
  RHS range        [5e-04, 1e+00]

Loaded user MIP start with objective -138.196

Presolve time: 0.18s
Presolved: 1000 rows, 1000 columns, 1000000 nonzeros
Presolved model has 1000 quadratic objective terms
Variable types: 0 continuous, 1000 integer (0 binary)
Found heuristic solution: objective -158.8458768

Root simplex log...

Iteration    Objective       Primal Inf.    Dual Inf.      Time
     539   -2.1413774e+02   2.106506e+00   0.000000e+00      5s
     580   -2.1403304e+02   0.000000e+00   0.000000e+00      6s

Root relaxation: objective -2.140330e+02, 580 iterations, 6.18 seconds (3.78 work units)

    Nodes    |    Current Node    |     Objective Bounds      |     Work
 Expl Unexpl |  Obj  Depth IntInf | Incumbent    BestBd   Gap | It/Node Time

     0     0 -214.03304    0 1000 -158.84588 -214.03304  34.7%     -    6s
     0     0 -214.03213    0 1000 -158.84588 -214.03213  34.7%     -   37s
H    0     2                    -162.0534887 -214.03213  32.1%     -   45s
     0     2 -214.03213    0 1000 -162.05349 -214.03213  32.1%     -   45s
     3     8 -214.03102    2  998 -162.05349 -214.03141  32.1%   3.3   50s
    15    32 -214.02631    4  996 -162.05349 -214.02997  32.1%   3.1   57s
    31    64 -214.02507    5  995 -162.05349 -214.02938  32.1%   2.9   62s
    63    96 -214.02436    6  994 -162.05349 -214.02853  32.1%   2.8  665s
    95   128 -214.02378    6  994 -162.05349 -214.02853  32.1%   2.7  679s
   127   160 -214.02357    7  993 -162.05349 -214.02853  32.1%   2.8  684s
   159   192 -214.02254    7  993 -162.05349 -214.02853  32.1%   2.8  875s
   191   256 -214.02182    8  992 -162.05349 -214.02853  32.1%   2.8  885s
   255   480 -214.02081    9  991 -162.05349 -214.02853  32.1%   2.8  917s
   479   512 -214.01766   12  988 -162.05349 -214.02853  32.1%   2.8  946s
H  498   512                    -163.0002019 -214.02853  31.3%   2.9  946s
   511  1520 -214.01675   13  987 -163.00020 -214.02853  31.3%   2.9 1066s
  1519  1552 -214.00337   26  974 -163.00020 -214.02853  31.3%   2.8 1170s
  1551  4155 -214.00347   27  973 -163.00020 -214.02853  31.3%   2.8 1400s
  4154  5962 -213.94727   81  920 -163.00020 -214.02853  31.3%   2.9 1548s
  5961  7625 -213.90636  118  884 -163.00020 -214.02853  31.3%   3.1 1681s
  7624  9248 -213.86880  154  848 -163.00020 -214.02853  31.3%   3.3 1814s
  9247 10812 -213.83498  183  822 -163.00020 -214.02853  31.3%   3.5 1942s
 10811 12375 -213.79002  216  792 -163.00020 -214.02853  31.3%   4.0 2066s
 12374 13968 -213.75298  249  768 -163.00020 -214.02853  31.3%   4.5 2188s
 13967 15568 -213.70927  277  744 -163.00020 -214.02853  31.3%   5.0 2316s
 15568 15569 -213.75938  238 1000 -163.00020 -214.02853  31.3%   5.5 3172s
 15570 15570 -214.00564   22 1000 -163.00020 -214.02853  31.3%   5.5 3182s
 15572 15572 -213.86362  167 1000 -163.00020 -214.02853  31.3%   5.5 3186s
 15573 15575 -214.02853   15  999 -163.00020 -214.02853  31.3%   5.5 3193s
 15575 15579 -214.02853   16  998 -163.00020 -214.02853  31.3%   5.5 3196s
 15587 15599 -214.02581   18  996 -163.00020 -214.02744  31.3%   5.5 3202s
 15603 15625 -214.02406   19  995 -163.00020 -214.02712  31.3%   5.5 3207s
 15635 15647 -214.02256   20  994 -163.00020 -214.02543  31.3%   5.5 3211s
 15667 15668 -214.02282   20  994 -163.00020 -214.02530  31.3%   5.5 3221s
 15699 15689 -214.02171   21  992 -163.00020 -214.02488  31.3%   5.5 3227s
 15731 15711 -214.02078   21  993 -163.00020 -214.02488  31.3%   5.5 3233s
 15763 15732 -214.02059   22  992 -163.00020 -214.02475  31.3%   5.5 3343s
 15795 15758 -214.01956   22  992 -163.00020 -214.02475  31.3%   5.5 3348s
 15832 15778 -214.01958   23  991 -163.00020 -214.02475  31.3%   5.5 3354s
 15864 15862 -214.01814   23  991 -163.00020 -214.02475  31.3%   5.5 3368s
 15959 16039 -214.01761   25  989 -163.00020 -214.02475  31.3%   5.5 3396s
 16167 16583 -214.01473   28  986 -163.00020 -214.02475  31.3%   5.4 3476s
 16781 16411 -214.00851   36  978 -163.00020 -214.02475  31.3%   5.4 3569s
 16813 17711 -214.00772   36  978 -163.00020 -214.02475  31.3%   5.4 3714s
 18124 20393 -213.99089   54  960 -163.00020 -214.02475  31.3%   5.2 3998s
 21243 21576 -213.95074   91  923 -163.00020 -214.02475  31.3%   4.8 4199s
 23466 20867 -213.92183  115  899 -163.00020 -214.02475  31.3%   4.7 4330s
H23497 20078                    -165.2055337 -214.02475  29.6%   4.7 4330s
 23498 22197 -213.92194  116  898 -165.20553 -214.02475  29.6%   4.7 4518s
 25617 21522 -213.89087  142  872 -165.20553 -214.02475  29.6%   4.7 6314s
 25649 23391 -213.89098  143  871 -165.20553 -214.02475  29.6%   4.7 6490s
 27528 24788 -213.86355  169  845 -165.20553 -214.02475  29.6%   4.8 6656s
 29552 25895 -213.83878  194  821 -165.20553 -214.02475  29.6%   4.9 6803s
 31333 32348 -213.82503  217  798 -165.20553 -214.02475  29.6%   5.1 7355s
 38380 31849 -213.74000  313  717 -165.20553 -214.02475  29.6%   6.1 7479s
 40230 33442 -213.71835  337  698 -165.20553 -214.02475  29.6%   6.5 7621s
 42440 34858 -213.70098  367  673 -165.20553 -214.02475  29.6%   6.9 7766s
 44592 36028 -213.68775  396  649 -165.20553 -214.02475  29.6%   7.6 7891s
 46480 37697 -213.66075  422  637 -165.20553 -214.02475  29.6%   8.2 8036s
 48778 36963 -213.63740  454  619 -165.20553 -214.02475  29.6%   9.2 8091s
 48810 36984 -213.64222  455  618 -165.20553 -214.02475  29.6%   9.2 8178s
 48842 37903 -213.63308  455  621 -165.20553 -214.02475  29.6%   9.2 8263s
 49771 40182 -213.62491  464  615 -165.20553 -214.02475  29.6%   9.7 8426s
 52404 42126 -213.57926  496  618 -165.20553 -214.02475  29.6%  10.8 8615s
 55304 44175 -213.53635  533  606 -165.20553 -214.02475  29.6%  11.8 8848s
 58393 46081 -213.50620  566  581 -165.20553 -214.02475  29.6%  12.6 9119s
 61487 52366 -213.48940  598  572 -165.20553 -214.02475  29.6%  13.2 9775s
 68291 55367 -213.42428  663  550 -165.20553 -214.02475  29.6%  14.0 9991s
 71292 58510 -213.38943  695  544 -165.20553 -214.02475  29.6%  14.6 10206s
 74435 62074 -213.36391  731  529 -165.20553 -214.02475  29.6%  15.2 10483s
 77999 65712 -213.28806  769  521 -165.20553 -214.02475  29.6%  16.1 10770s
 81847 66509 -213.20241  812  500 -165.20553 -214.02475  29.6%  17.1 10801s

Explored 82646 nodes (1435536 simplex iterations) in 10801.99 seconds (1898.07 work units)
Thread count was 32 (of 48 available processors)

Solution count 5: -165.206 -163 -162.053 ... -138.196

Time limit reached
Best objective -1.652055337027e+02, best bound -2.140247481922e+02, gap 29.5506%

