Solver command line: ['/cvmfs/restricted.computecanada.ca/easybuild/software/2023/x86-64-v3/Core/gurobi/11.0.1/bin/gurobi.sh']

Set parameter TokenServer to value "license1.computecanada.ca"
Read LP format model from file /tmp/tmp0lygmtsn.pyomo.lp
Reading time = 0.08 seconds
x1: 500 rows, 500 columns, 250000 nonzeros
Set parameter TimeLimit to value 10800
Gurobi Optimizer version 11.0.1 build v11.0.1rc0 (linux64 - "AlmaLinux 9.6 (Sage Margay)")

CPU model: AMD EPYC 9655 96-Core Processor, instruction set [SSE2|AVX|AVX2|AVX512]
Thread count: 192 physical cores, 192 logical processors, using up to 32 threads

Optimize a model with 500 rows, 500 columns and 250000 nonzeros
Model fingerprint: 0x7de19ce8
Model has 500 quadratic objective terms
Variable types: 0 continuous, 500 integer (0 binary)
Coefficient statistics:
  Matrix range     [7e-07, 5e-01]
  Objective range  [2e-04, 1e-01]
  QObjective range [2e-05, 1e-02]
  Bounds range     [0e+00, 0e+00]
  RHS range        [9e-04, 1e+00]
Presolve time: 0.04s
Presolved: 500 rows, 500 columns, 250000 nonzeros
Presolved model has 500 quadratic objective terms
Variable types: 0 continuous, 500 integer (0 binary)

Root relaxation: objective -1.068096e+02, 290 iterations, 0.30 seconds (0.51 work units)

    Nodes    |    Current Node    |     Objective Bounds      |     Work
 Expl Unexpl |  Obj  Depth IntInf | Incumbent    BestBd   Gap | It/Node Time

     0     0 -106.80957    0  500          - -106.80957      -     -    0s
     0     0 -106.80809    0  500          - -106.80809      -     -    2s
     0     2 -106.80809    0  500          - -106.80809      -     -    6s
   191   224 -106.80417    8  493          - -106.80715      -   3.2   10s
   519  1010 -106.80135   13  488          - -106.80624      -   3.1   16s
  1009  2108 -106.79813   28  476          - -106.80624      -   2.9   23s
  2107  3887 -106.79136   60  450          - -106.80624      -   2.9   31s
  3886  5494 -106.77479  112  417          - -106.80624      -   3.0   39s
  5493  7354 -106.75372  165  381          - -106.80624      -   3.2   48s
  7353  9285 -106.72965  220  347          - -106.80624      -   3.3   57s
  9284 10982 -106.70575  277  315          - -106.80624      -   3.5   64s
 10981 12944 -106.67322  328  290          - -106.80624      -   3.7   72s
 12943 14816 -106.61969  385  270          - -106.80624      -   4.2   79s
 14816 14817 -106.79279   47  500          - -106.80624      -   4.8   81s
 14820 14820 -106.80036   15  500          - -106.80624      -   4.8   92s
 14851 14873 -106.80127   20  495          - -106.80339      -   4.8   95s
 15171 15087 -106.79460   25  490          - -106.79875      -   4.8  100s
 15619 15942 -106.78403   32  483          - -106.79875      -   4.7  109s
 16208 15787 -106.77022   39  476          - -106.79875      -   4.7  112s
 16249 16897 -106.76601   41  474          - -106.79875      -   4.7  121s
 17373 17525 -106.74975   56  459          - -106.79875      -   4.5  128s
 18375 18114 -106.73940   70  445          - -106.79875      -   4.4  134s
 19298 18718 -106.72264   82  433          - -106.79875      -   4.4  141s
 20210 19358 -106.70816   95  420          - -106.79875      -   4.3  147s
 21154 19875 -106.70123  108  409          - -106.79875      -   4.3  153s
 21986 20574 -106.68911  120  398          - -106.79875      -   4.3  159s
 22962 21207 -106.67824  133  383          - -106.79875      -   4.2  165s
 23920 21857 -106.66571  147  370          - -106.79875      -   4.3  171s
 24890 22534 -106.65742  162  360          - -106.79875      -   4.3  177s
 25890 23211 -106.64462  177  346          - -106.79875      -   4.4  183s
 26900 23640 -106.62664  192  335          - -106.79875      -   4.4  188s
 27666 24483 -106.61924  204  329          - -106.79875      -   4.5  195s
 28764 25169 -106.59933  220  317          - -106.79875      -   4.6  201s
 29816 26117 -106.59256  236  311          - -106.79875      -   4.8  209s
 31115 26810 -106.56795  255  295          - -106.79875      -   5.0  216s
 32241 27602 -106.55086  273  293          - -106.79875      -   5.2  222s
 33408 28450 -106.52425  290  279          - -106.79875      -   5.4  228s
 34645 29109 -106.50034  308  270          - -106.79875      -   5.7  234s
 35717 30082 -106.48126  324  266          - -106.79875      -   5.9  241s
 37047 30936 -106.45019  342  263          - -106.79875      -   6.2  248s
 38344 31923 -106.43244  361  251          - -106.79875      -   6.5  255s
 39764 32894 -106.40252  381  245          - -106.79875      -   6.9  261s
 41208 33762 -106.38622  400  244          - -106.79875      -   7.3  268s
 42557 34844 -106.35663  420  231          - -106.79875      -   7.7  275s
 44089 35706 -106.30550  441  223          - -106.79875      -   8.2  281s
 45462 36753 -106.24195  460  219          - -106.79875      -   8.7  288s
 46966 36511 -106.18633  481  214          - -106.79875      -   9.3  292s
 47226 38117 -106.17019  482  214          - -106.79875      -   9.4  300s
 48918 39262 -106.10650  506  207          - -106.79875      -  10.1  306s
 50627 40443 -105.96481  530  194          - -106.79875      -  10.8  313s
 52378 41632 -105.90835  554  187          - -106.79875      -  11.6  319s
 54151 42783 -105.77530  577  172          - -106.79875      -  12.6  326s
 55893 44019 -105.61858  601  166          - -106.79875      -  13.6  332s
 57729 45211 -105.30584  627  154          - -106.79875      -  14.8  342s
 59543 46365 -104.99067  658  143          - -106.79875      -  16.0  471s
 61242 51826 -104.44765  675  135          - -106.79837      -  18.4  552s
 66873 54485 -106.66875  230  329          - -106.79837      -  22.6  624s
 69556 60034 -106.59704  318  286          - -106.79837      -  24.1  694s
 75157 64295 -106.44178  420  243          - -106.79837      -  27.4  795s
 79658 68872 -106.19213  487  217          - -106.79837      -  32.7  901s
 84499 69220 -105.84243  560  196          - -106.79837      -  38.4 1029s
 84987 76688 -105.82767  562  194          - -106.79837      -  42.7 1135s
 92649 82094 -105.10584  634  175          - -106.79837      -  46.4 1281s
 98175 91189 -104.29028  686  151          - -106.79837      -  50.7 1444s
 107480 101950 infeasible  746               - -106.79837      -  56.0 1603s
 118439 102416 -106.32851  299  298          - -106.79832      -  57.6 1789s
 118989 113646 -106.30360  303  290          - -106.79832      -  60.7 1943s
 130405 119848 -105.66609  435  248          - -106.79832      -  61.1 2099s
 136787 128916 -105.16333  515  223          - -106.79832      -  63.8 2272s
 146085 138891 -103.93955  615  193          - -106.79832      -  66.2 2429s
 156168 148729 -102.33572  700  174          - -106.79832      -  67.6 2586s
 166194 149073  -99.48285  796  137          - -106.79832      -  68.8 2722s
 166684 168440  -99.30325  803  135          - -106.79832      -  71.6 3428s
 186533 169386  -97.70699  830  125          - -106.79832      -  80.9 3610s
 187597 191190 infeasible  833               - -106.79796      -  83.1 3768s
 209587 201252 -105.91281  391  253          - -106.79796      -  79.5 3918s
 219771 208979 -105.18549  494  231          - -106.79796      -  79.1 4054s
 227642 217564 -104.55421  551  211          - -106.79796      -  79.3 4189s
 236377 225314 -103.70682  617  198          - -106.79796      -  79.0 4324s
 244271 234943 -102.67598  674  191          - -106.79796      -  79.2 4429s
 254118 242691 -101.54594  744  161          - -106.79796      -  79.1 4539s
 262186 250818 -100.28681  798  148          - -106.79796      -  79.4 4642s
 270443 259318  -96.94076  879  125          - -106.79796      -  79.5 4755s
 279181 269472 infeasible  924               - -106.79796      -  79.7 4858s
 289471 276460  -90.26502  929  129          - -106.79796      -  79.4 4965s
 296759 285884  postponed  932               - -106.79796      -  79.7 5053s
 306441 292521  postponed  937               - -106.79796      -  79.1 5175s
 313198 304329  postponed  938               - -106.79796      -  79.1 5280s
 325154 304666 infeasible  940               - -106.79783      -  78.2 5370s
 325527 311968 -106.78746   30  485          - -106.79716      -  78.8 5478s
 332865 319878 -106.42831  228  318          - -106.79716      -  78.6 5577s
 340881 327806 -105.92667  355  268          - -106.79716      -  78.2 5675s
 348881 338456 -105.21069  449  256          - -106.79716      -  78.1 5787s
 359661 346803 -104.28842  547  226          - -106.79716      -  78.0 5889s
 368218 353996 -103.05809  636  197          - -106.79716      -  78.0 5987s
 375547 361754 -102.52378  684  177          - -106.79716      -  78.0 6096s
 383587 366064 -101.43182  742  166          - -106.79716      -  78.3 6202s
 388031 384469 -100.60848  782  152          - -106.79716      -  78.8 6346s
 406954 392842  -96.73687  877  136          - -106.79679      -  77.8 6442s
 415513 404528 -106.44377  244  317          - -106.79679      -  77.7 6564s
 427371 413417 -105.35844  428  250          - -106.79679      -  77.4 6662s
 436370 413834 -104.59270  515  224          - -106.79679      -  77.1 6754s
 436863 423946 -104.53844  521  226          - -106.79679      -  77.7 6853s
 447045 436360 -103.41771  605  200          - -106.79679      -  77.2 6966s
 459575 442925 -101.93367  688  173          - -106.79679      -  76.7 7060s
 466319 451753 -100.97760  724  165          - -106.79679      -  76.8 7155s
 475249 460738  -98.70455  800  150          - -106.79679      -  76.5 7252s
 484386 471844  -94.93633  871  125          - -106.79679      -  76.2 7354s
 495570 478262 infeasible  906               - -106.79679      -  76.0 7512s
 502060 478688 infeasible  909               - -106.79679      -  76.3 7632s
 502544 487383 infeasible  909               - -106.79679      -  77.1 7794s
 511409 496126 1.5977e+07  911  129          - -106.79679      -  77.6 7919s
 520396 505281 -106.50942  219  341          - -106.79671      -  77.8 8057s
 529759 514320 -105.76381  393  264          - -106.79671      -  78.2 8235s
 539080 519031 -104.73752  524  223          - -106.79671      -  78.7 8354s
 544037 531440 -103.74515  602  206          - -106.79671      -  79.4 8534s
 556738 543715 -102.08725  709  175          - -106.79671      -  79.4 8673s
 569165 550217 -101.39283  760  149          - -106.79671      -  78.8 8795s
 575809 550633  -99.53693  824  137          - -106.79671      -  78.9 8919s
 576247 559527  -99.34927  828  141          - -106.79671      -  79.4 9012s
 585322 568992  -95.90367  881  123          - -106.79671      -  79.2 9121s
 594951 579724 -106.35070  247  321          - -106.79622      -  79.1 9229s
 605801 588000 -105.47667  415  257          - -106.79622      -  78.9 9330s
 614301 596953 -104.62806  512  232          - -106.79622      -  79.0 9443s
 623412 603218 -103.73826  601  207          - -106.79622      -  79.0 9553s
 629921 611340 -102.76478  671  185          - -106.79622      -  79.3 9700s
 638145 611863 -101.43508  744  165          - -106.79622      -  79.7 9816s
 638792 626114 -101.27311  750  166          - -106.79622      -  80.4 9976s
 653491 637653  -98.20900  869  135          - -106.79622      -  80.3 10105s
 665212 648162 infeasible  939               - -106.79622      -  80.1 10255s
 675895 657948 -106.39852  268  307          - -106.79609      -  79.9 10378s
 685865 667350 -105.50843  449  246          - -106.79609      -  79.8 10466s
 695437 678031 -104.36565  575  205          - -106.79609      -  79.7 10570s
 706292 678449 -102.99435  662  167          - -106.79609      -  79.6 10659s
 706800 688754 -102.97220  664  169          - -106.79609      -  80.0 10746s
 717247 698003 -100.50362  757  143          - -106.79609      -  79.9 10800s

Explored 726760 nodes (57747231 simplex iterations) in 10800.08 seconds (10736.19 work units)
Thread count was 32 (of 192 available processors)

Solution count 0

Time limit reached
Best objective -, best bound -1.067960935889e+02, gap -

