Solver command line: ['/cvmfs/restricted.computecanada.ca/easybuild/software/2023/x86-64-v3/Core/gurobi/11.0.1/bin/gurobi.sh']

Set parameter TokenServer to value "license1.computecanada.ca"
Read LP format model from file /tmp/tmpn6jp67j6.pyomo.lp
Reading time = 0.00 seconds
x1: 20 rows, 20 columns, 400 nonzeros
Set parameter TimeLimit to value 10800
Gurobi Optimizer version 11.0.1 build v11.0.1rc0 (linux64 - "AlmaLinux 9.6 (Sage Margay)")

CPU model: AMD EPYC 9655 96-Core Processor, instruction set [SSE2|AVX|AVX2|AVX512]
Thread count: 192 physical cores, 192 logical processors, using up to 32 threads

Optimize a model with 20 rows, 20 columns and 400 nonzeros
Model fingerprint: 0x5d0bcda1
Model has 20 quadratic objective terms
Variable types: 0 continuous, 20 integer (0 binary)
Coefficient statistics:
  Matrix range     [8e-05, 3e-01]
  Objective range  [6e-03, 9e-02]
  QObjective range [4e-04, 9e-03]
  Bounds range     [0e+00, 0e+00]
  RHS range        [4e-02, 1e+00]
Found heuristic solution: objective 1527322.4894
Presolve time: 0.00s
Presolved: 20 rows, 20 columns, 400 nonzeros
Presolved model has 20 quadratic objective terms
Variable types: 0 continuous, 20 integer (0 binary)
Found heuristic solution: objective 986741.46419

Root relaxation: objective -4.718879e+00, 13 iterations, 0.00 seconds (0.00 work units)

    Nodes    |    Current Node    |     Objective Bounds      |     Work
 Expl Unexpl |  Obj  Depth IntInf | Incumbent    BestBd   Gap | It/Node Time

     0     0   -4.71888    0   20 986741.464   -4.71888   100%     -    0s
H    0     0                      -4.3421759   -4.71888  8.68%     -    0s
H    0     0                      -4.3656750   -4.71888  8.09%     -    0s
H    0     0                      -4.5353711   -4.71888  4.05%     -    0s
H    0     0                      -4.5462955   -4.71888  3.80%     -    0s
     0     0   -4.71766    0   20   -4.54630   -4.71766  3.77%     -    0s
H    0     0                      -4.5677587   -4.71766  3.28%     -    0s
     0     2   -4.71766    0   20   -4.56776   -4.71766  3.28%     -    0s
H   17    32                      -4.6087759   -4.71671  2.34%   2.1    0s
H   27    32                      -4.6282051   -4.71671  1.91%   2.1    0s
H14159  5226                      -4.6468221   -4.70317  1.21%   4.3    0s
H16660  7079                      -4.6482959   -4.70175  1.15%   4.3    0s
H58380 24071                      -4.6538182   -4.69373  0.86%   4.3    0s
H65115 23573                      -4.6561329   -4.69362  0.81%   4.3    0s
H570858 26823                      -4.6567604   -4.66716  0.22%   4.1    4s

Explored 620202 nodes (2517493 simplex iterations) in 4.94 seconds (1.10 work units)
Thread count was 32 (of 192 available processors)

Solution count 10: -4.65676 -4.65613 -4.65382 ... -4.53537
No other solutions better than -4.65676

Optimal solution found (tolerance 1.00e-04)
Best objective -4.656760373378e+00, best bound -4.656760373378e+00, gap 0.0000%

