Solver command line: ['/cvmfs/restricted.computecanada.ca/easybuild/software/2023/x86-64-v3/Core/gurobi/11.0.1/bin/gurobi.sh']

Set parameter TokenServer to value "license1.computecanada.ca"
Read LP format model from file /tmp/tmpvmb_fh9a.pyomo.lp
Reading time = 0.00 seconds
x1: 5 rows, 5 columns, 25 nonzeros
Set parameter TimeLimit to value 10800
Gurobi Optimizer version 11.0.1 build v11.0.1rc0 (linux64 - "AlmaLinux 9.6 (Sage Margay)")

CPU model: AMD EPYC 9655 96-Core Processor, instruction set [SSE2|AVX|AVX2|AVX512]
Thread count: 192 physical cores, 192 logical processors, using up to 32 threads

Optimize a model with 5 rows, 5 columns and 25 nonzeros
Model fingerprint: 0xd491db8e
Model has 5 quadratic objective terms
Variable types: 0 continuous, 5 integer (0 binary)
Coefficient statistics:
  Matrix range     [1e-02, 2e-01]
  Objective range  [4e-03, 7e-02]
  QObjective range [7e-04, 8e-03]
  Bounds range     [0e+00, 0e+00]
  RHS range        [1e-01, 7e-01]
Presolve time: 0.00s
Presolved: 5 rows, 5 columns, 25 nonzeros
Presolved model has 5 quadratic objective terms
Variable types: 0 continuous, 5 integer (0 binary)

Root relaxation: objective -4.295318e-02, 5 iterations, 0.00 seconds (0.00 work units)

    Nodes    |    Current Node    |     Objective Bounds      |     Work
 Expl Unexpl |  Obj  Depth IntInf | Incumbent    BestBd   Gap | It/Node Time

     0     0   -0.04295    0    5          -   -0.04295      -     -    0s
H    0     0                       0.1107793   -0.04295   139%     -    0s
H    0     0                       0.0762865   -0.04295   156%     -    0s
H    0     0                       0.0179146   -0.03302   284%     -    0s
     0     0   -0.03302    0    5    0.01791   -0.03302   284%     -    0s
     0     2   -0.03302    0    5    0.01791   -0.03302   284%     -    0s

Explored 29 nodes (106 simplex iterations) in 0.07 seconds (0.00 work units)
Thread count was 32 (of 192 available processors)

Solution count 3: 0.0179146 0.0762865 0.110779 

Optimal solution found (tolerance 1.00e-04)
Best objective 1.791462000535e-02, best bound 1.791462000535e-02, gap 0.0000%

