Solver command line: ['/cvmfs/restricted.computecanada.ca/easybuild/software/2023/x86-64-v3/Core/gurobi/11.0.1/bin/gurobi.sh']

Set parameter TokenServer to value "license1.computecanada.ca"
Read LP format model from file /tmp/tmpx8y031ub.pyomo.lp
Reading time = 0.30 seconds
x1: 1000 rows, 1000 columns, 1000000 nonzeros
Set parameter TimeLimit to value 10800
Gurobi Optimizer version 11.0.1 build v11.0.1rc0 (linux64 - "AlmaLinux 9.6 (Sage Margay)")

CPU model: AMD EPYC 9655 96-Core Processor, instruction set [SSE2|AVX|AVX2|AVX512]
Thread count: 192 physical cores, 192 logical processors, using up to 32 threads

Optimize a model with 1000 rows, 1000 columns and 1000000 nonzeros
Model fingerprint: 0x85028ebd
Model has 1000 quadratic objective terms
Variable types: 0 continuous, 1000 integer (0 binary)
Coefficient statistics:
  Matrix range     [3e-07, 5e-01]
  Objective range  [9e-05, 1e-01]
  QObjective range [2e-05, 1e-02]
  Bounds range     [0e+00, 0e+00]
  RHS range        [3e-04, 1e+00]
Presolve time: 0.15s
Presolved: 1000 rows, 1000 columns, 1000000 nonzeros
Presolved model has 1000 quadratic objective terms
Variable types: 0 continuous, 1000 integer (0 binary)

Root simplex log...

Iteration    Objective       Primal Inf.    Dual Inf.      Time
     596   -2.1316154e+02   0.000000e+00   0.000000e+00      6s

Root relaxation: objective -2.131615e+02, 596 iterations, 4.87 seconds (3.90 work units)

    Nodes    |    Current Node    |     Objective Bounds      |     Work
 Expl Unexpl |  Obj  Depth IntInf | Incumbent    BestBd   Gap | It/Node Time

     0     0 -213.16154    0 1000          - -213.16154      -     -    5s
     0     0 -213.16004    0 1000          - -213.16004      -     -    7s
     0     2 -213.15986    0 1000          - -213.15986      -     -   52s
     3     8 -213.15986    2  998          - -213.15986      -   3.7   56s
    15    32 -213.15977    4  996          - -213.15977      -   2.8   60s
    63    96 -213.15849    6  994          - -213.15946      -   2.9   66s
    95   128 -213.15845    6  994          - -213.15883      -   2.8   70s
   159   192 -213.15666    7  993          - -213.15876      -   2.7   78s
   191   224 -213.15725    8  992          - -213.15876      -   2.7   82s
   223   256 -213.15520    8  992          - -213.15876      -   2.6   86s
   255   288 -213.15725    9  990          - -213.15876      -   2.8   90s
   287   384 -213.15498    9  991          - -213.15876      -   2.7  100s
   383   512 -213.15701   11  989          - -213.15876      -   2.7  114s
   511   808 -213.15517   13  987          - -213.15876      -   2.7  141s
   807  1679 -213.15414   20  982          - -213.15876      -   2.7  198s
  1678  3745 -213.14705   45  961          - -213.15876      -   2.7  328s
  3744  5862 -213.12766  102  910          - -213.15876      -   2.8  444s
  5861  7827 -213.11508  162  868          - -213.15876      -   2.8  552s
  7826  9907 -213.09783  218  829          - -213.15876      -   2.9  661s
  9906 12059 -213.07656  274  794          - -213.15876      -   3.0  767s
 12058 14261 -213.05179  331  754          - -213.15876      -   3.1  872s
 14260 16443 -213.02375  395  711          - -213.15876      -   3.3  977s
 16443 16444 -213.02732  426 1000          - -213.15876      -   3.5  991s
 16445 16445 -213.15590   15 1000          - -213.15876      -   3.5  998s
 16447 16447 -213.13055  107 1000          - -213.15876      -   3.5 1072s
 16448 16450 -213.15876   15  999          - -213.15876      -   3.6 1077s
 16454 16460 -213.15678   17  997          - -213.15729      -   3.6 1081s
 16478 16500 -213.15399   19  995          - -213.15455      -   3.6 1087s
 16542 16543 -213.15237   20  994          - -213.15277      -   3.5 1093s
 16574 16564 -213.15126   21  993          - -213.15240      -   3.5 1097s
 16606 16586 -213.15025   21  993          - -213.15205      -   3.5 1101s
 16638 16607 -213.14986   22  992          - -213.15155      -   3.5 1105s
 16670 16628 -213.14916   22  992          - -213.15155      -   3.5 1120s
 16734 16671 -213.14806   23  991          - -213.15154      -   3.5 1128s
 16766 16692 -213.14720   24  989          - -213.15154      -   3.5 1132s
 16798 16714 -213.14648   24  990          - -213.15154      -   3.5 1136s
 16830 16735 -213.14560   25  989          - -213.15154      -   3.5 1140s
 16862 16757 -213.14555   25  989          - -213.15154      -   3.5 1145s
 16895 16781 -213.14349   26  988          - -213.15154      -   3.5 1151s
 16930 16810 -213.14327   27  987          - -213.15154      -   3.5 1156s
 16970 16924 -213.14236   27  987          - -213.15154      -   3.5 1170s
 17098 17292 -213.13904   29  985          - -213.15154      -   3.5 1209s
 17508 18332 -213.13159   35  979          - -213.15154      -   3.5 1296s
 18685 20085 -213.10615   51  963          - -213.15154      -   3.5 1458s
 20830 21531 -213.06773   81  933          - -213.15154      -   3.4 1617s
 22991 22845 -213.03823  110  904          - -213.15154      -   3.3 1764s
 25026 24177 -213.02153  137  877          - -213.15154      -   3.3 1910s
 27036 25470 -213.00292  163  851          - -213.15154      -   3.2 2051s
 28999 26758 -212.98267  190  825          - -213.15154      -   3.2 2183s
 30941 28440 -212.96076  217  801          - -213.15154      -   3.3 2354s
 33271 29032 -212.93479  250  774          - -213.15154      -   3.3 2448s
 34639 30679 -212.91971  269  758          - -213.15154      -   3.4 2586s
 36742 32000 -212.89545  300  731          - -213.15154      -   3.5 2714s
 38764 33376 -212.86565  330  707          - -213.15154      -   3.7 2847s
 40814 34793 -212.84206  361  690          - -213.15154      -   3.9 2978s
 42915 36235 -212.82481  393  667          - -213.15154      -   4.2 3113s
 45057 37756 -212.79734  425  651          - -213.15154      -   4.5 3248s
 47292 38810 -212.77153  458  628          - -213.15154      -   4.8 3361s
 49091 40685 -212.75120  481  610          - -213.15154      -   5.0 3513s
 51566 42395 -212.72856  517  610          - -213.15154      -   5.4 3660s
 54101 43939 -212.68482  554  577          - -213.15154      -   5.8 3796s
 56490 45826 -212.64897  590  570          - -213.15154      -   6.2 3945s
 59173 45043 -212.60419  631  552          - -213.15154      -   6.6 3971s
 59284 47877 -212.60301  633  548          - -213.15154      -   6.7 4128s
 62155 50069 -212.54015  677  522          - -213.15154      -   7.2 4365s
 65304 51683 -212.45350  725  496          - -213.15154      -   7.7 4505s
 67968 54849 -212.37747  767  495          - -213.15154      -   8.2 4676s
 71295 58190 -212.30787  818  477          - -213.15154      -   8.9 4846s
 74636 61468 -212.20593  871  457          - -213.15154      -   9.6 5000s
 77914 64724 -212.06696  919  435          - -213.15154      -  10.3 5158s
 81170 68331 -211.97230  964  417          - -213.15154      -  11.0 5324s
 84777 71890 -211.87412 1009  397          - -213.15154      -  11.9 5490s
 88336 75563 -211.77240 1051  388          - -213.15154      -  12.8 5658s
 92009 78945 -211.62419 1092  377          - -213.15154      -  13.9 5820s
 95391 82831 -211.53772 1133  367          - -213.15154      -  15.0 5988s
 99277 87065 -211.43134 1182  351          - -213.15154      -  16.3 6182s
 103511 91192 -211.17116 1238  329          - -213.15154      -  17.9 6347s
 107638 92909 -210.80326 1293  307          - -213.15154      -  19.6 6432s
 109355 97381 -210.55577 1318  295          - -213.15154      -  20.3 6601s
 113827 101404 -209.82267 1390  265          - -213.15154      -  22.4 6739s
 117908 105354 -209.14082 1460  236          - -213.15154      -  24.5 7636s
 121940 108497 -208.28272 1518  213          - -213.15154      -  28.8 8423s
 125159 117739 -208.04760 1525  213          - -213.15154      -  31.3 9280s
 134443 119201  postponed 1535               - -213.15154      -  35.4 10121s
 135917 128690 infeasible 1537               - -213.15154      -  37.6 10800s

Explored 145412 nodes (5791883 simplex iterations) in 10800.06 seconds (7521.42 work units)
Thread count was 32 (of 192 available processors)

Solution count 0

Time limit reached
Best objective -, best bound -2.131515413955e+02, gap -

