Solver command line: ['/cvmfs/restricted.computecanada.ca/easybuild/software/2023/x86-64-v3/Core/gurobi/11.0.1/bin/gurobi.sh']

Set parameter TokenServer to value "license1.computecanada.ca"
Read LP format model from file /tmp/tmpwnmz9hd2.pyomo.lp
Reading time = 0.00 seconds
x1: 20 rows, 20 columns, 400 nonzeros
Set parameter TimeLimit to value 10800
Gurobi Optimizer version 11.0.1 build v11.0.1rc0 (linux64 - "AlmaLinux 9.6 (Sage Margay)")

CPU model: AMD EPYC 9655 96-Core Processor, instruction set [SSE2|AVX|AVX2|AVX512]
Thread count: 192 physical cores, 192 logical processors, using up to 32 threads

Optimize a model with 20 rows, 20 columns and 400 nonzeros
Model fingerprint: 0x97a4f56a
Model has 20 quadratic objective terms
Variable types: 0 continuous, 20 integer (0 binary)
Coefficient statistics:
  Matrix range     [8e-05, 3e-01]
  Objective range  [6e-03, 9e-02]
  QObjective range [4e-04, 9e-03]
  Bounds range     [0e+00, 0e+00]
  RHS range        [1e-02, 1e+00]
Found heuristic solution: objective 0.5431769
Presolve time: 0.00s
Presolved: 20 rows, 20 columns, 400 nonzeros
Presolved model has 20 quadratic objective terms
Variable types: 0 continuous, 20 integer (0 binary)
Found heuristic solution: objective -1.0971074

Root relaxation: objective -5.206471e+00, 13 iterations, 0.00 seconds (0.00 work units)

    Nodes    |    Current Node    |     Objective Bounds      |     Work
 Expl Unexpl |  Obj  Depth IntInf | Incumbent    BestBd   Gap | It/Node Time

     0     0   -5.20647    0   20   -1.09711   -5.20647   375%     -    0s
H    0     0                      -5.0621723   -5.20647  2.85%     -    0s
H    0     0                      -5.0682216   -5.20647  2.73%     -    0s
     0     0   -5.20532    0   20   -5.06822   -5.20532  2.71%     -    0s
     0     2   -5.20532    0   20   -5.06822   -5.20532  2.71%     -    0s
H   16    32                      -5.0711253   -5.20290  2.60%   1.9    0s
H   17    32                      -5.0842549   -5.20290  2.33%   1.9    0s
H   18    32                      -5.0844030   -5.20290  2.33%   1.9    0s
H   19    32                      -5.0898622   -5.20259  2.21%   1.9    0s
H   20    32                      -5.0949260   -5.20257  2.11%   1.9    0s
H   22    32                      -5.1163306   -5.20257  1.69%   2.0    0s
H   34    64                      -5.1251901   -5.20257  1.51%   2.0    0s
H   45    64                      -5.1326338   -5.20257  1.36%   2.0    0s
H 6551  3359                      -5.1451222   -5.19482  0.97%   4.0    0s
H53073 21551                      -5.1463127   -5.18487  0.75%   4.1    0s
H123960 39892                      -5.1518695   -5.17909  0.53%   4.1    1s
H366162 51460                      -5.1527356   -5.16884  0.31%   4.0    2s

Explored 565551 nodes (2222390 simplex iterations) in 4.34 seconds (0.98 work units)
Thread count was 32 (of 192 available processors)

Solution count 10: -5.15274 -5.15187 -5.14631 ... -5.0844
No other solutions better than -5.15274

Optimal solution found (tolerance 1.00e-04)
Best objective -5.152735616598e+00, best bound -5.152735616598e+00, gap 0.0000%

