Solver command line: ['/cvmfs/restricted.computecanada.ca/easybuild/software/2023/x86-64-v3/Core/gurobi/11.0.1/bin/gurobi.sh']

Set parameter TokenServer to value "license1.computecanada.ca"
Read LP format model from file /tmp/tmpoqmxtyg1.pyomo.lp
Reading time = 0.08 seconds
x1: 500 rows, 500 columns, 250000 nonzeros
Set parameter TimeLimit to value 10800
Gurobi Optimizer version 11.0.1 build v11.0.1rc0 (linux64 - "AlmaLinux 9.6 (Sage Margay)")

CPU model: AMD EPYC 9655 96-Core Processor, instruction set [SSE2|AVX|AVX2|AVX512]
Thread count: 192 physical cores, 192 logical processors, using up to 32 threads

Optimize a model with 500 rows, 500 columns and 250000 nonzeros
Model fingerprint: 0x42b52e3f
Model has 500 quadratic objective terms
Variable types: 0 continuous, 500 integer (0 binary)
Coefficient statistics:
  Matrix range     [7e-07, 5e-01]
  Objective range  [2e-04, 1e-01]
  QObjective range [2e-05, 1e-02]
  Bounds range     [0e+00, 0e+00]
  RHS range        [1e-03, 1e+00]
Presolve time: 0.04s
Presolved: 500 rows, 500 columns, 250000 nonzeros
Presolved model has 500 quadratic objective terms
Variable types: 0 continuous, 500 integer (0 binary)

Root relaxation: objective -1.064509e+02, 300 iterations, 0.27 seconds (0.52 work units)

    Nodes    |    Current Node    |     Objective Bounds      |     Work
 Expl Unexpl |  Obj  Depth IntInf | Incumbent    BestBd   Gap | It/Node Time

     0     0 -106.45087    0  500          - -106.45087      -     -    0s
     0     0 -106.44896    0  500          - -106.44896      -     -    2s
     0     2 -106.44896    0  500          - -106.44896      -     -    6s
   191   224 -106.44341    8  492          - -106.44791      -   2.5   10s
   522  1031 -106.43972   15  485          - -106.44727      -   2.6   16s
  1030  2112 -106.43544   28  475          - -106.44727      -   2.5   22s
  2111  3437 -106.42985   60  449          - -106.44727      -   2.5   29s
  3436  4760 -106.42095   96  425          - -106.44727      -   2.7   36s
  4759  5927 -106.40649  132  406          - -106.44727      -   2.8   42s
  5926  7351 -106.38842  167  377          - -106.44727      -   3.0   49s
  7350  8823 -106.36677  205  356          - -106.44727      -   3.2   56s
  8822 10075 -106.34735  246  329          - -106.44727      -   3.4   75s
 10074 12124 -106.33244  277  316          - -106.44727      -   3.6   83s
 12123 14136 -106.29399  322  297          - -106.44727      -   4.0   91s
 14135 16117 -106.24500  379  269          - -106.44727      -   4.5   98s
 16117 16118 -106.42419   85  500          - -106.44727      -   5.1  100s
 16121 16121 -106.33801  255  500          - -106.44727      -   5.1  106s
 16184 16196 -106.44214   21  494          - -106.44318      -   5.1  110s
 16536 16430 -106.43734   26  489          - -106.44120      -   5.1  115s
 16664 16862 -106.43308   28  487          - -106.44120      -   5.1  122s
 17042 17612 -106.42474   34  481          - -106.44120      -   5.0  128s
 17918 18786 -106.40955   46  469          - -106.44120      -   4.9  138s
 19384 19510 -106.38815   65  450          - -106.44120      -   4.7  146s
 20597 20209 -106.37674   81  434          - -106.44120      -   4.6  153s
 21700 20854 -106.36264   97  418          - -106.44120      -   4.5  160s
 22713 21564 -106.35008  110  405          - -106.44120      -   4.5  166s
 23761 22325 -106.33663  126  393          - -106.44120      -   4.4  173s
 24871 23060 -106.32126  141  379          - -106.44120      -   4.5  180s
 25976 23817 -106.31026  157  369          - -106.44120      -   4.5  186s
 27101 24591 -106.28739  174  352          - -106.44120      -   4.6  193s
 28250 25311 -106.27542  192  338          - -106.44120      -   4.7  199s
 29353 26045 -106.26082  208  330          - -106.44120      -   4.8  206s
 30455 26935 -106.24457  225  320          - -106.44120      -   4.9  212s
 31712 27971 -106.22866  244  310          - -106.44120      -   5.1  222s
 33167 28796 -106.21135  263  306          - -106.44120      -   5.3  229s
 34477 29707 -106.18567  283  292          - -106.44120      -   5.5  236s
 35825 30502 -106.16209  303  279          - -106.44120      -   5.8  242s
 37069 31432 -106.12939  322  270          - -106.44120      -   6.0  249s
 38414 32478 -106.09678  342  260          - -106.44120      -   6.3  256s
 39908 33546 -106.06193  364  250          - -106.44120      -   6.7  263s
 41474 34504 -106.03132  387  236          - -106.44120      -   7.1  271s
 42954 35628 -106.00568  410  233          - -106.44120      -   7.5  278s
 44572 36748 -105.91540  434  221          - -106.44120      -   8.0  286s
 46231 37661 -105.88782  460  216          - -106.44120      -   8.5  293s
 47697 37260 -105.82244  481  208          - -106.44120      -   9.0  297s
 47785 38973 -105.84007  482  210          - -106.44120      -   9.0  305s
 49527 40113 -105.79425  507  199          - -106.44120      -   9.7  312s
 51248 41278 -105.74610  529  193          - -106.44120      -  10.4  319s
 52986 42558 -105.66331  552  187          - -106.44120      -  11.2  326s
 54846 43772 -105.50646  580  176          - -106.44120      -  12.1  334s
 56680 45088 -105.43015  609  172          - -106.44120      -  13.1  341s
 58607 46291 -105.21991  637  158          - -106.44120      -  14.2  347s
 60452 47743 -105.00507  664  148          - -106.44120      -  15.4  357s
 62601 49295 -104.34039  700  131          - -106.44075      -  16.7  378s
 65088 51409 -106.41632   67  450          - -106.44043      -  17.7  393s
 67829 54162 -106.33588  189  356          - -106.44043      -  18.5  406s
 70582 57053 -106.25538  290  304          - -106.44043      -  19.4  418s
 73501 59939 -106.19477  338  277          - -106.44043      -  20.4  431s
 76387 63244 -106.10432  391  260          - -106.44043      -  21.3  441s
 79706 63441 -105.98129  454  230          - -106.44043      -  22.5  448s
 79905 66937 -105.96081  456  227          - -106.44043      -  22.6  461s
 83601 70824 -105.86192  492  213          - -106.44043      -  23.9  525s
 87762 75906 -105.71268  521  205          - -106.44043      -  25.4  556s
 93206 81220 -105.43960  560  186          - -106.44043      -  25.8  580s
 98684 85619 -105.20288  586  168          - -106.44043      -  25.5  598s
 103109 89793 -104.98609  610  165          - -106.44043      -  25.3  613s
 107285 93677 -104.61203  649  146          - -106.44043      -  25.2  669s
 111277 98127 -103.26929  672  134          - -106.44043      -  25.7  697s
 115909 102795 -106.42315   46  469          - -106.43974      -  25.7  715s
 120595 107122 -106.26232  216  330          - -106.43974      -  25.7  773s
 124946 111995 -106.15511  296  293          - -106.43974      -  26.2  837s
 129833 117205 -106.04628  364  264          - -106.43974      -  26.7  870s
 135055 122770 -105.89146  427  241          - -106.43974      -  27.3  886s
 140682 127806 -105.72200  469  216          - -106.43974      -  27.9  906s
 145942 130248 -105.56879  489  206          - -106.43974      -  28.4  921s
 148542 136041 -105.47430  508  205          - -106.43974      -  28.4  945s
 154585 141365 -105.22298  539  189          - -106.43974      -  28.6  969s
 160085 145524 -105.03056  562  176          - -106.43974      -  28.7  986s
 164395 150350 -104.80037  578  168          - -106.43974      -  28.7 1006s
 169340 155121 -104.45977  620  149          - -106.43974      -  28.6 1025s
 174147 159630 -103.98331  643  143          - -106.43974      -  28.5 1110s
 178764 164590 -103.18653  656  137          - -106.43974      -  28.7 1149s
 183806 169326 infeasible  670               - -106.43974      -  28.9 1223s
 188570 175748  postponed  671               - -106.43974      -  29.2 1302s
 195060 182357  postponed  672               - -106.43974      -  29.4 1374s
 201669 182675  postponed  673               - -106.43974      -  29.8 1444s
 201987 189059  postponed  674               - -106.43974      -  30.0 1515s
 208471 195681  postponed  675               - -106.43974      -  30.4 1590s
 215245 201217  postponed  676               - -106.43974      -  31.0 1660s
 221045 207232  postponed  677               - -106.43974      -  31.3 1735s
 227340 213561  postponed  678               - -106.43974      -  31.6 1763s
 234009 218809  postponed  685               - -106.43974      -  31.5 1788s
 239349 224237 infeasible  686               - -106.43974      -  31.5 1811s
 244907 230225 -106.32142  151  375          - -106.43955      -  31.4 1840s
 251101 234791 -106.16816  275  297          - -106.43955      -  31.2 1860s
 255701 239368 -106.04709  329  273          - -106.43955      -  31.1 1880s
 260278 243899 -105.96745  364  258          - -106.43955      -  31.0 1896s
 264809 248436 -105.85553  389  250          - -106.43955      -  31.0 1912s
 269358 252706 -105.72351  421  231          - -106.43955      -  31.0 1926s
 273706 257383 -105.58751  453  222          - -106.43955      -  31.0 1951s
 278461 262990 -105.43374  478  217          - -106.43955      -  31.1 1980s
 284068 267577 -105.22856  502  212          - -106.43955      -  31.2 1996s
 288725 272330 -105.06525  536  196          - -106.43955      -  31.3 2015s
 293524 276713 -104.87625  552  204          - -106.43955      -  31.4 2032s
 297915 281240 -104.80271  563  197          - -106.43955      -  31.5 2047s
 302686 285968 -104.51789  594  181          - -106.43955      -  31.7 2069s
 307596 289549 -104.27197  615  183          - -106.43955      -  31.9 2089s
 311301 296538 -104.05163  630  170          - -106.43955      -  32.0 2115s
 318600 302063 -103.75414  656  158          - -106.43955      -  32.1 2192s
 324451 307487 -103.52674  670  153          - -106.43955      -  32.2 2276s
 329985 313309 -103.21248  700  142          - -106.43955      -  32.2 2359s
 335893 318928 -101.90160  731  128          - -106.43955      -  32.3 2441s
 341800 319190 -106.33873  136  389          - -106.43945      -  32.4 2522s
 342088 349727 -106.33360  143  381          - -106.43945      -  32.6 2727s
 372935 354888 -105.48179  448  227          - -106.43945      -  32.9 2807s
 378112 362287 -105.29605  483  224          - -106.43945      -  33.2 2872s
 385541 369439 -105.01200  522  198          - -106.43945      -  33.5 2937s
 393023 376742 -104.66906  555  189          - -106.43945      -  33.9 3000s
 400460 383178 -104.42722  586  179          - -106.43945      -  34.0 3063s
 407122 388363 -104.11396  612  172          - -106.43945      -  34.2 3125s
 412593 394864 -103.82737  639  164          - -106.43945      -  34.3 3188s
 419160 395160 -103.49965  666  148          - -106.43945      -  34.4 3249s
 419458 401130 -103.46950  669  152          - -106.43945      -  34.5 3313s
 425680 407035 -103.00080  693  141          - -106.43945      -  34.6 3379s
 431605 413377 -102.47363  712  127          - -106.43945      -  34.7 3449s
 438135 418713 -106.30569  145  380          - -106.43900      -  34.9 3516s
 443679 424955 -106.12812  244  304          - -106.43900      -  35.0 3582s
 449963 430564 -105.93564  323  265          - -106.43900      -  35.1 3644s
 455618 436606 -105.80993  360  259          - -106.43900      -  35.2 3704s
 461812 443323 -105.64347  401  235          - -106.43900      -  35.4 3758s
 468543 449130 -105.48868  434  221          - -106.43900      -  35.5 3788s
 474382 453582 -105.34378  461  212          - -106.43900      -  35.6 3812s
 478898 458532 -105.16955  486  200          - -106.43900      -  35.7 3835s
 483894 463593 -104.96701  519  192          - -106.43900      -  35.8 3910s
 488993 469110 -104.55223  547  180          - -106.43900      -  36.0 3930s
 494672 474136 -104.28092  577  169          - -106.43900      -  36.0 3982s
 499854 474403 -103.98614  606  155          - -106.43900      -  36.1 3994s
 500177 505280 -103.88399  608  153          - -106.43838      -  36.2 4131s
 531786 511093 -106.38041   83  437          - -106.43838      -  36.3 4159s
 537755 515160 -106.18343  227  327          - -106.43838      -  36.3 4217s
 542042 519978 -106.05924  275  297          - -106.43838      -  36.4 4242s
 547054 525048 -105.90876  328  269          - -106.43838      -  36.4 4305s
 552146 530180 -105.78951  361  260          - -106.43838      -  36.4 4370s
 557284 535826 -105.59577  398  247          - -106.43838      -  36.6 4432s
 562966 540907 -105.39045  435  229          - -106.43838      -  36.7 4500s
 568149 547841 -105.16350  471  222          - -106.43838      -  36.8 4555s
 575251 554350 -104.92867  503  212          - -106.43838      -  36.9 4625s
 581896 560449 -104.68905  530  201          - -106.43838      -  37.0 4695s
 588011 560786 -104.49626  556  190          - -106.43838      -  37.2 4764s
 588352 567639 -104.47889  557  186          - -106.43838      -  37.2 4831s
 595251 573286 -104.20620  581  190          - -106.43838      -  37.4 4892s
 601072 579751 -103.85363  603  177          - -106.43838      -  37.6 4971s
 607755 585987 -103.62508  627  177          - -106.43838      -  37.7 5005s
 614055 591435 -103.30119  651  157          - -106.43838      -  37.8 5038s
 619695 596867 -103.03296  668  149          - -106.43838      -  37.9 5079s
 625363 602483 -102.79394  688  145          - -106.43838      -  37.9 5155s
 631157 608921 -102.36334  708  132          - -106.43838      -  38.0 5203s
 637685 614740 -102.09577  725  133          - -106.43838      -  37.9 5273s
 643629 620539 -101.22434  764  124          - -106.43838      -  38.0 5301s
 649630 626101 infeasible  779               - -106.43838      -  37.9 5323s
 655372 632000 -106.25903  161  363          - -106.43812      -  37.9 5350s
 661345 636460 -106.11106  235  309          - -106.43812      -  37.8 5368s
 665805 641405 -105.99023  276  292          - -106.43812      -  37.8 5387s
 670750 646170 -105.78445  327  271          - -106.43812      -  37.8 5404s
 675553 650915 -105.63759  361  250          - -106.43812      -  37.8 5423s
 680388 655588 -105.47516  391  245          - -106.43812      -  37.7 5439s
 685081 661139 -105.24927  423  238          - -106.43812      -  37.7 5463s
 690690 661400 -105.05646  453  224          - -106.43812      -  37.8 5472s
 690951 666393 -105.05703  455  228          - -106.43812      -  37.8 5524s
 695952 672077 -104.88675  475  218          - -106.43812      -  37.9 5548s
 701852 677503 -104.63542  500  208          - -106.43812      -  37.9 5570s
 707310 682585 -104.50949  515  196          - -106.43812      -  37.9 5592s
 712528 687450 -104.33125  538  198          - -106.43812      -  38.0 5609s
 717539 693316 -104.15949  560  182          - -106.43812      -  38.0 5634s
 723421 697561 -103.94606  591  167          - -106.43812      -  38.1 5649s
 727774 702168 -103.71472  612  168          - -106.43812      -  38.1 5669s
 732525 706712 -103.11854  640  157          - -106.43812      -  38.2 5688s
 737235 711378 -102.73518  658  153          - -106.43812      -  38.3 5752s
 742019 716832 -102.20484  677  155          - -106.43812      -  38.4 5787s
 747591 722693 -101.74058  701  148          - -106.43812      -  38.4 5815s
 753650 727554 -101.31506  721  138          - -106.43812      -  38.4 5839s
 758545 731495 -100.91968  740  131          - -106.43812      -  38.4 5856s
 762736 736169 -100.40390  756  121          - -106.43812      -  38.4 5903s
 767524 740733  -99.76602  773  129          - -106.43812      -  38.4 5977s
 772294 743629  -98.75042  794  119          - -106.43812      -  38.5 6046s
 775372 750187  -98.05307  805  121          - -106.43812      -  38.5 6123s
 782032 755309 -106.23118  180  348          - -106.43786      -  38.5 6169s
 787248 761615 -106.09569  243  302          - -106.43786      -  38.5 6232s
 793574 767599 -105.95884  295  283          - -106.43786      -  38.5 6273s
 799594 773647 -105.70198  352  259          - -106.43786      -  38.6 6350s
 805664 776111 -105.49392  398  243          - -106.43786      -  38.6 6414s
 808140 782789 -105.43220  414  234          - -106.43786      -  38.7 6471s
 814874 788079 -105.15937  455  225          - -106.43786      -  38.8 6533s
 820168 794974 -104.96684  481  218          - -106.43786      -  38.9 6562s
 827107 800397 -104.70726  524  205          - -106.43786      -  38.9 6578s
 832636 805488 -104.48692  553  198          - -106.43786      -  39.0 6605s
 837905 810474 -104.24766  578  191          - -106.43786      -  39.0 6628s
 843025 815478 -104.01022  595  182          - -106.43786      -  39.1 6652s
 848059 820994 -103.82091  613  172          - -106.43786      -  39.1 6733s
 853691 826670 -103.62143  635  164          - -106.43786      -  39.2 6825s
 859475 827647 -103.31425  662  160          - -106.43786      -  39.3 6907s
 860484 836506 -103.24998  665  155          - -106.43786      -  39.4 6945s
 869588 843161 -102.46971  712  147          - -106.43786      -  39.3 6977s
 876395 848437 -101.39383  746  136          - -106.43786      -  39.3 7041s
 881713 854045  -99.84647  772  127          - -106.43786      -  39.3 7123s
 887588 861029 infeasible  794               - -106.43786      -  39.4 7185s
 894780 867317 -106.19150  190  341          - -106.43776      -  39.3 7214s
 901122 872815 -106.04708  253  301          - -106.43776      -  39.3 7236s
 906734 877456 -105.89363  300  283          - -106.43776      -  39.2 7259s
 911443 883251 -105.77139  337  267          - -106.43776      -  39.2 7288s
 917238 887876 -105.60067  381  255          - -106.43776      -  39.1 7305s
 921863 892561 -105.48046  406  249          - -106.43776      -  39.1 7321s
 926548 897091 -105.33784  437  243          - -106.43776      -  39.1 7335s
 931106 901739 -105.21055  458  226          - -106.43776      -  39.1 7353s
 935774 905919 -104.94804  482  215          - -106.43776      -  39.1 7388s
 939982 910870 -104.73867  504  212          - -106.43776      -  39.2 7408s
 945027 916387 -104.48195  526  210          - -106.43776      -  39.2 7435s
 950576 920966 -104.20460  551  199          - -106.43776      -  39.2 7483s
 955169 926151 -104.02738  575  199          - -106.43776      -  39.3 7523s
 960490 931094 -103.81294  594  186          - -106.43776      -  39.3 7567s
 965481 931394 -103.52876  625  176          - -106.43776      -  39.4 7611s
 965785 937486 -103.51177  628  169          - -106.43776      -  39.4 7658s
 971877 943263 -103.25621  652  157          - -106.43776      -  39.5 7702s
 977708 948893 -102.58256  689  150          - -106.43776      -  39.6 7752s
 983366 953650 -102.30162  712  137          - -106.43776      -  39.6 7829s
 988419 959815 -101.82097  745  126          - -106.43776      -  39.8 7878s
 994754 966185 -100.96377  772  126          - -106.43776      -  39.8 7923s
 1001312 971876  -99.63433  816  113          - -106.43776      -  39.8 7969s
 1007365 977388  -97.50158  845  115          - -106.43776      -  39.9 8028s
 1013167 983691 -106.30990  123  395          - -106.43765      -  39.9 8129s
 1019536 989968 -106.10877  214  327          - -106.43765      -  39.8 8177s
 1025931 995923 -105.93417  278  300          - -106.43765      -  39.8 8204s
 1031914 1001085 -105.72037  334  277          - -106.43765      -  39.8 8283s
 1037206 1005874 -105.47401  381  265          - -106.43765      -  39.8 8348s
 1042055 1012512 -105.21966  427  241          - -106.43765      -  39.9 8416s
 1048695 1012862 -104.90597  467  234          - -106.43765      -  39.9 8463s
 1049053 1019986 -104.93441  465  235          - -106.43765      -  39.9 8532s
 1056247 1026452 -104.55289  511  217          - -106.43765      -  40.0 8598s
 1062713 1032061 -104.35514  538  209          - -106.43765      -  40.0 8620s
 1068324 1037208 -104.14707  563  201          - -106.43765      -  40.0 8640s
 1073617 1042077 -103.77176  599  188          - -106.43765      -  40.1 8660s
 1078590 1046843 -103.57491  621  186          - -106.43765      -  40.1 8684s
 1083420 1051669 -103.31660  641  184          - -106.43765      -  40.1 8704s
 1088272 1056570 -103.16520  653  178          - -106.43765      -  40.1 8725s
 1093213 1061396 -103.03385  665  174          - -106.43765      -  40.1 8745s
 1098153 1066608 -102.89916  673  173          - -106.43765      -  40.2 8770s
 1103381 1071645 -102.73698  685  171          - -106.43765      -  40.2 8793s
 1108501 1076743 -102.64494  691  163          - -106.43765      -  40.2 8814s
 1113649 1081677 -102.48530  702  157          - -106.43765      -  40.2 8836s
 1118707 1086527 -102.36102  711  154          - -106.43765      -  40.2 8858s
 1123713 1091316 -102.18311  721  149          - -106.43765      -  40.2 8880s
 1128642 1097287 -101.96286  730  148          - -106.43765      -  40.2 8908s
 1134697 1101359 -101.71177  747  146          - -106.43765      -  40.2 8927s
 1138967 1106178 -101.41897  756  145          - -106.43765      -  40.2 8961s
 1143966 1110668 -101.06488  771  134          - -106.43765      -  40.2 8992s
 1148588 1115670 -100.71904  780  133          - -106.43765      -  40.2 9014s
 1153674 1120455  -99.68602  795  128          - -106.43765      -  40.2 9046s
 1158487 1121810 infeasible  803               - -106.43765      -  40.2 9072s
 1159902 1140592 infeasible  803               - -106.43765      -  40.2 9158s
 1178950 1145713 infeasible  804               - -106.43765      -  40.1 9192s
 1184073 1150463 infeasible  805               - -106.43765      -  40.2 9233s
 1188825 1155669 infeasible  806               - -106.43765      -  40.2 9252s
 1194161 1160711 infeasible  811               - -106.43765      -  40.2 9274s
 1199209 1165669 -106.22037  172  348          - -106.43752      -  40.2 9293s
 1204219 1170443 -106.07757  234  307          - -106.43752      -  40.3 9317s
 1209119 1175254 -105.92988  285  287          - -106.43752      -  40.3 9338s
 1213992 1179905 -105.76180  328  278          - -106.43752      -  40.3 9357s
 1218745 1184873 -105.61822  359  259          - -106.43752      -  40.3 9418s
 1223805 1190469 -105.50413  384  251          - -106.43752      -  40.3 9488s
 1229431 1192448 -105.30894  411  250          - -106.43752      -  40.4 9566s
 1231432 1199134 -105.25935  419  238          - -106.43752      -  40.4 9644s
 1238290 1205822 -105.01644  450  235          - -106.43752      -  40.5 9686s
 1245122 1211293 -104.80099  479  222          - -106.43752      -  40.6 9742s
 1250797 1216954 -104.55912  509  210          - -106.43752      -  40.7 9839s
 1256572 1224424 -104.31867  533  201          - -106.43752      -  40.7 9910s
 1264310 1231282 -103.95614  561  186          - -106.43752      -  40.8 9954s
 1271554 1237580 -103.42015  587  190          - -106.43752      -  40.8 10020s
 1277902 1243050 -103.17327  611  177          - -106.43752      -  40.8 10080s
 1283404 1244544 -102.72935  633  167          - -106.43752      -  40.8 10146s
 1284900 1266375 -102.59779  644  159          - -106.43752      -  40.8 10274s
 1307045 1272083 -100.56237  715  141          - -106.43752      -  40.8 10354s
 1312787 1277057 infeasible  735               - -106.43752      -  40.8 10464s
 1317777 1285647 infeasible  738               - -106.43752      -  40.9 10542s
 1326413 1292373 infeasible  743               - -106.43752      -  41.0 10617s
 1333301 1299094 infeasible  743               - -106.43752      -  41.1 10688s
 1340124 1299487  -99.29140  741  139          - -106.43752      -  41.2 10746s
 1340579 1307588 infeasible  745               - -106.43752      -  41.3 10800s

Explored 1348826 nodes (55771200 simplex iterations) in 10800.05 seconds (12895.90 work units)
Thread count was 32 (of 192 available processors)

Solution count 0

Time limit reached
Best objective -, best bound -1.064375178239e+02, gap -

