Solver command line: ['/cvmfs/restricted.computecanada.ca/easybuild/software/2023/x86-64-v3/Core/gurobi/11.0.1/bin/gurobi.sh']

Set parameter TokenServer to value "license1.computecanada.ca"
Read LP format model from file /tmp/tmpvjxrbsgg.pyomo.lp
Reading time = 0.33 seconds
x1: 1000 rows, 1000 columns, 1000000 nonzeros
Set parameter TimeLimit to value 10800
Gurobi Optimizer version 11.0.1 build v11.0.1rc0 (linux64 - "AlmaLinux 9.6 (Sage Margay)")

CPU model: AMD EPYC 9655 96-Core Processor, instruction set [SSE2|AVX|AVX2|AVX512]
Thread count: 192 physical cores, 192 logical processors, using up to 32 threads

Optimize a model with 1000 rows, 1000 columns and 1000000 nonzeros
Model fingerprint: 0xbb823a88
Model has 1000 quadratic objective terms
Variable types: 0 continuous, 1000 integer (0 binary)
Coefficient statistics:
  Matrix range     [3e-07, 5e-01]
  Objective range  [9e-05, 1e-01]
  QObjective range [2e-05, 1e-02]
  Bounds range     [0e+00, 0e+00]
  RHS range        [1e-04, 1e+00]
Presolve time: 0.16s
Presolved: 1000 rows, 1000 columns, 1000000 nonzeros
Presolved model has 1000 quadratic objective terms
Variable types: 0 continuous, 1000 integer (0 binary)

Root simplex log...

Iteration    Objective       Primal Inf.    Dual Inf.      Time
     571   -2.1423037e+02   0.000000e+00   0.000000e+00      5s

Root relaxation: objective -2.142304e+02, 571 iterations, 4.44 seconds (3.73 work units)

    Nodes    |    Current Node    |     Objective Bounds      |     Work
 Expl Unexpl |  Obj  Depth IntInf | Incumbent    BestBd   Gap | It/Node Time

     0     0 -214.23037    0 1000          - -214.23037      -     -    5s
     0     0 -214.22870    0 1000          - -214.22870      -     -    7s
     0     2 -214.22869    0 1000          - -214.22869      -     -   48s
     1     4 -214.22869    1  999          - -214.22869      -   2.0   50s
    15    32 -214.22742    4  996          - -214.22808      -   2.7   56s
    31    64 -214.22591    5  994          - -214.22796      -   2.7   60s
    95   128 -214.22453    6  994          - -214.22781      -   2.6   66s
   127   160 -214.22554    7  993          - -214.22781      -   2.7   70s
   191   224 -214.22515    8  992          - -214.22778      -   2.7   77s
   223   256 -214.22468    8  992          - -214.22778      -   2.7   81s
   287   384 -214.22377    9  992          - -214.22771      -   2.7   95s
   383   512 -214.22506   11  989          - -214.22771      -   2.8  108s
   511   786 -214.22372   13  987          - -214.22761      -   2.8  134s
   785  1642 -214.22134   20  982          - -214.22753      -   2.8  189s
  1641  3825 -214.21515   47  958          - -214.22672      -   2.7  316s
  3824  5697 -214.20159  115  902          - -214.22672      -   2.6  419s
  5696  7575 -214.18609  162  869          - -214.22672      -   2.7  522s
  7574  9711 -214.16442  214  834          - -214.22672      -   2.8  638s
  9710 11842 -214.14618  268  801          - -214.22672      -   2.9  743s
 11841 14007 -214.12361  331  758          - -214.22672      -   3.0  854s
 14006 16006 -214.09908  391  720          - -214.22672      -   3.2  946s
 16006 16007 -214.12364  343 1000          - -214.22672      -   3.4  960s
 16008 16008 -214.16689  219 1000          - -214.22672      -   3.4  966s
 16010 16010 -214.15573  244 1000          - -214.22672      -   3.4 1013s
 16011 16013 -214.22672   15  999          - -214.22672      -   3.4 1022s
 16017 16023 -214.22573   17  997          - -214.22608      -   3.4 1026s
 16041 16063 -214.22271   19  995          - -214.22343      -   3.4 1032s
 16105 16106 -214.22084   20  994          - -214.22240      -   3.4 1038s
 16137 16127 -214.21928   21  993          - -214.22186      -   3.4 1042s
 16169 16149 -214.21965   21  993          - -214.22186      -   3.4 1046s
 16233 16191 -214.21682   22  992          - -214.22186      -   3.4 1053s
 16265 16213 -214.21643   23  991          - -214.22186      -   3.4 1057s
 16297 16234 -214.21635   23  991          - -214.22186      -   3.4 1061s
 16329 16255 -214.21492   24  990          - -214.22186      -   3.4 1065s
 16393 16298 -214.21380   25  989          - -214.22186      -   3.4 1073s
 16425 16319 -214.21254   25  989          - -214.22186      -   3.4 1077s
 16457 16341 -214.21277   26  988          - -214.22186      -   3.4 1081s
 16489 16362 -214.21259   26  988          - -214.22186      -   3.4 1085s
 16553 16668 -214.21050   27  987          - -214.22186      -   3.4 1122s
 16848 17273 -214.20724   32  982          - -214.22186      -   3.4 1167s
 17552 17577 -214.19326   42  972          - -214.22186      -   3.4 1214s
 18090 19964 -214.18664   48  966          - -214.22186      -   3.3 1399s
 20657 21221 -214.14484   82  932          - -214.22186      -   3.3 1553s
 22769 21607 -214.12042  111  903          - -214.22186      -   3.2 1626s
 23859 23231 -214.11398  126  888          - -214.22186      -   3.2 1771s
 25847 24375 -214.09211  153  862          - -214.22186      -   3.2 1894s
 27653 25746 -214.06561  178  837          - -214.22186      -   3.2 2025s
 29626 27026 -214.03942  206  811          - -214.22186      -   3.2 2163s
 31564 28571 -214.01649  234  784          - -214.22186      -   3.2 2328s
 33755 29633 -213.98722  265  755          - -214.22186      -   3.3 2441s
 35547 30842 -213.96088  292  731          - -214.22186      -   3.4 2559s
 37354 32099 -213.93842  320  709          - -214.22186      -   3.6 2680s
 39213 33387 -213.91180  349  686          - -214.22186      -   3.7 2803s
 41121 34718 -213.87708  378  666          - -214.22186      -   3.9 2924s
 43088 36105 -213.85443  406  657          - -214.22186      -   4.2 3050s
 45130 37067 -213.82746  435  636          - -214.22186      -   4.4 3149s
 46773 38779 -213.81206  458  625          - -214.22186      -   4.6 3282s
 49033 40337 -213.77368  492  600          - -214.22186      -   4.9 3417s
 51344 41892 -213.72115  526  587          - -214.22186      -   5.2 3551s
 53669 42556 -213.67463  561  567          - -214.22186      -   5.6 3638s
 55108 44760 -213.65368  586  564          - -214.22186      -   5.8 3793s
 57792 46295 -213.60112  626  550          - -214.22186      -   6.3 3934s
 60222 48369 -213.54433  664  526          - -214.22186      -   6.6 4090s
 63106 50178 -213.46959  706  514          - -214.22186      -   7.1 4297s
 65876 52877 -213.40654  750  501          - -214.22186      -   7.6 4458s
 68886 56170 -213.32597  792  477          - -214.22186      -   8.2 4625s
 72179 56312 -213.23737  840  454          - -214.22186      -   8.8 4654s
 72321 59759 -213.22227  842  456          - -214.22186      -   8.8 4837s
 75768 62986 -213.08856  887  434          - -214.22186      -   9.5 5001s
 78995 66403 -213.00902  933  419          - -214.22186      -  10.2 5164s
 79441 66403 -213.13281  913  430          - -214.22186      -  10.4 5165s
 82412 69921 -212.92700  980  403          - -214.22186      -  11.1 5323s
 85930 73481 -212.80283 1027  384          - -214.22186      -  12.0 5486s
 89490 77170 -212.69185 1073  371          - -214.22186      -  12.9 5659s
 93179 80599 -212.54764 1123  360          - -214.22186      -  14.0 5833s
 96608 84549 -212.35320 1173  345          - -214.22186      -  15.0 6016s
 100558 88709 -212.05064 1237  330          - -214.22186      -  16.3 6187s
 104718 92688 -211.57833 1299  305          - -214.22186      -  17.8 6356s
 108697 96596 -210.76845 1368  275          - -214.22186      -  19.3 6504s
 112605 100022 -209.85231 1433  245          - -214.22186      -  20.9 7318s
 116033 103994 -209.10284 1467  235          - -214.22186      -  23.6 8404s
 120093 104319 -209.08214 1469  233          - -214.22186      -  27.5 9558s
 120460 110338 -209.06747 1470  233          - -214.22186      -  31.2 10556s
 126617 114413 infeasible 1472               - -214.22186      -  34.5 10800s

Explored 130702 nodes (4629888 simplex iterations) in 10800.41 seconds (7291.21 work units)
Thread count was 32 (of 192 available processors)

Solution count 0

Time limit reached
Best objective -, best bound -2.142218610249e+02, gap -

