Solver command line: ['/cvmfs/restricted.computecanada.ca/easybuild/software/2023/x86-64-v3/Core/gurobi/11.0.1/bin/gurobi.sh']

Set parameter TokenServer to value "license1.computecanada.ca"
Read LP format model from file /tmp/tmpdj22dity.pyomo.lp
Reading time = 0.31 seconds
x1: 1000 rows, 1000 columns, 1000000 nonzeros
Set parameter TimeLimit to value 10800
Gurobi Optimizer version 11.0.1 build v11.0.1rc0 (linux64 - "AlmaLinux 9.6 (Sage Margay)")

CPU model: AMD EPYC 9655 96-Core Processor, instruction set [SSE2|AVX|AVX2|AVX512]
Thread count: 192 physical cores, 192 logical processors, using up to 32 threads

Optimize a model with 1000 rows, 1000 columns and 1000000 nonzeros
Model fingerprint: 0xafb951b2
Model has 1000 quadratic objective terms
Variable types: 0 continuous, 1000 integer (0 binary)
Coefficient statistics:
  Matrix range     [3e-07, 5e-01]
  Objective range  [9e-05, 1e-01]
  QObjective range [2e-05, 1e-02]
  Bounds range     [0e+00, 0e+00]
  RHS range        [1e-04, 1e+00]
Presolve time: 0.15s
Presolved: 1000 rows, 1000 columns, 1000000 nonzeros
Presolved model has 1000 quadratic objective terms
Variable types: 0 continuous, 1000 integer (0 binary)

Root relaxation: objective -2.142038e+02, 575 iterations, 4.04 seconds (3.74 work units)

    Nodes    |    Current Node    |     Objective Bounds      |     Work
 Expl Unexpl |  Obj  Depth IntInf | Incumbent    BestBd   Gap | It/Node Time

     0     0 -214.20376    0 1000          - -214.20376      -     -    4s
     0     0 -214.20209    0 1000          - -214.20209      -     -    6s
     0     2 -214.20205    0 1000          - -214.20205      -     -   51s
     3     8 -214.20205    2  998          - -214.20205      -   2.0   55s
    31    64 -214.20061    5  995          - -214.20188      -   2.2   63s
    63    96 -214.20057    6  994          - -214.20180      -   2.3   65s
   127   160 -214.19960    7  993          - -214.20071      -   2.4   73s
   159   192 -214.19894    7  993          - -214.20071      -   2.5   77s
   191   224 -214.19958    8  992          - -214.20064      -   2.5   80s
   255   288 -214.19922    9  991          - -214.20064      -   2.6   87s
   287   384 -214.19866    9  991          - -214.20052      -   2.6   98s
   383   514 -214.19862   11  989          - -214.20052      -   2.7  112s
   513   804 -214.19781   13  988          - -214.20034      -   2.7  139s
   803  1709 -214.19542   24  978          - -214.20031      -   2.6  199s
  1708  3703 -214.18727   51  954          - -214.20031      -   2.5  320s
  3702  5824 -214.16713  104  908          - -214.20031      -   2.7  436s
  5823  7810 -214.15333  160  867          - -214.20031      -   2.7  544s
  7809  9874 -214.13609  218  831          - -214.20031      -   2.8  654s
  9873 12073 -214.11632  274  793          - -214.20031      -   2.9  764s
 12072 14346 -214.09641  333  756          - -214.20031      -   3.1  871s
 14345 16636 -214.06929  404  713          - -214.20031      -   3.2  979s
 16636 16637 -214.12916  232 1000          - -214.20031      -   3.4  993s
 16638 16638 -214.16969   85 1000          - -214.20031      -   3.4  999s
 16640 16640 -214.16355  127 1000          - -214.20031      -   3.4 1081s
 16641 16643 -214.20031   15  999          - -214.20031      -   3.4 1089s
 16643 16647 -214.20031   16  998          - -214.20031      -   3.4 1091s
 16655 16667 -214.19768   18  996          - -214.19889      -   3.4 1095s
 16703 16715 -214.19466   20  994          - -214.19577      -   3.4 1101s
 16735 16736 -214.19458   20  994          - -214.19568      -   3.4 1105s
 16799 16779 -214.19274   21  993          - -214.19449      -   3.4 1113s
 16831 16800 -214.19187   22  992          - -214.19449      -   3.4 1117s
 16863 16821 -214.19125   22  992          - -214.19449      -   3.4 1121s
 16895 16843 -214.19063   23  991          - -214.19449      -   3.4 1125s
 16959 16885 -214.18931   24  990          - -214.19449      -   3.4 1133s
 16991 16907 -214.18846   24  990          - -214.19449      -   3.4 1137s
 17023 16928 -214.18807   25  989          - -214.19449      -   3.4 1141s
 17055 16949 -214.18754   25  988          - -214.19449      -   3.4 1145s
 17119 16992 -214.18642   26  988          - -214.19449      -   3.4 1153s
 17151 17013 -214.18537   27  987          - -214.19449      -   3.4 1157s
 17183 17332 -214.18517   27  987          - -214.19449      -   3.4 1192s
 17512 17953 -214.17901   32  982          - -214.19449      -   3.4 1244s
 18243 18235 -214.16544   42  972          - -214.19449      -   3.3 1299s
 18769 21250 -214.15508   49  965          - -214.19449      -   3.3 1532s
 21959 21940 -214.11063   91  922          - -214.19449      -   3.2 1658s
 23712 23223 -214.09803  114  900          - -214.19449      -   3.1 1793s
 25580 24413 -214.07994  139  876          - -214.19449      -   3.1 1924s
 27392 24847 -214.05154  165  851          - -214.19449      -   3.1 1998s
 28430 26419 -214.03765  178  838          - -214.19449      -   3.1 2135s
 30348 27720 -214.01610  205  813          - -214.19449      -   3.2 2273s
 32289 29257 -213.99132  233  789          - -214.19449      -   3.2 2444s
 34473 30346 -213.96421  265  763          - -214.19449      -   3.3 2569s
 36290 31609 -213.94277  291  744          - -214.19449      -   3.4 2689s
 38158 32725 -213.91167  319  717          - -214.19449      -   3.5 2805s
 39897 34152 -213.88824  345  706          - -214.19449      -   3.7 2936s
 41904 35563 -213.85280  376  682          - -214.19449      -   3.9 3075s
 43984 36998 -213.81256  408  656          - -214.19449      -   4.1 3206s
 46112 37993 -213.78691  439  640          - -214.19449      -   4.3 3311s
 47816 39732 -213.75954  463  625          - -214.19449      -   4.5 3451s
 50123 41333 -213.71552  496  603          - -214.19449      -   4.8 3594s
 52493 43020 -213.68059  531  592          - -214.19449      -   5.1 3748s
 54970 44519 -213.62751  567  574          - -214.19449      -   5.5 3895s
 57295 43842 -213.59235  603  571          - -214.19449      -   5.8 3919s
 57393 46580 -213.58692  604  578          - -214.19449      -   5.8 4088s
 60164 48407 -213.53298  645  539          - -214.19449      -   6.2 4258s
 62914 50603 -213.45308  685  525          - -214.19449      -   6.6 4503s
 66027 52272 -213.39681  726  501          - -214.19449      -   7.1 4657s
 68734 55358 -213.34270  760  480          - -214.19449      -   7.6 4830s
 71997 58386 -213.24806  804  479          - -214.19449      -   8.1 4992s
 75025 61585 -213.13199  845  461          - -214.19449      -   8.7 5166s
 78224 65058 -213.07571  886  449          - -214.19449      -   9.4 5344s
 81697 68457 -212.95525  928  423          - -214.19449      -  10.1 5516s
 85096 71999 -212.85460  964  411          - -214.19449      -  10.9 5689s
 88638 75673 -212.67774 1005  401          - -214.19449      -  11.7 5856s
 92312 78962 -212.52529 1050  383          - -214.19449      -  12.6 6021s
 95601 83396 -212.39916 1086  365          - -214.19449      -  13.5 6225s
 100035 87670 -212.20944 1137  350          - -214.19449      -  14.7 6421s
 104309 89206 -211.92486 1190  329          - -214.19449      -  16.0 6511s
 105845 93477 -211.70262 1207  322          - -214.19449      -  16.4 6705s
 110116 97861 -211.32849 1261  304          - -214.19449      -  17.9 6882s
 114500 101675 -210.50608 1317  284          - -214.19449      -  19.6 8546s
 118318 105706 -209.61951 1375  253          - -214.19449      -  23.2 9992s
 122391 108513 infeasible 1382               - -214.19449      -  28.8 10800s

Explored 125228 nodes (3813396 simplex iterations) in 10800.09 seconds (3967.11 work units)
Thread count was 32 (of 192 available processors)

Solution count 0

Time limit reached
Best objective -, best bound -2.141944859680e+02, gap -

