Solver command line: ['/cvmfs/restricted.computecanada.ca/easybuild/software/2023/x86-64-v3/Core/gurobi/11.0.1/bin/gurobi.sh']

Set parameter TokenServer to value "license1.computecanada.ca"
Read LP format model from file /tmp/tmpxsy1i93k.pyomo.lp
Reading time = 0.08 seconds
x1: 500 rows, 500 columns, 250000 nonzeros
Set parameter TimeLimit to value 10800
Gurobi Optimizer version 11.0.1 build v11.0.1rc0 (linux64 - "AlmaLinux 9.6 (Sage Margay)")

CPU model: AMD EPYC 9655 96-Core Processor, instruction set [SSE2|AVX|AVX2|AVX512]
Thread count: 192 physical cores, 192 logical processors, using up to 32 threads

Optimize a model with 500 rows, 500 columns and 250000 nonzeros
Model fingerprint: 0xa8f6f1ad
Model has 500 quadratic objective terms
Variable types: 0 continuous, 500 integer (0 binary)
Coefficient statistics:
  Matrix range     [7e-07, 5e-01]
  Objective range  [2e-04, 1e-01]
  QObjective range [2e-05, 1e-02]
  Bounds range     [0e+00, 0e+00]
  RHS range        [4e-03, 1e+00]
Presolve time: 0.04s
Presolved: 500 rows, 500 columns, 250000 nonzeros
Presolved model has 500 quadratic objective terms
Variable types: 0 continuous, 500 integer (0 binary)

Root relaxation: objective -1.068005e+02, 298 iterations, 0.34 seconds (0.53 work units)

    Nodes    |    Current Node    |     Objective Bounds      |     Work
 Expl Unexpl |  Obj  Depth IntInf | Incumbent    BestBd   Gap | It/Node Time

     0     0 -106.80054    0  500          - -106.80054      -     -    0s
     0     0 -106.79875    0  500          - -106.79875      -     -    2s
     0     2 -106.79875    0  500          - -106.79875      -     -    7s
   127   160 -106.79517    7  494          - -106.79697      -   2.6   10s
   528  1102 -106.79197   15  487          - -106.79653      -   2.6   17s
  1101  2354 -106.78812   31  472          - -106.79648      -   2.5   22s
  2353  3965 -106.78125   63  450          - -106.79648      -   2.5   30s
  3964  5616 -106.76434  108  415          - -106.79648      -   2.7   37s
  5615  6745 -106.74825  156  382          - -106.79648      -   2.9   43s
  6744  8477 -106.72270  185  363          - -106.79648      -   3.2   51s
  8476 10289 -106.70598  232  337          - -106.79648      -   3.5   59s
 10288 12216 -106.66930  285  318          - -106.79648      -   3.7   67s
 12215 13765 -106.63929  334  284          - -106.79648      -   4.0   73s
 13764 15785 -106.58277  375  273          - -106.79648      -   4.5   81s
 15789 15789 -106.71687  184  500          - -106.79648      -   5.0   90s
 15948 15928 -106.78901   22  493          - -106.79248      -   5.0   95s
 16204 16098 -106.78360   26  489          - -106.79155      -   5.0  100s
 16576 16350 -106.77401   31  484          - -106.79155      -   4.9  106s
 16612 17011 -106.77056   34  481          - -106.79155      -   4.9  111s
 17285 17895 -106.75643   43  472          - -106.79155      -   4.8  119s
 18393 18666 -106.74110   57  458          - -106.79155      -   4.7  127s
 19533 19307 -106.72496   72  443          - -106.79155      -   4.6  134s
 20554 19950 -106.70836   86  429          - -106.79155      -   4.5  141s
 21538 20636 -106.69640  100  415          - -106.79155      -   4.4  148s
 22552 21291 -106.67909  115  400          - -106.79155      -   4.3  154s
 23545 21990 -106.67109  129  388          - -106.79155      -   4.3  161s
 24575 22701 -106.66141  143  376          - -106.79155      -   4.3  167s
 25629 23409 -106.64939  158  363          - -106.79155      -   4.3  174s
 26688 24042 -106.63702  174  354          - -106.79155      -   4.4  180s
 27674 24509 -106.63040  189  341          - -106.79155      -   4.5  186s
 28470 25385 -106.61426  202  327          - -106.79155      -   4.6  193s
 29611 26191 -106.59110  220  317          - -106.79155      -   4.7  199s
 30798 27151 -106.57389  238  309          - -106.79155      -   4.9  209s
 32153 27901 -106.54641  259  297          - -106.79155      -   5.1  215s
 33355 28750 -106.52878  277  287          - -106.79155      -   5.3  222s
 34605 29566 -106.49980  296  285          - -106.79155      -   5.5  228s
 35837 30360 -106.48208  314  277          - -106.79155      -   5.8  234s
 37042 31353 -106.46698  331  268          - -106.79155      -   6.1  241s
 38437 32335 -106.42619  351  264          - -106.79155      -   6.4  248s
 39884 33236 -106.41243  373  252          - -106.79155      -   6.8  254s
 41267 34139 -106.36909  394  244          - -106.79155      -   7.2  261s
 42631 35218 -106.33820  415  231          - -106.79155      -   7.6  268s
 44165 34816 -106.30196  436  228          - -106.79155      -   8.1  272s
 44274 36377 -106.29237  437  227          - -106.79155      -   8.2  279s
 45871 37467 -106.24746  460  218          - -106.79155      -   8.8  287s
 47494 38548 -106.20460  482  212          - -106.79155      -   9.4  294s
 49116 39689 -106.16207  504  201          - -106.79155      -  10.1  302s
 50797 40813 -106.06860  529  189          - -106.79155      -  10.9  308s
 52482 42001 -105.96954  554  182          - -106.79155      -  11.8  315s
 54231 43071 -105.88003  578  177          - -106.79155      -  12.7  321s
 55884 44351 -105.74532  604  164          - -106.79155      -  13.7  327s
 57715 45644 -105.39109  635  159          - -106.79155      -  14.9  333s
 59621 46934 -105.18118  667  141          - -106.79155      -  16.3  382s
 61616 48022 -104.67974  697  131          - -106.79155      -  18.0  437s
 63465 50972 infeasible  705               - -106.79155      -  20.0  494s
 67014 54760 -106.75792   87  429          - -106.79148      -  23.0  573s
 70850 55023 -106.62021  247  321          - -106.79148      -  26.5  650s
 71135 59082 -106.61417  252  320          - -106.79148      -  28.8  785s
 75324 64350 -106.45404  358  262          - -106.79148      -  34.2  888s
 80938 71273 -106.15393  473  232          - -106.79148      -  40.0 1000s
 88055 78627 -105.54814  555  202          - -106.79148      -  44.0 1114s
 95565 78879 -104.51184  647  173          - -106.79148      -  48.6 1243s
 95923 102318 -104.46746  650  170          - -106.79148      -  53.2 1835s
 119914 103193 infeasible  775               - -106.79148      -  70.6 1977s
 120809 122576 infeasible  776               - -106.79148      -  72.9 2151s
 140512 132599 infeasible  777               - -106.79148      -  70.2 2244s
 148000 132599 infeasible  706               - -106.79148      -  69.6 2245s
 150709 139655 infeasible  778               - -106.79148      -  69.7 2328s
 157809 146637  postponed  780               - -106.79148      -  70.3 2415s
 164897 153566 infeasible  780               - -106.79148      -  71.3 2517s
 171944 161170 -106.44573  254  306          - -106.79029      -  72.7 2627s
 179816 172113 -105.92441  394  248          - -106.79029      -  73.8 2735s
 190825 180384 -105.20244  499  215          - -106.79029      -  73.3 2848s
 199266 187707 -104.82430  564  188          - -106.79029      -  73.6 2963s
 206775 196078 -103.75860  638  171          - -106.79029      -  75.0 3087s
 215326 196577 -102.24701  725  144          - -106.79029      -  75.5 3187s
 215917 209918 -101.98827  730  146          - -106.79029      -  76.9 3305s
 229412 217693 infeasible  862               - -106.79029      -  75.3 3405s
 237297 228019 infeasible  863               - -106.79029      -  75.4 3530s
 247741 235278 -106.37753  254  310          - -106.78999      -  75.2 3644s
 255062 242441 -105.86260  370  256          - -106.78999      -  75.6 3757s
 262365 251518 -105.34839  445  247          - -106.78999      -  76.2 3871s
 271558 262200 -104.77626  516  223          - -106.78999      -  76.0 3992s
 282365 268768 -103.92063  594  201          - -106.78999      -  75.9 4096s
 289131 269154 -102.89492  661  185          - -106.78999      -  76.5 4190s
 289641 278730 -102.65620  669  184          - -106.78999      -  77.7 4322s
 299434 286248 -101.16121  738  161          - -106.78999      -  77.5 4431s
 307180 295823  -99.75451  798  135          - -106.78999      -  78.0 4565s
 316981 305441 -106.63642  119  403          - -106.78981      -  77.8 4668s
 326711 315055 -106.14488  301  291          - -106.78981      -  77.5 4786s
 336349 318850 -105.58959  401  251          - -106.78981      -  77.4 4882s
 340172 339228 -105.38129  437  248          - -106.78981      -  77.7 5077s
 360918 347566 -103.83091  612  185          - -106.78981      -  76.7 5235s
 369352 357592 -103.11667  669  173          - -106.78981      -  76.6 5340s
 379534 365409 -101.69264  741  146          - -106.78981      -  76.5 5518s
 387463 372312 -100.39597  807  123          - -106.78981      -  76.7 5635s
 394512 372742 -106.49922  204  339          - -106.78963      -  77.3 5747s
 395006 382291 -106.48909  210  333          - -106.78963      -  78.5 5900s
 404737 390697 -105.82144  387  255          - -106.78963      -  78.8 6073s
 413323 400739 -105.23071  483  228          - -106.78963      -  79.2 6193s
 423555 409182 -103.88458  595  200          - -106.78963      -  79.4 6339s
 432190 417076 -102.04394  683  169          - -106.78963      -  79.7 6449s
 440272 417508 -100.53866  758  145          - -106.78963      -  80.2 6556s
 440754 441868 -100.39213  761  146          - -106.78963      -  81.2 7344s
 465612 452641 -106.24424  277  303          - -106.78882      -  83.6 7508s
 476525 462999 -105.69007  391  256          - -106.78882      -  83.1 7617s
 487029 471283 -104.79064  499  224          - -106.78882      -  83.0 7761s
 495399 480169 -103.96533  583  205          - -106.78882      -  83.0 7874s
 504323 488761 -102.83611  660  177          - -106.78882      -  82.9 7973s
 513179 498316 -101.49598  727  154          - -106.78882      -  83.0 8087s
 522958 498700 infeasible  784               - -106.78868      -  83.1 8180s
 523448 507848 -106.78313   29  486          - -106.78868      -  83.9 8316s
 532956 517281 -106.16724  307  281          - -106.78868      -  84.0 8439s
 542607 526270 -105.39533  439  239          - -106.78868      -  83.9 8584s
 551710 535351 -104.39128  550  215          - -106.78868      -  84.0 8709s
 560945 535915 -103.07422  644  187          - -106.78868      -  84.3 8842s
 561537 549867 -103.02881  648  188          - -106.78868      -  85.1 8989s
 575679 560605 -100.58504  760  151          - -106.78868      -  84.6 9108s
 586579 567585  -97.78796  857  127          - -106.78868      -  84.4 9235s
 593791 575622 -106.47496  203  348          - -106.78852      -  84.5 9387s
 602084 584340 -105.88219  374  261          - -106.78852      -  84.6 9525s
 610896 593493 -104.88679  503  227          - -106.78852      -  84.7 9669s
 620209 594026 -104.09801  598  194          - -106.78852      -  84.8 9796s
 620788 605915 -104.03162  603  192          - -106.78852      -  85.5 9956s
 632959 614116 -102.75092  691  172          - -106.78852      -  85.5 10130s
 641414 623434 -101.28596  761  159          - -106.78852      -  85.8 10275s
 650878 633698 -100.38984  808  140          - -106.78852      -  85.9 10420s
 661378 643471 2.7068e+08  903  125          - -106.78852      -  85.8 10533s
 671341 654033  postponed  902               - -106.78852      -  85.5 10653s
 682049 654435  -95.69443  902  124          - -106.78852      -  85.2 10740s
 682521 663840  -95.69443  903  123          - -106.78852      -  85.5 10800s

Explored 692056 nodes (58721118 simplex iterations) in 10800.06 seconds (10231.61 work units)
Thread count was 32 (of 192 available processors)

Solution count 0

Time limit reached
Best objective -, best bound -1.067885243536e+02, gap -

