Solver command line: ['/cvmfs/restricted.computecanada.ca/easybuild/software/2023/x86-64-v3/Core/gurobi/11.0.1/bin/gurobi.sh']

Set parameter TokenServer to value "license1.computecanada.ca"
Read LP format model from file /tmp/tmph_f5ag0y.pyomo.lp
Reading time = 0.32 seconds
x1: 1000 rows, 1000 columns, 1000000 nonzeros
Set parameter TimeLimit to value 10800
Gurobi Optimizer version 11.0.1 build v11.0.1rc0 (linux64 - "AlmaLinux 9.6 (Sage Margay)")

CPU model: AMD EPYC 9655 96-Core Processor, instruction set [SSE2|AVX|AVX2|AVX512]
Thread count: 192 physical cores, 192 logical processors, using up to 32 threads

Optimize a model with 1000 rows, 1000 columns and 1000000 nonzeros
Model fingerprint: 0xdae6664c
Model has 1000 quadratic objective terms
Variable types: 0 continuous, 1000 integer (0 binary)
Coefficient statistics:
  Matrix range     [3e-07, 5e-01]
  Objective range  [9e-05, 1e-01]
  QObjective range [2e-05, 1e-02]
  Bounds range     [0e+00, 0e+00]
  RHS range        [1e-03, 1e+00]
Presolve time: 0.15s
Presolved: 1000 rows, 1000 columns, 1000000 nonzeros
Presolved model has 1000 quadratic objective terms
Variable types: 0 continuous, 1000 integer (0 binary)

Root simplex log...

Iteration    Objective       Primal Inf.    Dual Inf.      Time
     562   -2.1345229e+02   0.000000e+00   0.000000e+00      5s

Root relaxation: objective -2.134523e+02, 562 iterations, 4.38 seconds (3.69 work units)

    Nodes    |    Current Node    |     Objective Bounds      |     Work
 Expl Unexpl |  Obj  Depth IntInf | Incumbent    BestBd   Gap | It/Node Time

     0     0 -213.45229    0 1000          - -213.45229      -     -    5s
     0     0 -213.45157    0 1000          - -213.45157      -     -    6s
     0     2 -213.45156    0 1000          - -213.45156      -     -   51s
     7    16 -213.44829    3  997          - -213.45106      -   2.7   56s
    31    64 -213.44672    5  995          - -213.45019      -   2.7   62s
    95   128 -213.44459    6  994          - -213.44999      -   2.6   68s
   127   160 -213.44659    7  993          - -213.44999      -   2.8   72s
   159   192 -213.44503    7  993          - -213.44989      -   2.7   76s
   223   256 -213.44613    8  992          - -213.44989      -   2.8   83s
   255   288 -213.44579    9  991          - -213.44989      -   2.9   87s
   287   384 -213.44544    9  991          - -213.44974      -   3.0   97s
   383   501 -213.44545   11  989          - -213.44974      -   2.9  110s
   500   787 -213.44246   13  987          - -213.44940      -   2.9  135s
   786  1602 -213.44001   21  981          - -213.44920      -   2.8  191s
  1601  3628 -213.43502   48  958          - -213.44920      -   3.3  315s
  3627  5618 -213.42369  107  913          - -213.44920      -   2.9  425s
  5617  7606 -213.40375  163  872          - -213.44920      -   2.9  541s
  7605  9761 -213.38200  226  822          - -213.44920      -   2.9  651s
  9760 11924 -213.35327  283  789          - -213.44920      -   3.0  755s
 11923 14120 -213.33723  347  746          - -213.44920      -   3.1  866s
 14119 16084 -213.29885  418  705          - -213.44920      -   3.3  958s
 16084 16085 -213.37522  244 1000          - -213.44920      -   3.4  972s
 16086 16086 -213.44032   19 1000          - -213.44920      -   3.4  978s
 16088 16088 -213.35969  288 1000          - -213.44920      -   3.4 1027s
 16089 16091 -213.44920   15  999          - -213.44920      -   3.4 1036s
 16103 16115 -213.44504   18  996          - -213.44760      -   3.4 1042s
 16119 16141 -213.44345   19  995          - -213.44630      -   3.4 1045s
 16183 16184 -213.44146   20  994          - -213.44339      -   3.4 1052s
 16215 16205 -213.44081   21  993          - -213.44326      -   3.4 1056s
 16247 16227 -213.43986   21  993          - -213.44251      -   3.4 1060s
 16311 16269 -213.43844   22  992          - -213.44166      -   3.4 1068s
 16343 16291 -213.43867   23  991          - -213.44166      -   3.4 1071s
 16375 16312 -213.43677   23  991          - -213.44146      -   3.4 1075s
 16439 16355 -213.43667   24  990          - -213.44146      -   3.4 1083s
 16471 16376 -213.43647   25  989          - -213.44146      -   3.4 1087s
 16503 16397 -213.43508   25  989          - -213.44146      -   3.4 1092s
 16535 16419 -213.43544   26  988          - -213.44146      -   3.4 1096s
 16567 16440 -213.43429   26  988          - -213.44146      -   3.4 1100s
 16631 16751 -213.43308   27  987          - -213.44146      -   3.4 1135s
 16931 17344 -213.42802   32  982          - -213.44146      -   3.4 1183s
 17624 19964 -213.41582   42  972          - -213.44146      -   3.4 1378s
 20475 19059 -213.37196   79  935          - -213.44146      -   3.2 1393s
 20521 20772 -213.37154   80  934          - -213.44146      -   3.2 1506s
 22249 21803 -213.35154  102  912          - -213.44146      -   3.2 1617s
 23856 23142 -213.33365  123  891          - -213.44146      -   3.2 1743s
 25731 24386 -213.31317  149  865          - -213.44146      -   3.1 1868s
 27600 25153 -213.29904  174  841          - -213.44146      -   3.1 1959s
 28990 26682 -213.28177  193  821          - -213.44146      -   3.2 2096s
 30982 28428 -213.26182  221  799          - -213.44146      -   3.2 2268s
 33392 29568 -213.22468  257  764          - -213.44146      -   3.4 2389s
 35335 30882 -213.20244  284  743          - -213.44146      -   3.5 2513s
 37297 32236 -213.17620  314  718          - -213.44146      -   3.6 2641s
 39305 33490 -213.15043  344  696          - -213.44146      -   3.8 2760s
 41228 34988 -213.12269  372  674          - -213.44146      -   4.0 2895s
 43367 36055 -213.08399  405  651          - -213.44146      -   4.2 3001s
 45147 37847 -213.06352  431  637          - -213.44146      -   4.5 3137s
 47533 39483 -213.02303  467  618          - -213.44146      -   4.8 3273s
 49964 41152 -212.98750  503  594          - -213.44146      -   5.1 3426s
 52443 42902 -212.94597  538  575          - -213.44146      -   5.5 3573s
 55020 44264 -212.89495  575  562          - -213.44146      -   5.9 3691s
 57241 46311 -212.84167  609  532          - -213.44146      -   6.2 3846s
 60028 48342 -212.76017  650  523          - -213.44146      -   6.7 4062s
 62988 50238 -212.70369  693  507          - -213.44146      -   7.2 4206s
 65871 52121 -212.64043  736  489          - -213.44146      -   7.7 4334s
 68208 55565 -212.56442  771  476          - -213.44146      -   8.1 4502s
 71652 59064 -212.46690  822  470          - -213.44146      -   8.8 4674s
 75151 62702 -212.38365  874  442          - -213.44146      -   9.5 4847s
 78789 66335 -212.26874  923  426          - -213.44146      -  10.2 5011s
 82422 68578 -212.15236  970  408          - -213.44146      -  11.0 5121s
 84665 72619 -212.07352  999  399          - -213.44146      -  11.6 5305s
 88706 76557 -211.96150 1048  381          - -213.44146      -  12.6 5482s
 92644 79996 -211.82694 1095  369          - -213.44146      -  13.7 5636s
 96083 84466 -211.72877 1135  351          - -213.44146      -  14.7 5833s
 100553 88756 -211.50084 1187  340          - -213.44146      -  16.1 6008s
 104843 92222 -211.10201 1236  329          - -213.44146      -  17.5 6154s
 108309 96095 -210.84148 1279  317          - -213.44146      -  18.8 6298s
 112182 100214 -210.62921 1325  291          - -213.44146      -  20.4 6557s
 116309 101176 -209.84537 1381  265          - -213.44146      -  22.3 6934s
 117311 105427 -209.38399 1398  263          - -213.44146      -  23.3 8108s
 121658 108494 -208.61451 1429  242          - -213.44146      -  27.0 9361s
 124765 125240 -208.61168 1430  241          - -213.44146      -  31.2 10800s

Explored 141535 nodes (5337203 simplex iterations) in 10800.12 seconds (5863.49 work units)
Thread count was 32 (of 192 available processors)

Solution count 0

Time limit reached
Best objective -, best bound -2.134414553853e+02, gap -

