Solver command line: ['/cvmfs/restricted.computecanada.ca/easybuild/software/2023/x86-64-v3/Core/gurobi/11.0.1/bin/gurobi.sh']

Set parameter TokenServer to value "license1.computecanada.ca"
Read LP format model from file /tmp/tmpncjk6sn4.pyomo.lp
Reading time = 0.31 seconds
x1: 1000 rows, 1000 columns, 1000000 nonzeros
Set parameter TimeLimit to value 10800
Gurobi Optimizer version 11.0.1 build v11.0.1rc0 (linux64 - "AlmaLinux 9.6 (Sage Margay)")

CPU model: AMD EPYC 9655 96-Core Processor, instruction set [SSE2|AVX|AVX2|AVX512]
Thread count: 192 physical cores, 192 logical processors, using up to 32 threads

Optimize a model with 1000 rows, 1000 columns and 1000000 nonzeros
Model fingerprint: 0x52a133ba
Model has 1000 quadratic objective terms
Variable types: 0 continuous, 1000 integer (0 binary)
Coefficient statistics:
  Matrix range     [3e-07, 5e-01]
  Objective range  [9e-05, 1e-01]
  QObjective range [2e-05, 1e-02]
  Bounds range     [0e+00, 0e+00]
  RHS range        [1e-03, 1e+00]
Presolve time: 0.15s
Presolved: 1000 rows, 1000 columns, 1000000 nonzeros
Presolved model has 1000 quadratic objective terms
Variable types: 0 continuous, 1000 integer (0 binary)

Root relaxation: objective -2.140418e+02, 572 iterations, 4.17 seconds (3.74 work units)

    Nodes    |    Current Node    |     Objective Bounds      |     Work
 Expl Unexpl |  Obj  Depth IntInf | Incumbent    BestBd   Gap | It/Node Time

     0     0 -214.04181    0 1000          - -214.04181      -     -    4s
     0     0 -214.04032    0 1000          - -214.04032      -     -    6s
     0     2 -214.04012    0 1000          - -214.04012      -     -   52s
     3     8 -214.04012    2  998          - -214.04012      -   2.7   56s
    15    32 -214.03788    4  996          - -214.04012      -   2.7   61s
    63    96 -214.03735    6  994          - -214.03942      -   2.7   66s
    95   128 -214.03659    6  994          - -214.03942      -   2.7   70s
   159   192 -214.03553    7  993          - -214.03932      -   2.7   78s
   191   224 -214.03728    8  992          - -214.03932      -   2.8   82s
   223   256 -214.03539    8  992          - -214.03932      -   2.7   86s
   255   288 -214.03721    9  991          - -214.03932      -   2.8   90s
   287   384 -214.03604    9  991          - -214.03928      -   2.8  100s
   383   513 -214.03653   11  989          - -214.03928      -   2.8  114s
   512   791 -214.03499   13  987          - -214.03928      -   2.9  139s
   790  1647 -214.03443   21  979          - -214.03928      -   2.8  196s
  1646  3782 -214.02720   44  957          - -214.03928      -   2.7  320s
  3781  5772 -214.01370  102  913          - -214.03928      -   2.7  432s
  5771  7667 -213.99976  157  869          - -214.03928      -   2.8  535s
  7666  9716 -213.98319  214  835          - -214.03928      -   2.9  640s
  9715 11855 -213.95981  272  792          - -214.03928      -   3.0  745s
 11854 14091 -213.94311  339  749          - -214.03928      -   3.2  852s
 14090 16352 -213.91082  405  715          - -214.03928      -   3.3  960s
 16352 16353 -214.00036  159 1000          - -214.03928      -   3.5  975s
 16354 16354 -213.94892  310 1000          - -214.03928      -   3.5  982s
 16356 16356 -214.03479   11 1000          - -214.03928      -   3.5 1054s
 16357 16359 -214.03928   15  999          - -214.03928      -   3.5 1059s
 16359 16363 -214.03897   16  998          - -214.03900      -   3.5 1061s
 16371 16383 -214.03597   18  996          - -214.03665      -   3.5 1065s
 16419 16431 -214.03290   20  993          - -214.03405      -   3.5 1071s
 16451 16452 -214.03224   20  994          - -214.03402      -   3.5 1075s
 16515 16495 -214.03089   21  993          - -214.03253      -   3.5 1084s
 16547 16516 -214.03051   22  992          - -214.03216      -   3.5 1098s
 16579 16537 -214.02889   22  992          - -214.03216      -   3.5 1102s
 16611 16559 -214.02920   23  991          - -214.03216      -   3.5 1106s
 16643 16580 -214.02828   23  991          - -214.03216      -   3.5 1110s
 16707 16623 -214.02707   24  990          - -214.03216      -   3.5 1117s
 16739 16644 -214.02655   25  989          - -214.03216      -   3.5 1121s
 16771 16665 -214.02631   25  989          - -214.03216      -   3.5 1126s
 16803 16687 -214.02501   26  988          - -214.03216      -   3.5 1130s
 16868 16734 -214.02392   27  987          - -214.03216      -   3.5 1140s
 16904 17074 -214.02308   27  987          - -214.03216      -   3.5 1179s
 17256 17890 -214.01552   32  982          - -214.03216      -   3.4 1242s
 18189 20372 -213.99843   46  968          - -214.03216      -   3.4 1447s
 20982 21116 -213.95963   82  932          - -214.03216      -   3.3 1568s
 22657 22449 -213.94207  104  910          - -214.03216      -   3.2 1703s
 24549 23690 -213.91923  129  885          - -214.03216      -   3.2 1837s
 26420 24172 -213.89716  154  860          - -214.03216      -   3.2 1910s
 27526 25735 -213.88289  171  843          - -214.03216      -   3.2 2042s
 29458 27018 -213.85828  198  817          - -214.03216      -   3.2 2174s
 31385 28716 -213.83170  226  791          - -214.03216      -   3.3 2349s
 33725 29806 -213.79982  260  761          - -214.03216      -   3.4 2478s
 35595 31136 -213.77329  287  742          - -214.03216      -   3.5 2607s
 37548 32446 -213.74821  315  717          - -214.03216      -   3.6 2731s
 39509 33868 -213.72576  345  701          - -214.03216      -   3.8 2862s
 41585 35092 -213.70420  376  675          - -214.03216      -   4.0 2982s
 43501 36647 -213.67624  405  660          - -214.03216      -   4.2 3114s
 45695 37702 -213.63736  438  639          - -214.03216      -   4.5 3223s
 47481 39508 -213.61512  464  622          - -214.03216      -   4.7 3365s
 49882 41147 -213.57181  498  613          - -214.03216      -   5.1 3512s
 52322 42876 -213.53440  531  604          - -214.03216      -   5.4 3660s
 54864 44656 -213.49240  569  595          - -214.03216      -   5.8 3814s
 57491 43893 -213.42893  606  565          - -214.03216      -   6.2 3840s
 57604 46486 -213.43181  608  569          - -214.03216      -   6.2 3983s
 60235 48703 -213.38958  646  563          - -214.03216      -   6.6 4201s
 63329 50533 -213.32691  691  534          - -214.03216      -   7.2 4353s
 66190 53013 -213.24615  731  515          - -214.03216      -   7.7 4519s
 69368 56272 -213.15398  777  495          - -214.03216      -   8.3 4687s
 72627 59309 -213.07810  820  485          - -214.03216      -   8.9 4838s
 75664 62807 -213.02325  863  463          - -214.03216      -   9.5 5014s
 79162 66259 -212.93073  912  441          - -214.03216      -  10.3 5179s
 82614 69813 -212.82387  957  420          - -214.03216      -  11.0 5344s
 86168 73497 -212.75913 1002  409          - -214.03216      -  11.9 5516s
 89852 76878 -212.59471 1045  395          - -214.03216      -  12.8 5687s
 93233 81219 -212.52392 1086  376          - -214.03216      -  13.7 5879s
 97574 85551 -212.35895 1137  357          - -214.03216      -  15.0 6076s
 101906 89588 -212.05765 1188  342          - -214.03216      -  16.3 6240s
 105943 92830 -211.95733 1238  314          - -214.03216      -  17.7 6370s
 109185 96921 -211.57736 1281  305          - -214.03216      -  18.9 6519s
 113280 100593 -211.14756 1332  280          - -214.03216      -  20.6 8068s
 117026 100854 infeasible 1379               - -214.03216      -  23.4 9275s
 117353 105889 -209.24118 1384  268          - -214.03170      -  25.1 10800s

Explored 122456 nodes (3406151 simplex iterations) in 10800.06 seconds (3992.96 work units)
Thread count was 32 (of 192 available processors)

Solution count 0

Time limit reached
Best objective -, best bound -2.140317004274e+02, gap -

