Solver command line: ['/cvmfs/restricted.computecanada.ca/easybuild/software/2023/x86-64-v3/Core/gurobi/11.0.1/bin/gurobi.sh']

Set parameter TokenServer to value "license1.computecanada.ca"
Read LP format model from file /tmp/tmp3bmh97e_.pyomo.lp
Reading time = 0.00 seconds
x1: 20 rows, 20 columns, 400 nonzeros
Set parameter TimeLimit to value 10800
Gurobi Optimizer version 11.0.1 build v11.0.1rc0 (linux64 - "AlmaLinux 9.6 (Sage Margay)")

CPU model: AMD EPYC 9655 96-Core Processor, instruction set [SSE2|AVX|AVX2|AVX512]
Thread count: 192 physical cores, 192 logical processors, using up to 32 threads

Optimize a model with 20 rows, 20 columns and 400 nonzeros
Model fingerprint: 0x547eadd4
Model has 20 quadratic objective terms
Variable types: 0 continuous, 20 integer (0 binary)
Coefficient statistics:
  Matrix range     [8e-05, 3e-01]
  Objective range  [6e-03, 9e-02]
  QObjective range [4e-04, 9e-03]
  Bounds range     [0e+00, 0e+00]
  RHS range        [1e-02, 1e+00]
Found heuristic solution: objective 389.3661739
Presolve time: 0.00s
Presolved: 20 rows, 20 columns, 400 nonzeros
Presolved model has 20 quadratic objective terms
Variable types: 0 continuous, 20 integer (0 binary)
Found heuristic solution: objective 285.9436175

Root relaxation: objective -5.426569e+00, 13 iterations, 0.00 seconds (0.00 work units)

    Nodes    |    Current Node    |     Objective Bounds      |     Work
 Expl Unexpl |  Obj  Depth IntInf | Incumbent    BestBd   Gap | It/Node Time

     0     0   -5.42657    0   20  285.94362   -5.42657   102%     -    0s
H    0     0                      -4.2516253   -5.42657  27.6%     -    0s
H    0     0                      -5.2052554   -5.42657  4.25%     -    0s
H    0     0                      -5.2703723   -5.42657  2.96%     -    0s
     0     0   -5.42413    0   20   -5.27037   -5.42413  2.92%     -    0s
H    0     0                      -5.3007986   -5.42413  2.33%     -    0s
H    0     2                      -5.3078720   -5.42413  2.19%     -    0s
     0     2   -5.42413    0   20   -5.30787   -5.42413  2.19%     -    0s
H   18    32                      -5.3368972   -5.42153  1.59%   1.9    0s
H   20    32                      -5.3418644   -5.42144  1.49%   1.9    0s
H11443  5396                      -5.3523317   -5.41319  1.14%   4.0    0s
H12530  5053                      -5.3672657   -5.41270  0.85%   4.1    0s
H211425 36788                      -5.3759629   -5.39141  0.29%   4.0    2s

Explored 338389 nodes (1311538 simplex iterations) in 3.02 seconds (0.65 work units)
Thread count was 32 (of 192 available processors)

Solution count 10: -5.37596 -5.36727 -5.35233 ... -4.25163
No other solutions better than -5.37596

Optimal solution found (tolerance 1.00e-04)
Best objective -5.375962910955e+00, best bound -5.375962910955e+00, gap 0.0000%

