Solver command line: ['/cvmfs/restricted.computecanada.ca/easybuild/software/2023/x86-64-v3/Core/gurobi/11.0.1/bin/gurobi.sh']

Set parameter TokenServer to value "license1.computecanada.ca"
Read LP format model from file /tmp/tmpegvcd5f2.pyomo.lp
Reading time = 0.08 seconds
x1: 500 rows, 500 columns, 250000 nonzeros
Set parameter TimeLimit to value 10800
Gurobi Optimizer version 11.0.1 build v11.0.1rc0 (linux64 - "AlmaLinux 9.6 (Sage Margay)")

CPU model: AMD EPYC 9655 96-Core Processor, instruction set [SSE2|AVX|AVX2|AVX512]
Thread count: 192 physical cores, 192 logical processors, using up to 32 threads

Optimize a model with 500 rows, 500 columns and 250000 nonzeros
Model fingerprint: 0x1be94ca9
Model has 500 quadratic objective terms
Variable types: 0 continuous, 500 integer (0 binary)
Coefficient statistics:
  Matrix range     [7e-07, 5e-01]
  Objective range  [2e-04, 1e-01]
  QObjective range [2e-05, 1e-02]
  Bounds range     [0e+00, 0e+00]
  RHS range        [2e-03, 1e+00]
Presolve time: 0.03s
Presolved: 500 rows, 500 columns, 250000 nonzeros
Presolved model has 500 quadratic objective terms
Variable types: 0 continuous, 500 integer (0 binary)

Root relaxation: objective -1.067365e+02, 282 iterations, 0.28 seconds (0.50 work units)

    Nodes    |    Current Node    |     Objective Bounds      |     Work
 Expl Unexpl |  Obj  Depth IntInf | Incumbent    BestBd   Gap | It/Node Time

     0     0 -106.73651    0  500          - -106.73651      -     -    0s
     0     0 -106.73477    0  500          - -106.73477      -     -    2s
     0     2 -106.73477    0  500          - -106.73477      -     -    6s
   159   192 -106.72804    7  494          - -106.73372      -   2.4   10s
   529  1021 -106.72666   14  489          - -106.73270      -   2.6   17s
  1020  2096 -106.72338   30  475          - -106.73270      -   2.5   23s
  2095  3523 -106.71309   59  454          - -106.73270      -   2.5   31s
  3522  4921 -106.70190   97  424          - -106.73270      -   2.6   38s
  4920  6386 -106.68981  142  393          - -106.73270      -   2.7   45s
  6385  7850 -106.67098  184  368          - -106.73270      -   2.8   53s
  7849  9370 -106.65284  234  339          - -106.73270      -   3.0   59s
  9369 10736 -106.63426  279  314          - -106.73270      -   3.3   66s
 10735 12041 -106.59534  313  312          - -106.73270      -   3.5   71s
 12040 13724 -106.58350  353  291          - -106.73270      -   3.8   77s
 13723 15374 -106.53806  406  266          - -106.73270      -   4.2   84s
 15374 15375 -106.72239   26  500          - -106.73270      -   4.7   86s
 15378 15378 -106.57831  318  500          - -106.73270      -   4.7   92s
 15393 15405 -106.72961   19  496          - -106.73119      -   4.7   95s
 15729 15645 -106.72426   25  490          - -106.72599      -   4.7  100s
 15896 16088 -106.72017   29  486          - -106.72599      -   4.7  105s
 16305 16781 -106.71065   37  478          - -106.72599      -   4.6  114s
 17089 17870 -106.69822   47  468          - -106.72599      -   4.5  124s
 18440 18548 -106.67470   66  449          - -106.72599      -   4.4  132s
 19568 19209 -106.66156   80  435          - -106.72599      -   4.3  139s
 20605 19885 -106.65037   94  421          - -106.72599      -   4.2  145s
 21627 20582 -106.63613  109  408          - -106.72599      -   4.1  152s
 22664 21274 -106.62560  123  394          - -106.72599      -   4.1  158s
 23702 21908 -106.61154  138  381          - -106.72599      -   4.1  165s
 24682 22658 -106.59861  152  370          - -106.72599      -   4.1  172s
 25759 23387 -106.58615  167  357          - -106.72599      -   4.2  178s
 26847 24122 -106.57142  184  345          - -106.72599      -   4.2  185s
 27944 24790 -106.55544  201  338          - -106.72599      -   4.4  192s
 28978 25528 -106.54022  216  324          - -106.72599      -   4.5  199s
 30061 26547 -106.52571  232  315          - -106.72599      -   4.7  208s
 31441 27295 -106.50227  253  302          - -106.72599      -   4.9  214s
 32649 28097 -106.48643  272  294          - -106.72599      -   5.1  221s
 33853 28906 -106.46344  290  282          - -106.72599      -   5.3  228s
 35064 29925 -106.44190  308  273          - -106.72599      -   5.5  234s
 36486 30911 -106.41307  329  269          - -106.72599      -   5.8  241s
 37946 31865 -106.39783  351  269          - -106.72599      -   6.1  248s
 39387 32708 -106.36568  373  257          - -106.72599      -   6.5  254s
 40710 33815 -106.32382  394  240          - -106.72599      -   6.9  262s
 42258 34862 -106.29636  419  239          - -106.72599      -   7.3  269s
 43821 35882 -106.19898  443  229          - -106.72599      -   7.8  276s
 45362 36983 -106.17541  464  218          - -106.72599      -   8.3  284s
 46977 36530 -106.11707  486  214          - -106.72599      -   9.0  287s
 47062 38012 -106.12230  486  211          - -106.72599      -   9.0  295s
 48573 39229 -106.06604  507  201          - -106.72599      -   9.6  301s
 50293 40414 -105.98274  530  205          - -106.72599      -  10.4  309s
 52052 41559 -105.92531  557  182          - -106.72599      -  11.3  315s
 53783 42849 -105.82589  581  178          - -106.72599      -  12.2  322s
 55650 44190 -105.53814  609  171          - -106.72599      -  13.2  329s
 57613 45544 -105.54413  638  156          - -106.72599      -  14.3  336s
 59644 46854 -105.13424  668  144          - -106.72599      -  15.6  418s
 61733 50163  postponed  683               - -106.72599      -  17.4  489s
 65718 55098 infeasible  684               - -106.72599      -  20.6  575s
 70701 55399 infeasible  686               - -106.72599      -  23.7  705s
 71024 61266 infeasible  684               - -106.72599      -  24.5  787s
 77057 67130 -106.66615  137  391          - -106.72583      -  26.7  870s
 83195 72787 -106.50206  308  291          - -106.72583      -  29.2  967s
 89180 78362 -106.28513  423  246          - -106.72583      -  32.2 1059s
 94911 87678 -105.99574  499  218          - -106.72583      -  34.1 1153s
 104363 96076 -105.56469  570  181          - -106.72583      -  35.6 1245s
 112915 103736 -105.10544  629  162          - -106.72583      -  36.6 1353s
 120681 110081 -104.44689  691  134          - -106.72583      -  37.5 1441s
 127114 111500 infeasible  756               - -106.72583      -  38.4 1517s
 128601 120700 -106.67993   70  447          - -106.72578      -  39.1 1601s
 137927 127074 -106.35892  272  300          - -106.72578      -  39.9 1681s
 144519 134245 -106.04184  357  263          - -106.72578      -  41.3 1769s
 151934 140351 -105.68161  438  244          - -106.72578      -  42.7 1860s
 158238 148511 -105.31663  500  219          - -106.72578      -  43.7 1947s
 166564 155584 -104.75300  553  208          - -106.72578      -  44.7 2038s
 173845 163007 -104.03453  606  188          - -106.72578      -  45.9 2135s
 181420 163310 -103.24963  651  174          - -106.72578      -  47.0 2224s
 181775 190039 -103.18088  652  177          - -106.72578      -  48.7 2608s
 208860 202009  -96.05244  820  128          - -106.72578      -  52.1 2704s
 221278 202646 -106.35268  266  310          - -106.72559      -  51.7 2775s
 221961 231488 -106.33006  275  303          - -106.72559      -  52.0 2957s
 251216 239490 -104.63564  522  214          - -106.72559      -  50.7 3050s
 259524 246846 -104.06191  565  207          - -106.72559      -  50.7 3141s
 266994 253969 -103.51830  613  199          - -106.72559      -  50.7 3239s
 274343 261317 -102.74534  653  175          - -106.72559      -  50.6 3339s
 281723 269754 -102.04392  703  167          - -106.72559      -  50.6 3424s
 290430 276174 -100.55077  774  140          - -106.72559      -  50.5 3517s
 296858 283793 infeasible  806               - -106.72559      -  50.6 3611s
 304631 290372  postponed  822               - -106.72559      -  50.5 3693s
 311378 290952 infeasible  829               - -106.72559      -  50.6 3762s
 312008 318699 -106.71137   37  481          - -106.72522      -  50.7 4021s
 340393 326601 -105.88151  376  267          - -106.72522      -  50.2 4127s
 348447 333753 -105.49463  443  244          - -106.72522      -  50.2 4235s
 355663 341521 -104.99722  503  213          - -106.72522      -  50.4 4357s
 363607 350812 -104.29267  552  209          - -106.72522      -  50.6 4468s
 373098 358782 -103.59389  599  196          - -106.72522      -  50.5 4578s
 381320 367454 -102.69995  652  178          - -106.72522      -  50.5 4678s
 390032 375791 -102.25474  684  165          - -106.72522      -  50.5 4777s
 398507 376181 -101.63654  713  154          - -106.72522      -  50.3 4858s
 398931 385074 -101.62821  713  150          - -106.72522      -  50.4 4983s
 407926 394278  -99.97240  757  142          - -106.72522      -  50.2 5074s
 417292 399421  -97.68154  801  139          - -106.72522      -  49.9 5150s
 422615 405593  -96.56108  816  132          - -106.72522      -  50.0 5232s
 428889 411237 infeasible  821               - -106.72522      -  49.9 5308s
 434583 417866 infeasible  822               - -106.72522      -  49.9 5388s
 441398 425739 -106.51638  176  355          - -106.72479      -  49.9 5482s
 449399 434955 -106.19016  292  298          - -106.72479      -  50.0 5572s
 458733 442097 -105.80271  378  265          - -106.72479      -  49.7 5658s
 465897 448369 -105.40817  433  242          - -106.72479      -  49.6 5681s
 472235 457121 -105.10727  467  229          - -106.72479      -  49.4 5769s
 481209 462794 -104.56957  520  222          - -106.72479      -  49.3 5849s
 487012 468397 -104.07542  556  214          - -106.72479      -  49.2 5874s
 492715 470312 -103.54547  588  199          - -106.72479      -  49.1 5887s
 494720 476371 -103.44319  598  200          - -106.72479      -  49.0 5937s
 500903 482350 -102.91894  633  195          - -106.72479      -  49.0 6037s
 507034 491046 -101.71400  680  177          - -106.72479      -  48.9 6123s
 515848 495562 -101.36276  707  174          - -106.72479      -  48.7 6203s
 520439 500813 -101.02191  733  162          - -106.72479      -  48.8 6309s
 525736 507132 -100.21619  760  154          - -106.72479      -  48.8 6407s
 532141 514083  -98.85756  791  151          - -106.72479      -  49.0 6511s
 539224 514460  -97.43882  824  141          - -106.72479      -  49.1 6610s
 539691 542857  -97.55364  828  138          - -106.72479      -  49.3 6881s
 568946 550739 -105.96942  342  274          - -106.72443      -  49.3 7001s
 577048 560504 -105.64859  396  250          - -106.72443      -  49.4 7162s
 586923 569167 -105.02614  473  232          - -106.72443      -  49.4 7283s
 595919 577862 -104.48014  524  217          - -106.72443      -  49.3 7399s
 604759 586280 -103.63361  580  206          - -106.72443      -  49.1 7508s
 613231 586645 -102.42036  633  197          - -106.72443      -  49.0 7618s
 613602 594255 -102.39455  633  201          - -106.72443      -  49.1 7735s
 621378 601386 -101.55409  667  189          - -106.72443      -  49.0 7848s
 628517 608714  -99.75254  719  174          - -106.72443      -  49.0 7979s
 635927 616548  -96.63289  773  158          - -106.72443      -  49.0 8121s
 643917 623190 -106.58939  110  412          - -106.72425      -  49.0 8249s
 650669 629867 -106.29579  231  323          - -106.72425      -  49.0 8374s
 657542 636865 -106.06850  299  295          - -106.72425      -  49.0 8502s
 664664 643758 -105.65952  365  271          - -106.72425      -  49.1 8633s
 671609 651691 -105.20049  419  255          - -106.72425      -  49.1 8770s
 679698 659084 -104.58877  482  235          - -106.72425      -  49.1 8900s
 687129 659479 -104.07745  521  236          - -106.72425      -  49.2 9025s
 687552 667598 -103.95457  531  225          - -106.72425      -  49.3 9154s
 696036 676543 -103.27848  580  221          - -106.72425      -  49.4 9289s
 705029 683486 -102.22236  639  207          - -106.72425      -  49.4 9432s
 712084 692452 -100.81116  695  188          - -106.72425      -  49.4 9566s
 721204 700139  -99.76475  741  179          - -106.72425      -  49.5 9664s
 729113 708568  -98.50935  773  171          - -106.72425      -  49.5 9763s
 737584 716504  -96.52173  825  158          - -106.72425      -  49.6 9858s
 745654 724279  -91.31481  881  149          - -106.72425      -  49.6 9945s
 753619 727530 -106.36650  212  331          - -106.72402      -  49.5 10027s
 756922 735942 -106.18356  262  305          - -106.72402      -  49.5 10118s
 765384 742969 -105.70908  353  274          - -106.72402      -  49.5 10209s
 772459 750696 -105.16716  413  258          - -106.72402      -  49.5 10351s
 780500 758578 -104.65550  472  251          - -106.72402      -  49.5 10442s
 788490 765554 -104.11555  516  234          - -106.72402      -  49.5 10514s
 795628 771954 -103.46267  565  225          - -106.72402      -  49.4 10614s
 802092 772370 -102.65152  615  215          - -106.72402      -  49.4 10717s
 802514 796116 -102.64391  616  213          - -106.72402      -  49.6 10800s

Explored 826738 nodes (40738212 simplex iterations) in 10800.23 seconds (12092.22 work units)
Thread count was 32 (of 192 available processors)

Solution count 0

Time limit reached
Best objective -, best bound -1.067240155963e+02, gap -

