Solver command line: ['/cvmfs/restricted.computecanada.ca/easybuild/software/2023/x86-64-v3/Core/gurobi/11.0.1/bin/gurobi.sh']

Set parameter TokenServer to value "license1.computecanada.ca"
Read LP format model from file /tmp/tmpyrcm4kso.pyomo.lp
Reading time = 0.31 seconds
x1: 1000 rows, 1000 columns, 1000000 nonzeros
Set parameter TimeLimit to value 10800
Gurobi Optimizer version 11.0.1 build v11.0.1rc0 (linux64 - "AlmaLinux 9.6 (Sage Margay)")

CPU model: AMD EPYC 9655 96-Core Processor, instruction set [SSE2|AVX|AVX2|AVX512]
Thread count: 192 physical cores, 192 logical processors, using up to 32 threads

Optimize a model with 1000 rows, 1000 columns and 1000000 nonzeros
Model fingerprint: 0x198ed8e1
Model has 1000 quadratic objective terms
Variable types: 0 continuous, 1000 integer (0 binary)
Coefficient statistics:
  Matrix range     [3e-07, 5e-01]
  Objective range  [9e-05, 1e-01]
  QObjective range [2e-05, 1e-02]
  Bounds range     [0e+00, 0e+00]
  RHS range        [5e-04, 1e+00]
Presolve time: 0.14s
Presolved: 1000 rows, 1000 columns, 1000000 nonzeros
Presolved model has 1000 quadratic objective terms
Variable types: 0 continuous, 1000 integer (0 binary)

Root relaxation: objective -2.140330e+02, 580 iterations, 4.09 seconds (3.78 work units)

    Nodes    |    Current Node    |     Objective Bounds      |     Work
 Expl Unexpl |  Obj  Depth IntInf | Incumbent    BestBd   Gap | It/Node Time

     0     0 -214.03304    0 1000          - -214.03304      -     -    4s
     0     0 -214.03290    0 1000          - -214.03290      -     -    6s
     0     2 -214.03284    0 1000          - -214.03284      -     -   47s
     3     8 -214.03178    2  998          - -214.03193      -   2.7   51s
    15    32 -214.02920    4  996          - -214.03130      -   3.1   55s
    63    96 -214.02669    6  994          - -214.03119      -   3.4   61s
    95   128 -214.02582    6  994          - -214.03110      -   3.0   65s
   159   192 -214.02477    7  993          - -214.02999      -   3.3   73s
   191   224 -214.02573    8  992          - -214.02999      -   3.3   76s
   223   256 -214.02424    8  992          - -214.02999      -   3.1   80s
   287   384 -214.02374    9  991          - -214.02991      -   3.2   95s
   383   513 -214.02549   11  989          - -214.02991      -   3.3  109s
   512   793 -214.02519   13  987          - -214.02991      -   3.3  135s
   792  1673 -214.02395   22  980          - -214.02978      -   3.2  194s
  1672  3725 -214.01869   51  958          - -214.02978      -   3.0  320s
  3724  5633 -214.00584  117  905          - -214.02978      -   2.9  430s
  5632  7527 -213.98349  175  859          - -214.02978      -   2.9  538s
  7526  9732 -213.96609  235  821          - -214.02978      -   3.0  651s
  9731 11884 -213.94852  306  769          - -214.02978      -   3.1  761s
 11883 14120 -213.92741  364  740          - -214.02978      -   3.2  875s
 14119 16094 -213.90216  438  695          - -214.02978      -   3.4  968s
 16094 16095 -213.91494  347 1000          - -214.02978      -   3.6  982s
 16096 16096 -213.90222  415 1000          - -214.02978      -   3.6  988s
 16098 16098 -213.98148  196 1000          - -214.02978      -   3.6 1061s
 16099 16101 -214.02978   15  999          - -214.02978      -   3.6 1069s
 16101 16105 -214.02978   16  998          - -214.02978      -   3.6 1071s
 16113 16125 -214.02744   18  996          - -214.02857      -   3.6 1076s
 16161 16173 -214.02387   20  994          - -214.02540      -   3.6 1082s
 16193 16194 -214.02364   20  994          - -214.02485      -   3.6 1086s
 16225 16215 -214.02251   21  993          - -214.02408      -   3.6 1090s
 16289 16258 -214.02121   22  992          - -214.02408      -   3.6 1097s
 16321 16279 -214.02065   22  992          - -214.02354      -   3.6 1101s
 16353 16301 -214.01990   23  991          - -214.02282      -   3.6 1105s
 16417 16343 -214.01855   24  990          - -214.02282      -   3.6 1113s
 16449 16365 -214.01816   24  990          - -214.02282      -   3.6 1117s
 16481 16386 -214.01653   25  989          - -214.02282      -   3.6 1121s
 16513 16407 -214.01718   25  989          - -214.02282      -   3.6 1125s
 16577 16450 -214.01514   26  988          - -214.02282      -   3.6 1133s
 16609 16471 -214.01335   27  987          - -214.02282      -   3.6 1137s
 16641 16748 -214.01291   27  987          - -214.02282      -   3.6 1166s
 16928 17379 -214.00482   32  982          - -214.02282      -   3.6 1221s
 17655 17794 -213.98644   43  971          - -214.02282      -   3.6 1287s
 18312 20635 -213.98481   44  970          - -214.02282      -   3.5 1513s
 21372 22030 -213.94182   85  929          - -214.02282      -   3.4 1684s
 23787 22778 -213.91973  116  898          - -214.02282      -   3.4 1792s
 25340 24461 -213.90027  136  878          - -214.02282      -   3.3 1950s
 27541 25742 -213.86876  167  847          - -214.02282      -   3.3 2097s
 29556 27267 -213.84107  197  817          - -214.02282      -   3.3 2250s
 31752 28986 -213.80918  228  790          - -214.02282      -   3.4 2428s
 34203 30104 -213.77766  265  757          - -214.02282      -   3.5 2557s
 36138 31473 -213.74927  294  731          - -214.02282      -   3.6 2689s
 38152 32837 -213.72355  324  706          - -214.02282      -   3.7 2820s
 40188 34234 -213.68909  354  688          - -214.02282      -   3.9 2955s
 42263 35715 -213.67138  384  677          - -214.02282      -   4.1 3095s
 44436 36749 -213.63879  415  660          - -214.02282      -   4.4 3207s
 46194 38576 -213.61199  440  644          - -214.02282      -   4.6 3363s
 48607 40207 -213.57268  474  629          - -214.02282      -   4.9 3509s
 51043 41893 -213.53298  508  607          - -214.02282      -   5.2 3655s
 53541 43594 -213.50030  543  590          - -214.02282      -   5.6 3803s
 56074 43396 -213.44591  580  579          - -214.02282      -   6.0 3857s
 56721 46104 -213.42640  596  561          - -214.02282      -   6.1 4031s
 59644 48137 -213.38326  640  541          - -214.02282      -   6.6 4198s
 62652 49921 -213.29074  685  508          - -214.02282      -   7.1 4418s
 65438 52904 -213.24838  726  500          - -214.02282      -   7.6 4601s
 69001 56324 -213.18642  779  476          - -214.02282      -   8.2 4784s
 72421 59656 -213.08149  826  466          - -214.02282      -   8.9 4955s
 75753 63012 -213.02785  866  446          - -214.02282      -   9.5 5120s
 79109 66456 -212.96297  909  439          - -214.02282      -  10.3 5284s
 82553 70061 -212.83772  951  416          - -214.02282      -  11.0 5454s
 86158 73839 -212.75163  997  401          - -214.02282      -  11.9 5630s
 89936 74032 -212.68135 1039  387          - -214.02282      -  12.8 5669s
 90129 78178 -212.66474 1042  388          - -214.02282      -  12.9 5862s
 94275 81797 -212.55913 1087  376          - -214.02282      -  14.0 6048s
 97894 86359 -212.29912 1127  364          - -214.02282      -  15.0 6252s
 102456 90586 -212.10633 1184  335          - -214.02282      -  16.5 6422s
 106683 94629 -211.74778 1232  323          - -214.02282      -  17.9 6589s
 110732 98133 -211.40270 1285  294          - -214.02282      -  19.5 7570s
 114252 102554 -210.83593 1336  273          - -214.02282      -  22.4 8904s
 118699 108021 -209.79172 1393  247          - -214.02282      -  27.4 10186s
 124266 108251 -209.61885 1410  238          - -214.02282      -  32.4 10800s

Explored 124546 nodes (4109533 simplex iterations) in 10800.05 seconds (5219.09 work units)
Thread count was 32 (of 192 available processors)

Solution count 0

Time limit reached
Best objective -, best bound -2.140228217648e+02, gap -

