Solver command line: ['/cvmfs/restricted.computecanada.ca/easybuild/software/2023/x86-64-v3/Core/gurobi/11.0.1/bin/gurobi.sh']

Set parameter TokenServer to value "license1.computecanada.ca"
Read LP format model from file /tmp/tmp5zdq8eei.pyomo.lp
Reading time = 0.31 seconds
x1: 1000 rows, 1000 columns, 1000000 nonzeros
Set parameter TimeLimit to value 10800
Gurobi Optimizer version 11.0.1 build v11.0.1rc0 (linux64 - "AlmaLinux 9.6 (Sage Margay)")

CPU model: AMD EPYC 9655 96-Core Processor, instruction set [SSE2|AVX|AVX2|AVX512]
Thread count: 192 physical cores, 192 logical processors, using up to 32 threads

Optimize a model with 1000 rows, 1000 columns and 1000000 nonzeros
Model fingerprint: 0x50d2b8f8
Model has 1000 quadratic objective terms
Variable types: 0 continuous, 1000 integer (0 binary)
Coefficient statistics:
  Matrix range     [3e-07, 5e-01]
  Objective range  [9e-05, 1e-01]
  QObjective range [2e-05, 1e-02]
  Bounds range     [0e+00, 0e+00]
  RHS range        [8e-04, 1e+00]
Presolve time: 0.15s
Presolved: 1000 rows, 1000 columns, 1000000 nonzeros
Presolved model has 1000 quadratic objective terms
Variable types: 0 continuous, 1000 integer (0 binary)

Root relaxation: objective -2.138040e+02, 578 iterations, 4.23 seconds (3.74 work units)

    Nodes    |    Current Node    |     Objective Bounds      |     Work
 Expl Unexpl |  Obj  Depth IntInf | Incumbent    BestBd   Gap | It/Node Time

     0     0 -213.80396    0 1000          - -213.80396      -     -    4s
     0     0 -213.80239    0 1000          - -213.80239      -     -    6s
     0     2 -213.80239    0 1000          - -213.80239      -     -   50s
     7    16 -213.80081    3  997          - -213.80230      -   3.0   56s
    31    64 -213.79956    5  995          - -213.80134      -   3.2   61s
    95   128 -213.79821    6  994          - -213.80046      -   2.9   67s
   127   160 -213.79867    7  993          - -213.80046      -   3.1   71s
   159   192 -213.79802    7  993          - -213.80046      -   3.0   75s
   223   256 -213.79777    8  992          - -213.80020      -   3.0   83s
   255   288 -213.79848    9  991          - -213.80020      -   3.0   86s
   287   384 -213.79624    9  991          - -213.80020      -   3.0   97s
   383   512 -213.79804   11  991          - -213.80020      -   3.1  111s
   511   790 -213.79781   14  988          - -213.80020      -   3.1  137s
   789  1712 -213.79597   21  982          - -213.80020      -   3.1  197s
  1711  3941 -213.78995   51  956          - -213.80020      -   2.9  326s
  3940  6026 -213.77374  107  910          - -213.80020      -   2.9  439s
  6025  7952 -213.75989  161  865          - -213.80020      -   2.9  542s
  7951  9978 -213.74332  214  829          - -213.80020      -   3.0  647s
  9977 12081 -213.72498  278  789          - -213.80020      -   3.1  753s
 12080 14334 -213.70009  329  757          - -213.80020      -   3.2  859s
 14333 16297 -213.67128  395  717          - -213.80020      -   3.4  948s
 16297 16298 -213.78679   55 1000          - -213.80020      -   3.5  962s
 16299 16299 -213.78079  106 1000          - -213.80020      -   3.5  968s
 16301 16301 -213.78404   60 1000          - -213.80020      -   3.5 1039s
 16302 16304 -213.80020   15  999          - -213.80020      -   3.5 1044s
 16304 16308 -213.80020   16  998          - -213.80020      -   3.5 1046s
 16316 16328 -213.79758   18  996          - -213.79808      -   3.5 1051s
 16364 16376 -213.79395   20  994          - -213.79644      -   3.5 1057s
 16396 16397 -213.79378   20  994          - -213.79521      -   3.5 1061s
 16428 16418 -213.79260   21  993          - -213.79481      -   3.5 1065s
 16492 16461 -213.79131   22  992          - -213.79452      -   3.5 1073s
 16524 16482 -213.79076   22  992          - -213.79372      -   3.5 1077s
 16556 16504 -213.78953   23  991          - -213.79323      -   3.5 1081s
 16588 16525 -213.78990   23  991          - -213.79323      -   3.5 1085s
 16652 16568 -213.78711   24  990          - -213.79314      -   3.5 1093s
 16684 16589 -213.78712   25  989          - -213.79304      -   3.5 1096s
 16716 16610 -213.78666   25  989          - -213.79304      -   3.5 1110s
 16780 16654 -213.78457   26  988          - -213.79304      -   3.5 1118s
 16813 16737 -213.78508   27  987          - -213.79304      -   3.5 1129s
 16907 17094 -213.78248   28  986          - -213.79304      -   3.5 1161s
 17295 18099 -213.77558   34  980          - -213.79304      -   3.5 1244s
 18430 20396 -213.75143   49  965          - -213.79304      -   3.4 1436s
 21105 21219 -213.71962   83  931          - -213.79304      -   3.4 1558s
 22820 22480 -213.70249  105  909          - -213.79304      -   3.3 1687s
 24652 23657 -213.68436  129  885          - -213.79304      -   3.3 1814s
 26440 24737 -213.66497  154  860          - -213.79304      -   3.3 1938s
 28116 26034 -213.64762  177  837          - -213.79304      -   3.3 2065s
 29972 27331 -213.62637  203  812          - -213.79304      -   3.3 2197s
 31887 28926 -213.60097  230  788          - -213.79304      -   3.3 2358s
 34121 29407 -213.57444  263  762          - -213.79304      -   3.4 2439s
 35346 31149 -213.56672  280  748          - -213.79304      -   3.5 2578s
 37497 32334 -213.53808  312  721          - -213.79304      -   3.7 2701s
 39399 33852 -213.51327  341  698          - -213.79304      -   3.8 2832s
 41551 35314 -213.48125  373  675          - -213.79304      -   4.1 2968s
 43730 36836 -213.45358  405  660          - -213.79304      -   4.3 3105s
 45978 38356 -213.42934  439  642          - -213.79304      -   4.6 3241s
 48248 39457 -213.38982  473  630          - -213.79304      -   4.9 3352s
 50105 41332 -213.37234  499  623          - -213.79304      -   5.2 3500s
 52599 40617 -213.32574  538  599          - -213.79304      -   5.6 3526s
 52716 43032 -213.31667  539  590          - -213.79304      -   5.6 3674s
 55170 44961 -213.29174  576  586          - -213.79304      -   6.0 3827s
 57917 46881 -213.24601  616  555          - -213.79304      -   6.4 3990s
 60752 48745 -213.18109  659  528          - -213.79304      -   6.9 4216s
 63561 51085 -213.13685  702  508          - -213.79304      -   7.3 4387s
 66838 53497 -213.07670  751  498          - -213.79304      -   7.9 4539s
 69797 56668 -213.00453  793  475          - -213.79304      -   8.5 4690s
 72968 60038 -212.93997  836  455          - -213.79304      -   9.1 4853s
 76338 63281 -212.88033  878  434          - -213.79304      -   9.8 5007s
 79581 66711 -212.76615  919  429          - -213.79304      -  10.6 5168s
 83011 70124 -212.71735  963  414          - -213.79304      -  11.4 5323s
 86424 73455 -212.60368 1006  398          - -213.79304      -  12.3 5475s
 89755 76742 -212.49581 1046  382          - -213.79304      -  13.3 5640s
 93042 80864 -212.33132 1088  373          - -213.79304      -  14.3 5815s
 97164 84931 -212.09238 1140  352          - -213.79304      -  15.7 5984s
 101231 85165 -211.83748 1191  339          - -213.79304      -  17.2 6030s
 101465 89120 -211.80998 1195  327          - -213.79304      -  17.3 6200s
 105420 93236 -211.50489 1252  311          - -213.79304      -  18.9 6364s
 109536 97163 -210.77564 1311  283          - -213.79304      -  20.8 7709s
 113467 101322 -209.34702 1375  262          - -213.79304      -  24.2 9411s
 117634 106519 infeasible 1384               - -213.79304      -  30.4 10800s

Explored 122845 nodes (4519118 simplex iterations) in 10800.12 seconds (5562.18 work units)
Thread count was 32 (of 192 available processors)

Solution count 0

Time limit reached
Best objective -, best bound -2.137930361937e+02, gap -

