Solver command line: ['/cvmfs/restricted.computecanada.ca/easybuild/software/2023/x86-64-v3/Core/gurobi/11.0.1/bin/gurobi.sh']

Set parameter TokenServer to value "license1.computecanada.ca"
Read LP format model from file /tmp/tmpa942_508.pyomo.lp
Reading time = 0.00 seconds
x1: 20 rows, 20 columns, 400 nonzeros
Set parameter TimeLimit to value 10800
Gurobi Optimizer version 11.0.1 build v11.0.1rc0 (linux64 - "AlmaLinux 9.6 (Sage Margay)")

CPU model: AMD EPYC 9655 96-Core Processor, instruction set [SSE2|AVX|AVX2|AVX512]
Thread count: 192 physical cores, 192 logical processors, using up to 32 threads

Optimize a model with 20 rows, 20 columns and 400 nonzeros
Model fingerprint: 0x422295ba
Model has 20 quadratic objective terms
Variable types: 0 continuous, 20 integer (0 binary)
Coefficient statistics:
  Matrix range     [8e-05, 3e-01]
  Objective range  [6e-03, 9e-02]
  QObjective range [4e-04, 9e-03]
  Bounds range     [0e+00, 0e+00]
  RHS range        [9e-02, 1e+00]
Found heuristic solution: objective -0.1293464
Presolve time: 0.00s
Presolved: 20 rows, 20 columns, 400 nonzeros
Presolved model has 20 quadratic objective terms
Variable types: 0 continuous, 20 integer (0 binary)
Found heuristic solution: objective -1.4913946

Root relaxation: objective -5.553407e+00, 12 iterations, 0.00 seconds (0.00 work units)

    Nodes    |    Current Node    |     Objective Bounds      |     Work
 Expl Unexpl |  Obj  Depth IntInf | Incumbent    BestBd   Gap | It/Node Time

     0     0   -5.55341    0   20   -1.49139   -5.55341   272%     -    0s
H    0     0                      -4.8221684   -5.55341  15.2%     -    0s
H    0     0                      -5.0161785   -5.55341  10.7%     -    0s
H    0     0                      -5.1016273   -5.55341  8.86%     -    0s
H    0     0                      -5.2823552   -5.55341  5.13%     -    0s
     0     0   -5.55237    0   20   -5.28236   -5.55237  5.11%     -    0s
H    0     0                      -5.3001101   -5.55237  4.76%     -    0s
H    0     0                      -5.4084232   -5.55237  2.66%     -    0s
H    0     2                      -5.4280722   -5.55237  2.29%     -    0s
     0     2   -5.55237    0   20   -5.42807   -5.55237  2.29%     -    0s
H   17    32                      -5.4382484   -5.55201  2.09%   2.1    0s
H   20    32                      -5.4508162   -5.55201  1.86%   2.2    0s
H   21    32                      -5.4544917   -5.55201  1.79%   2.2    0s
H   25    32                      -5.4674139   -5.55175  1.54%   2.2    0s
H 1073  1032                      -5.4978887   -5.55079  0.96%   3.9    0s
H 1229  1032                      -5.4982726   -5.55079  0.96%   4.0    0s
H21401  7285                      -5.4992727   -5.53485  0.65%   4.2    0s
H41795 12356                      -5.5058223   -5.53054  0.45%   4.2    0s

Explored 192489 nodes (757955 simplex iterations) in 1.75 seconds (0.39 work units)
Thread count was 32 (of 192 available processors)

Solution count 10: -5.50582 -5.49927 -5.49827 ... -5.40842

Optimal solution found (tolerance 1.00e-04)
Best objective -5.505822310620e+00, best bound -5.506169294485e+00, gap 0.0063%

