Solver command line: ['/cvmfs/restricted.computecanada.ca/easybuild/software/2023/x86-64-v3/Core/gurobi/11.0.1/bin/gurobi.sh']

Set parameter TokenServer to value "license1.computecanada.ca"
Read LP format model from file /tmp/tmp_my4xeee.pyomo.lp
Reading time = 0.29 seconds
x1: 1000 rows, 1000 columns, 1000000 nonzeros
Set parameter TimeLimit to value 10800
Gurobi Optimizer version 11.0.1 build v11.0.1rc0 (linux64 - "AlmaLinux 9.6 (Sage Margay)")

CPU model: AMD EPYC 9655 96-Core Processor, instruction set [SSE2|AVX|AVX2|AVX512]
Thread count: 192 physical cores, 192 logical processors, using up to 32 threads

Optimize a model with 1000 rows, 1000 columns and 1000000 nonzeros
Model fingerprint: 0x3d03eb8f
Model has 1000 quadratic objective terms
Variable types: 0 continuous, 1000 integer (0 binary)
Coefficient statistics:
  Matrix range     [3e-07, 5e-01]
  Objective range  [9e-05, 1e-01]
  QObjective range [2e-05, 1e-02]
  Bounds range     [0e+00, 0e+00]
  RHS range        [3e-04, 1e+00]
Presolve time: 0.14s
Presolved: 1000 rows, 1000 columns, 1000000 nonzeros
Presolved model has 1000 quadratic objective terms
Variable types: 0 continuous, 1000 integer (0 binary)

Root simplex log...

Iteration    Objective       Primal Inf.    Dual Inf.      Time
     591   -2.1385696e+02   0.000000e+00   0.000000e+00      5s

Root relaxation: objective -2.138570e+02, 591 iterations, 4.55 seconds (3.88 work units)

    Nodes    |    Current Node    |     Objective Bounds      |     Work
 Expl Unexpl |  Obj  Depth IntInf | Incumbent    BestBd   Gap | It/Node Time

     0     0 -213.85696    0 1000          - -213.85696      -     -    5s
     0     0 -213.85541    0 1000          - -213.85541      -     -    6s
     0     2 -213.85539    0 1000          - -213.85539      -     -   50s
     7    16 -213.85479    3  997          - -213.85479      -   2.4   56s
    31    64 -213.85286    5  995          - -213.85364      -   2.5   61s
    95   128 -213.85140    6  994          - -213.85355      -   2.4   67s
   127   160 -213.85152    7  993          - -213.85355      -   2.6   71s
   159   192 -213.85086    7  993          - -213.85261      -   2.7   75s
   223   256 -213.84960    8  992          - -213.85256      -   2.7   82s
   255   288 -213.85117    9  991          - -213.85256      -   2.8   86s
   287   384 -213.85073    9  991          - -213.85214      -   2.8   96s
   383   515 -213.85073   11  989          - -213.85214      -   2.8  110s
   514   789 -213.85057   13  987          - -213.85214      -   2.9  137s
   788  1626 -213.84791   20  981          - -213.85214      -   2.8  192s
  1625  3634 -213.84206   49  956          - -213.85214      -   2.7  307s
  3633  5649 -213.82866  111  908          - -213.85214      -   3.0  420s
  5648  7591 -213.81161  166  872          - -213.85214      -   3.0  528s
  7590  9671 -213.78614  220  825          - -213.85214      -   3.1  635s
  9670 11834 -213.76533  270  795          - -213.85214      -   3.2  751s
 11833 14056 -213.74413  334  757          - -213.85214      -   3.2  863s
 14055 15970 -213.72074  401  721          - -213.85214      -   3.4  953s
 15970 15971 -213.76414  253 1000          - -213.85214      -   3.5  967s
 15972 15972 -213.84040   46 1000          - -213.85214      -   3.5  974s
 15974 15974 -213.76486  280 1000          - -213.85214      -   3.5 1027s
 15975 15977 -213.85214   15  999          - -213.85214      -   3.6 1032s
 15981 15987 -213.85173   17  997          - -213.85214      -   3.6 1036s
 16005 16027 -213.84805   19  995          - -213.84957      -   3.6 1042s
 16069 16070 -213.84643   20  994          - -213.84880      -   3.6 1048s
 16101 16091 -213.84504   21  993          - -213.84708      -   3.5 1052s
 16133 16113 -213.84479   21  993          - -213.84708      -   3.5 1056s
 16165 16134 -213.84331   22  992          - -213.84686      -   3.5 1060s
 16229 16177 -213.84165   23  991          - -213.84648      -   3.5 1068s
 16261 16198 -213.84156   23  991          - -213.84648      -   3.5 1072s
 16293 16219 -213.84042   24  990          - -213.84648      -   3.5 1076s
 16325 16241 -213.83958   24  990          - -213.84648      -   3.5 1080s
 16389 16283 -213.83858   25  989          - -213.84648      -   3.5 1088s
 16421 16305 -213.83846   26  988          - -213.84648      -   3.5 1091s
 16453 16326 -213.83650   26  988          - -213.84648      -   3.5 1095s
 16517 16659 -213.83623   27  987          - -213.84648      -   3.5 1132s
 16839 17334 -213.82722   33  981          - -213.84648      -   3.5 1186s
 17622 17138 -213.81435   43  971          - -213.84648      -   3.5 1204s
 17687 19374 -213.81143   45  969          - -213.84648      -   3.5 1375s
 19944 20618 -213.77224   76  938          - -213.84648      -   3.4 1518s
 21941 21752 -213.74213  102  912          - -213.84648      -   3.3 1643s
 23740 22136 -213.72342  125  889          - -213.84648      -   3.3 1708s
 24724 23618 -213.70567  138  876          - -213.84648      -   3.2 1836s
 26534 24670 -213.68788  163  852          - -213.84648      -   3.3 1955s
 28189 25948 -213.66695  187  829          - -213.84648      -   3.3 2080s
 30019 27205 -213.64129  213  804          - -213.84648      -   3.3 2207s
 31886 28849 -213.61555  241  778          - -213.84648      -   3.3 2375s
 34152 29890 -213.58666  275  745          - -213.84648      -   3.4 2491s
 35949 31103 -213.56318  302  726          - -213.84648      -   3.5 2614s
 37761 32420 -213.53848  330  704          - -213.84648      -   3.7 2737s
 39682 33739 -213.51151  359  684          - -213.84648      -   3.8 2859s
 41641 35046 -213.48779  390  666          - -213.84648      -   4.0 2983s
 43601 36433 -213.45418  419  656          - -213.84648      -   4.3 3113s
 45641 37357 -213.42899  448  639          - -213.84648      -   4.5 3209s
 47245 39116 -213.40790  471  619          - -213.84648      -   4.7 3347s
 49539 40519 -213.37301  504  604          - -213.84648      -   5.0 3478s
 51707 42231 -213.33316  537  586          - -213.84648      -   5.3 3624s
 54141 43942 -213.29225  573  571          - -213.84648      -   5.7 3772s
 56664 45348 -213.24693  609  559          - -213.84648      -   6.1 3902s
 58911 47373 -213.19772  641  548          - -213.84648      -   6.4 4066s
 61685 49366 -213.13734  680  531          - -213.84648      -   6.8 4288s
 64602 51621 -213.06798  722  516          - -213.84648      -   7.3 4452s
 67594 51739 -212.95647  766  495          - -213.84648      -   7.8 4480s
 67712 54797 -212.96230  769  490          - -213.84648      -   7.8 4639s
 70770 58095 -212.87830  813  471          - -213.84648      -   8.3 4809s
 74068 61379 -212.78717  859  446          - -213.84648      -   8.9 4977s
 77352 64804 -212.68319  902  433          - -213.84648      -   9.6 5141s
 80777 68281 -212.57916  941  414          - -213.84648      -  10.3 5308s
 84254 71590 -212.47913  985  405          - -213.84648      -  11.0 5467s
 87563 75255 -212.32235 1025  395          - -213.84648      -  11.8 5631s
 91228 78675 -212.28690 1070  377          - -213.84648      -  12.7 5800s
 94648 82724 -212.17033 1111  365          - -213.84648      -  13.7 5990s
 98697 86832 -212.02274 1159  349          - -213.84648      -  14.9 6179s
 102805 90644 -211.76737 1208  333          - -213.84648      -  16.2 6341s
 106617 94606 -211.41151 1256  312          - -213.84648      -  17.5 6500s
 110579 98406 -210.68270 1316  281          - -213.84648      -  19.0 6651s
 114379 99380 -209.65445 1373  264          - -213.84648      -  20.6 6721s
 115359 103032 -209.40882 1380  260          - -213.84648      -  21.1 8432s
 119059 107948 -208.60660 1393  252          - -213.84648      -  25.9 9631s
 124073 111409  postponed 1397               - -213.84583      -  30.4 10800s

Explored 127584 nodes (4221122 simplex iterations) in 10800.07 seconds (4630.98 work units)
Thread count was 32 (of 192 available processors)

Solution count 0

Time limit reached
Best objective -, best bound -2.138458339391e+02, gap -

