Solver command line: ['/cvmfs/restricted.computecanada.ca/easybuild/software/2023/x86-64-v3/Core/gurobi/11.0.1/bin/gurobi.sh']

Set parameter TokenServer to value "license1.computecanada.ca"
Read LP format model from file /tmp/tmp4318k40z.pyomo.lp
Reading time = 0.00 seconds
x1: 20 rows, 20 columns, 400 nonzeros
Set parameter TimeLimit to value 10800
Gurobi Optimizer version 11.0.1 build v11.0.1rc0 (linux64 - "AlmaLinux 9.6 (Sage Margay)")

CPU model: AMD EPYC 9655 96-Core Processor, instruction set [SSE2|AVX|AVX2|AVX512]
Thread count: 192 physical cores, 192 logical processors, using up to 32 threads

Optimize a model with 20 rows, 20 columns and 400 nonzeros
Model fingerprint: 0xaf264505
Model has 20 quadratic objective terms
Variable types: 0 continuous, 20 integer (0 binary)
Coefficient statistics:
  Matrix range     [8e-05, 3e-01]
  Objective range  [6e-03, 9e-02]
  QObjective range [4e-04, 9e-03]
  Bounds range     [0e+00, 0e+00]
  RHS range        [8e-03, 9e-01]
Found heuristic solution: objective 14.2289858
Presolve time: 0.00s
Presolved: 20 rows, 20 columns, 400 nonzeros
Presolved model has 20 quadratic objective terms
Variable types: 0 continuous, 20 integer (0 binary)
Found heuristic solution: objective 7.8638135

Root relaxation: objective -4.582960e+00, 12 iterations, 0.00 seconds (0.00 work units)

    Nodes    |    Current Node    |     Objective Bounds      |     Work
 Expl Unexpl |  Obj  Depth IntInf | Incumbent    BestBd   Gap | It/Node Time

     0     0   -4.58296    0   20    7.86381   -4.58296   158%     -    0s
H    0     0                      -4.2053223   -4.58296  8.98%     -    0s
H    0     0                      -4.4268215   -4.58296  3.53%     -    0s
     0     0   -4.58212    0   20   -4.42682   -4.58212  3.51%     -    0s
H    0     0                      -4.4771968   -4.58212  2.34%     -    0s
     0     2   -4.58212    0   20   -4.47720   -4.58212  2.34%     -    0s
H   29    32                      -4.4872215   -4.57999  2.07%   2.0    0s
H   54    64                      -4.4895808   -4.57990  2.01%   2.2    0s
H   60    64                      -4.4984873   -4.57990  1.81%   2.2    0s
H  180   192                      -4.5016236   -4.57850  1.71%   2.4    0s
H 4740  2719                      -4.5027899   -4.57199  1.54%   4.3    0s
H18156  6605                      -4.5247513   -4.56776  0.95%   4.3    0s
 738345 51791   -4.52563   37    8   -4.52475   -4.53719  0.27%   4.1    5s

Explored 884143 nodes (3539133 simplex iterations) in 6.08 seconds (1.52 work units)
Thread count was 32 (of 192 available processors)

Solution count 10: -4.52475 -4.50279 -4.50162 ... 7.86381
No other solutions better than -4.52475

Optimal solution found (tolerance 1.00e-04)
Best objective -4.524751349083e+00, best bound -4.524751349083e+00, gap 0.0000%

