Solver command line: ['/cvmfs/restricted.computecanada.ca/easybuild/software/2023/x86-64-v3/Core/gurobi/11.0.1/bin/gurobi.sh']

Set parameter TokenServer to value "license1.computecanada.ca"
Read LP format model from file /tmp/tmpcn2cyigr.pyomo.lp
Reading time = 0.07 seconds
x1: 500 rows, 500 columns, 250000 nonzeros
Set parameter TimeLimit to value 10800
Gurobi Optimizer version 11.0.1 build v11.0.1rc0 (linux64 - "AlmaLinux 9.6 (Sage Margay)")

CPU model: AMD EPYC 9655 96-Core Processor, instruction set [SSE2|AVX|AVX2|AVX512]
Thread count: 192 physical cores, 192 logical processors, using up to 32 threads

Optimize a model with 500 rows, 500 columns and 250000 nonzeros
Model fingerprint: 0x0cddea84
Model has 500 quadratic objective terms
Variable types: 0 continuous, 500 integer (0 binary)
Coefficient statistics:
  Matrix range     [7e-07, 5e-01]
  Objective range  [2e-04, 1e-01]
  QObjective range [2e-05, 1e-02]
  Bounds range     [0e+00, 0e+00]
  RHS range        [8e-04, 1e+00]
Presolve time: 0.03s
Presolved: 500 rows, 500 columns, 250000 nonzeros
Presolved model has 500 quadratic objective terms
Variable types: 0 continuous, 500 integer (0 binary)

Root relaxation: objective -1.063958e+02, 287 iterations, 0.25 seconds (0.50 work units)

    Nodes    |    Current Node    |     Objective Bounds      |     Work
 Expl Unexpl |  Obj  Depth IntInf | Incumbent    BestBd   Gap | It/Node Time

     0     0 -106.39582    0  500          - -106.39582      -     -    0s
     0     0 -106.39426    0  500          - -106.39426      -     -    2s
     0     2 -106.39426    0  500          - -106.39426      -     -    6s
   191   224 -106.39211    8  492          - -106.39346      -   2.2   10s
   520  1052 -106.39063   16  485          - -106.39311      -   2.2   16s
  1051  2203 -106.38874   31  476          - -106.39256      -   2.2   21s
  2202  3992 -106.37962   58  451          - -106.39256      -   2.4   29s
  3991  5884 -106.36587  111  412          - -106.39256      -   2.7   36s
  5883  7747 -106.34495  166  376          - -106.39256      -   2.9   44s
  7746  9809 -106.32871  221  343          - -106.39256      -   3.0   51s
  9808 11876 -106.29798  280  319          - -106.39256      -   3.3   58s
 11875 13734 -106.25388  334  294          - -106.39256      -   3.6   65s
 13733 15769 -106.19441  376  270          - -106.39256      -   4.1   73s
 15769 15770 -106.28106  285  500          - -106.39256      -   4.8   75s
 15773 15773 -106.36639  103  500          - -106.39256      -   4.8   81s
 15804 15826 -106.38768   20  495          - -106.38938      -   4.8   85s
 16188 16082 -106.37976   26  489          - -106.38623      -   4.8   90s
 16351 16626 -106.37359   29  486          - -106.38623      -   4.7   95s
 16818 17037 -106.36694   35  480          - -106.38623      -   4.7  100s
 17419 18053 -106.35468   43  472          - -106.38623      -   4.6  111s
 18601 18654 -106.34270   58  457          - -106.38623      -   4.5  117s
 19596 19238 -106.33553   71  444          - -106.38623      -   4.4  123s
 20512 19853 -106.32359   83  432          - -106.38623      -   4.3  130s
 21432 20412 -106.31548   96  419          - -106.38623      -   4.2  135s
 22298 21087 -106.30358  107  409          - -106.38623      -   4.2  141s
 23261 21730 -106.29195  120  398          - -106.38623      -   4.2  147s
 24225 22382 -106.28332  134  382          - -106.38623      -   4.2  153s
 25199 23056 -106.27053  148  372          - -106.38623      -   4.2  159s
 26197 23515 -106.25643  162  360          - -106.38623      -   4.2  164s
 26989 24322 -106.24475  174  351          - -106.38623      -   4.3  170s
 28060 24900 -106.22731  191  337          - -106.38623      -   4.4  175s
 28995 25709 -106.21702  205  333          - -106.38623      -   4.5  181s
 30116 26489 -106.19883  221  323          - -106.38623      -   4.6  187s
 31269 27431 -106.18194  238  312          - -106.38623      -   4.8  196s
 32596 28182 -106.16008  257  309          - -106.38623      -   5.0  202s
 33789 29022 -106.14017  274  298          - -106.38623      -   5.2  208s
 35027 29710 -106.11993  292  289          - -106.38623      -   5.4  213s
 36127 30712 -106.09871  308  277          - -106.38623      -   5.7  220s
 37496 31660 -106.05955  328  274          - -106.38623      -   5.9  226s
 38900 32523 -106.04264  349  262          - -106.38623      -   6.3  232s
 40231 33559 -106.00374  369  264          - -106.38623      -   6.6  239s
 41711 34437 -105.94717  392  243          - -106.38623      -   7.0  246s
 43082 35543 -105.92146  414  235          - -106.38623      -   7.4  253s
 44645 36557 -105.87461  439  229          - -106.38623      -   7.9  259s
 46180 37661 -105.82158  463  218          - -106.38623      -   8.4  266s
 47796 38674 -105.74670  489  203          - -106.38623      -   8.9  272s
 49348 39825 -105.65434  514  196          - -106.38623      -   9.6  278s
 51016 39366 -105.59331  539  183          - -106.38623      -  10.3  282s
 51113 40950 -105.56607  540  185          - -106.38623      -  10.3  288s
 52729 42227 -105.49326  564  175          - -106.38623      -  11.0  294s
 54545 43450 -105.38075  590  168          - -106.38623      -  11.9  301s
 56373 44739 -105.12020  619  165          - -106.38623      -  12.9  307s
 58272 46093 -104.90492  653  147          - -106.38623      -  14.0  386s
 60261 47264 -103.70394  692  128          - -106.38623      -  15.8  474s
 62123 51846 infeasible  697               - -106.38623      -  18.5  562s
 67487 57016 -103.54369  697  126          - -106.38623      -  24.1  607s
 73076 57283 infeasible  705               - -106.38615      -  27.8  652s
 73403 62702 -106.38166   26  489          - -106.38615      -  28.5  737s
 79046 68252 -106.17518  300  294          - -106.38615      -  34.4  834s
 84896 75467 -105.91472  415  242          - -106.38615      -  39.7  942s
 92341 80798 -105.35354  547  189          - -106.38615      -  43.3 1036s
 97788 91502 -104.87154  589  173          - -106.38615      -  46.0 1128s
 108648 91835 -103.63844  678  142          - -106.38615      -  46.6 1205s
 108993 99667 -103.75109  680  138          - -106.38615      -  48.5 1293s
 116943 107097 -106.34957   74  442          - -106.38601      -  49.6 1378s
 124477 113582 -106.04882  303  284          - -106.38601      -  50.4 1460s
 131018 121412 -105.81354  392  249          - -106.38601      -  51.7 1534s
 138970 128227 -105.35831  492  217          - -106.38601      -  52.7 1630s
 145939 135254 -105.00752  546  194          - -106.38601      -  54.2 1726s
 153038 143102 -104.38041  601  173          - -106.38601      -  55.4 1809s
 161062 143407 -103.77284  659  154          - -106.38601      -  56.3 1884s
 161433 167371 -103.75560  665  152          - -106.38601      -  58.1 2273s
 186137 179986 -106.13529  226  327          - -106.38554      -  63.2 2407s
 198932 180357 -105.66829  373  268          - -106.38554      -  62.5 2478s
 199367 208988 -105.66946  371  267          - -106.38554      -  63.8 2884s
 228474 218429 -103.79393  600  195          - -106.38554      -  63.0 3005s
 237981 223745 -102.91347  653  187          - -106.38554      -  62.6 3127s
 243443 230305 -102.19588  696  158          - -106.38554      -  63.4 3261s
 250129 238303 -101.50023  750  131          - -106.38554      -  64.2 3390s
 258317 238699 infeasible  804               - -106.38554      -  64.8 3485s
 258763 263592 infeasible  805               - -106.38554      -  65.9 3908s
 284158 276453 infeasible  807               - -106.38532      -  68.8 4057s
 297203 284224 -106.02424  236  321          - -106.38532      -  68.3 4175s
 305034 284642 -105.63951  356  266          - -106.38532      -  68.7 4253s
 305586 296787 -105.63315  358  268          - -106.38532      -  69.7 4388s
 317819 304761 -105.10077  444  236          - -106.38532      -  68.9 4517s
 326013 313580 -104.45187  525  213          - -106.38532      -  68.9 4649s
 334978 324206 -103.74635  586  203          - -106.38532      -  68.4 4786s
 345736 330390 -103.00959  654  183          - -106.38532      -  68.0 4872s
 351998 337423 -102.31495  690  168          - -106.38532      -  68.0 4966s
 359061 344789 -101.79468  736  149          - -106.38532      -  68.2 5094s
 366497 352710 -101.14332  775  139          - -106.38532      -  68.7 5197s
 374668 353181  -98.72436  845  126          - -106.38532      -  69.1 5290s
 375201 363985  -98.57305  849  118          - -106.38532      -  69.9 5403s
 386161 372906 -106.00637  237  323          - -106.38500      -  69.9 5507s
 395302 381851 -105.37846  383  269          - -106.38500      -  70.0 5622s
 404285 389552 -104.65029  482  230          - -106.38500      -  70.2 5772s
 412362 400173 -103.74172  557  212          - -106.38500      -  70.6 5889s
 423297 409677 -102.88258  639  177          - -106.38500      -  70.5 5991s
 432925 410138 -101.02265  726  150          - -106.38500      -  70.5 6103s
 433432 419649 -100.88365  731  153          - -106.38500      -  71.3 6220s
 442993 428284  -98.66070  802  138          - -106.38500      -  71.2 6316s
 451712 436693  -94.05261  857  130          - -106.38500      -  71.1 6438s
 460233 443517 infeasible  860               - -106.38500      -  71.3 6569s
 467231 451877 infeasible  861               - -106.38500      -  71.8 6681s
 475757 461076  -95.10663  856  126          - -106.38500      -  72.1 6805s
 485118 469497 infeasible  868               - -106.38500      -  72.3 6932s
 493845 469951 infeasible  869               - -106.38500      -  72.6 7066s
 494387 481046 infeasible  869               - -106.38500      -  73.2 7201s
 505600 490194 infeasible  870               - -106.38500      -  73.1 7325s
 515034 497966 infeasible  871               - -106.38500      -  73.2 7446s
 522958 507625 infeasible  872               - -106.38500      -  73.1 7525s
 532751 515564 -105.90824  263  304          - -106.38421      -  72.7 7599s
 540778 525200 -105.34397  380  267          - -106.38421      -  72.5 7746s
 550446 531987 -104.64645  476  229          - -106.38421      -  72.5 7823s
 557401 540597 -104.19980  519  221          - -106.38421      -  72.7 7901s
 566153 540982 -103.48812  572  210          - -106.38421      -  72.6 7969s
 566612 550226 -103.51480  576  203          - -106.38421      -  72.9 8048s
 575958 560867 -102.67456  642  184          - -106.38421      -  72.7 8128s
 586851 567311 -101.00259  712  170          - -106.38421      -  72.5 8204s
 593437 575033  -99.96004  756  160          - -106.38421      -  72.5 8279s
 601407 582798  -98.64701  806  152          - -106.38421      -  72.4 8352s
 609270 593219  -96.63110  866  132          - -106.38421      -  72.1 8493s
 619951 600755 infeasible  951               - -106.38421      -  72.0 8614s
 627589 608664 infeasible  952               - -106.38421      -  71.9 8729s
 635574 609068  postponed  952               - -106.38421      -  71.8 8856s
 636036 617386 4521624.14  953  130          - -106.38421      -  72.1 8978s
 644506 627879 infeasible  953               - -106.38421      -  72.0 9103s
 655075 634348 infeasible  953               - -106.38421      -  71.8 9178s
 661606 641602 infeasible  954               - -106.38421      -  71.8 9268s
 668962 649394 1.2046e+08  958  129          - -106.38421      -  71.8 9357s
 676972 659647  postponed  959               - -106.38421      -  71.8 9446s
 687369 667045 infeasible  959               - -106.38421      -  71.5 9517s
 694829 674028  postponed  961               - -106.38421      -  71.5 9596s
 702098 681105 infeasible  961               - -106.38421      -  71.5 9695s
 709325 681581  postponed  963               - -106.38421      -  71.6 9769s
 709886 707851 infeasible  963               - -106.38421      -  71.8 10039s
 736678 717792 infeasible  960               - -106.38421      -  71.7 10145s
 746743 728522  postponed  962               - -106.38421      -  71.7 10235s
 757637 736051 infeasible  962               - -106.38421      -  71.4 10314s
 765230 743093  postponed  964               - -106.38421      -  71.2 10397s
 772386 749783 infeasible  964               - -106.38421      -  71.1 10487s
 779177 758561  postponed  966               - -106.38421      -  71.3 10585s
 788191 760446 infeasible  966               - -106.38421      -  71.2 10663s
 790152 771628  postponed  968               - -106.38421      -  71.4 10744s
 801598 780886 infeasible  968               - -106.38421      -  71.2 10800s

Explored 811066 nodes (57488804 simplex iterations) in 10800.04 seconds (12985.05 work units)
Thread count was 32 (of 192 available processors)

Solution count 0

Time limit reached
Best objective -, best bound -1.063842105093e+02, gap -

