Solver command line: ['/cvmfs/restricted.computecanada.ca/easybuild/software/2023/x86-64-v3/Core/gurobi/11.0.1/bin/gurobi.sh']

Set parameter TokenServer to value "license1.computecanada.ca"
Read LP format model from file /tmp/tmpz3slylpr.pyomo.lp
Reading time = 0.08 seconds
x1: 500 rows, 500 columns, 250000 nonzeros
Set parameter TimeLimit to value 10800
Gurobi Optimizer version 11.0.1 build v11.0.1rc0 (linux64 - "AlmaLinux 9.6 (Sage Margay)")

CPU model: AMD EPYC 9655 96-Core Processor, instruction set [SSE2|AVX|AVX2|AVX512]
Thread count: 192 physical cores, 192 logical processors, using up to 32 threads

Optimize a model with 500 rows, 500 columns and 250000 nonzeros
Model fingerprint: 0x7c8d1a9f
Model has 500 quadratic objective terms
Variable types: 0 continuous, 500 integer (0 binary)
Coefficient statistics:
  Matrix range     [7e-07, 5e-01]
  Objective range  [2e-04, 1e-01]
  QObjective range [2e-05, 1e-02]
  Bounds range     [0e+00, 0e+00]
  RHS range        [2e-04, 1e+00]
Presolve time: 0.04s
Presolved: 500 rows, 500 columns, 250000 nonzeros
Presolved model has 500 quadratic objective terms
Variable types: 0 continuous, 500 integer (0 binary)

Root relaxation: objective -1.061749e+02, 279 iterations, 0.27 seconds (0.49 work units)

    Nodes    |    Current Node    |     Objective Bounds      |     Work
 Expl Unexpl |  Obj  Depth IntInf | Incumbent    BestBd   Gap | It/Node Time

     0     0 -106.17488    0  500          - -106.17488      -     -    0s
     0     0 -106.17318    0  500          - -106.17318      -     -    1s
     0     2 -106.17318    0  500          - -106.17318      -     -    6s
   191   224 -106.16717    8  492          - -106.17101      -   2.5   10s
   525  1081 -106.16440   16  485          - -106.17088      -   2.5   16s
  1080  2274 -106.16084   34  470          - -106.17088      -   2.4   22s
  2273  3760 -106.15191   73  439          - -106.17088      -   2.5   30s
  3759  5478 -106.13255  117  408          - -106.17088      -   2.7   38s
  5477  7209 -106.11763  169  372          - -106.17088      -   2.8   45s
  7208  8999 -106.09720  223  346          - -106.17088      -   3.0   53s
  8998 10778 -106.06822  271  324          - -106.17088      -   3.2   60s
 10777 12546 -106.04008  308  305          - -106.17088      -   3.6   67s
 12545 14373 -105.99763  356  279          - -106.17088      -   3.9   73s
 14372 16027 -105.95203  400  264          - -106.17088      -   4.4   80s
 16031 16031 -106.11057  187  500          - -106.17088      -   5.3   88s
 16034 16038 -106.17088   17  498          - -106.17088      -   5.3   90s
 16350 16276 -106.16349   25  490          - -106.16577      -   5.2   95s
 16603 16846 -106.15601   29  486          - -106.16577      -   5.2  101s
 17036 17408 -106.15007   34  481          - -106.16577      -   5.1  106s
 17776 18296 -106.13652   44  471          - -106.16577      -   5.0  117s
 18877 19045 -106.12698   59  456          - -106.16577      -   4.8  124s
 19993 19662 -106.11373   74  441          - -106.16577      -   4.7  130s
 20982 20320 -106.09861   88  428          - -106.16577      -   4.6  137s
 21970 21005 -106.08513  101  415          - -106.16577      -   4.6  143s
 22984 21708 -106.07587  115  402          - -106.16577      -   4.5  150s
 24025 22325 -106.06374  130  390          - -106.16577      -   4.4  156s
 24989 23053 -106.04691  144  377          - -106.16577      -   4.4  162s
 26038 23764 -106.03459  160  362          - -106.16577      -   4.5  169s
 27099 24343 -106.02043  177  349          - -106.16577      -   4.5  175s
 28032 25163 -106.00380  192  340          - -106.16577      -   4.5  182s
 29163 25940 -105.98305  210  324          - -106.16577      -   4.6  189s
 30317 26666 -105.96706  228  316          - -106.16577      -   4.7  195s
 31427 27673 -105.95610  245  304          - -106.16577      -   4.8  205s
 32804 28448 -105.94023  266  300          - -106.16577      -   5.0  211s
 34038 29314 -105.92084  285  288          - -106.16577      -   5.2  218s
 35316 30048 -105.89653  304  285          - -106.16577      -   5.4  224s
 36476 31055 -105.87676  322  274          - -106.16577      -   5.6  231s
 37869 32005 -105.83621  344  257          - -106.16577      -   5.8  238s
 39284 32897 -105.80695  366  246          - -106.16577      -   6.1  245s
 40647 33891 -105.78578  385  235          - -106.16577      -   6.4  252s
 42096 34934 -105.72436  406  230          - -106.16577      -   6.8  259s
 43622 35977 -105.72013  427  232          - -106.16577      -   7.2  266s
 45173 36947 -105.67869  449  218          - -106.16577      -   7.7  273s
 46660 38079 -105.66523  470  209          - -106.16577      -   8.2  280s
 48620 39506 -105.62601  497  201          - -106.16577      -   8.9  291s
 50368 40510 -105.59251  520  197          - -106.16577      -   9.6  298s
 51955 41730 -105.44382  540  191          - -106.16577      -  10.3  304s
 53704 42982 -105.38958  565  179          - -106.16577      -  11.2  311s
 55539 44198 -105.24112  593  171          - -106.16577      -  12.1  318s
 57367 45454 -105.02309  619  162          - -106.16577      -  13.2  324s
 59232 46803 -104.83359  651  145          - -106.16577      -  14.4  331s
 61229 47844 -104.46280  686  131          - -106.16577      -  15.8  348s
 63041 49930 infeasible  722               - -106.16577      -  17.2  365s
 65845 52272 -106.12634  100  420          - -106.16569      -  18.7  386s
 68578 53371 -106.04532  239  323          - -106.16569      -  20.0  395s
 69691 57182 -106.01811  273  307          - -106.16569      -  20.5  413s
 73502 60769 -105.91236  354  273          - -106.16569      -  21.8  494s
 77115 64362 -105.78921  426  246          - -106.16569      -  23.7  567s
 80880 68161 -105.65483  485  224          - -106.16569      -  25.8  628s
 85071 73163 -105.51744  508  217          - -106.16569      -  27.9  693s
 90483 78011 -105.14962  552  192          - -106.16569      -  29.7  758s
 95463 85399 -104.82769  597  178          - -106.16569      -  30.6  823s
 102929 85664 -104.28204  668  148          - -106.16569      -  30.6  879s
 103198 91909 -104.12582  670  150          - -106.16569      -  31.3  904s
 109503 97045 -106.16406   24  491          - -106.16477      -  31.0  987s
 114749 102614 -105.97714  200  342          - -106.16477      -  31.6 1051s
 120418 108172 -105.81019  308  275          - -106.16477      -  31.7 1126s
 126008 113556 -105.59987  374  258          - -106.16477      -  31.8 1146s
 131476 118336 -105.39681  422  242          - -106.16477      -  31.9 1163s
 136260 122952 -105.20399  454  230          - -106.16477      -  32.0 1179s
 140876 127144 -105.04795  482  226          - -106.16477      -  32.1 1229s
 145094 131338 -104.92412  505  218          - -106.16477      -  32.6 1243s
 149344 136062 -104.71796  522  208          - -106.16477      -  33.0 1309s
 154296 140894 -104.50558  556  192          - -106.16477      -  33.8 1373s
 159256 147179 -104.23244  590  188          - -106.16477      -  35.1 1440s
 165805 153572 -103.81903  638  168          - -106.16477      -  36.3 1520s
 172308 153899 -103.17422  672  156          - -106.16477      -  37.3 1610s
 172697 161131 -103.15378  673  154          - -106.16477      -  38.6 1719s
 180041 166100 -102.16284  717  141          - -106.16477      -  39.9 1795s
 185074 175869 infeasible  764               - -106.16477      -  41.0 1872s
 195067 183277 infeasible  768               - -106.16477      -  41.7 1976s
 202657 191181 -106.01592  144  380          - -106.16429      -  42.2 2052s
 210617 196813 -105.69549  286  293          - -106.16429      -  42.4 2129s
 216307 204289 -105.50230  346  262          - -106.16429      -  42.9 2214s
 223871 205496 -105.23449  394  254          - -106.16429      -  43.7 2283s
 225140 215403 -105.20258  398  256          - -106.16429      -  44.2 2365s
 235241 222342 -104.74518  462  242          - -106.16429      -  44.5 2462s
 242334 227933 -104.22532  519  217          - -106.16429      -  45.3 2569s
 248071 236122 -103.46919  566  202          - -106.16429      -  46.3 2681s
 256487 244724 -102.48787  638  174          - -106.16429      -  47.0 2802s
 265185 252369 -101.34555  688  167          - -106.16429      -  47.7 2910s
 272926 258655 -100.23506  736  152          - -106.16429      -  48.5 2977s
 279460 264817  -98.00513  793  140          - -106.16429      -  48.6 3050s
 285778 265102 infeasible  837               - -106.16429      -  48.5 3113s
 286139 271912 infeasible  840               - -106.16429      -  48.7 3180s
 293067 278790 -105.92188  187  346          - -106.16415      -  48.5 3270s
 299981 284956 -105.61718  276  295          - -106.16415      -  48.3 3338s
 306207 291640 -105.05010  371  267          - -106.16415      -  48.2 3422s
 313045 299019 -104.82959  420  247          - -106.16415      -  48.2 3500s
 320446 305413 -104.03922  504  229          - -106.16415      -  48.0 3579s
 326862 311046 -103.56029  560  216          - -106.16415      -  47.9 3651s
 332549 317199 -103.01676  601  204          - -106.16415      -  48.0 3753s
 338770 324615 -102.65421  629  193          - -106.16415      -  48.1 3858s
 346314 331841 -102.23918  669  181          - -106.16415      -  48.2 3954s
 353698 332205 -101.53332  716  163          - -106.16415      -  48.2 3967s
 354114 340399 -101.49610  717  157          - -106.16415      -  48.2 4004s
 362514 346301 -100.01762  757  149          - -106.16415      -  48.0 4092s
 368554 354204  -99.39606  784  140          - -106.16415      -  48.1 4167s
 376601 360063  -96.42104  832  131          - -106.16405      -  48.0 4227s
 382686 365623 -106.02998  114  406          - -106.16387      -  48.0 4295s
 388516 371936 -105.78136  229  330          - -106.16387      -  48.0 4395s
 395001 378320 -105.53397  312  292          - -106.16387      -  47.9 4462s
 401535 385893 -105.17062  386  267          - -106.16387      -  47.6 4536s
 409184 392549 -104.79516  445  248          - -106.16387      -  47.5 4567s
 416078 398377 -104.37715  492  232          - -106.16387      -  47.3 4673s
 421936 404018 -103.98338  531  225          - -106.16387      -  47.2 4770s
 427657 410469 -103.48470  574  214          - -106.16387      -  47.2 4840s
 434138 417982 -103.06474  616  195          - -106.16387      -  47.1 4940s
 441909 424137 -102.21608  656  187          - -106.16387      -  47.0 4965s
 448172 429451 -101.70457  680  183          - -106.16387      -  46.8 5014s
 453548 434474 -101.49166  698  173          - -106.16387      -  46.8 5102s
 458633 434791 -101.01560  721  173          - -106.16387      -  46.9 5177s
 458984 441114 -101.01047  719  162          - -106.16387      -  47.0 5263s
 465403 449021 -100.21852  750  161          - -106.16387      -  47.1 5345s
 473408 454961  -99.19891  784  156          - -106.16387      -  47.0 5368s
 479442 460159  -97.21080  828  153          - -106.16387      -  46.8 5448s
 484670 465597  -95.48983  861  142          - -106.16387      -  46.8 5536s
 490386 471967  -94.23423  886  138          - -106.16387      -  46.9 5607s
 496952 479357 -105.96987  139  391          - -106.16355      -  46.9 5682s
 504492 485810 -105.69246  246  317          - -106.16355      -  46.8 5708s
 511095 491076 -105.40277  320  286          - -106.16355      -  46.6 5790s
 516477 496281 -105.10715  375  274          - -106.16355      -  46.6 5853s
 521774 501935 -104.85470  419  262          - -106.16355      -  46.5 5904s
 527516 509731 -104.37103  480  247          - -106.16355      -  46.5 6009s
 535432 515979 -103.70276  549  228          - -106.16355      -  46.4 6092s
 541750 521848 -102.89033  597  220          - -106.16355      -  46.3 6129s
 547751 527761 -102.14343  645  202          - -106.16355      -  46.3 6219s
 553740 528078 -101.71064  673  187          - -106.16355      -  46.3 6303s
 554081 534813 -101.70003  675  192          - -106.16355      -  46.4 6381s
 560904 541678 -100.75731  725  185          - -106.16355      -  46.5 6480s
 567923 550084 -100.08813  769  167          - -106.16355      -  46.6 6557s
 576455 557981  -98.26081  829  160          - -106.16353      -  46.7 6635s
 584568 566357 -106.06731  106  421          - -106.16322      -  46.7 6746s
 593086 574282 -105.61212  280  304          - -106.16322      -  46.5 6816s
 601171 579747 -105.23964  370  262          - -106.16322      -  46.4 6894s
 606694 586369 -104.89247  425  246          - -106.16322      -  46.4 7046s
 613348 593268 -104.27943  494  231          - -106.16322      -  46.5 7188s
 620481 594702 -103.78554  545  217          - -106.16322      -  46.6 7274s
 622067 602056 -103.73953  551  214          - -106.16322      -  46.7 7365s
 629597 609402 -103.07555  597  195          - -106.16322      -  46.7 7426s
 636991 615991 -102.57186  643  172          - -106.16322      -  46.7 7514s
 643722 623329 -101.09522  703  161          - -106.16322      -  46.8 7599s
 651116 630155  -99.17497  772  142          - -106.16322      -  47.1 7683s
 658072 637528  -92.94219  852  132          - -106.16321      -  47.2 7776s
 665721 645966 -105.81308  237  319          - -106.16295      -  47.3 7877s
 674361 653834 -105.32567  355  279          - -106.16295      -  47.3 7973s
 682361 654169 -104.70274  452  244          - -106.16295      -  47.4 8067s
 682750 681553 -104.66320  455  244          - -106.16295      -  47.7 8373s
 710606 691985 -101.29394  691  175          - -106.16295      -  48.2 8474s
 721204 699202  -99.61829  760  155          - -106.16295      -  48.3 8560s
 728515 707452  -97.90467  807  150          - -106.16295      -  48.4 8657s
 736987 707864 infeasible  873               - -106.16295      -  48.6 8757s
 737453 718267 infeasible  873               - -106.16295      -  48.9 8851s
 748144 727932 -105.55508  310  291          - -106.16273      -  49.0 8986s
 757981 736359 -104.88442  436  258          - -106.16273      -  48.9 9116s
 766565 743112 -104.22128  501  236          - -106.16273      -  48.9 9204s
 773513 751478 -103.27874  568  230          - -106.16273      -  48.9 9288s
 782023 759789 -102.38606  634  207          - -106.16273      -  49.0 9362s
 790702 767861 -101.46236  696  189          - -106.16273      -  49.0 9445s
 799078 775820 -100.40223  748  173          - -106.16273      -  48.9 9521s
 807085 783360  -99.39514  792  161          - -106.16273      -  48.7 9549s
 814737 789248  -98.99777  821  151          - -106.16273      -  48.6 9571s
 820683 796445  -97.68977  858  146          - -106.16273      -  48.5 9600s
 828022 802316  -96.96535  886  135          - -106.16273      -  48.3 9707s
 833999 807716  -95.80821  925  128          - -106.16273      -  48.3 9764s
 839675 813952 infeasible  965               - -106.16273      -  48.2 9795s
 846161 819224 -105.80079  225  327          - -106.16255      -  48.1 9817s
 851507 828645 -105.58668  293  300          - -106.16255      -  48.0 9855s
 861022 828871 -105.04748  401  264          - -106.16255      -  47.7 9863s
 861248 833762 -105.07031  399  260          - -106.16255      -  47.7 9882s
 866213 838590 -104.63566  452  248          - -106.16255      -  47.6 9900s
 871053 842987 -104.33132  494  237          - -106.16255      -  47.5 9915s
 875578 847615 -103.79294  540  232          - -106.16255      -  47.5 9938s
 880278 852025 -103.38121  577  219          - -106.16255      -  47.4 9958s
 884850 861007 -103.02956  609  210          - -106.16255      -  47.4 10009s
 893852 865836 -102.02772  672  188          - -106.16255      -  47.2 10117s
 898883 871064 -101.58209  696  180          - -106.16255      -  47.2 10189s
 904179 876576 -100.58696  732  176          - -106.16255      -  47.2 10256s
 909787 883309  -99.53211  764  163          - -106.16255      -  47.2 10323s
 916606 891576  -98.19699  805  153          - -106.16255      -  47.2 10393s
 925009 896304 -106.01884  142  391          - -106.16239      -  47.1 10440s
 929929 903994 -105.70423  267  316          - -106.16239      -  47.1 10468s
 937889 910184 -105.35126  362  277          - -106.16239      -  46.9 10519s
 944177 916090 -104.86674  433  259          - -106.16239      -  46.8 10554s
 950117 924137 -104.56725  491  244          - -106.16239      -  46.7 10606s
 958204 928839 -103.88403  560  225          - -106.16239      -  46.6 10682s
 963028 934740 -103.27600  609  208          - -106.16239      -  46.6 10758s
 969060 935058 -102.58230  666  198          - -106.16239      -  46.6 10800s

Explored 969406 nodes (45218780 simplex iterations) in 10800.02 seconds (12152.06 work units)
Thread count was 32 (of 192 available processors)

Solution count 0

Time limit reached
Best objective -, best bound -1.061623922116e+02, gap -

