Solver command line: ['/cvmfs/restricted.computecanada.ca/easybuild/software/2023/x86-64-v3/Core/gurobi/11.0.1/bin/gurobi.sh']

Set parameter TokenServer to value "license1.computecanada.ca"
Read LP format model from file /tmp/tmp35_fsi_t.pyomo.lp
Reading time = 0.08 seconds
x1: 500 rows, 500 columns, 250000 nonzeros
Set parameter TimeLimit to value 10800
Gurobi Optimizer version 11.0.1 build v11.0.1rc0 (linux64 - "AlmaLinux 9.6 (Sage Margay)")

CPU model: AMD EPYC 9655 96-Core Processor, instruction set [SSE2|AVX|AVX2|AVX512]
Thread count: 192 physical cores, 192 logical processors, using up to 32 threads

Optimize a model with 500 rows, 500 columns and 250000 nonzeros
Model fingerprint: 0x9793321d
Model has 500 quadratic objective terms
Variable types: 0 continuous, 500 integer (0 binary)
Coefficient statistics:
  Matrix range     [7e-07, 5e-01]
  Objective range  [2e-04, 1e-01]
  QObjective range [2e-05, 1e-02]
  Bounds range     [0e+00, 0e+00]
  RHS range        [2e-03, 1e+00]
Presolve time: 0.03s
Presolved: 500 rows, 500 columns, 250000 nonzeros
Presolved model has 500 quadratic objective terms
Variable types: 0 continuous, 500 integer (0 binary)

Root relaxation: objective -1.068089e+02, 295 iterations, 0.27 seconds (0.51 work units)

    Nodes    |    Current Node    |     Objective Bounds      |     Work
 Expl Unexpl |  Obj  Depth IntInf | Incumbent    BestBd   Gap | It/Node Time

     0     0 -106.80888    0  500          - -106.80888      -     -    0s
     0     0 -106.80747    0  500          - -106.80747      -     -    2s
     0     2 -106.80731    0  500          - -106.80731      -     -    6s
   223   256 -106.80208    8  492          - -106.80633      -   2.5   10s
   526  1107 -106.80172   14  487          - -106.80603      -   2.5   16s
  1106  2314 -106.79771   30  474          - -106.80550      -   2.4   22s
  2313  3877 -106.78737   61  446          - -106.80550      -   2.5   30s
  3876  5539 -106.77584  112  411          - -106.80550      -   2.7   38s
  5538  7280 -106.75927  158  388          - -106.80550      -   2.8   46s
  7279  9054 -106.73843  206  360          - -106.80550      -   3.0   53s
  9053 10932 -106.71629  253  333          - -106.80550      -   3.2   60s
 10931 12116 -106.68531  313  301          - -106.80550      -   3.5   66s
 12115 14065 -106.65455  346  288          - -106.80550      -   3.7   73s
 14064 15783 -106.60582  394  269          - -106.80550      -   4.3   80s
 15787 15787 -106.65723  354  500          - -106.80550      -   5.1   94s
 15788 15790 -106.80550   16  499          - -106.80550      -   5.1   95s
 16042 15990 -106.79718   24  491          - -106.79987      -   5.0  100s
 16234 16124 -106.79355   27  488          - -106.79924      -   5.0  105s
 16750 17240 -106.78489   34  481          - -106.79924      -   4.9  116s
 17560 18316 -106.76893   45  470          - -106.79924      -   4.8  125s
 18906 18952 -106.75126   62  453          - -106.79924      -   4.6  132s
 19991 19603 -106.74282   76  439          - -106.79924      -   4.5  139s
 21004 20194 -106.73091   90  425          - -106.79924      -   4.4  145s
 21932 20921 -106.71751  103  413          - -106.79924      -   4.4  152s
 22969 21626 -106.70717  117  398          - -106.79924      -   4.3  159s
 24019 22358 -106.69158  132  387          - -106.79924      -   4.3  165s
 25101 23059 -106.67918  147  373          - -106.79924      -   4.3  172s
 26163 23812 -106.66710  163  359          - -106.79924      -   4.4  178s
 27270 24568 -106.65323  179  348          - -106.79924      -   4.4  185s
 28395 25136 -106.64336  196  336          - -106.79924      -   4.5  190s
 29338 26028 -106.63013  211  328          - -106.79924      -   4.6  197s
 30544 26918 -106.61722  228  320          - -106.79924      -   4.8  206s
 31836 27784 -106.59616  247  309          - -106.79924      -   5.0  213s
 33133 28652 -106.58299  266  304          - -106.79924      -   5.2  220s
 34433 29567 -106.56601  285  295          - -106.79924      -   5.4  227s
 35782 30342 -106.54526  305  287          - -106.79924      -   5.7  233s
 37006 31372 -106.51748  324  281          - -106.79924      -   6.0  240s
 38444 32290 -106.47340  345  265          - -106.79924      -   6.3  247s
 39842 33244 -106.44324  367  258          - -106.79924      -   6.7  253s
 41262 34320 -106.40101  390  239          - -106.79924      -   7.0  260s
 42811 34593 -106.33098  412  236          - -106.79924      -   7.5  265s
 43600 36035 -106.34322  423  231          - -106.79924      -   7.7  273s
 45305 36985 -106.28395  447  219          - -106.79924      -   8.3  279s
 46824 38214 -106.24582  468  210          - -106.79924      -   8.8  286s
 48559 39348 -106.13196  494  203          - -106.79924      -   9.5  293s
 50271 40539 -105.98618  518  200          - -106.79924      -  10.3  300s
 52033 41757 -105.98747  542  185          - -106.79924      -  11.1  307s
 53838 43028 -105.81298  566  180          - -106.79924      -  12.0  313s
 55711 44277 -105.80065  589  168          - -106.79924      -  13.0  320s
 58076 45958 -105.52368  624  154          - -106.79924      -  14.4  331s
 60054 47265 -105.03740  659  141          - -106.79924      -  15.7  344s
 62064 48842  postponed  674               - -106.79924      -  17.1  357s
 64459 51081 infeasible  674               - -106.79924      -  18.6  412s
 67187 54470 -106.75348  118  407          - -106.79913      -  20.6  471s
 70668 58015 -106.66169  256  326          - -106.79913      -  22.5  562s
 74379 63140 -106.57166  335  279          - -106.79913      -  24.1  582s
 79596 67378 -106.39846  424  244          - -106.79913      -  24.9  671s
 84048 67598 -106.20724  478  224          - -106.79913      -  26.1  679s
 84326 73495 -106.19698  475  229          - -106.79913      -  26.3  775s
 90429 78376 -105.90982  527  205          - -106.79913      -  26.7  812s
 95430 83518 -105.59971  566  192          - -106.79913      -  26.9  860s
 100684 88188 -105.27302  627  159          - -106.79913      -  27.0  986s
 105372 92756 -104.90637  671  140          - -106.79913      -  27.4 1004s
 110076 96926 -104.43926  717  125          - -106.79913      -  27.6 1085s
 114370 101924 -106.76289   60  456          - -106.79880      -  28.3 1175s
 119418 106923 -106.60239  223  325          - -106.79880      -  29.0 1268s
 124471 112731 -106.48206  310  283          - -106.79880      -  29.4 1362s
 130429 118482 -106.34687  365  261          - -106.79880      -  30.1 1463s
 136284 124520 -106.18375  415  243          - -106.79880      -  31.1 1558s
 142546 131381 -105.97400  474  230          - -106.79880      -  31.8 1657s
 149547 131649 -105.80447  508  209          - -106.79880      -  32.2 1747s
 149819 160499 -105.80116  509  209          - -106.79880      -  32.8 2073s
 179330 166239 -103.39606  696  142          - -106.79880      -  34.5 2199s
 185134 173684 -101.72845  746  124          - -106.79880      -  35.0 2297s
 192699 180873 -106.68827  126  398          - -106.79862      -  35.6 2398s
 199972 188334 -106.46051  287  291          - -106.79862      -  36.1 2499s
 207553 188697 -106.17554  370  263          - -106.79862      -  36.6 2592s
 207924 196209 -106.16569  373  265          - -106.79862      -  37.2 2688s
 215562 201767 -105.88287  443  234          - -106.79862      -  37.7 2784s
 221320 208978 -105.54353  503  217          - -106.79862      -  38.3 2879s
 228766 216284 -105.17466  545  192          - -106.79862      -  38.6 2974s
 236130 223223 -104.68246  597  180          - -106.79862      -  38.8 3070s
 243241 229757 -104.01756  651  160          - -106.79862      -  39.1 3163s
 249911 236399 -103.55564  685  145          - -106.79862      -  39.3 3262s
 256621 243679 -102.23230  742  133          - -106.79862      -  39.7 3396s
 264287 252748 infeasible  770               - -106.79862      -  40.5 3501s
 273564 260229 infeasible  769               - -106.79862      -  40.7 3592s
 281187 266631 infeasible  771               - -106.79862      -  40.7 3694s
 287619 269567  postponed  773               - -106.79862      -  41.2 3793s
 290645 280285 infeasible  773               - -106.79862      -  41.3 3888s
 301457 288348 infeasible  774               - -106.79862      -  41.3 3979s
 309666 295496 infeasible  775               - -106.79862      -  41.3 4069s
 316938 302527 infeasible  776               - -106.79862      -  41.5 4167s
 324029 308545 infeasible  777               - -106.79862      -  41.6 4256s
 330133 315506 infeasible  778               - -106.79862      -  41.9 4352s
 337260 322206 infeasible  779               - -106.79862      -  42.1 4453s
 344024 329077 infeasible  780               - -106.79862      -  42.4 4555s
 351077 329426 infeasible  781               - -106.79862      -  42.7 4651s
 351432 358828 infeasible  782               - -106.79862      -  43.0 4936s
 381478 366420  postponed  786               - -106.79862      -  43.1 4995s
 389078 371694 infeasible  787               - -106.79862      -  43.0 5050s
 394412 377210 infeasible  787               - -106.79862      -  43.0 5107s
 400094 382641 infeasible  787               - -106.79862      -  43.0 5165s
 405715 388229 infeasible  791               - -106.79862      -  43.0 5206s
 411419 395921 -106.59468  178  350          - -106.79775      -  42.9 5237s
 419129 400676 -106.37220  271  296          - -106.79775      -  42.7 5256s
 423906 405157 -106.17652  329  267          - -106.79775      -  42.6 5273s
 428437 409938 -105.99938  364  255          - -106.79775      -  42.5 5297s
 433328 414713 -105.76272  402  250          - -106.79775      -  42.4 5319s
 438103 419353 -105.48017  445  238          - -106.79775      -  42.3 5337s
 442743 421945 -105.25253  476  228          - -106.79775      -  42.3 5356s
 445337 434995 -105.02677  496  226          - -106.79775      -  42.3 5402s
 458493 440163 -104.20947  576  193          - -106.79775      -  42.2 5422s
 463801 445168 -103.80776  605  188          - -106.79775      -  42.3 5499s
 468982 450686 -103.17516  643  170          - -106.79775      -  42.5 5574s
 474682 457586 -102.65164  668  166          - -106.79775      -  42.6 5663s
 481876 464200 -101.37571  713  155          - -106.79775      -  42.7 5749s
 488590 471222 -100.36380  749  141          - -106.79775      -  42.7 5822s
 495644 477662  -99.57657  774  135          - -106.79775      -  42.6 5901s
 502236 483555 -106.73260   72  445          - -106.79720      -  42.6 5977s
 508257 490891 -106.56826  180  344          - -106.79720      -  42.6 6014s
 515875 491194 -106.30042  278  291          - -106.79720      -  42.4 6022s
 516188 496531 -106.28206  283  290          - -106.79720      -  42.4 6047s
 521589 501550 -106.01837  330  280          - -106.79720      -  42.3 6068s
 526684 506041 -105.91863  355  267          - -106.79720      -  42.1 6086s
 531175 510637 -105.78244  379  253          - -106.79720      -  42.1 6256s
 535855 516067 -105.62122  409  256          - -106.79720      -  42.1 6281s
 541307 523024 -105.41910  436  240          - -106.79720      -  42.0 6311s
 548328 527623 -105.14348  479  225          - -106.79720      -  41.9 6328s
 552977 532019 -104.96095  499  224          - -106.79720      -  41.9 6349s
 557381 536706 -104.77995  518  222          - -106.79720      -  41.9 6368s
 562128 541470 -104.55317  539  222          - -106.79720      -  41.9 6385s
 566892 546291 -104.38498  559  208          - -106.79720      -  41.9 6404s
 571713 552832 -104.09549  586  202          - -106.79720      -  41.9 6427s
 578378 557335 -103.73111  613  186          - -106.79720      -  42.0 6446s
 582909 562345 -103.39545  639  179          - -106.79720      -  42.0 6465s
 587967 567424 -103.02960  662  173          - -106.79720      -  42.0 6484s
 593048 567679 -102.86475  677  165          - -106.79720      -  42.1 6493s
 593311 573226 -102.84907  678  167          - -106.79720      -  42.1 6513s
 599106 578032 -102.29235  708  156          - -106.79720      -  42.1 6533s
 604014 584945 -101.45040  741  146          - -106.79720      -  42.1 6561s
 611303 589790 -100.31041  773  130          - -106.79720      -  42.0 6584s
 616320 594492 infeasible  802               - -106.79720      -  42.0 6605s
 621076 599207 infeasible  807               - -106.79720      -  41.9 6625s
 625843 603807 -106.62516  144  375          - -106.79705      -  41.8 6643s
 630531 608137 -106.51986  202  330          - -106.79705      -  41.8 6661s
 635049 615428 -106.38865  246  310          - -106.79705      -  41.7 6694s
 642458 619996 -106.13629  314  272          - -106.79705      -  41.6 6712s
 647036 624311 -105.92881  350  251          - -106.79705      -  41.5 6731s
 651535 629007 -105.73489  381  258          - -106.79705      -  41.5 6751s
 656231 633594 -105.61806  409  240          - -106.79705      -  41.4 6771s
 660818 637764 -105.46660  434  245          - -106.79705      -  41.3 6787s
 665030 643882 -105.22549  462  235          - -106.79705      -  41.3 6811s
 671270 648713 -104.93354  493  227          - -106.79705      -  41.3 6852s
 676127 653469 -104.78750  510  211          - -106.79705      -  41.3 6893s
 680885 658310 -104.43880  541  215          - -106.79705      -  41.3 6937s
 685738 658922 -104.31395  557  220          - -106.79705      -  41.4 7006s
 686356 664112 -104.29457  560  214          - -106.79705      -  41.4 7068s
 691657 669631 -104.00569  581  209          - -106.79705      -  41.5 7094s
 697292 676096 -103.73819  606  202          - -106.79705      -  41.5 7124s
 703789 680777 -103.29351  643  186          - -106.79705      -  41.5 7143s
 708640 685484 -102.83278  671  181          - -106.79705      -  41.6 7164s
 713369 689927 -102.17051  694  182          - -106.79705      -  41.6 7244s
 717842 695295 -101.94882  709  175          - -106.79705      -  41.7 7342s
 723252 701112 -101.12304  743  166          - -106.79705      -  41.8 7421s
 729241 706843 -100.84542  760  155          - -106.79705      -  41.9 7500s
 735116 714517  -99.92616  786  156          - -106.79705      -  42.0 7602s
 742894 721255  -98.00461  828  145          - -106.79705      -  42.1 7681s
 749950 721588  -95.65377  862  136          - -106.79705      -  42.2 7761s
 750319 728620  -95.50634  862  135          - -106.79705      -  42.3 7847s
 757587 736312 infeasible  877               - -106.79705      -  42.3 7922s
 765385 742801 -106.57186  164  364          - -106.79667      -  42.2 8004s
 771948 748750 -106.35191  259  288          - -106.79667      -  42.2 8078s
 777939 754745 -106.08285  330  274          - -106.79667      -  42.2 8156s
 784060 760171 -105.84284  379  254          - -106.79667      -  42.2 8232s
 789631 766175 -105.58389  415  246          - -106.79667      -  42.2 8304s
 795735 772172 -105.34568  445  233          - -106.79667      -  42.3 8387s
 801780 778980 -105.06439  490  231          - -106.79667      -  42.3 8467s
 808596 785163 -104.66029  527  215          - -106.79667      -  42.4 8551s
 814933 791949 -104.33924  559  201          - -106.79667      -  42.5 8629s
 821887 798465 -103.91275  599  195          - -106.79667      -  42.5 8706s
 828421 804930 -103.09656  637  191          - -106.79667      -  42.6 8786s
 834976 805237 -102.62571  665  184          - -106.79667      -  42.6 8798s
 835321 812133 -102.63721  665  181          - -106.79667      -  42.6 8826s
 842317 818311 -102.14825  698  169          - -106.79667      -  42.6 8851s
 848587 823813 -101.82145  717  161          - -106.79667      -  42.6 8875s
 854183 828999 -101.25281  744  153          - -106.79667      -  42.6 8895s
 859451 835918 -100.64242  766  151          - -106.79667      -  42.5 8926s
 866536 840302  -99.27014  806  140          - -106.79667      -  42.5 8946s
 871208 844929  -98.85267  826  137          - -106.79667      -  42.5 8967s
 876045 849979  -98.24860  847  130          - -106.79667      -  42.5 8993s
 881233 854653  -97.03578  875  127          - -106.79667      -  42.4 9014s
 885991 858975  -96.46530  889  125          - -106.79667      -  42.3 9032s
 890313 865617  -94.79945  910  118          - -106.79667      -  42.3 9059s
 897053 870173 -106.63067  139  382          - -106.79658      -  42.2 9080s
 901683 874744 -106.45297  220  316          - -106.79658      -  42.2 9143s
 906258 879962 -106.26391  279  293          - -106.79658      -  42.2 9164s
 911574 885006 -106.07783  321  284          - -106.79658      -  42.2 9187s
 916618 889372 -105.90661  361  270          - -106.79658      -  42.1 9204s
 921018 895653 -105.71054  392  261          - -106.79658      -  42.1 9228s
 927379 900452 -105.50007  423  248          - -106.79658      -  42.1 9247s
 932196 905186 -105.19076  452  239          - -106.79658      -  42.1 9266s
 936988 909717 -105.01799  472  249          - -106.79658      -  42.1 9327s
 941743 914812 -104.76311  503  240          - -106.79658      -  42.1 9367s
 946904 915088 -104.56781  524  225          - -106.79658      -  42.1 9380s
 947182 920291 -104.53925  523  226          - -106.79658      -  42.2 9400s
 952391 926682 -104.11034  555  223          - -106.79658      -  42.2 9428s
 958844 931406 -103.86128  589  218          - -106.79658      -  42.2 9448s
 963596 935915 -103.71392  601  206          - -106.79658      -  42.2 9480s
 968189 940826 -103.43249  622  202          - -106.79658      -  42.2 9501s
 973230 945849 -103.06826  648  193          - -106.79658      -  42.2 9523s
 978271 950362 -102.76092  668  188          - -106.79658      -  42.2 9542s
 982836 956806 -102.61868  678  186          - -106.79658      -  42.2 9572s
 989308 961378 -101.91201  709  178          - -106.79658      -  42.2 9588s
 993912 965780 -101.48852  726  167          - -106.79658      -  42.2 9625s
 998532 970992 -101.21538  745  162          - -106.79658      -  42.3 9651s
 1004054 975815 -100.77945  766  148          - -106.79658      -  42.3 9733s
 1009041 980497 -100.35228  787  144          - -106.79658      -  42.3 9811s
 1013887 986928  -99.12071  814  142          - -106.79658      -  42.3 9892s
 1020406 992948  -97.72828  847  129          - -106.79658      -  42.3 9970s
 1026560 999110 -106.79431   27  488          - -106.79639      -  42.3 9995s
 1032912 999386 -106.52822  184  350          - -106.79639      -  42.2 10006s
 1033210 1004985 -106.52127  184  350          - -106.79639      -  42.2 10035s
 1038817 1010599 -106.35832  248  307          - -106.79639      -  42.2 10060s
 1044431 1017043 -106.12977  310  284          - -106.79639      -  42.1 10085s
 1050921 1021646 -105.94620  355  265          - -106.79639      -  42.1 10105s
 1055630 1026249 -105.73456  388  250          - -106.79639      -  42.1 10128s
 1060271 1030860 -105.40351  424  247          - -106.79639      -  42.0 10152s
 1064938 1035496 -104.99952  459  236          - -106.79639      -  42.0 10175s
 1069574 1040134 -104.85377  483  230          - -106.79639      -  42.0 10194s
 1074256 1045903 -104.67771  503  221          - -106.79639      -  42.0 10223s
 1080059 1050726 -104.30210  533  208          - -106.79639      -  42.0 10242s
 1084964 1055439 -104.03783  563  198          - -106.79639      -  42.0 10262s
 1089758 1060384 -103.41761  594  188          - -106.79639      -  42.0 10285s
 1094809 1065394 -103.09269  620  182          - -106.79639      -  42.0 10307s
 1099933 1069963 -102.59338  645  174          - -106.79639      -  42.0 10326s
 1104506 1076122 -102.34732  662  163          - -106.79639      -  42.0 10350s
 1110711 1080903 -101.29097  697  160          - -106.79639      -  42.0 10368s
 1115510 1085303 -101.06400  708  156          - -106.79639      -  42.0 10386s
 1120200 1090427 -100.81947  722  153          - -106.79639      -  42.1 10412s
 1125364 1095196 -100.40313  736  148          - -106.79639      -  42.0 10444s
 1130141 1095445 -100.24175  745  148          - -106.79639      -  42.0 10453s
 1130402 1100181 -100.11650  744  147          - -106.79639      -  42.0 10472s
 1135188 1105818  -99.87063  762  142          - -106.79639      -  42.0 10499s
 1141073 1110421  -98.70260  794  131          - -106.79639      -  42.1 10518s
 1145836 1115167  -97.89543  816  122          - -106.79639      -  42.1 10592s
 1150674 1120876  -95.30254  846  126          - -106.79639      -  42.1 10657s
 1156579 1125989 -106.68726   99  422          - -106.79627      -  42.1 10695s
 1161912 1131601 -106.49127  195  338          - -106.79627      -  42.1 10765s
 1167544 1137657 -106.24645  278  298          - -106.79627      -  42.1 10793s
 1173694 1139930 -106.03499  339  279          - -106.79627      -  42.0 10800s

Explored 1175967 nodes (49441379 simplex iterations) in 10800.08 seconds (12638.70 work units)
Thread count was 32 (of 192 available processors)

Solution count 0

Time limit reached
Best objective -, best bound -1.067962717804e+02, gap -

