Solver command line: ['/cvmfs/restricted.computecanada.ca/easybuild/software/2023/x86-64-v3/Core/gurobi/11.0.1/bin/gurobi.sh']

Set parameter TokenServer to value "license1.computecanada.ca"
Read LP format model from file /tmp/tmp6_auw21y.pyomo.lp
Reading time = 0.08 seconds
x1: 500 rows, 500 columns, 250000 nonzeros
Set parameter TimeLimit to value 10800
Gurobi Optimizer version 11.0.1 build v11.0.1rc0 (linux64 - "AlmaLinux 9.6 (Sage Margay)")

CPU model: AMD EPYC 9655 96-Core Processor, instruction set [SSE2|AVX|AVX2|AVX512]
Thread count: 192 physical cores, 192 logical processors, using up to 32 threads

Optimize a model with 500 rows, 500 columns and 250000 nonzeros
Model fingerprint: 0xf8eebb6e
Model has 500 quadratic objective terms
Variable types: 0 continuous, 500 integer (0 binary)
Coefficient statistics:
  Matrix range     [7e-07, 5e-01]
  Objective range  [2e-04, 1e-01]
  QObjective range [2e-05, 1e-02]
  Bounds range     [0e+00, 0e+00]
  RHS range        [4e-03, 1e+00]
Presolve time: 0.04s
Presolved: 500 rows, 500 columns, 250000 nonzeros
Presolved model has 500 quadratic objective terms
Variable types: 0 continuous, 500 integer (0 binary)

Root relaxation: objective -1.062285e+02, 288 iterations, 0.28 seconds (0.50 work units)

    Nodes    |    Current Node    |     Objective Bounds      |     Work
 Expl Unexpl |  Obj  Depth IntInf | Incumbent    BestBd   Gap | It/Node Time

     0     0 -106.22846    0  500          - -106.22846      -     -    0s
     0     0 -106.22695    0  500          - -106.22695      -     -    2s
     0     2 -106.22681    0  500          - -106.22681      -     -    6s
   159   192 -106.22202    7  494          - -106.22468      -   2.1   10s
   539  1109 -106.22106   17  484          - -106.22437      -   2.2   17s
  1108  2297 -106.21720   36  467          - -106.22437      -   2.2   24s
  2296  3894 -106.21079   66  445          - -106.22437      -   2.4   32s
  3893  5572 -106.19520  110  417          - -106.22437      -   2.6   40s
  5571  6735 -106.17739  161  381          - -106.22437      -   2.7   46s
  6734  8545 -106.15297  195  364          - -106.22437      -   3.1   55s
  8544 10438 -106.13670  255  325          - -106.22437      -   3.3   62s
 10437 11950 -106.11468  310  302          - -106.22437      -   3.5   69s
 11949 13956 -106.07521  347  286          - -106.22437      -   3.8   76s
 13955 15868 -106.00537  403  259          - -106.22437      -   4.2   83s
 15868 15869 -106.18798  125  500          - -106.22437      -   4.8   85s
 15872 15872 -106.03781  332  500          - -106.22437      -   4.8   91s
 15999 15989 -106.21895   22  493          - -106.21933      -   4.8   95s
 16385 16456 -106.21289   28  487          - -106.21833      -   4.7  101s
 16626 16414 -106.20884   31  484          - -106.21833      -   4.7  105s
 16665 17102 -106.20305   35  480          - -106.21833      -   4.7  110s
 17366 17855 -106.19133   44  471          - -106.21833      -   4.6  117s
 18352 18483 -106.17645   57  459          - -106.21833      -   4.5  123s
 19309 19166 -106.16450   71  445          - -106.21833      -   4.4  130s
 20311 19804 -106.15261   84  432          - -106.21833      -   4.3  136s
 21283 20480 -106.14248   97  418          - -106.21833      -   4.2  142s
 22283 21116 -106.13407  111  404          - -106.21833      -   4.2  148s
 23252 21782 -106.12048  124  392          - -106.21833      -   4.2  154s
 24241 22459 -106.11238  138  379          - -106.21833      -   4.1  160s
 25248 23138 -106.09892  152  368          - -106.21833      -   4.2  166s
 26263 23823 -106.08260  167  357          - -106.21833      -   4.2  171s
 27286 24505 -106.07089  182  348          - -106.21833      -   4.3  177s
 28309 25136 -106.05968  197  341          - -106.21833      -   4.4  184s
 29281 25840 -106.04793  211  331          - -106.21833      -   4.5  189s
 30309 26813 -106.03901  228  325          - -106.21833      -   4.7  198s
 31625 27512 -106.02020  248  305          - -106.21833      -   4.9  204s
 32762 28299 -105.99663  265  297          - -106.21833      -   5.1  210s
 33928 29018 -105.97561  283  288          - -106.21833      -   5.3  216s
 35036 29883 -105.96803  299  280          - -106.21833      -   5.5  223s
 36270 30805 -105.94101  317  271          - -106.21833      -   5.8  229s
 37604 31731 -105.91964  336  263          - -106.21833      -   6.1  236s
 38974 32536 -105.88886  357  248          - -106.21833      -   6.5  242s
 40236 33599 -105.86597  376  243          - -106.21833      -   6.9  249s
 41720 34466 -105.79325  398  233          - -106.21833      -   7.3  255s
 43081 35502 -105.75596  419  228          - -106.21833      -   7.7  262s
 44571 36588 -105.75560  442  221          - -106.21833      -   8.2  269s
 46154 37609 -105.68574  465  212          - -106.21833      -   8.8  275s
 48106 39050 -105.62349  496  199          - -106.21833      -   9.5  287s
 49794 40187 -105.55988  520  192          - -106.21833      -  10.3  293s
 51494 41178 -105.49054  543  186          - -106.21833      -  11.1  299s
 53051 42419 -105.41709  566  177          - -106.21833      -  11.9  306s
 54811 43628 -105.31637  589  168          - -106.21833      -  12.9  312s
 56607 44902 -105.21181  615  158          - -106.21833      -  14.1  318s
 58480 46264 -105.03219  643  147          - -106.21833      -  15.3  325s
 60466 47576 -104.79935  679  133          - -106.21833      -  16.7  339s
 62484 49292 -104.42732  718  124          - -106.21810      -  18.0  352s
 65077 51655 -106.17060  124  396          - -106.21791      -  19.3  365s
 67802 53304 -106.10244  226  332          - -106.21791      -  20.2  374s
 69483 56541 -106.04468  278  304          - -106.21791      -  20.9  388s
 72720 59852 -105.95735  355  270          - -106.21791      -  22.0  400s
 76165 63549 -105.88964  409  246          - -106.21791      -  23.3  416s
 80104 67528 -105.77249  472  223          - -106.21791      -  24.1  433s
 84285 71993 -105.64300  514  206          - -106.21791      -  24.2  451s
 88986 76313 -105.48190  545  197          - -106.21791      -  24.2  468s
 93402 81336 -105.31398  590  176          - -106.21791      -  24.1  489s
 98449 81522 -104.98435  636  164          - -106.21791      -  24.0  496s
 98635 85858 -105.06175  639  161          - -106.21791      -  24.0  512s
 102975 89889 -104.60101  687  141          - -106.21791      -  24.2  526s
 107104 94031 -103.81622  718  128          - -106.21791      -  24.5  542s
 111298 98188 -106.11084  158  373          - -106.21789      -  24.9  557s
 115589 101961 -105.98857  267  311          - -106.21789      -  25.2  574s
 119438 106142 -105.88430  323  287          - -106.21789      -  25.5  591s
 123739 110864 -105.76925  385  254          - -106.21789      -  25.8  610s
 128535 115226 -105.65285  428  238          - -106.21789      -  26.1  627s
 132940 119438 -105.49980  474  214          - -106.21789      -  26.5  642s
 137322 123827 -105.37224  502  203          - -106.21789      -  26.8  662s
 141959 128383 -105.20510  534  192          - -106.21789      -  27.1  680s
 146607 132391 -105.04935  567  174          - -106.21789      -  27.2  697s
 150838 137163 -104.66728  599  165          - -106.21789      -  27.3  718s
 155666 142145 -104.36140  635  151          - -106.21789      -  27.2  739s
 160680 146595 -103.73094  662  139          - -106.21789      -  27.3  756s
 165294 151200 -106.10416  153  369          - -106.21749      -  27.3  777s
 169975 155729 -105.98413  249  321          - -106.21749      -  27.3  794s
 174518 155953 -105.88001  315  283          - -106.21749      -  27.4  802s
 174748 160458 -105.86907  319  276          - -106.21749      -  27.4  819s
 179317 165099 -105.75502  358  257          - -106.21749      -  27.6  838s
 184044 169894 -105.62746  404  251          - -106.21749      -  27.9  859s
 188889 174395 -105.51896  454  230          - -106.21749      -  28.1  911s
 193644 180059 -105.36522  491  215          - -106.21749      -  28.6  990s
 199532 185862 -105.18096  531  199          - -106.21749      -  29.0 1012s
 205453 191595 -104.95377  568  188          - -106.21749      -  29.2 1052s
 211373 197013 -104.78648  596  179          - -106.21749      -  29.6 1088s
 216977 202329 -104.51661  631  160          - -106.21749      -  29.9 1170s
 222495 207486 -104.14945  658  146          - -106.21749      -  30.5 1236s
 227786 213952 -103.67072  690  127          - -106.21749      -  30.8 1335s
 234316 221257 infeasible  706               - -106.21749      -  31.5 1397s
 241799 221608 -106.07577  175  355          - -106.21695      -  31.9 1471s
 242162 229603 -106.06987  183  349          - -106.21695      -  32.3 1542s
 250271 236381 -105.81743  323  275          - -106.21695      -  32.7 1627s
 257413 241507 -105.59929  401  238          - -106.21695      -  33.2 1692s
 262697 248803 -105.46052  447  225          - -106.21695      -  33.5 1766s
 270235 255786 -105.15504  510  200          - -106.21695      -  33.9 1834s
 277332 262613 -104.80399  550  175          - -106.21695      -  34.2 1915s
 284277 269347 -104.50265  578  160          - -106.21695      -  34.2 1974s
 291117 275279 -104.10189  608  153          - -106.21695      -  34.3 2048s
 297201 281368 -103.40518  644  139          - -106.21695      -  34.3 2092s
 303494 286848 -102.79326  662  134          - -106.21633      -  34.4 2165s
 309136 292705 -106.17224   75  440          - -106.21633      -  34.4 2231s
 315026 298303 -105.97190  235  320          - -106.21633      -  34.4 2311s
 320676 303552 -105.81088  309  288          - -106.21633      -  34.5 2369s
 325959 309403 -105.66154  355  262          - -106.21633      -  34.6 2427s
 331974 312100 -105.50205  408  247          - -106.21633      -  34.8 2502s
 334677 318750 -105.45217  422  243          - -106.21633      -  34.9 2564s
 341465 324698 -105.26268  460  227          - -106.21633      -  35.1 2594s
 347735 330624 -105.05969  500  213          - -106.21633      -  35.2 2618s
 353723 335870 -104.90739  531  205          - -106.21633      -  35.3 2640s
 359158 340727 -104.67483  566  183          - -106.21633      -  35.3 2664s
 364123 345559 -104.46508  594  170          - -106.21633      -  35.4 2772s
 369201 350931 -104.19355  624  159          - -106.21633      -  35.5 2880s
 374611 356109 -103.90450  653  146          - -106.21633      -  35.5 2950s
 379895 361585 -103.60248  666  142          - -106.21633      -  35.5 3016s
 385479 361871 -103.06164  687  134          - -106.21633      -  35.6 3122s
 385775 392114 -102.98595  688  132          - -106.21633      -  35.7 3298s
 416810 398135 -105.71149  339  261          - -106.21602      -  35.9 3371s
 422871 403968 -105.57384  370  255          - -106.21602      -  36.0 3441s
 428880 409785 -105.43996  413  228          - -106.21602      -  36.1 3548s
 435011 415607 -105.31734  441  221          - -106.21602      -  36.1 3657s
 440943 421200 -105.15781  467  209          - -106.21602      -  36.2 3736s
 446682 426721 -104.97084  502  194          - -106.21602      -  36.2 3815s
 452381 433095 -104.82014  523  188          - -106.21602      -  36.3 3889s
 458913 439259 -104.59067  551  168          - -106.21602      -  36.3 3972s
 465099 445399 -104.30808  588  174          - -106.21602      -  36.4 4046s
 471343 445711 -103.96093  618  151          - -106.21602      -  36.4 4116s
 471657 452383 -103.91161  623  146          - -106.21602      -  36.5 4191s
 478425 458048 -103.05400  657  138          - -106.21602      -  36.6 4265s
 484342 464121 infeasible  677               - -106.21602      -  36.7 4333s
 490557 470060 -106.00272  193  337          - -106.21560      -  36.7 4406s
 496578 475940 -105.84998  270  283          - -106.21560      -  36.8 4472s
 502642 481935 -105.68786  331  270          - -106.21560      -  36.9 4540s
 508677 487727 -105.52993  378  252          - -106.21560      -  36.9 4611s
 514481 492855 -105.41524  406  245          - -106.21560      -  36.9 4677s
 519655 497942 -105.22326  448  229          - -106.21560      -  37.0 4740s
 524958 502592 -105.08851  474  220          - -106.21560      -  37.1 4806s
 529782 508336 -104.95836  497  210          - -106.21560      -  37.1 4873s
 535616 513708 -104.82370  517  201          - -106.21560      -  37.2 4935s
 541126 519376 -104.66050  538  195          - -106.21560      -  37.2 5005s
 547052 524159 -104.42486  568  184          - -106.21560      -  37.3 5075s
 552025 529898 -104.23966  587  175          - -106.21560      -  37.4 5123s
 557920 535123 -103.99404  613  163          - -106.21560      -  37.4 5146s
 563229 535388 -103.77770  631  159          - -106.21560      -  37.3 5155s
 563518 541376 -103.78393  630  161          - -106.21560      -  37.3 5180s
 569605 546704 -103.52680  656  149          - -106.21560      -  37.3 5203s
 574991 552606 -103.36373  665  145          - -106.21560      -  37.3 5224s
 581081 557447 -103.14500  674  146          - -106.21560      -  37.2 5247s
 585922 562042 -102.80062  688  132          - -106.21560      -  37.2 5263s
 590543 566505 infeasible  715               - -106.21560      -  37.2 5279s
 595128 570759 infeasible  723               - -106.21560      -  37.2 5296s
 599514 575515 -106.06842  149  374          - -106.21552      -  37.2 5317s
 604422 581291 -105.94543  234  322          - -106.21552      -  37.2 5345s
 610394 586043 -105.80375  291  289          - -106.21552      -  37.2 5366s
 615162 590679 -105.68893  337  279          - -106.21552      -  37.2 5383s
 619798 595347 -105.57684  367  256          - -106.21552      -  37.2 5399s
 624468 599860 -105.49569  394  250          - -106.21552      -  37.2 5415s
 629083 603688 -105.38501  411  242          - -106.21552      -  37.3 5470s
 633261 608299 -105.27198  430  225          - -106.21552      -  37.4 5527s
 638120 613442 -105.07245  470  213          - -106.21552      -  37.5 5553s
 643383 618250 -104.92385  500  204          - -106.21552      -  37.5 5574s
 645960 618250 -101.82405  657  144          - -106.21552      -  37.5 5575s
 648389 622936 -104.73791  538  186          - -106.21552      -  37.5 5691s
 653325 628207 -104.55849  565  182          - -106.21552      -  37.7 5793s
 658682 634993 -104.38392  584  179          - -106.21552      -  37.7 5894s
 659488 634993 -104.65662  519  199          - -106.21552      -  37.7 5895s
 665492 635309 -104.12411  618  163          - -106.21552      -  37.7 5984s
 665816 641245 -104.10969  619  163          - -106.21552      -  37.8 6078s
 671808 646859 -103.85077  649  154          - -106.21552      -  37.9 6178s
 677672 652772 -103.60751  677  134          - -106.21552      -  38.0 6267s
 683721 658643 -103.37892  695  135          - -106.21552      -  38.0 6364s
 689688 664357 -102.89851  720  130          - -106.21552      -  38.0 6441s
 695536 669826 -102.28682  732  126          - -106.21552      -  38.0 6535s
 701101 675256 -106.18956   44  471          - -106.21536      -  38.1 6597s
 706545 681250 -106.00292  188  345          - -106.21536      -  38.1 6623s
 712649 686362 -105.84616  259  296          - -106.21536      -  38.1 6672s
 717939 691520 -105.72369  302  281          - -106.21536      -  38.1 6694s
 723111 696319 -105.59656  345  260          - -106.21536      -  38.1 6713s
 727952 701015 -105.48959  375  250          - -106.21536      -  38.1 6730s
 732762 706749 -105.39413  403  238          - -106.21536      -  38.1 6759s
 738616 711437 -105.24703  432  240          - -106.21536      -  38.1 6781s
 743388 715673 -105.11733  452  223          - -106.21536      -  38.1 6800s
 747711 720709 -105.01693  473  221          - -106.21536      -  38.1 6819s
 752759 725498 -104.85026  502  216          - -106.21536      -  38.1 6836s
 757646 730119 -104.65175  533  203          - -106.21536      -  38.2 6855s
 762495 735818 -104.51506  547  192          - -106.21536      -  38.1 6881s
 768308 736065 -104.30325  572  179          - -106.21536      -  38.1 6890s
 768561 741196 -104.28280  576  187          - -106.21536      -  38.1 6911s
 773748 745881 -104.09134  591  173          - -106.21536      -  38.2 6930s
 778531 750416 -103.95629  604  171          - -106.21536      -  38.2 6949s
 783148 755651 -103.72576  631  157          - -106.21536      -  38.2 6970s
 788487 760368 -103.49814  649  143          - -106.21536      -  38.2 6991s
 793326 765643 -103.17309  674  133          - -106.21536      -  38.2 7048s
 798718 772150 -102.76608  715  121          - -106.21522      -  38.3 7087s
 805471 777690 -106.06264  139  377          - -106.21516      -  38.3 7122s
 811119 782935 -105.87478  239  306          - -106.21516      -  38.3 7158s
 816438 787777 -105.73943  293  275          - -106.21516      -  38.3 7191s
 821282 792807 -105.56577  339  273          - -106.21516      -  38.4 7224s
 826480 798252 -105.45009  368  252          - -106.21516      -  38.4 7264s
 831957 803128 -105.31111  401  236          - -106.21516      -  38.4 7295s
 836947 808323 -105.17090  423  228          - -106.21516      -  38.5 7327s
 842246 813471 -105.02789  451  216          - -106.21516      -  38.5 7362s
 847456 813734 -104.89337  472  215          - -106.21516      -  38.6 7395s
 847749 818919 -104.86572  476  215          - -106.21516      -  38.6 7427s
 853036 824686 -104.70867  506  208          - -106.21516      -  38.6 7462s
 858857 830179 -104.55492  528  199          - -106.21516      -  38.7 7499s
 864504 835312 -104.38096  547  194          - -106.21516      -  38.7 7531s
 869683 840232 -104.27097  563  190          - -106.21516      -  38.7 7550s
 874701 844978 -104.03965  588  180          - -106.21516      -  38.8 7570s
 879637 849822 -103.84713  611  163          - -106.21516      -  38.8 7592s
 884727 854634 -103.65516  631  157          - -106.21516      -  38.8 7643s
 889627 859705 -103.46907  647  153          - -106.21516      -  38.9 7702s
 894724 865900 -103.32835  657  150          - -106.21516      -  38.9 7749s
 901005 871502 -103.08514  671  144          - -106.21516      -  39.0 7803s
 906663 877133 -102.88502  679  144          - -106.21516      -  39.0 7859s
 912520 883461 -102.40119  703  132          - -106.21516      -  39.1 7914s
 918850 888961 -101.70118  732  116          - -106.21500      -  39.1 7973s
 924472 894273 -106.02852  166  361          - -106.21500      -  39.1 8030s
 929968 894581 -105.88377  247  308          - -106.21500      -  39.2 8083s
 930288 901055 -105.87851  247  307          - -106.21500      -  39.2 8149s
 936832 907335 -105.69787  312  275          - -106.21500      -  39.3 8213s
 943242 913521 -105.52470  355  262          - -106.21500      -  39.3 8272s
 949480 918910 -105.34713  396  244          - -106.21500      -  39.4 8330s
 955003 924314 -105.16515  429  230          - -106.21500      -  39.4 8389s
 960485 930425 -105.00267  449  220          - -106.21500      -  39.5 8414s
 966674 935994 -104.83596  469  212          - -106.21500      -  39.5 8438s
 972287 941297 -104.67071  488  217          - -106.21500      -  39.5 8458s
 977726 946360 -104.56128  505  209          - -106.21500      -  39.5 8479s
 982789 951923 -104.36079  529  211          - -106.21500      -  39.5 8500s
 988388 956663 -104.09798  563  186          - -106.21500      -  39.5 8521s
 993156 961258 -103.92140  583  178          - -106.21500      -  39.6 8539s
 997947 965361 -103.73204  602  175          - -106.21500      -  39.6 8555s
 1002208 970225 -103.58883  615  171          - -106.21500      -  39.6 8576s
 1007208 975094 -103.35884  631  158          - -106.21500      -  39.6 8596s
 1012137 980811 -103.19903  646  157          - -106.21500      -  39.6 8624s
 1017924 985460 -102.94596  665  147          - -106.21500      -  39.6 8662s
 1022681 990269 -102.80252  675  144          - -106.21500      -  39.6 8682s
 1027556 990525 -102.60258  684  142          - -106.21500      -  39.7 8691s
 1027816 995267 -102.61099  685  139          - -106.21500      -  39.7 8712s
 1032625 1000482 -102.26953  714  131          - -106.21500      -  39.7 8734s
 1037908 1005528 -101.69000  725  135          - -106.21500      -  39.7 8755s
 1043016 1010955 -101.50062  732  126          - -106.21493      -  39.7 8779s
 1048561 1015618 -106.19167   40  475          - -106.21493      -  39.7 8803s
 1053308 1020328 -106.00421  172  352          - -106.21493      -  39.7 8823s
 1058186 1024910 -105.85895  238  312          - -106.21493      -  39.7 8844s
 1062990 1029748 -105.74628  276  290          - -106.21493      -  39.7 8868s
 1067946 1034237 -105.62790  309  272          - -106.21493      -  39.7 8917s
 1072485 1039056 -105.52353  342  266          - -106.21493      -  39.8 8975s
 1077358 1046667 -105.39714  370  258          - -106.21493      -  39.8 9056s
 1085019 1053370 -105.17706  418  244          - -106.21493      -  39.9 9090s
 1091856 1059453 -105.00510  446  233          - -106.21493      -  40.0 9212s
 1097951 1065319 -104.84159  470  218          - -106.21493      -  40.0 9244s
 1103983 1066665 -104.59930  496  197          - -106.21493      -  40.1 9276s
 1105415 1086538 -104.55503  498  203          - -106.21493      -  40.1 9361s
 1125732 1091308 -103.76584  587  171          - -106.21493      -  40.2 9406s
 1130762 1097167 -103.55123  609  157          - -106.21493      -  40.2 9449s
 1136679 1102686 -103.26402  640  144          - -106.21493      -  40.2 9496s
 1142292 1108166 -103.02248  651  150          - -106.21493      -  40.2 9537s
 1147858 1113560 -102.78472  661  138          - -106.21493      -  40.2 9590s
 1153420 1118739 -102.46530  678  130          - -106.21493      -  40.3 9642s
 1158605 1124165 -101.69013  695  127          - -106.21493      -  40.3 9707s
 1164189 1124488 -100.19479  715  131          - -106.21493      -  40.4 9798s
 1164530 1131257 infeasible  716               - -106.21493      -  40.4 9833s
 1171537 1136920 -105.95707  199  327          - -106.21478      -  40.4 9861s
 1177286 1141642 -105.81222  265  296          - -106.21478      -  40.4 9880s
 1182038 1146251 -105.69086  305  284          - -106.21478      -  40.4 9901s
 1186653 1150365 -105.59773  336  269          - -106.21478      -  40.4 9966s
 1190873 1155733 -105.49626  362  249          - -106.21478      -  40.5 10045s
 1196375 1161300 -105.37842  385  247          - -106.21478      -  40.5 10071s
 1202010 1166859 -105.19806  419  232          - -106.21478      -  40.5 10145s
 1207569 1172702 -105.04732  446  220          - -106.21478      -  40.5 10166s
 1213462 1177278 -104.80911  476  217          - -106.21478      -  40.6 10184s
 1218122 1182391 -104.62112  504  212          - -106.21478      -  40.6 10249s
 1223471 1187975 -104.39647  533  201          - -106.21478      -  40.7 10324s
 1229291 1194246 -104.07631  570  178          - -106.21478      -  40.8 10395s
 1235706 1199828 -103.89279  598  170          - -106.21478      -  40.8 10465s
 1241362 1205234 -103.61521  628  161          - -106.21478      -  40.8 10531s
 1246868 1211239 -103.35064  649  151          - -106.21478      -  40.9 10606s
 1252991 1211579 -102.99013  671  140          - -106.21478      -  41.0 10710s
 1253339 1218661 -102.98353  668  146          - -106.21478      -  41.0 10800s

Explored 1260609 nodes (51785203 simplex iterations) in 10800.04 seconds (10805.27 work units)
Thread count was 32 (of 192 available processors)

Solution count 0

Time limit reached
Best objective -, best bound -1.062147806963e+02, gap -

