Solver command line: ['/cvmfs/restricted.computecanada.ca/easybuild/software/2023/x86-64-v3/Core/gurobi/11.0.1/bin/gurobi.sh']

Set parameter TokenServer to value "license1.computecanada.ca"
Read LP format model from file /tmp/tmpps94zi_d.pyomo.lp
Reading time = 0.31 seconds
x1: 1000 rows, 1000 columns, 1000000 nonzeros
Set parameter TimeLimit to value 10800
Gurobi Optimizer version 11.0.1 build v11.0.1rc0 (linux64 - "AlmaLinux 9.6 (Sage Margay)")

CPU model: AMD EPYC 9655 96-Core Processor, instruction set [SSE2|AVX|AVX2|AVX512]
Thread count: 192 physical cores, 192 logical processors, using up to 32 threads

Optimize a model with 1000 rows, 1000 columns and 1000000 nonzeros
Model fingerprint: 0x10a4f0ee
Model has 1000 quadratic objective terms
Variable types: 0 continuous, 1000 integer (0 binary)
Coefficient statistics:
  Matrix range     [3e-07, 5e-01]
  Objective range  [9e-05, 1e-01]
  QObjective range [2e-05, 1e-02]
  Bounds range     [0e+00, 0e+00]
  RHS range        [5e-04, 1e+00]
Presolve time: 0.15s
Presolved: 1000 rows, 1000 columns, 1000000 nonzeros
Presolved model has 1000 quadratic objective terms
Variable types: 0 continuous, 1000 integer (0 binary)

Root relaxation: objective -2.137567e+02, 570 iterations, 4.16 seconds (3.72 work units)

    Nodes    |    Current Node    |     Objective Bounds      |     Work
 Expl Unexpl |  Obj  Depth IntInf | Incumbent    BestBd   Gap | It/Node Time

     0     0 -213.75674    0 1000          - -213.75674      -     -    4s
     0     0 -213.75494    0 1000          - -213.75494      -     -    6s
     0     2 -213.75494    0 1000          - -213.75494      -     -   50s
     7    16 -213.75439    3  997          - -213.75439      -   2.3   56s
    31    64 -213.75322    5  995          - -213.75379      -   2.4   62s
    95   128 -213.75269    6  994          - -213.75327      -   2.4   68s
   127   160 -213.75192    7  993          - -213.75312      -   2.4   72s
   159   192 -213.75131    7  994          - -213.75307      -   2.4   75s
   223   256 -213.75081    8  992          - -213.75278      -   2.4   83s
   255   288 -213.75179    9  992          - -213.75278      -   2.4   86s
   287   384 -213.74961    9  992          - -213.75278      -   2.4   97s
   383   513 -213.75125   11  990          - -213.75278      -   2.3  112s
   512   787 -213.75114   13  988          - -213.75278      -   2.3  137s
   786  1698 -213.74950   19  982          - -213.75278      -   2.3  191s
  1697  3755 -213.74516   43  962          - -213.75278      -   2.3  306s
  3754  5818 -213.72653   99  917          - -213.75278      -   2.5  408s
  5817  7539 -213.71842  161  873          - -213.75278      -   2.6  502s
  7538  9473 -213.69639  209  843          - -213.75278      -   2.8  602s
  9472 11647 -213.67660  263  807          - -213.75278      -   2.9  705s
 11646 13788 -213.65649  327  757          - -213.75278      -   3.0  806s
 13787 16004 -213.63229  384  728          - -213.75278      -   3.2  908s
 16004 16005 -213.71027  141 1000          - -213.75278      -   3.4  923s
 16006 16006 -213.73064   98 1000          - -213.75278      -   3.4  929s
 16008 16008 -213.69285  181 1000          - -213.75278      -   3.4  978s
 16009 16011 -213.75278   15  999          - -213.75278      -   3.4  983s
 16011 16015 -213.75278   16  998          - -213.75278      -   3.4  985s
 16039 16061 -213.74952   19  995          - -213.74970      -   3.4  992s
 16103 16104 -213.74798   20  994          - -213.74798      -   3.4  998s
 16135 16125 -213.74640   21  993          - -213.74679      -   3.4 1002s
 16167 16147 -213.74514   21  993          - -213.74679      -   3.4 1006s
 16231 16189 -213.74432   22  992          - -213.74668      -   3.4 1013s
 16263 16211 -213.74366   23  991          - -213.74668      -   3.4 1017s
 16295 16232 -213.74337   23  991          - -213.74668      -   3.4 1021s
 16359 16275 -213.74187   24  990          - -213.74668      -   3.4 1028s
 16391 16296 -213.74126   25  989          - -213.74668      -   3.4 1032s
 16423 16317 -213.74004   25  989          - -213.74668      -   3.4 1036s
 16487 16360 -213.73866   26  988          - -213.74668      -   3.4 1053s
 16519 16381 -213.73909   27  987          - -213.74668      -   3.4 1057s
 16551 16709 -213.73798   27  987          - -213.74668      -   3.4 1090s
 16889 17514 -213.72941   33  981          - -213.74668      -   3.3 1151s
 17807 19911 -213.71014   46  968          - -213.74668      -   3.3 1338s
 20510 20589 -213.67150   80  934          - -213.74668      -   3.3 1448s
 22089 21871 -213.65715  100  914          - -213.74668      -   3.2 1571s
 23897 23052 -213.63640  124  890          - -213.74668      -   3.2 1690s
 25681 23409 -213.61582  149  866          - -213.74668      -   3.2 1752s
 26633 24975 -213.59935  164  852          - -213.74668      -   3.2 1884s
 28516 26116 -213.57836  190  826          - -213.74668      -   3.3 2009s
 30285 27512 -213.55560  215  803          - -213.74668      -   3.3 2137s
 32270 29194 -213.52614  244  778          - -213.74668      -   3.3 2302s
 34614 30339 -213.49324  279  746          - -213.74668      -   3.4 2419s
 36540 31666 -213.47331  306  725          - -213.74668      -   3.6 2538s
 38509 32990 -213.45753  335  702          - -213.74668      -   3.7 2655s
 40490 34405 -213.42740  364  677          - -213.74668      -   3.9 2775s
 42565 35694 -213.39744  394  659          - -213.74668      -   4.1 2885s
 44546 37226 -213.37335  425  635          - -213.74668      -   4.3 3012s
 46738 38365 -213.33967  458  632          - -213.74668      -   4.6 3120s
 48608 40151 -213.31378  486  617          - -213.74668      -   4.9 3260s
 51017 41800 -213.26236  522  593          - -213.74668      -   5.3 3406s
 53469 43506 -213.22189  560  578          - -213.74668      -   5.6 3542s
 55992 44895 -213.17248  600  552          - -213.74668      -   6.1 3661s
 58222 45217 -213.11063  633  547          - -213.74668      -   6.4 3726s
 59288 47949 -213.08549  653  527          - -213.74668      -   6.6 3903s
 62375 50002 -212.99767  699  510          - -213.74668      -   7.1 4126s
 65457 52415 -212.89175  742  494          - -213.74668      -   7.6 4283s
 68422 55561 -212.79021  784  473          - -213.74668      -   8.2 4436s
 71568 58786 -212.70938  827  460          - -213.74668      -   8.7 4591s
 74793 62233 -212.54836  876  450          - -213.74668      -   9.3 4762s
 78240 65496 -212.49485  921  429          - -213.74668      -  10.0 4914s
 81503 69069 -212.39397  962  416          - -213.74668      -  10.7 5084s
 85076 72731 -212.26775 1005  401          - -213.74668      -  11.5 5255s
 88738 74513 -212.13410 1050  383          - -213.74668      -  12.4 5344s
 90520 78666 -212.05798 1075  370          - -213.74668      -  12.8 5522s
 94673 82063 -211.90208 1126  360          - -213.74668      -  14.0 5683s
 98070 86377 -211.74180 1166  345          - -213.74668      -  15.0 5863s
 102384 90572 -211.57549 1217  331          - -213.74668      -  16.5 6033s
 106579 94677 -211.18717 1275  305          - -213.74668      -  18.0 6191s
 110684 98518 -210.74139 1337  279          - -213.74668      -  19.6 7679s
 114529 102150 -210.20382 1399  258          - -213.74668      -  21.7 8582s
 118229 102438 -209.36329 1464  235          - -213.74668      -  24.3 9530s
 118561 107849 -209.16156 1471  233          - -213.74668      -  25.6 10586s
 124090 111559 -213.71284   44  970          - -213.74668      -  28.4 10800s

Explored 127830 nodes (3770105 simplex iterations) in 10800.41 seconds (4351.57 work units)
Thread count was 32 (of 192 available processors)

Solution count 0

Time limit reached
Best objective -, best bound -2.137466832800e+02, gap -

