Solver command line: ['/cvmfs/restricted.computecanada.ca/easybuild/software/2023/x86-64-v3/Core/gurobi/11.0.1/bin/gurobi.sh']

Set parameter TokenServer to value "license1.computecanada.ca"
Read LP format model from file /tmp/tmpl507xqp7.pyomo.lp
Reading time = 0.08 seconds
x1: 500 rows, 500 columns, 250000 nonzeros
Set parameter TimeLimit to value 10800
Gurobi Optimizer version 11.0.1 build v11.0.1rc0 (linux64 - "AlmaLinux 9.6 (Sage Margay)")

CPU model: AMD EPYC 9655 96-Core Processor, instruction set [SSE2|AVX|AVX2|AVX512]
Thread count: 192 physical cores, 192 logical processors, using up to 32 threads

Optimize a model with 500 rows, 500 columns and 250000 nonzeros
Model fingerprint: 0x4ce07476
Model has 500 quadratic objective terms
Variable types: 0 continuous, 500 integer (0 binary)
Coefficient statistics:
  Matrix range     [7e-07, 5e-01]
  Objective range  [2e-04, 1e-01]
  QObjective range [2e-05, 1e-02]
  Bounds range     [0e+00, 0e+00]
  RHS range        [4e-03, 1e+00]
Presolve time: 0.03s
Presolved: 500 rows, 500 columns, 250000 nonzeros
Presolved model has 500 quadratic objective terms
Variable types: 0 continuous, 500 integer (0 binary)

Root relaxation: objective -1.068318e+02, 280 iterations, 0.28 seconds (0.49 work units)

    Nodes    |    Current Node    |     Objective Bounds      |     Work
 Expl Unexpl |  Obj  Depth IntInf | Incumbent    BestBd   Gap | It/Node Time

     0     0 -106.83181    0  500          - -106.83181      -     -    0s
     0     0 -106.82976    0  500          - -106.82976      -     -    2s
     0     2 -106.82976    0  500          - -106.82976      -     -    6s
   191   224 -106.82481    8  492          - -106.82747      -   2.2   10s
   532  1126 -106.82348   16  485          - -106.82743      -   2.2   16s
  1125  2354 -106.81924   35  468          - -106.82743      -   2.2   23s
  2353  3958 -106.80830   65  445          - -106.82743      -   2.4   30s
  3957  5504 -106.79705  109  413          - -106.82743      -   2.5   37s
  5503  7086 -106.78215  145  389          - -106.82743      -   2.6   44s
  7085  8687 -106.76321  193  356          - -106.82743      -   2.9   51s
  8686 10286 -106.73499  244  332          - -106.82743      -   3.1   58s
 10285 11915 -106.71085  282  313          - -106.82743      -   3.4   65s
 11914 13274 -106.67225  327  287          - -106.82743      -   3.8   70s
 13273 15218 -106.63866  368  267          - -106.82743      -   4.1   77s
 15220 15220 -106.67653  332  500          - -106.82743      -   4.6   80s
 15222 15222 -106.78285  130  500          - -106.82743      -   4.6   91s
 15253 15275 -106.82410   20  495          - -106.82612      -   4.6   95s
 15541 15467 -106.81879   25  490          - -106.82293      -   4.6  100s
 15834 16162 -106.81077   29  486          - -106.82244      -   4.5  108s
 16365 16019 -106.80167   37  478          - -106.82244      -   4.5  111s
 16399 16870 -106.80011   38  477          - -106.82244      -   4.5  117s
 17262 17844 -106.79050   48  467          - -106.82244      -   4.3  125s
 18523 18347 -106.77375   64  451          - -106.82244      -   4.2  131s
 19447 19012 -106.76426   76  439          - -106.82244      -   4.1  137s
 20420 19655 -106.75382   89  426          - -106.82244      -   4.1  143s
 21387 20309 -106.74469  102  413          - -106.82244      -   4.0  149s
 22363 20970 -106.73146  115  401          - -106.82244      -   4.0  155s
 23350 21638 -106.72149  129  388          - -106.82244      -   4.0  161s
 24347 22329 -106.70485  144  381          - -106.82244      -   4.0  167s
 25370 22943 -106.69491  158  371          - -106.82244      -   4.1  172s
 26325 23414 -106.68264  172  359          - -106.82244      -   4.2  177s
 27114 24255 -106.67440  183  350          - -106.82244      -   4.3  184s
 28218 25029 -106.66233  200  334          - -106.82244      -   4.4  190s
 29360 25806 -106.64470  217  325          - -106.82244      -   4.5  196s
 30518 26773 -106.62866  235  311          - -106.82244      -   4.7  205s
 31871 27499 -106.60601  256  304          - -106.82244      -   4.9  211s
 33048 28385 -106.58637  275  298          - -106.82244      -   5.2  217s
 34326 29149 -106.57623  296  288          - -106.82244      -   5.4  223s
 35516 30136 -106.54878  315  269          - -106.82244      -   5.7  229s
 36900 31023 -106.52088  337  260          - -106.82244      -   6.0  236s
 38248 32030 -106.48901  358  254          - -106.82244      -   6.3  242s
 39705 32966 -106.44963  381  241          - -106.82244      -   6.7  248s
 41126 34024 -106.39664  404  227          - -106.82244      -   7.1  254s
 42658 35044 -106.35700  429  218          - -106.82244      -   7.6  261s
 44189 35992 -106.29728  453  213          - -106.82244      -   8.1  267s
 45647 37108 -106.24622  476  210          - -106.82244      -   8.6  274s
 47249 38237 -106.15244  499  201          - -106.82244      -   9.2  280s
 49012 39492 -106.10245  524  204          - -106.82244      -  10.0  291s
 50755 40637 -106.01552  550  188          - -106.82244      -  10.7  298s
 52481 41841 -105.90367  578  174          - -106.82244      -  11.6  305s
 54260 43100 -105.77410  606  167          - -106.82244      -  12.6  311s
 56112 44210 -105.61983  635  157          - -106.82244      -  13.6  318s
 57839 45640 -105.37953  664  149          - -106.82244      -  14.7  324s
 59845 46819 -104.71548  701  130          - -106.82244      -  16.0  345s
 61773 49140 infeasible  713               - -106.82244      -  17.6  359s
 64561 51880 infeasible  714               - -106.82244      -  19.3  376s
 67315 54761 infeasible  714               - -106.82244      -  20.8  432s
 70214 58099 infeasible  715               - -106.82244      -  23.2  487s
 73588 62003 infeasible  717               - -106.82244      -  25.2  545s
 77676 62227 infeasible  717               - -106.82244      -  27.8  602s
 77946 67136 infeasible  718               - -106.82244      -  29.1  668s
 83237 73408 infeasible  719               - -106.82244      -  31.4  738s
 89765 79189 infeasible  720               - -106.82244      -  33.1  802s
 95664 85909 infeasible  721               - -106.82244      -  33.9  920s
 102422 91936 infeasible  722               - -106.82244      -  34.9 1047s
 108581 98571 infeasible  723               - -106.82244      -  36.2 1115s
 115382 105862 infeasible  724               - -106.82244      -  37.5 1176s
 122679 106608 infeasible  725               - -106.82244      -  38.1 1234s
 123453 128357  postponed  726               - -106.82244      -  39.1 1389s
 145824 135106 infeasible  728               - -106.82244      -  44.4 1469s
 153047 141531 infeasible  729               - -106.82244      -  46.3 1548s
 159696 151953 infeasible  729               - -106.82244      -  47.5 1631s
 170244 152311 infeasible  731               - -106.82244      -  47.7 1695s
 170694 161280  postponed  732               - -106.82244      -  49.0 1772s
 179863 169163 infeasible  732               - -106.82244      -  48.9 1856s
 187780 176168  postponed  734               - -106.82244      -  49.4 1926s
 194859 183671 infeasible  734               - -106.82244      -  49.6 1993s
 202388 191003  postponed  736               - -106.82244      -  49.9 2058s
 209870 197803 infeasible  736               - -106.82244      -  50.0 2127s
 216770 205305  postponed  738               - -106.82244      -  50.5 2194s
 224326 211182 infeasible  738               - -106.82244      -  50.7 2282s
 230413 217480  postponed  740               - -106.82244      -  51.9 2350s
 236989 225032 infeasible  740               - -106.82244      -  52.3 2437s
 244755 225414  postponed  742               - -106.82244      -  52.8 2494s
 245203 235186 infeasible  742               - -106.82244      -  53.4 2566s
 255079 243210  postponed  744               - -106.82244      -  53.1 2635s
 263275 250002  postponed  744               - -106.82244      -  52.9 2706s
 270187 256683  postponed  746               - -106.82244      -  53.0 2769s
 276992 262982  postponed  746               - -106.82244      -  52.6 2826s
 283295 269707 infeasible  747               - -106.82244      -  52.5 2887s
 290078 277388 infeasible  748               - -106.82244      -  52.4 2950s
 297783 282836 infeasible  749               - -106.82244      -  52.4 3018s
 303281 288761 infeasible  750               - -106.82244      -  52.6 3082s
 309258 295078 infeasible  751               - -106.82244      -  52.9 3146s
 315621 302283 infeasible  752               - -106.82244      -  53.2 3207s
 322938 309336 infeasible  753               - -106.82244      -  53.3 3281s
 330135 309736 infeasible  754               - -106.82244      -  53.8 3349s
 330589 318012 infeasible  755               - -106.82244      -  54.5 3490s
 339299 326510 -106.44108  235  311          - -106.82122      -  55.0 3614s
 348019 334406 -105.98709  353  270          - -106.82122      -  55.3 3734s
 356103 341307 -105.43969  444  241          - -106.82122      -  55.5 3832s
 363256 351489 -104.90670  518  229          - -106.82122      -  55.9 3938s
 373602 360186 -104.13791  599  198          - -106.82122      -  56.0 4066s
 382363 369312 -103.29277  670  166          - -106.82122      -  56.3 4196s
 391619 369713 -102.18537  723  158          - -106.82122      -  56.5 4278s
 392068 397131 -102.07170  724  157          - -106.82122      -  56.9 4602s
 419916 406127 -106.56527  176  355          - -106.82070      -  58.0 4714s
 429352 414541 -106.00412  332  270          - -106.82070      -  58.4 4836s
 438060 424863 -105.52088  415  244          - -106.82070      -  58.5 4937s
 448532 432059 -104.81438  496  229          - -106.82070      -  58.4 5071s
 455878 440789 -104.04820  560  209          - -106.82070      -  58.5 5194s
 464650 441205 -103.49293  620  195          - -106.82070      -  58.5 5324s
 465104 469337 -103.36588  626  193          - -106.82070      -  59.1 5672s
 493694 478482  -98.51032  836  128          - -106.82011      -  59.9 5760s
 502987 485940 -106.80965   35  480          - -106.82011      -  59.9 5845s
 510551 493478 -106.30203  269  301          - -106.82011      -  60.0 5940s
 518381 500796 -105.84722  370  273          - -106.82011      -  60.3 6032s
 525943 509686 -105.21118  455  248          - -106.82011      -  60.4 6128s
 535039 518071 -104.57752  535  227          - -106.82011      -  60.3 6215s
 543520 518459 -103.59058  618  207          - -106.82011      -  60.1 6286s
 543918 527169 -103.42290  624  219          - -106.82011      -  60.4 6375s
 552776 535512 -102.69306  674  202          - -106.82011      -  60.3 6453s
 561297 544873 -102.06942  725  180          - -106.82011      -  60.2 6534s
 570792 552438 -101.24754  765  172          - -106.82011      -  60.0 6620s
 578485 559212 -100.74833  794  165          - -106.82011      -  59.8 6677s
 585351 566068  -99.35737  838  149          - -106.82011      -  59.7 6807s
 592213 575626  -98.21455  873  135          - -106.82011      -  59.6 6878s
 601821 581190 -106.65188  127  397          - -106.82003      -  59.4 6940s
 607473 587059 -106.42549  234  322          - -106.82003      -  59.5 7069s
 613504 593672 -106.13529  325  282          - -106.82003      -  59.6 7183s
 620491 594054 -105.64286  423  247          - -106.82003      -  59.7 7300s
 620923 603633 -105.58533  425  254          - -106.82003      -  60.0 7417s
 630582 612014 -104.88408  517  216          - -106.82003      -  60.0 7534s
 639163 620878 -103.82460  607  193          - -106.82003      -  60.0 7652s
 648169 628436 -102.73381  670  178          - -106.82003      -  59.9 7749s
 655913 636391 -100.98835  735  145          - -106.82003      -  59.9 7846s
 664078 646408  -97.94318  797  132          - -106.82003      -  59.9 7928s
 674429 652422  -96.42904  815  128          - -106.82003      -  59.6 8002s
 680549 659003 infeasible  822               - -106.82003      -  59.5 8076s
 687195 665470 infeasible  825               - -106.82003      -  59.4 8154s
 693822 669729  postponed  822               - -106.82003      -  59.3 8240s
 698201 686516 infeasible  826               - -106.82003      -  59.4 8336s
 715372 693811 infeasible  827               - -106.82003      -  59.1 8412s
 722859 703557  postponed  828               - -106.82003      -  59.0 8496s
 732715 710528 infeasible  831               - -106.82003      -  58.8 8572s
 739782 717791 infeasible  830               - -106.82003      -  58.7 8650s
 747221 718157  postponed  831               - -106.82003      -  58.8 8730s
 747601 725387 infeasible  833               - -106.82003      -  59.1 8812s
 755045 734764  postponed  833               - -106.82003      -  59.2 8901s
 764518 741826 infeasible  834               - -106.82003      -  59.1 8981s
 771830 750938 infeasible  835               - -106.82003      -  59.2 9054s
 781042 759241 -106.25878  273  304          - -106.81965      -  59.1 9129s
 789543 767855 -105.72756  393  267          - -106.81965      -  59.0 9221s
 798329 777543 -104.97652  497  254          - -106.81965      -  59.1 9307s
 808189 781080 -104.07242  579  223          - -106.81965      -  59.1 9392s
 811790 790727 -103.40920  623  212          - -106.81965      -  59.3 9478s
 821860 799082 -101.64726  710  189          - -106.81965      -  59.3 9570s
 830353 808887 -100.30399  765  172          - -106.81965      -  59.4 9661s
 840238 817252  -97.85959  838  150          - -106.81965      -  59.4 9764s
 848809 818444  -94.65550  917  138          - -106.81965      -  59.5 9845s
 850055 829103 infeasible  938               - -106.81936      -  59.7 9961s
 861086 837812 -106.23648  281  303          - -106.81936      -  59.7 10059s
 869979 847070 -105.51893  435  256          - -106.81936      -  59.8 10150s
 879528 855685 -104.58351  559  219          - -106.81936      -  59.9 10246s
 888229 864999 -103.17593  656  192          - -106.81936      -  60.0 10337s
 897747 872830 -101.50423  744  171          - -106.81936      -  60.2 10431s
 905874 873339  -99.63774  820  154          - -106.81936      -  60.4 10521s
 906465 886883  -99.54582  822  153          - -106.81936      -  60.8 10622s
 920193 897553  -94.27448  937  127          - -106.81933      -  60.6 10714s
 931243 906819 -106.21006  312  289          - -106.81921      -  60.5 10800s

Explored 940571 nodes (56770991 simplex iterations) in 10800.04 seconds (14945.56 work units)
Thread count was 32 (of 192 available processors)

Solution count 0

Time limit reached
Best objective -, best bound -1.068192122752e+02, gap -

