Solver command line: ['/cvmfs/restricted.computecanada.ca/easybuild/software/2023/x86-64-v3/Core/gurobi/11.0.1/bin/gurobi.sh']

Set parameter TokenServer to value "license1.computecanada.ca"
Read LP format model from file /tmp/tmpgaqzgly_.pyomo.lp
Reading time = 0.31 seconds
x1: 1000 rows, 1000 columns, 1000000 nonzeros
Set parameter TimeLimit to value 10800
Gurobi Optimizer version 11.0.1 build v11.0.1rc0 (linux64 - "AlmaLinux 9.6 (Sage Margay)")

CPU model: AMD EPYC 9655 96-Core Processor, instruction set [SSE2|AVX|AVX2|AVX512]
Thread count: 192 physical cores, 192 logical processors, using up to 32 threads

Optimize a model with 1000 rows, 1000 columns and 1000000 nonzeros
Model fingerprint: 0xa82e7334
Model has 1000 quadratic objective terms
Variable types: 0 continuous, 1000 integer (0 binary)
Coefficient statistics:
  Matrix range     [3e-07, 5e-01]
  Objective range  [9e-05, 1e-01]
  QObjective range [2e-05, 1e-02]
  Bounds range     [0e+00, 0e+00]
  RHS range        [4e-04, 1e+00]
Presolve time: 0.14s
Presolved: 1000 rows, 1000 columns, 1000000 nonzeros
Presolved model has 1000 quadratic objective terms
Variable types: 0 continuous, 1000 integer (0 binary)

Root relaxation: objective -2.139239e+02, 579 iterations, 4.10 seconds (3.76 work units)

    Nodes    |    Current Node    |     Objective Bounds      |     Work
 Expl Unexpl |  Obj  Depth IntInf | Incumbent    BestBd   Gap | It/Node Time

     0     0 -213.92387    0 1000          - -213.92387      -     -    4s
     0     0 -213.92264    0 1000          - -213.92264      -     -    6s
     0     2 -213.92246    0 1000          - -213.92246      -     -   51s
     7    16 -213.92207    3  997          - -213.92246      -   2.9   56s
    31    64 -213.91940    5  995          - -213.92246      -   2.9   62s
    95   128 -213.91772    6  994          - -213.92183      -   2.7   68s
   127   160 -213.91828    7  993          - -213.92183      -   2.9   72s
   159   192 -213.91817    7  993          - -213.92164      -   2.8   75s
   223   256 -213.91742    8  992          - -213.92112      -   2.7   83s
   255   288 -213.91784    9  991          - -213.92103      -   2.7   87s
   287   384 -213.91708    9  991          - -213.92103      -   2.7   97s
   383   512 -213.91724   11  989          - -213.92103      -   2.7  111s
   511   789 -213.91703   14  986          - -213.92103      -   2.8  137s
   788  1666 -213.91447   23  979          - -213.92103      -   2.7  193s
  1665  3674 -213.90798   52  954          - -213.92103      -   2.6  314s
  3673  5725 -213.89144  112  904          - -213.92103      -   2.6  424s
  5724  7624 -213.87406  167  865          - -213.92103      -   2.7  529s
  7623  9697 -213.85355  219  833          - -213.92103      -   2.8  635s
  9696 11773 -213.83517  281  793          - -213.92103      -   2.9  741s
 11772 13980 -213.81040  343  752          - -213.92103      -   3.1  855s
 13979 16267 -213.77716  409  707          - -213.92103      -   3.3  962s
 16267 16268 -213.85166  243 1000          - -213.92103      -   3.4  976s
 16269 16269 -213.79265  408 1000          - -213.92103      -   3.4  982s
 16271 16271 -213.87049  176 1000          - -213.92103      -   3.4 1034s
 16272 16274 -213.92103   15  999          - -213.92103      -   3.5 1043s
 16278 16284 -213.91944   17  997          - -213.92060      -   3.5 1047s
 16302 16324 -213.91602   19  995          - -213.91792      -   3.4 1053s
 16334 16346 -213.91486   20  994          - -213.91693      -   3.4 1055s
 16398 16388 -213.91322   21  993          - -213.91543      -   3.4 1063s
 16430 16410 -213.91301   21  993          - -213.91488      -   3.4 1067s
 16462 16431 -213.91204   22  992          - -213.91488      -   3.4 1071s
 16494 16452 -213.91085   22  992          - -213.91434      -   3.4 1075s
 16558 16495 -213.90934   23  991          - -213.91434      -   3.4 1083s
 16590 16516 -213.91008   24  990          - -213.91434      -   3.4 1087s
 16622 16538 -213.90831   24  990          - -213.91434      -   3.4 1091s
 16654 16559 -213.90867   25  989          - -213.91434      -   3.4 1095s
 16718 16602 -213.90747   26  988          - -213.91434      -   3.4 1103s
 16750 16623 -213.90680   26  988          - -213.91434      -   3.4 1107s
 16782 16644 -213.90640   27  987          - -213.91434      -   3.4 1111s
 16814 16924 -213.90538   27  987          - -213.91434      -   3.4 1142s
 17104 17530 -213.89961   32  982          - -213.91434      -   3.4 1192s
 17807 17924 -213.88618   41  973          - -213.91434      -   3.4 1253s
 18435 20769 -213.87583   49  965          - -213.91434      -   3.4 1482s
 21490 22015 -213.83414   88  926          - -213.91434      -   3.2 1652s
 23754 22409 -213.80524  118  896          - -213.91434      -   3.2 1734s
 24903 24138 -213.79786  133  881          - -213.91434      -   3.2 1897s
 27015 25337 -213.76306  163  851          - -213.91434      -   3.2 2038s
 28918 26808 -213.74022  191  824          - -213.91434      -   3.2 2187s
 31023 28459 -213.70715  221  796          - -213.91434      -   3.2 2372s
 33376 29553 -213.68275  255  762          - -213.91434      -   3.3 2498s
 35254 30857 -213.65556  284  741          - -213.91434      -   3.4 2628s
 37184 32195 -213.63261  313  714          - -213.91434      -   3.6 2755s
 39165 33543 -213.60281  343  688          - -213.91434      -   3.7 2885s
 41174 34979 -213.57318  374  676          - -213.91434      -   3.9 3017s
 43279 36433 -213.54220  404  654          - -213.91434      -   4.2 3153s
 45435 37347 -213.51633  434  643          - -213.91434      -   4.4 3258s
 47068 39191 -213.49345  459  627          - -213.91434      -   4.6 3402s
 49456 40814 -213.45722  493  613          - -213.91434      -   5.0 3559s
 51875 42541 -213.41102  529  590          - -213.91434      -   5.3 3714s
 54408 44309 -213.36833  565  563          - -213.91434      -   5.7 3872s
 57021 43550 -213.31561  602  551          - -213.91434      -   6.1 3900s
 57133 46137 -213.31878  604  550          - -213.91434      -   6.1 4050s
 59757 48156 -213.25568  642  530          - -213.91434      -   6.5 4212s
 62651 50374 -213.19267  682  514          - -213.91434      -   7.0 4459s
 65833 52591 -213.11217  726  508          - -213.91434      -   7.5 4621s
 68861 55868 -213.04460  767  496          - -213.91434      -   8.0 4797s
 72138 58949 -212.97533  812  480          - -213.91434      -   8.6 4959s
 75219 62424 -212.88300  853  462          - -213.91434      -   9.2 5133s
 78694 65924 -212.77539  900  440          - -213.91434      -   9.9 5304s
 82194 69396 -212.66440  943  420          - -213.91434      -  10.7 5477s
 85666 72887 -212.59542  985  404          - -213.91434      -  11.5 5646s
 89157 76735 -212.39324 1024  390          - -213.91434      -  12.4 5819s
 93005 80398 -212.32431 1068  379          - -213.91434      -  13.4 5991s
 96668 84557 -212.18353 1110  362          - -213.91434      -  14.4 6187s
 100827 88709 -211.95692 1159  340          - -213.91434      -  15.6 6373s
 104979 92530 -211.59055 1207  331          - -213.91434      -  17.0 6540s
 108800 92763 -211.29101 1252  309          - -213.91434      -  18.3 6588s
 109033 97217 -211.20171 1256  310          - -213.91434      -  18.4 6794s
 113581 101599 -210.57689 1312  286          - -213.91434      -  20.0 7123s
 118043 105518 -209.49104 1367  262          - -213.91434      -  21.3 7609s
 122084 109345 infeasible 1382               - -213.91434      -  22.8 9913s
 125951 119971 -208.86121 1384  262          - -213.91434      -  24.7 10800s

Explored 136589 nodes (3621638 simplex iterations) in 10800.08 seconds (5436.09 work units)
Thread count was 32 (of 192 available processors)

Solution count 0

Time limit reached
Best objective -, best bound -2.139143447195e+02, gap -

