Solver command line: ['/cvmfs/restricted.computecanada.ca/easybuild/software/2023/x86-64-v3/Core/gurobi/11.0.1/bin/gurobi.sh']

Set parameter TokenServer to value "license1.computecanada.ca"
Read LP format model from file /tmp/tmprgglb91p.pyomo.lp
Reading time = 0.08 seconds
x1: 500 rows, 500 columns, 250000 nonzeros
Set parameter TimeLimit to value 10800
Gurobi Optimizer version 11.0.1 build v11.0.1rc0 (linux64 - "AlmaLinux 9.6 (Sage Margay)")

CPU model: AMD EPYC 9655 96-Core Processor, instruction set [SSE2|AVX|AVX2|AVX512]
Thread count: 192 physical cores, 192 logical processors, using up to 32 threads

Optimize a model with 500 rows, 500 columns and 250000 nonzeros
Model fingerprint: 0x17c91bf3
Model has 500 quadratic objective terms
Variable types: 0 continuous, 500 integer (0 binary)
Coefficient statistics:
  Matrix range     [7e-07, 5e-01]
  Objective range  [2e-04, 1e-01]
  QObjective range [2e-05, 1e-02]
  Bounds range     [0e+00, 0e+00]
  RHS range        [1e-03, 1e+00]
Presolve time: 0.04s
Presolved: 500 rows, 500 columns, 250000 nonzeros
Presolved model has 500 quadratic objective terms
Variable types: 0 continuous, 500 integer (0 binary)

Root relaxation: objective -1.067803e+02, 290 iterations, 0.29 seconds (0.51 work units)

    Nodes    |    Current Node    |     Objective Bounds      |     Work
 Expl Unexpl |  Obj  Depth IntInf | Incumbent    BestBd   Gap | It/Node Time

     0     0 -106.78025    0  500          - -106.78025      -     -    0s
     0     0 -106.77857    0  500          - -106.77857      -     -    2s
     0     2 -106.77857    0  500          - -106.77857      -     -    6s
   191   224 -106.77585    8  492          - -106.77775      -   2.4   10s
   523   991 -106.77323   15  486          - -106.77724      -   2.4   16s
   990  2058 -106.76869   29  472          - -106.77724      -   2.4   22s
  2057  3534 -106.75940   60  452          - -106.77724      -   2.5   31s
  3533  5136 -106.74426   98  424          - -106.77724      -   2.7   39s
  5135  6791 -106.73245  141  393          - -106.77724      -   2.9   47s
  6790  8474 -106.71253  191  365          - -106.77724      -   3.1   55s
  8473 10233 -106.69496  237  337          - -106.77724      -   3.3   63s
 10232 11873 -106.66787  288  312          - -106.77724      -   3.6   70s
 11872 13747 -106.62723  329  292          - -106.77724      -   3.9   76s
 13746 15521 -106.57445  373  270          - -106.77724      -   4.3   83s
 15521 15522 -106.67808  251  500          - -106.77724      -   4.9   85s
 15525 15525 -106.50962  414  500          - -106.77724      -   4.9   91s
 15620 15621 -106.77044   21  494          - -106.77105      -   4.9   95s
 16005 16166 -106.76270   27  488          - -106.77095      -   4.9  102s
 16361 16723 -106.75365   33  482          - -106.77095      -   4.8  109s
 17001 17476 -106.74090   42  473          - -106.77095      -   4.7  116s
 17967 18166 -106.72867   55  460          - -106.77095      -   4.6  122s
 18979 18748 -106.71822   68  447          - -106.77095      -   4.5  128s
 19899 19342 -106.69991   81  434          - -106.77095      -   4.4  134s
 20799 19931 -106.69008   94  421          - -106.77095      -   4.3  140s
 21688 20451 -106.67905  106  409          - -106.77095      -   4.3  145s
 22505 21114 -106.67393  118  398          - -106.77095      -   4.3  151s
 23440 21748 -106.66364  131  387          - -106.77095      -   4.2  157s
 24386 22390 -106.65035  145  374          - -106.77095      -   4.2  162s
 25343 23036 -106.64157  159  360          - -106.77095      -   4.3  168s
 26308 23477 -106.62702  173  350          - -106.77095      -   4.3  173s
 27071 24253 -106.62162  184  344          - -106.77095      -   4.4  179s
 28101 24953 -106.60812  200  334          - -106.77095      -   4.5  185s
 29144 25551 -106.59329  215  325          - -106.77095      -   4.6  191s
 30090 26490 -106.57626  230  322          - -106.77095      -   4.8  200s
 31344 27191 -106.54943  250  309          - -106.77095      -   4.9  206s
 32463 27971 -106.53530  268  297          - -106.77095      -   5.1  212s
 33616 28717 -106.51677  287  287          - -106.77095      -   5.3  217s
 34747 29556 -106.48374  306  271          - -106.77095      -   5.6  223s
 35963 30462 -106.45869  326  264          - -106.77095      -   5.8  230s
 37274 31379 -106.42964  345  260          - -106.77095      -   6.1  237s
 38628 32226 -106.39740  365  256          - -106.77095      -   6.4  243s
 39926 33220 -106.35470  385  241          - -106.77095      -   6.7  249s
 41353 34084 -106.32591  407  239          - -106.77095      -   7.1  256s
 42693 35098 -106.26896  426  230          - -106.77095      -   7.5  262s
 44153 35487 -106.20634  447  220          - -106.77095      -   7.9  268s
 45029 36832 -106.17820  460  217          - -106.77095      -   8.2  275s
 46666 37890 -106.12706  481  211          - -106.77095      -   8.8  281s
 48270 39049 -106.09798  504  206          - -106.77095      -   9.3  287s
 49963 40148 -106.00246  527  191          - -106.77095      -  10.0  293s
 51627 41175 -105.91682  552  188          - -106.77095      -  10.8  299s
 53208 42410 -105.82595  577  173          - -106.77095      -  11.5  306s
 54970 43622 -105.76060  604  167          - -106.77095      -  12.4  312s
 56770 43145 -105.54011  631  157          - -106.77095      -  13.4  317s
 56893 45052 -105.50133  633  157          - -106.77095      -  13.5  323s
 58841 46381 -105.25097  659  148          - -106.77095      -  14.7  329s
 60819 47462 -104.91870  693  133          - -106.77095      -  16.0  344s
 62671 49600 infeasible  716               - -106.77012      -  17.3  397s
 65370 53337 -106.72790  107  414          - -106.77008      -  19.8  457s
 69155 57377 -106.61920  243  322          - -106.77008      -  22.2  514s
 73201 61604 -106.52430  338  273          - -106.77008      -  24.0  529s
 77478 65532 -106.41567  435  242          - -106.77008      -  25.7  542s
 81566 68999 -106.22126  490  216          - -106.77008      -  27.3  613s
 85297 69205 -106.09099  541  197          - -106.77008      -  31.9  733s
 85641 74848 -106.01177  540  197          - -106.77008      -  34.7  841s
 91546 80678 -105.63193  601  175          - -106.77008      -  37.0  938s
 97500 89775 -104.86267  648  152          - -106.77008      -  38.7 1015s
 106785 96544 -104.01303  714  126          - -106.77008      -  38.9 1112s
 113658 103421 infeasible  740               - -106.76937      -  40.0 1188s
 120693 109812 -106.53308  220  333          - -106.76937      -  40.7 1244s
 127236 112269 -106.30577  318  285          - -106.76937      -  41.2 1289s
 129747 118947 -106.20447  344  273          - -106.76937      -  41.7 1367s
 136429 125776 -105.99503  393  250          - -106.76937      -  42.1 1414s
 143340 131505 -105.78074  440  240          - -106.76937      -  42.2 1473s
 149111 136044 -105.50854  476  224          - -106.76937      -  42.8 1528s
 153876 141592 -105.18394  510  209          - -106.76937      -  43.9 1594s
 159538 147306 -104.93088  555  200          - -106.76937      -  45.2 1668s
 165322 147680 -104.16417  610  177          - -106.76937      -  47.2 1735s
 165762 155602 -104.13565  612  173          - -106.76937      -  49.1 1870s
 173856 164021 -102.52446  677  152          - -106.76937      -  51.0 1992s
 182531 172123 -100.71391  736  141          - -106.76937      -  52.0 2120s
 190751 177440 infeasible  803               - -106.76937      -  53.3 2207s
 196230 187531  postponed  807               - -106.76937      -  55.0 2318s
 206501 196443 infeasible  819               - -106.76937      -  56.0 2410s
 215685 196872 -106.54827  174  358          - -106.76918      -  56.4 2479s
 216140 206309 -106.53217  183  354          - -106.76918      -  57.4 2564s
 225769 213812 -106.07972  323  275          - -106.76918      -  57.3 2701s
 233354 221512 -105.70752  399  248          - -106.76918      -  57.5 2823s
 241120 229162 -105.10037  466  231          - -106.76918      -  57.6 2898s
 248914 236200 -104.34321  543  216          - -106.76918      -  57.8 3004s
 251306 236200 infeasible  784               - -106.76918      -  57.7 3005s
 256126 244072 -103.63243  601  204          - -106.76918      -  57.8 3106s
 264136 250300 -102.92771  652  184          - -106.76918      -  57.7 3176s
 270470 256940 -101.92841  706  174          - -106.76918      -  57.6 3289s
 277238 263372 -101.38126  724  161          - -106.76918      -  57.7 3422s
 283762 270312 -100.82644  753  158          - -106.76918      -  57.7 3549s
 290768 271119  -98.66916  798  145          - -106.76918      -  57.8 3679s
 291599 295694  -96.92264  802  147          - -106.76918      -  58.1 3856s
 316504 302500 infeasible  806               - -106.76918      -  58.5 3994s
 323524 309398 infeasible  807               - -106.76918      -  59.0 4087s
 330678 320581 -106.55665  171  357          - -106.76903      -  59.7 4202s
 342117 329065 -105.96686  352  275          - -106.76903      -  59.6 4296s
 350799 336617 -105.34264  440  254          - -106.76903      -  59.5 4403s
 358465 337029 -104.78988  502  236          - -106.76903      -  59.7 4534s
 358951 364061 -104.78290  505  226          - -106.76903      -  60.1 4791s
 386397 373317 -101.55625  709  163          - -106.76903      -  60.4 4891s
 395737 381616  -98.93560  790  145          - -106.76903      -  60.3 4962s
 404260 388729 infeasible  832               - -106.76903      -  60.4 5096s
 411391 396415 -106.37604  231  327          - -106.76867      -  60.6 5202s
 419307 403967 -105.97632  347  270          - -106.76867      -  60.8 5310s
 427013 406994 -105.36062  435  246          - -106.76867      -  61.0 5406s
 430098 425670 -105.04947  466  241          - -106.76867      -  61.3 5532s
 449130 432650 -102.95704  633  189          - -106.76867      -  61.0 5681s
 456278 440395 -102.15354  680  184          - -106.76867      -  61.5 5832s
 464079 451338 -100.98206  731  169          - -106.76867      -  62.1 5973s
 475254 451906  -98.75582  810  148          - -106.76867      -  62.5 6087s
 475856 464566  -98.71939  818  141          - -106.76867      -  63.1 6219s
 488664 471762  -95.22147  885  130          - -106.76867      -  63.2 6336s
 495994 483519 infeasible  939               - -106.76867      -  63.9 6462s
 508061 493204 infeasible  940               - -106.76867      -  64.3 6562s
 518078 499903  -90.51562  944  123          - -106.76867      -  64.6 6677s
 524997 510932 infeasible  946               - -106.76867      -  65.1 6888s
 536270 511482 -106.15998  304  289          - -106.76797      -  65.6 7043s
 536978 525283 -106.07859  319  284          - -106.76797      -  66.4 7193s
 550851 533601 -104.76787  503  233          - -106.76797      -  66.3 7333s
 559299 542906 -103.52350  602  204          - -106.76797      -  66.6 7468s
 568894 552618 -102.40630  679  178          - -106.76797      -  66.7 7585s
 578734 561393 -101.76501  731  156          - -106.76797      -  66.8 7679s
 587671 570359 -100.81272  771  155          - -106.76797      -  67.0 7785s
 596821 578786  -98.87168  830  137          - -106.76797      -  67.1 7877s
 605398 586836  -96.28632  889  112          - -106.76797      -  67.2 7981s
 613632 587312  postponed  925               - -106.76797      -  67.5 8070s
 614200 598574 -106.75295   45  471          - -106.76765      -  68.0 8160s
 625672 607053 -106.01293  330  268          - -106.76765      -  67.9 8260s
 634387 616186 -105.28663  447  229          - -106.76765      -  68.0 8369s
 643694 624455 -104.39680  544  192          - -106.76765      -  68.1 8474s
 652001 633154 -103.18918  640  168          - -106.76765      -  68.4 8573s
 660886 641031 -101.57350  706  157          - -106.76765      -  68.7 8672s
 669105 649918 -100.06681  770  136          - -106.76765      -  68.8 8778s
 678174 650373 infeasible  873               - -106.76765      -  69.0 8873s
 678763 663149 infeasible  879               - -106.76758      -  69.5 9007s
 691775 672720 -106.33559  250  312          - -106.76727      -  69.2 9103s
 701518 680096 -105.68250  402  253          - -106.76727      -  69.1 9192s
 709056 688338 -105.03561  487  222          - -106.76727      -  69.0 9312s
 717432 696471 -104.23672  555  210          - -106.76727      -  69.0 9407s
 725733 706733 -103.32650  615  185          - -106.76727      -  69.0 9497s
 736223 714265 -102.45603  669  173          - -106.76727      -  68.8 9576s
 743875 721670 -102.14473  692  160          - -106.76727      -  68.7 9657s
 751354 725004 -101.10719  729  151          - -106.76727      -  68.7 9742s
 754866 735904 -100.00707  765  141          - -106.76727      -  68.9 9836s
 765962 743586  postponed  811               - -106.76727      -  68.8 9913s
 773882 752763 infeasible  811               - -106.76727      -  68.6 9984s
 783135 760292  postponed  812               - -106.76727      -  68.3 10054s
 790708 769842 infeasible  813               - -106.76727      -  68.2 10144s
 800408 770250 infeasible  813               - -106.76727      -  68.2 10222s
 800874 779334 infeasible  815               - -106.76727      -  68.4 10312s
 810180 789102 infeasible  816               - -106.76727      -  68.3 10382s
 820106 798344 -106.38963  255  313          - -106.76708      -  68.1 10461s
 829478 805299 -105.78097  390  258          - -106.76708      -  68.0 10533s
 836519 812553 -105.13304  459  233          - -106.76708      -  68.1 10625s
 843941 820936 -104.26041  544  203          - -106.76708      -  68.4 10748s
 852650 829304 -103.36152  610  185          - -106.76708      -  68.5 10800s

Explored 861238 nodes (58753202 simplex iterations) in 10800.07 seconds (11812.47 work units)
Thread count was 32 (of 192 available processors)

Solution count 0

Time limit reached
Best objective -, best bound -1.067670759982e+02, gap -

