Solver command line: ['/cvmfs/restricted.computecanada.ca/easybuild/software/2023/x86-64-v3/Core/gurobi/11.0.1/bin/gurobi.sh']

Set parameter TokenServer to value "license1.computecanada.ca"
Read LP format model from file /tmp/tmpjxsp20pv.pyomo.lp
Reading time = 0.35 seconds
x1: 1000 rows, 1000 columns, 1000000 nonzeros
Read MIP start from file /tmp/tmpwnve3sdq.gurobi.mst
Set parameter TimeLimit to value 10800
Gurobi Optimizer version 11.0.1 build v11.0.1rc0 (linux64 - "AlmaLinux 9.6 (Sage Margay)")

CPU model: AMD EPYC 9454 48-Core Processor, instruction set [SSE2|AVX|AVX2|AVX512]
Thread count: 48 physical cores, 48 logical processors, using up to 32 threads

Optimize a model with 1000 rows, 1000 columns and 1000000 nonzeros
Model fingerprint: 0x79c04677
Model has 1000 quadratic objective terms
Variable types: 0 continuous, 1000 integer (0 binary)
Coefficient statistics:
  Matrix range     [3e-07, 5e-01]
  Objective range  [9e-05, 1e-01]
  QObjective range [2e-05, 1e-02]
  Bounds range     [0e+00, 0e+00]
  RHS range        [8e-04, 1e+00]

User MIP start did not produce a new incumbent solution
User MIP start violates constraint c_u_x1538_ by 0.009579491

Presolve time: 0.19s
Presolved: 1000 rows, 1000 columns, 1000000 nonzeros
Presolved model has 1000 quadratic objective terms
Variable types: 0 continuous, 1000 integer (0 binary)

Root simplex log...

Iteration    Objective       Primal Inf.    Dual Inf.      Time
     541   -2.1388648e+02   1.732949e+00   0.000000e+00      6s
     578   -2.1380396e+02   0.000000e+00   0.000000e+00      7s

Root relaxation: objective -2.138040e+02, 578 iterations, 6.16 seconds (3.74 work units)
Another try with MIP start

    Nodes    |    Current Node    |     Objective Bounds      |     Work
 Expl Unexpl |  Obj  Depth IntInf | Incumbent    BestBd   Gap | It/Node Time

     0     0 -213.80396    0 1000          - -213.80396      -     -  233s
     0     0 -213.80239    0 1000          - -213.80239      -     -  747s
     0     2 -213.80239    0 1000          - -213.80239      -     -  808s
     1     4 -213.80239    1  999          - -213.80239      -   4.0  810s
     7    16 -213.80081    3  997          - -213.80230      -   3.0  815s
    31    64 -213.79956    5  995          - -213.80134      -   3.2  824s
    63    96 -213.79950    6  994          - -213.80133      -   3.1  827s
    95   128 -213.79821    6  994          - -213.80046      -   2.9  833s
   127   160 -213.79867    7  993          - -213.80046      -   3.1  838s
   159   192 -213.79802    7  993          - -213.80046      -   3.0  844s
   191   224 -213.79848    8  992          - -213.80022      -   3.0  849s
   223   256 -213.79777    8  992          - -213.80020      -   3.0  855s
   255   288 -213.79848    9  991          - -213.80020      -   3.0  861s
   287   384 -213.79624    9  991          - -213.80020      -   3.0  878s
   383   512 -213.79804   11  991          - -213.80020      -   3.1  898s
   511   790 -213.79781   14  988          - -213.80020      -   3.1  938s
   789  1712 -213.79597   21  982          - -213.80020      -   3.1 1031s
  1711  3941 -213.78995   51  956          - -213.80020      -   2.9 1229s
  3940  6026 -213.77374  107  910          - -213.80020      -   2.9 1396s
  6025  7952 -213.75989  161  865          - -213.80020      -   2.9 1554s
  7951  9978 -213.74332  214  829          - -213.80020      -   3.0 1713s
  9977 12081 -213.72498  278  789          - -213.80020      -   3.1 1877s
 12080 14334 -213.70009  329  757          - -213.80020      -   3.2 2037s
 14333 16297 -213.67128  395  717          - -213.80020      -   3.4 2168s
 16297 16298 -213.78679   55 1000          - -213.80020      -   3.5 2183s
 16299 16299 -213.78079  106 1000          - -213.80020      -   3.5 2192s
 16301 16301 -213.78404   60 1000          - -213.80020      -   3.5 2287s
 16302 16304 -213.80020   15  999          - -213.80020      -   3.5 2294s
 16304 16308 -213.80020   16  998          - -213.80020      -   3.5 2297s
 16308 16314 -213.79895   17  997          - -213.80020      -   3.5 2300s
 16332 16354 -213.79560   19  995          - -213.79756      -   3.5 2309s
 16364 16376 -213.79395   20  994          - -213.79644      -   3.5 2312s
 16396 16397 -213.79378   20  994          - -213.79521      -   3.5 2318s
 16428 16418 -213.79260   21  993          - -213.79481      -   3.5 2324s
 16460 16440 -213.79230   21  993          - -213.79452      -   3.5 2330s
 16492 16461 -213.79131   22  992          - -213.79452      -   3.5 2336s
 16524 16482 -213.79076   22  992          - -213.79372      -   3.5 2342s
 16556 16504 -213.78953   23  991          - -213.79323      -   3.5 2348s
 16588 16525 -213.78990   23  991          - -213.79323      -   3.5 2354s
 16620 16546 -213.78837   24  990          - -213.79323      -   3.5 2360s
 16652 16568 -213.78711   24  990          - -213.79314      -   3.5 2366s
 16684 16589 -213.78712   25  989          - -213.79304      -   3.5 2372s
 16716 16610 -213.78666   25  989          - -213.79304      -   3.5 2388s
 16748 16632 -213.78609   26  988          - -213.79304      -   3.5 2394s
 16780 16654 -213.78457   26  988          - -213.79304      -   3.5 2402s
 16813 16737 -213.78508   27  987          - -213.79304      -   3.5 2418s
 16907 17094 -213.78248   28  986          - -213.79304      -   3.5 2466s
 17295 18099 -213.77558   34  980          - -213.79304      -   3.5 2594s
 18430 20396 -213.75143   49  965          - -213.79304      -   3.4 2884s
 21105 21219 -213.71962   83  931          - -213.79304      -   3.4 3072s
 22820 22480 -213.70249  105  909          - -213.79304      -   3.3 3267s
 24652 23657 -213.68436  129  885          - -213.79304      -   3.3 3458s
 26440 24737 -213.66497  154  860          - -213.79304      -   3.3 3638s
 28116 26034 -213.64762  177  837          - -213.79304      -   3.3 3832s
 29972 27331 -213.62637  203  812          - -213.79304      -   3.3 4028s
 31887 28926 -213.60097  230  788          - -213.79304      -   3.3 4269s
 34121 29407 -213.57444  263  762          - -213.79304      -   3.4 4384s
 35346 31149 -213.56672  280  748          - -213.79304      -   3.5 4594s
 37497 32334 -213.53808  312  721          - -213.79304      -   3.7 4774s
 39399 33852 -213.51327  341  698          - -213.79304      -   3.8 4977s
 41551 35314 -213.48125  373  675          - -213.79304      -   4.1 5182s
 43730 36836 -213.45358  405  660          - -213.79304      -   4.3 5390s
 45978 38356 -213.42934  439  642          - -213.79304      -   4.6 5600s
 48248 39457 -213.38982  473  630          - -213.79304      -   4.9 5774s
 50105 41332 -213.37234  499  623          - -213.79304      -   5.2 5990s
 52599 40617 -213.32574  538  599          - -213.79304      -   5.6 6021s
 52716 43032 -213.31667  539  590          - -213.79304      -   5.6 6232s
 55170 44961 -213.29174  576  586          - -213.79304      -   6.0 6462s
 57917 46881 -213.24601  616  555          - -213.79304      -   6.4 6697s
 60752 48745 -213.18109  659  528          - -213.79304      -   6.9 7020s
 63561 51085 -213.13685  702  508          - -213.79304      -   7.3 7267s
 66838 53497 -213.07670  751  498          - -213.79304      -   7.9 7493s
 69797 56668 -213.00453  793  475          - -213.79304      -   8.5 7733s
 72968 60038 -212.93997  836  455          - -213.79304      -   9.1 7982s
 76338 63281 -212.88033  878  434          - -213.79304      -   9.8 8209s
 79581 66711 -212.76615  919  429          - -213.79304      -  10.6 8450s
 83011 70124 -212.71735  963  414          - -213.79304      -  11.4 8669s
 86424 73455 -212.60368 1006  398          - -213.79304      -  12.3 8885s
 89755 76742 -212.49581 1046  382          - -213.79304      -  13.3 9117s
 93042 80864 -212.33132 1088  373          - -213.79304      -  14.3 9372s
 97164 84931 -212.09238 1140  352          - -213.79304      -  15.7 9622s
 101231 85165 -211.83748 1191  339          - -213.79304      -  17.2 9676s
 101465 89120 -211.80998 1195  327          - -213.79304      -  17.3 9903s
 105420 93236 -211.50489 1252  311          - -213.79304      -  18.9 10132s
 109536 97163 -210.77564 1311  283          - -213.79304      -  20.8 10800s

Explored 113465 nodes (2569998 simplex iterations) in 10800.13 seconds (2078.36 work units)
Thread count was 32 (of 48 available processors)

Solution count 0

Time limit reached
Best objective -, best bound -2.137930361937e+02, gap -

