Solver command line: ['/cvmfs/restricted.computecanada.ca/easybuild/software/2023/x86-64-v3/Core/gurobi/11.0.1/bin/gurobi.sh']

Set parameter TokenServer to value "license1.computecanada.ca"
Read LP format model from file /tmp/tmpmft9e9wa.pyomo.lp
Reading time = 0.35 seconds
x1: 1000 rows, 1000 columns, 1000000 nonzeros
Read MIP start from file /tmp/tmpgd_j4sw4.gurobi.mst
Set parameter TimeLimit to value 10800
Gurobi Optimizer version 11.0.1 build v11.0.1rc0 (linux64 - "AlmaLinux 9.6 (Sage Margay)")

CPU model: AMD EPYC 9454 48-Core Processor, instruction set [SSE2|AVX|AVX2|AVX512]
Thread count: 48 physical cores, 48 logical processors, using up to 32 threads

Optimize a model with 1000 rows, 1000 columns and 1000000 nonzeros
Model fingerprint: 0x2a8ddf7a
Model has 1000 quadratic objective terms
Variable types: 0 continuous, 1000 integer (0 binary)
Coefficient statistics:
  Matrix range     [3e-07, 5e-01]
  Objective range  [9e-05, 1e-01]
  QObjective range [2e-05, 1e-02]
  Bounds range     [0e+00, 0e+00]
  RHS range        [5e-04, 1e+00]

Loaded user MIP start with objective -142.039

Presolve time: 0.18s
Presolved: 1000 rows, 1000 columns, 1000000 nonzeros
Presolved model has 1000 quadratic objective terms
Variable types: 0 continuous, 1000 integer (0 binary)
Found heuristic solution: objective -160.2638060

Root simplex log...

Iteration    Objective       Primal Inf.    Dual Inf.      Time
     539   -2.1413774e+02   2.106506e+00   0.000000e+00      5s
     580   -2.1403304e+02   0.000000e+00   0.000000e+00      7s

Root relaxation: objective -2.140330e+02, 580 iterations, 6.22 seconds (3.78 work units)

    Nodes    |    Current Node    |     Objective Bounds      |     Work
 Expl Unexpl |  Obj  Depth IntInf | Incumbent    BestBd   Gap | It/Node Time

     0     0 -214.03304    0 1000 -160.26381 -214.03304  33.6%     -    6s
     0     0 -214.03213    0 1000 -160.26381 -214.03213  33.5%     -   38s
H    0     2                    -163.3581958 -214.03213  31.0%     -   46s
     0     2 -214.03213    0 1000 -163.35820 -214.03213  31.0%     -   46s
     3     8 -214.03102    2  998 -163.35820 -214.03141  31.0%   3.3   51s
    15    32 -214.02631    4  996 -163.35820 -214.02997  31.0%   3.1   57s
    31    64 -214.02507    5  995 -163.35820 -214.02938  31.0%   2.9   62s
    63    96 -214.02436    6  994 -163.35820 -214.02853  31.0%   2.8  681s
    95   128 -214.02378    6  994 -163.35820 -214.02853  31.0%   2.7  695s
   127   160 -214.02357    7  993 -163.35820 -214.02853  31.0%   2.8  700s
   159   192 -214.02254    7  993 -163.35820 -214.02853  31.0%   2.8  886s
   191   256 -214.02182    8  992 -163.35820 -214.02853  31.0%   2.8  896s
   255   480 -214.02081    9  991 -163.35820 -214.02853  31.0%   2.8  926s
   479   512 -214.01766   12  988 -163.35820 -214.02853  31.0%   2.8  988s
   511  1544 -214.01675   13  987 -163.35820 -214.02853  31.0%   2.8 1108s
  1543  3860 -214.00347   27  973 -163.35820 -214.02853  31.0%   2.8 1305s
  3859  5643 -213.95993   75  925 -163.35820 -214.02853  31.0%   2.8 1457s
  5642  7279 -213.91737  114  886 -163.35820 -214.02853  31.0%   3.0 1583s
  7278  8886 -213.87656  153  849 -163.35820 -214.02853  31.0%   3.2 1710s
  8885 10467 -213.83054  188  822 -163.35820 -214.02853  31.0%   3.5 1836s
 10466 12037 -213.79291  223  790 -163.35820 -214.02853  31.0%   3.8 1961s
 12036 13613 -213.75803  253  763 -163.35820 -214.02853  31.0%   4.2 2085s
 13612 15185 -213.71000  288  735 -163.35820 -214.02853  31.0%   4.7 2206s
 15185 15186 -213.98140   48 1000 -163.35820 -214.02853  31.0%   5.2 3030s
 15187 15187 -214.00452   27 1000 -163.35820 -214.02853  31.0%   5.2 3040s
 15190 15192 -214.02853   15  999 -163.35820 -214.02853  31.0%   5.2 3051s
 15196 15202 -214.02729   17  997 -163.35820 -214.02853  31.0%   5.2 3056s
 15204 15216 -214.02581   18  996 -163.35820 -214.02744  31.0%   5.2 3060s
 15220 15242 -214.02406   19  995 -163.35820 -214.02712  31.0%   5.2 3065s
 15284 15285 -214.02256   20  994 -163.35820 -214.02530  31.0%   5.2 3079s
 15316 15306 -214.02232   21  993 -163.35820 -214.02485  31.0%   5.2 3085s
 15348 15328 -214.01990   21  993 -163.35820 -214.02485  31.0%   5.2 3090s
 15380 15349 -214.02119   22  992 -163.35820 -214.02475  31.0%   5.2 3204s
 15412 15378 -214.01986   22  992 -163.35820 -214.02475  31.0%   5.2 3211s
 15452 15402 -214.02007   23  991 -163.35820 -214.02475  31.0%   5.2 3217s
 15489 15491 -214.01943   23  991 -163.35820 -214.02475  31.0%   5.2 3231s
 15590 15737 -214.01793   25  989 -163.35820 -214.02475  31.0%   5.2 3269s
 15870 16357 -214.01216   28  986 -163.35820 -214.02475  31.0%   5.1 3353s
 16583 16151 -214.00453   38  976 -163.35820 -214.02475  31.0%   5.0 3406s
 16615 17497 -214.00444   39  975 -163.35820 -214.02475  31.0%   5.0 3549s
 17972 17077 -213.98485   57  957 -163.35820 -214.02475  31.0%   4.9 3595s
 18004 17098 -213.98403   57  957 -163.35820 -214.02475  31.0%   4.9 3647s
 18036 17120 -213.98312   58  956 -163.35820 -214.02475  31.0%   4.9 5441s
 18068 20407 -213.98286   58  956 -163.35820 -214.02475  31.0%   4.9 5707s
 21366 22223 -213.94772   87  927 -163.35820 -214.02475  31.0%   4.6 5936s
 24281 21283 -213.90218  120  894 -163.35820 -214.02475  31.0%   4.5 7796s
 24313 23709 -213.90175  121  893 -163.35820 -214.02475  31.0%   4.5 7980s
 26750 22929 -213.87223  148  866 -163.35820 -214.02475  31.0%   4.5 8034s
 26782 25212 -213.87205  149  865 -163.35820 -214.02475  31.0%   4.5 8207s
 29076 26683 -213.84128  177  837 -163.35820 -214.02475  31.0%   4.8 8371s
 31311 34770 -213.81416  205  810 -163.35820 -214.02475  31.0%   5.0 9023s
 40143 33743 -213.69824  343  703 -163.35820 -214.02475  31.0%   6.3 9140s
 42060 35403 -213.67523  367  688 -163.35820 -214.02475  31.0%   6.8 9272s
 44359 36773 -213.65341  394  667 -163.35820 -214.02475  31.0%   7.3 9411s
 46496 37884 -213.64091  423  637 -163.35820 -214.02475  31.0%   8.0 9511s
 48319 39501 -213.61070  447  622 -163.35820 -214.02475  31.0%   8.7 9637s
 50544 40940 -213.58320  477  604 -163.35820 -214.02475  31.0%   9.7 9768s
 52748 42384 -213.55646  506  596 -163.35820 -214.02475  31.0%  10.9 9928s
 55065 44164 -213.51387  535  592 -163.35820 -214.02475  31.0%  12.0 10109s
 57809 46204 -213.46089  566  584 -163.35820 -214.02475  31.0%  12.8 10331s
 60834 51754 -213.38560  599  586 -163.35820 -214.02475  31.0%  13.2 10800s

Explored 67366 nodes (964538 simplex iterations) in 10800.81 seconds (1829.81 work units)
Thread count was 32 (of 48 available processors)

Solution count 3: -163.358 -160.264 -142.039 

Time limit reached
Best objective -1.633581957758e+02, best bound -2.140247481922e+02, gap 31.0156%

