Solver command line: ['/cvmfs/restricted.computecanada.ca/easybuild/software/2023/x86-64-v3/Core/gurobi/11.0.1/bin/gurobi.sh']

Set parameter TokenServer to value "license1.computecanada.ca"
Read LP format model from file /tmp/tmpxwn4uslm.pyomo.lp
Reading time = 0.00 seconds
x1: 10 rows, 10 columns, 100 nonzeros
Read MIP start from file /tmp/tmptf5w2z5f.gurobi.mst
Set parameter TimeLimit to value 10800
Gurobi Optimizer version 11.0.1 build v11.0.1rc0 (linux64 - "AlmaLinux 9.6 (Sage Margay)")

CPU model: AMD EPYC 9454 48-Core Processor, instruction set [SSE2|AVX|AVX2|AVX512]
Thread count: 48 physical cores, 48 logical processors, using up to 32 threads

Optimize a model with 10 rows, 10 columns and 100 nonzeros
Model fingerprint: 0x7ec86a8d
Model has 10 quadratic objective terms
Variable types: 0 continuous, 10 integer (0 binary)
Coefficient statistics:
  Matrix range     [4e-04, 3e-01]
  Objective range  [5e-03, 9e-02]
  QObjective range [4e-04, 8e-03]
  Bounds range     [0e+00, 0e+00]
  RHS range        [8e-03, 9e-01]

Loaded user MIP start with objective -1.527

Presolve time: 0.00s
Presolved: 10 rows, 10 columns, 100 nonzeros
Presolved model has 10 quadratic objective terms
Variable types: 0 continuous, 10 integer (0 binary)
Found heuristic solution: objective -2.0812680

Root relaxation: objective -2.588261e+00, 6 iterations, 0.00 seconds (0.00 work units)

    Nodes    |    Current Node    |     Objective Bounds      |     Work
 Expl Unexpl |  Obj  Depth IntInf | Incumbent    BestBd   Gap | It/Node Time

     0     0   -2.58826    0   10   -2.08127   -2.58826  24.4%     -    0s
H    0     0                      -2.1955432   -2.58826  17.9%     -    0s
H    0     0                      -2.3389644   -2.58826  10.7%     -    0s
H    0     0                      -2.4275560   -2.58826  6.62%     -    0s
     0     0   -2.58706    0   10   -2.42756   -2.58706  6.57%     -    0s
     0     2   -2.58706    0   10   -2.42756   -2.58706  6.57%     -    0s
H   31    61                      -2.4551016   -2.58616  5.34%   2.3    0s
H   35    61                      -2.4622608   -2.58616  5.03%   2.4    0s
H  433   275                      -2.4921259   -2.58371  3.68%   3.4    0s
H  678   289                      -2.4982595   -2.57424  3.04%   3.3    0s

Explored 2093 nodes (6838 simplex iterations) in 0.25 seconds (0.01 work units)
Thread count was 32 (of 48 available processors)

Solution count 9: -2.49826 -2.49213 -2.46226 ... -1.527
No other solutions better than -2.49826

Optimal solution found (tolerance 1.00e-04)
Best objective -2.498259499606e+00, best bound -2.498259499606e+00, gap 0.0000%

