Solver command line: ['/cvmfs/restricted.computecanada.ca/easybuild/software/2023/x86-64-v3/Core/gurobi/11.0.1/bin/gurobi.sh']

Set parameter TokenServer to value "license1.computecanada.ca"
Read LP format model from file /tmp/tmp656p3o7n.pyomo.lp
Reading time = 0.00 seconds
x1: 10 rows, 10 columns, 100 nonzeros
Read MIP start from file /tmp/tmp_ugh9ifj.gurobi.mst
Set parameter TimeLimit to value 10800
Gurobi Optimizer version 11.0.1 build v11.0.1rc0 (linux64 - "AlmaLinux 9.6 (Sage Margay)")

CPU model: AMD EPYC 9454 48-Core Processor, instruction set [SSE2|AVX|AVX2|AVX512]
Thread count: 48 physical cores, 48 logical processors, using up to 32 threads

Optimize a model with 10 rows, 10 columns and 100 nonzeros
Model fingerprint: 0x8e5e8e1f
Model has 10 quadratic objective terms
Variable types: 0 continuous, 10 integer (0 binary)
Coefficient statistics:
  Matrix range     [4e-04, 3e-01]
  Objective range  [5e-03, 9e-02]
  QObjective range [4e-04, 8e-03]
  Bounds range     [0e+00, 0e+00]
  RHS range        [6e-02, 1e+00]

Loaded user MIP start with objective 1.37381

Presolve time: 0.00s
Presolved: 10 rows, 10 columns, 100 nonzeros
Presolved model has 10 quadratic objective terms
Variable types: 0 continuous, 10 integer (0 binary)
Found heuristic solution: objective 0.7590737

Root relaxation: objective -4.055532e-01, 7 iterations, 0.00 seconds (0.00 work units)

    Nodes    |    Current Node    |     Objective Bounds      |     Work
 Expl Unexpl |  Obj  Depth IntInf | Incumbent    BestBd   Gap | It/Node Time

     0     0   -0.40555    0   10    0.75907   -0.40555   153%     -    0s
H    0     0                       0.4490757   -0.40555   190%     -    0s
     0     0   -0.40430    0   10    0.44908   -0.40430   190%     -    0s
H    0     0                       0.3938082   -0.40430   203%     -    0s
H    0     2                       0.3714639   -0.40430   209%     -    0s
     0     2   -0.40430    0   10    0.37146   -0.40430   209%     -    0s
H   15    31                      -0.0127153   -0.40400  3077%   2.2    0s
H   34    60                      -0.0769251   -0.39864   418%   2.5    0s
H   38    60                      -0.1139128   -0.39864   250%   2.6    0s
H  676   405                      -0.1448732   -0.38312   164%   3.8    0s
H 1114   551                      -0.1567435   -0.38017   143%   3.8    0s
H 1134   551                      -0.2140313   -0.38017  77.6%   3.8    0s
H 1311   548                      -0.2635773   -0.38017  44.2%   3.8    0s

Explored 3846 nodes (13751 simplex iterations) in 0.15 seconds (0.01 work units)
Thread count was 32 (of 48 available processors)

Solution count 10: -0.263577 -0.214031 -0.156744 ... 0.449076

Optimal solution found (tolerance 1.00e-04)
Best objective -2.635773225215e-01, best bound -2.635773225215e-01, gap 0.0000%

