Solver command line: ['/cvmfs/restricted.computecanada.ca/easybuild/software/2023/x86-64-v3/Core/gurobi/11.0.1/bin/gurobi.sh']

Set parameter TokenServer to value "license1.computecanada.ca"
Read LP format model from file /tmp/tmpn5x2jczf.pyomo.lp
Reading time = 0.00 seconds
x1: 5 rows, 5 columns, 25 nonzeros
Read MIP start from file /tmp/tmpzgnkmx4k.gurobi.mst
Set parameter TimeLimit to value 10800
Gurobi Optimizer version 11.0.1 build v11.0.1rc0 (linux64 - "AlmaLinux 9.6 (Sage Margay)")

CPU model: AMD EPYC 9454 48-Core Processor, instruction set [SSE2|AVX|AVX2|AVX512]
Thread count: 48 physical cores, 48 logical processors, using up to 32 threads

Optimize a model with 5 rows, 5 columns and 25 nonzeros
Model fingerprint: 0x4debc02c
Model has 5 quadratic objective terms
Variable types: 0 continuous, 5 integer (0 binary)
Coefficient statistics:
  Matrix range     [1e-02, 2e-01]
  Objective range  [4e-03, 7e-02]
  QObjective range [7e-04, 8e-03]
  Bounds range     [0e+00, 0e+00]
  RHS range        [8e-02, 7e-01]

Loaded user MIP start with objective 0.445848

Presolve time: 0.00s
Presolved: 5 rows, 5 columns, 25 nonzeros
Presolved model has 5 quadratic objective terms
Variable types: 0 continuous, 5 integer (0 binary)
Found heuristic solution: objective 0.1912029

Root relaxation: objective -2.665396e-02, 7 iterations, 0.00 seconds (0.00 work units)

    Nodes    |    Current Node    |     Objective Bounds      |     Work
 Expl Unexpl |  Obj  Depth IntInf | Incumbent    BestBd   Gap | It/Node Time

     0     0   -0.02665    0    5    0.19120   -0.02665   114%     -    0s
H    0     0                       0.0765276   -0.02665   135%     -    0s
     0     0   -0.00937    0    5    0.07653   -0.00937   112%     -    0s
     0     2   -0.00937    0    5    0.07653   -0.00937   112%     -    0s

Explored 25 nodes (77 simplex iterations) in 0.08 seconds (0.00 work units)
Thread count was 32 (of 48 available processors)

Solution count 3: 0.0765276 0.191203 0.445848 

Optimal solution found (tolerance 1.00e-04)
Best objective 7.652760388654e-02, best bound 7.652760388654e-02, gap 0.0000%

