Solver command line: ['/cvmfs/restricted.computecanada.ca/easybuild/software/2023/x86-64-v3/Core/gurobi/11.0.1/bin/gurobi.sh']

Set parameter TokenServer to value "license1.computecanada.ca"
Read LP format model from file /tmp/tmpjwi3a0uc.pyomo.lp
Reading time = 0.00 seconds
x1: 5 rows, 5 columns, 25 nonzeros
Read MIP start from file /tmp/tmpir9gneps.gurobi.mst
Set parameter TimeLimit to value 10800
Gurobi Optimizer version 11.0.1 build v11.0.1rc0 (linux64 - "AlmaLinux 9.6 (Sage Margay)")

CPU model: AMD EPYC 9454 48-Core Processor, instruction set [SSE2|AVX|AVX2|AVX512]
Thread count: 48 physical cores, 48 logical processors, using up to 32 threads

Optimize a model with 5 rows, 5 columns and 25 nonzeros
Model fingerprint: 0x9ea612fe
Model has 5 quadratic objective terms
Variable types: 0 continuous, 5 integer (0 binary)
Coefficient statistics:
  Matrix range     [1e-02, 2e-01]
  Objective range  [4e-03, 7e-02]
  QObjective range [7e-04, 8e-03]
  Bounds range     [0e+00, 0e+00]
  RHS range        [2e-01, 9e-01]

User MIP start did not produce a new incumbent solution
User MIP start violates constraint c_u_x8_ by 0.142537144

Presolve time: 0.00s
Presolved: 5 rows, 5 columns, 25 nonzeros
Presolved model has 5 quadratic objective terms
Variable types: 0 continuous, 5 integer (0 binary)

Root relaxation: objective -8.938466e-03, 5 iterations, 0.00 seconds (0.00 work units)
Another try with MIP start

    Nodes    |    Current Node    |     Objective Bounds      |     Work
 Expl Unexpl |  Obj  Depth IntInf | Incumbent    BestBd   Gap | It/Node Time

H    0     0                       8.8166097   -0.00894   100%     -    0s
     0     0   -0.00894    0    5    8.81661   -0.00894   100%     -    0s
H    0     0                       0.0723309   -0.00894   112%     -    0s
     0     0   -0.00446    0    4    0.07233   -0.00446   106%     -    0s
Another try with MIP start
     0     0   -0.00446    0    4    0.07233   -0.00446   106%     -    0s
     0     2   -0.00446    0    4    0.07233   -0.00446   106%     -    0s

Explored 20 nodes (70 simplex iterations) in 0.11 seconds (0.00 work units)
Thread count was 32 (of 48 available processors)

Solution count 2: 0.0723309 8.81661 

Optimal solution found (tolerance 1.00e-04)
Best objective 7.233088285773e-02, best bound 7.233088285773e-02, gap 0.0000%

