Solver command line: ['/cvmfs/restricted.computecanada.ca/easybuild/software/2023/x86-64-v3/Core/gurobi/11.0.1/bin/gurobi.sh']

Set parameter TokenServer to value "license1.computecanada.ca"
Read LP format model from file /tmp/tmpx8vvxaa3.pyomo.lp
Reading time = 0.00 seconds
x1: 5 rows, 5 columns, 25 nonzeros
Read MIP start from file /tmp/tmpn91cwsyc.gurobi.mst
Set parameter TimeLimit to value 10800
Gurobi Optimizer version 11.0.1 build v11.0.1rc0 (linux64 - "AlmaLinux 9.6 (Sage Margay)")

CPU model: AMD EPYC 9454 48-Core Processor, instruction set [SSE2|AVX|AVX2|AVX512]
Thread count: 48 physical cores, 48 logical processors, using up to 32 threads

Optimize a model with 5 rows, 5 columns and 25 nonzeros
Model fingerprint: 0x055e79bc
Model has 5 quadratic objective terms
Variable types: 0 continuous, 5 integer (0 binary)
Coefficient statistics:
  Matrix range     [1e-02, 2e-01]
  Objective range  [4e-03, 7e-02]
  QObjective range [7e-04, 8e-03]
  Bounds range     [0e+00, 0e+00]
  RHS range        [4e-02, 8e-01]

Loaded user MIP start with objective 2.69595

Presolve time: 0.00s
Presolved: 5 rows, 5 columns, 25 nonzeros
Presolved model has 5 quadratic objective terms
Variable types: 0 continuous, 5 integer (0 binary)
Found heuristic solution: objective 2.4760761

Root relaxation: objective 2.011413e+00, 7 iterations, 0.00 seconds (0.00 work units)

    Nodes    |    Current Node    |     Objective Bounds      |     Work
 Expl Unexpl |  Obj  Depth IntInf | Incumbent    BestBd   Gap | It/Node Time

     0     0    2.01141    0    5    2.47608    2.01141  18.8%     -    0s
H    0     0                       2.1758930    2.01141  7.56%     -    0s
     0     0    2.02590    0    5    2.17589    2.02590  6.89%     -    0s
     0     2    2.02590    0    5    2.17589    2.02590  6.89%     -    0s
H    7     5                       2.1071611    2.04855  2.78%   2.9    0s

Explored 18 nodes (60 simplex iterations) in 0.08 seconds (0.00 work units)
Thread count was 32 (of 48 available processors)

Solution count 4: 2.10716 2.17589 2.47608 2.69595 

Optimal solution found (tolerance 1.00e-04)
Best objective 2.107161067327e+00, best bound 2.107161067327e+00, gap 0.0000%

