Solver command line: ['/cvmfs/restricted.computecanada.ca/easybuild/software/2023/x86-64-v3/Core/gurobi/11.0.1/bin/gurobi.sh']

Set parameter TokenServer to value "license1.computecanada.ca"
Read LP format model from file /tmp/tmpfqytzxkl.pyomo.lp
Reading time = 0.09 seconds
x1: 500 rows, 500 columns, 250000 nonzeros
Read MIP start from file /tmp/tmpzrxmabgg.gurobi.mst
Set parameter TimeLimit to value 10800
Gurobi Optimizer version 11.0.1 build v11.0.1rc0 (linux64 - "AlmaLinux 9.6 (Sage Margay)")

CPU model: AMD EPYC 9454 48-Core Processor, instruction set [SSE2|AVX|AVX2|AVX512]
Thread count: 48 physical cores, 48 logical processors, using up to 32 threads

Optimize a model with 500 rows, 500 columns and 250000 nonzeros
Model fingerprint: 0xd47c2c20
Model has 500 quadratic objective terms
Variable types: 0 continuous, 500 integer (0 binary)
Coefficient statistics:
  Matrix range     [7e-07, 5e-01]
  Objective range  [2e-04, 1e-01]
  QObjective range [2e-05, 1e-02]
  Bounds range     [0e+00, 0e+00]
  RHS range        [8e-04, 1e+00]

User MIP start did not produce a new incumbent solution
User MIP start violates constraint c_u_x931_ by 0.047194286

Presolve time: 0.05s
Presolved: 500 rows, 500 columns, 250000 nonzeros
Presolved model has 500 quadratic objective terms
Variable types: 0 continuous, 500 integer (0 binary)

Root relaxation: objective -1.063958e+02, 287 iterations, 0.54 seconds (0.50 work units)
Another try with MIP start

    Nodes    |    Current Node    |     Objective Bounds      |     Work
 Expl Unexpl |  Obj  Depth IntInf | Incumbent    BestBd   Gap | It/Node Time

     0     0 -106.39582    0  500          - -106.39582      -     -   16s
     0     0 -106.39426    0  500          - -106.39426      -     -   45s
     0     2 -106.39426    0  500          - -106.39426      -     -   51s
    31    64 -106.39222    5  495          - -106.39352      -   2.2   55s
   191   224 -106.39211    8  492          - -106.39346      -   2.2   60s
   287   384 -106.39018    9  491          - -106.39319      -   2.2   65s
   520  1052 -106.39063   16  485          - -106.39311      -   2.2   72s
  1051  2203 -106.38874   31  476          - -106.39256      -   2.2   82s
  2202  3992 -106.37962   58  451          - -106.39256      -   2.4   99s
  3991  5884 -106.36587  111  412          - -106.39256      -   2.7  114s
  5883  7747 -106.34495  166  376          - -106.39256      -   2.9  128s
  7746  9809 -106.32871  221  343          - -106.39256      -   3.0  142s
  9808 11876 -106.29798  280  319          - -106.39256      -   3.3  155s
 11875 13734 -106.25388  334  294          - -106.39256      -   3.6  167s
 13733 15769 -106.19441  376  270          - -106.39256      -   4.1  178s
 15769 15770 -106.28106  285  500          - -106.39256      -   4.8  181s
 15773 15773 -106.36639  103  500          - -106.39256      -   4.8  188s
 15774 15776 -106.39256   16  499          - -106.39256      -   4.8  191s
 15836 15848 -106.38621   21  494          - -106.38819      -   4.8  195s
 15996 15954 -106.38250   23  492          - -106.38681      -   4.8  200s
 16156 16061 -106.38149   26  489          - -106.38627      -   4.8  205s
 16351 16626 -106.37359   29  486          - -106.38623      -   4.7  214s
 16818 17037 -106.36694   35  480          - -106.38623      -   4.7  221s
 17385 16882 -106.35791   42  473          - -106.38623      -   4.6  225s
 17419 18053 -106.35468   43  472          - -106.38623      -   4.6  238s
 18601 18654 -106.34270   58  457          - -106.38623      -   4.5  249s
 19596 19238 -106.33553   71  444          - -106.38623      -   4.4  260s
 20512 19853 -106.32359   83  432          - -106.38623      -   4.3  271s
 21432 20412 -106.31548   96  419          - -106.38623      -   4.2  281s
 22298 21087 -106.30358  107  409          - -106.38623      -   4.2  292s
 23261 21730 -106.29195  120  398          - -106.38623      -   4.2  302s
 24225 22382 -106.28332  134  382          - -106.38623      -   4.2  313s
 25199 23056 -106.27053  148  372          - -106.38623      -   4.2  324s
 26197 23515 -106.25643  162  360          - -106.38623      -   4.2  332s
 26989 24322 -106.24475  174  351          - -106.38623      -   4.3  344s
 28060 24900 -106.22731  191  337          - -106.38623      -   4.4  354s
 28995 25709 -106.21702  205  333          - -106.38623      -   4.5  366s
 30116 26489 -106.19883  221  323          - -106.38623      -   4.6  377s
 31269 27431 -106.18194  238  312          - -106.38623      -   4.8  392s
 32596 28182 -106.16008  257  309          - -106.38623      -   5.0  404s
 33789 29022 -106.14017  274  298          - -106.38623      -   5.2  416s
 35027 29710 -106.11993  292  289          - -106.38623      -   5.4  426s
 36127 30712 -106.09871  308  277          - -106.38623      -   5.7  438s
 37496 31660 -106.05955  328  274          - -106.38623      -   5.9  450s
 38900 32523 -106.04264  349  262          - -106.38623      -   6.3  462s
 40231 33559 -106.00374  369  264          - -106.38623      -   6.6  474s
 41711 34437 -105.94717  392  243          - -106.38623      -   7.0  486s
 43082 35543 -105.92146  414  235          - -106.38623      -   7.4  498s
 44645 36557 -105.87461  439  229          - -106.38623      -   7.9  510s
 46180 37661 -105.82158  463  218          - -106.38623      -   8.4  521s
 47796 38674 -105.74670  489  203          - -106.38623      -   8.9  531s
 49348 39825 -105.65434  514  196          - -106.38623      -   9.6  542s
 51016 39366 -105.59331  539  183          - -106.38623      -  10.3  546s
 51113 40950 -105.56607  540  185          - -106.38623      -  10.3  557s
 52729 42227 -105.49326  564  175          - -106.38623      -  11.0  568s
 54545 43450 -105.38075  590  168          - -106.38623      -  11.9  578s
 56373 44739 -105.12020  619  165          - -106.38623      -  12.9  588s
 58272 46093 -104.90492  653  147          - -106.38623      -  14.0  697s
 60261 47264 -103.70394  692  128          - -106.38623      -  15.8  820s
 62123 51846 infeasible  697               - -106.38623      -  18.5  962s
 67487 57016 -103.54369  697  126          - -106.38623      -  24.1 1008s
 73076 57283 infeasible  705               - -106.38615      -  27.8 1047s
 73403 62702 -106.38166   26  489          - -106.38615      -  28.5 1162s
 79046 68252 -106.17518  300  294          - -106.38615      -  34.4 1360s
 84896 75467 -105.91472  415  242          - -106.38615      -  39.7 1495s
 92341 80798 -105.35354  547  189          - -106.38615      -  43.3 1615s
 97788 91502 -104.87154  589  173          - -106.38615      -  46.0 1730s
 108648 91835 -103.63844  678  142          - -106.38615      -  46.6 1824s
 108993 99667 -103.75109  680  138          - -106.38615      -  48.5 1936s
 116943 107097 -106.34957   74  442          - -106.38601      -  49.6 2046s
 124477 113582 -106.04882  303  284          - -106.38601      -  50.4 2154s
 131018 121412 -105.81354  392  249          - -106.38601      -  51.7 2261s
 138970 128227 -105.35831  492  217          - -106.38601      -  52.7 2383s
 145939 135254 -105.00752  546  194          - -106.38601      -  54.2 2544s
 153038 143102 -104.38041  601  173          - -106.38601      -  55.4 2642s
 161062 143407 -103.77284  659  154          - -106.38601      -  56.3 2743s
 161433 167371 -103.75560  665  152          - -106.38601      -  58.1 3234s
 186137 179986 -106.13529  226  327          - -106.38554      -  63.2 3411s
 198932 180357 -105.66829  373  268          - -106.38554      -  62.5 3502s
 199367 208988 -105.66946  371  267          - -106.38554      -  63.8 3978s
 228474 218429 -103.79393  600  195          - -106.38554      -  63.0 4141s
 237981 223745 -102.91347  653  187          - -106.38554      -  62.6 4302s
 243443 230305 -102.19588  696  158          - -106.38554      -  63.4 4476s
 250129 238303 -101.50023  750  131          - -106.38554      -  64.2 4655s
 258317 238699 infeasible  804               - -106.38554      -  64.8 4831s
 258763 263592 infeasible  805               - -106.38554      -  65.9 5326s
 284158 276453 infeasible  807               - -106.38532      -  68.8 5518s
 297203 284224 -106.02424  236  321          - -106.38532      -  68.3 5664s
 305034 284642 -105.63951  356  266          - -106.38532      -  68.7 5770s
 305586 296787 -105.63315  358  268          - -106.38532      -  69.7 5947s
 317819 304761 -105.10077  444  236          - -106.38532      -  68.9 6123s
 326013 313580 -104.45187  525  213          - -106.38532      -  68.9 6302s
 334978 324206 -103.74635  586  203          - -106.38532      -  68.4 6485s
 345736 330390 -103.00959  654  183          - -106.38532      -  68.0 6610s
 351998 337423 -102.31495  690  168          - -106.38532      -  68.0 6785s
 359061 344789 -101.79468  736  149          - -106.38532      -  68.2 6990s
 366497 352710 -101.14332  775  139          - -106.38532      -  68.7 7115s
 374668 353181  -98.72436  845  126          - -106.38532      -  69.1 7228s
 375201 363985  -98.57305  849  118          - -106.38532      -  69.9 7366s
 386161 372906 -106.00637  237  323          - -106.38500      -  69.9 7505s
 395302 381851 -105.37846  383  269          - -106.38500      -  70.0 7657s
 404285 389552 -104.65029  482  230          - -106.38500      -  70.2 7853s
 412362 400173 -103.74172  557  212          - -106.38500      -  70.6 8018s
 423297 409677 -102.88258  639  177          - -106.38500      -  70.5 8187s
 432925 410138 -101.02265  726  150          - -106.38500      -  70.5 8343s
 433432 419649 -100.88365  731  153          - -106.38500      -  71.3 8498s
 442993 428284  -98.66070  802  138          - -106.38500      -  71.2 8647s
 451712 436693  -94.05261  857  130          - -106.38500      -  71.1 8790s
 460233 443517 infeasible  860               - -106.38500      -  71.3 8941s
 467231 451877 infeasible  861               - -106.38500      -  71.8 9070s
 475757 461076  -95.10663  856  126          - -106.38500      -  72.1 9203s
 485118 469497 infeasible  868               - -106.38500      -  72.3 9349s
 493845 469951 infeasible  869               - -106.38500      -  72.6 9497s
 494387 481046 infeasible  869               - -106.38500      -  73.2 9674s
 505600 490194 infeasible  870               - -106.38500      -  73.1 9816s
 515034 497966 infeasible  871               - -106.38500      -  73.2 9956s
 522958 507625 infeasible  872               - -106.38500      -  73.1 10075s
 532751 515564 -105.90824  263  304          - -106.38421      -  72.7 10185s
 540778 525200 -105.34397  380  267          - -106.38421      -  72.5 10365s
 550446 531987 -104.64645  476  229          - -106.38421      -  72.5 10460s
 557401 540597 -104.19980  519  221          - -106.38421      -  72.7 10557s
 566153 540982 -103.48812  572  210          - -106.38421      -  72.6 10650s
 566612 550226 -103.51480  576  203          - -106.38421      -  72.9 10746s
 575958 559488 -102.67456  642  184          - -106.38421      -  72.7 10800s

Explored 585470 nodes (42319873 simplex iterations) in 10800.16 seconds (8597.45 work units)
Thread count was 32 (of 48 available processors)

Solution count 0

Time limit reached
Best objective -, best bound -1.063842105093e+02, gap -

