Solver command line: ['/cvmfs/restricted.computecanada.ca/easybuild/software/2023/x86-64-v3/Core/gurobi/11.0.1/bin/gurobi.sh']

Set parameter TokenServer to value "license1.computecanada.ca"
Read LP format model from file /tmp/tmpvlkt1pwt.pyomo.lp
Reading time = 0.36 seconds
x1: 1000 rows, 1000 columns, 1000000 nonzeros
Read MIP start from file /tmp/tmpf6kp_ujn.gurobi.mst
Set parameter TimeLimit to value 10800
Gurobi Optimizer version 11.0.1 build v11.0.1rc0 (linux64 - "AlmaLinux 9.6 (Sage Margay)")

CPU model: AMD EPYC 9454 48-Core Processor, instruction set [SSE2|AVX|AVX2|AVX512]
Thread count: 48 physical cores, 48 logical processors, using up to 32 threads

Optimize a model with 1000 rows, 1000 columns and 1000000 nonzeros
Model fingerprint: 0x3cdddc9f
Model has 1000 quadratic objective terms
Variable types: 0 continuous, 1000 integer (0 binary)
Coefficient statistics:
  Matrix range     [3e-07, 5e-01]
  Objective range  [9e-05, 1e-01]
  QObjective range [2e-05, 1e-02]
  Bounds range     [0e+00, 0e+00]
  RHS range        [3e-04, 1e+00]

Loaded user MIP start with objective -141.956

Presolve time: 0.18s
Presolved: 1000 rows, 1000 columns, 1000000 nonzeros
Presolved model has 1000 quadratic objective terms
Variable types: 0 continuous, 1000 integer (0 binary)
Found heuristic solution: objective -160.0621029

Root simplex log...

Iteration    Objective       Primal Inf.    Dual Inf.      Time
     546   -2.1398325e+02   2.547047e+00   0.000000e+00      5s
     591   -2.1385696e+02   0.000000e+00   0.000000e+00      7s

Root relaxation: objective -2.138570e+02, 591 iterations, 7.14 seconds (3.88 work units)

    Nodes    |    Current Node    |     Objective Bounds      |     Work
 Expl Unexpl |  Obj  Depth IntInf | Incumbent    BestBd   Gap | It/Node Time

     0     0 -213.85696    0 1000 -160.06210 -213.85696  33.6%     -    7s
     0     0 -213.85514    0 1000 -160.06210 -213.85514  33.6%     -   40s
H    0     2                    -165.4884531 -213.85514  29.2%     -   48s
     0     2 -213.85514    0 1000 -165.48845 -213.85514  29.2%     -   48s
     1     4 -213.85514    1  999 -165.48845 -213.85514  29.2%   2.0   50s
     7    16 -213.85338    3  997 -165.48845 -213.85455  29.2%   2.4   56s
    31    64 -213.85071    5  995 -165.48845 -213.85247  29.2%   2.7   64s
    63    96 -213.84995    6  994 -165.48845 -213.85150  29.2%   2.7  656s
    95   128 -213.84902    6  994 -165.48845 -213.85039  29.2%   2.7  668s
H  103   128                    -167.3134256 -213.85039  27.8%   2.8  668s
   127   160 -213.84883    7  993 -167.31343 -213.85013  27.8%   2.8  673s
   159   192 -213.84793    7  993 -167.31343 -213.85013  27.8%   2.8  849s
   191   256 -213.84703    8  992 -167.31343 -213.85013  27.8%   2.8  859s
   255   480 -213.84525    9  991 -167.31343 -213.85013  27.8%   2.8  890s
   479   512 -213.84220   12  988 -167.31343 -213.85013  27.8%   2.8  909s
H  484   512                    -168.2404901 -213.85013  27.1%   2.8  909s
   511  1480 -213.84086   13  987 -168.24049 -213.85013  27.1%   2.8 1022s
  1479  3794 -213.82744   27  972 -168.24049 -213.85013  27.1%   2.7 1224s
  3793  3826 -213.77914   75  925 -168.24049 -213.85013  27.1%   3.1 1331s
  3825  5823 -213.77756   76  924 -168.24049 -213.85013  27.1%   3.1 1493s
  5822  7608 -213.72842  122  878 -168.24049 -213.85013  27.1%   3.2 1635s
  7607  9310 -213.69194  156  846 -168.24049 -213.85013  27.1%   3.4 1767s
  9309 10986 -213.65227  188  819 -168.24049 -213.85013  27.1%   3.7 1893s
 10985 12658 -213.61540  217  791 -168.24049 -213.85013  27.1%   4.0 2014s
 12657 14340 -213.57833  243  770 -168.24049 -213.85013  27.1%   4.5 2135s
 14339 16016 -213.54326  270  753 -168.24049 -213.85013  27.1%   5.0 2250s
 16016 16017 -213.69680  154 1000 -168.24049 -213.85013  27.1%   5.5 3101s
 16018 16018 -213.68144  177 1000 -168.24049 -213.85013  27.1%   5.5 3112s
 16020 16020 -213.83361   18 1000 -168.24049 -213.85013  27.1%   5.5 3116s
 16021 16023 -213.85013   15  999 -168.24049 -213.85013  27.1%   5.6 3122s
 16023 16027 -213.85013   16  998 -168.24049 -213.85013  27.1%   5.6 3125s
 16035 16047 -213.85013   18  996 -168.24049 -213.85013  27.1%   5.5 3131s
 16051 16073 -213.84904   19  995 -168.24049 -213.85013  27.1%   5.5 3136s
 16115 16116 -213.84719   20  994 -168.24049 -213.84968  27.1%   5.5 3145s
 16147 16137 -213.84606   21  993 -168.24049 -213.84860  27.1%   5.5 3156s
 16179 16159 -213.84548   21  993 -168.24049 -213.84860  27.1%   5.5 3161s
 16211 16180 -213.84447   22  992 -168.24049 -213.84860  27.1%   5.5 3281s
 16243 16201 -213.84399   22  992 -168.24049 -213.84860  27.1%   5.5 3286s
 16275 16223 -213.84259   23  991 -168.24049 -213.84860  27.1%   5.5 3291s
 16307 16312 -213.84288   23  991 -168.24049 -213.84860  27.1%   5.5 3305s
 16407 16417 -213.84036   25  989 -168.24049 -213.84860  27.1%   5.5 3325s
 16545 16872 -213.83786   27  987 -168.24049 -213.84860  27.1%   5.5 3386s
 17046 16737 -213.82560   35  979 -168.24049 -213.84860  27.1%   5.4 3458s
H17069 15927                    -168.3173925 -213.84860  27.1%   5.4 3458s
 17078 16996 -213.82393   35  979 -168.31739 -213.84860  27.1%   5.4 3576s
 18150 19310 -213.81134   50  964 -168.31739 -213.84860  27.1%   5.2 3837s
 20821 19575 -213.76971   83  931 -168.31739 -213.84860  27.1%   4.9 3950s
 21977 19222 -213.74775   99  915 -168.31739 -213.84860  27.1%   4.8 4030s
 22009 20363 -213.74606   99  915 -168.31739 -213.84860  27.1%   4.8 5690s
 23161 20011 -213.73032  117  897 -168.31739 -213.84860  27.1%   4.7 7634s
 23193 21915 -213.72955  118  896 -168.31739 -213.84860  27.1%   4.7 7813s
 25107 21309 -213.70523  138  876 -168.31739 -213.84860  27.1%   4.6 7889s
 25139 24661 -213.70575  139  875 -168.31739 -213.84860  27.1%   4.6 8141s
 28502 26281 -213.66350  179  835 -168.31739 -213.84860  27.1%   4.7 8348s
 31243 33079 -213.63269  212  803 -168.31739 -213.84860  27.1%   4.9 8942s
 38955 30912 -213.51877  333  695 -168.31739 -213.84860  27.1%   5.9 8983s
 39358 32926 -213.51087  339  696 -168.31739 -213.84860  27.1%   5.9 9113s
 41507 34224 -213.48306  365  677 -168.31739 -213.84860  27.1%   6.3 9238s
 43521 35523 -213.46224  391  655 -168.31739 -213.84860  27.1%   6.8 9353s
 45491 36556 -213.44395  417  637 -168.31739 -213.84860  27.1%   7.4 9449s
 47181 38018 -213.42620  440  620 -168.31739 -213.84860  27.1%   8.0 9565s
 49206 39421 -213.40508  467  604 -168.31739 -213.84860  27.1%   8.8 9690s
 51284 40788 -213.38297  495  589 -168.31739 -213.84860  27.1%   9.7 9799s
 53354 42112 -213.35013  519  585 -168.31739 -213.84860  27.1%  10.6 9924s
 55480 43920 -213.30407  546  576 -168.31739 -213.84860  27.1%  11.6 10112s
 58049 45339 -213.26425  574  578 -168.31739 -213.84860  27.1%  12.4 10294s
 60540 50566 -213.22728  602  559 -168.31739 -213.84860  27.1%  13.1 10800s

Explored 66619 nodes (948978 simplex iterations) in 10801.03 seconds (1922.51 work units)
Thread count was 32 (of 48 available processors)

Solution count 6: -168.317 -168.24 -167.313 ... -141.956

Time limit reached
Best objective -1.683173924990e+02, best bound -2.138485965940e+02, gap 27.0508%

