Solver command line: ['/cvmfs/soft.computecanada.ca/easybuild/software/2023/x86-64-v4/Compiler/gcc12/scipoptsuite/9.0.0/bin/scip', '/tmp/tmpu_43ylmd.pyomo', '-AMPL']

SCIP version 9.0.0 [precision: 8 byte] [memory: block] [mode: optimized] [LP solver: Soplex 7.0.0] [GitHash: 7205bedd94]
Copyright (c) 2002-2024 Zuse Institute Berlin (ZIB)

External libraries: 
  Readline 8.1         GNU library for command line editing (gnu.org/s/readline)
  Soplex 7.0.0         Linear Programming Solver developed at Zuse Institute Berlin (soplex.zib.de) [GitHash: 6657fb3b]
  CppAD 20180000.0     Algorithmic Differentiation of C++ algorithms developed by B. Bell (github.com/coin-or/CppAD)
  ZLIB 1.2.13          General purpose compression library by J. Gailly and M. Adler (zlib.net)
  GMP 6.2.1            GNU Multiple Precision Arithmetic Library developed by T. Granlund (gmplib.org)
  ZIMPL 3.5.3          Zuse Institute Mathematical Programming Language developed by T. Koch (zimpl.zib.de)
  AMPL/MP 690e9e7      AMPL .nl file reader library (github.com/ampl/mp)
  PaPILO 2.2.0         parallel presolve for integer and linear optimization (github.com/scipopt/papilo) (built with TBB) [GitHash: df30ae49]
  bliss 0.77           Computing Graph Automorphisms by T. Junttila and P. Kaski (users.aalto.fi/~tjunttil/bliss)
  sassy 1.1            Symmetry preprocessor by Markus Anders (github.com/markusa4/sassy)
  Ipopt 3.14.14        Interior Point Optimizer developed by A. Waechter et.al. (github.com/coin-or/Ipopt)

reading user parameter file <scip.set>
===========================

limits/time = 10800

read problem </tmp/tmpu_43ylmd.pyomo.nl>
============

original problem has 501 variables (0 bin, 500 int, 0 impl, 1 cont) and 501 constraints

solve problem
=============

1/1 feasible solution given by solution candidate storage, new primal bound 0.000000e+00

presolving:
   (0.1s) symmetry computation started: requiring (bin +, int +, cont +), (fixed: bin -, int -, cont -)
   (0.2s) no symmetry present (symcode time: 0.02)
presolving (1 rounds: 1 fast, 1 medium, 1 exhaustive):
 0 deleted vars, 0 deleted constraints, 0 added constraints, 1 tightened bounds, 0 added holes, 0 changed sides, 0 changed coefficients
 0 implications, 0 cliques
presolved problem has 501 variables (0 bin, 500 int, 0 impl, 1 cont) and 501 constraints
    500 constraints of type <linear>
      1 constraints of type <nonlinear>
Presolving Time: 0.18
transformed 1/1 original solutions to the transformed problem space

 time | node  | left  |LP iter|LP it/n|mem/heur|mdpt |vars |cons |rows |cuts |sepa|confs|strbr|  dualbound   | primalbound  |  gap   | compl. 
  3.3s|     1 |     0 |  5008 |     - |   133M |   0 |1502 | 501 |2500 |   0 |  0 |   0 |   0 |-2.477245e+01 | 0.000000e+00 |    Inf | unknown
  6.6s|     1 |     0 |  6737 |     - |   140M |   0 |1502 | 501 |3000 | 500 |  1 |   0 |   0 |-2.477245e+01 | 0.000000e+00 |    Inf | unknown
 11.5s|     1 |     0 |  9186 |     - |   165M |   0 |1502 | 501 |3494 | 994 |  2 |   0 |   0 |-2.477245e+01 | 0.000000e+00 |    Inf | unknown
 22.2s|     1 |     0 | 19868 |     - |   175M |   0 |1502 | 501 |3954 |1454 |  3 |   0 |   0 |-2.476909e+01 | 0.000000e+00 |    Inf | unknown
 23.3s|     1 |     0 | 19868 |     - |   175M |   0 |1502 | 501 |3954 |1454 |  3 |   0 |   0 |-2.476909e+01 | 0.000000e+00 |    Inf | unknown
 30.2s|     1 |     0 | 30645 |     - |   187M |   0 |1502 | 501 |4271 |1771 |  4 |   0 |   0 |-2.468053e+01 | 0.000000e+00 |    Inf | unknown
 31.2s|     1 |     0 | 30645 |     - |   188M |   0 |1502 | 501 |4271 |1771 |  4 |   0 |   0 |-2.468053e+01 | 0.000000e+00 |    Inf | unknown
 38.4s|     1 |     0 | 41079 |     - |   204M |   0 |1502 | 501 |4432 |1932 |  5 |   0 |   0 |-2.460643e+01 | 0.000000e+00 |    Inf | unknown
 39.2s|     1 |     0 | 41079 |     - |   204M |   0 |1502 | 501 |4432 |1932 |  5 |   0 |   0 |-2.460643e+01 | 0.000000e+00 |    Inf | unknown
 41.3s|     1 |     0 | 43046 |     - |   224M |   0 |1502 | 501 |4483 |1983 |  6 |   0 |   0 |-2.459141e+01 | 0.000000e+00 |    Inf | unknown
 42.2s|     1 |     0 | 43046 |     - |   224M |   0 |1502 | 501 |4483 |1983 |  6 |   0 |   0 |-2.459141e+01 | 0.000000e+00 |    Inf | unknown
 43.5s|     1 |     0 | 43489 |     - |   232M |   0 |1502 | 501 |4499 |1999 |  7 |   0 |   0 |-2.459014e+01 | 0.000000e+00 |    Inf | unknown
 44.4s|     1 |     0 | 43489 |     - |   232M |   0 |1502 | 501 |4499 |1999 |  7 |   0 |   0 |-2.459014e+01 | 0.000000e+00 |    Inf | unknown
 45.7s|     1 |     0 | 43677 |     - |   247M |   0 |1502 | 501 |4507 |2007 |  8 |   0 |   0 |-2.458988e+01 | 0.000000e+00 |    Inf | unknown
 47.8s|     1 |     0 | 43772 |     - |   269M |   0 |1502 | 501 |4510 |2010 |  9 |   0 |   0 |-2.458980e+01 | 0.000000e+00 |    Inf | unknown
 time | node  | left  |LP iter|LP it/n|mem/heur|mdpt |vars |cons |rows |cuts |sepa|confs|strbr|  dualbound   | primalbound  |  gap   | compl. 
 49.7s|     1 |     0 | 43872 |     - |   272M |   0 |1502 | 501 |4511 |2011 | 10 |   0 |   0 |-2.458974e+01 | 0.000000e+00 |    Inf | unknown
 51.2s|     1 |     0 | 43926 |     - |   273M |   0 |1502 | 501 |2024 |2012 | 11 |   0 |   0 |-2.458973e+01 | 0.000000e+00 |    Inf | unknown
 52.7s|     1 |     0 | 43956 |     - |   273M |   0 |1502 | 501 |2025 |2013 | 12 |   0 |   0 |-2.458973e+01 | 0.000000e+00 |    Inf | unknown
 54.2s|     1 |     0 | 43979 |     - |   273M |   0 |1502 | 501 |2027 |2015 | 13 |   0 |   0 |-2.458972e+01 | 0.000000e+00 |    Inf | unknown
 55.7s|     1 |     0 | 43995 |     - |   273M |   0 |1502 | 501 |2028 |2016 | 14 |   0 |   0 |-2.458972e+01 | 0.000000e+00 |    Inf | unknown
 57.3s|     1 |     0 | 44019 |     - |   273M |   0 |1502 | 501 |2029 |2017 | 15 |   0 |   0 |-2.458972e+01 | 0.000000e+00 |    Inf | unknown
 58.8s|     1 |     0 | 44039 |     - |   274M |   0 |1502 | 501 |2030 |2018 | 16 |   0 |   0 |-2.458971e+01 | 0.000000e+00 |    Inf | unknown
  340s|     1 |     2 |513247 |     - |   274M |   0 |1502 | 501 |2030 |2018 | 16 |   0 |  26 |-2.458908e+01 | 0.000000e+00 |    Inf | unknown
  589s|   100 |   101 |709286 |6719.7 |   281M |  27 |1502 | 501 |1240 |3508 |  2 |   0 | 348 |-2.458359e+01 | 0.000000e+00 |    Inf | unknown
  716s|   200 |   201 |863174 |4116.3 |   282M |  33 |1502 | 501 |1284 |4463 |  2 |   0 | 412 |-2.458108e+01 | 0.000000e+00 |    Inf | unknown
  817s|   300 |   301 |998030 |3190.6 |   282M |  33 |1502 | 501 |1331 |5323 |  2 |   0 | 461 |-2.457863e+01 | 0.000000e+00 |    Inf | unknown
  917s|   400 |   401 |  1139k|2746.6 |   278M |  49 |1502 | 501 |1232 |6024 |  2 |   0 | 473 |-2.457716e+01 | 0.000000e+00 |    Inf | unknown
 1003s|   500 |   501 |  1243k|2404.4 |   277M |  49 |1502 | 501 |1351 |6689 |  2 |   0 | 479 |-2.457716e+01 | 0.000000e+00 |    Inf | unknown
 1075s|   600 |   601 |  1361k|2199.5 |   278M |  57 |1502 | 501 |1356 |7405 |  2 |   0 | 496 |-2.457716e+01 | 0.000000e+00 |    Inf | unknown
 1144s|   700 |   701 |  1467k|2036.5 |   279M |  57 |1502 | 501 |1513 |8172 |  2 |   0 | 497 |-2.457716e+01 | 0.000000e+00 |    Inf | unknown
 time | node  | left  |LP iter|LP it/n|mem/heur|mdpt |vars |cons |rows |cuts |sepa|confs|strbr|  dualbound   | primalbound  |  gap   | compl. 
 1251s|   800 |   801 |  1606k|1955.8 |   280M |  57 |1502 | 503 |1398 |9120 |  2 |   2 | 519 |-2.457716e+01 | 0.000000e+00 |    Inf | unknown
 1329s|   900 |   901 |  1740k|1887.0 |   282M |  57 |1502 | 502 |1473 |9943 |  2 |   2 | 522 |-2.457716e+01 | 0.000000e+00 |    Inf | unknown
 1417s|  1000 |  1001 |  1882k|1840.1 |   283M |  57 |1502 | 502 |1481 |  10k|  2 |   2 | 545 |-2.457716e+01 | 0.000000e+00 |    Inf | unknown
 1502s|  1100 |  1101 |  2025k|1803.1 |   285M |  57 |1502 | 502 |1301 |  11k|  2 |   3 | 551 |-2.457716e+01 | 0.000000e+00 |    Inf | unknown
 1597s|  1200 |  1201 |  2169k|1772.9 |   285M |  57 |1502 | 503 |1383 |  12k|  2 |   4 | 551 |-2.457716e+01 | 0.000000e+00 |    Inf | unknown
 1707s|  1300 |  1301 |  2356k|1780.0 |   287M |  57 |1502 | 503 |1468 |  13k|  2 |   5 | 553 |-2.457716e+01 | 0.000000e+00 |    Inf | unknown
 1820s|  1400 |  1401 |  2522k|1771.7 |   289M |  57 |1502 | 504 |1301 |  14k|  2 |   7 | 556 |-2.457716e+01 | 0.000000e+00 |    Inf | unknown
 1918s|  1500 |  1501 |  2698k|1770.6 |   290M |  57 |1502 | 503 |1452 |  15k|  4 |   7 | 561 |-2.457716e+01 | 0.000000e+00 |    Inf | unknown
 2017s|  1600 |  1601 |  2853k|1757.0 |   291M |  57 |1502 | 503 |1456 |  16k|  2 |   7 | 571 |-2.457716e+01 | 0.000000e+00 |    Inf | unknown
 2118s|  1700 |  1701 |  3026k|1755.2 |   292M |  57 |1502 | 502 |1303 |  18k|  2 |   8 | 584 |-2.457716e+01 | 0.000000e+00 |    Inf | unknown
 2204s|  1800 |  1801 |  3178k|1742.6 |   292M |  57 |1502 | 502 |1447 |  19k|  4 |   8 | 592 |-2.457716e+01 | 0.000000e+00 |    Inf | unknown
 2294s|  1900 |  1901 |  3315k|1723.0 |   294M |  57 |1502 | 501 |1408 |  20k|  2 |   8 | 597 |-2.457716e+01 | 0.000000e+00 |    Inf | unknown
 2399s|  2000 |  2001 |  3494k|1726.0 |   296M |  57 |1502 | 502 |1318 |  21k|  2 |   9 | 597 |-2.457716e+01 | 0.000000e+00 |    Inf | unknown
 2496s|  2100 |  2101 |  3651k|1718.6 |   297M |  57 |1502 | 503 |1370 |  22k|  2 |  10 | 610 |-2.457716e+01 | 0.000000e+00 |    Inf | unknown
 2595s|  2200 |  2201 |  3805k|1710.4 |   298M |  57 |1502 | 503 |1449 |  24k|  2 |  11 | 617 |-2.457716e+01 | 0.000000e+00 |    Inf | unknown
 time | node  | left  |LP iter|LP it/n|mem/heur|mdpt |vars |cons |rows |cuts |sepa|confs|strbr|  dualbound   | primalbound  |  gap   | compl. 
 2707s|  2300 |  2301 |  3995k|1718.9 |   300M |  57 |1502 | 502 |1324 |  25k|  2 |  11 | 635 |-2.457716e+01 | 0.000000e+00 |    Inf | unknown
 2817s|  2400 |  2401 |  4161k|1716.4 |   301M |  57 |1502 | 501 |1401 |  26k|  3 |  11 | 641 |-2.457716e+01 | 0.000000e+00 |    Inf | unknown
 2900s|  2500 |  2501 |  4290k|1699.2 |   302M |  57 |1502 | 503 |1431 |  27k|  2 |  13 | 654 |-2.457716e+01 | 0.000000e+00 |    Inf | unknown
 3027s|  2600 |  2601 |  4525k|1724.4 |   302M |  57 |1502 | 505 |1365 |  29k|  2 |  15 | 665 |-2.457716e+01 | 0.000000e+00 |    Inf | unknown
 3128s|  2700 |  2701 |  4691k|1721.9 |   305M |  57 |1502 | 505 |1413 |  30k|  2 |  17 | 678 |-2.457716e+01 | 0.000000e+00 |    Inf | unknown
 3255s|  2800 |  2801 |  4914k|1740.2 |   307M |  59 |1502 | 505 |1454 |  31k|  2 |  17 | 688 |-2.457716e+01 | 0.000000e+00 |    Inf | unknown
 3360s|  2900 |  2901 |  5091k|1741.0 |   307M |  69 |1502 | 502 |1442 |  33k|  3 |  18 | 698 |-2.457716e+01 | 0.000000e+00 |    Inf | unknown
 3462s|  3000 |  3001 |  5256k|1737.9 |   308M |  69 |1502 | 504 |1435 |  34k|  2 |  20 | 707 |-2.457529e+01 | 0.000000e+00 |    Inf | unknown
 3574s|  3100 |  3101 |  5465k|1749.4 |   311M |  69 |1502 | 503 |1278 |  35k|  1 |  20 | 712 |-2.457529e+01 | 0.000000e+00 |    Inf | unknown
 3680s|  3200 |  3201 |  5640k|1749.4 |   312M |  69 |1502 | 504 |1464 |  36k|  3 |  21 | 729 |-2.457516e+01 | 0.000000e+00 |    Inf | unknown
 3795s|  3300 |  3301 |  5844k|1758.1 |   313M |  69 |1502 | 502 |1456 |  38k|  2 |  21 | 737 |-2.457516e+01 | 0.000000e+00 |    Inf | unknown
 3897s|  3400 |  3401 |  6035k|1762.7 |   313M |  69 |1502 | 503 |1433 |  39k|  5 |  23 | 746 |-2.457388e+01 | 0.000000e+00 |    Inf | unknown
 4022s|  3500 |  3501 |  6250k|1773.8 |   315M |  69 |1502 | 503 |1297 |  40k|  2 |  23 | 753 |-2.457349e+01 | 0.000000e+00 |    Inf | unknown
 4129s|  3600 |  3601 |  6426k|1773.3 |   316M |  69 |1502 | 504 |1333 |  42k|  2 |  26 | 765 |-2.457277e+01 | 0.000000e+00 |    Inf | unknown
 4240s|  3700 |  3701 |  6617k|1777.1 |   317M |  69 |1502 | 504 |1523 |  43k|  4 |  26 | 771 |-2.457037e+01 | 0.000000e+00 |    Inf | unknown
 time | node  | left  |LP iter|LP it/n|mem/heur|mdpt |vars |cons |rows |cuts |sepa|confs|strbr|  dualbound   | primalbound  |  gap   | compl. 
 4348s|  3800 |  3801 |  6813k|1781.8 |   318M |  69 |1502 | 503 |1412 |  44k|  2 |  26 | 786 |-2.457037e+01 | 0.000000e+00 |    Inf | unknown
 4461s|  3900 |  3901 |  6998k|1783.7 |   319M |  69 |1502 | 501 |1492 |  45k|  2 |  26 | 801 |-2.456930e+01 | 0.000000e+00 |    Inf | unknown
 4562s|  4000 |  4001 |  7177k|1783.9 |   322M |  69 |1502 | 502 |1375 |  47k|  4 |  27 | 803 |-2.456930e+01 | 0.000000e+00 |    Inf | unknown
 4665s|  4100 |  4101 |  7350k|1782.5 |   324M |  69 |1502 | 503 |1469 |  48k|  2 |  28 | 817 |-2.456704e+01 | 0.000000e+00 |    Inf | unknown
 4791s|  4200 |  4201 |  7571k|1792.8 |   324M |  69 |1502 | 502 |1524 |  50k|  4 |  28 | 819 |-2.456704e+01 | 0.000000e+00 |    Inf | unknown
 4883s|  4300 |  4301 |  7736k|1789.5 |   325M |  69 |1502 | 504 |1445 |  51k|  2 |  30 | 827 |-2.456655e+01 | 0.000000e+00 |    Inf | unknown
 4989s|  4400 |  4401 |  7920k|1790.6 |   327M |  69 |1502 | 504 |1260 |  52k|  2 |  31 | 830 |-2.456496e+01 | 0.000000e+00 |    Inf | unknown
 5097s|  4500 |  4501 |  8109k|1792.8 |   328M |  69 |1502 | 502 |1274 |  53k|  2 |  31 | 840 |-2.456496e+01 | 0.000000e+00 |    Inf | unknown
 5184s|  4600 |  4601 |  8249k|1784.1 |   328M |  69 |1502 | 503 |1514 |  54k|  2 |  32 | 844 |-2.456474e+01 | 0.000000e+00 |    Inf | unknown
 5285s|  4700 |  4701 |  8433k|1785.3 |   329M |  69 |1502 | 502 |1394 |  55k|  2 |  32 | 846 |-2.456474e+01 | 0.000000e+00 |    Inf | unknown
 5386s|  4800 |  4801 |  8595k|1781.9 |   330M |  69 |1502 | 503 |1436 |  56k|  1 |  34 | 858 |-2.456444e+01 | 0.000000e+00 |    Inf | unknown
 5479s|  4900 |  4901 |  8747k|1776.7 |   332M |  69 |1502 | 504 |1368 |  57k|  2 |  35 | 862 |-2.456444e+01 | 0.000000e+00 |    Inf | unknown
 5575s|  5000 |  5001 |  8920k|1775.7 |   332M |  69 |1502 | 504 |1556 |  59k|  2 |  35 | 867 |-2.456379e+01 | 0.000000e+00 |    Inf | unknown
 5686s|  5100 |  5101 |  9103k|1776.7 |   333M |  69 |1502 | 502 |1471 |  60k|  2 |  36 | 877 |-2.456379e+01 | 0.000000e+00 |    Inf | unknown
 5786s|  5200 |  5201 |  9279k|1776.4 |   333M |  69 |1502 | 504 |1437 |  61k|  2 |  38 | 878 |-2.456287e+01 | 0.000000e+00 |    Inf | unknown
 time | node  | left  |LP iter|LP it/n|mem/heur|mdpt |vars |cons |rows |cuts |sepa|confs|strbr|  dualbound   | primalbound  |  gap   | compl. 
 5905s|  5300 |  5301 |  9484k|1781.5 |   335M |  69 |1502 | 503 |1310 |  62k|  4 |  38 | 886 |-2.456105e+01 | 0.000000e+00 |    Inf | unknown
 6010s|  5400 |  5401 |  9661k|1781.3 |   335M |  69 |1502 | 502 |1220 |  64k|  2 |  39 | 887 |-2.456105e+01 | 0.000000e+00 |    Inf | unknown
 6097s|  5500 |  5501 |  9807k|1775.4 |   336M |  69 |1502 | 504 |1472 |  65k|  2 |  41 | 892 |-2.456105e+01 | 0.000000e+00 |    Inf | unknown
 6195s|  5600 |  5601 |  9988k|1776.0 |   336M |  69 |1502 | 503 |1536 |  66k|  4 |  41 | 896 |-2.456105e+01 | 0.000000e+00 |    Inf | unknown
 6314s|  5700 |  5701 | 10198k|1781.8 |   337M |  69 |1502 | 501 |1479 |  67k|  3 |  41 | 903 |-2.456067e+01 | 0.000000e+00 |    Inf | unknown
 6410s|  5800 |  5801 | 10363k|1779.4 |   339M |  69 |1502 | 502 |1335 |  68k|  2 |  42 | 905 |-2.456067e+01 | 0.000000e+00 |    Inf | unknown
 6509s|  5900 |  5901 | 10542k|1779.8 |   340M |  69 |1502 | 502 |1564 |  70k|  2 |  42 | 911 |-2.456058e+01 | 0.000000e+00 |    Inf | unknown
 6609s|  6000 |  6001 | 10711k|1778.3 |   340M |  69 |1502 | 502 |1463 |  71k|  2 |  42 | 924 |-2.456058e+01 | 0.000000e+00 |    Inf | unknown
 6707s|  6100 |  6101 | 10887k|1777.9 |   340M |  69 |1502 | 502 |1487 |  72k|  2 |  43 | 927 |-2.455993e+01 | 0.000000e+00 |    Inf | unknown
 6816s|  6200 |  6201 | 11083k|1780.9 |   341M |  69 |1502 | 502 |1322 |  73k|  2 |  43 | 933 |-2.455815e+01 | 0.000000e+00 |    Inf | unknown
 6921s|  6300 |  6301 | 11263k|1781.1 |   342M |  69 |1502 | 503 |1382 |  74k|  4 |  44 | 939 |-2.455815e+01 | 0.000000e+00 |    Inf | unknown
 7008s|  6400 |  6401 | 11415k|1777.1 |   342M |  69 |1502 | 504 |1522 |  75k|  2 |  46 | 939 |-2.455611e+01 | 0.000000e+00 |    Inf | unknown
 7115s|  6500 |  6501 | 11609k|1779.5 |   344M |  69 |1502 | 505 |1487 |  77k|  4 |  47 | 947 |-2.455611e+01 | 0.000000e+00 |    Inf | unknown
 7226s|  6600 |  6601 | 11801k|1781.8 |   345M |  69 |1502 | 504 |1388 |  78k|  2 |  47 | 950 |-2.455594e+01 | 0.000000e+00 |    Inf | unknown
 7328s|  6700 |  6701 | 11992k|1783.6 |   346M |  69 |1502 | 503 |1425 |  79k|  2 |  49 | 953 |-2.455594e+01 | 0.000000e+00 |    Inf | unknown
 time | node  | left  |LP iter|LP it/n|mem/heur|mdpt |vars |cons |rows |cuts |sepa|confs|strbr|  dualbound   | primalbound  |  gap   | compl. 
 7426s|  6800 |  6801 | 12172k|1783.8 |   346M |  71 |1502 | 503 |1520 |  80k|  4 |  49 | 962 |-2.455517e+01 | 0.000000e+00 |    Inf | unknown
 7530s|  6900 |  6901 | 12364k|1785.9 |   347M |  71 |1502 | 504 |1513 |  81k|  5 |  50 | 966 |-2.455517e+01 | 0.000000e+00 |    Inf | unknown
 7630s|  7000 |  7001 | 12539k|1785.3 |   348M |  71 |1502 | 504 |1452 |  83k|  5 |  52 | 973 |-2.455517e+01 | 0.000000e+00 |    Inf | unknown
 7733s|  7100 |  7101 | 12719k|1785.5 |   348M |  71 |1502 | 503 |1505 |  84k|  2 |  52 | 978 |-2.455517e+01 | 0.000000e+00 |    Inf | unknown
 7822s|  7200 |  7201 | 12878k|1782.8 |   349M |  73 |1502 | 505 |1493 |  85k|  2 |  54 | 980 |-2.455515e+01 | 0.000000e+00 |    Inf | unknown
 7931s|  7300 |  7301 | 13067k|1784.2 |   350M |  73 |1502 | 503 |1293 |  86k|  2 |  54 | 990 |-2.455416e+01 | 0.000000e+00 |    Inf | unknown
 8019s|  7400 |  7401 | 13210k|1779.5 |   351M |  73 |1502 | 504 |1556 |  87k|  2 |  55 | 994 |-2.455416e+01 | 0.000000e+00 |    Inf | unknown
 8129s|  7500 |  7501 | 13420k|1783.8 |   352M |  73 |1502 | 502 |1382 |  88k|  2 |  55 | 996 |-2.455411e+01 | 0.000000e+00 |    Inf | unknown
 8231s|  7600 |  7601 | 13605k|1784.7 |   352M |  73 |1502 | 502 |1411 |  89k|  2 |  56 |1005 |-2.455411e+01 | 0.000000e+00 |    Inf | unknown
 8329s|  7700 |  7701 | 13770k|1782.9 |   353M |  73 |1502 | 503 |1541 |  91k|  3 |  57 |1008 |-2.455369e+01 | 0.000000e+00 |    Inf | unknown
 8454s|  7800 |  7801 | 14003k|1790.0 |   354M |  75 |1502 | 502 |1451 |  92k|  2 |  57 |1013 |-2.455369e+01 | 0.000000e+00 |    Inf | unknown
 8560s|  7900 |  7901 | 14177k|1789.3 |   355M |  75 |1502 | 503 |1630 |  94k|  2 |  58 |1016 |-2.455369e+01 | 0.000000e+00 |    Inf | unknown
 8677s|  8000 |  8001 | 14387k|1793.2 |   355M |  75 |1502 | 502 |1518 |  95k|  2 |  58 |1025 |-2.455369e+01 | 0.000000e+00 |    Inf | unknown
 8799s|  8100 |  8101 | 14601k|1797.5 |   357M |  75 |1502 | 502 |1433 |  96k|  2 |  59 |1032 |-2.455369e+01 | 0.000000e+00 |    Inf | unknown
 8916s|  8200 |  8201 | 14815k|1801.7 |   358M |  75 |1502 | 503 |1500 |  98k|  2 |  60 |1033 |-2.455369e+01 | 0.000000e+00 |    Inf | unknown
 time | node  | left  |LP iter|LP it/n|mem/heur|mdpt |vars |cons |rows |cuts |sepa|confs|strbr|  dualbound   | primalbound  |  gap   | compl. 
 9010s|  8300 |  8301 | 14988k|1800.7 |   359M |  75 |1502 | 502 |1451 |  99k|  2 |  60 |1036 |-2.455344e+01 | 0.000000e+00 |    Inf | unknown
 9113s|  8400 |  8401 | 15174k|1801.5 |   360M |  75 |1502 | 503 |1563 | 100k|  2 |  61 |1037 |-2.455320e+01 | 0.000000e+00 |    Inf | unknown
 9220s|  8500 |  8501 | 15376k|1804.0 |   361M |  75 |1502 | 502 |1448 | 101k|  2 |  61 |1043 |-2.455320e+01 | 0.000000e+00 |    Inf | unknown
 9324s|  8600 |  8601 | 15554k|1803.8 |   361M |  75 |1502 | 501 |1566 | 103k|  3 |  61 |1052 |-2.455320e+01 | 0.000000e+00 |    Inf | unknown
 9421s|  8700 |  8701 | 15725k|1802.7 |   362M |  75 |1502 | 502 |1474 | 104k|  2 |  62 |1055 |-2.455320e+01 | 0.000000e+00 |    Inf | unknown
 9539s|  8800 |  8801 | 15955k|1808.3 |   362M |  75 |1502 | 502 |1295 | 105k|  2 |  62 |1059 |-2.455269e+01 | 0.000000e+00 |    Inf | unknown
 9639s|  8900 |  8901 | 16120k|1806.5 |   362M |  75 |1502 | 502 |1549 | 106k|  2 |  62 |1070 |-2.455269e+01 | 0.000000e+00 |    Inf | unknown
 9752s|  9000 |  9001 | 16332k|1810.0 |   364M |  75 |1502 | 501 |1401 | 108k|  2 |  62 |1070 |-2.455269e+01 | 0.000000e+00 |    Inf | unknown
 9856s|  9100 |  9101 | 16520k|1810.8 |   366M |  75 |1502 | 502 |1509 | 109k|  4 |  63 |1074 |-2.455269e+01 | 0.000000e+00 |    Inf | unknown
 9955s|  9200 |  9201 | 16707k|1811.4 |   366M |  77 |1502 | 503 |1328 | 110k|  2 |  64 |1077 |-2.455149e+01 | 0.000000e+00 |    Inf | unknown
  167m|  9300 |  9301 | 16867k|1809.2 |   367M |  77 |1502 | 504 |1467 | 111k|  2 |  66 |1078 |-2.455121e+01 | 0.000000e+00 |    Inf | unknown
  169m|  9400 |  9401 | 17054k|1809.8 |   368M |  79 |1502 | 505 |1403 | 112k|  2 |  67 |1081 |-2.455121e+01 | 0.000000e+00 |    Inf | unknown
  171m|  9500 |  9501 | 17238k|1810.2 |   368M |  79 |1502 | 504 |1567 | 114k|  3 |  67 |1082 |-2.455121e+01 | 0.000000e+00 |    Inf | unknown
  172m|  9600 |  9601 | 17403k|1808.5 |   369M |  79 |1502 | 502 |1342 | 115k|  2 |  68 |1085 |-2.455121e+01 | 0.000000e+00 |    Inf | unknown
  174m|  9700 |  9701 | 17555k|1805.5 |   369M |  79 |1502 | 503 |1389 | 116k|  2 |  69 |1089 |-2.455077e+01 | 0.000000e+00 |    Inf | unknown
 time | node  | left  |LP iter|LP it/n|mem/heur|mdpt |vars |cons |rows |cuts |sepa|confs|strbr|  dualbound   | primalbound  |  gap   | compl. 
  176m|  9800 |  9801 | 17747k|1806.6 |   369M |  79 |1502 | 502 |1549 | 117k|  2 |  69 |1090 |-2.455077e+01 | 0.000000e+00 |    Inf | unknown
  178m|  9900 |  9901 | 17962k|1810.2 |   370M |  79 |1502 | 502 |1543 | 118k|  5 |  70 |1098 |-2.455077e+01 | 0.000000e+00 |    Inf | unknown
  179m| 10000 | 10001 | 18148k|1810.7 |   371M |  79 |1502 | 501 |1578 | 119k|  2 |  70 |1103 |-2.455077e+01 | 0.000000e+00 |    Inf | unknown

SCIP Status        : solving was interrupted [time limit reached]
Solving Time (sec) : 10800.06
Solving Nodes      : 10050
Primal Bound       : +0.00000000000000e+00 (1 solutions)
Dual Bound         : -2.45507730457566e+01
Gap                : infinite

