Solver command line: ['/cvmfs/soft.computecanada.ca/easybuild/software/2023/x86-64-v4/Compiler/gcc12/scipoptsuite/9.0.0/bin/scip', '/tmp/tmpgz524y2x.pyomo', '-AMPL']

SCIP version 9.0.0 [precision: 8 byte] [memory: block] [mode: optimized] [LP solver: Soplex 7.0.0] [GitHash: 7205bedd94]
Copyright (c) 2002-2024 Zuse Institute Berlin (ZIB)

External libraries: 
  Readline 8.1         GNU library for command line editing (gnu.org/s/readline)
  Soplex 7.0.0         Linear Programming Solver developed at Zuse Institute Berlin (soplex.zib.de) [GitHash: 6657fb3b]
  CppAD 20180000.0     Algorithmic Differentiation of C++ algorithms developed by B. Bell (github.com/coin-or/CppAD)
  ZLIB 1.2.13          General purpose compression library by J. Gailly and M. Adler (zlib.net)
  GMP 6.2.1            GNU Multiple Precision Arithmetic Library developed by T. Granlund (gmplib.org)
  ZIMPL 3.5.3          Zuse Institute Mathematical Programming Language developed by T. Koch (zimpl.zib.de)
  AMPL/MP 690e9e7      AMPL .nl file reader library (github.com/ampl/mp)
  PaPILO 2.2.0         parallel presolve for integer and linear optimization (github.com/scipopt/papilo) (built with TBB) [GitHash: df30ae49]
  bliss 0.77           Computing Graph Automorphisms by T. Junttila and P. Kaski (users.aalto.fi/~tjunttil/bliss)
  sassy 1.1            Symmetry preprocessor by Markus Anders (github.com/markusa4/sassy)
  Ipopt 3.14.14        Interior Point Optimizer developed by A. Waechter et.al. (github.com/coin-or/Ipopt)

reading user parameter file <scip.set>
===========================

limits/time = 10800

read problem </tmp/tmpgz524y2x.pyomo.nl>
============

original problem has 501 variables (0 bin, 500 int, 0 impl, 1 cont) and 501 constraints

solve problem
=============

  [linear] <lc347>:  -0.0659678995<i0>[I] (+3) -0.036935346<i1>[I] (+4) +0.0640416868<i2>[I] (-6) -0.0722344877<i3>[I] (-1) +0.122839971<i4>[I] (-1) -0.050276826<i5>[I] (-2) -0.234084945<i6>[I] (+4) +0.0440314358<i7>[I] (-2) -0.043545009<i8>[I] (-10) -0.0157795177<i9>[I] (-1) +0.0128354483<i10>[I] (-2) -0.0586706114<i11>[I] (+3) -0.0102310298<i12>[I] (+5) -0.0648989583<i13>[I] (-1) -0.179864899<i14>[I] (-2) +0.0332633064<i15>[I] (-1) +0.0924967598<i16>[I] (+4) +0.00342572398<i17>[I] (-1) -0.125165646<i18>[I] (-1) -0.132339991<i19>[I] (+4) -0.0322262561<i20>[I] (-2) +0.115318671<i21>[I] (+4) +0.0229220731<i22>[I] (+4) +0.0702056408<i23>[I] (+0) -0.0257142899<i24>[I] (-1) -0.0233512757<i25>[I] (-2) +0.113466575<i26>[I] (-3) +0.0789507846<i27>[I] (-2) -0.203532356<i28>[I] (-7) +0.174348933<i29>[I] (-2) +0.108603979<i30>[I] (-2) -0.0884220527<i31>[I] (+3) +0.0496570371<i32>[I] (+1) -0.0154574015<i33>[I] (+5) +0.0696195208<i34>[I] (-1) -0.0516395962<i35>[I] (-1) -0.136289289<i36>[I] (-1) +0.0758376235<i37>[I] (-6) +0.0932825373<i38>[I] (-1) +0.0561850768<i39>[I] (-1) -0.00113925782<i40>[I] (+1) +0.0010401698<i41>[I] (+7) -0.0790049874<i42>[I] (-2) +0.111984701<i43>[I] (-2) -0.00324699891<i44>[I] (-1) +0.0947815706<i45>[I] (+5) +0.0224197229<i46>[I] (-1) -0.216760496<i47>[I] (-1) -0.0851921048<i48>[I] (+0) -0.0241003667<i49>[I] (-2) +0.103975452<i50>[I] (-1) -0.0334701652<i51>[I] (-1) -0.0829637089<i52>[I] (+5) -0.129294945<i53>[I] (+0) -0.133736155<i54>[I] (-2) +0.0565152102<i55>[I] (+4) +0.158821527<i56>[I] (-1) +0.184976206<i57>[I] (+5) -0.0828944235<i58>[I] (+4) +0.170074651<i59>[I] (-1) -0.121884932<i60>[I] (-2) +0.0598647936<i61>[I] (+0) -0.0374819516<i62>[I] (-1) +0.0399622671<i63>[I] (-1) -0.109287491<i64>[I] (-1) +0.0860935223<i65>[I] (+0) +0.00558237167<i66>[I] (-2) -0.0070799606<i67>[I] (+0) +0.0506261954<i68>[I] (+0) -0.0693933648<i69>[I] (-1) +0.0700187423<i70>[I] (-2) -0.0552784255<i71>[I] (+3) -0.0377207492<i72>[I] (-1) -0.108530673<i73>[I] (-6) -0.019530109<i74>[I] (-1) +0.0168821671<i75>[I] (+5) -0.0533987034<i76>[I] (-1) +0.140773034<i77>[I] (-1) +0.0807908743<i78>[I] (-1) -0.065673845<i79>[I] (-1) -0.000188799651<i80>[I] (+5) +0.16141337<i81>[I] (-1) +0.218118295<i82>[I] (+2) +0.0576453949<i83>[I] (-1) -0.0913240063<i84>[I] (-2) +0.0667811262<i85>[I] (-1) -0.0671206512<i86>[I] (+3) +0.043541429<i87>[I] (+5) +0.0623096735<i88>[I] (-1) +0.0173936355<i89>[I] (-2) +0.0468401871<i90>[I] (+1) -0.00670379819<i91>[I] (-2) -0.125487045<i92>[I] (-1) -0.021392948<i93>[I] (+4) +0.0243312701<i94>[I] (+4) -0.0238841715<i95>[I] (+3) -0.0146232224<i96>[I] (-3) +0.00148729168<i97>[I] (+3) +0.106952623<i98>[I] (-2) -0.304630208<i99>[I] (-1) -0.141310965<i100>[I] (-1) +0.0739178847<i101>[I] (+4) +0.199464084<i102>[I] (-2) +0.017471873<i103>[I] (-1) -0.0851347543<i104>[I] (+4) -0.0651110977<i105>[I] (-8) -0.0717949072<i106>[I] (+4) -0.14843251<i107>[I] (-1) -0.0514925803<i108>[I] (-2) +0.0484867315<i109>[I] (-4) -0.060960198<i110>[I] (+4) -0.0777729856<i111>[I] (+1) +0.094276443<i112>[I] (-1) +0.103293676<i113>[I] (+5) +0.103524709<i114>[I] (+4) +0.0569510716<i115>[I] (+0) -0.1954135<i116>[I] (-2) +0.0787137998<i117>[I] (+4) +0.207352877<i118>[I] (-1) -0.0244573492<i119>[I] (-2) +0.196789853<i120>[I] (-1) -0.0814414201<i121>[I] (+4) -0.186428282<i122>[I] (+5) -0.171735857<i123>[I] (-2) -0.0935257806<i124>[I] (-1) -0.0459723052<i125>[I] (-3) -0.0515400846<i126>[I] (-2) +0.0678220972<i127>[I] (+4) +0.164756282<i128>[I] (-2) -0.05160991<i129>[I] (-1) -0.119106636<i130>[I] (-1) +0.116495774<i131>[I] (+5) -0.00242394085<i132>[I] (-4) -0.115408682<i133>[I] (-1) +0.00257129359<i134>[I] (-2) +0.0479792689<i135>[I] (-1) +0.0044347546<i136>[I] (-2) +0.0868140911<i137>[I] (-7) -0.100011269<i138>[I] (-5) +0.136941583<i139>[I] (-1) +0.154901283<i140>[I] (+6) -0.0411992331<i141>[I] (-1) -0.0461960142<i142>[I] (-2) -0.0421093248<i143>[I] (-1) -0.0343207653<i144>[I] (+1) -0.0959513336<i145>[I] (-2) +0.158741103<i146>[I] (+3) +0.0421429195<i147>[I] (-1) +0.208930794<i148>[I] (-1) -0.029609629<i149>[I] (-1) +0.112623523<i150>[I] (-1) -0.00813356858<i151>[I] (-8) -0.00820550511<i152>[I] (-2) +0.106623375<i153>[I] (+0) -0.0258824697<i154>[I] (+6) -0.0360371083<i155>[I] (-1) +0.0339729312<i156>[I] (-7) +0.0877358807<i157>[I] (-2) -0.141732068<i158>[I] (+0) -0.0081475758<i159>[I] (-1) -0.046819473<i160>[I] (+4) +0.143566754<i161>[I] (-1) -0.11275922<i162>[I] (-1) -0.0371228822<i163>[I] (+1) -0.124410332<i164>[I] (-1) +0.152683472<i165>[I] (+4) +0.0211945016<i166>[I] (+4) +0.0708183511<i167>[I] (-7) +0.188081354<i168>[I] (+0) +0.00603700666<i169>[I] (-1) -0.0798393462<i170>[I] (-1) +0.245555079<i171>[I] (+3) -0.103129367<i172>[I] (-1) -0.146252803<i173>[I] (-2) -0.0164209069<i174>[I] (-8) +0.126633343<i175>[I] (-2) +0.130904344<i176>[I] (-2) -0.0199966727<i177>[I] (+1) -0.0691426872<i178>[I] (+5) +0.0238625185<i179>[I] (-2) -0.0982325528<i180>[I] (-1) +0.0403575378<i181>[I] (-1) +0.0869865358<i182>[I] (-1) -0.0680437352<i183>[I] (+4) -0.0936734086<i184>[I] (-1) -0.0434512548<i185>[I] (-2) +0.0949262495<i186>[I] (+4) -0.0154491135<i187>[I] (-1) -0.036778525<i188>[I] (-7) -0.034023944<i189>[I] (+4) +0.128886199<i190>[I] (-2) -0.0527312511<i191>[I] (+4) -0.0419938195<i192>[I] (+4) +0.134022186<i193>[I] (-2) -0.0495273895<i194>[I] (-2) -0.00685405442<i195>[I] (-1) +0.0783400007<i196>[I] (+0) -0.0261496063<i197>[I] (-2) -0.102283166<i198>[I] (-1) +0.124824308<i199>[I] (+5) -0.0449872312<i200>[I] (-2) -0.0272287515<i201>[I] (-1) -0.0994775811<i202>[I] (-1) +0.00501230808<i203>[I] (-1) +0.0225360242<i204>[I] (-2) -0.0485003528<i205>[I] (-2) +0.0599304179<i206>[I] (-1) -0.142584673<i207>[I] (+4) -0.119272143<i208>[I] (-1) +0.0995119515<i209>[I] (+5) +0.0131525048<i210>[I] (+1) +0.00970885456<i211>[I] (+4) +0.0499386531<i212>[I] (+4) -0.132398883<i213>[I] (+4) +0.00730112919<i214>[I] (-2) +0.168252824<i215>[I] (+5) -0.113818223<i216>[I] (+5) -0.0102607962<i217>[I] (+5) -0.10067575<i218>[I] (-2) -0.119639978<i219>[I] (-2) +0.0782939218<i220>[I] (-1) -0.0120536827<i221>[I] (+4) -0.0323335703<i222>[I] (+0) -0.0449999377<i223>[I] (-1) -0.0495927513<i224>[I] (-1) -0.162783576<i225>[I] (-1) -0.0617168353<i226>[I] (-2) -0.182272418<i227>[I] (+1) -0.0585165853<i228>[I] (-2) -0.0544189377<i229>[I] (-1) +0.128254491<i230>[I] (+5) +0.174861984<i231>[I] (-1) -0.0141395998<i232>[I] (-2) +0.0857455286<i233>[I] (-2) -0.100181172<i234>[I] (-2) +0.0267452908<i235>[I] (-3) +0.00708385482<i236>[I] (-1) +0.0651154713<i237>[I] (-1) -0.0215909341<i238>[I] (-1) -0.162329171<i239>[I] (-1) -0.0849533756<i240>[I] (+0) -0.196328644<i241>[I] (+4) -0.0840187243<i242>[I] (+4) +0.016140028<i243>[I] (+4) -0.0405680891<i244>[I] (+5) -0.0105862159<i245>[I] (-1) -0.00781529153<i246>[I] (+1) -0.146321356<i247>[I] (-2) -0.0331483521<i248>[I] (-2) -0.063936345<i249>[I] (-2) +0.174310103<i250>[I] (-2) +0.055139958<i251>[I] (-1) -0.0814542646<i252>[I] (+5) +0.0582341417<i253>[I] (-1) -0.164780258<i254>[I] (-2) -0.0267707506<i255>[I] (-1) -0.0637469475<i256>[I] (+0) -0.0604725713<i257>[I] (-2) -0.0285223262<i258>[I] (-1) +0.178318888<i259>[I] (+4) -0.16760009<i260>[I] (-1) -0.0771212644<i261>[I] (-1) +0.226524129<i262>[I] (-1) +0.0680567888<i263>[I] (-2) +0.089774985<i264>[I] (-2) -0.185145014<i265>[I] (-2) +0.0545411114<i266>[I] (-2) +0.130918836<i267>[I] (-1) +0.0300713193<i268>[I] (-2) -0.0870038445<i269>[I] (+5) -0.0319677974<i270>[I] (+0) +0.049969874<i271>[I] (+5) +0.257513509<i272>[I] (-2) -0.110917108<i273>[I] (+0) +0.14811502<i274>[I] (-2) +0.194550075<i275>[I] (-2) -0.00156022696<i276>[I] (-7) +0.0655760927<i277>[I] (-2) -0.0251730886<i278>[I] (+3) -0.0570712211<i279>[I] (+4) -0.0624571197<i280>[I] (+5) -0.0695355216<i281>[I] (-1) +0.182963616<i282>[I] (-1) -0.148961139<i283>[I] (-1) +0.12653206<i284>[I] (-1) -0.182360273<i285>[I] (-1) -0.0940128872<i286>[I] (+4) +0.0551652499<i287>[I] (-2) -0.0993997905<i288>[I] (+0) +0.220155537<i289>[I] (+0) +0.041529318<i290>[I] (+0) +0.0449150889<i291>[I] (+4) -0.143164859<i292>[I] (+4) +0.0733394176<i293>[I] (-1) +0.171402145<i294>[I] (-1) +0.16952851<i295>[I] (+5) +0.0354596086<i296>[I] (+4) -0.0648288162<i297>[I] (-1) -0.111496677<i298>[I] (+4) +0.0378554674<i299>[I] (-2) -0.171803449<i300>[I] (-1) -0.0426692578<i301>[I] (-2) +0.126390361<i302>[I] (-1) -0.0255272538<i303>[I] (+5) +0.0617055461<i304>[I] (+4) +0.0910486568<i305>[I] (-1) -0.121147184<i306>[I] (-1) -0.22316466<i307>[I] (+4) -0.0572624711<i308>[I] (-3) -0.150598893<i309>[I] (-1) -0.140933608<i310>[I] (+5) -0.133894632<i311>[I] (-3) -0.102615646<i312>[I] (-2) +0.102812935<i313>[I] (+5) -0.0676735777<i314>[I] (-1) -0.0203834121<i315>[I] (+4) +0.0545589096<i316>[I] (-7) +0.0762227288<i317>[I] (+4) -0.0249391602<i318>[I] (+0) -0.0158919592<i319>[I] (-2) -0.0168572077<i320>[I] (-1) -0.0179355407<i321>[I] (-5) +0.000597556389<i322>[I] (-1) +0.048146074<i323>[I] (+3) -0.300888761<i324>[I] (+0) +0.0575315081<i325>[I] (-7) +0.112651094<i326>[I] (+4) -0.155770645<i327>[I] (-2) -0.0561944317<i328>[I] (+5) +0.0160953636<i329>[I] (-1) +0.098922168<i330>[I] (+4) -0.20405866<i331>[I] (+5) -0.00863005354<i332>[I] (-1) +0.0756220553<i333>[I] (-2) +0.0394211577<i334>[I] (-1) -0.108329395<i335>[I] (-1) -0.0566833274<i336>[I] (-2) +0.129869113<i337>[I] (-1) -0.18880961<i338>[I] (+0) +0.130089627<i339>[I] (-2) -0.169833112<i340>[I] (-2) +0.0666698908<i341>[I] (+4) -0.0938488266<i342>[I] (-1) +0.00675212639<i343>[I] (-1) +0.0197005705<i344>[I] (+5) -0.121439863<i345>[I] (-3) +0.192994768<i346>[I] (-1) +0.0469566269<i347>[I] (+2) +0.0390352574<i348>[I] (-2) -0.0569960622<i349>[I] (+2) -0.022797752<i350>[I] (-1) -0.0482822292<i351>[I] (-2) -0.0459048588<i352>[I] (-1) -0.116382281<i353>[I] (-2) +0.0538288799<i354>[I] (-1) +0.105958274<i355>[I] (-7) +0.0305489308<i356>[I] (+5) -0.0818337205<i357>[I] (+0) -0.0607519459<i358>[I] (-8) -0.0863037163<i359>[I] (-1) +0.0128986043<i360>[I] (-1) +0.0268389431<i361>[I] (-1) +0.222867617<i362>[I] (-1) -0.00809503169<i363>[I] (-1) -0.235324734<i364>[I] (-1) +0.0552959549<i365>[I] (+2) -0.013239259<i366>[I] (+3) -0.113323101<i367>[I] (+0) -0.0740351702<i368>[I] (+3) -0.0641658561<i369>[I] (-2) +0.0868952211<i370>[I] (-8) +0.0343261008<i371>[I] (+5) -0.0580124752<i372>[I] (-2) -0.01772233<i373>[I] (-8) +0.0775845761<i374>[I] (-1) +0.0532863632<i375>[I] (-7) +0.146907592<i376>[I] (+5) +0.135613384<i377>[I] (+5) +0.0294915198<i378>[I] (-2) +0.0573837893<i379>[I] (-2) +0.00722339225<i380>[I] (-1) +0.104721411<i381>[I] (+3) +0.134348551<i382>[I] (-1) -0.0203087054<i383>[I] (+0) +0.0248874096<i384>[I] (-2) +0.113432797<i385>[I] (-8) +0.0491842209<i386>[I] (-1) +0.0624856328<i387>[I] (-1) +0.308768728<i388>[I] (-1) +0.103454987<i389>[I] (-7) -0.196083873<i390>[I] (-1) +0.0346756931<i391>[I] (-5) +0.0321575364<i392>[I] (+4) +0.155066368<i393>[I] (-2) +0.0730281979<i394>[I] (+4) +0.0765003531<i395>[I] (+11) -0.0720595463<i396>[I] (+3) -0.00628950921<i397>[I] (-1) +0.100850133<i398>[I] (-1) -0.0173115732<i399>[I] (-1) -0.00892748589<i400>[I] (-7) +0.0770757648<i401>[I] (+5) +0.103615526<i402>[I] (-3) -0.06362845<i403>[I] (-1) +0.0533935692<i404>[I] (+4) +0.130318665<i405>[I] (+4) +0.0159944561<i406>[I] (-7) +0.00199571066<i407>[I] (-2) +0.0892358705<i408>[I] (+2) -0.0679327669<i409>[I] (+4) +0.10061811<i410>[I] (+4) -0.0782241844<i411>[I] (+4) -0.041983808<i412>[I] (+4) +0.0357783705<i413>[I] (+3) +0.0280338975<i414>[I] (-3) -0.0511759756<i415>[I] (-1) +0.108467365<i416>[I] (-3) -0.0803036354<i417>[I] (-2) +0.0853015879<i418>[I] (+5) -0.0707927522<i419>[I] (-1) +0.0094936562<i420>[I] (-1) +0.0948835691<i421>[I] (-4) +0.0828526897<i422>[I] (-2) -0.0675680617<i423>[I] (+5) +0.0690899199<i424>[I] (+10) +0.0702915614<i425>[I] (-1) +0.100373101<i426>[I] (-1) +0.0627495079<i427>[I] (-7) +0.117325806<i428>[I] (-2) -0.0450699424<i429>[I] (-2) +0.055639689<i430>[I] (-2) +0.136213479<i431>[I] (-2) +0.0147799831<i432>[I] (+5) -0.0379541267<i433>[I] (+5) +0.044216529<i434>[I] (+1) +0.0244782355<i435>[I] (-2) +0.0123455017<i436>[I] (-1) +0.142486026<i437>[I] (-2) -0.0622600537<i438>[I] (+5) +0.161925453<i439>[I] (-1) +0.164754085<i440>[I] (-2) -0.195072942<i441>[I] (-1) -0.00382286972<i442>[I] (-2) +0.0406297944<i443>[I] (+4) -0.0180208848<i444>[I] (+3) +0.0772709687<i445>[I] (-8) -0.159685784<i446>[I] (+2) +0.00356033467<i447>[I] (-7) +0.0760163562<i448>[I] (+0) -0.15215579<i449>[I] (+2) +0.0635201995<i450>[I] (+0) +0.00636569109<i451>[I] (-2) +0.0398877963<i452>[I] (+4) +0.158576169<i453>[I] (-8) -0.0432947484<i454>[I] (-2) +0.0587436485<i455>[I] (-1) +0.042264256<i456>[I] (-1) -0.05015909<i457>[I] (-1) +0.0129781276<i458>[I] (-2) +0.0866539347<i459>[I] (+1) -0.0500208024<i460>[I] (+3) -0.0331792153<i461>[I] (-7) -0.168643749<i462>[I] (+0) -0.00832941319<i463>[I] (-1) +0.0696923684<i464>[I] (-1) -0.0212463391<i465>[I] (-1) -0.0302179969<i466>[I] (+0) -0.0167677407<i467>[I] (+6) +0.0480203385<i468>[I] (-2) -0.139513798<i469>[I] (-1) +0.0950635429<i470>[I] (-6) -0.0394748263<i471>[I] (+5) -0.000285602012<i472>[I] (-2) +0.108358607<i473>[I] (-1) -0.13582818<i474>[I] (+5) +0.184955914<i475>[I] (+5) -0.0737390836<i476>[I] (-1) +0.0191169698<i477>[I] (-1) +0.0666746495<i478>[I] (+5) -0.220179875<i479>[I] (-1) -0.230507628<i480>[I] (-1) +0.0572907036<i481>[I] (-1) +0.0613639073<i482>[I] (-1) -0.0959503232<i483>[I] (-8) -0.0119401129<i484>[I] (+2) +0.0212795879<i485>[I] (+2) -0.0351084689<i486>[I] (-2) +0.0902878896<i487>[I] (-3) -0.100521226<i488>[I] (+5) +0.0297973037<i489>[I] (+4) +0.128863633<i490>[I] (+5) +0.0945000747<i491>[I] (-1) -0.0774657745<i492>[I] (-2) -0.0924782063<i493>[I] (-3) +0.0543944785<i494>[I] (-2) -0.169241094<i495>[I] (-2) -0.118895471<i496>[I] (-6) +0.027664039<i497>[I] (+10) -0.0190483633<i498>[I] (-1) -0.209775135<i499>[I] (+3) <= -0.132742822170258;
;
violation: right hand side is violated by 0.439746090605725
all 1 solutions given by solution candidate storage are infeasible

presolving:
   (0.1s) symmetry computation started: requiring (bin +, int +, cont +), (fixed: bin -, int -, cont -)
   (0.2s) no symmetry present (symcode time: 0.02)
presolving (1 rounds: 1 fast, 1 medium, 1 exhaustive):
 0 deleted vars, 0 deleted constraints, 0 added constraints, 1 tightened bounds, 0 added holes, 0 changed sides, 0 changed coefficients
 0 implications, 0 cliques
presolved problem has 501 variables (0 bin, 500 int, 0 impl, 1 cont) and 501 constraints
    500 constraints of type <linear>
      1 constraints of type <nonlinear>
Presolving Time: 0.18

 time | node  | left  |LP iter|LP it/n|mem/heur|mdpt |vars |cons |rows |cuts |sepa|confs|strbr|  dualbound   | primalbound  |  gap   | compl. 
  1.5s|     1 |     0 |   362 |     - |   138M |   0 |1502 | 501 |1501 |   0 |  0 |   0 |   0 |-2.477245e+01 |      --      |    Inf | unknown
  9.5s|     1 |     0 |  8083 |     - |   139M |   0 |1502 | 501 |1863 | 362 |  1 |   0 |   0 |-2.477245e+01 |      --      |    Inf | unknown
 19.1s|     1 |     0 | 19292 |     - |   150M |   0 |1502 | 501 |2230 | 729 |  2 |   0 |   0 |-2.470889e+01 |      --      |    Inf | unknown
 25.9s|     1 |     0 | 29975 |     - |   166M |   0 |1502 | 501 |2423 | 922 |  3 |   0 |   0 |-2.462760e+01 |      --      |    Inf | unknown
 31.2s|     1 |     0 | 39234 |     - |   176M |   0 |1502 | 501 |2499 | 998 |  4 |   0 |   0 |-2.459445e+01 |      --      |    Inf | unknown
 32.7s|     1 |     0 | 40576 |     - |   191M |   0 |1502 | 501 |2518 |1017 |  5 |   0 |   0 |-2.459330e+01 |      --      |    Inf | unknown
 33.8s|     1 |     0 | 40941 |     - |   208M |   0 |1502 | 501 |2525 |1024 |  6 |   0 |   0 |-2.459303e+01 |      --      |    Inf | unknown
 34.8s|     1 |     0 | 41223 |     - |   212M |   0 |1502 | 501 |2527 |1026 |  7 |   0 |   0 |-2.459285e+01 |      --      |    Inf | unknown
 36.8s|     1 |     0 | 43771 |     - |   224M |   0 |1502 | 501 |2529 |1028 |  8 |   0 |   0 |-2.459279e+01 |      --      |    Inf | unknown
 37.7s|     1 |     0 | 43899 |     - |   228M |   0 |1502 | 501 |2530 |1029 |  9 |   0 |   0 |-2.459273e+01 |      --      |    Inf | unknown
 38.7s|     1 |     0 | 44005 |     - |   253M |   0 |1502 | 501 |2531 |1030 | 10 |   0 |   0 |-2.459268e+01 |      --      |    Inf | unknown
 39.2s|     1 |     0 | 44065 |     - |   253M |   0 |1502 | 501 |1409 |1031 | 11 |   0 |   0 |-2.459267e+01 |      --      |    Inf | unknown
 39.7s|     1 |     0 | 44086 |     - |   253M |   0 |1502 | 501 |1410 |1032 | 12 |   0 |   0 |-2.459267e+01 |      --      |    Inf | unknown
 40.2s|     1 |     0 | 44100 |     - |   254M |   0 |1502 | 501 |1411 |1033 | 13 |   0 |   0 |-2.459267e+01 |      --      |    Inf | unknown
 40.7s|     1 |     0 | 44121 |     - |   254M |   0 |1502 | 501 |1412 |1034 | 14 |   0 |   0 |-2.459267e+01 |      --      |    Inf | unknown
 time | node  | left  |LP iter|LP it/n|mem/heur|mdpt |vars |cons |rows |cuts |sepa|confs|strbr|  dualbound   | primalbound  |  gap   | compl. 
 98.8s|     1 |     2 | 56383 |     - |   254M |   0 |1502 | 501 |1412 |1034 | 14 |   0 |  33 |-2.459195e+01 |      --      |    Inf | unknown
  330s|   100 |   101 |208305 |1658.4 |   262M |  25 |1502 | 501 |1236 |2260 |  2 |   0 | 344 |-2.459195e+01 |      --      |    Inf | unknown
  456s|   200 |   201 |364716 |1611.0 |   263M |  33 |1502 | 501 |1249 |3290 |  2 |   0 | 411 |-2.458426e+01 |      --      |    Inf | unknown
  552s|   300 |   301 |479905 |1457.5 |   264M |  33 |1502 | 501 |1323 |4169 |  2 |   0 | 467 |-2.457999e+01 |      --      |    Inf | unknown
  629s|   400 |   401 |603332 |1401.5 |   260M |  35 |1502 | 501 |1321 |4796 |  1 |   0 | 491 |-2.457786e+01 |      --      |    Inf | unknown
  702s|   500 |   501 |700714 |1315.8 |   260M |  35 |1502 | 501 |1313 |5533 |  2 |   0 | 499 |-2.457786e+01 |      --      |    Inf | unknown
  846s|   600 |   601 |824199 |1302.3 |   261M |  39 |1502 | 501 |1400 |6425 |  4 |   0 | 523 |-2.457734e+01 |      --      |    Inf | unknown
  937s|   700 |   701 |980460 |1339.5 |   263M |  43 |1502 | 501 |1289 |7640 |  2 |   0 | 534 |-2.457734e+01 |      --      |    Inf | unknown
 1025s|   800 |   801 |  1111k|1335.4 |   265M |  53 |1502 | 501 |1459 |8638 |  2 |   0 | 578 |-2.457734e+01 |      --      |    Inf | unknown
 1108s|   900 |   901 |  1254k|1346.9 |   266M |  53 |1502 | 501 |1332 |9575 |  2 |   0 | 587 |-2.457734e+01 |      --      |    Inf | unknown
 1202s|  1000 |  1001 |  1420k|1378.1 |   267M |  53 |1502 | 501 |1318 |  10k|  2 |   0 | 606 |-2.457734e+01 |      --      |    Inf | unknown
 1273s|  1100 |  1101 |  1537k|1358.6 |   269M |  53 |1502 | 501 |1418 |  11k|  2 |   0 | 612 |-2.457734e+01 |      --      |    Inf | unknown
 1357s|  1200 |  1201 |  1688k|1371.7 |   270M |  53 |1502 | 501 |1292 |  12k|  2 |   0 | 613 |-2.457734e+01 |      --      |    Inf | unknown
 1463s|  1300 |  1301 |  1885k|1417.4 |   272M |  53 |1502 | 501 |1451 |  14k|  3 |   0 | 613 |-2.457734e+01 |      --      |    Inf | unknown
 1564s|  1400 |  1401 |  2062k|1442.4 |   274M |  53 |1502 | 501 |1340 |  15k|  2 |   0 | 621 |-2.457734e+01 |      --      |    Inf | unknown
 time | node  | left  |LP iter|LP it/n|mem/heur|mdpt |vars |cons |rows |cuts |sepa|confs|strbr|  dualbound   | primalbound  |  gap   | compl. 
 1663s|  1500 |  1501 |  2233k|1460.6 |   275M |  53 |1502 | 501 |1478 |  16k|  1 |   0 | 631 |-2.457734e+01 |      --      |    Inf | unknown
 1763s|  1600 |  1601 |  2409k|1479.2 |   276M |  53 |1502 | 501 |1344 |  17k|  2 |   0 | 643 |-2.457734e+01 |      --      |    Inf | unknown
 1860s|  1700 |  1701 |  2575k|1490.1 |   277M |  53 |1502 | 501 |1235 |  18k|  2 |   0 | 663 |-2.457734e+01 |      --      |    Inf | unknown
 1945s|  1800 |  1801 |  2724k|1489.7 |   278M |  53 |1502 | 501 |1384 |  20k|  2 |   0 | 667 |-2.457734e+01 |      --      |    Inf | unknown
 2048s|  1900 |  1901 |  2894k|1501.1 |   278M |  53 |1502 | 501 |1287 |  21k|  2 |   0 | 688 |-2.457734e+01 |      --      |    Inf | unknown
 2137s|  2000 |  2001 |  3044k|1501.1 |   279M |  53 |1502 | 501 |1486 |  22k|  2 |   0 | 692 |-2.457734e+01 |      --      |    Inf | unknown
 2230s|  2100 |  2101 |  3209k|1508.1 |   281M |  53 |1502 | 501 |1329 |  23k|  2 |   0 | 705 |-2.457734e+01 |      --      |    Inf | unknown
 2315s|  2200 |  2201 |  3352k|1504.5 |   283M |  53 |1502 | 501 |1428 |  24k|  2 |   0 | 715 |-2.457734e+01 |      --      |    Inf | unknown
 2398s|  2300 |  2301 |  3494k|1500.8 |   284M |  53 |1502 | 501 |1320 |  26k|  2 |   0 | 721 |-2.457734e+01 |      --      |    Inf | unknown
 2493s|  2400 |  2401 |  3659k|1506.9 |   284M |  53 |1502 | 501 |1283 |  27k|  2 |   0 | 733 |-2.457734e+01 |      --      |    Inf | unknown
 2580s|  2500 |  2501 |  3808k|1506.5 |   285M |  53 |1502 | 501 |1409 |  28k|  2 |   0 | 738 |-2.457734e+01 |      --      |    Inf | unknown
 2674s|  2600 |  2601 |  3963k|1508.2 |   287M |  57 |1502 | 501 |1318 |  29k|  2 |   0 | 756 |-2.457734e+01 |      --      |    Inf | unknown
 2759s|  2700 |  2701 |  4110k|1506.6 |   289M |  57 |1502 | 501 |1338 |  30k|  2 |   0 | 759 |-2.457734e+01 |      --      |    Inf | unknown
 2866s|  2800 |  2801 |  4299k|1520.3 |   290M |  57 |1502 | 501 |1496 |  32k|  2 |   0 | 771 |-2.457734e+01 |      --      |    Inf | unknown
 2965s|  2900 |  2901 |  4485k|1531.9 |   290M |  57 |1502 | 501 |1310 |  33k|  2 |   0 | 776 |-2.457734e+01 |      --      |    Inf | unknown
 time | node  | left  |LP iter|LP it/n|mem/heur|mdpt |vars |cons |rows |cuts |sepa|confs|strbr|  dualbound   | primalbound  |  gap   | compl. 
 3066s|  3000 |  3001 |  4657k|1538.4 |   291M |  61 |1502 | 501 |1393 |  34k|  3 |   0 | 792 |-2.457734e+01 |      --      |    Inf | unknown
 3164s|  3100 |  3101 |  4834k|1545.8 |   293M |  61 |1502 | 501 |1485 |  36k|  2 |   0 | 793 |-2.457734e+01 |      --      |    Inf | unknown
 3274s|  3200 |  3201 |  5035k|1560.1 |   294M |  61 |1502 | 501 |1482 |  37k|  4 |   0 | 807 |-2.457734e+01 |      --      |    Inf | unknown
 3385s|  3300 |  3301 |  5235k|1573.6 |   294M |  61 |1502 | 501 |1410 |  38k|  3 |   0 | 813 |-2.457734e+01 |      --      |    Inf | unknown
 3501s|  3400 |  3401 |  5437k|1586.8 |   295M |  61 |1502 | 501 |1473 |  40k|  2 |   0 | 834 |-2.457734e+01 |      --      |    Inf | unknown
 3599s|  3500 |  3501 |  5621k|1593.9 |   297M |  61 |1502 | 501 |1462 |  41k|  3 |   0 | 835 |-2.457734e+01 |      --      |    Inf | unknown
 3687s|  3600 |  3601 |  5771k|1591.5 |   298M |  61 |1502 | 501 |1317 |  43k|  2 |   0 | 850 |-2.457734e+01 |      --      |    Inf | unknown
 3803s|  3700 |  3701 |  5987k|1606.7 |   298M |  61 |1502 | 501 |1431 |  44k|  2 |   0 | 862 |-2.457734e+01 |      --      |    Inf | unknown
 3896s|  3800 |  3801 |  6156k|1609.0 |   300M |  69 |1502 | 501 |1299 |  45k|  2 |   0 | 863 |-2.457734e+01 |      --      |    Inf | unknown
 3993s|  3900 |  3901 |  6324k|1610.6 |   301M |  69 |1502 | 501 |1465 |  46k|  2 |   0 | 874 |-2.457734e+01 |      --      |    Inf | unknown
 4093s|  4000 |  4001 |  6509k|1616.8 |   303M |  69 |1502 | 501 |1437 |  48k|  2 |   0 | 874 |-2.457734e+01 |      --      |    Inf | unknown
 4209s|  4100 |  4101 |  6710k|1626.3 |   305M |  69 |1502 | 501 |1453 |  50k|  2 |   0 | 895 |-2.457734e+01 |      --      |    Inf | unknown
 4311s|  4200 |  4201 |  6900k|1632.9 |   306M |  69 |1502 | 501 |1340 |  51k|  2 |   0 | 896 |-2.457734e+01 |      --      |    Inf | unknown
 4421s|  4300 |  4301 |  7100k|1641.5 |   308M |  69 |1502 | 501 |1365 |  52k|  4 |   0 | 916 |-2.457734e+01 |      --      |    Inf | unknown
 4516s|  4400 |  4401 |  7269k|1642.4 |   308M |  69 |1502 | 501 |1514 |  53k|  2 |   0 | 918 |-2.457734e+01 |      --      |    Inf | unknown
 time | node  | left  |LP iter|LP it/n|mem/heur|mdpt |vars |cons |rows |cuts |sepa|confs|strbr|  dualbound   | primalbound  |  gap   | compl. 
 4619s|  4500 |  4501 |  7465k|1649.6 |   309M |  69 |1502 | 501 |1437 |  55k|  2 |   0 | 927 |-2.457734e+01 |      --      |    Inf | unknown
 4717s|  4600 |  4601 |  7638k|1651.3 |   310M |  69 |1502 | 501 |1457 |  56k|  4 |   0 | 935 |-2.457734e+01 |      --      |    Inf | unknown
 4836s|  4700 |  4701 |  7862k|1663.8 |   312M |  69 |1502 | 501 |1346 |  57k|  2 |   0 | 941 |-2.457734e+01 |      --      |    Inf | unknown
 4931s|  4800 |  4801 |  8031k|1664.4 |   313M |  69 |1502 | 501 |1439 |  59k|  3 |   0 | 952 |-2.457734e+01 |      --      |    Inf | unknown
 5027s|  4900 |  4901 |  8204k|1665.7 |   314M |  69 |1502 | 501 |1508 |  60k|  2 |   0 | 953 |-2.457698e+01 |      --      |    Inf | unknown
 5117s|  5000 |  5001 |  8367k|1665.0 |   314M |  69 |1502 | 501 |1343 |  61k|  2 |   0 | 956 |-2.457550e+01 |      --      |    Inf | unknown
 5216s|  5100 |  5101 |  8545k|1667.3 |   316M |  69 |1502 | 501 |1380 |  63k|  2 |   0 | 963 |-2.457544e+01 |      --      |    Inf | unknown
 5334s|  5200 |  5201 |  8763k|1677.2 |   316M |  69 |1502 | 501 |1275 |  64k|  1 |   0 | 970 |-2.457544e+01 |      --      |    Inf | unknown
 5436s|  5300 |  5301 |  8943k|1679.4 |   317M |  69 |1502 | 501 |1567 |  66k|  2 |   0 | 981 |-2.457544e+01 |      --      |    Inf | unknown
 5521s|  5400 |  5401 |  9103k|1677.9 |   317M |  69 |1502 | 501 |1492 |  67k|  2 |   0 | 987 |-2.457544e+01 |      --      |    Inf | unknown
 5603s|  5500 |  5501 |  9260k|1676.0 |   318M |  69 |1502 | 501 |1396 |  68k|  2 |   0 | 987 |-2.457544e+01 |      --      |    Inf | unknown
 5696s|  5600 |  5601 |  9429k|1676.3 |   320M |  69 |1502 | 502 |1341 |  69k|  2 |   1 | 996 |-2.457544e+01 |      --      |    Inf | unknown
 5813s|  5700 |  5701 |  9651k|1685.8 |   321M |  69 |1502 | 502 |1486 |  70k|  2 |   1 | 999 |-2.457544e+01 |      --      |    Inf | unknown
 5932s|  5800 |  5801 |  9879k|1696.0 |   322M |  69 |1502 | 502 |1620 |  72k|  2 |   1 |1001 |-2.457544e+01 |      --      |    Inf | unknown
 6039s|  5900 |  5901 | 10079k|1701.3 |   322M |  69 |1502 | 501 |1382 |  73k|  2 |   1 |1003 |-2.457544e+01 |      --      |    Inf | unknown
 time | node  | left  |LP iter|LP it/n|mem/heur|mdpt |vars |cons |rows |cuts |sepa|confs|strbr|  dualbound   | primalbound  |  gap   | compl. 
 6160s|  6000 |  6001 | 10312k|1711.7 |   324M |  69 |1502 | 501 |1442 |  75k|  4 |   1 |1015 |-2.457544e+01 |      --      |    Inf | unknown
 6250s|  6100 |  6101 | 10476k|1710.5 |   324M |  69 |1502 | 501 |1303 |  76k|  1 |   1 |1020 |-2.457544e+01 |      --      |    Inf | unknown
 6346s|  6200 |  6201 | 10649k|1710.9 |   325M |  69 |1502 | 501 |1536 |  77k|  2 |   1 |1021 |-2.457544e+01 |      --      |    Inf | unknown
 6461s|  6300 |  6301 | 10865k|1718.0 |   326M |  69 |1502 | 501 |1559 |  78k|  2 |   1 |1032 |-2.457544e+01 |      --      |    Inf | unknown
 6582s|  6400 |  6401 | 11085k|1725.5 |   327M |  69 |1502 | 501 |1510 |  80k|  3 |   1 |1048 |-2.457544e+01 |      --      |    Inf | unknown
 6701s|  6500 |  6501 | 11323k|1735.5 |   328M |  69 |1502 | 501 |1486 |  81k|  2 |   1 |1058 |-2.457544e+01 |      --      |    Inf | unknown
 6825s|  6600 |  6601 | 11560k|1745.1 |   330M |  69 |1502 | 501 |1526 |  83k|  3 |   1 |1061 |-2.457544e+01 |      --      |    Inf | unknown
 6938s|  6700 |  6701 | 11789k|1753.3 |   332M |  69 |1502 | 501 |1535 |  84k|  3 |   1 |1070 |-2.457544e+01 |      --      |    Inf | unknown
 7055s|  6800 |  6801 | 12007k|1759.6 |   332M |  69 |1502 | 501 |1482 |  85k|  2 |   1 |1086 |-2.457544e+01 |      --      |    Inf | unknown
 7177s|  6900 |  6901 | 12258k|1770.4 |   333M |  69 |1502 | 501 |1403 |  87k|  2 |   1 |1091 |-2.457544e+01 |      --      |    Inf | unknown
 7281s|  7000 |  7001 | 12472k|1775.7 |   334M |  69 |1502 | 501 |1322 |  88k|  2 |   1 |1092 |-2.457544e+01 |      --      |    Inf | unknown
 7364s|  7100 |  7101 | 12606k|1769.6 |   334M |  69 |1502 | 501 |1570 |  89k|  2 |   1 |1099 |-2.457544e+01 |      --      |    Inf | unknown
 7477s|  7200 |  7201 | 12829k|1776.0 |   335M |  69 |1502 | 501 |1542 |  91k|  2 |   1 |1101 |-2.457544e+01 |      --      |    Inf | unknown
 7606s|  7300 |  7301 | 13094k|1788.0 |   336M |  69 |1502 | 501 |1487 |  92k|  5 |   1 |1104 |-2.457544e+01 |      --      |    Inf | unknown
 7700s|  7400 |  7401 | 13265k|1786.9 |   336M |  69 |1502 | 501 |1373 |  93k|  2 |   1 |1107 |-2.457544e+01 |      --      |    Inf | unknown
 time | node  | left  |LP iter|LP it/n|mem/heur|mdpt |vars |cons |rows |cuts |sepa|confs|strbr|  dualbound   | primalbound  |  gap   | compl. 
 7807s|  7500 |  7501 | 13474k|1791.0 |   336M |  69 |1502 | 501 |1473 |  94k|  3 |   1 |1108 |-2.457544e+01 |      --      |    Inf | unknown
 7911s|  7600 |  7601 | 13677k|1794.1 |   338M |  69 |1502 | 501 |1527 |  96k|  2 |   1 |1112 |-2.457544e+01 |      --      |    Inf | unknown
 8006s|  7700 |  7701 | 13851k|1793.4 |   338M |  69 |1502 | 501 |1546 |  97k|  4 |   1 |1114 |-2.457544e+01 |      --      |    Inf | unknown
 8112s|  7800 |  7801 | 14051k|1796.0 |   339M |  69 |1502 | 501 |1393 |  98k|  4 |   1 |1115 |-2.457544e+01 |      --      |    Inf | unknown
 8251s|  7900 |  7901 | 14308k|1805.9 |   340M |  69 |1502 | 501 |1323 | 100k|  2 |   1 |1118 |-2.457544e+01 |      --      |    Inf | unknown
 8356s|  8000 |  8001 | 14492k|1806.3 |   341M |  69 |1502 | 501 |1580 | 102k|  2 |   1 |1123 |-2.457544e+01 |      --      |    Inf | unknown
 8475s|  8100 |  8101 | 14694k|1808.9 |   341M |  69 |1502 | 501 |1504 | 103k|  2 |   1 |1130 |-2.457544e+01 |      --      |    Inf | unknown
 8582s|  8200 |  8201 | 14869k|1808.3 |   341M |  69 |1502 | 501 |1390 | 104k|  2 |   1 |1131 |-2.457544e+01 |      --      |    Inf | unknown
 8704s|  8300 |  8301 | 15080k|1811.9 |   341M |  69 |1502 | 501 |1425 | 105k|  2 |   1 |1134 |-2.457544e+01 |      --      |    Inf | unknown
 8838s|  8400 |  8401 | 15322k|1819.0 |   343M |  69 |1502 | 501 |1567 | 107k|  2 |   1 |1137 |-2.457544e+01 |      --      |    Inf | unknown
 8956s|  8500 |  8501 | 15517k|1820.7 |   343M |  69 |1502 | 501 |1565 | 108k|  2 |   1 |1139 |-2.457544e+01 |      --      |    Inf | unknown
 9068s|  8600 |  8601 | 15703k|1821.1 |   344M |  69 |1502 | 501 |1391 | 109k|  2 |   1 |1146 |-2.457544e+01 |      --      |    Inf | unknown
 9178s|  8700 |  8701 | 15908k|1823.7 |   345M |  69 |1502 | 501 |1524 | 111k|  3 |   1 |1148 |-2.457544e+01 |      --      |    Inf | unknown
 9259s|  8800 |  8801 | 16063k|1820.6 |   346M |  69 |1502 | 501 |1390 | 112k|  2 |   1 |1150 |-2.457544e+01 |      --      |    Inf | unknown
 9360s|  8900 |  8901 | 16249k|1821.0 |   347M |  69 |1502 | 501 |1567 | 113k|  4 |   1 |1155 |-2.457544e+01 |      --      |    Inf | unknown
 time | node  | left  |LP iter|LP it/n|mem/heur|mdpt |vars |cons |rows |cuts |sepa|confs|strbr|  dualbound   | primalbound  |  gap   | compl. 
 9478s|  9000 |  9001 | 16467k|1825.0 |   347M |  69 |1502 | 501 |1422 | 115k|  2 |   1 |1156 |-2.457357e+01 |      --      |    Inf | unknown
 9594s|  9100 |  9101 | 16698k|1830.4 |   348M |  69 |1502 | 501 |1416 | 116k|  2 |   1 |1157 |-2.457357e+01 |      --      |    Inf | unknown
 9716s|  9200 |  9201 | 16939k|1836.7 |   350M |  69 |1502 | 501 |1407 | 117k|  4 |   1 |1159 |-2.456720e+01 |      --      |    Inf | unknown
 9817s|  9300 |  9301 | 17128k|1837.2 |   350M |  69 |1502 | 501 |1515 | 119k|  3 |   1 |1167 |-2.456720e+01 |      --      |    Inf | unknown
 9934s|  9400 |  9401 | 17335k|1839.8 |   351M |  69 |1502 | 501 |1573 | 121k|  2 |   1 |1171 |-2.456720e+01 |      --      |    Inf | unknown
  167m|  9500 |  9501 | 17557k|1843.7 |   352M |  69 |1502 | 501 |1451 | 122k|  2 |   1 |1175 |-2.456720e+01 |      --      |    Inf | unknown
  169m|  9600 |  9601 | 17764k|1846.1 |   353M |  69 |1502 | 501 |1461 | 123k|  4 |   1 |1179 |-2.456720e+01 |      --      |    Inf | unknown
  171m|  9700 |  9701 | 17929k|1844.1 |   354M |  69 |1502 | 501 |1369 | 124k|  2 |   1 |1180 |-2.456720e+01 |      --      |    Inf | unknown
  172m|  9800 |  9801 | 18115k|1844.2 |   354M |  69 |1502 | 501 |1584 | 126k|  3 |   1 |1186 |-2.456720e+01 |      --      |    Inf | unknown
  174m|  9900 |  9901 | 18306k|1844.9 |   354M |  69 |1502 | 501 |1624 | 127k|  2 |   1 |1189 |-2.456720e+01 |      --      |    Inf | unknown
  176m| 10000 | 10001 | 18499k|1845.7 |   354M |  69 |1502 | 501 |1530 | 128k|  5 |   1 |1189 |-2.456720e+01 |      --      |    Inf | unknown
  178m| 10100 | 10101 | 18693k|1846.7 |   355M |  69 |1502 | 501 |1446 | 129k|  2 |   1 |1196 |-2.456720e+01 |      --      |    Inf | unknown
  179m| 10200 | 10201 | 18894k|1848.2 |   355M |  69 |1502 | 501 |1515 | 131k|  3 |   1 |1197 |-2.456720e+01 |      --      |    Inf | unknown

SCIP Status        : solving was interrupted [time limit reached]
Solving Time (sec) : 10800.01
Solving Nodes      : 10248
Primal Bound       : +1.00000000000000e+20 (0 solutions)
Dual Bound         : -2.45672023441794e+01
Gap                : infinite

