Solver command line: ['/cvmfs/soft.computecanada.ca/easybuild/software/2023/x86-64-v4/Compiler/gcc12/scipoptsuite/9.0.0/bin/scip', '/tmp/tmp0_ccahsi.pyomo', '-AMPL']

SCIP version 9.0.0 [precision: 8 byte] [memory: block] [mode: optimized] [LP solver: Soplex 7.0.0] [GitHash: 7205bedd94]
Copyright (c) 2002-2024 Zuse Institute Berlin (ZIB)

External libraries: 
  Readline 8.1         GNU library for command line editing (gnu.org/s/readline)
  Soplex 7.0.0         Linear Programming Solver developed at Zuse Institute Berlin (soplex.zib.de) [GitHash: 6657fb3b]
  CppAD 20180000.0     Algorithmic Differentiation of C++ algorithms developed by B. Bell (github.com/coin-or/CppAD)
  ZLIB 1.2.13          General purpose compression library by J. Gailly and M. Adler (zlib.net)
  GMP 6.2.1            GNU Multiple Precision Arithmetic Library developed by T. Granlund (gmplib.org)
  ZIMPL 3.5.3          Zuse Institute Mathematical Programming Language developed by T. Koch (zimpl.zib.de)
  AMPL/MP 690e9e7      AMPL .nl file reader library (github.com/ampl/mp)
  PaPILO 2.2.0         parallel presolve for integer and linear optimization (github.com/scipopt/papilo) (built with TBB) [GitHash: df30ae49]
  bliss 0.77           Computing Graph Automorphisms by T. Junttila and P. Kaski (users.aalto.fi/~tjunttil/bliss)
  sassy 1.1            Symmetry preprocessor by Markus Anders (github.com/markusa4/sassy)
  Ipopt 3.14.14        Interior Point Optimizer developed by A. Waechter et.al. (github.com/coin-or/Ipopt)

reading user parameter file <scip.set>
===========================

limits/time = 10800

read problem </tmp/tmp0_ccahsi.pyomo.nl>
============

original problem has 501 variables (0 bin, 500 int, 0 impl, 1 cont) and 501 constraints

solve problem
=============

1/1 feasible solution given by solution candidate storage, new primal bound 0.000000e+00

presolving:
   (0.1s) symmetry computation started: requiring (bin +, int +, cont +), (fixed: bin -, int -, cont -)
   (0.2s) no symmetry present (symcode time: 0.02)
presolving (1 rounds: 1 fast, 1 medium, 1 exhaustive):
 0 deleted vars, 0 deleted constraints, 0 added constraints, 1 tightened bounds, 0 added holes, 0 changed sides, 0 changed coefficients
 0 implications, 0 cliques
presolved problem has 501 variables (0 bin, 500 int, 0 impl, 1 cont) and 501 constraints
    500 constraints of type <linear>
      1 constraints of type <nonlinear>
Presolving Time: 0.18
transformed 1/1 original solutions to the transformed problem space

 time | node  | left  |LP iter|LP it/n|mem/heur|mdpt |vars |cons |rows |cuts |sepa|confs|strbr|  dualbound   | primalbound  |  gap   | compl. 
  3.1s|     1 |     0 |  4407 |     - |   133M |   0 |1502 | 501 |2500 |   0 |  0 |   0 |   0 |-2.477245e+01 | 0.000000e+00 |    Inf | unknown
  6.9s|     1 |     0 |  6834 |     - |   140M |   0 |1502 | 501 |3001 | 501 |  1 |   0 |   0 |-2.477245e+01 | 0.000000e+00 |    Inf | unknown
 12.9s|     1 |     0 | 19976 |     - |   166M |   0 |1502 | 501 |3496 | 996 |  2 |   0 |   0 |-2.477245e+01 | 0.000000e+00 |    Inf | unknown
 17.2s|     1 |     0 | 32633 |     - |   168M |   0 |1502 | 501 |3964 |1464 |  3 |   0 |   0 |-2.477245e+01 | 0.000000e+00 |    Inf | unknown
 22.6s|     1 |     0 | 45926 |     - |   170M |   0 |1502 | 501 |4395 |1895 |  4 |   0 |   0 |-2.477245e+01 | 0.000000e+00 |    Inf | unknown
 28.9s|     1 |     0 | 59519 |     - |   181M |   0 |1502 | 501 |4768 |2268 |  5 |   0 |   0 |-2.475185e+01 | 0.000000e+00 |    Inf | unknown
 29.9s|     1 |     0 | 59519 |     - |   181M |   0 |1502 | 501 |4768 |2268 |  5 |   0 |   0 |-2.475185e+01 | 0.000000e+00 |    Inf | unknown
 36.0s|     1 |     0 | 70405 |     - |   192M |   0 |1502 | 501 |5039 |2539 |  6 |   0 |   0 |-2.464565e+01 | 0.000000e+00 |    Inf | unknown
 36.8s|     1 |     0 | 70405 |     - |   192M |   0 |1502 | 501 |5039 |2539 |  6 |   0 |   0 |-2.464565e+01 | 0.000000e+00 |    Inf | unknown
 40.6s|     1 |     0 | 76743 |     - |   208M |   0 |1502 | 501 |5152 |2652 |  7 |   0 |   0 |-2.459725e+01 | 0.000000e+00 |    Inf | unknown
 41.5s|     1 |     0 | 76743 |     - |   208M |   0 |1502 | 501 |5152 |2652 |  7 |   0 |   0 |-2.459725e+01 | 0.000000e+00 |    Inf | unknown
 43.3s|     1 |     0 | 78326 |     - |   226M |   0 |1502 | 501 |5194 |2694 |  8 |   0 |   0 |-2.458543e+01 | 0.000000e+00 |    Inf | unknown
 44.1s|     1 |     0 | 78326 |     - |   226M |   0 |1502 | 501 |5194 |2694 |  8 |   0 |   0 |-2.458543e+01 | 0.000000e+00 |    Inf | unknown
 45.3s|     1 |     0 | 78497 |     - |   241M |   0 |1502 | 501 |5200 |2700 |  9 |   0 |   0 |-2.458514e+01 | 0.000000e+00 |    Inf | unknown
 46.1s|     1 |     0 | 78497 |     - |   241M |   0 |1502 | 501 |5200 |2700 |  9 |   0 |   0 |-2.458514e+01 | 0.000000e+00 |    Inf | unknown
 time | node  | left  |LP iter|LP it/n|mem/heur|mdpt |vars |cons |rows |cuts |sepa|confs|strbr|  dualbound   | primalbound  |  gap   | compl. 
 47.2s|     1 |     0 | 78544 |     - |   244M |   0 |1502 | 501 |5203 |2703 | 10 |   0 |   0 |-2.458508e+01 | 0.000000e+00 |    Inf | unknown
 48.7s|     1 |     0 | 78605 |     - |   245M |   0 |1502 | 501 |2716 |2704 | 11 |   0 |   0 |-2.458498e+01 | 0.000000e+00 |    Inf | unknown
 50.1s|     1 |     0 | 78637 |     - |   245M |   0 |1502 | 501 |2718 |2706 | 12 |   0 |   0 |-2.458496e+01 | 0.000000e+00 |    Inf | unknown
 51.6s|     1 |     0 | 78659 |     - |   246M |   0 |1502 | 501 |2719 |2707 | 13 |   0 |   0 |-2.458495e+01 | 0.000000e+00 |    Inf | unknown
 53.0s|     1 |     0 | 78671 |     - |   246M |   0 |1502 | 501 |2720 |2708 | 14 |   0 |   0 |-2.458495e+01 | 0.000000e+00 |    Inf | unknown
 54.4s|     1 |     0 | 78677 |     - |   246M |   0 |1502 | 501 |2721 |2709 | 15 |   0 |   0 |-2.458495e+01 | 0.000000e+00 |    Inf | unknown
 55.8s|     1 |     0 | 78679 |     - |   246M |   0 |1502 | 501 |2722 |2710 | 16 |   0 |   0 |-2.458495e+01 | 0.000000e+00 |    Inf | unknown
  534s|     1 |     2 |882218 |     - |   247M |   0 |1502 | 501 |2722 |2710 | 17 |   0 |  22 |-2.458424e+01 | 0.000000e+00 |    Inf | unknown
  815s|   100 |   101 |  1098k|10302.5 |   254M |  17 |1502 | 501 |1243 |4077 |  2 |   0 | 360 |-2.458415e+01 | 0.000000e+00 |    Inf | unknown
  942s|   200 |   201 |  1257k|5921.3 |   255M |  37 |1502 | 501 |1398 |4912 |  2 |   0 | 418 |-2.458415e+01 | 0.000000e+00 |    Inf | unknown
 1067s|   300 |   301 |  1414k|4466.3 |   256M |  37 |1502 | 501 |1415 |5981 |  1 |   0 | 442 |-2.458415e+01 | 0.000000e+00 |    Inf | unknown
 1162s|   400 |   401 |  1565k|3726.9 |   253M |  37 |1502 | 501 |1349 |6911 |  2 |   0 | 469 |-2.458415e+01 | 0.000000e+00 |    Inf | unknown
 1257s|   500 |   501 |  1689k|3228.1 |   253M |  37 |1502 | 501 |1297 |7685 |  2 |   0 | 491 |-2.458415e+01 | 0.000000e+00 |    Inf | unknown
 1333s|   600 |   601 |  1791k|2860.2 |   254M |  37 |1502 | 501 |1352 |8439 |  2 |   0 | 494 |-2.458415e+01 | 0.000000e+00 |    Inf | unknown
 1420s|   700 |   701 |  1901k|2607.1 |   255M |  37 |1502 | 501 |1296 |9220 |  2 |   0 | 518 |-2.458415e+01 | 0.000000e+00 |    Inf | unknown
 time | node  | left  |LP iter|LP it/n|mem/heur|mdpt |vars |cons |rows |cuts |sepa|confs|strbr|  dualbound   | primalbound  |  gap   | compl. 
 1527s|   800 |   801 |  2054k|2473.1 |   256M |  37 |1502 | 501 |1445 |  10k|  2 |   0 | 526 |-2.458415e+01 | 0.000000e+00 |    Inf | unknown
 1619s|   900 |   901 |  2195k|2354.6 |   257M |  37 |1502 | 501 |1361 |  11k|  1 |   0 | 541 |-2.458415e+01 | 0.000000e+00 |    Inf | unknown
 1713s|  1000 |  1001 |  2336k|2260.3 |   258M |  37 |1502 | 501 |1413 |  12k|  2 |   0 | 550 |-2.458415e+01 | 0.000000e+00 |    Inf | unknown
 1811s|  1100 |  1101 |  2500k|2203.7 |   259M |  37 |1502 | 501 |1351 |  13k|  2 |   0 | 553 |-2.458415e+01 | 0.000000e+00 |    Inf | unknown
 1932s|  1200 |  1201 |  2697k|2184.2 |   260M |  37 |1502 | 501 |1346 |  14k|  2 |   0 | 554 |-2.458415e+01 | 0.000000e+00 |    Inf | unknown
 2056s|  1300 |  1301 |  2872k|2150.9 |   261M |  37 |1502 | 501 |1392 |  16k|  2 |   0 | 565 |-2.458415e+01 | 0.000000e+00 |    Inf | unknown
 2149s|  1400 |  1401 |  3026k|2106.7 |   262M |  37 |1502 | 501 |1351 |  17k|  2 |   0 | 570 |-2.458415e+01 | 0.000000e+00 |    Inf | unknown
 2266s|  1500 |  1501 |  3219k|2095.4 |   263M |  37 |1502 | 501 |1450 |  18k|  3 |   0 | 578 |-2.458415e+01 | 0.000000e+00 |    Inf | unknown
 2369s|  1600 |  1601 |  3379k|2064.2 |   264M |  37 |1502 | 501 |1439 |  19k|  2 |   0 | 596 |-2.458415e+01 | 0.000000e+00 |    Inf | unknown
 2454s|  1700 |  1701 |  3514k|2022.0 |   265M |  37 |1502 | 501 |1382 |  20k|  2 |   0 | 597 |-2.458415e+01 | 0.000000e+00 |    Inf | unknown
 2544s|  1800 |  1801 |  3651k|1986.0 |   266M |  37 |1502 | 501 |1402 |  21k|  3 |   0 | 612 |-2.458415e+01 | 0.000000e+00 |    Inf | unknown
 2649s|  1900 |  1901 |  3818k|1969.2 |   267M |  37 |1502 | 501 |1374 |  22k|  2 |   0 | 616 |-2.458415e+01 | 0.000000e+00 |    Inf | unknown
 2736s|  2000 |  2001 |  3963k|1943.4 |   267M |  37 |1502 | 501 |1381 |  23k|  2 |   0 | 629 |-2.458415e+01 | 0.000000e+00 |    Inf | unknown
 2819s|  2100 |  2101 |  4101k|1916.8 |   268M |  37 |1502 | 501 |1455 |  24k|  2 |   0 | 633 |-2.458415e+01 | 0.000000e+00 |    Inf | unknown
 2921s|  2200 |  2201 |  4263k|1903.1 |   270M |  37 |1502 | 501 |1242 |  25k|  2 |   0 | 642 |-2.458415e+01 | 0.000000e+00 |    Inf | unknown
 time | node  | left  |LP iter|LP it/n|mem/heur|mdpt |vars |cons |rows |cuts |sepa|confs|strbr|  dualbound   | primalbound  |  gap   | compl. 
 3028s|  2300 |  2301 |  4418k|1887.7 |   272M |  59 |1502 | 501 |1463 |  27k|  1 |   0 | 649 |-2.458415e+01 | 0.000000e+00 |    Inf | unknown
 3131s|  2400 |  2401 |  4568k|1871.4 |   272M |  73 |1502 | 502 |1303 |  28k|  2 |   1 | 665 |-2.458415e+01 | 0.000000e+00 |    Inf | unknown
 3218s|  2500 |  2501 |  4700k|1849.6 |   273M |  73 |1502 | 504 |1463 |  28k|  2 |   3 | 672 |-2.458415e+01 | 0.000000e+00 |    Inf | unknown
 3315s|  2600 |  2601 |  4870k|1843.7 |   275M |  73 |1502 | 507 |1309 |  29k|  1 |   6 | 677 |-2.458415e+01 | 0.000000e+00 |    Inf | unknown
 3412s|  2700 |  2701 |  5022k|1831.6 |   276M |  73 |1502 | 507 |1312 |  31k|  2 |   9 | 697 |-2.458415e+01 | 0.000000e+00 |    Inf | unknown
 3508s|  2800 |  2801 |  5190k|1826.3 |   278M |  77 |1502 | 509 |1442 |  32k|  2 |  12 | 707 |-2.458415e+01 | 0.000000e+00 |    Inf | unknown
 3606s|  2900 |  2901 |  5355k|1820.0 |   279M |  77 |1502 | 508 |1364 |  33k|  3 |  13 | 718 |-2.458415e+01 | 0.000000e+00 |    Inf | unknown
 3690s|  3000 |  3001 |  5488k|1803.9 |   280M |  77 |1502 | 506 |1476 |  34k|  4 |  15 | 739 |-2.458415e+01 | 0.000000e+00 |    Inf | unknown
 3818s|  3100 |  3101 |  5731k|1824.0 |   281M |  77 |1502 | 501 |1312 |  35k|  4 |  16 | 756 |-2.458415e+01 | 0.000000e+00 |    Inf | unknown
 3907s|  3200 |  3201 |  5893k|1817.8 |   283M |  77 |1502 | 502 |1399 |  36k|  2 |  17 | 759 |-2.458415e+01 | 0.000000e+00 |    Inf | unknown
 3992s|  3300 |  3301 |  6034k|1805.4 |   283M |  77 |1502 | 502 |1308 |  36k|  2 |  17 | 766 |-2.458415e+01 | 0.000000e+00 |    Inf | unknown
 4079s|  3400 |  3401 |  6172k|1792.9 |   285M |  77 |1502 | 502 |1406 |  37k|  2 |  17 | 783 |-2.458415e+01 | 0.000000e+00 |    Inf | unknown
 4188s|  3500 |  3501 |  6367k|1797.3 |   286M |  77 |1502 | 503 |1345 |  39k|  4 |  18 | 788 |-2.458415e+01 | 0.000000e+00 |    Inf | unknown
 4277s|  3600 |  3601 |  6510k|1787.2 |   287M |  77 |1502 | 503 |1342 |  40k|  2 |  18 | 800 |-2.458415e+01 | 0.000000e+00 |    Inf | unknown
 4374s|  3700 |  3701 |  6685k|1786.0 |   287M |  77 |1502 | 504 |1277 |  41k|  2 |  21 | 810 |-2.458415e+01 | 0.000000e+00 |    Inf | unknown
 time | node  | left  |LP iter|LP it/n|mem/heur|mdpt |vars |cons |rows |cuts |sepa|confs|strbr|  dualbound   | primalbound  |  gap   | compl. 
 4463s|  3800 |  3801 |  6827k|1776.4 |   288M |  77 |1502 | 505 |1446 |  42k|  2 |  22 | 813 |-2.458415e+01 | 0.000000e+00 |    Inf | unknown
 4566s|  3900 |  3901 |  7012k|1778.4 |   289M |  77 |1502 | 503 |1280 |  43k|  2 |  22 | 826 |-2.458415e+01 | 0.000000e+00 |    Inf | unknown
 4650s|  4000 |  4001 |  7154k|1769.4 |   290M |  77 |1502 | 503 |1439 |  44k|  2 |  23 | 828 |-2.458415e+01 | 0.000000e+00 |    Inf | unknown
 4736s|  4100 |  4101 |  7300k|1761.8 |   292M |  77 |1502 | 504 |1271 |  45k|  2 |  25 | 831 |-2.458415e+01 | 0.000000e+00 |    Inf | unknown
 4830s|  4200 |  4201 |  7460k|1758.0 |   293M |  77 |1502 | 503 |1496 |  46k|  2 |  25 | 844 |-2.458415e+01 | 0.000000e+00 |    Inf | unknown
 4920s|  4300 |  4301 |  7608k|1751.6 |   294M |  77 |1502 | 503 |1295 |  47k|  2 |  25 | 846 |-2.458415e+01 | 0.000000e+00 |    Inf | unknown
 4999s|  4400 |  4401 |  7743k|1742.5 |   295M |  77 |1502 | 503 |1519 |  48k|  4 |  27 | 848 |-2.458415e+01 | 0.000000e+00 |    Inf | unknown
 5080s|  4500 |  4501 |  7880k|1734.2 |   295M |  77 |1502 | 504 |1301 |  49k|  2 |  28 | 854 |-2.458415e+01 | 0.000000e+00 |    Inf | unknown
 5166s|  4600 |  4601 |  8021k|1727.1 |   296M |  77 |1502 | 504 |1370 |  50k|  2 |  28 | 854 |-2.458415e+01 | 0.000000e+00 |    Inf | unknown
 5265s|  4700 |  4701 |  8184k|1724.9 |   297M |  77 |1502 | 503 |1284 |  51k|  2 |  29 | 866 |-2.458415e+01 | 0.000000e+00 |    Inf | unknown
 5349s|  4800 |  4801 |  8332k|1719.8 |   298M |  77 |1502 | 503 |1512 |  52k|  2 |  30 | 870 |-2.458415e+01 | 0.000000e+00 |    Inf | unknown
 5441s|  4900 |  4901 |  8507k|1720.6 |   299M |  77 |1502 | 504 |1366 |  53k|  2 |  32 | 871 |-2.458415e+01 | 0.000000e+00 |    Inf | unknown
 5530s|  5000 |  5001 |  8658k|1716.3 |   300M |  77 |1502 | 504 |1400 |  54k|  2 |  33 | 882 |-2.458415e+01 | 0.000000e+00 |    Inf | unknown
 5618s|  5100 |  5101 |  8796k|1709.7 |   301M |  77 |1502 | 503 |1363 |  55k|  3 |  34 | 884 |-2.458415e+01 | 0.000000e+00 |    Inf | unknown
 5688s|  5200 |  5201 |  8907k|1698.2 |   302M |  77 |1502 | 504 |1400 |  56k|  2 |  35 | 885 |-2.458415e+01 | 0.000000e+00 |    Inf | unknown
 time | node  | left  |LP iter|LP it/n|mem/heur|mdpt |vars |cons |rows |cuts |sepa|confs|strbr|  dualbound   | primalbound  |  gap   | compl. 
 5799s|  5300 |  5301 |  9111k|1704.7 |   303M |  77 |1502 | 504 |1228 |  57k|  2 |  35 | 898 |-2.458415e+01 | 0.000000e+00 |    Inf | unknown
 5893s|  5400 |  5401 |  9275k|1703.5 |   304M |  77 |1502 | 505 |1482 |  58k|  4 |  37 | 899 |-2.458415e+01 | 0.000000e+00 |    Inf | unknown
 5972s|  5500 |  5501 |  9414k|1697.8 |   305M |  77 |1502 | 506 |1353 |  59k|  3 |  40 | 905 |-2.458415e+01 | 0.000000e+00 |    Inf | unknown
 6068s|  5600 |  5601 |  9576k|1696.4 |   306M |  77 |1502 | 505 |1450 |  60k|  2 |  40 | 907 |-2.458415e+01 | 0.000000e+00 |    Inf | unknown
 6150s|  5700 |  5701 |  9711k|1690.2 |   307M |  77 |1502 | 504 |1346 |  61k|  2 |  40 | 907 |-2.458415e+01 | 0.000000e+00 |    Inf | unknown
 6247s|  5800 |  5801 |  9881k|1690.3 |   307M |  77 |1502 | 501 |1496 |  62k|  1 |  40 | 918 |-2.458415e+01 | 0.000000e+00 |    Inf | unknown
 6322s|  5900 |  5901 | 10013k|1684.1 |   307M |  77 |1502 | 503 |1382 |  63k|  5 |  42 | 922 |-2.458415e+01 | 0.000000e+00 |    Inf | unknown
 6412s|  6000 |  6001 | 10177k|1683.4 |   309M |  77 |1502 | 503 |1456 |  64k|  3 |  42 | 922 |-2.458415e+01 | 0.000000e+00 |    Inf | unknown
 6502s|  6100 |  6101 | 10328k|1680.7 |   309M |  77 |1502 | 504 |1321 |  65k|  2 |  43 | 935 |-2.458415e+01 | 0.000000e+00 |    Inf | unknown
 6585s|  6200 |  6201 | 10475k|1677.1 |   310M |  77 |1502 | 503 |1473 |  66k|  2 |  44 | 935 |-2.458415e+01 | 0.000000e+00 |    Inf | unknown
 6681s|  6300 |  6301 | 10661k|1680.0 |   310M |  77 |1502 | 503 |1371 |  67k|  4 |  45 | 937 |-2.458415e+01 | 0.000000e+00 |    Inf | unknown
 6771s|  6400 |  6401 | 10825k|1679.4 |   310M |  77 |1502 | 504 |1520 |  68k|  2 |  46 | 942 |-2.458415e+01 | 0.000000e+00 |    Inf | unknown
 6863s|  6500 |  6501 | 10979k|1677.4 |   311M |  77 |1502 | 503 |1331 |  69k|  3 |  47 | 945 |-2.458415e+01 | 0.000000e+00 |    Inf | unknown
 6956s|  6600 |  6601 | 11140k|1676.2 |   312M |  77 |1502 | 504 |1439 |  70k|  2 |  48 | 951 |-2.458415e+01 | 0.000000e+00 |    Inf | unknown
 7061s|  6700 |  6701 | 11333k|1680.0 |   314M |  77 |1502 | 503 |1293 |  71k|  2 |  48 | 956 |-2.458415e+01 | 0.000000e+00 |    Inf | unknown
 time | node  | left  |LP iter|LP it/n|mem/heur|mdpt |vars |cons |rows |cuts |sepa|confs|strbr|  dualbound   | primalbound  |  gap   | compl. 
 7156s|  6800 |  6801 | 11494k|1679.1 |   315M |  77 |1502 | 502 |1520 |  72k|  4 |  48 | 959 |-2.458415e+01 | 0.000000e+00 |    Inf | unknown
 7247s|  6900 |  6901 | 11660k|1678.8 |   315M |  77 |1502 | 502 |1362 |  73k|  1 |  49 | 965 |-2.458415e+01 | 0.000000e+00 |    Inf | unknown
 7339s|  7000 |  7001 | 11834k|1679.7 |   316M |  77 |1502 | 502 |1534 |  75k|  2 |  49 | 965 |-2.458415e+01 | 0.000000e+00 |    Inf | unknown
 7447s|  7100 |  7101 | 12022k|1682.4 |   317M |  77 |1502 | 502 |1339 |  76k|  2 |  49 | 970 |-2.458415e+01 | 0.000000e+00 |    Inf | unknown
 7536s|  7200 |  7201 | 12177k|1680.7 |   318M |  77 |1502 | 501 |1408 |  77k|  2 |  49 | 973 |-2.458415e+01 | 0.000000e+00 |    Inf | unknown
 7633s|  7300 |  7301 | 12366k|1683.4 |   318M |  77 |1502 | 503 |1360 |  78k|  2 |  51 | 973 |-2.458415e+01 | 0.000000e+00 |    Inf | unknown
 7715s|  7400 |  7401 | 12508k|1680.0 |   319M |  77 |1502 | 504 |1545 |  79k|  2 |  52 | 980 |-2.458415e+01 | 0.000000e+00 |    Inf | unknown
 7804s|  7500 |  7501 | 12669k|1679.0 |   321M |  77 |1502 | 503 |1396 |  80k|  2 |  53 | 982 |-2.458415e+01 | 0.000000e+00 |    Inf | unknown
 7884s|  7600 |  7601 | 12805k|1674.8 |   322M |  77 |1502 | 505 |1476 |  81k|  2 |  55 | 983 |-2.458415e+01 | 0.000000e+00 |    Inf | unknown
 7981s|  7700 |  7701 | 12985k|1676.5 |   322M |  77 |1502 | 504 |1253 |  82k|  2 |  55 | 988 |-2.458415e+01 | 0.000000e+00 |    Inf | unknown
 8076s|  7800 |  7801 | 13161k|1677.5 |   322M |  77 |1502 | 503 |1411 |  83k|  2 |  55 | 991 |-2.458415e+01 | 0.000000e+00 |    Inf | unknown
 8189s|  7900 |  7901 | 13362k|1681.7 |   323M |  77 |1502 | 501 |1334 |  85k|  5 |  55 | 997 |-2.458415e+01 | 0.000000e+00 |    Inf | unknown
 8281s|  8000 |  8001 | 13525k|1681.1 |   325M |  77 |1502 | 502 |1465 |  86k|  2 |  56 | 999 |-2.458415e+01 | 0.000000e+00 |    Inf | unknown
 8393s|  8100 |  8101 | 13734k|1686.2 |   326M |  77 |1502 | 503 |1350 |  87k|  2 |  57 |1001 |-2.458415e+01 | 0.000000e+00 |    Inf | unknown
 8492s|  8200 |  8201 | 13900k|1685.9 |   326M |  77 |1502 | 502 |1478 |  88k|  2 |  57 |1012 |-2.458415e+01 | 0.000000e+00 |    Inf | unknown
 time | node  | left  |LP iter|LP it/n|mem/heur|mdpt |vars |cons |rows |cuts |sepa|confs|strbr|  dualbound   | primalbound  |  gap   | compl. 
 8589s|  8300 |  8301 | 14075k|1686.5 |   327M |  77 |1502 | 503 |1248 |  90k|  2 |  58 |1014 |-2.458415e+01 | 0.000000e+00 |    Inf | unknown
 8690s|  8400 |  8401 | 14261k|1688.6 |   328M |  77 |1502 | 502 |1542 |  91k|  2 |  58 |1017 |-2.458415e+01 | 0.000000e+00 |    Inf | unknown
 8787s|  8500 |  8501 | 14432k|1688.9 |   328M |  77 |1502 | 503 |1486 |  92k|  2 |  60 |1023 |-2.458415e+01 | 0.000000e+00 |    Inf | unknown
 8872s|  8600 |  8601 | 14575k|1685.8 |   329M |  77 |1502 | 504 |1575 |  93k|  2 |  61 |1023 |-2.458415e+01 | 0.000000e+00 |    Inf | unknown
 8983s|  8700 |  8701 | 14772k|1689.1 |   329M |  77 |1502 | 503 |1583 |  95k|  2 |  61 |1029 |-2.456208e+01 | 0.000000e+00 |    Inf | unknown
 9071s|  8800 |  8801 | 14929k|1687.8 |   331M |  77 |1502 | 502 |1462 |  96k|  2 |  61 |1029 |-2.456097e+01 | 0.000000e+00 |    Inf | unknown
 9176s|  8900 |  8901 | 15100k|1688.0 |   332M |  77 |1502 | 502 |1598 |  97k|  5 |  62 |1032 |-2.456016e+01 | 0.000000e+00 |    Inf | unknown
 9275s|  9000 |  9001 | 15275k|1688.7 |   333M |  77 |1502 | 504 |1433 |  98k|  2 |  64 |1033 |-2.455900e+01 | 0.000000e+00 |    Inf | unknown
 9386s|  9100 |  9101 | 15480k|1692.7 |   333M |  77 |1502 | 504 |1649 | 100k|  2 |  64 |1035 |-2.455865e+01 | 0.000000e+00 |    Inf | unknown
 9487s|  9200 |  9201 | 15645k|1692.3 |   336M |  77 |1502 | 503 |1389 | 101k|  2 |  64 |1038 |-2.455799e+01 | 0.000000e+00 |    Inf | unknown
 9582s|  9300 |  9301 | 15816k|1692.4 |   336M |  77 |1502 | 503 |1534 | 102k|  2 |  66 |1040 |-2.455764e+01 | 0.000000e+00 |    Inf | unknown
 9678s|  9400 |  9401 | 15995k|1693.5 |   336M |  77 |1502 | 503 |1427 | 103k|  2 |  66 |1044 |-2.455683e+01 | 0.000000e+00 |    Inf | unknown
 9787s|  9500 |  9501 | 16193k|1696.5 |   337M |  77 |1502 | 503 |1575 | 105k|  2 |  67 |1047 |-2.455612e+01 | 0.000000e+00 |    Inf | unknown
 9894s|  9600 |  9601 | 16384k|1698.7 |   338M |  77 |1502 | 502 |1466 | 106k|  3 |  67 |1048 |-2.455488e+01 | 0.000000e+00 |    Inf | unknown
  167m|  9700 |  9701 | 16578k|1701.2 |   339M |  77 |1502 | 502 |1614 | 107k|  2 |  68 |1056 |-2.455395e+01 | 0.000000e+00 |    Inf | unknown
 time | node  | left  |LP iter|LP it/n|mem/heur|mdpt |vars |cons |rows |cuts |sepa|confs|strbr|  dualbound   | primalbound  |  gap   | compl. 
  169m|  9800 |  9801 | 16797k|1706.1 |   340M |  77 |1502 | 502 |1480 | 109k|  2 |  68 |1057 |-2.455353e+01 | 0.000000e+00 |    Inf | unknown
  170m|  9900 |  9901 | 16956k|1705.0 |   340M |  77 |1502 | 503 |1508 | 110k|  2 |  70 |1062 |-2.455284e+01 | 0.000000e+00 |    Inf | unknown
  172m| 10000 | 10001 | 17158k|1708.1 |   341M |  77 |1502 | 504 |1469 | 111k|  2 |  71 |1070 |-2.455272e+01 | 0.000000e+00 |    Inf | unknown
  174m| 10100 | 10101 | 17352k|1710.4 |   342M |  77 |1502 | 503 |1641 | 113k|  2 |  71 |1072 |-2.455272e+01 | 0.000000e+00 |    Inf | unknown
  176m| 10200 | 10201 | 17543k|1712.4 |   343M |  77 |1502 | 503 |1430 | 114k|  2 |  72 |1077 |-2.455272e+01 | 0.000000e+00 |    Inf | unknown
  177m| 10300 | 10301 | 17744k|1715.3 |   344M |  77 |1502 | 503 |1614 | 115k|  4 |  73 |1079 |-2.455272e+01 | 0.000000e+00 |    Inf | unknown
  179m| 10400 | 10401 | 17942k|1717.8 |   344M |  77 |1502 | 504 |1428 | 116k|  2 |  75 |1082 |-2.455272e+01 | 0.000000e+00 |    Inf | unknown

SCIP Status        : solving was interrupted [time limit reached]
Solving Time (sec) : 10800.00
Solving Nodes      : 10435
Primal Bound       : +0.00000000000000e+00 (1 solutions)
Dual Bound         : -2.45527194438364e+01
Gap                : infinite

