Solver command line: ['/cvmfs/soft.computecanada.ca/easybuild/software/2023/x86-64-v4/Compiler/gcc12/scipoptsuite/9.0.0/bin/scip', '/tmp/tmpe2rmt05_.pyomo', '-AMPL']

SCIP version 9.0.0 [precision: 8 byte] [memory: block] [mode: optimized] [LP solver: Soplex 7.0.0] [GitHash: 7205bedd94]
Copyright (c) 2002-2024 Zuse Institute Berlin (ZIB)

External libraries: 
  Readline 8.1         GNU library for command line editing (gnu.org/s/readline)
  Soplex 7.0.0         Linear Programming Solver developed at Zuse Institute Berlin (soplex.zib.de) [GitHash: 6657fb3b]
  CppAD 20180000.0     Algorithmic Differentiation of C++ algorithms developed by B. Bell (github.com/coin-or/CppAD)
  ZLIB 1.2.13          General purpose compression library by J. Gailly and M. Adler (zlib.net)
  GMP 6.2.1            GNU Multiple Precision Arithmetic Library developed by T. Granlund (gmplib.org)
  ZIMPL 3.5.3          Zuse Institute Mathematical Programming Language developed by T. Koch (zimpl.zib.de)
  AMPL/MP 690e9e7      AMPL .nl file reader library (github.com/ampl/mp)
  PaPILO 2.2.0         parallel presolve for integer and linear optimization (github.com/scipopt/papilo) (built with TBB) [GitHash: df30ae49]
  bliss 0.77           Computing Graph Automorphisms by T. Junttila and P. Kaski (users.aalto.fi/~tjunttil/bliss)
  sassy 1.1            Symmetry preprocessor by Markus Anders (github.com/markusa4/sassy)
  Ipopt 3.14.14        Interior Point Optimizer developed by A. Waechter et.al. (github.com/coin-or/Ipopt)

reading user parameter file <scip.set>
===========================

limits/time = 10800

read problem </tmp/tmpe2rmt05_.pyomo.nl>
============

original problem has 501 variables (0 bin, 500 int, 0 impl, 1 cont) and 501 constraints

solve problem
=============

1/1 feasible solution given by solution candidate storage, new primal bound 0.000000e+00

presolving:
   (0.1s) symmetry computation started: requiring (bin +, int +, cont +), (fixed: bin -, int -, cont -)
   (0.2s) no symmetry present (symcode time: 0.02)
presolving (1 rounds: 1 fast, 1 medium, 1 exhaustive):
 0 deleted vars, 0 deleted constraints, 0 added constraints, 1 tightened bounds, 0 added holes, 0 changed sides, 0 changed coefficients
 0 implications, 0 cliques
presolved problem has 501 variables (0 bin, 500 int, 0 impl, 1 cont) and 501 constraints
    500 constraints of type <linear>
      1 constraints of type <nonlinear>
Presolving Time: 0.18
transformed 1/1 original solutions to the transformed problem space

 time | node  | left  |LP iter|LP it/n|mem/heur|mdpt |vars |cons |rows |cuts |sepa|confs|strbr|  dualbound   | primalbound  |  gap   | compl. 
  4.9s|     1 |     0 |  4037 |     - |   133M |   0 |1502 | 501 |2500 |   0 |  0 |   0 |   0 |-2.477245e+01 | 0.000000e+00 |    Inf | unknown
  8.6s|     1 |     0 |  5650 |     - |   143M |   0 |1502 | 501 |3000 | 500 |  1 |   0 |   0 |-2.477245e+01 | 0.000000e+00 |    Inf | unknown
 12.7s|     1 |     0 |  7141 |     - |   168M |   0 |1502 | 501 |3492 | 992 |  2 |   0 |   0 |-2.477245e+01 | 0.000000e+00 |    Inf | unknown
 23.7s|     1 |     0 | 18025 |     - |   178M |   0 |1502 | 501 |3956 |1456 |  3 |   0 |   0 |-2.476074e+01 | 0.000000e+00 |    Inf | unknown
 24.7s|     1 |     0 | 18025 |     - |   178M |   0 |1502 | 501 |3956 |1456 |  3 |   0 |   0 |-2.476074e+01 | 0.000000e+00 |    Inf | unknown
 31.8s|     1 |     0 | 28702 |     - |   190M |   0 |1502 | 501 |4249 |1749 |  4 |   0 |   0 |-2.468516e+01 | 0.000000e+00 |    Inf | unknown
 32.6s|     1 |     0 | 28702 |     - |   191M |   0 |1502 | 501 |4249 |1749 |  4 |   0 |   0 |-2.468516e+01 | 0.000000e+00 |    Inf | unknown
 39.4s|     1 |     0 | 39176 |     - |   202M |   0 |1502 | 501 |4389 |1889 |  5 |   0 |   0 |-2.461765e+01 | 0.000000e+00 |    Inf | unknown
 40.2s|     1 |     0 | 39176 |     - |   203M |   0 |1502 | 501 |4389 |1889 |  5 |   0 |   0 |-2.461765e+01 | 0.000000e+00 |    Inf | unknown
 42.8s|     1 |     0 | 42318 |     - |   223M |   0 |1502 | 501 |4424 |1924 |  6 |   0 |   0 |-2.460715e+01 | 0.000000e+00 |    Inf | unknown
 43.7s|     1 |     0 | 42318 |     - |   223M |   0 |1502 | 501 |4424 |1924 |  6 |   0 |   0 |-2.460715e+01 | 0.000000e+00 |    Inf | unknown
 45.3s|     1 |     0 | 43215 |     - |   241M |   0 |1502 | 501 |4438 |1938 |  7 |   0 |   0 |-2.460649e+01 | 0.000000e+00 |    Inf | unknown
 46.1s|     1 |     0 | 43215 |     - |   241M |   0 |1502 | 501 |4438 |1938 |  7 |   0 |   0 |-2.460649e+01 | 0.000000e+00 |    Inf | unknown
 47.3s|     1 |     0 | 43532 |     - |   245M |   0 |1502 | 501 |4445 |1945 |  8 |   0 |   0 |-2.460630e+01 | 0.000000e+00 |    Inf | unknown
 49.1s|     1 |     0 | 43661 |     - |   266M |   0 |1502 | 501 |4446 |1946 |  9 |   0 |   0 |-2.460622e+01 | 0.000000e+00 |    Inf | unknown
 time | node  | left  |LP iter|LP it/n|mem/heur|mdpt |vars |cons |rows |cuts |sepa|confs|strbr|  dualbound   | primalbound  |  gap   | compl. 
 51.0s|     1 |     0 | 43912 |     - |   270M |   0 |1502 | 501 |4450 |1950 | 10 |   0 |   0 |-2.460616e+01 | 0.000000e+00 |    Inf | unknown
 52.5s|     1 |     0 | 44069 |     - |   270M |   0 |1502 | 501 |1969 |1952 | 11 |   0 |   0 |-2.460615e+01 | 0.000000e+00 |    Inf | unknown
 53.9s|     1 |     0 | 44206 |     - |   271M |   0 |1502 | 501 |1971 |1954 | 12 |   0 |   0 |-2.460613e+01 | 0.000000e+00 |    Inf | unknown
 55.3s|     1 |     0 | 44227 |     - |   271M |   0 |1502 | 501 |1972 |1955 | 13 |   0 |   0 |-2.460613e+01 | 0.000000e+00 |    Inf | unknown
 56.8s|     1 |     0 | 44268 |     - |   271M |   0 |1502 | 501 |1973 |1956 | 14 |   0 |   0 |-2.460613e+01 | 0.000000e+00 |    Inf | unknown
 58.2s|     1 |     0 | 44282 |     - |   271M |   0 |1502 | 501 |1974 |1957 | 15 |   0 |   0 |-2.460613e+01 | 0.000000e+00 |    Inf | unknown
  307s|     1 |     2 |501694 |     - |   271M |   0 |1502 | 501 |1974 |1957 | 16 |   0 |  20 |-2.460567e+01 | 0.000000e+00 |    Inf | unknown
  567s|   100 |   101 |718854 |6813.9 |   279M |  18 |1502 | 501 |1289 |3511 |  2 |   0 | 358 |-2.460562e+01 | 0.000000e+00 |    Inf | unknown
  682s|   200 |   201 |867097 |4134.7 |   279M |  31 |1502 | 501 |1278 |4297 |  2 |   0 | 420 |-2.460562e+01 | 0.000000e+00 |    Inf | unknown
  780s|   300 |   301 |968082 |3089.6 |   281M |  33 |1502 | 501 |1269 |5166 |  1 |   0 | 458 |-2.460107e+01 | 0.000000e+00 |    Inf | unknown
  872s|   400 |   401 |  1120k|2698.5 |   272M |  37 |1502 | 501 |1253 |6102 |  1 |   0 | 468 |-2.460107e+01 | 0.000000e+00 |    Inf | unknown
  969s|   500 |   501 |  1259k|2434.3 |   272M |  37 |1502 | 501 |1394 |7059 |  4 |   0 | 491 |-2.459705e+01 | 0.000000e+00 |    Inf | unknown
 1050s|   600 |   601 |  1351k|2182.2 |   273M |  37 |1502 | 501 |1326 |7831 |  2 |   0 | 494 |-2.459366e+01 | 0.000000e+00 |    Inf | unknown
 1136s|   700 |   701 |  1488k|2065.8 |   274M |  37 |1502 | 501 |1311 |8838 |  2 |   0 | 519 |-2.458674e+01 | 0.000000e+00 |    Inf | unknown
 1211s|   800 |   801 |  1593k|1939.3 |   274M |  37 |1502 | 501 |1389 |9707 |  2 |   0 | 526 |-2.458674e+01 | 0.000000e+00 |    Inf | unknown
 time | node  | left  |LP iter|LP it/n|mem/heur|mdpt |vars |cons |rows |cuts |sepa|confs|strbr|  dualbound   | primalbound  |  gap   | compl. 
 1340s|   900 |   901 |  1766k|1916.1 |   275M |  37 |1502 | 501 |1384 |  10k|  2 |   0 | 548 |-2.458674e+01 | 0.000000e+00 |    Inf | unknown
 1422s|  1000 |  1001 |  1909k|1867.0 |   275M |  37 |1502 | 501 |1396 |  11k|  2 |   0 | 556 |-2.458674e+01 | 0.000000e+00 |    Inf | unknown
 1519s|  1100 |  1101 |  2056k|1830.8 |   276M |  37 |1502 | 501 |1422 |  12k|  2 |   0 | 563 |-2.458674e+01 | 0.000000e+00 |    Inf | unknown
 1607s|  1200 |  1201 |  2193k|1792.3 |   277M |  37 |1502 | 501 |1381 |  13k|  5 |   0 | 563 |-2.458674e+01 | 0.000000e+00 |    Inf | unknown
 1699s|  1300 |  1301 |  2345k|1771.5 |   279M |  37 |1502 | 501 |1392 |  14k|  2 |   0 | 564 |-2.458674e+01 | 0.000000e+00 |    Inf | unknown
 1777s|  1400 |  1401 |  2474k|1737.4 |   280M |  37 |1502 | 501 |1378 |  15k|  2 |   0 | 566 |-2.458674e+01 | 0.000000e+00 |    Inf | unknown
 1859s|  1500 |  1501 |  2599k|1704.8 |   281M |  37 |1502 | 501 |1308 |  16k|  2 |   0 | 574 |-2.458674e+01 | 0.000000e+00 |    Inf | unknown
 1956s|  1600 |  1601 |  2763k|1700.3 |   282M |  37 |1502 | 501 |1389 |  18k|  2 |   0 | 576 |-2.458674e+01 | 0.000000e+00 |    Inf | unknown
 2042s|  1700 |  1701 |  2908k|1686.0 |   284M |  45 |1502 | 501 |1381 |  19k|  2 |   0 | 583 |-2.458674e+01 | 0.000000e+00 |    Inf | unknown
 2120s|  1800 |  1801 |  3030k|1659.7 |   284M |  45 |1502 | 501 |1440 |  20k|  2 |   0 | 585 |-2.458623e+01 | 0.000000e+00 |    Inf | unknown
 2197s|  1900 |  1901 |  3150k|1635.6 |   285M |  45 |1502 | 501 |1390 |  21k|  2 |   0 | 594 |-2.458615e+01 | 0.000000e+00 |    Inf | unknown
 2289s|  2000 |  2001 |  3306k|1631.9 |   286M |  45 |1502 | 501 |1524 |  22k|  2 |   0 | 599 |-2.458615e+01 | 0.000000e+00 |    Inf | unknown
 2374s|  2100 |  2101 |  3444k|1620.0 |   287M |  45 |1502 | 501 |1338 |  23k|  2 |   0 | 605 |-2.458554e+01 | 0.000000e+00 |    Inf | unknown
 2480s|  2200 |  2201 |  3617k|1624.9 |   290M |  45 |1502 | 501 |1323 |  25k|  2 |   0 | 615 |-2.458554e+01 | 0.000000e+00 |    Inf | unknown
 2589s|  2300 |  2301 |  3812k|1639.1 |   291M |  45 |1502 | 501 |1373 |  26k|  2 |   0 | 621 |-2.458554e+01 | 0.000000e+00 |    Inf | unknown
 time | node  | left  |LP iter|LP it/n|mem/heur|mdpt |vars |cons |rows |cuts |sepa|confs|strbr|  dualbound   | primalbound  |  gap   | compl. 
 2708s|  2400 |  2401 |  3993k|1646.0 |   291M |  53 |1502 | 504 |1421 |  28k|  2 |   4 | 644 |-2.458554e+01 | 0.000000e+00 |    Inf | unknown
 2823s|  2500 |  2501 |  4183k|1656.5 |   293M |  53 |1502 | 508 |1529 |  29k|  2 |   8 | 649 |-2.458501e+01 | 0.000000e+00 |    Inf | unknown
 2943s|  2600 |  2601 |  4378k|1667.7 |   295M |  53 |1502 | 512 |1349 |  30k|  2 |  14 | 667 |-2.458486e+01 | 0.000000e+00 |    Inf | unknown
 3065s|  2700 |  2701 |  4564k|1674.9 |   297M |  59 |1502 | 508 |1457 |  31k|  4 |  16 | 686 |-2.458419e+01 | 0.000000e+00 |    Inf | unknown
 3201s|  2800 |  2801 |  4775k|1690.4 |   298M |  59 |1502 | 508 |1529 |  33k|  2 |  20 | 704 |-2.458419e+01 | 0.000000e+00 |    Inf | unknown
 3327s|  2900 |  2901 |  5005k|1711.3 |   300M |  59 |1502 | 506 |1354 |  33k|  4 |  23 | 720 |-2.458419e+01 | 0.000000e+00 |    Inf | unknown
 3445s|  3000 |  3001 |  5178k|1712.1 |   302M |  63 |1502 | 504 |1281 |  35k|  2 |  23 | 728 |-2.458381e+01 | 0.000000e+00 |    Inf | unknown
 3549s|  3100 |  3101 |  5356k|1714.0 |   303M |  63 |1502 | 504 |1407 |  36k|  2 |  25 | 733 |-2.458381e+01 | 0.000000e+00 |    Inf | unknown
 3648s|  3200 |  3201 |  5518k|1711.3 |   304M |  63 |1502 | 503 |1370 |  37k|  2 |  26 | 755 |-2.458381e+01 | 0.000000e+00 |    Inf | unknown
 3744s|  3300 |  3301 |  5679k|1708.0 |   306M |  63 |1502 | 504 |1382 |  38k|  5 |  27 | 771 |-2.458377e+01 | 0.000000e+00 |    Inf | unknown
 3833s|  3400 |  3401 |  5842k|1705.8 |   306M |  63 |1502 | 503 |1363 |  39k|  2 |  27 | 774 |-2.458377e+01 | 0.000000e+00 |    Inf | unknown
 3927s|  3500 |  3501 |  6002k|1702.7 |   308M |  63 |1502 | 503 |1368 |  40k|  2 |  29 | 787 |-2.458377e+01 | 0.000000e+00 |    Inf | unknown
 4002s|  3600 |  3601 |  6132k|1691.7 |   309M |  63 |1502 | 504 |1403 |  41k|  2 |  31 | 790 |-2.458361e+01 | 0.000000e+00 |    Inf | unknown
 4086s|  3700 |  3701 |  6269k|1682.8 |   310M |  63 |1502 | 506 |1417 |  42k|  2 |  33 | 793 |-2.458361e+01 | 0.000000e+00 |    Inf | unknown
 4166s|  3800 |  3801 |  6402k|1673.7 |   311M |  63 |1502 | 503 |1358 |  43k|  2 |  33 | 803 |-2.458361e+01 | 0.000000e+00 |    Inf | unknown
 time | node  | left  |LP iter|LP it/n|mem/heur|mdpt |vars |cons |rows |cuts |sepa|confs|strbr|  dualbound   | primalbound  |  gap   | compl. 
 4253s|  3900 |  3901 |  6549k|1668.5 |   312M |  63 |1502 | 507 |1322 |  44k|  2 |  37 | 803 |-2.458361e+01 | 0.000000e+00 |    Inf | unknown
 4362s|  4000 |  4001 |  6746k|1676.1 |   314M |  63 |1502 | 507 |1363 |  45k|  2 |  39 | 818 |-2.458283e+01 | 0.000000e+00 |    Inf | unknown
 4442s|  4100 |  4101 |  6886k|1669.3 |   316M |  63 |1502 | 507 |1464 |  46k|  2 |  41 | 819 |-2.458283e+01 | 0.000000e+00 |    Inf | unknown
 4523s|  4200 |  4201 |  7034k|1664.8 |   316M |  65 |1502 | 505 |1418 |  47k|  2 |  41 | 822 |-2.458283e+01 | 0.000000e+00 |    Inf | unknown
 4603s|  4300 |  4301 |  7170k|1657.7 |   317M |  65 |1502 | 503 |1395 |  48k|  2 |  41 | 829 |-2.458283e+01 | 0.000000e+00 |    Inf | unknown
 4677s|  4400 |  4401 |  7285k|1646.1 |   317M |  65 |1502 | 501 |1291 |  49k|  2 |  41 | 829 |-2.458283e+01 | 0.000000e+00 |    Inf | unknown
 4777s|  4500 |  4501 |  7458k|1648.0 |   319M |  65 |1502 | 502 |1348 |  50k|  4 |  42 | 846 |-2.458283e+01 | 0.000000e+00 |    Inf | unknown
 4868s|  4600 |  4601 |  7629k|1649.3 |   319M |  65 |1502 | 503 |1394 |  51k|  2 |  43 | 847 |-2.458283e+01 | 0.000000e+00 |    Inf | unknown
 4956s|  4700 |  4701 |  7776k|1645.5 |   320M |  65 |1502 | 503 |1374 |  52k|  4 |  44 | 852 |-2.458283e+01 | 0.000000e+00 |    Inf | unknown
 5051s|  4800 |  4801 |  7951k|1647.8 |   321M |  65 |1502 | 503 |1487 |  53k|  2 |  45 | 862 |-2.458283e+01 | 0.000000e+00 |    Inf | unknown
 5134s|  4900 |  4901 |  8091k|1642.6 |   322M |  65 |1502 | 503 |1432 |  54k|  2 |  45 | 868 |-2.458228e+01 | 0.000000e+00 |    Inf | unknown
 5231s|  5000 |  5001 |  8249k|1641.3 |   324M |  65 |1502 | 502 |1515 |  55k|  2 |  45 | 876 |-2.458171e+01 | 0.000000e+00 |    Inf | unknown
 5318s|  5100 |  5101 |  8400k|1638.7 |   325M |  65 |1502 | 503 |1436 |  57k|  2 |  46 | 886 |-2.458171e+01 | 0.000000e+00 |    Inf | unknown
 5435s|  5200 |  5201 |  8620k|1649.5 |   326M |  65 |1502 | 503 |1613 |  58k|  2 |  47 | 888 |-2.458164e+01 | 0.000000e+00 |    Inf | unknown
 5538s|  5300 |  5301 |  8800k|1652.5 |   326M |  65 |1502 | 502 |1545 |  59k|  2 |  47 | 901 |-2.458164e+01 | 0.000000e+00 |    Inf | unknown
 time | node  | left  |LP iter|LP it/n|mem/heur|mdpt |vars |cons |rows |cuts |sepa|confs|strbr|  dualbound   | primalbound  |  gap   | compl. 
 5630s|  5400 |  5401 |  8962k|1651.8 |   327M |  65 |1502 | 503 |1440 |  60k|  2 |  49 | 906 |-2.458117e+01 | 0.000000e+00 |    Inf | unknown
 5744s|  5500 |  5501 |  9180k|1661.5 |   328M |  65 |1502 | 504 |1490 |  62k|  2 |  50 | 911 |-2.458048e+01 | 0.000000e+00 |    Inf | unknown
 5827s|  5600 |  5601 |  9314k|1655.6 |   329M |  65 |1502 | 502 |1425 |  63k|  2 |  50 | 919 |-2.458048e+01 | 0.000000e+00 |    Inf | unknown
 5930s|  5700 |  5701 |  9509k|1660.9 |   330M |  65 |1502 | 502 |1341 |  64k|  2 |  51 | 921 |-2.457958e+01 | 0.000000e+00 |    Inf | unknown
 6051s|  5800 |  5801 |  9719k|1668.5 |   331M |  65 |1502 | 502 |1462 |  65k|  2 |  51 | 932 |-2.457958e+01 | 0.000000e+00 |    Inf | unknown
 6146s|  5900 |  5901 |  9877k|1667.0 |   332M |  65 |1502 | 501 |1378 |  67k|  2 |  51 | 934 |-2.457944e+01 | 0.000000e+00 |    Inf | unknown
 6258s|  6000 |  6001 | 10086k|1673.9 |   333M |  65 |1502 | 503 |1349 |  68k|  2 |  53 | 943 |-2.457741e+01 | 0.000000e+00 |    Inf | unknown
 6369s|  6100 |  6101 | 10296k|1681.0 |   333M |  65 |1502 | 503 |1312 |  69k|  2 |  55 | 948 |-2.457741e+01 | 0.000000e+00 |    Inf | unknown
 6471s|  6200 |  6201 | 10475k|1682.6 |   334M |  65 |1502 | 503 |1396 |  70k|  3 |  55 | 952 |-2.457686e+01 | 0.000000e+00 |    Inf | unknown
 6582s|  6300 |  6301 | 10674k|1687.6 |   334M |  65 |1502 | 503 |1402 |  72k|  4 |  57 | 960 |-2.457686e+01 | 0.000000e+00 |    Inf | unknown
 6705s|  6400 |  6401 | 10913k|1698.5 |   336M |  65 |1502 | 503 |1352 |  73k|  4 |  58 | 963 |-2.457599e+01 | 0.000000e+00 |    Inf | unknown
 6802s|  6500 |  6501 | 11059k|1694.9 |   336M |  69 |1502 | 503 |1560 |  75k|  3 |  58 | 978 |-2.457522e+01 | 0.000000e+00 |    Inf | unknown
 6901s|  6600 |  6601 | 11243k|1697.1 |   338M |  69 |1502 | 502 |1503 |  76k|  3 |  59 | 978 |-2.457522e+01 | 0.000000e+00 |    Inf | unknown
 7007s|  6700 |  6701 | 11439k|1701.1 |   339M |  69 |1502 | 501 |1369 |  77k|  2 |  59 | 984 |-2.457505e+01 | 0.000000e+00 |    Inf | unknown
 7114s|  6800 |  6801 | 11621k|1702.8 |   340M |  69 |1502 | 501 |1394 |  78k|  2 |  59 | 990 |-2.457505e+01 | 0.000000e+00 |    Inf | unknown
 time | node  | left  |LP iter|LP it/n|mem/heur|mdpt |vars |cons |rows |cuts |sepa|confs|strbr|  dualbound   | primalbound  |  gap   | compl. 
 7206s|  6900 |  6901 | 11784k|1701.8 |   340M |  69 |1502 | 504 |1541 |  80k|  2 |  62 | 994 |-2.457484e+01 | 0.000000e+00 |    Inf | unknown
 7304s|  7000 |  7001 | 11965k|1703.3 |   340M |  69 |1502 | 505 |1476 |  81k|  2 |  63 |1002 |-2.457484e+01 | 0.000000e+00 |    Inf | unknown
 7409s|  7100 |  7101 | 12141k|1704.0 |   341M |  69 |1502 | 504 |1499 |  82k|  2 |  63 |1008 |-2.457478e+01 | 0.000000e+00 |    Inf | unknown
 7514s|  7200 |  7201 | 12328k|1706.4 |   343M |  69 |1502 | 503 |1344 |  83k|  2 |  64 |1011 |-2.457478e+01 | 0.000000e+00 |    Inf | unknown
 7629s|  7300 |  7301 | 12546k|1712.8 |   343M |  69 |1502 | 503 |1455 |  85k|  2 |  65 |1019 |-2.457478e+01 | 0.000000e+00 |    Inf | unknown
 7710s|  7400 |  7401 | 12686k|1708.6 |   344M |  69 |1502 | 502 |1516 |  86k|  2 |  65 |1019 |-2.457478e+01 | 0.000000e+00 |    Inf | unknown
 7804s|  7500 |  7501 | 12851k|1707.9 |   345M |  69 |1502 | 502 |1362 |  87k|  2 |  66 |1024 |-2.457478e+01 | 0.000000e+00 |    Inf | unknown
 7920s|  7600 |  7601 | 13064k|1713.4 |   346M |  69 |1502 | 503 |1451 |  88k|  4 |  67 |1028 |-2.457478e+01 | 0.000000e+00 |    Inf | unknown
 8031s|  7700 |  7701 | 13252k|1715.6 |   348M |  69 |1502 | 502 |1297 |  89k|  2 |  67 |1031 |-2.457478e+01 | 0.000000e+00 |    Inf | unknown
 8121s|  7800 |  7801 | 13411k|1714.0 |   348M |  69 |1502 | 504 |1537 |  91k|  2 |  69 |1038 |-2.457478e+01 | 0.000000e+00 |    Inf | unknown
 8255s|  7900 |  7901 | 13664k|1724.3 |   349M |  69 |1502 | 505 |1502 |  92k|  3 |  71 |1038 |-2.457478e+01 | 0.000000e+00 |    Inf | unknown
 8351s|  8000 |  8001 | 13826k|1722.9 |   349M |  69 |1502 | 503 |1434 |  93k|  2 |  71 |1045 |-2.457478e+01 | 0.000000e+00 |    Inf | unknown
 8463s|  8100 |  8101 | 14036k|1727.6 |   351M |  69 |1502 | 503 |1372 |  95k|  3 |  72 |1049 |-2.457478e+01 | 0.000000e+00 |    Inf | unknown
 8554s|  8200 |  8201 | 14205k|1727.1 |   351M |  73 |1502 | 503 |1535 |  96k|  2 |  73 |1052 |-2.457478e+01 | 0.000000e+00 |    Inf | unknown
 8672s|  8300 |  8301 | 14424k|1732.8 |   352M |  77 |1502 | 502 |1449 |  97k|  4 |  73 |1059 |-2.457478e+01 | 0.000000e+00 |    Inf | unknown
 time | node  | left  |LP iter|LP it/n|mem/heur|mdpt |vars |cons |rows |cuts |sepa|confs|strbr|  dualbound   | primalbound  |  gap   | compl. 
 8753s|  8400 |  8401 | 14567k|1729.1 |   353M |  77 |1502 | 503 |1547 |  98k|  4 |  74 |1059 |-2.457478e+01 | 0.000000e+00 |    Inf | unknown
 8886s|  8500 |  8501 | 14817k|1738.3 |   353M |  77 |1502 | 503 |1498 | 100k|  2 |  75 |1068 |-2.457478e+01 | 0.000000e+00 |    Inf | unknown
 8985s|  8600 |  8601 | 15004k|1739.8 |   355M |  77 |1502 | 503 |1536 | 101k|  2 |  76 |1069 |-2.457478e+01 | 0.000000e+00 |    Inf | unknown
 9098s|  8700 |  8701 | 15206k|1742.9 |   355M |  77 |1502 | 503 |1368 | 102k|  2 |  76 |1077 |-2.457478e+01 | 0.000000e+00 |    Inf | unknown
 9207s|  8800 |  8801 | 15412k|1746.6 |   355M |  77 |1502 | 503 |1591 | 104k|  2 |  78 |1084 |-2.457478e+01 | 0.000000e+00 |    Inf | unknown
 9323s|  8900 |  8901 | 15631k|1751.6 |   356M |  77 |1502 | 502 |1408 | 105k|  2 |  79 |1084 |-2.457478e+01 | 0.000000e+00 |    Inf | unknown
 9416s|  9000 |  9001 | 15789k|1749.7 |   357M |  77 |1502 | 502 |1572 | 106k|  2 |  79 |1092 |-2.457478e+01 | 0.000000e+00 |    Inf | unknown
 9513s|  9100 |  9101 | 15972k|1750.5 |   360M |  77 |1502 | 502 |1423 | 107k|  2 |  80 |1094 |-2.457478e+01 | 0.000000e+00 |    Inf | unknown
 9617s|  9200 |  9201 | 16156k|1751.5 |   360M |  77 |1502 | 503 |1590 | 109k|  4 |  81 |1095 |-2.457478e+01 | 0.000000e+00 |    Inf | unknown
 9736s|  9300 |  9301 | 16374k|1756.2 |   361M |  77 |1502 | 502 |1464 | 110k|  2 |  81 |1101 |-2.457478e+01 | 0.000000e+00 |    Inf | unknown
 9826s|  9400 |  9401 | 16530k|1754.1 |   362M |  77 |1502 | 502 |1627 | 111k|  2 |  81 |1103 |-2.457478e+01 | 0.000000e+00 |    Inf | unknown
 9919s|  9500 |  9501 | 16700k|1753.4 |   363M |  77 |1502 | 503 |1436 | 112k|  2 |  83 |1108 |-2.457478e+01 | 0.000000e+00 |    Inf | unknown
  167m|  9600 |  9601 | 16872k|1753.1 |   364M |  77 |1502 | 505 |1539 | 113k|  2 |  85 |1112 |-2.457478e+01 | 0.000000e+00 |    Inf | unknown
  169m|  9700 |  9701 | 17061k|1754.5 |   364M |  77 |1502 | 504 |1434 | 115k|  2 |  85 |1113 |-2.457478e+01 | 0.000000e+00 |    Inf | unknown
  170m|  9800 |  9801 | 17235k|1754.4 |   365M |  77 |1502 | 505 |1627 | 116k|  4 |  89 |1121 |-2.457478e+01 | 0.000000e+00 |    Inf | unknown
 time | node  | left  |LP iter|LP it/n|mem/heur|mdpt |vars |cons |rows |cuts |sepa|confs|strbr|  dualbound   | primalbound  |  gap   | compl. 
  172m|  9900 |  9901 | 17401k|1753.5 |   366M |  77 |1502 | 505 |1404 | 117k|  2 |  89 |1123 |-2.457478e+01 | 0.000000e+00 |    Inf | unknown
  173m| 10000 | 10001 | 17575k|1753.3 |   366M |  77 |1502 | 503 |1568 | 118k|  4 |  89 |1124 |-2.457478e+01 | 0.000000e+00 |    Inf | unknown
  175m| 10100 | 10101 | 17734k|1751.7 |   367M |  77 |1502 | 502 |1434 | 119k|  2 |  90 |1130 |-2.457478e+01 | 0.000000e+00 |    Inf | unknown
  176m| 10200 | 10201 | 17918k|1752.6 |   367M |  77 |1502 | 502 |1587 | 120k|  2 |  90 |1133 |-2.457478e+01 | 0.000000e+00 |    Inf | unknown
  179m| 10300 | 10301 | 18154k|1758.4 |   368M |  77 |1502 | 502 |1552 | 122k|  2 |  91 |1134 |-2.457407e+01 | 0.000000e+00 |    Inf | unknown

SCIP Status        : solving was interrupted [time limit reached]
Solving Time (sec) : 10800.03
Solving Nodes      : 10370
Primal Bound       : +0.00000000000000e+00 (1 solutions)
Dual Bound         : -2.45738179606812e+01
Gap                : infinite

