Solver command line: ['/cvmfs/soft.computecanada.ca/easybuild/software/2023/x86-64-v4/Compiler/gcc12/scipoptsuite/9.0.0/bin/scip', '/tmp/tmp_f_mdgy2.pyomo', '-AMPL']

SCIP version 9.0.0 [precision: 8 byte] [memory: block] [mode: optimized] [LP solver: Soplex 7.0.0] [GitHash: 7205bedd94]
Copyright (c) 2002-2024 Zuse Institute Berlin (ZIB)

External libraries: 
  Readline 8.1         GNU library for command line editing (gnu.org/s/readline)
  Soplex 7.0.0         Linear Programming Solver developed at Zuse Institute Berlin (soplex.zib.de) [GitHash: 6657fb3b]
  CppAD 20180000.0     Algorithmic Differentiation of C++ algorithms developed by B. Bell (github.com/coin-or/CppAD)
  ZLIB 1.2.13          General purpose compression library by J. Gailly and M. Adler (zlib.net)
  GMP 6.2.1            GNU Multiple Precision Arithmetic Library developed by T. Granlund (gmplib.org)
  ZIMPL 3.5.3          Zuse Institute Mathematical Programming Language developed by T. Koch (zimpl.zib.de)
  AMPL/MP 690e9e7      AMPL .nl file reader library (github.com/ampl/mp)
  PaPILO 2.2.0         parallel presolve for integer and linear optimization (github.com/scipopt/papilo) (built with TBB) [GitHash: df30ae49]
  bliss 0.77           Computing Graph Automorphisms by T. Junttila and P. Kaski (users.aalto.fi/~tjunttil/bliss)
  sassy 1.1            Symmetry preprocessor by Markus Anders (github.com/markusa4/sassy)
  Ipopt 3.14.14        Interior Point Optimizer developed by A. Waechter et.al. (github.com/coin-or/Ipopt)

reading user parameter file <scip.set>
===========================

limits/time = 10800

read problem </tmp/tmp_f_mdgy2.pyomo.nl>
============

original problem has 501 variables (0 bin, 500 int, 0 impl, 1 cont) and 501 constraints

solve problem
=============

  [linear] <lc107>:  -0.00486438385<i0>[I] (+3) +0.17398163<i1>[I] (+4) -0.0176007232<i2>[I] (-6) -0.00705725684<i3>[I] (-1) +0.0700098207<i4>[I] (-1) +0.242386614<i5>[I] (-2) +0.0213770043<i6>[I] (+4) -0.0909214362<i7>[I] (-2) +0.114369057<i8>[I] (-10) +0.0461659625<i9>[I] (-1) +0.0827454527<i10>[I] (-2) -0.152142652<i11>[I] (+3) -0.153102947<i12>[I] (+5) +0.00615774029<i13>[I] (-1) -0.0484854652<i14>[I] (-2) +0.0273107033<i15>[I] (-1) -0.0573190465<i16>[I] (+4) -0.160294731<i17>[I] (-1) +0.0970047141<i18>[I] (-1) +0.150534043<i19>[I] (+4) +0.136879168<i20>[I] (-2) -0.0610323066<i21>[I] (+4) -0.182125346<i22>[I] (+4) +0.124856862<i23>[I] (+0) -0.0795703104<i24>[I] (-1) +0.227649601<i25>[I] (-2) -0.164276188<i26>[I] (-3) -0.0663537202<i27>[I] (-2) -0.0157387125<i28>[I] (-7) +0.045574952<i29>[I] (-2) +0.0226335462<i30>[I] (-2) -0.033801463<i31>[I] (+3) -0.1108509<i32>[I] (+1) -0.0375204789<i33>[I] (+5) +0.0631353844<i34>[I] (-1) -0.0201229989<i35>[I] (-1) +0.135149342<i36>[I] (-1) +0.00334661495<i37>[I] (-6) -0.208944761<i38>[I] (-1) -0.0912591793<i39>[I] (-1) -0.0714654882<i40>[I] (+1) -0.0223457223<i41>[I] (+7) -0.00793860889<i42>[I] (-2) +0.0701506538<i43>[I] (-2) -0.152651357<i44>[I] (-1) -0.0276099261<i45>[I] (+5) +0.258587075<i46>[I] (-1) +0.156548905<i47>[I] (-1) -0.191692348<i48>[I] (+0) -0.00327538358<i49>[I] (-2) +0.0272242091<i50>[I] (-1) +0.214651293<i51>[I] (-1) -0.0265155402<i52>[I] (+5) -0.000222039618<i53>[I] (+0) +0.0445223672<i54>[I] (-2) +0.0628655091<i55>[I] (+4) +0.16499701<i56>[I] (-1) +0.0592177633<i57>[I] (+5) -0.00295909767<i58>[I] (+4) -0.0487050887<i59>[I] (-1) -0.115190653<i60>[I] (-2) -0.0566780304<i61>[I] (+0) +0.129182259<i62>[I] (-1) -0.0447593547<i63>[I] (-1) +0.0120179439<i64>[I] (-1) +0.031492614<i65>[I] (+0) -0.00156507835<i66>[I] (-2) -0.0230347965<i67>[I] (+0) -0.043018597<i68>[I] (+0) +0.0297991262<i69>[I] (-1) -0.134370771<i70>[I] (-2) +0.171169616<i71>[I] (+3) +0.0715041218<i72>[I] (-1) -0.114826685<i73>[I] (-6) -0.167346067<i74>[I] (-1) +0.0150686922<i75>[I] (+5) +0.0570234344<i76>[I] (-1) +0.0214689268<i77>[I] (-1) -0.110254532<i78>[I] (-1) +0.0341044212<i79>[I] (-1) -0.0178753572<i80>[I] (+5) +0.0657859715<i81>[I] (-1) +0.0462506202<i82>[I] (+2) -0.0426427462<i83>[I] (-1) -0.141007096<i84>[I] (-2) +0.0403692208<i85>[I] (-1) +0.0420190776<i86>[I] (+3) +0.0746942951<i87>[I] (+5) -0.058965705<i88>[I] (-1) -0.0253725413<i89>[I] (-2) -0.0671547199<i90>[I] (+1) -0.0361637869<i91>[I] (-2) +0.0526237129<i92>[I] (-1) -0.0096394638<i93>[I] (+4) +0.0448914303<i94>[I] (+4) +0.0579158877<i95>[I] (+3) +0.0414846056<i96>[I] (-3) +0.00862976606<i97>[I] (+3) -0.149438883<i98>[I] (-2) +0.216016095<i99>[I] (-1) +0.104666941<i100>[I] (-1) -0.0683205266<i101>[I] (+4) +0.0173533528<i102>[I] (-2) -0.00406754376<i103>[I] (-1) +0.081189344<i104>[I] (+4) -0.0848033804<i105>[I] (-8) +0.10537053<i106>[I] (+4) +0.0601710236<i107>[I] (-1) -0.149364746<i108>[I] (-2) +0.0423707382<i109>[I] (-4) +0.0851455458<i110>[I] (+4) -0.00538492506<i111>[I] (+1) +0.060441189<i112>[I] (-1) -0.0266398112<i113>[I] (+5) -0.00354626887<i114>[I] (+4) -0.053289437<i115>[I] (+0) -0.0728751763<i116>[I] (-2) -0.149720154<i117>[I] (+4) -0.0523867173<i118>[I] (-1) -0.027509739<i119>[I] (-2) -0.155320874<i120>[I] (-1) +0.177987017<i121>[I] (+4) +0.0100572638<i122>[I] (+5) +0.0411096319<i123>[I] (-2) -0.0427734508<i124>[I] (-1) +0.0248318025<i125>[I] (-3) +0.0239884218<i126>[I] (-2) -0.0121155674<i127>[I] (+4) +0.0871568011<i128>[I] (-2) -0.0711945572<i129>[I] (-1) -0.089627626<i130>[I] (-1) +0.0483514463<i131>[I] (+5) +0.0147593418<i132>[I] (-4) -0.0773710865<i133>[I] (-1) +0.0228202199<i134>[I] (-2) -0.128936247<i135>[I] (-1) +0.105143387<i136>[I] (-2) +0.161983367<i137>[I] (-7) -0.0593724618<i138>[I] (-5) +0.0134950934<i139>[I] (-1) +0.153270162<i140>[I] (+6) +0.0840237832<i141>[I] (-1) +0.121351522<i142>[I] (-2) +0.218079446<i143>[I] (-1) +0.124761058<i144>[I] (+1) -0.0377713755<i145>[I] (-2) -0.110959985<i146>[I] (+3) -0.0227722052<i147>[I] (-1) -0.325067156<i148>[I] (-1) +0.113900777<i149>[I] (-1) +0.0331974485<i150>[I] (-1) +0.104077531<i151>[I] (-8) +0.0223525256<i152>[I] (-2) -0.0512749052<i153>[I] (+0) -0.122762029<i154>[I] (+6) -0.0126090729<i155>[I] (-1) -0.122919514<i156>[I] (-7) -0.0751719227<i157>[I] (-2) -0.146813522<i158>[I] (+0) +0.0457421353<i159>[I] (-1) -0.0377632089<i160>[I] (+4) +0.119131737<i161>[I] (-1) -0.0940623161<i162>[I] (-1) +0.00883005883<i163>[I] (+1) -0.014377061<i164>[I] (-1) -0.00687493622<i165>[I] (+4) +0.0627079438<i166>[I] (+4) +0.0931402044<i167>[I] (-7) +0.0981189627<i168>[I] (+0) -0.0435100598<i169>[I] (-1) -0.0599384549<i170>[I] (-1) -0.0391604993<i171>[I] (+3) +0.0638272928<i172>[I] (-1) -0.020004566<i173>[I] (-2) -0.000393147744<i174>[I] (-8) +0.127222008<i175>[I] (-2) -0.155223818<i176>[I] (-2) +0.0228358346<i177>[I] (+1) +0.130271841<i178>[I] (+5) +0.116557195<i179>[I] (-2) -0.00563606643<i180>[I] (-1) +0.000397107879<i181>[I] (-1) -0.0953737044<i182>[I] (-1) -0.10125115<i183>[I] (+4) -0.184558947<i184>[I] (-1) -0.0269355381<i185>[I] (-2) +0.183206772<i186>[I] (+4) -0.108381624<i187>[I] (-1) +0.0640017482<i188>[I] (-7) -0.0616949843<i189>[I] (+4) -0.0162727719<i190>[I] (-2) -0.15197555<i191>[I] (+4) -0.0302341542<i192>[I] (+4) +0.00457318434<i193>[I] (-2) -0.0287175798<i194>[I] (-2) -0.0531584165<i195>[I] (-1) +0.0096233769<i196>[I] (+0) -0.108703318<i197>[I] (-2) +0.0712588594<i198>[I] (-1) +0.141864339<i199>[I] (+5) +0.0333096083<i200>[I] (-2) -0.00985376662<i201>[I] (-1) +0.16955044<i202>[I] (-1) +0.0195394952<i203>[I] (-1) -0.128787659<i204>[I] (-2) -0.186804321<i205>[I] (-2) +0.153357748<i206>[I] (-1) -0.182348965<i207>[I] (+4) -0.0243623568<i208>[I] (-1) +0.0730298968<i209>[I] (+5) -0.0126439763<i210>[I] (+1) -0.0828745287<i211>[I] (+4) +0.0550078164<i212>[I] (+4) -0.0653847576<i213>[I] (+4) -0.00831445447<i214>[I] (-2) -0.0294697162<i215>[I] (+5) +0.0912642027<i216>[I] (+5) +0.100719133<i217>[I] (+5) +0.0839333281<i218>[I] (-2) -0.0443181951<i219>[I] (-2) -0.0960902803<i220>[I] (-1) +0.0927783443<i221>[I] (+4) -0.00436193859<i222>[I] (+0) +0.0453135763<i223>[I] (-1) -0.0281920855<i224>[I] (-1) -0.0014072558<i225>[I] (-1) +0.0301810576<i226>[I] (-2) -0.154600695<i227>[I] (+1) +0.00976379645<i228>[I] (-2) -0.111631458<i229>[I] (-1) -0.0334442007<i230>[I] (+5) +0.00445049319<i231>[I] (-1) -0.0860468823<i232>[I] (-2) +0.0898408669<i233>[I] (-2) +0.0173177437<i234>[I] (-2) +0.108642046<i235>[I] (-3) +0.0208596761<i236>[I] (-1) -0.0856736869<i237>[I] (-1) -0.0485886254<i238>[I] (-1) -0.117182252<i239>[I] (-1) +0.00323038569<i240>[I] (+0) +0.0391267122<i241>[I] (+4) +0.0163807022<i242>[I] (+4) -0.062617474<i243>[I] (+4) -0.0479918021<i244>[I] (+5) -0.243422798<i245>[I] (-1) -0.0261276203<i246>[I] (+1) +0.0614207244<i247>[I] (-2) +0.0595077057<i248>[I] (-2) -0.160207123<i249>[I] (-2) +0.022703673<i250>[I] (-2) -0.0713164487<i251>[I] (-1) -0.04212138<i252>[I] (+5) -0.0663903582<i253>[I] (-1) +0.139648876<i254>[I] (-2) -0.0703827305<i255>[I] (-1) -0.0177461251<i256>[I] (+0) -0.010938077<i257>[I] (-2) -0.195975386<i258>[I] (-1) +0.00739193637<i259>[I] (+4) +0.16768334<i260>[I] (-1) -0.00197750157<i261>[I] (-1) +0.050415914<i262>[I] (-1) -0.0618428062<i263>[I] (-2) -0.129677996<i264>[I] (-2) -0.000647785301<i265>[I] (-2) -0.020402323<i266>[I] (-2) -0.146509659<i267>[I] (-1) -0.0887606768<i268>[I] (-2) +0.0916829957<i269>[I] (+5) -0.0370623289<i270>[I] (+0) -0.160313221<i271>[I] (+5) +0.068836351<i272>[I] (-2) -0.0319157893<i273>[I] (+0) -0.0531898583<i274>[I] (-2) -0.0902603255<i275>[I] (-2) -0.0596282614<i276>[I] (-7) -0.0325304898<i277>[I] (-2) +0.0360372412<i278>[I] (+3) +0.128575562<i279>[I] (+4) +0.0250288714<i280>[I] (+5) +0.26380504<i281>[I] (-1) -0.0721441028<i282>[I] (-1) +0.044685283<i283>[I] (-1) -0.0937960584<i284>[I] (-1) +0.0300647153<i285>[I] (-1) -0.120473158<i286>[I] (+4) -0.0724839913<i287>[I] (-2) +0.0278720272<i288>[I] (+0) -0.0621481594<i289>[I] (+0) -0.0840218049<i290>[I] (+0) +0.206527164<i291>[I] (+4) -0.0674081737<i292>[I] (+4) +0.0979244199<i293>[I] (-1) -0.062599125<i294>[I] (-1) +0.0966751114<i295>[I] (+5) -0.00825400165<i296>[I] (+4) +0.0547460607<i297>[I] (-1) -0.156255923<i298>[I] (+4) +0.02489061<i299>[I] (-2) +0.106485473<i300>[I] (-1) -0.0278928158<i301>[I] (-2) +0.0240267752<i302>[I] (-1) -0.0487483494<i303>[I] (+5) -0.0193324915<i304>[I] (+4) -0.1770206<i305>[I] (-1) +0.203037944<i306>[I] (-1) +0.0204404026<i307>[I] (+4) +0.0929222811<i308>[I] (-3) -0.0912018172<i309>[I] (-1) +0.0582834332<i310>[I] (+5) +0.227554398<i311>[I] (-3) -0.289519479<i312>[I] (-2) +0.00169184336<i313>[I] (+5) -0.131157006<i314>[I] (-1) -0.0301349566<i315>[I] (+4) +0.100357146<i316>[I] (-7) +0.107736148<i317>[I] (+4) +0.170650975<i318>[I] (+0) -0.0965869574<i319>[I] (-2) +0.0257886383<i320>[I] (-1) -0.126374435<i321>[I] (-5) -0.0587665431<i322>[I] (-1) -0.148728903<i323>[I] (+3) -0.0475716115<i324>[I] (+0) +0.138029012<i325>[I] (-7) +0.0459945095<i326>[I] (+4) +0.131671048<i327>[I] (-2) -0.053839259<i328>[I] (+5) +0.0816234055<i329>[I] (-1) +0.185259481<i330>[I] (+4) +0.0829551759<i331>[I] (+5) +0.07625731<i332>[I] (-1) +0.176648855<i333>[I] (-2) -0.0108053366<i334>[I] (-1) -0.109311411<i335>[I] (-1) +0.0110395924<i336>[I] (-2) +0.190822035<i337>[I] (-1) +0.057185892<i338>[I] (+0) +0.0274138324<i339>[I] (-2) +0.0906940049<i340>[I] (-2) +0.130780629<i341>[I] (+4) +0.0141955075<i342>[I] (-1) +0.271459574<i343>[I] (-1) -0.0237362479<i344>[I] (+5) -0.00412402428<i345>[I] (-3) -0.00366163964<i346>[I] (-1) +0.131429974<i347>[I] (+2) -0.126541867<i348>[I] (-2) +0.0378880508<i349>[I] (+2) -3.82953429e-06<i350>[I] (-1) +0.0731893773<i351>[I] (-2) +0.122052967<i352>[I] (-1) +0.0443052848<i353>[I] (-2) -0.015608776<i354>[I] (-1) +0.0343892768<i355>[I] (-7) -0.0520013872<i356>[I] (+5) +0.0507726592<i357>[I] (+0) +0.0916363535<i358>[I] (-8) -0.0220805559<i359>[I] (-1) +0.0100957883<i360>[I] (-1) -0.182826386<i361>[I] (-1) -0.179377202<i362>[I] (-1) +0.0649623862<i363>[I] (-1) +0.104625386<i364>[I] (-1) -0.0407261236<i365>[I] (+2) +0.164248458<i366>[I] (+3) +0.127746009<i367>[I] (+0) +0.00808289192<i368>[I] (+3) -0.00956643728<i369>[I] (-2) +0.0548690652<i370>[I] (-8) -0.0979425771<i371>[I] (+5) -0.0794568758<i372>[I] (-2) -0.145915969<i373>[I] (-8) -0.0806143639<i374>[I] (-1) -0.171770519<i375>[I] (-7) +0.0807845708<i376>[I] (+5) +0.0431527516<i377>[I] (+5) +0.0474538695<i378>[I] (-2) +0.165045549<i379>[I] (-2) +0.123168647<i380>[I] (-1) +0.0700179562<i381>[I] (+3) +0.0765293746<i382>[I] (-1) -0.218019907<i383>[I] (+0) +0.12087477<i384>[I] (-2) -0.000222045506<i385>[I] (-8) +0.1026567<i386>[I] (-1) +0.207268874<i387>[I] (-1) -0.0888843933<i388>[I] (-1) +0.223802697<i389>[I] (-7) +0.032379795<i390>[I] (-1) -0.00499709244<i391>[I] (-5) -0.00689052359<i392>[I] (+4) -0.000530125462<i393>[I] (-2) -0.0213714761<i394>[I] (+4) -0.0660869628<i395>[I] (+11) -0.0142115807<i396>[I] (+3) +0.0368793775<i397>[I] (-1) +0.109550842<i398>[I] (-1) -0.101617828<i399>[I] (-1) +0.12983461<i400>[I] (-7) -0.0453014152<i401>[I] (+5) +0.0313238085<i402>[I] (-3) -0.0947078602<i403>[I] (-1) -0.173865804<i404>[I] (+4) +0.0898270887<i405>[I] (+4) -0.0332457045<i406>[I] (-7) -0.10325481<i407>[I] (-2) -0.223854945<i408>[I] (+2) +0.104559756<i409>[I] (+4) +0.0723526118<i410>[I] (+4) +0.00348025481<i411>[I] (+4) +0.0685250806<i412>[I] (+4) -0.0191694193<i413>[I] (+3) +0.0782306128<i414>[I] (-3) -0.0972209546<i415>[I] (-1) +0.0471899088<i416>[I] (-3) +0.0100272576<i417>[I] (-2) +0.0842285271<i418>[I] (+5) -0.0221524442<i419>[I] (-1) +0.111887828<i420>[I] (-1) +0.251560968<i421>[I] (-4) +0.00589107008<i422>[I] (-2) +0.115297779<i423>[I] (+5) +0.0076585079<i424>[I] (+10) +0.00270302539<i425>[I] (-1) +0.0047315404<i426>[I] (-1) -0.0647576643<i427>[I] (-7) -0.047930155<i428>[I] (-2) -0.0908329819<i429>[I] (-2) +0.0900034738<i430>[I] (-2) +0.170592607<i431>[I] (-2) -0.00317675539<i432>[I] (+5) -0.19586225<i433>[I] (+5) +0.0467949015<i434>[I] (+1) -0.0191226106<i435>[I] (-2) +0.165295409<i436>[I] (-1) +0.0737483846<i437>[I] (-2) +0.00755762564<i438>[I] (+5) -0.0856518796<i439>[I] (-1) -0.105003087<i440>[I] (-2) +0.035073205<i441>[I] (-1) +0.0472964562<i442>[I] (-2) -0.0572987122<i443>[I] (+4) +0.0974087512<i444>[I] (+3) +0.0554941304<i445>[I] (-8) -0.0157559899<i446>[I] (+2) +0.0501228105<i447>[I] (-7) +0.0178475728<i448>[I] (+0) +0.00356368595<i449>[I] (+2) -0.104829328<i450>[I] (+0) +0.0802005053<i451>[I] (-2) +0.0757803512<i452>[I] (+4) +0.0945073618<i453>[I] (-8) -0.158879476<i454>[I] (-2) -0.0790379315<i455>[I] (-1) +0.0985838833<i456>[I] (-1) -0.0548625985<i457>[I] (-1) +0.05747736<i458>[I] (-2) -0.00536192717<i459>[I] (+1) -0.0792633543<i460>[I] (+3) +0.0288132365<i461>[I] (-7) +0.215082612<i462>[I] (+0) +0.0950815191<i463>[I] (-1) -0.123191865<i464>[I] (-1) +0.152270257<i465>[I] (-1) +0.271082171<i466>[I] (+0) -0.011381621<i467>[I] (+6) -0.0107250465<i468>[I] (-2) -0.149947838<i469>[I] (-1) -0.02896509<i470>[I] (-6) +0.0922331081<i471>[I] (+5) +0.146489547<i472>[I] (-2) -0.0241227709<i473>[I] (-1) +0.117927905<i474>[I] (+5) +0.107899805<i475>[I] (+5) +0.00633570043<i476>[I] (-1) +0.0448231537<i477>[I] (-1) +0.170437315<i478>[I] (+5) +0.150000558<i479>[I] (-1) +0.140866072<i480>[I] (-1) -0.0571867133<i481>[I] (-1) +0.104697848<i482>[I] (-1) -0.0514908043<i483>[I] (-8) +0.134726356<i484>[I] (+2) +0.0626827818<i485>[I] (+2) +0.0429872485<i486>[I] (-2) -0.126368177<i487>[I] (-3) +0.166761753<i488>[I] (+5) -0.000255667777<i489>[I] (+4) -0.0408831401<i490>[I] (+5) +0.0870384934<i491>[I] (-1) -0.0594719563<i492>[I] (-2) +0.0870153943<i493>[I] (-3) -0.0658096456<i494>[I] (-2) +0.140914413<i495>[I] (-2) +0.0177236138<i496>[I] (-6) +0.037102087<i497>[I] (+10) -0.0602746858<i498>[I] (-1) -0.0662318752<i499>[I] (+3) <= -0.991892039775848;
;
violation: right hand side is violated by 0.236468472579264
all 1 solutions given by solution candidate storage are infeasible

presolving:
   (0.1s) symmetry computation started: requiring (bin +, int +, cont +), (fixed: bin -, int -, cont -)
   (0.2s) no symmetry present (symcode time: 0.02)
presolving (1 rounds: 1 fast, 1 medium, 1 exhaustive):
 0 deleted vars, 0 deleted constraints, 0 added constraints, 1 tightened bounds, 0 added holes, 0 changed sides, 0 changed coefficients
 0 implications, 0 cliques
presolved problem has 501 variables (0 bin, 500 int, 0 impl, 1 cont) and 501 constraints
    500 constraints of type <linear>
      1 constraints of type <nonlinear>
Presolving Time: 0.18

 time | node  | left  |LP iter|LP it/n|mem/heur|mdpt |vars |cons |rows |cuts |sepa|confs|strbr|  dualbound   | primalbound  |  gap   | compl. 
  1.6s|     1 |     0 |   359 |     - |   138M |   0 |1502 | 501 |1501 |   0 |  0 |   0 |   0 |-2.477245e+01 |      --      |    Inf | unknown
  9.1s|     1 |     0 |  7405 |     - |   139M |   0 |1502 | 501 |1857 | 356 |  1 |   0 |   0 |-2.477245e+01 |      --      |    Inf | unknown
 18.6s|     1 |     0 | 18488 |     - |   155M |   0 |1502 | 501 |2234 | 733 |  2 |   0 |   0 |-2.472035e+01 |      --      |    Inf | unknown
 25.5s|     1 |     0 | 29231 |     - |   166M |   0 |1502 | 501 |2442 | 941 |  3 |   0 |   0 |-2.462886e+01 |      --      |    Inf | unknown
 30.1s|     1 |     0 | 36572 |     - |   176M |   0 |1502 | 501 |2496 | 995 |  4 |   0 |   0 |-2.460158e+01 |      --      |    Inf | unknown
 31.3s|     1 |     0 | 37201 |     - |   191M |   0 |1502 | 501 |2514 |1013 |  5 |   0 |   0 |-2.459953e+01 |      --      |    Inf | unknown
 32.3s|     1 |     0 | 37417 |     - |   208M |   0 |1502 | 501 |2522 |1021 |  6 |   0 |   0 |-2.459924e+01 |      --      |    Inf | unknown
 33.3s|     1 |     0 | 37581 |     - |   212M |   0 |1502 | 501 |2527 |1026 |  7 |   0 |   0 |-2.459913e+01 |      --      |    Inf | unknown
 34.3s|     1 |     0 | 37713 |     - |   224M |   0 |1502 | 501 |2530 |1029 |  8 |   0 |   0 |-2.459906e+01 |      --      |    Inf | unknown
 35.3s|     1 |     0 | 37846 |     - |   245M |   0 |1502 | 501 |2531 |1030 |  9 |   0 |   0 |-2.459901e+01 |      --      |    Inf | unknown
 36.2s|     1 |     0 | 37944 |     - |   253M |   0 |1502 | 501 |2532 |1031 | 10 |   0 |   0 |-2.459898e+01 |      --      |    Inf | unknown
 36.7s|     1 |     0 | 38085 |     - |   253M |   0 |1502 | 501 |1409 |1032 | 11 |   0 |   0 |-2.459892e+01 |      --      |    Inf | unknown
 37.2s|     1 |     0 | 38137 |     - |   253M |   0 |1502 | 501 |1410 |1033 | 12 |   0 |   0 |-2.459891e+01 |      --      |    Inf | unknown
 37.7s|     1 |     0 | 38152 |     - |   253M |   0 |1502 | 501 |1412 |1035 | 13 |   0 |   0 |-2.459891e+01 |      --      |    Inf | unknown
 38.3s|     1 |     0 | 38172 |     - |   254M |   0 |1502 | 501 |1413 |1036 | 14 |   0 |   0 |-2.459890e+01 |      --      |    Inf | unknown
 time | node  | left  |LP iter|LP it/n|mem/heur|mdpt |vars |cons |rows |cuts |sepa|confs|strbr|  dualbound   | primalbound  |  gap   | compl. 
 89.7s|     1 |     2 | 51435 |     - |   254M |   0 |1502 | 501 |1413 |1036 | 14 |   0 |  22 |-2.459841e+01 |      --      |    Inf | unknown
  327s|   100 |   101 |242101 |2059.9 |   263M |  17 |1502 | 501 |1203 |2411 |  2 |   0 | 311 |-2.459821e+01 |      --      |    Inf | unknown
  462s|   200 |   201 |405562 |1846.2 |   264M |  31 |1502 | 501 |1204 |3353 |  2 |   0 | 372 |-2.459821e+01 |      --      |    Inf | unknown
  560s|   300 |   301 |508597 |1573.3 |   266M |  33 |1502 | 501 |1301 |4322 |  2 |   0 | 432 |-2.458663e+01 |      --      |    Inf | unknown
  644s|   400 |   401 |633888 |1493.0 |   261M |  33 |1502 | 501 |1286 |5030 |  2 |   0 | 444 |-2.458455e+01 |      --      |    Inf | unknown
  717s|   500 |   501 |741173 |1408.8 |   259M |  35 |1502 | 501 |1289 |5833 |  2 |   0 | 458 |-2.458404e+01 |      --      |    Inf | unknown
  805s|   600 |   601 |819299 |1304.1 |   260M |  35 |1502 | 501 |1312 |6514 |  2 |   0 | 483 |-2.458404e+01 |      --      |    Inf | unknown
  877s|   700 |   701 |941330 |1292.1 |   261M |  35 |1502 | 501 |1247 |7389 |  2 |   0 | 486 |-2.458244e+01 |      --      |    Inf | unknown
 1007s|   800 |   801 |  1064k|1284.4 |   263M |  35 |1502 | 501 |1303 |8444 |  4 |   0 | 510 |-2.458244e+01 |      --      |    Inf | unknown
 1086s|   900 |   901 |  1189k|1280.5 |   264M |  39 |1502 | 501 |1259 |9480 |  2 |   0 | 522 |-2.458104e+01 |      --      |    Inf | unknown
 1159s|  1000 |  1001 |  1299k|1263.0 |   264M |  39 |1502 | 501 |1258 |  10k|  2 |   0 | 534 |-2.458104e+01 |      --      |    Inf | unknown
 1234s|  1100 |  1101 |  1419k|1256.9 |   265M |  53 |1502 | 501 |1326 |  11k|  2 |   0 | 550 |-2.458104e+01 |      --      |    Inf | unknown
 1294s|  1200 |  1201 |  1504k|1223.2 |   266M |  53 |1502 | 501 |1416 |  11k|  2 |   0 | 558 |-2.458104e+01 |      --      |    Inf | unknown
 1377s|  1300 |  1301 |  1653k|1243.3 |   267M |  53 |1502 | 501 |1359 |  12k|  2 |   0 | 561 |-2.458104e+01 |      --      |    Inf | unknown
 1450s|  1400 |  1401 |  1781k|1246.4 |   270M |  53 |1502 | 501 |1406 |  13k|  4 |   0 | 561 |-2.458104e+01 |      --      |    Inf | unknown
 time | node  | left  |LP iter|LP it/n|mem/heur|mdpt |vars |cons |rows |cuts |sepa|confs|strbr|  dualbound   | primalbound  |  gap   | compl. 
 1537s|  1500 |  1501 |  1933k|1264.5 |   271M |  53 |1502 | 501 |1325 |  14k|  2 |   0 | 564 |-2.458104e+01 |      --      |    Inf | unknown
 1604s|  1600 |  1601 |  2045k|1255.3 |   272M |  53 |1502 | 501 |1386 |  15k|  3 |   0 | 567 |-2.458087e+01 |      --      |    Inf | unknown
 1667s|  1700 |  1701 |  2145k|1240.1 |   272M |  53 |1502 | 501 |1329 |  16k|  2 |   0 | 569 |-2.458087e+01 |      --      |    Inf | unknown
 1770s|  1800 |  1801 |  2318k|1267.6 |   274M |  53 |1502 | 501 |1348 |  17k|  1 |   0 | 590 |-2.458087e+01 |      --      |    Inf | unknown
 1861s|  1900 |  1901 |  2466k|1278.5 |   276M |  53 |1502 | 501 |1441 |  18k|  2 |   0 | 605 |-2.458087e+01 |      --      |    Inf | unknown
 1953s|  2000 |  2001 |  2624k|1294.0 |   276M |  53 |1502 | 501 |1353 |  20k|  5 |   0 | 614 |-2.458087e+01 |      --      |    Inf | unknown
 2065s|  2100 |  2101 |  2810k|1321.0 |   277M |  53 |1502 | 501 |1498 |  21k|  2 |   0 | 641 |-2.458087e+01 |      --      |    Inf | unknown
 2162s|  2200 |  2201 |  2983k|1339.3 |   279M |  53 |1502 | 501 |1295 |  22k|  2 |   0 | 647 |-2.458087e+01 |      --      |    Inf | unknown
 2243s|  2300 |  2301 |  3114k|1338.2 |   282M |  53 |1502 | 501 |1437 |  23k|  3 |   0 | 664 |-2.458087e+01 |      --      |    Inf | unknown
 2343s|  2400 |  2401 |  3286k|1354.2 |   283M |  53 |1502 | 501 |1385 |  25k|  2 |   0 | 682 |-2.458087e+01 |      --      |    Inf | unknown
 2433s|  2500 |  2501 |  3450k|1365.5 |   284M |  53 |1502 | 501 |1357 |  26k|  2 |   0 | 686 |-2.458087e+01 |      --      |    Inf | unknown
 2519s|  2600 |  2601 |  3590k|1366.6 |   284M |  57 |1502 | 501 |1299 |  27k|  2 |   0 | 706 |-2.458087e+01 |      --      |    Inf | unknown
 2618s|  2700 |  2701 |  3772k|1383.7 |   286M |  57 |1502 | 501 |1574 |  28k|  2 |   0 | 713 |-2.458087e+01 |      --      |    Inf | unknown
 2717s|  2800 |  2801 |  3933k|1391.7 |   288M |  57 |1502 | 501 |1312 |  30k|  2 |   0 | 739 |-2.458087e+01 |      --      |    Inf | unknown
 2809s|  2900 |  2901 |  4097k|1400.1 |   289M |  57 |1502 | 501 |1410 |  31k|  2 |   0 | 743 |-2.458087e+01 |      --      |    Inf | unknown
 time | node  | left  |LP iter|LP it/n|mem/heur|mdpt |vars |cons |rows |cuts |sepa|confs|strbr|  dualbound   | primalbound  |  gap   | compl. 
 2895s|  3000 |  3001 |  4250k|1404.6 |   290M |  57 |1502 | 501 |1528 |  32k|  4 |   0 | 754 |-2.458087e+01 |      --      |    Inf | unknown
 3000s|  3100 |  3101 |  4436k|1419.4 |   291M |  57 |1502 | 501 |1329 |  33k|  2 |   0 | 762 |-2.458087e+01 |      --      |    Inf | unknown
 3092s|  3200 |  3201 |  4596k|1425.0 |   292M |  57 |1502 | 501 |1354 |  34k|  1 |   0 | 779 |-2.458087e+01 |      --      |    Inf | unknown
 3188s|  3300 |  3301 |  4762k|1432.0 |   294M |  57 |1502 | 501 |1483 |  36k|  3 |   0 | 792 |-2.458087e+01 |      --      |    Inf | unknown
 3270s|  3400 |  3401 |  4904k|1431.8 |   295M |  57 |1502 | 501 |1341 |  37k|  2 |   0 | 794 |-2.458087e+01 |      --      |    Inf | unknown
 3385s|  3500 |  3501 |  5109k|1449.5 |   296M |  57 |1502 | 501 |1511 |  38k|  4 |   0 | 809 |-2.458087e+01 |      --      |    Inf | unknown
 3468s|  3600 |  3601 |  5252k|1448.8 |   296M |  59 |1502 | 501 |1396 |  39k|  2 |   0 | 814 |-2.458087e+01 |      --      |    Inf | unknown
 3562s|  3700 |  3701 |  5410k|1452.4 |   298M |  59 |1502 | 501 |1552 |  40k|  4 |   0 | 828 |-2.458072e+01 |      --      |    Inf | unknown
 3660s|  3800 |  3801 |  5599k|1463.9 |   299M |  59 |1502 | 501 |1215 |  42k|  2 |   0 | 840 |-2.458072e+01 |      --      |    Inf | unknown
 3745s|  3900 |  3901 |  5740k|1462.6 |   300M |  59 |1502 | 501 |1359 |  43k|  2 |   0 | 843 |-2.458072e+01 |      --      |    Inf | unknown
 3859s|  4000 |  4001 |  5948k|1478.0 |   301M |  59 |1502 | 501 |1428 |  44k|  2 |   0 | 858 |-2.457946e+01 |      --      |    Inf | unknown
 3943s|  4100 |  4101 |  6092k|1477.1 |   304M |  59 |1502 | 501 |1482 |  46k|  2 |   0 | 859 |-2.457946e+01 |      --      |    Inf | unknown
 4050s|  4200 |  4201 |  6292k|1489.4 |   304M |  59 |1502 | 501 |1277 |  47k|  2 |   0 | 869 |-2.457946e+01 |      --      |    Inf | unknown
 4131s|  4300 |  4301 |  6431k|1487.2 |   304M |  59 |1502 | 501 |1307 |  48k|  2 |   0 | 874 |-2.457800e+01 |      --      |    Inf | unknown
 4237s|  4400 |  4401 |  6628k|1498.0 |   305M |  59 |1502 | 501 |1482 |  49k|  2 |   0 | 878 |-2.457800e+01 |      --      |    Inf | unknown
 time | node  | left  |LP iter|LP it/n|mem/heur|mdpt |vars |cons |rows |cuts |sepa|confs|strbr|  dualbound   | primalbound  |  gap   | compl. 
 4329s|  4500 |  4501 |  6785k|1499.8 |   305M |  59 |1502 | 501 |1516 |  51k|  4 |   0 | 892 |-2.457800e+01 |      --      |    Inf | unknown
 4431s|  4600 |  4601 |  6975k|1508.4 |   307M |  59 |1502 | 501 |1509 |  52k|  2 |   0 | 899 |-2.457625e+01 |      --      |    Inf | unknown
 4516s|  4700 |  4701 |  7119k|1507.0 |   307M |  59 |1502 | 501 |1425 |  53k|  3 |   0 | 909 |-2.457172e+01 |      --      |    Inf | unknown
 4619s|  4800 |  4801 |  7304k|1514.0 |   308M |  59 |1502 | 501 |1471 |  54k|  3 |   0 | 915 |-2.457172e+01 |      --      |    Inf | unknown
 4691s|  4900 |  4901 |  7426k|1508.1 |   309M |  59 |1502 | 501 |1503 |  55k|  2 |   0 | 918 |-2.457172e+01 |      --      |    Inf | unknown
 4784s|  5000 |  5001 |  7594k|1511.5 |   311M |  61 |1502 | 501 |1543 |  57k|  2 |   0 | 927 |-2.457071e+01 |      --      |    Inf | unknown
 4883s|  5100 |  5101 |  7782k|1518.9 |   312M |  61 |1502 | 501 |1405 |  58k|  2 |   0 | 931 |-2.456929e+01 |      --      |    Inf | unknown
 4970s|  5200 |  5201 |  7935k|1519.1 |   312M |  63 |1502 | 501 |1497 |  59k|  3 |   0 | 932 |-2.456929e+01 |      --      |    Inf | unknown
 5067s|  5300 |  5301 |  8110k|1523.4 |   313M |  63 |1502 | 501 |1567 |  60k|  2 |   0 | 941 |-2.456929e+01 |      --      |    Inf | unknown
 5149s|  5400 |  5401 |  8257k|1522.3 |   313M |  63 |1502 | 501 |1545 |  61k|  4 |   0 | 945 |-2.456929e+01 |      --      |    Inf | unknown
 5242s|  5500 |  5501 |  8414k|1523.2 |   315M |  65 |1502 | 501 |1529 |  62k|  2 |   0 | 956 |-2.456804e+01 |      --      |    Inf | unknown
 5339s|  5600 |  5601 |  8571k|1524.1 |   315M |  67 |1502 | 501 |1464 |  64k|  2 |   0 | 964 |-2.456804e+01 |      --      |    Inf | unknown
 5441s|  5700 |  5701 |  8760k|1530.5 |   316M |  67 |1502 | 501 |1475 |  65k|  2 |   0 | 965 |-2.456804e+01 |      --      |    Inf | unknown
 5544s|  5800 |  5801 |  8938k|1534.8 |   317M |  67 |1502 | 501 |1490 |  67k|  4 |   0 | 977 |-2.456804e+01 |      --      |    Inf | unknown
 5645s|  5900 |  5901 |  9129k|1541.2 |   319M |  67 |1502 | 501 |1438 |  68k|  4 |   0 | 982 |-2.456804e+01 |      --      |    Inf | unknown
 time | node  | left  |LP iter|LP it/n|mem/heur|mdpt |vars |cons |rows |cuts |sepa|confs|strbr|  dualbound   | primalbound  |  gap   | compl. 
 5733s|  6000 |  6001 |  9286k|1541.7 |   319M |  69 |1502 | 501 |1286 |  69k|  2 |   0 | 983 |-2.456804e+01 |      --      |    Inf | unknown
 5808s|  6100 |  6101 |  9411k|1536.9 |   320M |  69 |1502 | 501 |1582 |  70k|  2 |   0 | 992 |-2.456794e+01 |      --      |    Inf | unknown
 5886s|  6200 |  6201 |  9551k|1534.7 |   321M |  69 |1502 | 501 |1518 |  71k|  2 |   0 |1001 |-2.456794e+01 |      --      |    Inf | unknown
 5953s|  6300 |  6301 |  9665k|1528.3 |   321M |  69 |1502 | 501 |1467 |  72k|  2 |   0 |1003 |-2.456763e+01 |      --      |    Inf | unknown
 6041s|  6400 |  6401 |  9827k|1529.9 |   322M |  69 |1502 | 501 |1260 |  73k|  2 |   0 |1006 |-2.456705e+01 |      --      |    Inf | unknown
 6135s|  6500 |  6501 |  9991k|1531.6 |   322M |  69 |1502 | 501 |1269 |  74k|  2 |   0 |1011 |-2.456705e+01 |      --      |    Inf | unknown
 6219s|  6600 |  6601 | 10148k|1532.0 |   324M |  69 |1502 | 501 |1406 |  75k|  2 |   0 |1011 |-2.456600e+01 |      --      |    Inf | unknown
 6308s|  6700 |  6701 | 10297k|1531.4 |   325M |  69 |1502 | 501 |1425 |  76k|  2 |   0 |1021 |-2.456600e+01 |      --      |    Inf | unknown
 6383s|  6800 |  6801 | 10424k|1527.6 |   325M |  69 |1502 | 501 |1362 |  77k|  2 |   0 |1027 |-2.456577e+01 |      --      |    Inf | unknown
 6475s|  6900 |  6901 | 10600k|1531.0 |   327M |  69 |1502 | 501 |1388 |  78k|  1 |   0 |1032 |-2.456577e+01 |      --      |    Inf | unknown
 6542s|  7000 |  7001 | 10709k|1524.8 |   327M |  69 |1502 | 501 |1511 |  79k|  2 |   0 |1032 |-2.456572e+01 |      --      |    Inf | unknown
 6638s|  7100 |  7101 | 10890k|1528.7 |   328M |  69 |1502 | 501 |1554 |  81k|  3 |   0 |1042 |-2.456572e+01 |      --      |    Inf | unknown
 6719s|  7200 |  7201 | 11038k|1528.0 |   328M |  69 |1502 | 501 |1406 |  81k|  2 |   0 |1042 |-2.456460e+01 |      --      |    Inf | unknown
 6795s|  7300 |  7301 | 11176k|1526.1 |   329M |  69 |1502 | 501 |1465 |  82k|  4 |   0 |1045 |-2.456456e+01 |      --      |    Inf | unknown
 6874s|  7400 |  7401 | 11325k|1525.5 |   329M |  69 |1502 | 501 |1317 |  83k|  2 |   0 |1050 |-2.456456e+01 |      --      |    Inf | unknown
 time | node  | left  |LP iter|LP it/n|mem/heur|mdpt |vars |cons |rows |cuts |sepa|confs|strbr|  dualbound   | primalbound  |  gap   | compl. 
 6958s|  7500 |  7501 | 11471k|1524.6 |   330M |  69 |1502 | 501 |1443 |  84k|  2 |   0 |1055 |-2.456453e+01 |      --      |    Inf | unknown
 7049s|  7600 |  7601 | 11640k|1526.8 |   331M |  69 |1502 | 501 |1432 |  86k|  2 |   0 |1061 |-2.456453e+01 |      --      |    Inf | unknown
 7126s|  7700 |  7701 | 11777k|1524.8 |   331M |  71 |1502 | 501 |1432 |  87k|  2 |   0 |1064 |-2.456432e+01 |      --      |    Inf | unknown
 7209s|  7800 |  7801 | 11927k|1524.4 |   331M |  71 |1502 | 501 |1311 |  88k|  2 |   0 |1072 |-2.456432e+01 |      --      |    Inf | unknown
 7292s|  7900 |  7901 | 12076k|1524.0 |   333M |  71 |1502 | 501 |1555 |  89k|  2 |   0 |1075 |-2.456432e+01 |      --      |    Inf | unknown
 7377s|  8000 |  8001 | 12229k|1524.0 |   333M |  71 |1502 | 501 |1464 |  90k|  2 |   0 |1082 |-2.456432e+01 |      --      |    Inf | unknown
 7471s|  8100 |  8101 | 12406k|1527.1 |   334M |  71 |1502 | 501 |1391 |  91k|  2 |   0 |1089 |-2.456424e+01 |      --      |    Inf | unknown
 7545s|  8200 |  8201 | 12534k|1524.1 |   334M |  71 |1502 | 501 |1487 |  92k|  2 |   0 |1093 |-2.456424e+01 |      --      |    Inf | unknown
 7635s|  8300 |  8301 | 12706k|1526.4 |   334M |  71 |1502 | 501 |1463 |  93k|  2 |   0 |1095 |-2.456424e+01 |      --      |    Inf | unknown
 7711s|  8400 |  8401 | 12846k|1525.0 |   336M |  71 |1502 | 501 |1301 |  94k|  2 |   0 |1100 |-2.456417e+01 |      --      |    Inf | unknown
 7795s|  8500 |  8501 | 12998k|1525.0 |   336M |  71 |1502 | 501 |1555 |  95k|  4 |   0 |1105 |-2.456417e+01 |      --      |    Inf | unknown
 7870s|  8600 |  8601 | 13144k|1524.2 |   338M |  71 |1502 | 501 |1425 |  96k|  2 |   0 |1105 |-2.456417e+01 |      --      |    Inf | unknown
 7940s|  8700 |  8701 | 13264k|1520.4 |   339M |  71 |1502 | 501 |1403 |  97k|  2 |   0 |1106 |-2.456417e+01 |      --      |    Inf | unknown
 8042s|  8800 |  8801 | 13458k|1525.2 |   339M |  71 |1502 | 501 |1315 |  99k|  2 |   0 |1118 |-2.456399e+01 |      --      |    Inf | unknown
 8114s|  8900 |  8901 | 13581k|1521.9 |   339M |  71 |1502 | 501 |1468 |  99k|  2 |   0 |1119 |-2.456399e+01 |      --      |    Inf | unknown
 time | node  | left  |LP iter|LP it/n|mem/heur|mdpt |vars |cons |rows |cuts |sepa|confs|strbr|  dualbound   | primalbound  |  gap   | compl. 
 8203s|  9000 |  9001 | 13749k|1523.6 |   340M |  71 |1502 | 501 |1507 | 101k|  4 |   0 |1121 |-2.456399e+01 |      --      |    Inf | unknown
 8291s|  9100 |  9101 | 13905k|1524.1 |   340M |  71 |1502 | 501 |1354 | 102k|  2 |   0 |1131 |-2.456399e+01 |      --      |    Inf | unknown
 8366s|  9200 |  9201 | 14036k|1521.7 |   342M |  71 |1502 | 501 |1541 | 103k|  2 |   0 |1138 |-2.456376e+01 |      --      |    Inf | unknown
 8460s|  9300 |  9301 | 14220k|1525.1 |   342M |  71 |1502 | 501 |1505 | 104k|  2 |   0 |1138 |-2.456376e+01 |      --      |    Inf | unknown
 8556s|  9400 |  9401 | 14394k|1527.4 |   344M |  71 |1502 | 501 |1379 | 106k|  2 |   0 |1144 |-2.456376e+01 |      --      |    Inf | unknown
 8655s|  9500 |  9501 | 14587k|1531.6 |   344M |  71 |1502 | 501 |1594 | 107k|  2 |   0 |1153 |-2.456376e+01 |      --      |    Inf | unknown
 8744s|  9600 |  9601 | 14760k|1533.7 |   345M |  73 |1502 | 501 |1448 | 108k|  2 |   0 |1153 |-2.456320e+01 |      --      |    Inf | unknown
 8822s|  9700 |  9701 | 14898k|1532.2 |   345M |  73 |1502 | 501 |1286 | 109k|  2 |   0 |1155 |-2.456304e+01 |      --      |    Inf | unknown
 8922s|  9800 |  9801 | 15088k|1535.9 |   346M |  73 |1502 | 501 |1595 | 111k|  2 |   0 |1159 |-2.456304e+01 |      --      |    Inf | unknown
 9029s|  9900 |  9901 | 15286k|1540.4 |   348M |  73 |1502 | 501 |1405 | 112k|  2 |   0 |1162 |-2.456294e+01 |      --      |    Inf | unknown
 9115s| 10000 | 10001 | 15453k|1541.6 |   348M |  73 |1502 | 501 |1346 | 113k|  2 |   0 |1168 |-2.456294e+01 |      --      |    Inf | unknown
 9194s| 10100 | 10101 | 15598k|1540.8 |   348M |  73 |1502 | 501 |1478 | 114k|  2 |   0 |1168 |-2.456288e+01 |      --      |    Inf | unknown
 9280s| 10200 | 10201 | 15760k|1541.6 |   348M |  73 |1502 | 501 |1428 | 115k|  4 |   0 |1170 |-2.456288e+01 |      --      |    Inf | unknown
 9381s| 10300 | 10301 | 15965k|1546.5 |   350M |  75 |1502 | 501 |1541 | 116k|  2 |   0 |1172 |-2.456284e+01 |      --      |    Inf | unknown
 9479s| 10400 | 10401 | 16160k|1550.4 |   350M |  75 |1502 | 501 |1482 | 118k|  2 |   0 |1173 |-2.456284e+01 |      --      |    Inf | unknown
 time | node  | left  |LP iter|LP it/n|mem/heur|mdpt |vars |cons |rows |cuts |sepa|confs|strbr|  dualbound   | primalbound  |  gap   | compl. 
 9561s| 10500 | 10501 | 16307k|1549.6 |   351M |  75 |1502 | 501 |1341 | 119k|  2 |   0 |1175 |-2.456284e+01 |      --      |    Inf | unknown
 9650s| 10600 | 10601 | 16476k|1550.9 |   351M |  75 |1502 | 501 |1536 | 120k|  2 |   0 |1178 |-2.456284e+01 |      --      |    Inf | unknown
 9741s| 10700 | 10701 | 16649k|1552.6 |   351M |  75 |1502 | 501 |1390 | 121k|  2 |   0 |1178 |-2.456274e+01 |      --      |    Inf | unknown
 9826s| 10800 | 10801 | 16793k|1551.6 |   353M |  75 |1502 | 501 |1590 | 123k|  2 |   0 |1186 |-2.456274e+01 |      --      |    Inf | unknown
 9933s| 10900 | 10901 | 17008k|1557.0 |   353M |  75 |1502 | 501 |1396 | 124k|  2 |   0 |1188 |-2.456274e+01 |      --      |    Inf | unknown
  167m| 11000 | 11001 | 17129k|1553.9 |   353M |  75 |1502 | 501 |1570 | 125k|  2 |   0 |1189 |-2.456274e+01 |      --      |    Inf | unknown
  168m| 11100 | 11101 | 17297k|1555.0 |   353M |  75 |1502 | 501 |1444 | 126k|  2 |   0 |1194 |-2.456257e+01 |      --      |    Inf | unknown
  170m| 11200 | 11201 | 17502k|1559.5 |   355M |  75 |1502 | 501 |1371 | 128k|  2 |   0 |1196 |-2.456257e+01 |      --      |    Inf | unknown
  171m| 11300 | 11301 | 17623k|1556.4 |   355M |  75 |1502 | 501 |1481 | 129k|  2 |   0 |1198 |-2.456257e+01 |      --      |    Inf | unknown
  173m| 11400 | 11401 | 17805k|1558.7 |   356M |  75 |1502 | 501 |1378 | 130k|  2 |   0 |1202 |-2.456257e+01 |      --      |    Inf | unknown
  174m| 11500 | 11501 | 17956k|1558.2 |   356M |  75 |1502 | 501 |1471 | 131k|  1 |   0 |1211 |-2.456235e+01 |      --      |    Inf | unknown
  175m| 11600 | 11601 | 18106k|1557.7 |   357M |  75 |1502 | 501 |1366 | 132k|  2 |   0 |1212 |-2.456235e+01 |      --      |    Inf | unknown
  177m| 11700 | 11701 | 18263k|1557.9 |   359M |  75 |1502 | 501 |1532 | 133k|  2 |   0 |1214 |-2.456235e+01 |      --      |    Inf | unknown
  178m| 11800 | 11801 | 18408k|1557.0 |   359M |  75 |1502 | 501 |1435 | 134k|  2 |   0 |1219 |-2.456235e+01 |      --      |    Inf | unknown
  180m| 11900 | 11901 | 18574k|1557.8 |   359M |  77 |1502 | 501 |1641 | 135k|  4 |   0 |1224 |-2.456222e+01 |      --      |    Inf | unknown

SCIP Status        : solving was interrupted [time limit reached]
Solving Time (sec) : 10800.00
Solving Nodes      : 11932
Primal Bound       : +1.00000000000000e+20 (0 solutions)
Dual Bound         : -2.45621474003525e+01
Gap                : infinite

