Solver command line: ['/cvmfs/soft.computecanada.ca/easybuild/software/2023/x86-64-v4/Compiler/gcc12/scipoptsuite/9.0.0/bin/scip', '/tmp/tmplw5glqte.pyomo', '-AMPL']

SCIP version 9.0.0 [precision: 8 byte] [memory: block] [mode: optimized] [LP solver: Soplex 7.0.0] [GitHash: 7205bedd94]
Copyright (c) 2002-2024 Zuse Institute Berlin (ZIB)

External libraries: 
  Readline 8.1         GNU library for command line editing (gnu.org/s/readline)
  Soplex 7.0.0         Linear Programming Solver developed at Zuse Institute Berlin (soplex.zib.de) [GitHash: 6657fb3b]
  CppAD 20180000.0     Algorithmic Differentiation of C++ algorithms developed by B. Bell (github.com/coin-or/CppAD)
  ZLIB 1.2.13          General purpose compression library by J. Gailly and M. Adler (zlib.net)
  GMP 6.2.1            GNU Multiple Precision Arithmetic Library developed by T. Granlund (gmplib.org)
  ZIMPL 3.5.3          Zuse Institute Mathematical Programming Language developed by T. Koch (zimpl.zib.de)
  AMPL/MP 690e9e7      AMPL .nl file reader library (github.com/ampl/mp)
  PaPILO 2.2.0         parallel presolve for integer and linear optimization (github.com/scipopt/papilo) (built with TBB) [GitHash: df30ae49]
  bliss 0.77           Computing Graph Automorphisms by T. Junttila and P. Kaski (users.aalto.fi/~tjunttil/bliss)
  sassy 1.1            Symmetry preprocessor by Markus Anders (github.com/markusa4/sassy)
  Ipopt 3.14.14        Interior Point Optimizer developed by A. Waechter et.al. (github.com/coin-or/Ipopt)

reading user parameter file <scip.set>
===========================

limits/time = 10800

read problem </tmp/tmplw5glqte.pyomo.nl>
============

original problem has 501 variables (0 bin, 500 int, 0 impl, 1 cont) and 501 constraints

solve problem
=============

  [linear] <lc260>:  -0.228400612<i0>[I] (+3) +0.018054705<i1>[I] (+4) -0.076262288<i2>[I] (-6) +0.0158839805<i3>[I] (-1) -0.0927341386<i4>[I] (-1) +0.036682366<i5>[I] (-2) -0.0412683015<i6>[I] (+4) +0.0317493054<i7>[I] (-2) -0.0331252381<i8>[I] (-10) -0.0897914381<i9>[I] (-1) +0.056895701<i10>[I] (-2) +0.120826252<i11>[I] (+3) +0.122459771<i12>[I] (+5) -0.11017307<i13>[I] (-1) -0.152412868<i14>[I] (-2) +0.0622368142<i15>[I] (-1) -0.0223675298<i16>[I] (+4) -0.0742075643<i17>[I] (-1) +0.0640058037<i18>[I] (-1) +0.041826551<i19>[I] (+4) -0.0584529607<i20>[I] (-2) -0.0765231493<i21>[I] (+4) +0.0579391831<i22>[I] (+4) +0.0439033917<i23>[I] (+0) +0.0126259547<i24>[I] (-1) -0.147904383<i25>[I] (-2) +0.265607492<i26>[I] (-3) -0.0277093593<i27>[I] (-2) -0.0902979486<i28>[I] (-7) +0.0360893361<i29>[I] (-2) -0.108889999<i30>[I] (-2) -0.000127647767<i31>[I] (+3) -0.0292196325<i32>[I] (+1) -0.159057424<i33>[I] (+5) -0.136874312<i34>[I] (-1) +0.0652844379<i35>[I] (-1) -0.022373706<i36>[I] (-1) -0.110225155<i37>[I] (-6) -0.0825500224<i38>[I] (-1) -0.0283682825<i39>[I] (-1) -0.0298987505<i40>[I] (+1) +0.0489673743<i41>[I] (+7) -0.0770633708<i42>[I] (-2) +0.036457074<i43>[I] (-2) -0.00147702393<i44>[I] (-1) -0.133134615<i45>[I] (+5) +0.185401048<i46>[I] (-1) -0.0194301322<i47>[I] (-1) +0.0657570515<i48>[I] (+0) -0.0723712119<i49>[I] (-2) +0.142466679<i50>[I] (-1) -0.153092467<i51>[I] (-1) -0.186394626<i52>[I] (+5) +0.0414729632<i53>[I] (+0) +0.126173306<i54>[I] (-2) -0.0910006694<i55>[I] (+4) +0.0178728576<i56>[I] (-1) -0.126175704<i57>[I] (+5) +0.065121034<i58>[I] (+4) -0.0947093736<i59>[I] (-1) +0.0192473886<i60>[I] (-2) +0.016577078<i61>[I] (+0) -0.0676729447<i62>[I] (-1) -0.0309391557<i63>[I] (-1) +0.0232802035<i64>[I] (-1) +0.00150572255<i65>[I] (+0) -0.127083331<i66>[I] (-2) -0.0112036755<i67>[I] (+0) +0.0851862219<i68>[I] (+0) +0.00200009465<i69>[I] (-1) -0.0705107222<i70>[I] (-2) +0.107870469<i71>[I] (+3) -0.108491312<i72>[I] (-1) +0.0621387772<i73>[I] (-6) -0.0704290584<i74>[I] (-1) -0.0293730675<i75>[I] (+5) +0.0414481926<i76>[I] (-1) -0.0971474258<i77>[I] (-1) -0.0379610052<i78>[I] (-1) +0.0541742811<i79>[I] (-1) +0.0244459298<i80>[I] (+5) -0.204458554<i81>[I] (-1) -0.179762101<i82>[I] (+2) -0.0153803807<i83>[I] (-1) +0.0977551693<i84>[I] (-2) +0.014399115<i85>[I] (-1) -0.0302519735<i86>[I] (+3) +0.0310796367<i87>[I] (+5) -0.0766407676<i88>[I] (-1) +0.0223957425<i89>[I] (-2) -0.0253362414<i90>[I] (+1) -0.0577874332<i91>[I] (-2) -0.0476352941<i92>[I] (-1) -0.133820503<i93>[I] (+4) -0.10496744<i94>[I] (+4) +0.110268658<i95>[I] (+3) +0.0148203674<i96>[I] (-3) -0.0211212818<i97>[I] (+3) +0.0838289417<i98>[I] (-2) -0.0986537583<i99>[I] (-1) -0.0496207572<i100>[I] (-1) -0.0911364364<i101>[I] (+4) +0.236414683<i102>[I] (-2) -0.149388283<i103>[I] (-1) +0.0702711672<i104>[I] (+4) -0.136363907<i105>[I] (-8) +0.129725483<i106>[I] (+4) +0.129517308<i107>[I] (-1) +0.0540506933<i108>[I] (-2) +0.0809646951<i109>[I] (-4) +0.193526741<i110>[I] (+4) -0.0109556588<i111>[I] (+1) -0.136478753<i112>[I] (-1) +0.0883573595<i113>[I] (+5) -0.0191759359<i114>[I] (+4) -0.0811946766<i115>[I] (+0) -0.0192245182<i116>[I] (-2) -0.0386864785<i117>[I] (+4) -0.0808959708<i118>[I] (-1) +0.00593014503<i119>[I] (-2) -0.0121044362<i120>[I] (-1) -0.0407870428<i121>[I] (+4) +0.0125567789<i122>[I] (+5) +0.153496164<i123>[I] (-2) -0.0821197426<i124>[I] (-1) +0.0608962644<i125>[I] (-3) +0.223656634<i126>[I] (-2) +0.00832445613<i127>[I] (+4) -0.0555443401<i128>[I] (-2) -0.0798972304<i129>[I] (-1) -0.0453510949<i130>[I] (-1) +0.112296394<i131>[I] (+5) +0.0253746002<i132>[I] (-4) -0.133839914<i133>[I] (-1) +0.166038517<i134>[I] (-2) +0.00849516951<i135>[I] (-1) +0.0608437588<i136>[I] (-2) -0.227609777<i137>[I] (-7) -0.0405453117<i138>[I] (-5) +0.15693039<i139>[I] (-1) -0.0883676371<i140>[I] (+6) -0.0534959041<i141>[I] (-1) +0.0174210781<i142>[I] (-2) -0.113117936<i143>[I] (-1) -0.256558899<i144>[I] (+1) -0.0275062465<i145>[I] (-2) -0.0208124502<i146>[I] (+3) +0.057089582<i147>[I] (-1) +0.0465388302<i148>[I] (-1) +0.0166491032<i149>[I] (-1) +0.0421784231<i150>[I] (-1) -0.0182889395<i151>[I] (-8) -0.125683854<i152>[I] (-2) +0.0819843203<i153>[I] (+0) -0.0596312048<i154>[I] (+6) -0.0766106239<i155>[I] (-1) -0.0761226176<i156>[I] (-7) -0.00140655538<i157>[I] (-2) -0.0512631451<i158>[I] (+0) -0.0132038361<i159>[I] (-1) +0.0971395328<i160>[I] (+4) +0.184682684<i161>[I] (-1) +0.101195403<i162>[I] (-1) -0.21052198<i163>[I] (+1) -0.0264195461<i164>[I] (-1) +0.149607682<i165>[I] (+4) -0.0180132819<i166>[I] (+4) -0.114873043<i167>[I] (-7) +0.107743883<i168>[I] (+0) +0.0782835734<i169>[I] (-1) -0.0403944657<i170>[I] (-1) -0.0249988756<i171>[I] (+3) +0.123745303<i172>[I] (-1) -0.00174978909<i173>[I] (-2) +0.110966101<i174>[I] (-8) -0.131355122<i175>[I] (-2) +0.066785053<i176>[I] (-2) -0.00385792008<i177>[I] (+1) +0.0723067243<i178>[I] (+5) -0.0978769311<i179>[I] (-2) -0.0266386952<i180>[I] (-1) +0.0631719691<i181>[I] (-1) -0.0631133568<i182>[I] (-1) -0.134584771<i183>[I] (+4) +0.0831738803<i184>[I] (-1) +0.0129095247<i185>[I] (-2) -0.109305146<i186>[I] (+4) -0.00585314825<i187>[I] (-1) -0.108581243<i188>[I] (-7) -0.188759314<i189>[I] (+4) +0.0303641289<i190>[I] (-2) +0.0674688575<i191>[I] (+4) +0.0513363756<i192>[I] (+4) +0.0450353905<i193>[I] (-2) +0.0340154375<i194>[I] (-2) +0.0317079561<i195>[I] (-1) -0.022425346<i196>[I] (+0) -0.181862004<i197>[I] (-2) -0.0827860764<i198>[I] (-1) -0.106477022<i199>[I] (+5) -0.116924999<i200>[I] (-2) -0.0115948178<i201>[I] (-1) +0.0979315989<i202>[I] (-1) +0.0620636913<i203>[I] (-1) -0.109500461<i204>[I] (-2) -0.0723402467<i205>[I] (-2) -0.10864966<i206>[I] (-1) -0.0853937703<i207>[I] (+4) +0.0832686147<i208>[I] (-1) -0.0603647473<i209>[I] (+5) -0.0767432112<i210>[I] (+1) -0.0149639869<i211>[I] (+4) +0.157682063<i212>[I] (+4) -0.0171602067<i213>[I] (+4) -0.0400188844<i214>[I] (-2) -0.0540638967<i215>[I] (+5) -0.0158830059<i216>[I] (+5) +0.0285501687<i217>[I] (+5) -0.0629501765<i218>[I] (-2) +0.0153856871<i219>[I] (-2) +0.0596086908<i220>[I] (-1) +0.00516191407<i221>[I] (+4) -0.0879522934<i222>[I] (+0) -0.0140833955<i223>[I] (-1) +0.129152594<i224>[I] (-1) +0.252089695<i225>[I] (-1) +0.00299858566<i226>[I] (-2) -0.163173486<i227>[I] (+1) -0.0388056759<i228>[I] (-2) -0.0663593789<i229>[I] (-1) +0.0667276754<i230>[I] (+5) -0.0463390179<i231>[I] (-1) +0.132629265<i232>[I] (-2) +0.0794734225<i233>[I] (-2) -0.0822460258<i234>[I] (-2) +0.124430479<i235>[I] (-3) +0.0976382827<i236>[I] (-1) -0.0129434505<i237>[I] (-1) +0.00168746397<i238>[I] (-1) +0.112767146<i239>[I] (-1) +0.0617284919<i240>[I] (+0) +0.0291078099<i241>[I] (+4) -0.229324807<i242>[I] (+4) +0.0672946788<i243>[I] (+4) -0.057441875<i244>[I] (+5) -0.0666514933<i245>[I] (-1) +0.0524993874<i246>[I] (+1) +0.0145755061<i247>[I] (-2) -0.0100900427<i248>[I] (-2) -0.00516575061<i249>[I] (-2) -0.0689641008<i250>[I] (-2) -0.0483816938<i251>[I] (-1) -0.0740823779<i252>[I] (+5) +0.0637243616<i253>[I] (-1) +0.0124575389<i254>[I] (-2) -0.148071857<i255>[I] (-1) -0.108619187<i256>[I] (+0) +0.0203527192<i257>[I] (-2) -0.0659978339<i258>[I] (-1) -0.111127093<i259>[I] (+4) -0.1507878<i260>[I] (-1) +0.0813602155<i261>[I] (-1) +0.105104547<i262>[I] (-1) -0.132156617<i263>[I] (-2) -0.0525490501<i264>[I] (-2) -0.0534859486<i265>[I] (-2) +0.122682112<i266>[I] (-2) -0.158466802<i267>[I] (-1) -0.0809032719<i268>[I] (-2) -0.0131087754<i269>[I] (+5) -0.0846688781<i270>[I] (+0) -0.08033242<i271>[I] (+5) +0.0294330447<i272>[I] (-2) +0.0784179429<i273>[I] (+0) +0.0315154665<i274>[I] (-2) -0.0944794393<i275>[I] (-2) +0.123153331<i276>[I] (-7) +0.0692347272<i277>[I] (-2) -0.00388406401<i278>[I] (+3) +0.00875717415<i279>[I] (+4) +0.040035401<i280>[I] (+5) +0.0832788749<i281>[I] (-1) -0.00841901781<i282>[I] (-1) +0.0201873922<i283>[I] (-1) +0.00585675211<i284>[I] (-1) -0.172990952<i285>[I] (-1) +0.0178583855<i286>[I] (+4) +0.0131323515<i287>[I] (-2) -0.132733663<i288>[I] (+0) +0.0598322889<i289>[I] (+0) +0.0907478305<i290>[I] (+0) -0.120080141<i291>[I] (+4) -0.140990079<i292>[I] (+4) -0.0283704695<i293>[I] (-1) -0.211421852<i294>[I] (-1) -0.0365460328<i295>[I] (+5) -0.0329855271<i296>[I] (+4) +0.0602433948<i297>[I] (-1) +0.0972959947<i298>[I] (+4) -0.0283678844<i299>[I] (-2) -0.00829877059<i300>[I] (-1) +0.111236249<i301>[I] (-2) +0.161876606<i302>[I] (-1) -0.0317617142<i303>[I] (+5) +0.13467561<i304>[I] (+4) -0.00927469447<i305>[I] (-1) -0.171734964<i306>[I] (-1) +0.143587255<i307>[I] (+4) -0.0611082587<i308>[I] (-3) -0.16444091<i309>[I] (-1) -0.125481615<i310>[I] (+5) -0.0558984722<i311>[I] (-3) -0.0221652333<i312>[I] (-2) +0.00542895667<i313>[I] (+5) +0.0963319432<i314>[I] (-1) -0.059015336<i315>[I] (+4) +0.0259304611<i316>[I] (-7) +0.135774572<i317>[I] (+4) -0.0982930502<i318>[I] (+0) -0.199144739<i319>[I] (-2) +0.0460400802<i320>[I] (-1) +0.0367774708<i321>[I] (-5) +0.137544961<i322>[I] (-1) -0.00954405627<i323>[I] (+3) +0.0553621574<i324>[I] (+0) +0.00749303263<i325>[I] (-7) -0.129514639<i326>[I] (+4) +0.0318241791<i327>[I] (-2) -0.0618711506<i328>[I] (+5) -0.102495184<i329>[I] (-1) +0.0488194891<i330>[I] (+4) -0.0863926829<i331>[I] (+5) +0.175937844<i332>[I] (-1) -0.0939236709<i333>[I] (-2) +0.0935219541<i334>[I] (-1) -0.0373710485<i335>[I] (-1) -0.0895114421<i336>[I] (-2) -0.0193679027<i337>[I] (-1) -0.0653646035<i338>[I] (+0) +0.0776932645<i339>[I] (-2) -0.0633645331<i340>[I] (-2) -0.00337100291<i341>[I] (+4) +0.0527922282<i342>[I] (-1) +0.092859406<i343>[I] (-1) +0.0736714563<i344>[I] (+5) -0.110083803<i345>[I] (-3) +0.0291054463<i346>[I] (-1) -0.0890929873<i347>[I] (+2) -0.0287203786<i348>[I] (-2) +0.030195139<i349>[I] (+2) +0.00126830863<i350>[I] (-1) -0.130135814<i351>[I] (-2) +0.144806846<i352>[I] (-1) -0.00295290261<i353>[I] (-2) -0.0441756699<i354>[I] (-1) -0.0904466127<i355>[I] (-7) -0.0850447535<i356>[I] (+5) +0.167409147<i357>[I] (+0) -0.161667392<i358>[I] (-8) -0.0112868071<i359>[I] (-1) +0.0936929492<i360>[I] (-1) -0.0704787024<i361>[I] (-1) -0.023608142<i362>[I] (-1) +0.179672124<i363>[I] (-1) +0.0884047803<i364>[I] (-1) -0.0994732075<i365>[I] (+2) -0.0407445364<i366>[I] (+3) -0.00244419139<i367>[I] (+0) +0.0176323629<i368>[I] (+3) +0.101920334<i369>[I] (-2) -0.190497255<i370>[I] (-8) -0.031457559<i371>[I] (+5) +0.0460704109<i372>[I] (-2) -0.125930733<i373>[I] (-8) -0.0351855509<i374>[I] (-1) +0.0360125078<i375>[I] (-7) +0.117238174<i376>[I] (+5) +0.1674354<i377>[I] (+5) +0.283203728<i378>[I] (-2) -0.147775172<i379>[I] (-2) +0.0364465836<i380>[I] (-1) +0.0752233506<i381>[I] (+3) +0.00620162711<i382>[I] (-1) -0.129515381<i383>[I] (+0) -0.127182138<i384>[I] (-2) -0.0480468908<i385>[I] (-8) -0.024174247<i386>[I] (-1) -0.102102194<i387>[I] (-1) +0.210212941<i388>[I] (-1) +0.00944817518<i389>[I] (-7) -0.0601914331<i390>[I] (-1) -0.00672650544<i391>[I] (-5) +0.134132874<i392>[I] (+4) +0.0270466955<i393>[I] (-2) -0.0652809928<i394>[I] (+4) -0.00037306703<i395>[I] (+11) +0.0556216112<i396>[I] (+3) +0.120786323<i397>[I] (-1) +0.0274832878<i398>[I] (-1) -0.0293738016<i399>[I] (-1) +0.00569401703<i400>[I] (-7) +0.0715659508<i401>[I] (+5) -0.011039431<i402>[I] (-3) -0.128006002<i403>[I] (-1) -0.146046812<i404>[I] (+4) +0.0127933189<i405>[I] (+4) +0.0802366335<i406>[I] (-7) +0.0532306762<i407>[I] (-2) -0.0494842509<i408>[I] (+2) -0.03175098<i409>[I] (+4) -0.0759727498<i410>[I] (+4) +0.0277145182<i411>[I] (+4) +0.0201519526<i412>[I] (+4) -0.02113973<i413>[I] (+3) -0.0847993355<i414>[I] (-3) -0.049355317<i415>[I] (-1) +0.0353146038<i416>[I] (-3) +0.209424056<i417>[I] (-2) +0.0341508487<i418>[I] (+5) -0.0694792958<i419>[I] (-1) -0.104619901<i420>[I] (-1) +0.0717239508<i421>[I] (-4) +0.0384022358<i422>[I] (-2) -0.0505282766<i423>[I] (+5) -0.160271353<i424>[I] (+10) +0.120380353<i425>[I] (-1) +0.0269922337<i426>[I] (-1) +0.133866384<i427>[I] (-7) -0.0413613076<i428>[I] (-2) -0.0397197309<i429>[I] (-2) -0.221592684<i430>[I] (-2) +0.00339397703<i431>[I] (-2) -0.0796339624<i432>[I] (+5) +0.0224127272<i433>[I] (+5) -0.00219858993<i434>[I] (+1) +0.112593699<i435>[I] (-2) +0.048001633<i436>[I] (-1) +0.174422784<i437>[I] (-2) +0.0910986587<i438>[I] (+5) -0.012569089<i439>[I] (-1) -0.0717932023<i440>[I] (-2) +0.00532597815<i441>[I] (-1) -0.107903343<i442>[I] (-2) +0.0615304044<i443>[I] (+4) -0.0578446792<i444>[I] (+3) -0.0425046431<i445>[I] (-8) -0.0652271203<i446>[I] (+2) -0.015082667<i447>[I] (-7) +0.0365564627<i448>[I] (+0) -0.0188195654<i449>[I] (+2) +0.0389596682<i450>[I] (+0) -0.042813928<i451>[I] (-2) +0.000259465789<i452>[I] (+4) -0.0558424558<i453>[I] (-8) -0.183418197<i454>[I] (-2) +0.103897934<i455>[I] (-1) -0.197793706<i456>[I] (-1) -0.03755681<i457>[I] (-1) +0.187515075<i458>[I] (-2) +0.0175139114<i459>[I] (+1) -0.0170513404<i460>[I] (+3) +0.192294296<i461>[I] (-7) -0.0172897522<i462>[I] (+0) +0.141868532<i463>[I] (-1) +0.110299519<i464>[I] (-1) +0.115296148<i465>[I] (-1) -0.16885672<i466>[I] (+0) +0.146156395<i467>[I] (+6) -0.0168608735<i468>[I] (-2) +0.0583063316<i469>[I] (-1) -0.157963304<i470>[I] (-6) -0.179345572<i471>[I] (+5) +0.23267436<i472>[I] (-2) -0.151022251<i473>[I] (-1) -0.0177287281<i474>[I] (+5) +0.0999877041<i475>[I] (+5) -0.147080635<i476>[I] (-1) +0.0503444619<i477>[I] (-1) -0.000430820259<i478>[I] (+5) +0.110798018<i479>[I] (-1) +0.00774561861<i480>[I] (-1) +0.00184270228<i481>[I] (-1) -0.108633838<i482>[I] (-1) -0.0745545744<i483>[I] (-8) +0.0731217487<i484>[I] (+2) -0.348861628<i485>[I] (+2) -0.000165290751<i486>[I] (-2) -0.0508668504<i487>[I] (-3) -0.138389142<i488>[I] (+5) -0.151789566<i489>[I] (+4) -0.221154786<i490>[I] (+5) +0.0299032112<i491>[I] (-1) -0.0532234185<i492>[I] (-2) +0.0107647727<i493>[I] (-3) -0.0330171072<i494>[I] (-2) +0.0581825259<i495>[I] (-2) -0.0816658444<i496>[I] (-6) -0.0314474859<i497>[I] (+10) -0.125718974<i498>[I] (-1) +0.0591398958<i499>[I] (+3) <= -0.961362481117249;
;
violation: right hand side is violated by 0.0609788796302435
all 1 solutions given by solution candidate storage are infeasible

presolving:
   (0.1s) symmetry computation started: requiring (bin +, int +, cont +), (fixed: bin -, int -, cont -)
   (0.2s) no symmetry present (symcode time: 0.02)
presolving (1 rounds: 1 fast, 1 medium, 1 exhaustive):
 0 deleted vars, 0 deleted constraints, 0 added constraints, 1 tightened bounds, 0 added holes, 0 changed sides, 0 changed coefficients
 0 implications, 0 cliques
presolved problem has 501 variables (0 bin, 500 int, 0 impl, 1 cont) and 501 constraints
    500 constraints of type <linear>
      1 constraints of type <nonlinear>
Presolving Time: 0.18

 time | node  | left  |LP iter|LP it/n|mem/heur|mdpt |vars |cons |rows |cuts |sepa|confs|strbr|  dualbound   | primalbound  |  gap   | compl. 
  1.5s|     1 |     0 |   365 |     - |   138M |   0 |1502 | 501 |1501 |   0 |  0 |   0 |   0 |-2.477245e+01 |      --      |    Inf | unknown
  9.6s|     1 |     0 |  8626 |     - |   139M |   0 |1502 | 501 |1866 | 365 |  1 |   0 |   0 |-2.477245e+01 |      --      |    Inf | unknown
 19.1s|     1 |     0 | 19784 |     - |   151M |   0 |1502 | 501 |2226 | 725 |  2 |   0 |   0 |-2.468908e+01 |      --      |    Inf | unknown
 26.3s|     1 |     0 | 30363 |     - |   167M |   0 |1502 | 501 |2408 | 907 |  3 |   0 |   0 |-2.461341e+01 |      --      |    Inf | unknown
 31.3s|     1 |     0 | 38882 |     - |   177M |   0 |1502 | 501 |2466 | 965 |  4 |   0 |   0 |-2.459101e+01 |      --      |    Inf | unknown
 32.6s|     1 |     0 | 39730 |     - |   191M |   0 |1502 | 501 |2481 | 980 |  5 |   0 |   0 |-2.459030e+01 |      --      |    Inf | unknown
 33.8s|     1 |     0 | 40132 |     - |   209M |   0 |1502 | 501 |2488 | 987 |  6 |   0 |   0 |-2.459003e+01 |      --      |    Inf | unknown
 34.9s|     1 |     0 | 40310 |     - |   213M |   0 |1502 | 501 |2492 | 991 |  7 |   0 |   0 |-2.458990e+01 |      --      |    Inf | unknown
 36.1s|     1 |     0 | 40688 |     - |   225M |   0 |1502 | 501 |2493 | 992 |  8 |   0 |   0 |-2.458977e+01 |      --      |    Inf | unknown
 37.1s|     1 |     0 | 40815 |     - |   246M |   0 |1502 | 501 |2494 | 993 |  9 |   0 |   0 |-2.458966e+01 |      --      |    Inf | unknown
 38.0s|     1 |     0 | 40893 |     - |   253M |   0 |1502 | 501 |2496 | 995 | 10 |   0 |   0 |-2.458961e+01 |      --      |    Inf | unknown
 38.6s|     1 |     0 | 40955 |     - |   253M |   0 |1502 | 501 |1370 | 996 | 11 |   0 |   0 |-2.458960e+01 |      --      |    Inf | unknown
 39.1s|     1 |     0 | 40983 |     - |   253M |   0 |1502 | 501 |1372 | 998 | 12 |   0 |   0 |-2.458960e+01 |      --      |    Inf | unknown
 39.6s|     1 |     0 | 41003 |     - |   253M |   0 |1502 | 501 |1374 |1000 | 13 |   0 |   0 |-2.458960e+01 |      --      |    Inf | unknown
 40.1s|     1 |     0 | 41032 |     - |   253M |   0 |1502 | 501 |1375 |1001 | 14 |   0 |   0 |-2.458959e+01 |      --      |    Inf | unknown
 time | node  | left  |LP iter|LP it/n|mem/heur|mdpt |vars |cons |rows |cuts |sepa|confs|strbr|  dualbound   | primalbound  |  gap   | compl. 
 94.9s|     1 |     2 | 54315 |     - |   254M |   0 |1502 | 501 |1375 |1001 | 14 |   0 |  22 |-2.458896e+01 |      --      |    Inf | unknown
  358s|   100 |   101 |253421 |2145.3 |   263M |  19 |1502 | 501 |1260 |2467 |  2 |   0 | 307 |-2.458896e+01 |      --      |    Inf | unknown
  495s|   200 |   201 |409792 |1853.1 |   264M |  33 |1502 | 501 |1330 |3320 |  2 |   0 | 365 |-2.458896e+01 |      --      |    Inf | unknown
  605s|   300 |   301 |526754 |1624.5 |   265M |  35 |1502 | 501 |1287 |4212 |  2 |   0 | 415 |-2.458896e+01 |      --      |    Inf | unknown
  682s|   400 |   401 |639407 |1499.7 |   259M |  35 |1502 | 501 |1305 |5123 |  2 |   0 | 428 |-2.458896e+01 |      --      |    Inf | unknown
  783s|   500 |   501 |758654 |1438.1 |   255M |  35 |1502 | 501 |1289 |6067 |  2 |   0 | 451 |-2.457686e+01 |      --      |    Inf | unknown
  892s|   600 |   601 |916553 |1461.6 |   256M |  35 |1502 | 501 |1409 |7320 |  4 |   0 | 480 |-2.457686e+01 |      --      |    Inf | unknown
 1012s|   700 |   701 |  1090k|1501.9 |   258M |  35 |1502 | 501 |1283 |8751 |  2 |   0 | 519 |-2.457406e+01 |      --      |    Inf | unknown
 1110s|   800 |   801 |  1233k|1492.6 |   259M |  35 |1502 | 501 |1267 |9832 |  2 |   0 | 531 |-2.457397e+01 |      --      |    Inf | unknown
 1214s|   900 |   901 |  1387k|1498.3 |   259M |  39 |1502 | 501 |1340 |  11k|  2 |   0 | 546 |-2.457334e+01 |      --      |    Inf | unknown
 1307s|  1000 |  1001 |  1548k|1509.1 |   260M |  55 |1502 | 501 |1500 |  12k|  3 |   0 | 558 |-2.457334e+01 |      --      |    Inf | unknown
 1399s|  1100 |  1101 |  1715k|1524.0 |   264M |  55 |1502 | 501 |1289 |  13k|  4 |   0 | 560 |-2.457289e+01 |      --      |    Inf | unknown
 1485s|  1200 |  1201 |  1845k|1504.8 |   266M |  55 |1502 | 501 |1391 |  14k|  2 |   0 | 560 |-2.457289e+01 |      --      |    Inf | unknown
 1581s|  1300 |  1301 |  2008k|1514.7 |   267M |  57 |1502 | 501 |1432 |  16k|  2 |   0 | 572 |-2.457289e+01 |      --      |    Inf | unknown
 1679s|  1400 |  1401 |  2179k|1528.7 |   268M |  57 |1502 | 501 |1313 |  17k|  2 |   0 | 589 |-2.457289e+01 |      --      |    Inf | unknown
 time | node  | left  |LP iter|LP it/n|mem/heur|mdpt |vars |cons |rows |cuts |sepa|confs|strbr|  dualbound   | primalbound  |  gap   | compl. 
 1766s|  1500 |  1501 |  2322k|1522.2 |   269M |  57 |1502 | 501 |1450 |  18k|  4 |   0 | 612 |-2.457289e+01 |      --      |    Inf | unknown
 1859s|  1600 |  1601 |  2491k|1532.3 |   272M |  57 |1502 | 501 |1500 |  19k|  4 |   0 | 620 |-2.457289e+01 |      --      |    Inf | unknown
 1956s|  1700 |  1701 |  2654k|1538.2 |   272M |  57 |1502 | 501 |1392 |  20k|  4 |   0 | 643 |-2.457289e+01 |      --      |    Inf | unknown
 2038s|  1800 |  1801 |  2797k|1532.1 |   273M |  57 |1502 | 501 |1504 |  21k|  4 |   0 | 646 |-2.457289e+01 |      --      |    Inf | unknown
 2128s|  1900 |  1901 |  2935k|1524.3 |   274M |  57 |1502 | 501 |1460 |  22k|  4 |   0 | 673 |-2.457289e+01 |      --      |    Inf | unknown
 2233s|  2000 |  2001 |  3131k|1545.9 |   276M |  57 |1502 | 501 |1324 |  24k|  2 |   0 | 674 |-2.457289e+01 |      --      |    Inf | unknown
 2340s|  2100 |  2101 |  3305k|1555.1 |   279M |  57 |1502 | 501 |1420 |  25k|  2 |   0 | 692 |-2.457289e+01 |      --      |    Inf | unknown
 2439s|  2200 |  2201 |  3480k|1563.9 |   280M |  57 |1502 | 501 |1510 |  26k|  2 |   0 | 698 |-2.457289e+01 |      --      |    Inf | unknown
 2544s|  2300 |  2301 |  3654k|1571.8 |   281M |  57 |1502 | 501 |1375 |  28k|  3 |   0 | 717 |-2.457289e+01 |      --      |    Inf | unknown
 2638s|  2400 |  2401 |  3825k|1577.4 |   282M |  57 |1502 | 501 |1428 |  29k|  2 |   0 | 722 |-2.457289e+01 |      --      |    Inf | unknown
 2731s|  2500 |  2501 |  3982k|1577.0 |   284M |  57 |1502 | 501 |1449 |  30k|  1 |   0 | 736 |-2.457289e+01 |      --      |    Inf | unknown
 2819s|  2600 |  2601 |  4144k|1578.9 |   285M |  57 |1502 | 501 |1376 |  31k|  2 |   0 | 739 |-2.457289e+01 |      --      |    Inf | unknown
 2913s|  2700 |  2701 |  4305k|1580.1 |   286M |  57 |1502 | 501 |1383 |  32k|  2 |   0 | 760 |-2.457289e+01 |      --      |    Inf | unknown
 3005s|  2800 |  2801 |  4479k|1585.6 |   287M |  57 |1502 | 501 |1505 |  34k|  2 |   0 | 764 |-2.457289e+01 |      --      |    Inf | unknown
 3104s|  2900 |  2901 |  4645k|1588.3 |   289M |  57 |1502 | 501 |1239 |  35k|  2 |   0 | 779 |-2.457289e+01 |      --      |    Inf | unknown
 time | node  | left  |LP iter|LP it/n|mem/heur|mdpt |vars |cons |rows |cuts |sepa|confs|strbr|  dualbound   | primalbound  |  gap   | compl. 
 3198s|  3000 |  3001 |  4816k|1592.5 |   289M |  57 |1502 | 501 |1470 |  36k|  2 |   0 | 782 |-2.457289e+01 |      --      |    Inf | unknown
 3291s|  3100 |  3101 |  4971k|1590.9 |   291M |  57 |1502 | 501 |1425 |  38k|  2 |   0 | 793 |-2.457289e+01 |      --      |    Inf | unknown
 3391s|  3200 |  3201 |  5145k|1595.7 |   291M |  57 |1502 | 501 |1334 |  39k|  2 |   0 | 808 |-2.457289e+01 |      --      |    Inf | unknown
 3475s|  3300 |  3301 |  5301k|1594.6 |   293M |  57 |1502 | 501 |1412 |  40k|  2 |   0 | 809 |-2.457289e+01 |      --      |    Inf | unknown
 3574s|  3400 |  3401 |  5469k|1597.2 |   294M |  67 |1502 | 501 |1420 |  42k|  5 |   0 | 822 |-2.457289e+01 |      --      |    Inf | unknown
 3662s|  3500 |  3501 |  5626k|1596.2 |   295M |  67 |1502 | 501 |1446 |  43k|  2 |   0 | 825 |-2.457289e+01 |      --      |    Inf | unknown
 3745s|  3600 |  3601 |  5766k|1590.8 |   296M |  67 |1502 | 501 |1435 |  44k|  2 |   0 | 836 |-2.457289e+01 |      --      |    Inf | unknown
 3831s|  3700 |  3701 |  5917k|1588.6 |   298M |  69 |1502 | 501 |1531 |  45k|  3 |   0 | 847 |-2.457289e+01 |      --      |    Inf | unknown
 3921s|  3800 |  3801 |  6075k|1588.4 |   298M |  69 |1502 | 501 |1551 |  46k|  4 |   0 | 847 |-2.457289e+01 |      --      |    Inf | unknown
 4029s|  3900 |  3901 |  6271k|1598.0 |   299M |  69 |1502 | 501 |1446 |  48k|  3 |   0 | 858 |-2.457244e+01 |      --      |    Inf | unknown
 4126s|  4000 |  4001 |  6442k|1600.7 |   301M |  69 |1502 | 501 |1330 |  49k|  2 |   0 | 860 |-2.457244e+01 |      --      |    Inf | unknown
 4222s|  4100 |  4101 |  6604k|1601.3 |   303M |  69 |1502 | 501 |1331 |  51k|  2 |   0 | 875 |-2.457244e+01 |      --      |    Inf | unknown
 4315s|  4200 |  4201 |  6772k|1603.1 |   303M |  69 |1502 | 501 |1547 |  52k|  2 |   0 | 879 |-2.457244e+01 |      --      |    Inf | unknown
 4419s|  4300 |  4301 |  6957k|1608.7 |   304M |  69 |1502 | 501 |1435 |  53k|  2 |   0 | 885 |-2.457244e+01 |      --      |    Inf | unknown
 4538s|  4400 |  4401 |  7170k|1620.8 |   305M |  69 |1502 | 501 |1346 |  55k|  2 |   0 | 895 |-2.457244e+01 |      --      |    Inf | unknown
 time | node  | left  |LP iter|LP it/n|mem/heur|mdpt |vars |cons |rows |cuts |sepa|confs|strbr|  dualbound   | primalbound  |  gap   | compl. 
 4636s|  4500 |  4501 |  7356k|1626.0 |   308M |  69 |1502 | 501 |1302 |  56k|  2 |   0 | 899 |-2.456455e+01 |      --      |    Inf | unknown
 4739s|  4600 |  4601 |  7544k|1631.6 |   308M |  69 |1502 | 501 |1528 |  57k|  2 |   0 | 918 |-2.456455e+01 |      --      |    Inf | unknown
 4837s|  4700 |  4701 |  7724k|1635.2 |   309M |  69 |1502 | 501 |1446 |  59k|  2 |   0 | 922 |-2.456455e+01 |      --      |    Inf | unknown
 4937s|  4800 |  4801 |  7910k|1639.8 |   309M |  69 |1502 | 501 |1486 |  60k|  4 |   0 | 927 |-2.456455e+01 |      --      |    Inf | unknown
 5033s|  4900 |  4901 |  8088k|1642.7 |   310M |  73 |1502 | 501 |1328 |  61k|  2 |   0 | 930 |-2.456455e+01 |      --      |    Inf | unknown
 5118s|  5000 |  5001 |  8244k|1641.0 |   311M |  73 |1502 | 501 |1538 |  62k|  2 |   0 | 933 |-2.456165e+01 |      --      |    Inf | unknown
 5216s|  5100 |  5101 |  8418k|1642.9 |   312M |  73 |1502 | 501 |1504 |  64k|  5 |   0 | 946 |-2.456165e+01 |      --      |    Inf | unknown
 5328s|  5200 |  5201 |  8628k|1651.8 |   312M |  73 |1502 | 501 |1549 |  65k|  5 |   0 | 946 |-2.456165e+01 |      --      |    Inf | unknown
 5434s|  5300 |  5301 |  8815k|1655.9 |   313M |  73 |1502 | 501 |1542 |  66k|  2 |   0 | 959 |-2.456165e+01 |      --      |    Inf | unknown
 5541s|  5400 |  5401 |  9017k|1662.5 |   315M |  73 |1502 | 501 |1394 |  68k|  2 |   0 | 963 |-2.456165e+01 |      --      |    Inf | unknown
 5635s|  5500 |  5501 |  9189k|1663.7 |   315M |  73 |1502 | 501 |1525 |  69k|  2 |   0 | 969 |-2.456165e+01 |      --      |    Inf | unknown
 5739s|  5600 |  5601 |  9376k|1667.3 |   316M |  73 |1502 | 501 |1497 |  70k|  2 |   0 | 982 |-2.456165e+01 |      --      |    Inf | unknown
 5854s|  5700 |  5701 |  9600k|1677.4 |   316M |  73 |1502 | 501 |1369 |  71k|  4 |   0 | 983 |-2.456165e+01 |      --      |    Inf | unknown
 5961s|  5800 |  5801 |  9787k|1680.7 |   317M |  73 |1502 | 501 |1523 |  73k|  2 |   0 | 990 |-2.456165e+01 |      --      |    Inf | unknown
 6064s|  5900 |  5901 |  9974k|1684.0 |   318M |  73 |1502 | 501 |1360 |  74k|  2 |   0 | 997 |-2.456165e+01 |      --      |    Inf | unknown
 time | node  | left  |LP iter|LP it/n|mem/heur|mdpt |vars |cons |rows |cuts |sepa|confs|strbr|  dualbound   | primalbound  |  gap   | compl. 
 6157s|  6000 |  6001 | 10148k|1684.8 |   319M |  73 |1502 | 501 |1390 |  75k|  5 |   0 |1000 |-2.456165e+01 |      --      |    Inf | unknown
 6244s|  6100 |  6101 | 10300k|1682.1 |   319M |  73 |1502 | 501 |1471 |  77k|  3 |   0 |1012 |-2.456165e+01 |      --      |    Inf | unknown
 6350s|  6200 |  6201 | 10496k|1686.7 |   320M |  73 |1502 | 501 |1369 |  78k|  2 |   0 |1016 |-2.456165e+01 |      --      |    Inf | unknown
 6437s|  6300 |  6301 | 10649k|1684.2 |   321M |  73 |1502 | 501 |1608 |  79k|  2 |   0 |1017 |-2.456165e+01 |      --      |    Inf | unknown
 6531s|  6400 |  6401 | 10820k|1684.5 |   322M |  73 |1502 | 501 |1504 |  80k|  2 |   0 |1021 |-2.456165e+01 |      --      |    Inf | unknown
 6636s|  6500 |  6501 | 11023k|1689.8 |   323M |  73 |1502 | 501 |1398 |  82k|  2 |   0 |1021 |-2.456165e+01 |      --      |    Inf | unknown
 6736s|  6600 |  6601 | 11204k|1691.8 |   323M |  73 |1502 | 501 |1608 |  83k|  2 |   0 |1035 |-2.456165e+01 |      --      |    Inf | unknown
 6826s|  6700 |  6701 | 11372k|1691.5 |   325M |  73 |1502 | 501 |1490 |  84k|  4 |   0 |1036 |-2.456165e+01 |      --      |    Inf | unknown
 6927s|  6800 |  6801 | 11555k|1693.5 |   325M |  73 |1502 | 501 |1417 |  85k|  4 |   0 |1041 |-2.456165e+01 |      --      |    Inf | unknown
 7026s|  6900 |  6901 | 11727k|1694.0 |   325M |  73 |1502 | 501 |1652 |  87k|  5 |   0 |1049 |-2.456165e+01 |      --      |    Inf | unknown
 7118s|  7000 |  7001 | 11898k|1694.2 |   325M |  73 |1502 | 501 |1437 |  88k|  2 |   0 |1052 |-2.456165e+01 |      --      |    Inf | unknown
 7216s|  7100 |  7101 | 12085k|1696.7 |   326M |  73 |1502 | 501 |1505 |  89k|  2 |   0 |1058 |-2.456165e+01 |      --      |    Inf | unknown
 7321s|  7200 |  7201 | 12279k|1700.0 |   328M |  73 |1502 | 501 |1503 |  91k|  2 |   0 |1063 |-2.456165e+01 |      --      |    Inf | unknown
 7426s|  7300 |  7301 | 12479k|1704.1 |   328M |  73 |1502 | 501 |1460 |  92k|  2 |   0 |1066 |-2.456165e+01 |      --      |    Inf | unknown
 7519s|  7400 |  7401 | 12643k|1703.2 |   328M |  73 |1502 | 501 |1625 |  93k|  2 |   0 |1077 |-2.456165e+01 |      --      |    Inf | unknown
 time | node  | left  |LP iter|LP it/n|mem/heur|mdpt |vars |cons |rows |cuts |sepa|confs|strbr|  dualbound   | primalbound  |  gap   | compl. 
 7624s|  7500 |  7501 | 12839k|1706.7 |   328M |  73 |1502 | 501 |1522 |  95k|  2 |   0 |1080 |-2.456165e+01 |      --      |    Inf | unknown
 7740s|  7600 |  7601 | 13052k|1712.2 |   331M |  73 |1502 | 501 |1375 |  96k|  2 |   0 |1086 |-2.456165e+01 |      --      |    Inf | unknown
 7849s|  7700 |  7701 | 13254k|1716.2 |   331M |  73 |1502 | 501 |1559 |  98k|  3 |   0 |1092 |-2.456165e+01 |      --      |    Inf | unknown
 7950s|  7800 |  7801 | 13443k|1718.5 |   331M |  73 |1502 | 501 |1441 |  99k|  2 |   0 |1093 |-2.456165e+01 |      --      |    Inf | unknown
 8071s|  7900 |  7901 | 13672k|1725.7 |   332M |  73 |1502 | 501 |1369 | 101k|  5 |   0 |1099 |-2.456165e+01 |      --      |    Inf | unknown
 8174s|  8000 |  8001 | 13863k|1728.0 |   334M |  73 |1502 | 501 |1567 | 102k|  2 |   0 |1101 |-2.456165e+01 |      --      |    Inf | unknown
 8269s|  8100 |  8101 | 14037k|1728.1 |   334M |  73 |1502 | 501 |1456 | 103k|  2 |   0 |1106 |-2.456165e+01 |      --      |    Inf | unknown
 8363s|  8200 |  8201 | 14209k|1728.1 |   334M |  73 |1502 | 501 |1590 | 104k|  2 |   0 |1111 |-2.456165e+01 |      --      |    Inf | unknown
 8446s|  8300 |  8301 | 14357k|1725.1 |   335M |  73 |1502 | 501 |1475 | 105k|  2 |   0 |1113 |-2.456165e+01 |      --      |    Inf | unknown
 8547s|  8400 |  8401 | 14548k|1727.3 |   335M |  73 |1502 | 501 |1304 | 106k|  2 |   0 |1118 |-2.456165e+01 |      --      |    Inf | unknown
 8646s|  8500 |  8501 | 14731k|1728.5 |   336M |  73 |1502 | 501 |1662 | 108k|  4 |   0 |1126 |-2.456165e+01 |      --      |    Inf | unknown
 8730s|  8600 |  8601 | 14882k|1726.0 |   336M |  73 |1502 | 501 |1431 | 109k|  4 |   0 |1129 |-2.456165e+01 |      --      |    Inf | unknown
 8819s|  8700 |  8701 | 15045k|1724.8 |   337M |  73 |1502 | 501 |1321 | 110k|  2 |   0 |1132 |-2.456165e+01 |      --      |    Inf | unknown
 8909s|  8800 |  8801 | 15201k|1723.0 |   337M |  73 |1502 | 501 |1491 | 111k|  4 |   0 |1137 |-2.456165e+01 |      --      |    Inf | unknown
 9018s|  8900 |  8901 | 15403k|1726.3 |   339M |  73 |1502 | 501 |1508 | 112k|  2 |   0 |1139 |-2.456165e+01 |      --      |    Inf | unknown
 time | node  | left  |LP iter|LP it/n|mem/heur|mdpt |vars |cons |rows |cuts |sepa|confs|strbr|  dualbound   | primalbound  |  gap   | compl. 
 9117s|  9000 |  9001 | 15594k|1728.4 |   340M |  73 |1502 | 501 |1555 | 113k|  2 |   0 |1142 |-2.456165e+01 |      --      |    Inf | unknown
 9211s|  9100 |  9101 | 15755k|1727.1 |   341M |  73 |1502 | 501 |1569 | 115k|  1 |   0 |1152 |-2.456165e+01 |      --      |    Inf | unknown
 9308s|  9200 |  9201 | 15939k|1728.3 |   341M |  73 |1502 | 501 |1358 | 116k|  2 |   0 |1154 |-2.456165e+01 |      --      |    Inf | unknown
 9395s|  9300 |  9301 | 16107k|1727.8 |   341M |  73 |1502 | 501 |1486 | 117k|  2 |   0 |1156 |-2.456165e+01 |      --      |    Inf | unknown
 9498s|  9400 |  9401 | 16286k|1728.5 |   343M |  73 |1502 | 501 |1442 | 118k|  2 |   0 |1163 |-2.456165e+01 |      --      |    Inf | unknown
 9587s|  9500 |  9501 | 16458k|1728.4 |   343M |  73 |1502 | 501 |1382 | 119k|  2 |   0 |1166 |-2.456165e+01 |      --      |    Inf | unknown
 9642s|  9600 |  9601 | 16549k|1719.8 |   344M |  73 |1502 | 501 |1404 | 120k|  2 |   0 |1170 |-2.456165e+01 |      --      |    Inf | unknown
 9726s|  9700 |  9701 | 16702k|1717.8 |   344M |  73 |1502 | 501 |1412 | 121k|  2 |   0 |1173 |-2.456165e+01 |      --      |    Inf | unknown
 9843s|  9800 |  9801 | 16906k|1721.1 |   345M |  73 |1502 | 501 |1340 | 122k|  2 |   0 |1179 |-2.456165e+01 |      --      |    Inf | unknown
 9936s|  9900 |  9901 | 17079k|1721.3 |   347M |  73 |1502 | 501 |1556 | 124k|  2 |   0 |1182 |-2.456165e+01 |      --      |    Inf | unknown
  167m| 10000 | 10001 | 17282k|1724.3 |   347M |  73 |1502 | 501 |1437 | 125k|  2 |   0 |1183 |-2.456165e+01 |      --      |    Inf | unknown
  169m| 10100 | 10101 | 17399k|1718.8 |   347M |  73 |1502 | 501 |1526 | 126k|  2 |   0 |1191 |-2.456165e+01 |      --      |    Inf | unknown
  170m| 10200 | 10201 | 17610k|1722.7 |   347M |  73 |1502 | 501 |1503 | 127k|  2 |   0 |1193 |-2.456165e+01 |      --      |    Inf | unknown
  172m| 10300 | 10301 | 17777k|1722.2 |   347M |  73 |1502 | 501 |1408 | 128k|  2 |   0 |1193 |-2.456165e+01 |      --      |    Inf | unknown
  174m| 10400 | 10401 | 17968k|1724.0 |   349M |  73 |1502 | 501 |1572 | 130k|  2 |   0 |1201 |-2.456165e+01 |      --      |    Inf | unknown
 time | node  | left  |LP iter|LP it/n|mem/heur|mdpt |vars |cons |rows |cuts |sepa|confs|strbr|  dualbound   | primalbound  |  gap   | compl. 
  175m| 10500 | 10501 | 18169k|1726.7 |   349M |  73 |1502 | 501 |1548 | 131k|  4 |   0 |1203 |-2.456165e+01 |      --      |    Inf | unknown
  177m| 10600 | 10601 | 18316k|1724.3 |   350M |  73 |1502 | 501 |1409 | 132k|  5 |   0 |1203 |-2.456165e+01 |      --      |    Inf | unknown
  178m| 10700 | 10701 | 18472k|1722.7 |   350M |  73 |1502 | 501 |1514 | 133k|  2 |   0 |1208 |-2.456165e+01 |      --      |    Inf | unknown
  180m| 10800 | 10801 | 18618k|1720.3 |   350M |  73 |1502 | 501 |1457 | 134k|  3 |   0 |1211 |-2.456165e+01 |      --      |    Inf | unknown

SCIP Status        : solving was interrupted [time limit reached]
Solving Time (sec) : 10800.00
Solving Nodes      : 10834
Primal Bound       : +1.00000000000000e+20 (0 solutions)
Dual Bound         : -2.45616511371293e+01
Gap                : infinite

