Solver command line: ['/cvmfs/soft.computecanada.ca/easybuild/software/2023/x86-64-v4/Compiler/gcc12/scipoptsuite/9.0.0/bin/scip', '/tmp/tmp3rv0f_ap.pyomo', '-AMPL']

SCIP version 9.0.0 [precision: 8 byte] [memory: block] [mode: optimized] [LP solver: Soplex 7.0.0] [GitHash: 7205bedd94]
Copyright (c) 2002-2024 Zuse Institute Berlin (ZIB)

External libraries: 
  Readline 8.1         GNU library for command line editing (gnu.org/s/readline)
  Soplex 7.0.0         Linear Programming Solver developed at Zuse Institute Berlin (soplex.zib.de) [GitHash: 6657fb3b]
  CppAD 20180000.0     Algorithmic Differentiation of C++ algorithms developed by B. Bell (github.com/coin-or/CppAD)
  ZLIB 1.2.13          General purpose compression library by J. Gailly and M. Adler (zlib.net)
  GMP 6.2.1            GNU Multiple Precision Arithmetic Library developed by T. Granlund (gmplib.org)
  ZIMPL 3.5.3          Zuse Institute Mathematical Programming Language developed by T. Koch (zimpl.zib.de)
  AMPL/MP 690e9e7      AMPL .nl file reader library (github.com/ampl/mp)
  PaPILO 2.2.0         parallel presolve for integer and linear optimization (github.com/scipopt/papilo) (built with TBB) [GitHash: df30ae49]
  bliss 0.77           Computing Graph Automorphisms by T. Junttila and P. Kaski (users.aalto.fi/~tjunttil/bliss)
  sassy 1.1            Symmetry preprocessor by Markus Anders (github.com/markusa4/sassy)
  Ipopt 3.14.14        Interior Point Optimizer developed by A. Waechter et.al. (github.com/coin-or/Ipopt)

reading user parameter file <scip.set>
===========================

limits/time = 10800

read problem </tmp/tmp3rv0f_ap.pyomo.nl>
============

original problem has 501 variables (0 bin, 500 int, 0 impl, 1 cont) and 501 constraints

solve problem
=============

1/1 feasible solution given by solution candidate storage, new primal bound 0.000000e+00

presolving:
   (0.1s) symmetry computation started: requiring (bin +, int +, cont +), (fixed: bin -, int -, cont -)
   (0.2s) no symmetry present (symcode time: 0.02)
presolving (1 rounds: 1 fast, 1 medium, 1 exhaustive):
 0 deleted vars, 0 deleted constraints, 0 added constraints, 1 tightened bounds, 0 added holes, 0 changed sides, 0 changed coefficients
 0 implications, 0 cliques
presolved problem has 501 variables (0 bin, 500 int, 0 impl, 1 cont) and 501 constraints
    500 constraints of type <linear>
      1 constraints of type <nonlinear>
Presolving Time: 0.18
transformed 1/1 original solutions to the transformed problem space

 time | node  | left  |LP iter|LP it/n|mem/heur|mdpt |vars |cons |rows |cuts |sepa|confs|strbr|  dualbound   | primalbound  |  gap   | compl. 
  3.1s|     1 |     0 |  4261 |     - |   133M |   0 |1502 | 501 |2500 |   0 |  0 |   0 |   0 |-2.477245e+01 | 0.000000e+00 |    Inf | unknown
  6.3s|     1 |     0 |  5767 |     - |   147M |   0 |1502 | 501 |3000 | 500 |  1 |   0 |   0 |-2.477245e+01 | 0.000000e+00 |    Inf | unknown
 11.8s|     1 |     0 |  8729 |     - |   169M |   0 |1502 | 501 |3491 | 991 |  2 |   0 |   0 |-2.477245e+01 | 0.000000e+00 |    Inf | unknown
 22.7s|     1 |     0 | 19524 |     - |   179M |   0 |1502 | 501 |3945 |1445 |  3 |   0 |   0 |-2.475084e+01 | 0.000000e+00 |    Inf | unknown
 23.7s|     1 |     0 | 19524 |     - |   179M |   0 |1502 | 501 |3945 |1445 |  3 |   0 |   0 |-2.475084e+01 | 0.000000e+00 |    Inf | unknown
 30.9s|     1 |     0 | 30213 |     - |   191M |   0 |1502 | 501 |4234 |1734 |  4 |   0 |   0 |-2.466545e+01 | 0.000000e+00 |    Inf | unknown
 31.8s|     1 |     0 | 30213 |     - |   192M |   0 |1502 | 501 |4234 |1734 |  4 |   0 |   0 |-2.466545e+01 | 0.000000e+00 |    Inf | unknown
 38.6s|     1 |     0 | 40603 |     - |   204M |   0 |1502 | 501 |4367 |1867 |  5 |   0 |   0 |-2.460768e+01 | 0.000000e+00 |    Inf | unknown
 39.4s|     1 |     0 | 40603 |     - |   205M |   0 |1502 | 501 |4367 |1867 |  5 |   0 |   0 |-2.460768e+01 | 0.000000e+00 |    Inf | unknown
 42.6s|     1 |     0 | 44556 |     - |   226M |   0 |1502 | 501 |4402 |1902 |  6 |   0 |   0 |-2.459966e+01 | 0.000000e+00 |    Inf | unknown
 43.4s|     1 |     0 | 44556 |     - |   226M |   0 |1502 | 501 |4402 |1902 |  6 |   0 |   0 |-2.459966e+01 | 0.000000e+00 |    Inf | unknown
 44.9s|     1 |     0 | 45037 |     - |   248M |   0 |1502 | 501 |4409 |1909 |  7 |   0 |   0 |-2.459934e+01 | 0.000000e+00 |    Inf | unknown
 46.9s|     1 |     0 | 45255 |     - |   252M |   0 |1502 | 501 |4411 |1911 |  8 |   0 |   0 |-2.459923e+01 | 0.000000e+00 |    Inf | unknown
 48.9s|     1 |     0 | 45572 |     - |   275M |   0 |1502 | 501 |4412 |1912 |  9 |   0 |   0 |-2.459912e+01 | 0.000000e+00 |    Inf | unknown
 50.8s|     1 |     0 | 45792 |     - |   278M |   0 |1502 | 501 |4414 |1914 | 10 |   0 |   0 |-2.459905e+01 | 0.000000e+00 |    Inf | unknown
 time | node  | left  |LP iter|LP it/n|mem/heur|mdpt |vars |cons |rows |cuts |sepa|confs|strbr|  dualbound   | primalbound  |  gap   | compl. 
 52.3s|     1 |     0 | 45885 |     - |   279M |   0 |1502 | 501 |1933 |1917 | 11 |   0 |   0 |-2.459903e+01 | 0.000000e+00 |    Inf | unknown
 53.8s|     1 |     0 | 45946 |     - |   279M |   0 |1502 | 501 |1934 |1918 | 12 |   0 |   0 |-2.459902e+01 | 0.000000e+00 |    Inf | unknown
 55.3s|     1 |     0 | 46004 |     - |   279M |   0 |1502 | 501 |1935 |1919 | 13 |   0 |   0 |-2.459902e+01 | 0.000000e+00 |    Inf | unknown
 56.9s|     1 |     0 | 46037 |     - |   279M |   0 |1502 | 501 |1936 |1920 | 14 |   0 |   0 |-2.459902e+01 | 0.000000e+00 |    Inf | unknown
 58.3s|     1 |     0 | 46076 |     - |   279M |   0 |1502 | 501 |1937 |1921 | 15 |   0 |   0 |-2.459901e+01 | 0.000000e+00 |    Inf | unknown
 59.9s|     1 |     0 | 46082 |     - |   280M |   0 |1502 | 501 |1938 |1922 | 16 |   0 |   0 |-2.459901e+01 | 0.000000e+00 |    Inf | unknown
  324s|     1 |     2 |521402 |     - |   280M |   0 |1502 | 501 |1938 |1922 | 16 |   0 |  29 |-2.459829e+01 | 0.000000e+00 |    Inf | unknown
  582s|   100 |   101 |724591 |6853.6 |   287M |  19 |1502 | 501 |1278 |3318 |  2 |   0 | 346 |-2.459818e+01 | 0.000000e+00 |    Inf | unknown
  720s|   200 |   201 |893136 |4256.6 |   288M |  29 |1502 | 501 |1272 |4392 |  2 |   0 | 423 |-2.458622e+01 | 0.000000e+00 |    Inf | unknown
  827s|   300 |   301 |  1015k|3241.3 |   289M |  33 |1502 | 501 |1341 |5219 |  2 |   0 | 477 |-2.458556e+01 | 0.000000e+00 |    Inf | unknown
  923s|   400 |   401 |  1167k|2811.1 |   284M |  35 |1502 | 501 |1268 |6242 |  2 |   0 | 487 |-2.458476e+01 | 0.000000e+00 |    Inf | unknown
 1021s|   500 |   501 |  1287k|2488.5 |   285M |  35 |1502 | 501 |1248 |7171 |  2 |   0 | 518 |-2.458369e+01 | 0.000000e+00 |    Inf | unknown
 1114s|   600 |   601 |  1416k|2288.1 |   286M |  39 |1502 | 501 |1272 |8037 |  2 |   0 | 530 |-2.458158e+01 | 0.000000e+00 |    Inf | unknown
 1206s|   700 |   701 |  1566k|2174.6 |   286M |  39 |1502 | 501 |1373 |8999 |  4 |   0 | 545 |-2.458158e+01 | 0.000000e+00 |    Inf | unknown
 1295s|   800 |   801 |  1677k|2042.1 |   286M |  41 |1502 | 501 |1368 |9815 |  2 |   0 | 560 |-2.458157e+01 | 0.000000e+00 |    Inf | unknown
 time | node  | left  |LP iter|LP it/n|mem/heur|mdpt |vars |cons |rows |cuts |sepa|confs|strbr|  dualbound   | primalbound  |  gap   | compl. 
 1419s|   900 |   901 |  1865k|2023.6 |   288M |  43 |1502 | 501 |1408 |  11k|  4 |   0 | 584 |-2.458059e+01 | 0.000000e+00 |    Inf | unknown
 1523s|  1000 |  1001 |  1982k|1938.7 |   289M |  43 |1502 | 501 |1274 |  12k|  2 |   0 | 595 |-2.458059e+01 | 0.000000e+00 |    Inf | unknown
 1608s|  1100 |  1101 |  2115k|1883.4 |   290M |  45 |1502 | 501 |1387 |  13k|  2 |   0 | 596 |-2.458013e+01 | 0.000000e+00 |    Inf | unknown
 1704s|  1200 |  1201 |  2243k|1833.0 |   292M |  45 |1502 | 501 |1311 |  14k|  2 |   0 | 600 |-2.457971e+01 | 0.000000e+00 |    Inf | unknown
 1780s|  1300 |  1301 |  2369k|1788.4 |   294M |  49 |1502 | 501 |1369 |  14k|  2 |   0 | 600 |-2.457934e+01 | 0.000000e+00 |    Inf | unknown
 1876s|  1400 |  1401 |  2532k|1777.0 |   294M |  51 |1502 | 506 |1333 |  15k|  2 |   6 | 610 |-2.457843e+01 | 0.000000e+00 |    Inf | unknown
 1972s|  1500 |  1501 |  2695k|1767.8 |   295M |  53 |1502 | 504 |1300 |  16k|  2 |   6 | 611 |-2.457794e+01 | 0.000000e+00 |    Inf | unknown
 2078s|  1600 |  1601 |  2872k|1767.7 |   297M |  53 |1502 | 504 |1483 |  17k|  2 |   8 | 629 |-2.457794e+01 | 0.000000e+00 |    Inf | unknown
 2173s|  1700 |  1701 |  3043k|1764.2 |   298M |  55 |1502 | 504 |1353 |  18k|  2 |   8 | 637 |-2.457772e+01 | 0.000000e+00 |    Inf | unknown
 2277s|  1800 |  1801 |  3220k|1764.4 |   300M |  55 |1502 | 504 |1354 |  19k|  2 |  10 | 653 |-2.457772e+01 | 0.000000e+00 |    Inf | unknown
 2385s|  1900 |  1901 |  3403k|1767.8 |   301M |  55 |1502 | 504 |1409 |  20k|  3 |  11 | 658 |-2.457772e+01 | 0.000000e+00 |    Inf | unknown
 2470s|  2000 |  2001 |  3542k|1748.9 |   303M |  59 |1502 | 502 |1283 |  21k|  2 |  11 | 666 |-2.457574e+01 | 0.000000e+00 |    Inf | unknown
 2554s|  2100 |  2101 |  3678k|1730.8 |   305M |  59 |1502 | 503 |1344 |  22k|  2 |  12 | 671 |-2.457574e+01 | 0.000000e+00 |    Inf | unknown
 2649s|  2200 |  2201 |  3814k|1713.7 |   306M |  59 |1502 | 502 |1390 |  23k|  2 |  12 | 686 |-2.457574e+01 | 0.000000e+00 |    Inf | unknown
 2743s|  2300 |  2301 |  3967k|1705.6 |   309M |  61 |1502 | 501 |1461 |  24k|  2 |  12 | 691 |-2.457423e+01 | 0.000000e+00 |    Inf | unknown
 time | node  | left  |LP iter|LP it/n|mem/heur|mdpt |vars |cons |rows |cuts |sepa|confs|strbr|  dualbound   | primalbound  |  gap   | compl. 
 2846s|  2400 |  2401 |  4152k|1711.7 |   310M |  61 |1502 | 503 |1413 |  26k|  2 |  14 | 696 |-2.457423e+01 | 0.000000e+00 |    Inf | unknown
 2932s|  2500 |  2501 |  4288k|1697.5 |   310M |  63 |1502 | 505 |1518 |  26k|  2 |  16 | 703 |-2.457330e+01 | 0.000000e+00 |    Inf | unknown
 3022s|  2600 |  2601 |  4439k|1690.5 |   311M |  63 |1502 | 505 |1356 |  27k|  2 |  18 | 710 |-2.457330e+01 | 0.000000e+00 |    Inf | unknown
 3116s|  2700 |  2701 |  4603k|1688.4 |   312M |  63 |1502 | 506 |1321 |  29k|  2 |  19 | 716 |-2.457330e+01 | 0.000000e+00 |    Inf | unknown
 3190s|  2800 |  2801 |  4720k|1669.9 |   314M |  65 |1502 | 506 |1244 |  29k|  2 |  21 | 722 |-2.457302e+01 | 0.000000e+00 |    Inf | unknown
 3296s|  2900 |  2901 |  4896k|1673.0 |   315M |  65 |1502 | 505 |1497 |  31k|  5 |  22 | 737 |-2.457302e+01 | 0.000000e+00 |    Inf | unknown
 3382s|  3000 |  3001 |  5041k|1665.8 |   315M |  65 |1502 | 504 |1465 |  31k|  2 |  22 | 742 |-2.457266e+01 | 0.000000e+00 |    Inf | unknown
 3487s|  3100 |  3101 |  5201k|1663.7 |   317M |  65 |1502 | 502 |1401 |  33k|  2 |  22 | 753 |-2.457256e+01 | 0.000000e+00 |    Inf | unknown
 3577s|  3200 |  3201 |  5347k|1657.1 |   318M |  67 |1502 | 503 |1447 |  34k|  2 |  24 | 763 |-2.457173e+01 | 0.000000e+00 |    Inf | unknown
 3683s|  3300 |  3301 |  5548k|1668.0 |   320M |  67 |1502 | 503 |1409 |  35k|  2 |  24 | 768 |-2.457097e+01 | 0.000000e+00 |    Inf | unknown
 3772s|  3400 |  3401 |  5694k|1661.9 |   321M |  69 |1502 | 502 |1303 |  36k|  2 |  25 | 784 |-2.457097e+01 | 0.000000e+00 |    Inf | unknown
 3855s|  3500 |  3501 |  5830k|1653.2 |   321M |  71 |1502 | 504 |1291 |  37k|  2 |  27 | 789 |-2.456911e+01 | 0.000000e+00 |    Inf | unknown
 3944s|  3600 |  3601 |  5983k|1649.6 |   322M |  71 |1502 | 504 |1392 |  38k|  2 |  27 | 791 |-2.456911e+01 | 0.000000e+00 |    Inf | unknown
 4041s|  3700 |  3701 |  6147k|1649.5 |   323M |  71 |1502 | 504 |1349 |  39k|  2 |  28 | 797 |-2.456911e+01 | 0.000000e+00 |    Inf | unknown
 4124s|  3800 |  3801 |  6288k|1643.2 |   324M |  71 |1502 | 503 |1350 |  40k|  2 |  29 | 797 |-2.456911e+01 | 0.000000e+00 |    Inf | unknown
 time | node  | left  |LP iter|LP it/n|mem/heur|mdpt |vars |cons |rows |cuts |sepa|confs|strbr|  dualbound   | primalbound  |  gap   | compl. 
 4211s|  3900 |  3901 |  6439k|1639.7 |   325M |  73 |1502 | 502 |1527 |  41k|  2 |  29 | 803 |-2.456905e+01 | 0.000000e+00 |    Inf | unknown
 4314s|  4000 |  4001 |  6611k|1641.9 |   327M |  73 |1502 | 502 |1433 |  42k|  2 |  29 | 805 |-2.456905e+01 | 0.000000e+00 |    Inf | unknown
 4428s|  4100 |  4101 |  6819k|1652.4 |   328M |  73 |1502 | 502 |1376 |  44k|  4 |  30 | 813 |-2.456842e+01 | 0.000000e+00 |    Inf | unknown
 4526s|  4200 |  4201 |  6985k|1652.5 |   329M |  73 |1502 | 503 |1544 |  45k|  2 |  31 | 818 |-2.456842e+01 | 0.000000e+00 |    Inf | unknown
 4640s|  4300 |  4301 |  7180k|1659.7 |   331M |  75 |1502 | 504 |1373 |  46k|  2 |  32 | 830 |-2.456803e+01 | 0.000000e+00 |    Inf | unknown
 4740s|  4400 |  4401 |  7361k|1662.9 |   331M |  75 |1502 | 502 |1565 |  47k|  2 |  32 | 834 |-2.456803e+01 | 0.000000e+00 |    Inf | unknown
 4842s|  4500 |  4501 |  7552k|1668.5 |   332M |  75 |1502 | 504 |1424 |  48k|  2 |  34 | 838 |-2.456803e+01 | 0.000000e+00 |    Inf | unknown
 4939s|  4600 |  4601 |  7721k|1669.0 |   332M |  75 |1502 | 504 |1551 |  50k|  2 |  35 | 839 |-2.456803e+01 | 0.000000e+00 |    Inf | unknown
 5049s|  4700 |  4701 |  7894k|1670.1 |   333M |  75 |1502 | 503 |1400 |  51k|  3 |  36 | 855 |-2.456733e+01 | 0.000000e+00 |    Inf | unknown
 5156s|  4800 |  4801 |  8079k|1674.0 |   335M |  75 |1502 | 504 |1270 |  52k|  2 |  37 | 861 |-2.456733e+01 | 0.000000e+00 |    Inf | unknown
 5249s|  4900 |  4901 |  8242k|1673.1 |   336M |  75 |1502 | 503 |1474 |  53k|  2 |  37 | 862 |-2.456733e+01 | 0.000000e+00 |    Inf | unknown
 5368s|  5000 |  5001 |  8439k|1679.1 |   336M |  75 |1502 | 503 |1445 |  55k|  2 |  38 | 870 |-2.456706e+01 | 0.000000e+00 |    Inf | unknown
 5463s|  5100 |  5101 |  8619k|1681.4 |   337M |  79 |1502 | 502 |1495 |  56k|  2 |  38 | 872 |-2.456698e+01 | 0.000000e+00 |    Inf | unknown
 5567s|  5200 |  5201 |  8802k|1684.3 |   339M |  79 |1502 | 503 |1288 |  57k|  2 |  40 | 882 |-2.456698e+01 | 0.000000e+00 |    Inf | unknown
 5659s|  5300 |  5301 |  8969k|1684.1 |   340M |  79 |1502 | 504 |1474 |  58k|  2 |  41 | 885 |-2.456698e+01 | 0.000000e+00 |    Inf | unknown
 time | node  | left  |LP iter|LP it/n|mem/heur|mdpt |vars |cons |rows |cuts |sepa|confs|strbr|  dualbound   | primalbound  |  gap   | compl. 
 5753s|  5400 |  5401 |  9129k|1682.4 |   340M |  79 |1502 | 503 |1468 |  59k|  2 |  42 | 886 |-2.456698e+01 | 0.000000e+00 |    Inf | unknown
 5852s|  5500 |  5501 |  9295k|1681.9 |   341M |  79 |1502 | 504 |1444 |  61k|  3 |  43 | 891 |-2.456666e+01 | 0.000000e+00 |    Inf | unknown
 5941s|  5600 |  5601 |  9456k|1680.7 |   342M |  79 |1502 | 503 |1444 |  61k|  2 |  43 | 894 |-2.456666e+01 | 0.000000e+00 |    Inf | unknown
 6050s|  5700 |  5701 |  9649k|1685.1 |   342M |  79 |1502 | 502 |1456 |  63k|  2 |  44 | 905 |-2.456666e+01 | 0.000000e+00 |    Inf | unknown
 6134s|  5800 |  5801 |  9783k|1679.2 |   343M |  79 |1502 | 502 |1523 |  64k|  4 |  44 | 908 |-2.456666e+01 | 0.000000e+00 |    Inf | unknown
 6241s|  5900 |  5901 |  9972k|1682.7 |   344M |  81 |1502 | 503 |1421 |  65k|  3 |  45 | 913 |-2.456617e+01 | 0.000000e+00 |    Inf | unknown
 6340s|  6000 |  6001 | 10145k|1683.5 |   345M |  81 |1502 | 502 |1465 |  66k|  2 |  45 | 925 |-2.456617e+01 | 0.000000e+00 |    Inf | unknown
 6439s|  6100 |  6101 | 10304k|1682.0 |   346M |  81 |1502 | 503 |1560 |  67k|  2 |  46 | 926 |-2.456613e+01 | 0.000000e+00 |    Inf | unknown
 6546s|  6200 |  6201 | 10503k|1686.9 |   347M |  81 |1502 | 503 |1341 |  69k|  2 |  47 | 932 |-2.456613e+01 | 0.000000e+00 |    Inf | unknown
 6661s|  6300 |  6301 | 10701k|1691.6 |   348M |  81 |1502 | 503 |1479 |  70k|  2 |  48 | 937 |-2.456581e+01 | 0.000000e+00 |    Inf | unknown
 6774s|  6400 |  6401 | 10896k|1695.7 |   349M |  81 |1502 | 503 |1371 |  71k|  2 |  49 | 944 |-2.456581e+01 | 0.000000e+00 |    Inf | unknown
 6865s|  6500 |  6501 | 11056k|1694.1 |   349M |  81 |1502 | 502 |1417 |  72k|  3 |  49 | 948 |-2.456580e+01 | 0.000000e+00 |    Inf | unknown
 6958s|  6600 |  6601 | 11225k|1694.0 |   350M |  81 |1502 | 503 |1588 |  74k|  4 |  50 | 948 |-2.456580e+01 | 0.000000e+00 |    Inf | unknown
 7056s|  6700 |  6701 | 11396k|1694.4 |   351M |  81 |1502 | 502 |1349 |  74k|  2 |  50 | 956 |-2.456454e+01 | 0.000000e+00 |    Inf | unknown
 7155s|  6800 |  6801 | 11560k|1693.6 |   352M |  83 |1502 | 503 |1447 |  76k|  2 |  51 | 959 |-2.456454e+01 | 0.000000e+00 |    Inf | unknown
 time | node  | left  |LP iter|LP it/n|mem/heur|mdpt |vars |cons |rows |cuts |sepa|confs|strbr|  dualbound   | primalbound  |  gap   | compl. 
 7247s|  6900 |  6901 | 11730k|1693.6 |   353M |  83 |1502 | 502 |1576 |  77k|  2 |  51 | 963 |-2.456454e+01 | 0.000000e+00 |    Inf | unknown
 7363s|  7000 |  7001 | 11943k|1699.9 |   354M |  83 |1502 | 502 |1406 |  78k|  2 |  52 | 972 |-2.456454e+01 | 0.000000e+00 |    Inf | unknown
 7454s|  7100 |  7101 | 12109k|1699.3 |   355M |  83 |1502 | 503 |1463 |  79k|  3 |  53 | 974 |-2.456454e+01 | 0.000000e+00 |    Inf | unknown
 7564s|  7200 |  7201 | 12303k|1702.7 |   355M |  83 |1502 | 502 |1622 |  81k|  4 |  53 | 983 |-2.456454e+01 | 0.000000e+00 |    Inf | unknown
 7659s|  7300 |  7301 | 12465k|1701.5 |   355M |  83 |1502 | 503 |1398 |  82k|  2 |  54 | 993 |-2.456406e+01 | 0.000000e+00 |    Inf | unknown
 7741s|  7400 |  7401 | 12610k|1698.1 |   355M |  83 |1502 | 502 |1378 |  83k|  2 |  54 | 993 |-2.456406e+01 | 0.000000e+00 |    Inf | unknown
 7844s|  7500 |  7501 | 12799k|1700.7 |   356M |  83 |1502 | 502 |1574 |  84k|  2 |  54 | 996 |-2.456406e+01 | 0.000000e+00 |    Inf | unknown
 7939s|  7600 |  7601 | 12961k|1699.6 |   357M |  83 |1502 | 501 |1405 |  85k|  4 |  54 |1004 |-2.456406e+01 | 0.000000e+00 |    Inf | unknown
 8056s|  7700 |  7701 | 13178k|1705.8 |   358M |  83 |1502 | 501 |1465 |  87k|  3 |  54 |1004 |-2.456400e+01 | 0.000000e+00 |    Inf | unknown
 8166s|  7800 |  7801 | 13370k|1708.5 |   358M |  83 |1502 | 502 |1596 |  88k|  2 |  55 |1011 |-2.456400e+01 | 0.000000e+00 |    Inf | unknown
 8267s|  7900 |  7901 | 13559k|1710.8 |   359M |  85 |1502 | 503 |1435 |  89k|  4 |  56 |1013 |-2.456400e+01 | 0.000000e+00 |    Inf | unknown
 8362s|  8000 |  8001 | 13731k|1710.8 |   359M |  85 |1502 | 502 |1494 |  90k|  2 |  56 |1021 |-2.456400e+01 | 0.000000e+00 |    Inf | unknown
 8472s|  8100 |  8101 | 13937k|1715.2 |   360M |  85 |1502 | 503 |1483 |  91k|  2 |  58 |1025 |-2.456342e+01 | 0.000000e+00 |    Inf | unknown
 8574s|  8200 |  8201 | 14127k|1717.5 |   360M |  85 |1502 | 503 |1620 |  93k|  3 |  58 |1028 |-2.456342e+01 | 0.000000e+00 |    Inf | unknown
 8679s|  8300 |  8301 | 14313k|1719.1 |   361M |  85 |1502 | 502 |1399 |  94k|  2 |  59 |1036 |-2.456330e+01 | 0.000000e+00 |    Inf | unknown
 time | node  | left  |LP iter|LP it/n|mem/heur|mdpt |vars |cons |rows |cuts |sepa|confs|strbr|  dualbound   | primalbound  |  gap   | compl. 
 8772s|  8400 |  8401 | 14473k|1717.7 |   361M |  85 |1502 | 502 |1371 |  95k|  2 |  59 |1037 |-2.456330e+01 | 0.000000e+00 |    Inf | unknown
 8871s|  8500 |  8501 | 14646k|1717.9 |   361M |  85 |1502 | 502 |1495 |  96k|  1 |  60 |1040 |-2.456301e+01 | 0.000000e+00 |    Inf | unknown
 8964s|  8600 |  8601 | 14817k|1717.8 |   363M |  85 |1502 | 503 |1596 |  97k|  5 |  61 |1044 |-2.456301e+01 | 0.000000e+00 |    Inf | unknown
 9074s|  8700 |  8701 | 15011k|1720.4 |   364M |  85 |1502 | 502 |1390 |  98k|  4 |  61 |1046 |-2.456299e+01 | 0.000000e+00 |    Inf | unknown
 9166s|  8800 |  8801 | 15172k|1719.2 |   365M |  85 |1502 | 502 |1486 |  99k|  2 |  61 |1053 |-2.456299e+01 | 0.000000e+00 |    Inf | unknown
 9266s|  8900 |  8901 | 15352k|1720.0 |   365M |  85 |1502 | 503 |1574 | 100k|  2 |  62 |1053 |-2.456299e+01 | 0.000000e+00 |    Inf | unknown
 9373s|  9000 |  9001 | 15542k|1722.0 |   366M |  85 |1502 | 502 |1309 | 102k|  2 |  62 |1057 |-2.456296e+01 | 0.000000e+00 |    Inf | unknown
 9483s|  9100 |  9101 | 15744k|1725.2 |   368M |  85 |1502 | 501 |1400 | 103k|  2 |  62 |1070 |-2.456296e+01 | 0.000000e+00 |    Inf | unknown
 9563s|  9200 |  9201 | 15887k|1722.1 |   369M |  87 |1502 | 502 |1526 | 104k|  4 |  63 |1072 |-2.456261e+01 | 0.000000e+00 |    Inf | unknown
 9675s|  9300 |  9301 | 16092k|1725.6 |   369M |  87 |1502 | 502 |1624 | 105k|  2 |  63 |1074 |-2.456253e+01 | 0.000000e+00 |    Inf | unknown
 9786s|  9400 |  9401 | 16290k|1728.3 |   369M |  87 |1502 | 503 |1592 | 106k|  2 |  64 |1082 |-2.456252e+01 | 0.000000e+00 |    Inf | unknown
 9876s|  9500 |  9501 | 16459k|1727.9 |   371M |  89 |1502 | 502 |1350 | 108k|  2 |  64 |1083 |-2.456143e+01 | 0.000000e+00 |    Inf | unknown
 9983s|  9600 |  9601 | 16655k|1730.4 |   371M |  89 |1502 | 503 |1373 | 109k|  2 |  65 |1091 |-2.456143e+01 | 0.000000e+00 |    Inf | unknown
  168m|  9700 |  9701 | 16846k|1732.2 |   372M |  89 |1502 | 502 |1603 | 110k|  4 |  65 |1097 |-2.456120e+01 | 0.000000e+00 |    Inf | unknown
  170m|  9800 |  9801 | 17020k|1732.3 |   372M |  89 |1502 | 503 |1497 | 111k|  2 |  66 |1102 |-2.456120e+01 | 0.000000e+00 |    Inf | unknown
 time | node  | left  |LP iter|LP it/n|mem/heur|mdpt |vars |cons |rows |cuts |sepa|confs|strbr|  dualbound   | primalbound  |  gap   | compl. 
  171m|  9900 |  9901 | 17176k|1730.5 |   372M |  89 |1502 | 504 |1539 | 112k|  2 |  68 |1104 |-2.456120e+01 | 0.000000e+00 |    Inf | unknown
  173m| 10000 | 10001 | 17357k|1731.3 |   374M |  89 |1502 | 504 |1659 | 113k|  4 |  68 |1110 |-2.456120e+01 | 0.000000e+00 |    Inf | unknown
  175m| 10100 | 10101 | 17573k|1735.6 |   374M |  89 |1502 | 504 |1443 | 115k|  3 |  69 |1112 |-2.456120e+01 | 0.000000e+00 |    Inf | unknown
  177m| 10200 | 10201 | 17758k|1736.7 |   374M |  89 |1502 | 503 |1511 | 116k|  4 |  70 |1120 |-2.456120e+01 | 0.000000e+00 |    Inf | unknown
  178m| 10300 | 10301 | 17942k|1737.7 |   375M |  89 |1502 | 502 |1529 | 117k|  2 |  70 |1131 |-2.456120e+01 | 0.000000e+00 |    Inf | unknown

SCIP Status        : solving was interrupted [time limit reached]
Solving Time (sec) : 10800.01
Solving Nodes      : 10397
Primal Bound       : +0.00000000000000e+00 (1 solutions)
Dual Bound         : -2.45605620261173e+01
Gap                : infinite

