Solver command line: ['/cvmfs/soft.computecanada.ca/easybuild/software/2023/x86-64-v4/Compiler/gcc12/scipoptsuite/9.0.0/bin/scip', '/tmp/tmpqii593yf.pyomo', '-AMPL']

SCIP version 9.0.0 [precision: 8 byte] [memory: block] [mode: optimized] [LP solver: Soplex 7.0.0] [GitHash: 7205bedd94]
Copyright (c) 2002-2024 Zuse Institute Berlin (ZIB)

External libraries: 
  Readline 8.1         GNU library for command line editing (gnu.org/s/readline)
  Soplex 7.0.0         Linear Programming Solver developed at Zuse Institute Berlin (soplex.zib.de) [GitHash: 6657fb3b]
  CppAD 20180000.0     Algorithmic Differentiation of C++ algorithms developed by B. Bell (github.com/coin-or/CppAD)
  ZLIB 1.2.13          General purpose compression library by J. Gailly and M. Adler (zlib.net)
  GMP 6.2.1            GNU Multiple Precision Arithmetic Library developed by T. Granlund (gmplib.org)
  ZIMPL 3.5.3          Zuse Institute Mathematical Programming Language developed by T. Koch (zimpl.zib.de)
  AMPL/MP 690e9e7      AMPL .nl file reader library (github.com/ampl/mp)
  PaPILO 2.2.0         parallel presolve for integer and linear optimization (github.com/scipopt/papilo) (built with TBB) [GitHash: df30ae49]
  bliss 0.77           Computing Graph Automorphisms by T. Junttila and P. Kaski (users.aalto.fi/~tjunttil/bliss)
  sassy 1.1            Symmetry preprocessor by Markus Anders (github.com/markusa4/sassy)
  Ipopt 3.14.14        Interior Point Optimizer developed by A. Waechter et.al. (github.com/coin-or/Ipopt)

reading user parameter file <scip.set>
===========================

limits/time = 10800

read problem </tmp/tmpqii593yf.pyomo.nl>
============

original problem has 501 variables (0 bin, 500 int, 0 impl, 1 cont) and 501 constraints

solve problem
=============

1/1 feasible solution given by solution candidate storage, new primal bound 0.000000e+00

presolving:
   (0.1s) symmetry computation started: requiring (bin +, int +, cont +), (fixed: bin -, int -, cont -)
   (0.2s) no symmetry present (symcode time: 0.02)
presolving (1 rounds: 1 fast, 1 medium, 1 exhaustive):
 0 deleted vars, 0 deleted constraints, 0 added constraints, 1 tightened bounds, 0 added holes, 0 changed sides, 0 changed coefficients
 0 implications, 0 cliques
presolved problem has 501 variables (0 bin, 500 int, 0 impl, 1 cont) and 501 constraints
    500 constraints of type <linear>
      1 constraints of type <nonlinear>
Presolving Time: 0.18
transformed 1/1 original solutions to the transformed problem space

 time | node  | left  |LP iter|LP it/n|mem/heur|mdpt |vars |cons |rows |cuts |sepa|confs|strbr|  dualbound   | primalbound  |  gap   | compl. 
  3.4s|     1 |     0 |  4176 |     - |   133M |   0 |1502 | 501 |2500 |   0 |  0 |   0 |   0 |-2.477245e+01 | 0.000000e+00 |    Inf | unknown
  6.7s|     1 |     0 |  5822 |     - |   148M |   0 |1502 | 501 |3000 | 500 |  1 |   0 |   0 |-2.477245e+01 | 0.000000e+00 |    Inf | unknown
 11.0s|     1 |     0 |  7801 |     - |   166M |   0 |1502 | 501 |3495 | 995 |  2 |   0 |   0 |-2.477245e+01 | 0.000000e+00 |    Inf | unknown
 21.8s|     1 |     0 | 18601 |     - |   176M |   0 |1502 | 501 |3950 |1450 |  3 |   0 |   0 |-2.476043e+01 | 0.000000e+00 |    Inf | unknown
 22.8s|     1 |     0 | 18601 |     - |   176M |   0 |1502 | 501 |3950 |1450 |  3 |   0 |   0 |-2.476043e+01 | 0.000000e+00 |    Inf | unknown
 30.0s|     1 |     0 | 29459 |     - |   188M |   0 |1502 | 501 |4253 |1753 |  4 |   0 |   0 |-2.466616e+01 | 0.000000e+00 |    Inf | unknown
 31.0s|     1 |     0 | 29459 |     - |   189M |   0 |1502 | 501 |4253 |1753 |  4 |   0 |   0 |-2.466616e+01 | 0.000000e+00 |    Inf | unknown
 38.1s|     1 |     0 | 40018 |     - |   199M |   0 |1502 | 501 |4395 |1895 |  5 |   0 |   0 |-2.460481e+01 | 0.000000e+00 |    Inf | unknown
 39.0s|     1 |     0 | 40018 |     - |   200M |   0 |1502 | 501 |4395 |1895 |  5 |   0 |   0 |-2.460481e+01 | 0.000000e+00 |    Inf | unknown
 41.9s|     1 |     0 | 43531 |     - |   221M |   0 |1502 | 501 |4444 |1944 |  6 |   0 |   0 |-2.459329e+01 | 0.000000e+00 |    Inf | unknown
 42.7s|     1 |     0 | 43531 |     - |   221M |   0 |1502 | 501 |4444 |1944 |  6 |   0 |   0 |-2.459329e+01 | 0.000000e+00 |    Inf | unknown
 44.2s|     1 |     0 | 44309 |     - |   241M |   0 |1502 | 501 |4459 |1959 |  7 |   0 |   0 |-2.459260e+01 | 0.000000e+00 |    Inf | unknown
 45.0s|     1 |     0 | 44309 |     - |   241M |   0 |1502 | 501 |4459 |1959 |  7 |   0 |   0 |-2.459260e+01 | 0.000000e+00 |    Inf | unknown
 46.4s|     1 |     0 | 44924 |     - |   246M |   0 |1502 | 501 |4467 |1967 |  8 |   0 |   0 |-2.459236e+01 | 0.000000e+00 |    Inf | unknown
 48.3s|     1 |     0 | 45147 |     - |   266M |   0 |1502 | 501 |4469 |1969 |  9 |   0 |   0 |-2.459232e+01 | 0.000000e+00 |    Inf | unknown
 time | node  | left  |LP iter|LP it/n|mem/heur|mdpt |vars |cons |rows |cuts |sepa|confs|strbr|  dualbound   | primalbound  |  gap   | compl. 
 50.1s|     1 |     0 | 45276 |     - |   270M |   0 |1502 | 501 |4471 |1971 | 10 |   0 |   0 |-2.459229e+01 | 0.000000e+00 |    Inf | unknown
 51.6s|     1 |     0 | 45300 |     - |   270M |   0 |1502 | 501 |1983 |1972 | 11 |   0 |   0 |-2.459229e+01 | 0.000000e+00 |    Inf | unknown
 53.0s|     1 |     0 | 45325 |     - |   271M |   0 |1502 | 501 |1984 |1973 | 12 |   0 |   0 |-2.459229e+01 | 0.000000e+00 |    Inf | unknown
 54.5s|     1 |     0 | 45367 |     - |   271M |   0 |1502 | 501 |1985 |1974 | 13 |   0 |   0 |-2.459228e+01 | 0.000000e+00 |    Inf | unknown
 55.9s|     1 |     0 | 45390 |     - |   271M |   0 |1502 | 501 |1986 |1975 | 14 |   0 |   0 |-2.459228e+01 | 0.000000e+00 |    Inf | unknown
 57.4s|     1 |     0 | 45397 |     - |   271M |   0 |1502 | 501 |1987 |1976 | 15 |   0 |   0 |-2.459228e+01 | 0.000000e+00 |    Inf | unknown
 58.8s|     1 |     0 | 45402 |     - |   271M |   0 |1502 | 501 |1988 |1977 | 16 |   0 |   0 |-2.459228e+01 | 0.000000e+00 |    Inf | unknown
  334s|     1 |     2 |519038 |     - |   271M |   0 |1502 | 501 |1988 |1977 | 16 |   0 |  38 |-2.459164e+01 | 0.000000e+00 |    Inf | unknown
  578s|   100 |   101 |709210 |6705.1 |   279M |  23 |1502 | 501 |1339 |3055 |  2 |   0 | 328 |-2.459140e+01 | 0.000000e+00 |    Inf | unknown
  716s|   200 |   201 |866939 |4128.3 |   280M |  29 |1502 | 501 |1383 |4294 |  2 |   0 | 413 |-2.459134e+01 | 0.000000e+00 |    Inf | unknown
  830s|   300 |   301 |  1011k|3229.8 |   281M |  33 |1502 | 501 |1261 |5186 |  2 |   0 | 466 |-2.459134e+01 | 0.000000e+00 |    Inf | unknown
  918s|   400 |   401 |  1154k|2780.6 |   274M |  33 |1502 | 501 |1324 |6135 |  1 |   0 | 468 |-2.459134e+01 | 0.000000e+00 |    Inf | unknown
 1029s|   500 |   501 |  1296k|2508.1 |   275M |  33 |1502 | 501 |1258 |7210 |  2 |   0 | 501 |-2.459134e+01 | 0.000000e+00 |    Inf | unknown
 1114s|   600 |   601 |  1409k|2276.6 |   276M |  39 |1502 | 501 |1328 |8137 |  2 |   0 | 502 |-2.459109e+01 | 0.000000e+00 |    Inf | unknown
 1200s|   700 |   701 |  1543k|2143.6 |   277M |  41 |1502 | 501 |1336 |8891 |  2 |   0 | 529 |-2.459109e+01 | 0.000000e+00 |    Inf | unknown
 time | node  | left  |LP iter|LP it/n|mem/heur|mdpt |vars |cons |rows |cuts |sepa|confs|strbr|  dualbound   | primalbound  |  gap   | compl. 
 1276s|   800 |   801 |  1646k|2004.4 |   278M |  43 |1502 | 501 |1224 |9745 |  2 |   0 | 532 |-2.459071e+01 | 0.000000e+00 |    Inf | unknown
 1382s|   900 |   901 |  1777k|1926.9 |   279M |  43 |1502 | 501 |1275 |  10k|  2 |   0 | 541 |-2.459071e+01 | 0.000000e+00 |    Inf | unknown
 1484s|  1000 |  1001 |  1931k|1888.3 |   280M |  49 |1502 | 501 |1446 |  11k|  4 |   0 | 554 |-2.459071e+01 | 0.000000e+00 |    Inf | unknown
 1579s|  1100 |  1101 |  2040k|1815.5 |   281M |  49 |1502 | 502 |1409 |  12k|  2 |   1 | 554 |-2.459002e+01 | 0.000000e+00 |    Inf | unknown
 1666s|  1200 |  1201 |  2180k|1780.9 |   282M |  49 |1502 | 505 |1393 |  13k|  2 |   5 | 555 |-2.458823e+01 | 0.000000e+00 |    Inf | unknown
 1751s|  1300 |  1301 |  2325k|1755.1 |   285M |  49 |1502 | 505 |1395 |  14k|  3 |   6 | 555 |-2.458800e+01 | 0.000000e+00 |    Inf | unknown
 1867s|  1400 |  1401 |  2515k|1765.9 |   287M |  49 |1502 | 503 |1289 |  15k|  2 |   6 | 566 |-2.458764e+01 | 0.000000e+00 |    Inf | unknown
 1936s|  1500 |  1501 |  2621k|1718.2 |   287M |  49 |1502 | 503 |1319 |  16k|  2 |   6 | 568 |-2.458764e+01 | 0.000000e+00 |    Inf | unknown
 2049s|  1600 |  1601 |  2780k|1710.7 |   289M |  49 |1502 | 502 |1304 |  17k|  2 |   6 | 582 |-2.458736e+01 | 0.000000e+00 |    Inf | unknown
 2130s|  1700 |  1701 |  2901k|1680.9 |   290M |  49 |1502 | 501 |1528 |  18k|  2 |   6 | 587 |-2.458584e+01 | 0.000000e+00 |    Inf | unknown
 2231s|  1800 |  1801 |  3072k|1682.7 |   292M |  49 |1502 | 501 |1409 |  19k|  2 |   6 | 599 |-2.458556e+01 | 0.000000e+00 |    Inf | unknown
 2319s|  1900 |  1901 |  3213k|1668.5 |   292M |  49 |1502 | 502 |1368 |  20k|  2 |   7 | 603 |-2.458556e+01 | 0.000000e+00 |    Inf | unknown
 2427s|  2000 |  2001 |  3395k|1676.0 |   293M |  49 |1502 | 502 |1464 |  22k|  5 |   7 | 614 |-2.458479e+01 | 0.000000e+00 |    Inf | unknown
 2548s|  2100 |  2101 |  3600k|1693.7 |   295M |  49 |1502 | 502 |1359 |  23k|  1 |   8 | 632 |-2.458378e+01 | 0.000000e+00 |    Inf | unknown
 2650s|  2200 |  2201 |  3768k|1693.0 |   297M |  49 |1502 | 502 |1378 |  24k|  2 |   8 | 644 |-2.458242e+01 | 0.000000e+00 |    Inf | unknown
 time | node  | left  |LP iter|LP it/n|mem/heur|mdpt |vars |cons |rows |cuts |sepa|confs|strbr|  dualbound   | primalbound  |  gap   | compl. 
 2749s|  2300 |  2301 |  3948k|1697.8 |   298M |  49 |1502 | 502 |1477 |  26k|  1 |   9 | 653 |-2.458242e+01 | 0.000000e+00 |    Inf | unknown
 2843s|  2400 |  2401 |  4101k|1690.9 |   299M |  49 |1502 | 502 |1546 |  27k|  2 |   9 | 661 |-2.458195e+01 | 0.000000e+00 |    Inf | unknown
 2947s|  2500 |  2501 |  4271k|1691.3 |   300M |  49 |1502 | 502 |1508 |  28k|  2 |   9 | 671 |-2.458123e+01 | 0.000000e+00 |    Inf | unknown
 3053s|  2600 |  2601 |  4454k|1696.4 |   301M |  49 |1502 | 502 |1417 |  29k|  2 |  10 | 679 |-2.457972e+01 | 0.000000e+00 |    Inf | unknown
 3179s|  2700 |  2701 |  4665k|1711.7 |   303M |  53 |1502 | 502 |1446 |  31k|  4 |  10 | 698 |-2.457972e+01 | 0.000000e+00 |    Inf | unknown
 3270s|  2800 |  2801 |  4813k|1703.6 |   303M |  57 |1502 | 501 |1513 |  32k|  2 |  10 | 703 |-2.457972e+01 | 0.000000e+00 |    Inf | unknown
 3372s|  2900 |  2901 |  4972k|1699.5 |   304M |  57 |1502 | 501 |1591 |  33k|  2 |  10 | 716 |-2.457972e+01 | 0.000000e+00 |    Inf | unknown
 3490s|  3000 |  3001 |  5178k|1711.5 |   306M |  57 |1502 | 503 |1341 |  34k|  2 |  12 | 720 |-2.457972e+01 | 0.000000e+00 |    Inf | unknown
 3590s|  3100 |  3101 |  5345k|1710.2 |   308M |  57 |1502 | 505 |1520 |  35k|  1 |  14 | 734 |-2.457972e+01 | 0.000000e+00 |    Inf | unknown
 3692s|  3200 |  3201 |  5508k|1707.6 |   309M |  57 |1502 | 504 |1491 |  37k|  2 |  15 | 736 |-2.457972e+01 | 0.000000e+00 |    Inf | unknown
 3811s|  3300 |  3301 |  5715k|1718.6 |   310M |  61 |1502 | 503 |1387 |  38k|  2 |  16 | 751 |-2.457972e+01 | 0.000000e+00 |    Inf | unknown
 3910s|  3400 |  3401 |  5874k|1714.9 |   311M |  61 |1502 | 502 |1318 |  39k|  2 |  16 | 758 |-2.457954e+01 | 0.000000e+00 |    Inf | unknown
 4019s|  3500 |  3501 |  6048k|1715.6 |   312M |  63 |1502 | 503 |1377 |  40k|  1 |  17 | 770 |-2.457954e+01 | 0.000000e+00 |    Inf | unknown
 4129s|  3600 |  3601 |  6245k|1722.7 |   313M |  63 |1502 | 503 |1420 |  42k|  2 |  18 | 774 |-2.457954e+01 | 0.000000e+00 |    Inf | unknown
 4252s|  3700 |  3701 |  6436k|1727.8 |   315M |  63 |1502 | 502 |1434 |  43k|  2 |  18 | 792 |-2.457806e+01 | 0.000000e+00 |    Inf | unknown
 time | node  | left  |LP iter|LP it/n|mem/heur|mdpt |vars |cons |rows |cuts |sepa|confs|strbr|  dualbound   | primalbound  |  gap   | compl. 
 4361s|  3800 |  3801 |  6633k|1734.2 |   315M |  69 |1502 | 502 |1353 |  45k|  2 |  19 | 794 |-2.457806e+01 | 0.000000e+00 |    Inf | unknown
 4466s|  3900 |  3901 |  6809k|1734.9 |   316M |  69 |1502 | 502 |1564 |  46k|  4 |  19 | 807 |-2.457771e+01 | 0.000000e+00 |    Inf | unknown
 4578s|  4000 |  4001 |  6993k|1737.4 |   319M |  69 |1502 | 501 |1527 |  47k|  1 |  19 | 814 |-2.457771e+01 | 0.000000e+00 |    Inf | unknown
 4679s|  4100 |  4101 |  7169k|1738.1 |   320M |  69 |1502 | 502 |1485 |  48k|  1 |  20 | 819 |-2.457701e+01 | 0.000000e+00 |    Inf | unknown
 4788s|  4200 |  4201 |  7351k|1740.1 |   321M |  69 |1502 | 502 |1338 |  49k|  2 |  20 | 832 |-2.457649e+01 | 0.000000e+00 |    Inf | unknown
 4887s|  4300 |  4301 |  7520k|1738.8 |   321M |  69 |1502 | 502 |1332 |  50k|  2 |  21 | 834 |-2.457649e+01 | 0.000000e+00 |    Inf | unknown
 4986s|  4400 |  4401 |  7675k|1734.6 |   322M |  69 |1502 | 503 |1501 |  52k|  2 |  22 | 845 |-2.457595e+01 | 0.000000e+00 |    Inf | unknown
 5082s|  4500 |  4501 |  7851k|1735.0 |   324M |  69 |1502 | 504 |1543 |  53k|  2 |  23 | 849 |-2.457595e+01 | 0.000000e+00 |    Inf | unknown
 5193s|  4600 |  4601 |  8045k|1739.4 |   325M |  69 |1502 | 502 |1470 |  54k|  4 |  23 | 856 |-2.457587e+01 | 0.000000e+00 |    Inf | unknown
 5282s|  4700 |  4701 |  8187k|1732.7 |   326M |  69 |1502 | 504 |1338 |  55k|  2 |  25 | 864 |-2.457587e+01 | 0.000000e+00 |    Inf | unknown
 5386s|  4800 |  4801 |  8363k|1733.3 |   327M |  69 |1502 | 503 |1548 |  56k|  3 |  25 | 866 |-2.457576e+01 | 0.000000e+00 |    Inf | unknown
 5489s|  4900 |  4901 |  8538k|1733.6 |   329M |  69 |1502 | 501 |1491 |  57k|  2 |  25 | 881 |-2.457576e+01 | 0.000000e+00 |    Inf | unknown
 5590s|  5000 |  5001 |  8707k|1732.7 |   330M |  69 |1502 | 503 |1466 |  59k|  4 |  27 | 883 |-2.457572e+01 | 0.000000e+00 |    Inf | unknown
 5709s|  5100 |  5101 |  8909k|1738.4 |   330M |  69 |1502 | 504 |1337 |  60k|  2 |  28 | 894 |-2.457563e+01 | 0.000000e+00 |    Inf | unknown
 5817s|  5200 |  5201 |  9099k|1741.5 |   331M |  69 |1502 | 502 |1347 |  61k|  2 |  28 | 902 |-2.457563e+01 | 0.000000e+00 |    Inf | unknown
 time | node  | left  |LP iter|LP it/n|mem/heur|mdpt |vars |cons |rows |cuts |sepa|confs|strbr|  dualbound   | primalbound  |  gap   | compl. 
 5914s|  5300 |  5301 |  9253k|1737.8 |   333M |  69 |1502 | 504 |1544 |  62k|  2 |  30 | 905 |-2.457549e+01 | 0.000000e+00 |    Inf | unknown
 6016s|  5400 |  5401 |  9430k|1738.3 |   334M |  69 |1502 | 503 |1467 |  64k|  2 |  30 | 912 |-2.457549e+01 | 0.000000e+00 |    Inf | unknown
 6113s|  5500 |  5501 |  9598k|1737.3 |   335M |  69 |1502 | 501 |1429 |  65k|  2 |  30 | 914 |-2.457516e+01 | 0.000000e+00 |    Inf | unknown
 6201s|  5600 |  5601 |  9735k|1730.7 |   336M |  69 |1502 | 502 |1423 |  66k|  2 |  31 | 919 |-2.457516e+01 | 0.000000e+00 |    Inf | unknown
 6294s|  5700 |  5701 |  9900k|1729.2 |   336M |  69 |1502 | 502 |1550 |  67k|  2 |  31 | 926 |-2.457417e+01 | 0.000000e+00 |    Inf | unknown
 6403s|  5800 |  5801 | 10084k|1731.3 |   338M |  69 |1502 | 502 |1562 |  68k|  4 |  31 | 928 |-2.457417e+01 | 0.000000e+00 |    Inf | unknown
 6513s|  5900 |  5901 | 10285k|1735.9 |   339M |  69 |1502 | 504 |1516 |  70k|  4 |  34 | 934 |-2.457407e+01 | 0.000000e+00 |    Inf | unknown
 6625s|  6000 |  6001 | 10490k|1741.2 |   339M |  69 |1502 | 504 |1345 |  71k|  2 |  34 | 935 |-2.457335e+01 | 0.000000e+00 |    Inf | unknown
 6739s|  6100 |  6101 | 10681k|1743.9 |   340M |  69 |1502 | 504 |1362 |  72k|  4 |  34 | 949 |-2.457335e+01 | 0.000000e+00 |    Inf | unknown
 6839s|  6200 |  6201 | 10861k|1744.8 |   341M |  69 |1502 | 501 |1497 |  74k|  4 |  34 | 952 |-2.457328e+01 | 0.000000e+00 |    Inf | unknown
 6963s|  6300 |  6301 | 11083k|1752.4 |   342M |  69 |1502 | 502 |1579 |  75k|  2 |  35 | 958 |-2.457328e+01 | 0.000000e+00 |    Inf | unknown
 7075s|  6400 |  6401 | 11275k|1755.0 |   342M |  69 |1502 | 504 |1500 |  76k|  2 |  37 | 958 |-2.457304e+01 | 0.000000e+00 |    Inf | unknown
 7161s|  6500 |  6501 | 11424k|1750.9 |   344M |  69 |1502 | 504 |1379 |  77k|  2 |  38 | 962 |-2.457304e+01 | 0.000000e+00 |    Inf | unknown
 7264s|  6600 |  6601 | 11600k|1751.1 |   345M |  69 |1502 | 502 |1704 |  78k|  5 |  38 | 971 |-2.457280e+01 | 0.000000e+00 |    Inf | unknown
 7374s|  6700 |  6701 | 11793k|1753.6 |   346M |  69 |1502 | 503 |1615 |  80k|  4 |  40 | 971 |-2.457280e+01 | 0.000000e+00 |    Inf | unknown
 time | node  | left  |LP iter|LP it/n|mem/heur|mdpt |vars |cons |rows |cuts |sepa|confs|strbr|  dualbound   | primalbound  |  gap   | compl. 
 7494s|  6800 |  6801 | 12001k|1758.6 |   347M |  69 |1502 | 502 |1472 |  81k|  2 |  40 | 978 |-2.457276e+01 | 0.000000e+00 |    Inf | unknown
 7616s|  6900 |  6901 | 12221k|1765.0 |   347M |  69 |1502 | 502 |1267 |  82k|  2 |  41 | 980 |-2.457210e+01 | 0.000000e+00 |    Inf | unknown
 7744s|  7000 |  7001 | 12457k|1773.4 |   348M |  69 |1502 | 503 |1400 |  84k|  2 |  43 | 991 |-2.457210e+01 | 0.000000e+00 |    Inf | unknown
 7844s|  7100 |  7101 | 12623k|1771.8 |   349M |  69 |1502 | 503 |1453 |  85k|  2 |  44 | 992 |-2.457190e+01 | 0.000000e+00 |    Inf | unknown
 7937s|  7200 |  7201 | 12785k|1769.7 |   349M |  69 |1502 | 504 |1538 |  86k|  5 |  45 | 995 |-2.457190e+01 | 0.000000e+00 |    Inf | unknown
 8052s|  7300 |  7301 | 12998k|1774.7 |   350M |  69 |1502 | 504 |1507 |  87k|  2 |  46 | 999 |-2.457125e+01 | 0.000000e+00 |    Inf | unknown
 8145s|  7400 |  7401 | 13158k|1772.3 |   351M |  69 |1502 | 502 |1415 |  88k|  2 |  46 |1001 |-2.457125e+01 | 0.000000e+00 |    Inf | unknown
 8234s|  7500 |  7501 | 13310k|1768.9 |   352M |  69 |1502 | 503 |1605 |  89k|  2 |  48 |1009 |-2.457113e+01 | 0.000000e+00 |    Inf | unknown
 8347s|  7600 |  7601 | 13515k|1772.6 |   353M |  69 |1502 | 504 |1600 |  91k|  2 |  49 |1010 |-2.457113e+01 | 0.000000e+00 |    Inf | unknown
 8449s|  7700 |  7701 | 13685k|1771.7 |   354M |  69 |1502 | 502 |1504 |  92k|  4 |  49 |1020 |-2.457106e+01 | 0.000000e+00 |    Inf | unknown
 8556s|  7800 |  7801 | 13870k|1772.6 |   354M |  69 |1502 | 504 |1398 |  93k|  2 |  51 |1025 |-2.457039e+01 | 0.000000e+00 |    Inf | unknown
 8658s|  7900 |  7901 | 14050k|1773.1 |   354M |  69 |1502 | 503 |1407 |  94k|  2 |  51 |1028 |-2.457039e+01 | 0.000000e+00 |    Inf | unknown
 8757s|  8000 |  8001 | 14212k|1771.1 |   356M |  69 |1502 | 501 |1513 |  95k|  3 |  51 |1034 |-2.457005e+01 | 0.000000e+00 |    Inf | unknown
 8866s|  8100 |  8101 | 14407k|1773.3 |   356M |  69 |1502 | 502 |1545 |  97k|  3 |  52 |1038 |-2.457005e+01 | 0.000000e+00 |    Inf | unknown
 8978s|  8200 |  8201 | 14611k|1776.6 |   357M |  69 |1502 | 503 |1379 |  98k|  4 |  53 |1041 |-2.456988e+01 | 0.000000e+00 |    Inf | unknown
 time | node  | left  |LP iter|LP it/n|mem/heur|mdpt |vars |cons |rows |cuts |sepa|confs|strbr|  dualbound   | primalbound  |  gap   | compl. 
 9087s|  8300 |  8301 | 14799k|1777.8 |   357M |  69 |1502 | 502 |1351 |  99k|  2 |  53 |1052 |-2.456988e+01 | 0.000000e+00 |    Inf | unknown
 9191s|  8400 |  8401 | 14976k|1777.7 |   357M |  69 |1502 | 503 |1603 | 101k|  2 |  54 |1054 |-2.456935e+01 | 0.000000e+00 |    Inf | unknown
 9314s|  8500 |  8501 | 15206k|1783.8 |   359M |  69 |1502 | 503 |1569 | 102k|  2 |  55 |1058 |-2.456935e+01 | 0.000000e+00 |    Inf | unknown
 9433s|  8600 |  8601 | 15415k|1787.4 |   359M |  69 |1502 | 503 |1434 | 103k|  2 |  55 |1065 |-2.456891e+01 | 0.000000e+00 |    Inf | unknown
 9546s|  8700 |  8701 | 15625k|1791.0 |   360M |  69 |1502 | 505 |1465 | 105k|  4 |  58 |1067 |-2.456874e+01 | 0.000000e+00 |    Inf | unknown
 9672s|  8800 |  8801 | 15861k|1797.5 |   360M |  69 |1502 | 505 |1326 | 106k|  2 |  59 |1077 |-2.456874e+01 | 0.000000e+00 |    Inf | unknown
 9795s|  8900 |  8901 | 16074k|1801.3 |   361M |  69 |1502 | 503 |1602 | 108k|  2 |  59 |1079 |-2.456824e+01 | 0.000000e+00 |    Inf | unknown
 9911s|  9000 |  9001 | 16289k|1805.1 |   363M |  69 |1502 | 503 |1570 | 109k|  2 |  60 |1086 |-2.456824e+01 | 0.000000e+00 |    Inf | unknown
  167m|  9100 |  9101 | 16516k|1810.2 |   364M |  69 |1502 | 503 |1394 | 110k|  2 |  61 |1090 |-2.456824e+01 | 0.000000e+00 |    Inf | unknown
  169m|  9200 |  9201 | 16744k|1815.3 |   365M |  69 |1502 | 502 |1299 | 112k|  2 |  61 |1093 |-2.456824e+01 | 0.000000e+00 |    Inf | unknown
  171m|  9300 |  9301 | 16908k|1813.5 |   367M |  69 |1502 | 503 |1619 | 113k|  1 |  62 |1098 |-2.456824e+01 | 0.000000e+00 |    Inf | unknown
  173m|  9400 |  9401 | 17144k|1819.2 |   367M |  69 |1502 | 503 |1539 | 115k|  5 |  63 |1099 |-2.456824e+01 | 0.000000e+00 |    Inf | unknown
  175m|  9500 |  9501 | 17339k|1820.6 |   367M |  69 |1502 | 503 |1467 | 116k|  2 |  63 |1109 |-2.456824e+01 | 0.000000e+00 |    Inf | unknown
  177m|  9600 |  9601 | 17520k|1820.5 |   367M |  69 |1502 | 503 |1475 | 117k|  5 |  64 |1110 |-2.456824e+01 | 0.000000e+00 |    Inf | unknown
  178m|  9700 |  9701 | 17704k|1820.7 |   368M |  69 |1502 | 504 |1559 | 118k|  2 |  66 |1112 |-2.456824e+01 | 0.000000e+00 |    Inf | unknown
 time | node  | left  |LP iter|LP it/n|mem/heur|mdpt |vars |cons |rows |cuts |sepa|confs|strbr|  dualbound   | primalbound  |  gap   | compl. 
  180m|  9800 |  9801 | 17888k|1820.9 |   369M |  69 |1502 | 503 |1502 | 119k|  1 |  66 |1116 |-2.456824e+01 | 0.000000e+00 |    Inf | unknown

SCIP Status        : solving was interrupted [time limit reached]
Solving Time (sec) : 10800.00
Solving Nodes      : 9801
Primal Bound       : +0.00000000000000e+00 (1 solutions)
Dual Bound         : -2.45682411658816e+01
Gap                : infinite

