Solver command line: ['/cvmfs/soft.computecanada.ca/easybuild/software/2023/x86-64-v4/Compiler/gcc12/scipoptsuite/9.0.0/bin/scip', '/tmp/tmp0o269055.pyomo', '-AMPL']

SCIP version 9.0.0 [precision: 8 byte] [memory: block] [mode: optimized] [LP solver: Soplex 7.0.0] [GitHash: 7205bedd94]
Copyright (c) 2002-2024 Zuse Institute Berlin (ZIB)

External libraries: 
  Readline 8.1         GNU library for command line editing (gnu.org/s/readline)
  Soplex 7.0.0         Linear Programming Solver developed at Zuse Institute Berlin (soplex.zib.de) [GitHash: 6657fb3b]
  CppAD 20180000.0     Algorithmic Differentiation of C++ algorithms developed by B. Bell (github.com/coin-or/CppAD)
  ZLIB 1.2.13          General purpose compression library by J. Gailly and M. Adler (zlib.net)
  GMP 6.2.1            GNU Multiple Precision Arithmetic Library developed by T. Granlund (gmplib.org)
  ZIMPL 3.5.3          Zuse Institute Mathematical Programming Language developed by T. Koch (zimpl.zib.de)
  AMPL/MP 690e9e7      AMPL .nl file reader library (github.com/ampl/mp)
  PaPILO 2.2.0         parallel presolve for integer and linear optimization (github.com/scipopt/papilo) (built with TBB) [GitHash: df30ae49]
  bliss 0.77           Computing Graph Automorphisms by T. Junttila and P. Kaski (users.aalto.fi/~tjunttil/bliss)
  sassy 1.1            Symmetry preprocessor by Markus Anders (github.com/markusa4/sassy)
  Ipopt 3.14.14        Interior Point Optimizer developed by A. Waechter et.al. (github.com/coin-or/Ipopt)

reading user parameter file <scip.set>
===========================

limits/time = 10800

read problem </tmp/tmp0o269055.pyomo.nl>
============

original problem has 501 variables (0 bin, 500 int, 0 impl, 1 cont) and 501 constraints

solve problem
=============

1/1 feasible solution given by solution candidate storage, new primal bound 0.000000e+00

presolving:
   (0.1s) symmetry computation started: requiring (bin +, int +, cont +), (fixed: bin -, int -, cont -)
   (0.2s) no symmetry present (symcode time: 0.02)
presolving (1 rounds: 1 fast, 1 medium, 1 exhaustive):
 0 deleted vars, 0 deleted constraints, 0 added constraints, 1 tightened bounds, 0 added holes, 0 changed sides, 0 changed coefficients
 0 implications, 0 cliques
presolved problem has 501 variables (0 bin, 500 int, 0 impl, 1 cont) and 501 constraints
    500 constraints of type <linear>
      1 constraints of type <nonlinear>
Presolving Time: 0.17
transformed 1/1 original solutions to the transformed problem space

 time | node  | left  |LP iter|LP it/n|mem/heur|mdpt |vars |cons |rows |cuts |sepa|confs|strbr|  dualbound   | primalbound  |  gap   | compl. 
  2.9s|     1 |     0 |  4204 |     - |   133M |   0 |1502 | 501 |2500 |   0 |  0 |   0 |   0 |-2.477245e+01 | 0.000000e+00 |    Inf | unknown
  7.2s|     1 |     0 |  7359 |     - |   139M |   0 |1502 | 501 |3001 | 501 |  1 |   0 |   0 |-2.477245e+01 | 0.000000e+00 |    Inf | unknown
 12.7s|     1 |     0 | 19695 |     - |   159M |   0 |1502 | 501 |3491 | 991 |  2 |   0 |   0 |-2.477245e+01 | 0.000000e+00 |    Inf | unknown
 17.3s|     1 |     0 | 32436 |     - |   168M |   0 |1502 | 501 |3952 |1452 |  3 |   0 |   0 |-2.477245e+01 | 0.000000e+00 |    Inf | unknown
 23.0s|     1 |     0 | 45780 |     - |   171M |   0 |1502 | 501 |4386 |1886 |  4 |   0 |   0 |-2.477245e+01 | 0.000000e+00 |    Inf | unknown
 29.2s|     1 |     0 | 59541 |     - |   182M |   0 |1502 | 501 |4761 |2261 |  5 |   0 |   0 |-2.473786e+01 | 0.000000e+00 |    Inf | unknown
 30.2s|     1 |     0 | 59541 |     - |   182M |   0 |1502 | 501 |4761 |2261 |  5 |   0 |   0 |-2.473786e+01 | 0.000000e+00 |    Inf | unknown
 36.1s|     1 |     0 | 70389 |     - |   194M |   0 |1502 | 501 |5010 |2510 |  6 |   0 |   0 |-2.463022e+01 | 0.000000e+00 |    Inf | unknown
 37.0s|     1 |     0 | 70389 |     - |   194M |   0 |1502 | 501 |5010 |2510 |  6 |   0 |   0 |-2.463022e+01 | 0.000000e+00 |    Inf | unknown
 39.9s|     1 |     0 | 74505 |     - |   210M |   0 |1502 | 501 |5091 |2591 |  7 |   0 |   0 |-2.459690e+01 | 0.000000e+00 |    Inf | unknown
 40.7s|     1 |     0 | 74505 |     - |   210M |   0 |1502 | 501 |5091 |2591 |  7 |   0 |   0 |-2.459690e+01 | 0.000000e+00 |    Inf | unknown
 42.1s|     1 |     0 | 75121 |     - |   229M |   0 |1502 | 501 |5110 |2610 |  8 |   0 |   0 |-2.459338e+01 | 0.000000e+00 |    Inf | unknown
 44.1s|     1 |     0 | 75294 |     - |   243M |   0 |1502 | 501 |5117 |2617 |  9 |   0 |   0 |-2.459315e+01 | 0.000000e+00 |    Inf | unknown
 45.8s|     1 |     0 | 75335 |     - |   246M |   0 |1502 | 501 |3124 |2623 | 10 |   0 |   0 |-2.459312e+01 | 0.000000e+00 |    Inf | unknown
 47.3s|     1 |     0 | 75394 |     - |   247M |   0 |1502 | 501 |3127 |2626 | 11 |   0 |   0 |-2.459305e+01 | 0.000000e+00 |    Inf | unknown
 time | node  | left  |LP iter|LP it/n|mem/heur|mdpt |vars |cons |rows |cuts |sepa|confs|strbr|  dualbound   | primalbound  |  gap   | compl. 
 48.8s|     1 |     0 | 75421 |     - |   247M |   0 |1502 | 501 |3129 |2628 | 12 |   0 |   0 |-2.459304e+01 | 0.000000e+00 |    Inf | unknown
 50.2s|     1 |     0 | 75455 |     - |   247M |   0 |1502 | 501 |3132 |2631 | 13 |   0 |   0 |-2.459303e+01 | 0.000000e+00 |    Inf | unknown
 51.7s|     1 |     0 | 75466 |     - |   248M |   0 |1502 | 501 |3133 |2632 | 14 |   0 |   0 |-2.459303e+01 | 0.000000e+00 |    Inf | unknown
 53.1s|     1 |     0 | 75472 |     - |   248M |   0 |1502 | 501 |3134 |2633 | 15 |   0 |   0 |-2.459303e+01 | 0.000000e+00 |    Inf | unknown
 54.7s|     1 |     0 | 75473 |     - |   248M |   0 |1502 | 501 |1187 |2634 | 16 |   0 |   0 |-2.459303e+01 | 0.000000e+00 |    Inf | unknown
  206s|     1 |     0 |247879 |     - |   249M |   0 |1502 | 501 |1187 |2634 | 17 |   0 |   0 |-2.459303e+01 | 0.000000e+00 |    Inf | unknown
  226s|     1 |     2 |264529 |     - |   249M |   0 |1502 | 501 |1187 |2634 | 18 |   0 |  22 |-2.459227e+01 | 0.000000e+00 |    Inf | unknown
  498s|   100 |   101 |504809 |4336.7 |   257M |  17 |1502 | 501 |1351 |4081 |  2 |   0 | 357 |-2.459227e+01 | 0.000000e+00 |    Inf | unknown
  637s|   200 |   201 |699989 |3138.3 |   258M |  37 |1502 | 501 |1362 |4997 |  2 |   0 | 430 |-2.459227e+01 | 0.000000e+00 |    Inf | unknown
  737s|   300 |   301 |844591 |2572.3 |   259M |  37 |1502 | 501 |1341 |5768 |  2 |   0 | 454 |-2.459227e+01 | 0.000000e+00 |    Inf | unknown
  832s|   400 |   401 |975452 |2255.6 |   255M |  37 |1502 | 501 |1336 |6569 |  2 |   0 | 463 |-2.459227e+01 | 0.000000e+00 |    Inf | unknown
  918s|   500 |   501 |  1108k|2070.5 |   254M |  37 |1502 | 501 |1404 |7399 |  2 |   0 | 486 |-2.459227e+01 | 0.000000e+00 |    Inf | unknown
 1004s|   600 |   601 |  1232k|1931.6 |   254M |  37 |1502 | 501 |1386 |8228 |  2 |   0 | 489 |-2.459227e+01 | 0.000000e+00 |    Inf | unknown
 1107s|   700 |   701 |  1374k|1858.3 |   256M |  37 |1502 | 501 |1332 |9153 |  2 |   0 | 518 |-2.459227e+01 | 0.000000e+00 |    Inf | unknown
 1190s|   800 |   801 |  1504k|1788.8 |   256M |  37 |1502 | 501 |1377 |  10k|  2 |   0 | 523 |-2.459227e+01 | 0.000000e+00 |    Inf | unknown
 time | node  | left  |LP iter|LP it/n|mem/heur|mdpt |vars |cons |rows |cuts |sepa|confs|strbr|  dualbound   | primalbound  |  gap   | compl. 
 1314s|   900 |   901 |  1677k|1782.5 |   258M |  37 |1502 | 501 |1413 |  11k|  3 |   0 | 553 |-2.459227e+01 | 0.000000e+00 |    Inf | unknown
 1409s|  1000 |  1001 |  1824k|1750.5 |   259M |  37 |1502 | 501 |1414 |  12k|  2 |   0 | 558 |-2.459227e+01 | 0.000000e+00 |    Inf | unknown
 1484s|  1100 |  1101 |  1941k|1698.2 |   259M |  37 |1502 | 501 |1384 |  13k|  2 |   0 | 558 |-2.459227e+01 | 0.000000e+00 |    Inf | unknown
 1602s|  1200 |  1201 |  2096k|1685.3 |   260M |  37 |1502 | 501 |1357 |  14k|  3 |   0 | 558 |-2.459227e+01 | 0.000000e+00 |    Inf | unknown
 1671s|  1300 |  1301 |  2205k|1640.0 |   262M |  37 |1502 | 501 |1359 |  15k|  2 |   0 | 561 |-2.459227e+01 | 0.000000e+00 |    Inf | unknown
 1775s|  1400 |  1401 |  2381k|1648.3 |   263M |  37 |1502 | 501 |1352 |  16k|  3 |   0 | 565 |-2.459227e+01 | 0.000000e+00 |    Inf | unknown
 1849s|  1500 |  1501 |  2507k|1622.5 |   264M |  37 |1502 | 501 |1383 |  17k|  2 |   0 | 573 |-2.459227e+01 | 0.000000e+00 |    Inf | unknown
 1936s|  1600 |  1601 |  2655k|1613.8 |   265M |  37 |1502 | 501 |1378 |  18k|  2 |   0 | 582 |-2.459227e+01 | 0.000000e+00 |    Inf | unknown
 2012s|  1700 |  1701 |  2783k|1594.0 |   265M |  37 |1502 | 501 |1341 |  19k|  3 |   0 | 587 |-2.459227e+01 | 0.000000e+00 |    Inf | unknown
 2097s|  1800 |  1801 |  2919k|1581.1 |   265M |  37 |1502 | 501 |1411 |  20k|  2 |   0 | 598 |-2.459227e+01 | 0.000000e+00 |    Inf | unknown
 2193s|  1900 |  1901 |  3082k|1583.7 |   266M |  37 |1502 | 501 |1440 |  21k|  2 |   0 | 607 |-2.459227e+01 | 0.000000e+00 |    Inf | unknown
 2278s|  2000 |  2001 |  3219k|1572.7 |   267M |  37 |1502 | 501 |1367 |  22k|  4 |   0 | 613 |-2.459227e+01 | 0.000000e+00 |    Inf | unknown
 2360s|  2100 |  2101 |  3354k|1562.1 |   268M |  37 |1502 | 501 |1395 |  23k|  2 |   0 | 622 |-2.459227e+01 | 0.000000e+00 |    Inf | unknown
 2467s|  2200 |  2201 |  3521k|1567.0 |   270M |  37 |1502 | 501 |1276 |  25k|  2 |   0 | 629 |-2.458911e+01 | 0.000000e+00 |    Inf | unknown
 2555s|  2300 |  2301 |  3655k|1557.0 |   273M |  37 |1502 | 501 |1347 |  26k|  2 |   0 | 636 |-2.458414e+01 | 0.000000e+00 |    Inf | unknown
 time | node  | left  |LP iter|LP it/n|mem/heur|mdpt |vars |cons |rows |cuts |sepa|confs|strbr|  dualbound   | primalbound  |  gap   | compl. 
 2648s|  2400 |  2401 |  3819k|1560.8 |   274M |  37 |1502 | 501 |1431 |  27k|  2 |   0 | 645 |-2.458276e+01 | 0.000000e+00 |    Inf | unknown
 2747s|  2500 |  2501 |  3981k|1562.9 |   274M |  37 |1502 | 501 |1317 |  29k|  2 |   0 | 652 |-2.458276e+01 | 0.000000e+00 |    Inf | unknown
 2830s|  2600 |  2601 |  4117k|1555.2 |   276M |  37 |1502 | 501 |1368 |  30k|  2 |   0 | 661 |-2.458276e+01 | 0.000000e+00 |    Inf | unknown
 2939s|  2700 |  2701 |  4309k|1568.7 |   277M |  43 |1502 | 501 |1394 |  31k|  2 |   0 | 676 |-2.458276e+01 | 0.000000e+00 |    Inf | unknown
 3049s|  2800 |  2801 |  4511k|1585.0 |   278M |  47 |1502 | 501 |1392 |  33k|  3 |   0 | 682 |-2.458195e+01 | 0.000000e+00 |    Inf | unknown
 3140s|  2900 |  2901 |  4661k|1581.8 |   279M |  47 |1502 | 501 |1360 |  34k|  5 |   0 | 691 |-2.458195e+01 | 0.000000e+00 |    Inf | unknown
 3230s|  3000 |  3001 |  4811k|1579.3 |   279M |  47 |1502 | 501 |1340 |  34k|  2 |   0 | 701 |-2.458195e+01 | 0.000000e+00 |    Inf | unknown
 3315s|  3100 |  3101 |  4960k|1576.4 |   281M |  61 |1502 | 503 |1451 |  35k|  4 |   2 | 704 |-2.458139e+01 | 0.000000e+00 |    Inf | unknown
 3404s|  3200 |  3201 |  5115k|1575.6 |   283M |  61 |1502 | 507 |1231 |  36k|  2 |   6 | 718 |-2.458108e+01 | 0.000000e+00 |    Inf | unknown
 3495s|  3300 |  3301 |  5276k|1576.5 |   284M |  61 |1502 | 509 |1410 |  37k|  2 |  10 | 724 |-2.458108e+01 | 0.000000e+00 |    Inf | unknown
 3595s|  3400 |  3401 |  5464k|1585.3 |   285M |  61 |1502 | 509 |1467 |  38k|  2 |  12 | 727 |-2.458108e+01 | 0.000000e+00 |    Inf | unknown
 3692s|  3500 |  3501 |  5637k|1589.7 |   285M |  61 |1502 | 507 |1501 |  39k|  2 |  16 | 747 |-2.458108e+01 | 0.000000e+00 |    Inf | unknown
 3789s|  3600 |  3601 |  5805k|1592.2 |   287M |  61 |1502 | 509 |1424 |  40k|  1 |  20 | 755 |-2.458108e+01 | 0.000000e+00 |    Inf | unknown
 3877s|  3700 |  3701 |  5964k|1592.1 |   289M |  61 |1502 | 508 |1553 |  41k|  2 |  23 | 759 |-2.457991e+01 | 0.000000e+00 |    Inf | unknown
 3978s|  3800 |  3801 |  6140k|1596.4 |   290M |  61 |1502 | 507 |1481 |  42k|  2 |  25 | 775 |-2.457991e+01 | 0.000000e+00 |    Inf | unknown
 time | node  | left  |LP iter|LP it/n|mem/heur|mdpt |vars |cons |rows |cuts |sepa|confs|strbr|  dualbound   | primalbound  |  gap   | compl. 
 4088s|  3900 |  3901 |  6344k|1607.9 |   291M |  61 |1502 | 503 |1376 |  43k|  2 |  25 | 787 |-2.457832e+01 | 0.000000e+00 |    Inf | unknown
 4172s|  4000 |  4001 |  6478k|1601.2 |   292M |  61 |1502 | 504 |1395 |  44k|  2 |  26 | 791 |-2.457745e+01 | 0.000000e+00 |    Inf | unknown
 4266s|  4100 |  4101 |  6645k|1602.8 |   294M |  61 |1502 | 502 |1443 |  45k|  2 |  26 | 799 |-2.457745e+01 | 0.000000e+00 |    Inf | unknown
 4354s|  4200 |  4201 |  6789k|1598.9 |   295M |  61 |1502 | 503 |1437 |  46k|  2 |  27 | 814 |-2.457720e+01 | 0.000000e+00 |    Inf | unknown
 4455s|  4300 |  4301 |  6958k|1601.0 |   297M |  61 |1502 | 504 |1450 |  47k|  2 |  29 | 825 |-2.457689e+01 | 0.000000e+00 |    Inf | unknown
 4543s|  4400 |  4401 |  7109k|1598.9 |   298M |  61 |1502 | 505 |1501 |  48k|  2 |  30 | 828 |-2.457689e+01 | 0.000000e+00 |    Inf | unknown
 4635s|  4500 |  4501 |  7262k|1597.4 |   298M |  63 |1502 | 504 |1414 |  49k|  4 |  30 | 841 |-2.457689e+01 | 0.000000e+00 |    Inf | unknown
 4729s|  4600 |  4601 |  7420k|1597.1 |   299M |  63 |1502 | 503 |1523 |  50k|  2 |  31 | 845 |-2.457689e+01 | 0.000000e+00 |    Inf | unknown
 4825s|  4700 |  4701 |  7591k|1599.6 |   300M |  63 |1502 | 502 |1487 |  52k|  2 |  31 | 847 |-2.457655e+01 | 0.000000e+00 |    Inf | unknown
 4920s|  4800 |  4801 |  7748k|1598.9 |   302M |  63 |1502 | 503 |1510 |  53k|  2 |  32 | 856 |-2.457655e+01 | 0.000000e+00 |    Inf | unknown
 4999s|  4900 |  4901 |  7896k|1596.5 |   303M |  67 |1502 | 502 |1410 |  54k|  3 |  32 | 856 |-2.457655e+01 | 0.000000e+00 |    Inf | unknown
 5091s|  5000 |  5001 |  8053k|1595.9 |   303M |  67 |1502 | 503 |1444 |  55k|  2 |  33 | 868 |-2.457655e+01 | 0.000000e+00 |    Inf | unknown
 5183s|  5100 |  5101 |  8212k|1595.8 |   304M |  67 |1502 | 503 |1487 |  56k|  2 |  33 | 872 |-2.457655e+01 | 0.000000e+00 |    Inf | unknown
 5267s|  5200 |  5201 |  8358k|1593.3 |   305M |  67 |1502 | 503 |1359 |  57k|  2 |  34 | 874 |-2.457655e+01 | 0.000000e+00 |    Inf | unknown
 5367s|  5300 |  5301 |  8543k|1598.0 |   306M |  67 |1502 | 503 |1290 |  58k|  2 |  36 | 884 |-2.457655e+01 | 0.000000e+00 |    Inf | unknown
 time | node  | left  |LP iter|LP it/n|mem/heur|mdpt |vars |cons |rows |cuts |sepa|confs|strbr|  dualbound   | primalbound  |  gap   | compl. 
 5457s|  5400 |  5401 |  8710k|1599.4 |   307M |  67 |1502 | 503 |1519 |  59k|  3 |  36 | 884 |-2.457655e+01 | 0.000000e+00 |    Inf | unknown
 5557s|  5500 |  5501 |  8872k|1599.8 |   308M |  67 |1502 | 504 |1620 |  60k|  2 |  38 | 896 |-2.457655e+01 | 0.000000e+00 |    Inf | unknown
 5669s|  5600 |  5601 |  9074k|1607.2 |   308M |  67 |1502 | 505 |1539 |  62k|  5 |  39 | 900 |-2.457655e+01 | 0.000000e+00 |    Inf | unknown
 5778s|  5700 |  5701 |  9275k|1614.4 |   311M |  67 |1502 | 504 |1477 |  63k|  3 |  41 | 907 |-2.457655e+01 | 0.000000e+00 |    Inf | unknown
 5870s|  5800 |  5801 |  9439k|1614.8 |   311M |  67 |1502 | 505 |1463 |  64k|  2 |  43 | 917 |-2.457655e+01 | 0.000000e+00 |    Inf | unknown
 5968s|  5900 |  5901 |  9619k|1618.0 |   311M |  67 |1502 | 504 |1318 |  65k|  2 |  44 | 917 |-2.457655e+01 | 0.000000e+00 |    Inf | unknown
 6074s|  6000 |  6001 |  9809k|1622.6 |   313M |  67 |1502 | 502 |1352 |  66k|  4 |  44 | 927 |-2.457655e+01 | 0.000000e+00 |    Inf | unknown
 6155s|  6100 |  6101 |  9930k|1615.8 |   313M |  67 |1502 | 502 |1532 |  67k|  2 |  44 | 932 |-2.457655e+01 | 0.000000e+00 |    Inf | unknown
 6264s|  6200 |  6201 | 10136k|1623.0 |   315M |  67 |1502 | 502 |1512 |  69k|  5 |  45 | 935 |-2.457655e+01 | 0.000000e+00 |    Inf | unknown
 6365s|  6300 |  6301 | 10312k|1625.2 |   316M |  67 |1502 | 502 |1553 |  70k|  5 |  46 | 945 |-2.457655e+01 | 0.000000e+00 |    Inf | unknown
 6451s|  6400 |  6401 | 10460k|1623.0 |   316M |  67 |1502 | 503 |1431 |  71k|  2 |  47 | 947 |-2.457655e+01 | 0.000000e+00 |    Inf | unknown
 6539s|  6500 |  6501 | 10619k|1622.4 |   317M |  67 |1502 | 503 |1463 |  72k|  2 |  48 | 950 |-2.457655e+01 | 0.000000e+00 |    Inf | unknown
 6637s|  6600 |  6601 | 10779k|1622.0 |   319M |  67 |1502 | 502 |1329 |  73k|  2 |  48 | 960 |-2.457655e+01 | 0.000000e+00 |    Inf | unknown
 6728s|  6700 |  6701 | 10924k|1619.5 |   319M |  67 |1502 | 503 |1351 |  74k|  2 |  49 | 963 |-2.457655e+01 | 0.000000e+00 |    Inf | unknown
 6840s|  6800 |  6801 | 11124k|1625.1 |   321M |  67 |1502 | 503 |1612 |  76k|  2 |  49 | 966 |-2.457655e+01 | 0.000000e+00 |    Inf | unknown
 time | node  | left  |LP iter|LP it/n|mem/heur|mdpt |vars |cons |rows |cuts |sepa|confs|strbr|  dualbound   | primalbound  |  gap   | compl. 
 6934s|  6900 |  6901 | 11297k|1626.6 |   322M |  67 |1502 | 503 |1573 |  77k|  2 |  51 | 974 |-2.457655e+01 | 0.000000e+00 |    Inf | unknown
 7044s|  7000 |  7001 | 11485k|1630.2 |   322M |  67 |1502 | 504 |1405 |  78k|  4 |  52 | 976 |-2.457606e+01 | 0.000000e+00 |    Inf | unknown
 7146s|  7100 |  7101 | 11672k|1633.6 |   324M |  67 |1502 | 504 |1456 |  79k|  2 |  55 | 981 |-2.457572e+01 | 0.000000e+00 |    Inf | unknown
 7246s|  7200 |  7201 | 11853k|1636.0 |   324M |  67 |1502 | 504 |1391 |  81k|  3 |  55 | 986 |-2.457528e+01 | 0.000000e+00 |    Inf | unknown
 7340s|  7300 |  7301 | 12005k|1634.4 |   325M |  67 |1502 | 505 |1435 |  82k|  3 |  57 | 990 |-2.457444e+01 | 0.000000e+00 |    Inf | unknown
 7441s|  7400 |  7401 | 12187k|1637.0 |   326M |  67 |1502 | 503 |1650 |  83k|  5 |  57 | 997 |-2.457437e+01 | 0.000000e+00 |    Inf | unknown
 7541s|  7500 |  7501 | 12372k|1639.9 |   327M |  67 |1502 | 502 |1577 |  84k|  2 |  58 | 997 |-2.457437e+01 | 0.000000e+00 |    Inf | unknown
 7646s|  7600 |  7601 | 12550k|1641.7 |   328M |  71 |1502 | 504 |1490 |  85k|  2 |  60 |1006 |-2.457408e+01 | 0.000000e+00 |    Inf | unknown
 7741s|  7700 |  7701 | 12713k|1641.5 |   329M |  71 |1502 | 503 |1487 |  86k|  3 |  60 |1010 |-2.457408e+01 | 0.000000e+00 |    Inf | unknown
 7846s|  7800 |  7801 | 12910k|1645.7 |   329M |  75 |1502 | 501 |1586 |  88k|  4 |  60 |1010 |-2.457366e+01 | 0.000000e+00 |    Inf | unknown
 7941s|  7900 |  7901 | 13052k|1642.9 |   330M |  77 |1502 | 501 |1356 |  89k|  2 |  60 |1018 |-2.457366e+01 | 0.000000e+00 |    Inf | unknown
 8025s|  8000 |  8001 | 13198k|1640.5 |   331M |  77 |1502 | 503 |1508 |  90k|  3 |  62 |1021 |-2.457366e+01 | 0.000000e+00 |    Inf | unknown
 8124s|  8100 |  8101 | 13395k|1644.7 |   331M |  77 |1502 | 505 |1399 |  91k|  2 |  64 |1022 |-2.457366e+01 | 0.000000e+00 |    Inf | unknown
 8223s|  8200 |  8201 | 13573k|1646.3 |   331M |  77 |1502 | 503 |1488 |  92k|  2 |  64 |1031 |-2.457366e+01 | 0.000000e+00 |    Inf | unknown
 8319s|  8300 |  8301 | 13752k|1648.1 |   332M |  77 |1502 | 502 |1437 |  93k|  2 |  65 |1032 |-2.457366e+01 | 0.000000e+00 |    Inf | unknown
 time | node  | left  |LP iter|LP it/n|mem/heur|mdpt |vars |cons |rows |cuts |sepa|confs|strbr|  dualbound   | primalbound  |  gap   | compl. 
 8402s|  8400 |  8401 | 13899k|1645.9 |   332M |  77 |1502 | 503 |1524 |  94k|  2 |  66 |1034 |-2.457366e+01 | 0.000000e+00 |    Inf | unknown
 8502s|  8500 |  8501 | 14074k|1647.2 |   334M |  77 |1502 | 502 |1481 |  95k|  2 |  66 |1037 |-2.457366e+01 | 0.000000e+00 |    Inf | unknown
 8584s|  8600 |  8601 | 14210k|1643.8 |   335M |  77 |1502 | 502 |1575 |  96k|  3 |  66 |1038 |-2.457366e+01 | 0.000000e+00 |    Inf | unknown
 8691s|  8700 |  8701 | 14404k|1647.3 |   335M |  77 |1502 | 503 |1383 |  98k|  2 |  68 |1046 |-2.457366e+01 | 0.000000e+00 |    Inf | unknown
 8796s|  8800 |  8801 | 14589k|1649.5 |   336M |  77 |1502 | 503 |1591 |  99k|  2 |  69 |1050 |-2.457366e+01 | 0.000000e+00 |    Inf | unknown
 8877s|  8900 |  8901 | 14726k|1646.3 |   336M |  77 |1502 | 503 |1502 | 100k|  5 |  69 |1050 |-2.457366e+01 | 0.000000e+00 |    Inf | unknown
 8964s|  9000 |  9001 | 14876k|1644.7 |   338M |  77 |1502 | 504 |1590 | 101k|  2 |  71 |1058 |-2.457366e+01 | 0.000000e+00 |    Inf | unknown
 9068s|  9100 |  9101 | 15077k|1648.7 |   340M |  77 |1502 | 504 |1355 | 102k|  2 |  72 |1062 |-2.457343e+01 | 0.000000e+00 |    Inf | unknown
 9166s|  9200 |  9201 | 15252k|1649.9 |   340M |  77 |1502 | 502 |1476 | 103k|  3 |  72 |1063 |-2.457321e+01 | 0.000000e+00 |    Inf | unknown
 9266s|  9300 |  9301 | 15418k|1650.0 |   341M |  77 |1502 | 502 |1324 | 105k|  3 |  72 |1073 |-2.457289e+01 | 0.000000e+00 |    Inf | unknown
 9363s|  9400 |  9401 | 15587k|1650.4 |   343M |  77 |1502 | 504 |1573 | 106k|  4 |  75 |1077 |-2.457199e+01 | 0.000000e+00 |    Inf | unknown
 9462s|  9500 |  9501 | 15772k|1652.5 |   343M |  77 |1502 | 504 |1337 | 107k|  2 |  76 |1077 |-2.457136e+01 | 0.000000e+00 |    Inf | unknown
 9559s|  9600 |  9601 | 15939k|1652.7 |   344M |  77 |1502 | 504 |1445 | 108k|  3 |  76 |1084 |-2.457089e+01 | 0.000000e+00 |    Inf | unknown
 9640s|  9700 |  9701 | 16081k|1650.3 |   344M |  77 |1502 | 504 |1299 | 109k|  2 |  78 |1085 |-2.457054e+01 | 0.000000e+00 |    Inf | unknown
 9749s|  9800 |  9801 | 16283k|1654.1 |   344M |  77 |1502 | 504 |1506 | 111k|  3 |  79 |1085 |-2.457015e+01 | 0.000000e+00 |    Inf | unknown
 time | node  | left  |LP iter|LP it/n|mem/heur|mdpt |vars |cons |rows |cuts |sepa|confs|strbr|  dualbound   | primalbound  |  gap   | compl. 
 9852s|  9900 |  9901 | 16463k|1655.6 |   345M |  77 |1502 | 503 |1341 | 112k|  2 |  79 |1090 |-2.456979e+01 | 0.000000e+00 |    Inf | unknown
 9937s| 10000 | 10001 | 16603k|1653.0 |   346M |  77 |1502 | 503 |1503 | 113k|  2 |  79 |1091 |-2.456928e+01 | 0.000000e+00 |    Inf | unknown
  167m| 10100 | 10101 | 16813k|1657.4 |   346M |  77 |1502 | 504 |1382 | 115k|  2 |  82 |1095 |-2.456885e+01 | 0.000000e+00 |    Inf | unknown
  169m| 10200 | 10201 | 16972k|1656.8 |   347M |  77 |1502 | 504 |1485 | 116k|  2 |  83 |1099 |-2.456864e+01 | 0.000000e+00 |    Inf | unknown
  171m| 10300 | 10301 | 17128k|1655.8 |   349M |  77 |1502 | 504 |1300 | 117k|  2 |  83 |1102 |-2.456805e+01 | 0.000000e+00 |    Inf | unknown
  172m| 10400 | 10401 | 17283k|1654.7 |   349M |  77 |1502 | 505 |1467 | 118k|  2 |  86 |1102 |-2.456794e+01 | 0.000000e+00 |    Inf | unknown
  174m| 10500 | 10501 | 17462k|1656.1 |   349M |  77 |1502 | 504 |1299 | 119k|  2 |  86 |1106 |-2.456732e+01 | 0.000000e+00 |    Inf | unknown
  175m| 10600 | 10601 | 17607k|1654.1 |   350M |  77 |1502 | 503 |1438 | 120k|  2 |  86 |1106 |-2.456712e+01 | 0.000000e+00 |    Inf | unknown
  177m| 10700 | 10701 | 17811k|1657.8 |   351M |  77 |1502 | 503 |1350 | 122k|  2 |  88 |1106 |-2.456701e+01 | 0.000000e+00 |    Inf | unknown
  179m| 10800 | 10801 | 18011k|1660.9 |   352M |  77 |1502 | 504 |1577 | 123k|  2 |  89 |1110 |-2.456602e+01 | 0.000000e+00 |    Inf | unknown

SCIP Status        : solving was interrupted [time limit reached]
Solving Time (sec) : 10800.00
Solving Nodes      : 10863
Primal Bound       : +0.00000000000000e+00 (1 solutions)
Dual Bound         : -2.45658784745251e+01
Gap                : infinite

