Solver command line: ['/cvmfs/soft.computecanada.ca/easybuild/software/2023/x86-64-v4/Compiler/gcc12/scipoptsuite/9.0.0/bin/scip', '/tmp/tmpmc8uwfp2.pyomo', '-AMPL']

SCIP version 9.0.0 [precision: 8 byte] [memory: block] [mode: optimized] [LP solver: Soplex 7.0.0] [GitHash: 7205bedd94]
Copyright (c) 2002-2024 Zuse Institute Berlin (ZIB)

External libraries: 
  Readline 8.1         GNU library for command line editing (gnu.org/s/readline)
  Soplex 7.0.0         Linear Programming Solver developed at Zuse Institute Berlin (soplex.zib.de) [GitHash: 6657fb3b]
  CppAD 20180000.0     Algorithmic Differentiation of C++ algorithms developed by B. Bell (github.com/coin-or/CppAD)
  ZLIB 1.2.13          General purpose compression library by J. Gailly and M. Adler (zlib.net)
  GMP 6.2.1            GNU Multiple Precision Arithmetic Library developed by T. Granlund (gmplib.org)
  ZIMPL 3.5.3          Zuse Institute Mathematical Programming Language developed by T. Koch (zimpl.zib.de)
  AMPL/MP 690e9e7      AMPL .nl file reader library (github.com/ampl/mp)
  PaPILO 2.2.0         parallel presolve for integer and linear optimization (github.com/scipopt/papilo) (built with TBB) [GitHash: df30ae49]
  bliss 0.77           Computing Graph Automorphisms by T. Junttila and P. Kaski (users.aalto.fi/~tjunttil/bliss)
  sassy 1.1            Symmetry preprocessor by Markus Anders (github.com/markusa4/sassy)
  Ipopt 3.14.14        Interior Point Optimizer developed by A. Waechter et.al. (github.com/coin-or/Ipopt)

reading user parameter file <scip.set>
===========================

limits/time = 10800

read problem </tmp/tmpmc8uwfp2.pyomo.nl>
============

original problem has 501 variables (0 bin, 500 int, 0 impl, 1 cont) and 501 constraints

solve problem
=============

1/1 feasible solution given by solution candidate storage, new primal bound 0.000000e+00

presolving:
   (0.1s) symmetry computation started: requiring (bin +, int +, cont +), (fixed: bin -, int -, cont -)
   (0.2s) no symmetry present (symcode time: 0.02)
presolving (1 rounds: 1 fast, 1 medium, 1 exhaustive):
 0 deleted vars, 0 deleted constraints, 0 added constraints, 1 tightened bounds, 0 added holes, 0 changed sides, 0 changed coefficients
 0 implications, 0 cliques
presolved problem has 501 variables (0 bin, 500 int, 0 impl, 1 cont) and 501 constraints
    500 constraints of type <linear>
      1 constraints of type <nonlinear>
Presolving Time: 0.17
transformed 1/1 original solutions to the transformed problem space

 time | node  | left  |LP iter|LP it/n|mem/heur|mdpt |vars |cons |rows |cuts |sepa|confs|strbr|  dualbound   | primalbound  |  gap   | compl. 
  4.3s|     1 |     0 |  4454 |     - |   133M |   0 |1502 | 501 |2500 |   0 |  0 |   0 |   0 |-2.477245e+01 | 0.000000e+00 |    Inf | unknown
  7.8s|     1 |     0 |  6678 |     - |   139M |   0 |1502 | 501 |3000 | 500 |  1 |   0 |   0 |-2.477245e+01 | 0.000000e+00 |    Inf | unknown
 12.3s|     1 |     0 |  8858 |     - |   164M |   0 |1502 | 501 |3489 | 989 |  2 |   0 |   0 |-2.477245e+01 | 0.000000e+00 |    Inf | unknown
 23.1s|     1 |     0 | 19637 |     - |   175M |   0 |1502 | 501 |3956 |1456 |  3 |   0 |   0 |-2.476997e+01 | 0.000000e+00 |    Inf | unknown
 24.2s|     1 |     0 | 19637 |     - |   175M |   0 |1502 | 501 |3956 |1456 |  3 |   0 |   0 |-2.476997e+01 | 0.000000e+00 |    Inf | unknown
 31.4s|     1 |     0 | 30566 |     - |   187M |   0 |1502 | 501 |4267 |1767 |  4 |   0 |   0 |-2.468552e+01 | 0.000000e+00 |    Inf | unknown
 32.3s|     1 |     0 | 30566 |     - |   187M |   0 |1502 | 501 |4267 |1767 |  4 |   0 |   0 |-2.468552e+01 | 0.000000e+00 |    Inf | unknown
 39.5s|     1 |     0 | 41092 |     - |   199M |   0 |1502 | 501 |4418 |1918 |  5 |   0 |   0 |-2.460909e+01 | 0.000000e+00 |    Inf | unknown
 40.3s|     1 |     0 | 41092 |     - |   199M |   0 |1502 | 501 |4418 |1918 |  5 |   0 |   0 |-2.460909e+01 | 0.000000e+00 |    Inf | unknown
 44.1s|     1 |     0 | 46370 |     - |   218M |   0 |1502 | 501 |4471 |1971 |  6 |   0 |   0 |-2.459403e+01 | 0.000000e+00 |    Inf | unknown
 44.9s|     1 |     0 | 46370 |     - |   218M |   0 |1502 | 501 |4471 |1971 |  6 |   0 |   0 |-2.459403e+01 | 0.000000e+00 |    Inf | unknown
 46.2s|     1 |     0 | 46707 |     - |   224M |   0 |1502 | 501 |4489 |1989 |  7 |   0 |   0 |-2.459319e+01 | 0.000000e+00 |    Inf | unknown
 46.9s|     1 |     0 | 46707 |     - |   224M |   0 |1502 | 501 |4489 |1989 |  7 |   0 |   0 |-2.459319e+01 | 0.000000e+00 |    Inf | unknown
 48.2s|     1 |     0 | 46912 |     - |   242M |   0 |1502 | 501 |4495 |1995 |  8 |   0 |   0 |-2.459293e+01 | 0.000000e+00 |    Inf | unknown
 50.2s|     1 |     0 | 47042 |     - |   260M |   0 |1502 | 501 |4498 |1998 |  9 |   0 |   0 |-2.459282e+01 | 0.000000e+00 |    Inf | unknown
 time | node  | left  |LP iter|LP it/n|mem/heur|mdpt |vars |cons |rows |cuts |sepa|confs|strbr|  dualbound   | primalbound  |  gap   | compl. 
 51.9s|     1 |     0 | 47227 |     - |   263M |   0 |1502 | 501 |4500 |2000 | 10 |   0 |   0 |-2.459269e+01 | 0.000000e+00 |    Inf | unknown
 53.4s|     1 |     0 | 47256 |     - |   264M |   0 |1502 | 501 |2024 |2001 | 11 |   0 |   0 |-2.459269e+01 | 0.000000e+00 |    Inf | unknown
 54.8s|     1 |     0 | 47270 |     - |   264M |   0 |1502 | 501 |2026 |2003 | 12 |   0 |   0 |-2.459269e+01 | 0.000000e+00 |    Inf | unknown
 56.2s|     1 |     0 | 47309 |     - |   264M |   0 |1502 | 501 |2027 |2004 | 13 |   0 |   0 |-2.459268e+01 | 0.000000e+00 |    Inf | unknown
 57.6s|     1 |     0 | 47329 |     - |   264M |   0 |1502 | 501 |2029 |2006 | 14 |   0 |   0 |-2.459268e+01 | 0.000000e+00 |    Inf | unknown
 59.0s|     1 |     0 | 47342 |     - |   265M |   0 |1502 | 501 |2030 |2007 | 15 |   0 |   0 |-2.459268e+01 | 0.000000e+00 |    Inf | unknown
 60.4s|     1 |     0 | 47360 |     - |   265M |   0 |1502 | 501 |2031 |2008 | 16 |   0 |   0 |-2.459267e+01 | 0.000000e+00 |    Inf | unknown
  385s|     1 |     2 |539412 |     - |   265M |   0 |1502 | 501 |2031 |2008 | 16 |   0 |  20 |-2.459195e+01 | 0.000000e+00 |    Inf | unknown
  622s|   100 |   101 |726654 |6861.6 |   272M |  21 |1502 | 501 |1287 |3107 |  2 |   0 | 352 |-2.459183e+01 | 0.000000e+00 |    Inf | unknown
  731s|   200 |   201 |870598 |4136.9 |   273M |  31 |1502 | 501 |1257 |3811 |  2 |   0 | 409 |-2.459183e+01 | 0.000000e+00 |    Inf | unknown
  853s|   300 |   301 |  1003k|3197.1 |   275M |  31 |1502 | 501 |1323 |4925 |  2 |   0 | 483 |-2.459183e+01 | 0.000000e+00 |    Inf | unknown
  934s|   400 |   401 |  1130k|2714.0 |   267M |  39 |1502 | 501 |1358 |5599 |  2 |   0 | 498 |-2.459182e+01 | 0.000000e+00 |    Inf | unknown
 1034s|   500 |   501 |  1267k|2444.6 |   268M |  39 |1502 | 501 |1422 |6697 |  2 |   0 | 528 |-2.459096e+01 | 0.000000e+00 |    Inf | unknown
 1123s|   600 |   601 |  1400k|2258.9 |   268M |  39 |1502 | 501 |1424 |7524 |  3 |   0 | 559 |-2.459096e+01 | 0.000000e+00 |    Inf | unknown
 1208s|   700 |   701 |  1530k|2121.6 |   269M |  45 |1502 | 501 |1321 |8197 |  2 |   0 | 561 |-2.459096e+01 | 0.000000e+00 |    Inf | unknown
 time | node  | left  |LP iter|LP it/n|mem/heur|mdpt |vars |cons |rows |cuts |sepa|confs|strbr|  dualbound   | primalbound  |  gap   | compl. 
 1304s|   800 |   801 |  1652k|2008.8 |   270M |  45 |1502 | 501 |1397 |8983 |  2 |   0 | 594 |-2.459096e+01 | 0.000000e+00 |    Inf | unknown
 1398s|   900 |   901 |  1787k|1935.4 |   271M |  45 |1502 | 501 |1423 |  10k|  4 |   0 | 609 |-2.459096e+01 | 0.000000e+00 |    Inf | unknown
 1500s|  1000 |  1001 |  1934k|1889.2 |   272M |  45 |1502 | 501 |1350 |  10k|  2 |   0 | 635 |-2.459096e+01 | 0.000000e+00 |    Inf | unknown
 1602s|  1100 |  1101 |  2097k|1865.8 |   273M |  45 |1502 | 501 |1507 |  12k|  2 |   0 | 659 |-2.459096e+01 | 0.000000e+00 |    Inf | unknown
 1681s|  1200 |  1201 |  2207k|1801.9 |   273M |  45 |1502 | 501 |1473 |  12k|  2 |   0 | 660 |-2.459096e+01 | 0.000000e+00 |    Inf | unknown
 1760s|  1300 |  1301 |  2334k|1760.3 |   274M |  45 |1502 | 501 |1333 |  13k|  3 |   0 | 661 |-2.459096e+01 | 0.000000e+00 |    Inf | unknown
 1846s|  1400 |  1401 |  2459k|1724.2 |   275M |  45 |1502 | 501 |1393 |  14k|  2 |   0 | 661 |-2.459096e+01 | 0.000000e+00 |    Inf | unknown
 1940s|  1500 |  1501 |  2612k|1710.9 |   277M |  45 |1502 | 501 |1340 |  15k|  2 |   0 | 673 |-2.459096e+01 | 0.000000e+00 |    Inf | unknown
 2040s|  1600 |  1601 |  2762k|1698.0 |   279M |  45 |1502 | 501 |1447 |  16k|  2 |   0 | 678 |-2.459096e+01 | 0.000000e+00 |    Inf | unknown
 2104s|  1700 |  1701 |  2861k|1656.4 |   279M |  45 |1502 | 501 |1331 |  17k|  1 |   0 | 684 |-2.459096e+01 | 0.000000e+00 |    Inf | unknown
 2185s|  1800 |  1801 |  2994k|1638.2 |   279M |  45 |1502 | 501 |1416 |  18k|  2 |   0 | 694 |-2.459096e+01 | 0.000000e+00 |    Inf | unknown
 2268s|  1900 |  1901 |  3134k|1625.5 |   280M |  45 |1502 | 501 |1335 |  19k|  2 |   0 | 696 |-2.459096e+01 | 0.000000e+00 |    Inf | unknown
 2359s|  2000 |  2001 |  3281k|1617.8 |   283M |  45 |1502 | 501 |1406 |  20k|  2 |   0 | 709 |-2.459096e+01 | 0.000000e+00 |    Inf | unknown
 2444s|  2100 |  2101 |  3413k|1603.9 |   284M |  45 |1502 | 501 |1458 |  21k|  2 |   0 | 718 |-2.459096e+01 | 0.000000e+00 |    Inf | unknown
 2536s|  2200 |  2201 |  3561k|1598.1 |   285M |  45 |1502 | 501 |1408 |  22k|  2 |   0 | 735 |-2.459096e+01 | 0.000000e+00 |    Inf | unknown
 time | node  | left  |LP iter|LP it/n|mem/heur|mdpt |vars |cons |rows |cuts |sepa|confs|strbr|  dualbound   | primalbound  |  gap   | compl. 
 2629s|  2300 |  2301 |  3717k|1596.3 |   285M |  45 |1502 | 501 |1431 |  23k|  2 |   0 | 741 |-2.459096e+01 | 0.000000e+00 |    Inf | unknown
 2719s|  2400 |  2401 |  3861k|1589.9 |   287M |  45 |1502 | 501 |1483 |  24k|  2 |   0 | 758 |-2.459096e+01 | 0.000000e+00 |    Inf | unknown
 2823s|  2500 |  2501 |  4053k|1603.0 |   288M |  45 |1502 | 501 |1321 |  25k|  2 |   0 | 764 |-2.459096e+01 | 0.000000e+00 |    Inf | unknown
 2910s|  2600 |  2601 |  4203k|1599.1 |   289M |  49 |1502 | 501 |1447 |  26k|  3 |   0 | 767 |-2.459096e+01 | 0.000000e+00 |    Inf | unknown
 3019s|  2700 |  2701 |  4388k|1608.4 |   290M |  49 |1502 | 501 |1530 |  28k|  4 |   0 | 786 |-2.459096e+01 | 0.000000e+00 |    Inf | unknown
 3093s|  2800 |  2801 |  4514k|1596.1 |   291M |  49 |1502 | 501 |1374 |  29k|  2 |   0 | 789 |-2.459096e+01 | 0.000000e+00 |    Inf | unknown
 3205s|  2900 |  2901 |  4700k|1605.1 |   292M |  49 |1502 | 501 |1459 |  30k|  4 |   0 | 807 |-2.459096e+01 | 0.000000e+00 |    Inf | unknown
 3305s|  3000 |  3001 |  4877k|1610.4 |   294M |  49 |1502 | 501 |1372 |  32k|  1 |   0 | 809 |-2.459096e+01 | 0.000000e+00 |    Inf | unknown
 3411s|  3100 |  3101 |  5070k|1620.8 |   294M |  49 |1502 | 501 |1334 |  33k|  2 |   0 | 824 |-2.459096e+01 | 0.000000e+00 |    Inf | unknown
 3513s|  3200 |  3201 |  5241k|1623.6 |   296M |  49 |1502 | 501 |1304 |  34k|  2 |   0 | 828 |-2.459096e+01 | 0.000000e+00 |    Inf | unknown
 3604s|  3300 |  3301 |  5389k|1619.2 |   297M |  49 |1502 | 501 |1352 |  36k|  2 |   0 | 838 |-2.458864e+01 | 0.000000e+00 |    Inf | unknown
 3691s|  3400 |  3401 |  5541k|1616.3 |   300M |  55 |1502 | 507 |1392 |  37k|  2 |   7 | 846 |-2.458864e+01 | 0.000000e+00 |    Inf | unknown
 3811s|  3500 |  3501 |  5770k|1635.5 |   300M |  55 |1502 | 507 |1546 |  38k|  2 |   9 | 854 |-2.458828e+01 | 0.000000e+00 |    Inf | unknown
 3901s|  3600 |  3601 |  5930k|1634.6 |   301M |  55 |1502 | 507 |1477 |  39k|  4 |  13 | 866 |-2.458828e+01 | 0.000000e+00 |    Inf | unknown
 3999s|  3700 |  3701 |  6098k|1635.9 |   302M |  55 |1502 | 507 |1543 |  40k|  2 |  16 | 872 |-2.458828e+01 | 0.000000e+00 |    Inf | unknown
 time | node  | left  |LP iter|LP it/n|mem/heur|mdpt |vars |cons |rows |cuts |sepa|confs|strbr|  dualbound   | primalbound  |  gap   | compl. 
 4098s|  3800 |  3801 |  6278k|1640.2 |   304M |  63 |1502 | 508 |1575 |  41k|  4 |  21 | 883 |-2.458828e+01 | 0.000000e+00 |    Inf | unknown
 4200s|  3900 |  3901 |  6463k|1645.5 |   305M |  63 |1502 | 509 |1448 |  43k|  2 |  24 | 897 |-2.458828e+01 | 0.000000e+00 |    Inf | unknown
 4300s|  4000 |  4001 |  6631k|1646.4 |   306M |  65 |1502 | 509 |1551 |  44k|  5 |  26 | 906 |-2.458750e+01 | 0.000000e+00 |    Inf | unknown
 4403s|  4100 |  4101 |  6823k|1653.2 |   308M |  65 |1502 | 504 |1538 |  45k|  2 |  27 | 913 |-2.458469e+01 | 0.000000e+00 |    Inf | unknown
 4498s|  4200 |  4201 |  7004k|1656.8 |   308M |  65 |1502 | 502 |1429 |  46k|  1 |  28 | 923 |-2.458158e+01 | 0.000000e+00 |    Inf | unknown
 4581s|  4300 |  4301 |  7142k|1650.4 |   310M |  65 |1502 | 504 |1563 |  47k|  3 |  30 | 925 |-2.458158e+01 | 0.000000e+00 |    Inf | unknown
 4700s|  4400 |  4401 |  7382k|1667.4 |   311M |  65 |1502 | 503 |1491 |  48k|  2 |  30 | 933 |-2.458053e+01 | 0.000000e+00 |    Inf | unknown
 4789s|  4500 |  4501 |  7539k|1665.2 |   311M |  65 |1502 | 502 |1490 |  49k|  2 |  31 | 941 |-2.458053e+01 | 0.000000e+00 |    Inf | unknown
 4882s|  4600 |  4601 |  7696k|1663.3 |   312M |  65 |1502 | 504 |1545 |  50k|  4 |  33 | 944 |-2.457872e+01 | 0.000000e+00 |    Inf | unknown
 4988s|  4700 |  4701 |  7901k|1671.4 |   313M |  65 |1502 | 504 |1476 |  51k|  2 |  34 | 948 |-2.457821e+01 | 0.000000e+00 |    Inf | unknown
 5081s|  4800 |  4801 |  8054k|1668.5 |   314M |  65 |1502 | 502 |1490 |  52k|  2 |  34 | 950 |-2.457821e+01 | 0.000000e+00 |    Inf | unknown
 5189s|  4900 |  4901 |  8244k|1673.1 |   314M |  65 |1502 | 503 |1490 |  54k|  2 |  35 | 959 |-2.457686e+01 | 0.000000e+00 |    Inf | unknown
 5284s|  5000 |  5001 |  8415k|1674.0 |   316M |  65 |1502 | 503 |1357 |  55k|  2 |  35 | 964 |-2.457686e+01 | 0.000000e+00 |    Inf | unknown
 5386s|  5100 |  5101 |  8592k|1675.9 |   317M |  65 |1502 | 502 |1405 |  56k|  2 |  36 | 967 |-2.457665e+01 | 0.000000e+00 |    Inf | unknown
 5467s|  5200 |  5201 |  8731k|1670.3 |   319M |  65 |1502 | 503 |1211 |  57k|  2 |  37 | 972 |-2.457622e+01 | 0.000000e+00 |    Inf | unknown
 time | node  | left  |LP iter|LP it/n|mem/heur|mdpt |vars |cons |rows |cuts |sepa|confs|strbr|  dualbound   | primalbound  |  gap   | compl. 
 5594s|  5300 |  5301 |  8972k|1684.4 |   320M |  65 |1502 | 503 |1350 |  58k|  2 |  38 | 981 |-2.457622e+01 | 0.000000e+00 |    Inf | unknown
 5695s|  5400 |  5401 |  9143k|1684.9 |   320M |  65 |1502 | 502 |1386 |  60k|  2 |  38 | 992 |-2.457589e+01 | 0.000000e+00 |    Inf | unknown
 5799s|  5500 |  5501 |  9344k|1690.7 |   320M |  65 |1502 | 503 |1328 |  61k|  2 |  39 | 994 |-2.457589e+01 | 0.000000e+00 |    Inf | unknown
 5910s|  5600 |  5601 |  9537k|1694.9 |   323M |  65 |1502 | 503 |1379 |  62k|  4 |  40 |1000 |-2.457486e+01 | 0.000000e+00 |    Inf | unknown
 6006s|  5700 |  5701 |  9706k|1694.9 |   324M |  65 |1502 | 502 |1563 |  63k|  2 |  40 |1001 |-2.457486e+01 | 0.000000e+00 |    Inf | unknown
 6111s|  5800 |  5801 |  9884k|1696.4 |   324M |  65 |1502 | 503 |1542 |  65k|  2 |  41 |1007 |-2.457464e+01 | 0.000000e+00 |    Inf | unknown
 6218s|  5900 |  5901 | 10086k|1701.8 |   325M |  65 |1502 | 503 |1517 |  66k|  2 |  42 |1019 |-2.457404e+01 | 0.000000e+00 |    Inf | unknown
 6319s|  6000 |  6001 | 10263k|1703.0 |   325M |  65 |1502 | 502 |1549 |  67k|  2 |  42 |1019 |-2.457404e+01 | 0.000000e+00 |    Inf | unknown
 6425s|  6100 |  6101 | 10455k|1706.5 |   326M |  65 |1502 | 503 |1524 |  69k|  4 |  43 |1026 |-2.457349e+01 | 0.000000e+00 |    Inf | unknown
 6534s|  6200 |  6201 | 10660k|1712.0 |   327M |  65 |1502 | 503 |1531 |  70k|  2 |  44 |1028 |-2.457349e+01 | 0.000000e+00 |    Inf | unknown
 6642s|  6300 |  6301 | 10854k|1715.7 |   327M |  65 |1502 | 502 |1533 |  71k|  5 |  44 |1033 |-2.457310e+01 | 0.000000e+00 |    Inf | unknown
 6747s|  6400 |  6401 | 11040k|1718.0 |   328M |  65 |1502 | 502 |1439 |  73k|  4 |  45 |1039 |-2.457202e+01 | 0.000000e+00 |    Inf | unknown
 6858s|  6500 |  6501 | 11238k|1722.0 |   329M |  65 |1502 | 503 |1491 |  74k|  3 |  46 |1040 |-2.457202e+01 | 0.000000e+00 |    Inf | unknown
 6979s|  6600 |  6601 | 11446k|1727.3 |   331M |  65 |1502 | 502 |1545 |  75k|  2 |  46 |1048 |-2.457184e+01 | 0.000000e+00 |    Inf | unknown
 7075s|  6700 |  6701 | 11622k|1727.8 |   331M |  65 |1502 | 503 |1366 |  76k|  2 |  48 |1048 |-2.457184e+01 | 0.000000e+00 |    Inf | unknown
 time | node  | left  |LP iter|LP it/n|mem/heur|mdpt |vars |cons |rows |cuts |sepa|confs|strbr|  dualbound   | primalbound  |  gap   | compl. 
 7183s|  6800 |  6801 | 11809k|1729.9 |   332M |  65 |1502 | 503 |1357 |  78k|  2 |  48 |1056 |-2.457112e+01 | 0.000000e+00 |    Inf | unknown
 7288s|  6900 |  6901 | 11994k|1731.8 |   334M |  65 |1502 | 502 |1390 |  79k|  5 |  49 |1060 |-2.457041e+01 | 0.000000e+00 |    Inf | unknown
 7393s|  7000 |  7001 | 12190k|1734.9 |   334M |  65 |1502 | 502 |1276 |  80k|  2 |  49 |1064 |-2.457041e+01 | 0.000000e+00 |    Inf | unknown
 7497s|  7100 |  7101 | 12367k|1735.5 |   335M |  65 |1502 | 502 |1320 |  82k|  2 |  50 |1071 |-2.456985e+01 | 0.000000e+00 |    Inf | unknown
 7609s|  7200 |  7201 | 12564k|1738.7 |   335M |  65 |1502 | 502 |1322 |  83k|  2 |  50 |1072 |-2.456985e+01 | 0.000000e+00 |    Inf | unknown
 7729s|  7300 |  7301 | 12777k|1744.1 |   336M |  65 |1502 | 502 |1383 |  84k|  2 |  51 |1077 |-2.456911e+01 | 0.000000e+00 |    Inf | unknown
 7839s|  7400 |  7401 | 12959k|1745.1 |   338M |  65 |1502 | 502 |1516 |  85k|  3 |  51 |1079 |-2.456911e+01 | 0.000000e+00 |    Inf | unknown
 7926s|  7500 |  7501 | 13098k|1740.3 |   339M |  65 |1502 | 503 |1507 |  87k|  2 |  52 |1083 |-2.456863e+01 | 0.000000e+00 |    Inf | unknown
 8047s|  7600 |  7601 | 13322k|1747.0 |   340M |  65 |1502 | 502 |1494 |  88k|  2 |  52 |1087 |-2.456829e+01 | 0.000000e+00 |    Inf | unknown
 8142s|  7700 |  7701 | 13478k|1744.6 |   341M |  65 |1502 | 502 |1538 |  89k|  2 |  53 |1087 |-2.456829e+01 | 0.000000e+00 |    Inf | unknown
 8244s|  7800 |  7801 | 13654k|1744.7 |   342M |  65 |1502 | 503 |1507 |  90k|  2 |  54 |1090 |-2.456776e+01 | 0.000000e+00 |    Inf | unknown
 8345s|  7900 |  7901 | 13843k|1746.5 |   342M |  65 |1502 | 503 |1550 |  92k|  2 |  55 |1092 |-2.456776e+01 | 0.000000e+00 |    Inf | unknown
 8457s|  8000 |  8001 | 14042k|1749.7 |   343M |  65 |1502 | 502 |1517 |  93k|  5 |  55 |1098 |-2.456757e+01 | 0.000000e+00 |    Inf | unknown
 8560s|  8100 |  8101 | 14221k|1750.1 |   343M |  65 |1502 | 503 |1390 |  94k|  1 |  56 |1099 |-2.456656e+01 | 0.000000e+00 |    Inf | unknown
 8681s|  8200 |  8201 | 14439k|1755.4 |   346M |  65 |1502 | 504 |1479 |  96k|  2 |  58 |1104 |-2.456656e+01 | 0.000000e+00 |    Inf | unknown
 time | node  | left  |LP iter|LP it/n|mem/heur|mdpt |vars |cons |rows |cuts |sepa|confs|strbr|  dualbound   | primalbound  |  gap   | compl. 
 8794s|  8300 |  8301 | 14628k|1756.9 |   348M |  65 |1502 | 504 |1510 |  97k|  3 |  59 |1108 |-2.456567e+01 | 0.000000e+00 |    Inf | unknown
 8909s|  8400 |  8401 | 14834k|1760.5 |   349M |  65 |1502 | 505 |1451 |  99k|  3 |  60 |1111 |-2.456561e+01 | 0.000000e+00 |    Inf | unknown
 9014s|  8500 |  8501 | 15028k|1762.7 |   350M |  65 |1502 | 504 |1289 | 100k|  2 |  61 |1114 |-2.456512e+01 | 0.000000e+00 |    Inf | unknown
 9118s|  8600 |  8601 | 15210k|1763.3 |   350M |  65 |1502 | 502 |1408 | 101k|  2 |  61 |1115 |-2.456512e+01 | 0.000000e+00 |    Inf | unknown
 9223s|  8700 |  8701 | 15395k|1764.4 |   352M |  65 |1502 | 504 |1329 | 102k|  2 |  63 |1120 |-2.456512e+01 | 0.000000e+00 |    Inf | unknown
 9338s|  8800 |  8801 | 15606k|1768.2 |   352M |  65 |1502 | 504 |1588 | 104k|  3 |  64 |1121 |-2.456439e+01 | 0.000000e+00 |    Inf | unknown
 9438s|  8900 |  8901 | 15775k|1767.4 |   352M |  65 |1502 | 502 |1574 | 105k|  2 |  64 |1125 |-2.456439e+01 | 0.000000e+00 |    Inf | unknown
 9547s|  9000 |  9001 | 15968k|1769.2 |   353M |  65 |1502 | 503 |1588 | 106k|  4 |  65 |1130 |-2.456439e+01 | 0.000000e+00 |    Inf | unknown
 9652s|  9100 |  9101 | 16156k|1770.4 |   355M |  65 |1502 | 503 |1538 | 107k|  2 |  66 |1131 |-2.456439e+01 | 0.000000e+00 |    Inf | unknown
 9777s|  9200 |  9201 | 16379k|1775.5 |   357M |  65 |1502 | 503 |1597 | 109k|  2 |  67 |1134 |-2.456439e+01 | 0.000000e+00 |    Inf | unknown
 9876s|  9300 |  9301 | 16566k|1776.5 |   357M |  65 |1502 | 502 |1465 | 110k|  2 |  67 |1136 |-2.456439e+01 | 0.000000e+00 |    Inf | unknown
 9995s|  9400 |  9401 | 16757k|1777.8 |   358M |  65 |1502 | 503 |1565 | 111k|  2 |  68 |1140 |-2.456439e+01 | 0.000000e+00 |    Inf | unknown
  168m|  9500 |  9501 | 16969k|1781.5 |   360M |  65 |1502 | 502 |1538 | 113k|  4 |  68 |1141 |-2.456439e+01 | 0.000000e+00 |    Inf | unknown
  170m|  9600 |  9601 | 17164k|1783.2 |   360M |  65 |1502 | 502 |1484 | 114k|  2 |  69 |1146 |-2.456439e+01 | 0.000000e+00 |    Inf | unknown
  172m|  9700 |  9701 | 17347k|1783.7 |   361M |  65 |1502 | 503 |1505 | 115k|  1 |  70 |1147 |-2.456439e+01 | 0.000000e+00 |    Inf | unknown
 time | node  | left  |LP iter|LP it/n|mem/heur|mdpt |vars |cons |rows |cuts |sepa|confs|strbr|  dualbound   | primalbound  |  gap   | compl. 
  174m|  9800 |  9801 | 17534k|1784.6 |   361M |  65 |1502 | 503 |1503 | 117k|  2 |  71 |1151 |-2.456358e+01 | 0.000000e+00 |    Inf | unknown
  176m|  9900 |  9901 | 17739k|1787.2 |   363M |  65 |1502 | 502 |1497 | 118k|  2 |  71 |1154 |-2.456358e+01 | 0.000000e+00 |    Inf | unknown
  178m| 10000 | 10001 | 17943k|1789.8 |   364M |  65 |1502 | 502 |1474 | 119k|  2 |  72 |1157 |-2.456319e+01 | 0.000000e+00 |    Inf | unknown
  179m| 10100 | 10101 | 18113k|1788.9 |   364M |  65 |1502 | 503 |1356 | 120k|  2 |  73 |1160 |-2.456268e+01 | 0.000000e+00 |    Inf | unknown

SCIP Status        : solving was interrupted [time limit reached]
Solving Time (sec) : 10800.02
Solving Nodes      : 10140
Primal Bound       : +0.00000000000000e+00 (1 solutions)
Dual Bound         : -2.45626755294897e+01
Gap                : infinite

