Solver command line: ['/cvmfs/soft.computecanada.ca/easybuild/software/2023/x86-64-v4/Compiler/gcc12/scipoptsuite/9.0.0/bin/scip', '/tmp/tmpmz8oo05h.pyomo', '-AMPL']

SCIP version 9.0.0 [precision: 8 byte] [memory: block] [mode: optimized] [LP solver: Soplex 7.0.0] [GitHash: 7205bedd94]
Copyright (c) 2002-2024 Zuse Institute Berlin (ZIB)

External libraries: 
  Readline 8.1         GNU library for command line editing (gnu.org/s/readline)
  Soplex 7.0.0         Linear Programming Solver developed at Zuse Institute Berlin (soplex.zib.de) [GitHash: 6657fb3b]
  CppAD 20180000.0     Algorithmic Differentiation of C++ algorithms developed by B. Bell (github.com/coin-or/CppAD)
  ZLIB 1.2.13          General purpose compression library by J. Gailly and M. Adler (zlib.net)
  GMP 6.2.1            GNU Multiple Precision Arithmetic Library developed by T. Granlund (gmplib.org)
  ZIMPL 3.5.3          Zuse Institute Mathematical Programming Language developed by T. Koch (zimpl.zib.de)
  AMPL/MP 690e9e7      AMPL .nl file reader library (github.com/ampl/mp)
  PaPILO 2.2.0         parallel presolve for integer and linear optimization (github.com/scipopt/papilo) (built with TBB) [GitHash: df30ae49]
  bliss 0.77           Computing Graph Automorphisms by T. Junttila and P. Kaski (users.aalto.fi/~tjunttil/bliss)
  sassy 1.1            Symmetry preprocessor by Markus Anders (github.com/markusa4/sassy)
  Ipopt 3.14.14        Interior Point Optimizer developed by A. Waechter et.al. (github.com/coin-or/Ipopt)

reading user parameter file <scip.set>
===========================

limits/time = 10800

read problem </tmp/tmpmz8oo05h.pyomo.nl>
============

original problem has 501 variables (0 bin, 500 int, 0 impl, 1 cont) and 501 constraints

solve problem
=============

  [linear] <lc191>:  +0.104163112<i0>[I] (+3) -0.0427656219<i1>[I] (+4) +0.0170136881<i2>[I] (-6) +0.0685188778<i3>[I] (-1) -0.0757386834<i4>[I] (-1) -0.0280523348<i5>[I] (-2) +0.138722088<i6>[I] (+4) +0.123868278<i7>[I] (-2) -0.194144125<i8>[I] (-10) +0.118187139<i9>[I] (-1) +0.184572968<i10>[I] (-2) -0.166149576<i11>[I] (+3) -0.0770017549<i12>[I] (+5) +0.0808160938<i13>[I] (-1) +0.0309962486<i14>[I] (-2) +0.166121498<i15>[I] (-1) +0.0125042463<i16>[I] (+4) +0.0227856262<i17>[I] (-1) -0.0777191542<i18>[I] (-1) +0.187035342<i19>[I] (+4) +0.0637325962<i20>[I] (-2) +0.202316769<i21>[I] (+4) -0.0494470962<i22>[I] (+4) -0.0205254154<i23>[I] (+0) +0.123700973<i24>[I] (-1) -0.263981144<i25>[I] (-2) -0.0428250002<i26>[I] (-3) -0.11964119<i27>[I] (-2) +0.0625025403<i28>[I] (-7) -0.0828711942<i29>[I] (-2) +0.00679880635<i30>[I] (-2) +0.195405838<i31>[I] (+3) -0.162428241<i32>[I] (+1) -0.0316519149<i33>[I] (+5) +0.0417608524<i34>[I] (-1) -0.0231541818<i35>[I] (-1) +0.163133<i36>[I] (-1) -7.12246553e-05<i37>[I] (-6) +0.128693468<i38>[I] (-1) +0.00069368409<i39>[I] (-1) +0.0265791766<i40>[I] (+1) -0.0763945337<i41>[I] (+7) +0.0956548335<i42>[I] (-2) -0.0438843218<i43>[I] (-2) +0.0676539842<i44>[I] (-1) -0.0848285266<i45>[I] (+5) +0.0755074925<i46>[I] (-1) -0.0838846421<i47>[I] (-1) -0.180066208<i48>[I] (+0) +0.169642082<i49>[I] (-2) -0.230988137<i50>[I] (-1) -0.154759965<i51>[I] (-1) +0.055809454<i52>[I] (+5) -0.138556335<i53>[I] (+0) -0.182277519<i54>[I] (-2) +0.111020467<i55>[I] (+4) -0.0597909609<i56>[I] (-1) -0.0669897198<i57>[I] (+5) -0.0257943854<i58>[I] (+4) -0.0181502479<i59>[I] (-1) -0.0498996635<i60>[I] (-2) -0.0574629397<i61>[I] (+0) +0.0197585388<i62>[I] (-1) +0.0372393192<i63>[I] (-1) -0.172047317<i64>[I] (-1) -0.17474107<i65>[I] (+0) -0.010790437<i66>[I] (-2) -0.0604092987<i67>[I] (+0) -0.121564316<i68>[I] (+0) +0.0560951747<i69>[I] (-1) +0.181258444<i70>[I] (-2) -0.0076480102<i71>[I] (+3) +0.0133346912<i72>[I] (-1) -0.131417122<i73>[I] (-6) +0.0733214126<i74>[I] (-1) +0.110960895<i75>[I] (+5) -0.0452749374<i76>[I] (-1) +0.0104138775<i77>[I] (-1) -0.150417483<i78>[I] (-1) +0.10715565<i79>[I] (-1) -0.11827802<i80>[I] (+5) -0.0503755423<i81>[I] (-1) -0.0665703873<i82>[I] (+2) -0.000229463958<i83>[I] (-1) +0.0605692528<i84>[I] (-2) -0.140074721<i85>[I] (-1) -0.0565035643<i86>[I] (+3) +0.19014485<i87>[I] (+5) +0.134514864<i88>[I] (-1) -0.0906299615<i89>[I] (-2) +0.141216131<i90>[I] (+1) -0.00858604231<i91>[I] (-2) -0.00155284488<i92>[I] (-1) -0.054261202<i93>[I] (+4) +0.0141402071<i94>[I] (+4) -0.0161300264<i95>[I] (+3) +0.0259662706<i96>[I] (-3) -0.0430856153<i97>[I] (+3) -0.130752909<i98>[I] (-2) +0.0640776782<i99>[I] (-1) -0.0359839015<i100>[I] (-1) +0.00707897857<i101>[I] (+4) +0.0797682908<i102>[I] (-2) -0.00407488891<i103>[I] (-1) -0.0564768102<i104>[I] (+4) -0.0274773311<i105>[I] (-8) +0.0593681131<i106>[I] (+4) +0.0164272768<i107>[I] (-1) +0.199914116<i108>[I] (-2) +0.0178756126<i109>[I] (-4) +0.0611404424<i110>[I] (+4) +0.113574817<i111>[I] (+1) +0.113386667<i112>[I] (-1) -0.0426538577<i113>[I] (+5) -0.0370023919<i114>[I] (+4) -0.178450499<i115>[I] (+0) -0.158499199<i116>[I] (-2) +0.119601571<i117>[I] (+4) +0.162804414<i118>[I] (-1) -0.0974295655<i119>[I] (-2) -0.0337443713<i120>[I] (-1) -0.0172180583<i121>[I] (+4) -0.091783841<i122>[I] (+5) -0.147526572<i123>[I] (-2) +0.157733411<i124>[I] (-1) +0.181631071<i125>[I] (-3) -0.140451434<i126>[I] (-2) -0.0130639093<i127>[I] (+4) +0.144330817<i128>[I] (-2) -0.124595112<i129>[I] (-1) +0.0414535858<i130>[I] (-1) +0.0885336896<i131>[I] (+5) +0.072617738<i132>[I] (-4) +0.0160633731<i133>[I] (-1) -0.0439454401<i134>[I] (-2) -0.0844772645<i135>[I] (-1) -0.0563600769<i136>[I] (-2) -0.0804183194<i137>[I] (-7) +0.0347571378<i138>[I] (-5) -0.108839111<i139>[I] (-1) -0.0365655958<i140>[I] (+6) +0.0724872853<i141>[I] (-1) -0.0729218686<i142>[I] (-2) -0.0617877786<i143>[I] (-1) -0.0175793614<i144>[I] (+1) +0.0103932326<i145>[I] (-2) +0.097324881<i146>[I] (+3) +0.0275127174<i147>[I] (-1) +0.0891869962<i148>[I] (-1) +0.0372809554<i149>[I] (-1) +0.0401782309<i150>[I] (-1) +0.0526907942<i151>[I] (-8) -0.141739155<i152>[I] (-2) +0.0509024762<i153>[I] (+0) -0.0536900284<i154>[I] (+6) -0.0737685257<i155>[I] (-1) +0.000374093129<i156>[I] (-7) +0.0463165365<i157>[I] (-2) +0.123040235<i158>[I] (+0) -0.225824523<i159>[I] (-1) -0.019121117<i160>[I] (+4) +0.0671865759<i161>[I] (-1) -0.0912375807<i162>[I] (-1) -0.235185678<i163>[I] (+1) +0.141531099<i164>[I] (-1) +0.0775305058<i165>[I] (+4) +0.0400164676<i166>[I] (+4) +0.119332267<i167>[I] (-7) +0.135630974<i168>[I] (+0) +0.127246408<i169>[I] (-1) +0.0807999006<i170>[I] (-1) -0.093353351<i171>[I] (+3) -0.00976645046<i172>[I] (-1) +0.0162121162<i173>[I] (-2) +0.0725193689<i174>[I] (-8) +0.0373258347<i175>[I] (-2) +0.116732546<i176>[I] (-2) -0.0768830633<i177>[I] (+1) -0.174058737<i178>[I] (+5) -0.176431994<i179>[I] (-2) +0.109161127<i180>[I] (-1) +0.211227607<i181>[I] (-1) +0.166678885<i182>[I] (-1) +0.110081085<i183>[I] (+4) -0.00140817765<i184>[I] (-1) -0.0879381149<i185>[I] (-2) +0.161811461<i186>[I] (+4) -0.108847535<i187>[I] (-1) +0.0352472897<i188>[I] (-7) +0.0930707906<i189>[I] (+4) -0.0658250743<i190>[I] (-2) +0.163766183<i191>[I] (+4) +0.155046601<i192>[I] (+4) +0.0485134851<i193>[I] (-2) -0.156142247<i194>[I] (-2) -0.000474980878<i195>[I] (-1) -0.0188137024<i196>[I] (+0) +0.0896003019<i197>[I] (-2) +0.137746448<i198>[I] (-1) -0.0882934426<i199>[I] (+5) +0.179397465<i200>[I] (-2) -0.0627436148<i201>[I] (-1) +0.0489835638<i202>[I] (-1) +0.0404872873<i203>[I] (-1) -0.0696826903<i204>[I] (-2) -0.15681903<i205>[I] (-2) +0.0929759518<i206>[I] (-1) -0.130698389<i207>[I] (+4) +0.0380916699<i208>[I] (-1) +0.104034734<i209>[I] (+5) -0.0243285942<i210>[I] (+1) -0.0271739761<i211>[I] (+4) -0.0169551645<i212>[I] (+4) -0.0667448937<i213>[I] (+4) +0.0262426549<i214>[I] (-2) +0.0807943586<i215>[I] (+5) -0.15676501<i216>[I] (+5) -0.0182435593<i217>[I] (+5) -0.116231355<i218>[I] (-2) -0.032887753<i219>[I] (-2) +0.231596181<i220>[I] (-1) +0.0125748795<i221>[I] (+4) +0.0572705433<i222>[I] (+0) -0.145701243<i223>[I] (-1) -0.0798698475<i224>[I] (-1) +0.131524844<i225>[I] (-1) -0.0559522159<i226>[I] (-2) +0.0486998771<i227>[I] (+1) +0.0865571318<i228>[I] (-2) +0.138990508<i229>[I] (-1) +0.0793900002<i230>[I] (+5) +0.0100623855<i231>[I] (-1) +0.0166239287<i232>[I] (-2) +0.134709693<i233>[I] (-2) +0.0695634783<i234>[I] (-2) +0.000410955036<i235>[I] (-3) +0.0589693058<i236>[I] (-1) +0.0859198727<i237>[I] (-1) +0.0854141913<i238>[I] (-1) +0.0760640819<i239>[I] (-1) -0.103308289<i240>[I] (+0) -0.00175647992<i241>[I] (+4) +0.00915809755<i242>[I] (+4) +0.12632239<i243>[I] (+4) -0.0484106169<i244>[I] (+5) -0.0394717174<i245>[I] (-1) -0.114683891<i246>[I] (+1) -0.081962535<i247>[I] (-2) -0.121422907<i248>[I] (-2) -0.140810122<i249>[I] (-2) -0.019769991<i250>[I] (-2) +0.0696741941<i251>[I] (-1) +0.00419390007<i252>[I] (+5) -0.0260048313<i253>[I] (-1) +0.105223315<i254>[I] (-2) -0.0156009465<i255>[I] (-1) +0.0308937936<i256>[I] (+0) -0.0341435123<i257>[I] (-2) +0.00602241029<i258>[I] (-1) -0.0136260078<i259>[I] (+4) +0.0220670029<i260>[I] (-1) -0.0234125745<i261>[I] (-1) -0.0690223549<i262>[I] (-1) -0.0433143262<i263>[I] (-2) +0.0567353301<i264>[I] (-2) +0.180422823<i265>[I] (-2) -0.0226304108<i266>[I] (-2) +0.0303877208<i267>[I] (-1) -0.113125471<i268>[I] (-2) -0.130541665<i269>[I] (+5) -0.179019193<i270>[I] (+0) -0.0827104091<i271>[I] (+5) -0.210175154<i272>[I] (-2) -0.0795574179<i273>[I] (+0) +0.0473097267<i274>[I] (-2) +0.191115978<i275>[I] (-2) +0.0361489504<i276>[I] (-7) +0.0070905372<i277>[I] (-2) +0.0764778653<i278>[I] (+3) +0.0529087098<i279>[I] (+4) -0.0109764921<i280>[I] (+5) +0.0635957184<i281>[I] (-1) -0.00518691788<i282>[I] (-1) +0.16821579<i283>[I] (-1) -0.05559187<i284>[I] (-1) -0.10376378<i285>[I] (-1) +0.0802202657<i286>[I] (+4) -0.0564978309<i287>[I] (-2) +0.0721199224<i288>[I] (+0) +0.130209508<i289>[I] (+0) -0.0615155504<i290>[I] (+0) -0.040564155<i291>[I] (+4) -0.0852058824<i292>[I] (+4) -0.0106980511<i293>[I] (-1) -0.0330427125<i294>[I] (-1) +0.161662805<i295>[I] (+5) -0.0889218046<i296>[I] (+4) -0.134077356<i297>[I] (-1) +0.0121875948<i298>[I] (+4) +0.023757276<i299>[I] (-2) -0.0331862619<i300>[I] (-1) -0.0747147464<i301>[I] (-2) -0.0333243707<i302>[I] (-1) +0.0967802162<i303>[I] (+5) -0.0289028837<i304>[I] (+4) +0.0563551212<i305>[I] (-1) -0.0150001272<i306>[I] (-1) -0.00300069234<i307>[I] (+4) -0.086116359<i308>[I] (-3) +0.0381914942<i309>[I] (-1) -0.0315045861<i310>[I] (+5) -0.162249509<i311>[I] (-3) -0.133005792<i312>[I] (-2) -0.0106528995<i313>[I] (+5) +0.00282316397<i314>[I] (-1) -0.0799697425<i315>[I] (+4) +0.148629548<i316>[I] (-7) -0.171951972<i317>[I] (+4) -0.0561979278<i318>[I] (+0) -0.0163533939<i319>[I] (-2) +0.0354107213<i320>[I] (-1) -0.198563093<i321>[I] (-5) -0.117497691<i322>[I] (-1) -0.146075932<i323>[I] (+3) -0.00813544083<i324>[I] (+0) -0.000929413046<i325>[I] (-7) -0.0830501029<i326>[I] (+4) +0.0738079532<i327>[I] (-2) -0.0679968589<i328>[I] (+5) +0.00940406887<i329>[I] (-1) +0.0526910571<i330>[I] (+4) -0.0726295343<i331>[I] (+5) +0.0405361394<i332>[I] (-1) +0.0638461518<i333>[I] (-2) +0.153843515<i334>[I] (-1) -0.0566509875<i335>[I] (-1) +0.131505732<i336>[I] (-2) +0.0227102195<i337>[I] (-1) +0.143083521<i338>[I] (+0) -0.0266156592<i339>[I] (-2) +0.0791272191<i340>[I] (-2) +0.0115104783<i341>[I] (+4) +0.0488188375<i342>[I] (-1) +0.0629175896<i343>[I] (-1) +0.0395462221<i344>[I] (+5) +0.100456872<i345>[I] (-3) +0.166072754<i346>[I] (-1) +0.00094867959<i347>[I] (+2) +0.0489900789<i348>[I] (-2) -0.095749111<i349>[I] (+2) +0.10060098<i350>[I] (-1) +0.0326594621<i351>[I] (-2) -0.059361509<i352>[I] (-1) -0.0860475009<i353>[I] (-2) -0.155300631<i354>[I] (-1) +0.0151435841<i355>[I] (-7) +0.125811221<i356>[I] (+5) +0.0331037904<i357>[I] (+0) -0.0375392597<i358>[I] (-8) -0.0994495657<i359>[I] (-1) -0.0721683237<i360>[I] (-1) -0.0772549644<i361>[I] (-1) +0.0998766206<i362>[I] (-1) -0.0850523913<i363>[I] (-1) -0.037962183<i364>[I] (-1) -0.0569257937<i365>[I] (+2) +0.0239621026<i366>[I] (+3) +0.00671540288<i367>[I] (+0) -0.0123497<i368>[I] (+3) -0.121084141<i369>[I] (-2) -0.0283431348<i370>[I] (-8) +0.061336595<i371>[I] (+5) +0.0314262852<i372>[I] (-2) +0.128740744<i373>[I] (-8) +0.14503233<i374>[I] (-1) -0.0347893111<i375>[I] (-7) +0.100810272<i376>[I] (+5) +0.0406684269<i377>[I] (+5) +0.0859788753<i378>[I] (-2) +0.0998313962<i379>[I] (-2) +0.040200187<i380>[I] (-1) +0.0222560678<i381>[I] (+3) -0.015359736<i382>[I] (-1) +0.0697465092<i383>[I] (+0) +0.094560523<i384>[I] (-2) -0.16254095<i385>[I] (-8) +0.010023021<i386>[I] (-1) +0.0259594203<i387>[I] (-1) -0.0594489319<i388>[I] (-1) +0.0120774606<i389>[I] (-7) -0.00977312292<i390>[I] (-1) -0.0196196588<i391>[I] (-5) -0.032095051<i392>[I] (+4) -0.00627034854<i393>[I] (-2) -0.0477309321<i394>[I] (+4) -0.0242353889<i395>[I] (+11) +0.0481052288<i396>[I] (+3) -0.159659251<i397>[I] (-1) +0.0215262899<i398>[I] (-1) +0.11326535<i399>[I] (-1) -0.15709112<i400>[I] (-7) +0.0354105872<i401>[I] (+5) +0.0401419962<i402>[I] (-3) +0.0969970698<i403>[I] (-1) +0.0351808595<i404>[I] (+4) -0.0727021766<i405>[I] (+4) -0.0185065684<i406>[I] (-7) -0.108818507<i407>[I] (-2) -0.0491519909<i408>[I] (+2) -0.206269254<i409>[I] (+4) +0.0429938981<i410>[I] (+4) -0.10778991<i411>[I] (+4) -0.0869554092<i412>[I] (+4) -0.0213088414<i413>[I] (+3) -0.104808071<i414>[I] (-3) +0.247104379<i415>[I] (-1) -0.115927188<i416>[I] (-3) +0.0495105366<i417>[I] (-2) -0.0022760783<i418>[I] (+5) -0.133870794<i419>[I] (-1) -0.0459875924<i420>[I] (-1) +0.0885590699<i421>[I] (-4) -0.0990835009<i422>[I] (-2) +0.200993034<i423>[I] (+5) -0.0766289689<i424>[I] (+10) -0.00838170712<i425>[I] (-1) +0.105265291<i426>[I] (-1) -0.0881646151<i427>[I] (-7) -0.0804168711<i428>[I] (-2) -0.0752275055<i429>[I] (-2) +0.0886908984<i430>[I] (-2) +0.02887969<i431>[I] (-2) +0.0589962127<i432>[I] (+5) -0.0518285935<i433>[I] (+5) +0.110158836<i434>[I] (+1) +0.0580798635<i435>[I] (-2) -0.0250454513<i436>[I] (-1) +0.147541383<i437>[I] (-2) +0.0212805247<i438>[I] (+5) -0.0238113128<i439>[I] (-1) -0.14203155<i440>[I] (-2) -0.0213616586<i441>[I] (-1) +0.0248731614<i442>[I] (-2) -0.0289907924<i443>[I] (+4) -0.0290952739<i444>[I] (+3) -0.000214182229<i445>[I] (-8) -0.0254572573<i446>[I] (+2) +0.166854915<i447>[I] (-7) +0.143481308<i448>[I] (+0) -0.0922308484<i449>[I] (+2) -0.0132001605<i450>[I] (+0) -0.0170321017<i451>[I] (-2) +0.028690997<i452>[I] (+4) +0.101038531<i453>[I] (-8) +0.0784928873<i454>[I] (-2) -0.116750398<i455>[I] (-1) +0.180297843<i456>[I] (-1) +0.032139344<i457>[I] (-1) +0.0839779035<i458>[I] (-2) -0.196376286<i459>[I] (+1) +0.156508232<i460>[I] (+3) -0.00971713177<i461>[I] (-7) -0.097211188<i462>[I] (+0) +0.0250311302<i463>[I] (-1) -0.0493657856<i464>[I] (-1) +0.0962162178<i465>[I] (-1) +0.0106975838<i466>[I] (+0) +0.0802968911<i467>[I] (+6) -0.108810022<i468>[I] (-2) -0.135189344<i469>[I] (-1) +0.142976205<i470>[I] (-6) -0.137720504<i471>[I] (+5) +0.117350627<i472>[I] (-2) -0.0476916056<i473>[I] (-1) -0.0853605786<i474>[I] (+5) -0.200064938<i475>[I] (+5) -0.0576708647<i476>[I] (-1) -0.0913820805<i477>[I] (-1) +0.0359459735<i478>[I] (+5) +0.0817074707<i479>[I] (-1) +0.052951321<i480>[I] (-1) -0.0929969656<i481>[I] (-1) +0.133156099<i482>[I] (-1) +0.0128343037<i483>[I] (-8) -0.00146143107<i484>[I] (+2) +0.0958048065<i485>[I] (+2) -0.0872074352<i486>[I] (-2) -0.178926047<i487>[I] (-3) +0.0881080108<i488>[I] (+5) +0.131402823<i489>[I] (+4) +0.103164726<i490>[I] (+5) +0.0824175728<i491>[I] (-1) +0.134455684<i492>[I] (-2) -0.0043660837<i493>[I] (-3) -0.0970361486<i494>[I] (-2) -0.187151231<i495>[I] (-2) +0.211750286<i496>[I] (-6) +0.0471319088<i497>[I] (+10) -0.109621893<i498>[I] (-1) -0.0823934504<i499>[I] (+3) <= -0.887528598308563;
;
violation: right hand side is violated by 0.0264628111481605
all 1 solutions given by solution candidate storage are infeasible

presolving:
   (0.1s) symmetry computation started: requiring (bin +, int +, cont +), (fixed: bin -, int -, cont -)
   (0.2s) no symmetry present (symcode time: 0.02)
presolving (1 rounds: 1 fast, 1 medium, 1 exhaustive):
 0 deleted vars, 0 deleted constraints, 0 added constraints, 1 tightened bounds, 0 added holes, 0 changed sides, 0 changed coefficients
 0 implications, 0 cliques
presolved problem has 501 variables (0 bin, 500 int, 0 impl, 1 cont) and 501 constraints
    500 constraints of type <linear>
      1 constraints of type <nonlinear>
Presolving Time: 0.18

 time | node  | left  |LP iter|LP it/n|mem/heur|mdpt |vars |cons |rows |cuts |sepa|confs|strbr|  dualbound   | primalbound  |  gap   | compl. 
  1.8s|     1 |     0 |   344 |     - |   138M |   0 |1502 | 501 |1501 |   0 |  0 |   0 |   0 |-2.477245e+01 |      --      |    Inf | unknown
  8.9s|     1 |     0 |  7535 |     - |   139M |   0 |1502 | 501 |1845 | 344 |  1 |   0 |   0 |-2.477245e+01 |      --      |    Inf | unknown
 18.6s|     1 |     0 | 18898 |     - |   150M |   0 |1502 | 501 |2204 | 703 |  2 |   0 |   0 |-2.471018e+01 |      --      |    Inf | unknown
 25.4s|     1 |     0 | 29469 |     - |   164M |   0 |1502 | 501 |2389 | 888 |  3 |   0 |   0 |-2.462668e+01 |      --      |    Inf | unknown
 28.9s|     1 |     0 | 34731 |     - |   174M |   0 |1502 | 501 |2437 | 936 |  4 |   0 |   0 |-2.460635e+01 |      --      |    Inf | unknown
 30.8s|     1 |     0 | 36604 |     - |   190M |   0 |1502 | 501 |2461 | 960 |  5 |   0 |   0 |-2.460462e+01 |      --      |    Inf | unknown
 31.8s|     1 |     0 | 36793 |     - |   207M |   0 |1502 | 501 |2469 | 968 |  6 |   0 |   0 |-2.460443e+01 |      --      |    Inf | unknown
 32.7s|     1 |     0 | 36912 |     - |   211M |   0 |1502 | 501 |2472 | 971 |  7 |   0 |   0 |-2.460433e+01 |      --      |    Inf | unknown
 33.6s|     1 |     0 | 37065 |     - |   223M |   0 |1502 | 501 |2473 | 972 |  8 |   0 |   0 |-2.460423e+01 |      --      |    Inf | unknown
 34.6s|     1 |     0 | 37190 |     - |   244M |   0 |1502 | 501 |2477 | 976 |  9 |   0 |   0 |-2.460417e+01 |      --      |    Inf | unknown
 35.5s|     1 |     0 | 37313 |     - |   252M |   0 |1502 | 501 |2479 | 978 | 10 |   0 |   0 |-2.460413e+01 |      --      |    Inf | unknown
 36.0s|     1 |     0 | 37402 |     - |   252M |   0 |1502 | 501 |1390 | 979 | 11 |   0 |   0 |-2.460411e+01 |      --      |    Inf | unknown
 36.5s|     1 |     0 | 37426 |     - |   252M |   0 |1502 | 501 |1391 | 980 | 12 |   0 |   0 |-2.460410e+01 |      --      |    Inf | unknown
 37.0s|     1 |     0 | 37435 |     - |   252M |   0 |1502 | 501 |1392 | 981 | 13 |   0 |   0 |-2.460410e+01 |      --      |    Inf | unknown
 37.5s|     1 |     0 | 37484 |     - |   253M |   0 |1502 | 501 |1393 | 982 | 14 |   0 |   0 |-2.460409e+01 |      --      |    Inf | unknown
 time | node  | left  |LP iter|LP it/n|mem/heur|mdpt |vars |cons |rows |cuts |sepa|confs|strbr|  dualbound   | primalbound  |  gap   | compl. 
 88.4s|     1 |     2 | 50792 |     - |   253M |   0 |1502 | 501 |1393 | 982 | 14 |   0 |  23 |-2.460365e+01 |      --      |    Inf | unknown
  333s|   100 |   101 |240371 |2049.4 |   262M |  19 |1502 | 501 |1223 |2326 |  2 |   0 | 293 |-2.460339e+01 |      --      |    Inf | unknown
  459s|   200 |   201 |398128 |1812.3 |   264M |  31 |1502 | 501 |1335 |3319 |  2 |   0 | 367 |-2.460339e+01 |      --      |    Inf | unknown
  565s|   300 |   301 |523811 |1626.5 |   265M |  33 |1502 | 501 |1294 |4254 |  2 |   0 | 430 |-2.460339e+01 |      --      |    Inf | unknown
  629s|   400 |   401 |631946 |1489.9 |   259M |  37 |1502 | 501 |1316 |5052 |  3 |   0 | 438 |-2.460339e+01 |      --      |    Inf | unknown
  714s|   500 |   501 |741552 |1411.0 |   259M |  37 |1502 | 501 |1245 |5718 |  2 |   0 | 452 |-2.460339e+01 |      --      |    Inf | unknown
  804s|   600 |   601 |868496 |1387.3 |   259M |  37 |1502 | 501 |1288 |6680 |  2 |   0 | 476 |-2.460339e+01 |      --      |    Inf | unknown
  886s|   700 |   701 |989777 |1362.4 |   260M |  39 |1502 | 501 |1269 |7718 |  2 |   0 | 479 |-2.459124e+01 |      --      |    Inf | unknown
  983s|   800 |   801 |  1123k|1359.4 |   262M |  41 |1502 | 501 |1334 |8768 |  2 |   0 | 506 |-2.459124e+01 |      --      |    Inf | unknown
 1093s|   900 |   901 |  1264k|1364.6 |   264M |  41 |1502 | 501 |1320 |9915 |  1 |   0 | 509 |-2.459124e+01 |      --      |    Inf | unknown
 1201s|  1000 |  1001 |  1438k|1402.7 |   264M |  41 |1502 | 501 |1364 |  11k|  2 |   0 | 552 |-2.459124e+01 |      --      |    Inf | unknown
 1289s|  1100 |  1101 |  1599k|1421.0 |   265M |  41 |1502 | 501 |1342 |  12k|  2 |   0 | 556 |-2.459124e+01 |      --      |    Inf | unknown
 1372s|  1200 |  1201 |  1748k|1426.9 |   268M |  57 |1502 | 501 |1277 |  13k|  2 |   0 | 556 |-2.459124e+01 |      --      |    Inf | unknown
 1452s|  1300 |  1301 |  1887k|1424.4 |   269M |  57 |1502 | 501 |1293 |  15k|  1 |   0 | 556 |-2.459124e+01 |      --      |    Inf | unknown
 1553s|  1400 |  1401 |  2064k|1448.8 |   271M |  57 |1502 | 501 |1254 |  16k|  2 |   0 | 565 |-2.459124e+01 |      --      |    Inf | unknown
 time | node  | left  |LP iter|LP it/n|mem/heur|mdpt |vars |cons |rows |cuts |sepa|confs|strbr|  dualbound   | primalbound  |  gap   | compl. 
 1647s|  1500 |  1501 |  2199k|1442.4 |   272M |  57 |1502 | 501 |1371 |  17k|  4 |   0 | 590 |-2.459124e+01 |      --      |    Inf | unknown
 1753s|  1600 |  1601 |  2378k|1464.2 |   274M |  57 |1502 | 501 |1453 |  19k|  3 |   0 | 600 |-2.459124e+01 |      --      |    Inf | unknown
 1852s|  1700 |  1701 |  2546k|1477.0 |   276M |  57 |1502 | 501 |1232 |  20k|  2 |   0 | 621 |-2.459124e+01 |      --      |    Inf | unknown
 1961s|  1800 |  1801 |  2740k|1502.8 |   277M |  57 |1502 | 501 |1332 |  21k|  2 |   0 | 633 |-2.459124e+01 |      --      |    Inf | unknown
 2058s|  1900 |  1901 |  2901k|1508.1 |   278M |  57 |1502 | 501 |1398 |  23k|  2 |   0 | 667 |-2.459124e+01 |      --      |    Inf | unknown
 2170s|  2000 |  2001 |  3094k|1529.2 |   280M |  57 |1502 | 501 |1240 |  24k|  2 |   0 | 674 |-2.459124e+01 |      --      |    Inf | unknown
 2269s|  2100 |  2101 |  3273k|1541.5 |   282M |  61 |1502 | 501 |1355 |  26k|  4 |   0 | 691 |-2.459124e+01 |      --      |    Inf | unknown
 2372s|  2200 |  2201 |  3459k|1556.3 |   283M |  61 |1502 | 501 |1336 |  27k|  2 |   0 | 697 |-2.459124e+01 |      --      |    Inf | unknown
 2469s|  2300 |  2301 |  3622k|1559.3 |   285M |  61 |1502 | 501 |1446 |  28k|  3 |   0 | 718 |-2.459124e+01 |      --      |    Inf | unknown
 2581s|  2400 |  2401 |  3833k|1582.1 |   287M |  61 |1502 | 501 |1489 |  30k|  4 |   0 | 726 |-2.459124e+01 |      --      |    Inf | unknown
 2691s|  2500 |  2501 |  4022k|1594.7 |   288M |  61 |1502 | 501 |1505 |  31k|  2 |   0 | 748 |-2.459124e+01 |      --      |    Inf | unknown
 2779s|  2600 |  2601 |  4187k|1596.9 |   289M |  61 |1502 | 501 |1464 |  32k|  2 |   0 | 748 |-2.459124e+01 |      --      |    Inf | unknown
 2874s|  2700 |  2701 |  4354k|1599.6 |   289M |  61 |1502 | 501 |1428 |  34k|  3 |   0 | 770 |-2.459124e+01 |      --      |    Inf | unknown
 2988s|  2800 |  2801 |  4574k|1620.8 |   291M |  61 |1502 | 501 |1418 |  35k|  4 |   0 | 774 |-2.459124e+01 |      --      |    Inf | unknown
 3096s|  2900 |  2901 |  4767k|1631.7 |   293M |  61 |1502 | 501 |1373 |  37k|  2 |   0 | 785 |-2.459124e+01 |      --      |    Inf | unknown
 time | node  | left  |LP iter|LP it/n|mem/heur|mdpt |vars |cons |rows |cuts |sepa|confs|strbr|  dualbound   | primalbound  |  gap   | compl. 
 3195s|  3000 |  3001 |  4955k|1640.0 |   295M |  61 |1502 | 501 |1276 |  38k|  2 |   0 | 789 |-2.459124e+01 |      --      |    Inf | unknown
 3298s|  3100 |  3101 |  5136k|1645.4 |   295M |  61 |1502 | 501 |1448 |  40k|  2 |   0 | 808 |-2.459124e+01 |      --      |    Inf | unknown
 3388s|  3200 |  3201 |  5309k|1648.1 |   297M |  61 |1502 | 501 |1452 |  41k|  2 |   0 | 811 |-2.459124e+01 |      --      |    Inf | unknown
 3474s|  3300 |  3301 |  5471k|1647.3 |   297M |  69 |1502 | 501 |1400 |  42k|  2 |   0 | 820 |-2.459124e+01 |      --      |    Inf | unknown
 3563s|  3400 |  3401 |  5638k|1647.9 |   298M |  69 |1502 | 501 |1297 |  43k|  2 |   0 | 824 |-2.459124e+01 |      --      |    Inf | unknown
 3663s|  3500 |  3501 |  5825k|1654.2 |   299M |  69 |1502 | 501 |1599 |  44k|  3 |   0 | 835 |-2.459124e+01 |      --      |    Inf | unknown
 3754s|  3600 |  3601 |  5994k|1655.1 |   300M |  69 |1502 | 501 |1508 |  45k|  4 |   0 | 841 |-2.459124e+01 |      --      |    Inf | unknown
 3836s|  3700 |  3701 |  6146k|1651.7 |   302M |  69 |1502 | 501 |1357 |  46k|  2 |   0 | 843 |-2.459124e+01 |      --      |    Inf | unknown
 3955s|  3800 |  3801 |  6379k|1669.5 |   302M |  69 |1502 | 501 |1404 |  48k|  3 |   0 | 856 |-2.459124e+01 |      --      |    Inf | unknown
 4050s|  3900 |  3901 |  6561k|1673.4 |   303M |  69 |1502 | 501 |1466 |  49k|  4 |   0 | 858 |-2.459124e+01 |      --      |    Inf | unknown
 4142s|  4000 |  4001 |  6728k|1673.3 |   304M |  69 |1502 | 501 |1456 |  50k|  2 |   0 | 873 |-2.459124e+01 |      --      |    Inf | unknown
 4236s|  4100 |  4101 |  6906k|1675.9 |   305M |  69 |1502 | 501 |1430 |  52k|  2 |   0 | 874 |-2.459124e+01 |      --      |    Inf | unknown
 4328s|  4200 |  4201 |  7085k|1678.5 |   306M |  69 |1502 | 501 |1383 |  53k|  2 |   0 | 885 |-2.459124e+01 |      --      |    Inf | unknown
 4434s|  4300 |  4301 |  7293k|1687.8 |   306M |  69 |1502 | 501 |1331 |  54k|  4 |   0 | 889 |-2.459124e+01 |      --      |    Inf | unknown
 4535s|  4400 |  4401 |  7477k|1691.4 |   307M |  69 |1502 | 501 |1547 |  56k|  2 |   0 | 901 |-2.459124e+01 |      --      |    Inf | unknown
 time | node  | left  |LP iter|LP it/n|mem/heur|mdpt |vars |cons |rows |cuts |sepa|confs|strbr|  dualbound   | primalbound  |  gap   | compl. 
 4626s|  4500 |  4501 |  7647k|1691.5 |   307M |  69 |1502 | 501 |1417 |  57k|  4 |   0 | 906 |-2.459124e+01 |      --      |    Inf | unknown
 4714s|  4600 |  4601 |  7810k|1690.2 |   310M |  69 |1502 | 501 |1387 |  58k|  3 |   0 | 906 |-2.459124e+01 |      --      |    Inf | unknown
 4834s|  4700 |  4701 |  8035k|1702.2 |   310M |  69 |1502 | 501 |1361 |  60k|  2 |   0 | 922 |-2.459124e+01 |      --      |    Inf | unknown
 4931s|  4800 |  4801 |  8220k|1705.1 |   312M |  69 |1502 | 501 |1530 |  61k|  2 |   0 | 922 |-2.459124e+01 |      --      |    Inf | unknown
 5020s|  4900 |  4901 |  8379k|1702.9 |   312M |  69 |1502 | 501 |1473 |  62k|  2 |   0 | 936 |-2.459124e+01 |      --      |    Inf | unknown
 5125s|  5000 |  5001 |  8583k|1709.6 |   313M |  69 |1502 | 501 |1459 |  64k|  2 |   0 | 944 |-2.459124e+01 |      --      |    Inf | unknown
 5217s|  5100 |  5101 |  8756k|1709.9 |   313M |  69 |1502 | 501 |1382 |  65k|  2 |   0 | 944 |-2.458842e+01 |      --      |    Inf | unknown
 5326s|  5200 |  5201 |  8955k|1715.2 |   313M |  69 |1502 | 501 |1292 |  66k|  2 |   0 | 956 |-2.458050e+01 |      --      |    Inf | unknown
 5416s|  5300 |  5301 |  9127k|1715.5 |   314M |  69 |1502 | 501 |1540 |  67k|  2 |   0 | 958 |-2.458050e+01 |      --      |    Inf | unknown
 5516s|  5400 |  5401 |  9308k|1717.2 |   316M |  69 |1502 | 501 |1479 |  69k|  1 |   0 | 968 |-2.458050e+01 |      --      |    Inf | unknown
 5621s|  5500 |  5501 |  9511k|1722.9 |   317M |  69 |1502 | 501 |1430 |  70k|  3 |   0 | 976 |-2.458050e+01 |      --      |    Inf | unknown
 5704s|  5600 |  5601 |  9664k|1719.4 |   318M |  69 |1502 | 501 |1346 |  71k|  2 |   0 | 977 |-2.458050e+01 |      --      |    Inf | unknown
 5797s|  5700 |  5701 |  9834k|1719.1 |   318M |  69 |1502 | 501 |1487 |  73k|  4 |   0 | 989 |-2.458050e+01 |      --      |    Inf | unknown
 5882s|  5800 |  5801 |  9987k|1715.8 |   319M |  69 |1502 | 501 |1558 |  74k|  5 |   0 | 989 |-2.458050e+01 |      --      |    Inf | unknown
 5964s|  5900 |  5901 | 10144k|1713.3 |   320M |  69 |1502 | 501 |1505 |  75k|  2 |   0 | 994 |-2.458050e+01 |      --      |    Inf | unknown
 time | node  | left  |LP iter|LP it/n|mem/heur|mdpt |vars |cons |rows |cuts |sepa|confs|strbr|  dualbound   | primalbound  |  gap   | compl. 
 6064s|  6000 |  6001 | 10336k|1716.8 |   321M |  69 |1502 | 501 |1427 |  76k|  4 |   0 |1004 |-2.458050e+01 |      --      |    Inf | unknown
 6142s|  6100 |  6101 | 10480k|1712.2 |   321M |  69 |1502 | 501 |1330 |  77k|  2 |   0 |1007 |-2.458050e+01 |      --      |    Inf | unknown
 6251s|  6200 |  6201 | 10691k|1718.6 |   322M |  69 |1502 | 501 |1521 |  79k|  5 |   0 |1012 |-2.458050e+01 |      --      |    Inf | unknown
 6352s|  6300 |  6301 | 10887k|1722.5 |   324M |  69 |1502 | 501 |1564 |  80k|  2 |   0 |1014 |-2.458050e+01 |      --      |    Inf | unknown
 6457s|  6400 |  6401 | 11088k|1726.9 |   324M |  69 |1502 | 501 |1487 |  81k|  2 |   0 |1020 |-2.458050e+01 |      --      |    Inf | unknown
 6559s|  6500 |  6501 | 11286k|1731.0 |   325M |  69 |1502 | 501 |1296 |  83k|  2 |   0 |1023 |-2.458050e+01 |      --      |    Inf | unknown
 6652s|  6600 |  6601 | 11462k|1731.3 |   326M |  69 |1502 | 501 |1494 |  84k|  2 |   0 |1026 |-2.458050e+01 |      --      |    Inf | unknown
 6752s|  6700 |  6701 | 11650k|1733.5 |   327M |  69 |1502 | 501 |1509 |  85k|  2 |   0 |1036 |-2.458050e+01 |      --      |    Inf | unknown
 6864s|  6800 |  6801 | 11860k|1739.0 |   328M |  69 |1502 | 501 |1516 |  87k|  2 |   0 |1039 |-2.458050e+01 |      --      |    Inf | unknown
 6950s|  6900 |  6901 | 12025k|1737.6 |   328M |  69 |1502 | 501 |1463 |  88k|  2 |   0 |1044 |-2.458050e+01 |      --      |    Inf | unknown
 7035s|  7000 |  7001 | 12184k|1735.5 |   328M |  69 |1502 | 501 |1401 |  89k|  2 |   0 |1046 |-2.458050e+01 |      --      |    Inf | unknown
 7123s|  7100 |  7101 | 12350k|1734.5 |   329M |  69 |1502 | 501 |1576 |  91k|  3 |   0 |1047 |-2.458050e+01 |      --      |    Inf | unknown
 7236s|  7200 |  7201 | 12559k|1739.4 |   331M |  69 |1502 | 501 |1525 |  92k|  2 |   0 |1062 |-2.458050e+01 |      --      |    Inf | unknown
 7321s|  7300 |  7301 | 12720k|1737.6 |   331M |  69 |1502 | 501 |1452 |  93k|  2 |   0 |1063 |-2.458050e+01 |      --      |    Inf | unknown
 7431s|  7400 |  7401 | 12926k|1742.0 |   332M |  69 |1502 | 501 |1464 |  95k|  2 |   0 |1066 |-2.458050e+01 |      --      |    Inf | unknown
 time | node  | left  |LP iter|LP it/n|mem/heur|mdpt |vars |cons |rows |cuts |sepa|confs|strbr|  dualbound   | primalbound  |  gap   | compl. 
 7523s|  7500 |  7501 | 13096k|1741.4 |   332M |  69 |1502 | 501 |1454 |  96k|  2 |   0 |1074 |-2.458050e+01 |      --      |    Inf | unknown
 7623s|  7600 |  7601 | 13277k|1742.3 |   333M |  69 |1502 | 501 |1529 |  97k|  2 |   0 |1077 |-2.458050e+01 |      --      |    Inf | unknown
 7725s|  7700 |  7701 | 13467k|1744.4 |   334M |  69 |1502 | 501 |1550 |  98k|  4 |   0 |1083 |-2.458050e+01 |      --      |    Inf | unknown
 7821s|  7800 |  7801 | 13646k|1744.9 |   334M |  69 |1502 | 501 |1379 | 100k|  2 |   0 |1090 |-2.458050e+01 |      --      |    Inf | unknown
 7905s|  7900 |  7901 | 13810k|1743.6 |   335M |  69 |1502 | 501 |1359 | 101k|  2 |   0 |1090 |-2.458050e+01 |      --      |    Inf | unknown
 7986s|  8000 |  8001 | 13955k|1740.0 |   335M |  69 |1502 | 501 |1589 | 102k|  2 |   0 |1095 |-2.458050e+01 |      --      |    Inf | unknown
 8080s|  8100 |  8101 | 14134k|1740.6 |   336M |  69 |1502 | 501 |1481 | 103k|  5 |   0 |1101 |-2.458050e+01 |      --      |    Inf | unknown
 8159s|  8200 |  8201 | 14281k|1737.3 |   337M |  69 |1502 | 501 |1465 | 104k|  3 |   0 |1103 |-2.458050e+01 |      --      |    Inf | unknown
 8263s|  8300 |  8301 | 14480k|1740.3 |   337M |  69 |1502 | 501 |1447 | 105k|  2 |   0 |1108 |-2.458050e+01 |      --      |    Inf | unknown
 8365s|  8400 |  8401 | 14678k|1743.2 |   337M |  69 |1502 | 501 |1542 | 107k|  2 |   0 |1110 |-2.458050e+01 |      --      |    Inf | unknown
 8453s|  8500 |  8501 | 14840k|1741.8 |   339M |  69 |1502 | 501 |1516 | 108k|  2 |   0 |1113 |-2.458050e+01 |      --      |    Inf | unknown
 8566s|  8600 |  8601 | 15044k|1745.2 |   340M |  69 |1502 | 501 |1458 | 109k|  2 |   0 |1127 |-2.458050e+01 |      --      |    Inf | unknown
 8663s|  8700 |  8701 | 15223k|1745.8 |   341M |  69 |1502 | 501 |1424 | 111k|  2 |   0 |1128 |-2.458050e+01 |      --      |    Inf | unknown
 8755s|  8800 |  8801 | 15402k|1746.2 |   341M |  69 |1502 | 501 |1393 | 112k|  3 |   0 |1128 |-2.458050e+01 |      --      |    Inf | unknown
 8831s|  8900 |  8901 | 15539k|1742.0 |   342M |  69 |1502 | 501 |1494 | 113k|  2 |   0 |1134 |-2.458050e+01 |      --      |    Inf | unknown
 time | node  | left  |LP iter|LP it/n|mem/heur|mdpt |vars |cons |rows |cuts |sepa|confs|strbr|  dualbound   | primalbound  |  gap   | compl. 
 8921s|  9000 |  9001 | 15708k|1741.4 |   343M |  69 |1502 | 501 |1503 | 114k|  2 |   0 |1135 |-2.458050e+01 |      --      |    Inf | unknown
 9030s|  9100 |  9101 | 15922k|1745.7 |   344M |  69 |1502 | 501 |1470 | 116k|  4 |   0 |1138 |-2.458050e+01 |      --      |    Inf | unknown
 9124s|  9200 |  9201 | 16088k|1744.9 |   345M |  69 |1502 | 501 |1412 | 117k|  3 |   0 |1149 |-2.458050e+01 |      --      |    Inf | unknown
 9215s|  9300 |  9301 | 16262k|1744.8 |   345M |  69 |1502 | 501 |1585 | 118k|  4 |   0 |1152 |-2.458050e+01 |      --      |    Inf | unknown
 9278s|  9400 |  9401 | 16371k|1737.9 |   346M |  69 |1502 | 501 |1455 | 119k|  2 |   0 |1152 |-2.458050e+01 |      --      |    Inf | unknown
 9370s|  9500 |  9501 | 16543k|1737.7 |   346M |  69 |1502 | 501 |1448 | 120k|  4 |   0 |1159 |-2.458050e+01 |      --      |    Inf | unknown
 9458s|  9600 |  9601 | 16716k|1737.5 |   346M |  69 |1502 | 501 |1420 | 121k|  2 |   0 |1164 |-2.458050e+01 |      --      |    Inf | unknown
 9547s|  9700 |  9701 | 16881k|1736.7 |   347M |  69 |1502 | 501 |1345 | 122k|  4 |   0 |1165 |-2.458050e+01 |      --      |    Inf | unknown
 9631s|  9800 |  9801 | 17037k|1734.9 |   347M |  69 |1502 | 501 |1537 | 123k|  3 |   0 |1166 |-2.458050e+01 |      --      |    Inf | unknown
 9723s|  9900 |  9901 | 17205k|1734.3 |   349M |  69 |1502 | 501 |1547 | 125k|  3 |   0 |1176 |-2.458050e+01 |      --      |    Inf | unknown
 9813s| 10000 | 10001 | 17374k|1733.9 |   350M |  69 |1502 | 501 |1415 | 126k|  3 |   0 |1179 |-2.458050e+01 |      --      |    Inf | unknown
 9910s| 10100 | 10101 | 17553k|1734.4 |   350M |  69 |1502 | 501 |1396 | 127k|  2 |   0 |1179 |-2.458050e+01 |      --      |    Inf | unknown
 9994s| 10200 | 10201 | 17713k|1733.1 |   350M |  69 |1502 | 501 |1525 | 128k|  2 |   0 |1187 |-2.458050e+01 |      --      |    Inf | unknown
  168m| 10300 | 10301 | 17897k|1734.2 |   351M |  69 |1502 | 501 |1617 | 130k|  1 |   0 |1187 |-2.458050e+01 |      --      |    Inf | unknown
  169m| 10400 | 10401 | 18046k|1731.8 |   352M |  69 |1502 | 501 |1559 | 131k|  4 |   0 |1189 |-2.458050e+01 |      --      |    Inf | unknown
 time | node  | left  |LP iter|LP it/n|mem/heur|mdpt |vars |cons |rows |cuts |sepa|confs|strbr|  dualbound   | primalbound  |  gap   | compl. 
  171m| 10500 | 10501 | 18263k|1736.0 |   353M |  69 |1502 | 501 |1416 | 132k|  2 |   0 |1199 |-2.458050e+01 |      --      |    Inf | unknown
  173m| 10600 | 10601 | 18432k|1735.5 |   353M |  69 |1502 | 501 |1339 | 133k|  2 |   0 |1200 |-2.458050e+01 |      --      |    Inf | unknown
  174m| 10700 | 10701 | 18589k|1734.0 |   353M |  69 |1502 | 501 |1518 | 135k|  2 |   0 |1200 |-2.458050e+01 |      --      |    Inf | unknown
  176m| 10800 | 10801 | 18742k|1732.1 |   354M |  69 |1502 | 501 |1572 | 136k|  3 |   0 |1208 |-2.458050e+01 |      --      |    Inf | unknown
  177m| 10900 | 10901 | 18910k|1731.6 |   354M |  69 |1502 | 501 |1477 | 137k|  4 |   0 |1209 |-2.458050e+01 |      --      |    Inf | unknown
  179m| 11000 | 11001 | 19105k|1733.6 |   355M |  69 |1502 | 501 |1358 | 139k|  2 |   0 |1209 |-2.458050e+01 |      --      |    Inf | unknown

SCIP Status        : solving was interrupted [time limit reached]
Solving Time (sec) : 10800.02
Solving Nodes      : 11081
Primal Bound       : +1.00000000000000e+20 (0 solutions)
Dual Bound         : -2.45805044460558e+01
Gap                : infinite

