Solver command line: ['/cvmfs/soft.computecanada.ca/easybuild/software/2023/x86-64-v4/Compiler/gcc12/scipoptsuite/9.0.0/bin/scip', '/tmp/tmpfdtia3vy.pyomo', '-AMPL']

SCIP version 9.0.0 [precision: 8 byte] [memory: block] [mode: optimized] [LP solver: Soplex 7.0.0] [GitHash: 7205bedd94]
Copyright (c) 2002-2024 Zuse Institute Berlin (ZIB)

External libraries: 
  Readline 8.1         GNU library for command line editing (gnu.org/s/readline)
  Soplex 7.0.0         Linear Programming Solver developed at Zuse Institute Berlin (soplex.zib.de) [GitHash: 6657fb3b]
  CppAD 20180000.0     Algorithmic Differentiation of C++ algorithms developed by B. Bell (github.com/coin-or/CppAD)
  ZLIB 1.2.13          General purpose compression library by J. Gailly and M. Adler (zlib.net)
  GMP 6.2.1            GNU Multiple Precision Arithmetic Library developed by T. Granlund (gmplib.org)
  ZIMPL 3.5.3          Zuse Institute Mathematical Programming Language developed by T. Koch (zimpl.zib.de)
  AMPL/MP 690e9e7      AMPL .nl file reader library (github.com/ampl/mp)
  PaPILO 2.2.0         parallel presolve for integer and linear optimization (github.com/scipopt/papilo) (built with TBB) [GitHash: df30ae49]
  bliss 0.77           Computing Graph Automorphisms by T. Junttila and P. Kaski (users.aalto.fi/~tjunttil/bliss)
  sassy 1.1            Symmetry preprocessor by Markus Anders (github.com/markusa4/sassy)
  Ipopt 3.14.14        Interior Point Optimizer developed by A. Waechter et.al. (github.com/coin-or/Ipopt)

reading user parameter file <scip.set>
===========================

limits/time = 10800

read problem </tmp/tmpfdtia3vy.pyomo.nl>
============

original problem has 501 variables (0 bin, 500 int, 0 impl, 1 cont) and 501 constraints

solve problem
=============

  [linear] <lc104>:  -0.0214405585<i0>[I] (+3) +0.0249289897<i1>[I] (+4) +0.11649144<i2>[I] (-6) -0.0204108313<i3>[I] (-1) -0.0911928192<i4>[I] (-1) +0.413473725<i5>[I] (-2) -0.0350344519<i6>[I] (+4) -0.127852979<i7>[I] (-2) +0.105339628<i8>[I] (-10) -0.0408943065<i9>[I] (-1) -0.083278305<i10>[I] (-2) -0.0902327466<i11>[I] (+3) -0.0202945496<i12>[I] (+5) +0.0545976412<i13>[I] (-1) -0.17552465<i14>[I] (-2) +0.00267360758<i15>[I] (-1) -0.11600123<i16>[I] (+4) +0.0209446986<i17>[I] (-1) -0.0686514497<i18>[I] (-1) +0.137293567<i19>[I] (+4) +0.0767530475<i20>[I] (-2) -0.0769334303<i21>[I] (+4) +0.0948626323<i22>[I] (+4) -0.123707622<i23>[I] (+0) -0.0920504836<i24>[I] (-1) +0.0131813943<i25>[I] (-2) +0.0832471843<i26>[I] (-3) +0.083486732<i27>[I] (-2) +0.0209723007<i28>[I] (-7) -0.0219169673<i29>[I] (-2) +0.0369407933<i30>[I] (-2) -0.0869160471<i31>[I] (+3) -0.0927501688<i32>[I] (+1) -0.135367715<i33>[I] (+5) -0.0118520056<i34>[I] (-1) -0.0206720419<i35>[I] (-1) -0.00434695928<i36>[I] (-1) +0.030633327<i37>[I] (-6) +0.0348152397<i38>[I] (-1) +0.171883635<i39>[I] (-1) -0.071368949<i40>[I] (+1) +0.0333100673<i41>[I] (+7) -0.0986028183<i42>[I] (-2) +0.0360270898<i43>[I] (-2) +0.0102251077<i44>[I] (-1) +0.0771362072<i45>[I] (+5) +0.0462720768<i46>[I] (-1) +0.0875492977<i47>[I] (-1) -0.00517226207<i48>[I] (+0) +0.0965819935<i49>[I] (-2) +0.0590037963<i50>[I] (-1) +0.112550368<i51>[I] (-1) -0.128883351<i52>[I] (+5) +0.0589255338<i53>[I] (+0) +0.103273152<i54>[I] (-2) -0.0236682349<i55>[I] (+4) -0.0442494451<i56>[I] (-1) -0.0392526404<i57>[I] (+5) -0.0610350232<i58>[I] (+4) -0.0295552379<i59>[I] (-1) +0.0809965731<i60>[I] (-2) +0.104214721<i61>[I] (+0) -0.039719399<i62>[I] (-1) +0.111758984<i63>[I] (-1) -0.0993621242<i64>[I] (-1) +0.0429954029<i65>[I] (+0) +0.134470486<i66>[I] (-2) +0.175919405<i67>[I] (+0) +0.0660628757<i68>[I] (+0) -0.0533546393<i69>[I] (-1) -0.0259086572<i70>[I] (-2) -0.125145853<i71>[I] (+3) +0.133966826<i72>[I] (-1) +0.00509331462<i73>[I] (-6) -0.087585152<i74>[I] (-1) -0.0927306728<i75>[I] (+5) -0.108998762<i76>[I] (-1) -0.123920409<i77>[I] (-1) +0.0273322567<i78>[I] (-1) +0.102274815<i79>[I] (-1) -0.0715617383<i80>[I] (+5) -0.0691586908<i81>[I] (-1) -0.122123576<i82>[I] (+2) +0.0619021065<i83>[I] (-1) -0.135602579<i84>[I] (-2) +0.0239935117<i85>[I] (-1) +0.0569745201<i86>[I] (+3) -0.0101439375<i87>[I] (+5) +0.224665365<i88>[I] (-1) -0.026440465<i89>[I] (-2) +0.0203236653<i90>[I] (+1) +0.202196045<i91>[I] (-2) -0.221819744<i92>[I] (-1) -0.0720167628<i93>[I] (+4) -0.163958969<i94>[I] (+4) -0.0138241382<i95>[I] (+3) +0.00107451286<i96>[I] (-3) -0.12304913<i97>[I] (+3) -0.213374949<i98>[I] (-2) +0.0539219878<i99>[I] (-1) -0.125686945<i100>[I] (-1) +0.137928597<i101>[I] (+4) +0.184149288<i102>[I] (-2) +0.0574793142<i103>[I] (-1) -0.120964864<i104>[I] (+4) -0.0154490354<i105>[I] (-8) -0.0847887858<i106>[I] (+4) +0.0436659762<i107>[I] (-1) +0.0424576233<i108>[I] (-2) -0.108166785<i109>[I] (-4) +0.00910682288<i110>[I] (+4) +0.0654321645<i111>[I] (+1) +0.0103330769<i112>[I] (-1) +0.0873528621<i113>[I] (+5) +0.0483843657<i114>[I] (+4) +0.0609320962<i115>[I] (+0) +0.0481795109<i116>[I] (-2) +0.057468529<i117>[I] (+4) -0.0121339996<i118>[I] (-1) +0.0234299311<i119>[I] (-2) -0.106839321<i120>[I] (-1) +0.136951893<i121>[I] (+4) -0.0444045762<i122>[I] (+5) +0.0525453994<i123>[I] (-2) -0.108837571<i124>[I] (-1) +0.129258459<i125>[I] (-3) -0.0537133257<i126>[I] (-2) +0.0374670449<i127>[I] (+4) +0.126444239<i128>[I] (-2) -0.00503668331<i129>[I] (-1) -0.0485451885<i130>[I] (-1) +0.219154438<i131>[I] (+5) -0.124943656<i132>[I] (-4) -0.0767079045<i133>[I] (-1) -0.0564954202<i134>[I] (-2) -0.0430359198<i135>[I] (-1) -0.116799844<i136>[I] (-2) -0.0231134731<i137>[I] (-7) -0.0908006116<i138>[I] (-5) -0.059304924<i139>[I] (-1) -0.00204156151<i140>[I] (+6) -0.077176732<i141>[I] (-1) -0.109115927<i142>[I] (-2) +0.0505726214<i143>[I] (-1) -0.110750032<i144>[I] (+1) +0.118138948<i145>[I] (-2) +0.023539648<i146>[I] (+3) -0.0731131095<i147>[I] (-1) -0.0381593684<i148>[I] (-1) +0.116678331<i149>[I] (-1) +0.0941530444<i150>[I] (-1) -0.0479790468<i151>[I] (-8) -0.0294845245<i152>[I] (-2) -0.144852816<i153>[I] (+0) +0.104175623<i154>[I] (+6) +0.0376913897<i155>[I] (-1) +0.0483704315<i156>[I] (-7) -0.0903775415<i157>[I] (-2) +0.13440154<i158>[I] (+0) -0.0351418688<i159>[I] (-1) +0.0451676676<i160>[I] (+4) -0.0244850196<i161>[I] (-1) +0.080335585<i162>[I] (-1) +0.0791426689<i163>[I] (+1) +0.0973924812<i164>[I] (-1) -0.0760724492<i165>[I] (+4) +0.117430859<i166>[I] (+4) +0.00675710669<i167>[I] (-7) +0.081290656<i168>[I] (+0) +0.0548081111<i169>[I] (-1) +0.0268743605<i170>[I] (-1) +0.0339277365<i171>[I] (+3) -0.0505857265<i172>[I] (-1) +0.0247227351<i173>[I] (-2) -0.117528699<i174>[I] (-8) +0.023400202<i175>[I] (-2) -0.0371083297<i176>[I] (-2) +0.00203935912<i177>[I] (+1) -0.0251750159<i178>[I] (+5) -0.101838565<i179>[I] (-2) +0.0191700037<i180>[I] (-1) +0.151364068<i181>[I] (-1) +0.00813066544<i182>[I] (-1) -0.0422772159<i183>[I] (+4) -0.0961101868<i184>[I] (-1) -0.107548542<i185>[I] (-2) -0.0147463916<i186>[I] (+4) -0.0409256495<i187>[I] (-1) +0.121357914<i188>[I] (-7) -0.0950437492<i189>[I] (+4) +0.0931231481<i190>[I] (-2) +0.0179368275<i191>[I] (+4) +0.151004819<i192>[I] (+4) +0.0537278073<i193>[I] (-2) -0.0364146117<i194>[I] (-2) -0.182126806<i195>[I] (-1) +0.0390524028<i196>[I] (+0) +0.156789183<i197>[I] (-2) -0.0815447171<i198>[I] (-1) -0.0816047347<i199>[I] (+5) +0.198006237<i200>[I] (-2) -0.124968187<i201>[I] (-1) +0.178892593<i202>[I] (-1) +0.163011833<i203>[I] (-1) +0.05697355<i204>[I] (-2) -0.172760786<i205>[I] (-2) +0.025049633<i206>[I] (-1) +0.126871269<i207>[I] (+4) +0.060556264<i208>[I] (-1) +0.0297896999<i209>[I] (+5) +0.05787794<i210>[I] (+1) -0.0543242103<i211>[I] (+4) -0.0449543005<i212>[I] (+4) +0.217579361<i213>[I] (+4) -0.0946388043<i214>[I] (-2) -0.0547632025<i215>[I] (+5) +0.0166219834<i216>[I] (+5) +0.0238464996<i217>[I] (+5) +0.178102619<i218>[I] (-2) -0.134966388<i219>[I] (-2) +0.0793796076<i220>[I] (-1) -0.0122692301<i221>[I] (+4) -0.0962505693<i222>[I] (+0) -0.15428482<i223>[I] (-1) -0.108434893<i224>[I] (-1) +0.00685350287<i225>[I] (-1) +0.0962528678<i226>[I] (-2) +0.050091158<i227>[I] (+1) -0.0759933762<i228>[I] (-2) +0.0493316161<i229>[I] (-1) +0.199946278<i230>[I] (+5) -0.0290047643<i231>[I] (-1) +0.0114994135<i232>[I] (-2) -0.0113216279<i233>[I] (-2) -0.0339109498<i234>[I] (-2) +0.250594159<i235>[I] (-3) -0.0612626087<i236>[I] (-1) +0.126278745<i237>[I] (-1) -0.135876457<i238>[I] (-1) +0.0711588759<i239>[I] (-1) +0.0977221123<i240>[I] (+0) +0.037233758<i241>[I] (+4) -0.00835492811<i242>[I] (+4) +0.13530228<i243>[I] (+4) -0.0177330345<i244>[I] (+5) +0.0166639305<i245>[I] (-1) -0.12983233<i246>[I] (+1) -0.0355857025<i247>[I] (-2) -0.0225896712<i248>[I] (-2) -0.0459867946<i249>[I] (-2) -0.0166436541<i250>[I] (-2) +0.0960651185<i251>[I] (-1) +0.00666906742<i252>[I] (+5) +0.0824879577<i253>[I] (-1) +0.068366454<i254>[I] (-2) +0.0775843974<i255>[I] (-1) -0.0894888567<i256>[I] (+0) -0.0355187717<i257>[I] (-2) -0.0751235408<i258>[I] (-1) -0.0681241982<i259>[I] (+4) +0.071967445<i260>[I] (-1) -0.0622085692<i261>[I] (-1) -0.0708400748<i262>[I] (-1) -0.0252169013<i263>[I] (-2) +0.0252204088<i264>[I] (-2) -0.309195948<i265>[I] (-2) -0.0762664722<i266>[I] (-2) -0.028051861<i267>[I] (-1) -0.0816681994<i268>[I] (-2) -0.101480613<i269>[I] (+5) +0.0914572892<i270>[I] (+0) -0.010359914<i271>[I] (+5) -0.0947982095<i272>[I] (-2) -0.051263345<i273>[I] (+0) -0.0140113729<i274>[I] (-2) +0.0134125758<i275>[I] (-2) -0.207086022<i276>[I] (-7) +0.0544761918<i277>[I] (-2) +0.0977543289<i278>[I] (+3) -0.00593743231<i279>[I] (+4) -0.109510345<i280>[I] (+5) +0.0977808156<i281>[I] (-1) +0.0494988358<i282>[I] (-1) -0.0351714703<i283>[I] (-1) -0.0776071851<i284>[I] (-1) +0.128688417<i285>[I] (-1) -0.0709782989<i286>[I] (+4) -0.0346116668<i287>[I] (-2) -0.136020356<i288>[I] (+0) -0.0659398421<i289>[I] (+0) +0.0936464966<i290>[I] (+0) -0.0214020608<i291>[I] (+4) -0.0121384322<i292>[I] (+4) +0.189006082<i293>[I] (-1) +0.0238109365<i294>[I] (-1) +0.0105092266<i295>[I] (+5) -0.0645498909<i296>[I] (+4) -0.0553659149<i297>[I] (-1) -0.22274788<i298>[I] (+4) -0.189388622<i299>[I] (-2) +0.0907857475<i300>[I] (-1) -0.00826816806<i301>[I] (-2) -0.00766017373<i302>[I] (-1) +0.0724576179<i303>[I] (+5) +0.0963130398<i304>[I] (+4) -0.0238317907<i305>[I] (-1) +0.0317216121<i306>[I] (-1) -0.10593667<i307>[I] (+4) -0.00994352054<i308>[I] (-3) +0.00992132703<i309>[I] (-1) +0.105245094<i310>[I] (+5) +0.0898120028<i311>[I] (-3) +0.128810282<i312>[I] (-2) +0.108798385<i313>[I] (+5) -0.14029215<i314>[I] (-1) -0.0395034417<i315>[I] (+4) -0.0287626524<i316>[I] (-7) -0.112944219<i317>[I] (+4) +0.0495191819<i318>[I] (+0) -0.0398392506<i319>[I] (-2) +0.0664285968<i320>[I] (-1) -0.0448732945<i321>[I] (-5) +0.00243405785<i322>[I] (-1) +0.0820931465<i323>[I] (+3) -0.118739938<i324>[I] (+0) +0.11013799<i325>[I] (-7) -0.041880834<i326>[I] (+4) -0.0963169331<i327>[I] (-2) -0.106919097<i328>[I] (+5) -0.0758730343<i329>[I] (-1) +0.0945062448<i330>[I] (+4) +0.00898548795<i331>[I] (+5) +0.0489584341<i332>[I] (-1) -0.132127662<i333>[I] (-2) -0.0492780049<i334>[I] (-1) -0.0682863553<i335>[I] (-1) +0.111173767<i336>[I] (-2) -0.132881067<i337>[I] (-1) +0.0133256747<i338>[I] (+0) +0.0946723349<i339>[I] (-2) +0.0840539022<i340>[I] (-2) +0.0613387351<i341>[I] (+4) -0.139930553<i342>[I] (-1) +0.254198007<i343>[I] (-1) +0.0262323664<i344>[I] (+5) -0.118490654<i345>[I] (-3) +0.0265886167<i346>[I] (-1) -0.0492356189<i347>[I] (+2) +0.057621418<i348>[I] (-2) -0.0408740275<i349>[I] (+2) -0.0867804713<i350>[I] (-1) -0.061023931<i351>[I] (-2) -0.0626573482<i352>[I] (-1) -0.169478463<i353>[I] (-2) +0.112564123<i354>[I] (-1) -0.111819852<i355>[I] (-7) +0.0762108416<i356>[I] (+5) -0.130968231<i357>[I] (+0) -0.0270270656<i358>[I] (-8) +0.042027941<i359>[I] (-1) +0.183841977<i360>[I] (-1) -0.0575359957<i361>[I] (-1) +0.0737956986<i362>[I] (-1) -0.043967841<i363>[I] (-1) +0.0911080317<i364>[I] (-1) +0.0917676254<i365>[I] (+2) -0.056437397<i366>[I] (+3) -0.115519545<i367>[I] (+0) +0.0112928375<i368>[I] (+3) -0.0404797899<i369>[I] (-2) -0.00102409383<i370>[I] (-8) -0.118487164<i371>[I] (+5) +0.13391076<i372>[I] (-2) -0.15555206<i373>[I] (-8) +0.147242486<i374>[I] (-1) -0.084457254<i375>[I] (-7) -0.101073742<i376>[I] (+5) -0.0705473639<i377>[I] (+5) -0.0327109008<i378>[I] (-2) -0.0222599155<i379>[I] (-2) +0.000374995386<i380>[I] (-1) -0.223356305<i381>[I] (+3) -0.041794922<i382>[I] (-1) +0.176562307<i383>[I] (+0) +0.141162926<i384>[I] (-2) -0.124960767<i385>[I] (-8) -0.0392491657<i386>[I] (-1) -0.0486570873<i387>[I] (-1) -0.0121074102<i388>[I] (-1) +0.16084136<i389>[I] (-7) +0.10820636<i390>[I] (-1) +0.0756970441<i391>[I] (-5) -0.109241015<i392>[I] (+4) +0.0503421457<i393>[I] (-2) +0.204627203<i394>[I] (+4) -0.14251745<i395>[I] (+11) -0.0119519076<i396>[I] (+3) -0.069320316<i397>[I] (-1) +0.065158912<i398>[I] (-1) -0.0460835986<i399>[I] (-1) +0.169795929<i400>[I] (-7) +0.237857163<i401>[I] (+5) +0.088527657<i402>[I] (-3) -0.04186299<i403>[I] (-1) +0.105039938<i404>[I] (+4) +0.0718689773<i405>[I] (+4) +0.0943420082<i406>[I] (-7) +0.0646743681<i407>[I] (-2) +0.247621128<i408>[I] (+2) +0.0146066862<i409>[I] (+4) +0.150422666<i410>[I] (+4) -0.0498780733<i411>[I] (+4) +0.0257110222<i412>[I] (+4) +0.112498548<i413>[I] (+3) -0.175248184<i414>[I] (-3) -0.0880565172<i415>[I] (-1) -0.0786693989<i416>[I] (-3) +0.0871807098<i417>[I] (-2) +0.0357092543<i418>[I] (+5) -0.0159343985<i419>[I] (-1) -0.167823236<i420>[I] (-1) +0.0120771544<i421>[I] (-4) +0.253992853<i422>[I] (-2) -0.00278911649<i423>[I] (+5) +0.0518062408<i424>[I] (+10) -0.0416667228<i425>[I] (-1) +0.0480640401<i426>[I] (-1) +0.0815853248<i427>[I] (-7) +0.0295497976<i428>[I] (-2) +0.223084368<i429>[I] (-2) +0.0283474058<i430>[I] (-2) -0.0890333721<i431>[I] (-2) -0.120910902<i432>[I] (+5) +0.182994073<i433>[I] (+5) +0.044987856<i434>[I] (+1) -0.0666800436<i435>[I] (-2) -0.0689576627<i436>[I] (-1) +0.0262595835<i437>[I] (-2) +0.115318154<i438>[I] (+5) -0.0446451917<i439>[I] (-1) +0.0525084995<i440>[I] (-2) -0.170748565<i441>[I] (-1) +0.0899351638<i442>[I] (-2) -0.0136411708<i443>[I] (+4) +0.0166144367<i444>[I] (+3) +0.129989526<i445>[I] (-8) +0.118344593<i446>[I] (+2) +0.221248117<i447>[I] (-7) +0.00878282772<i448>[I] (+0) +0.0970980177<i449>[I] (+2) +0.0138920857<i450>[I] (+0) +0.0958737618<i451>[I] (-2) +0.0989844112<i452>[I] (+4) -0.0503437765<i453>[I] (-8) +0.0627935473<i454>[I] (-2) +0.12643185<i455>[I] (-1) -0.104603063<i456>[I] (-1) +0.135883923<i457>[I] (-1) -0.0560400844<i458>[I] (-2) -0.0679186499<i459>[I] (+1) +0.0102012075<i460>[I] (+3) -0.0116380713<i461>[I] (-7) +0.0649118028<i462>[I] (+0) -0.0194363188<i463>[I] (-1) +0.0963456296<i464>[I] (-1) +0.0617484043<i465>[I] (-1) +0.0139565103<i466>[I] (+0) -0.260226863<i467>[I] (+6) +0.138304307<i468>[I] (-2) +0.0606060026<i469>[I] (-1) -0.0381856226<i470>[I] (-6) +0.008517847<i471>[I] (+5) +0.0342315091<i472>[I] (-2) -0.214941909<i473>[I] (-1) +0.0836447309<i474>[I] (+5) +0.0193598862<i475>[I] (+5) +0.0158003449<i476>[I] (-1) +0.0255304678<i477>[I] (-1) +0.0163330313<i478>[I] (+5) -0.213667451<i479>[I] (-1) +0.0499750082<i480>[I] (-1) -0.1475917<i481>[I] (-1) -0.113224278<i482>[I] (-1) -0.0206921008<i483>[I] (-8) -0.0366482064<i484>[I] (+2) -0.0576415741<i485>[I] (+2) -0.0980984746<i486>[I] (-2) +0.0934729061<i487>[I] (-3) +0.00203713486<i488>[I] (+5) +0.174298811<i489>[I] (+4) +0.0132393629<i490>[I] (+5) -0.104175106<i491>[I] (-1) +0.123614396<i492>[I] (-2) +0.110437573<i493>[I] (-3) +0.0308756288<i494>[I] (-2) -0.0848528258<i495>[I] (-2) -0.00766647278<i496>[I] (-6) +0.0397838041<i497>[I] (+10) -0.090400648<i498>[I] (-1) +0.252083198<i499>[I] (+3) <= -0.951106429100037;
;
violation: right hand side is violated by 0.0101914638682523
all 1 solutions given by solution candidate storage are infeasible

presolving:
   (0.1s) symmetry computation started: requiring (bin +, int +, cont +), (fixed: bin -, int -, cont -)
   (0.2s) no symmetry present (symcode time: 0.02)
presolving (1 rounds: 1 fast, 1 medium, 1 exhaustive):
 0 deleted vars, 0 deleted constraints, 0 added constraints, 1 tightened bounds, 0 added holes, 0 changed sides, 0 changed coefficients
 0 implications, 0 cliques
presolved problem has 501 variables (0 bin, 500 int, 0 impl, 1 cont) and 501 constraints
    500 constraints of type <linear>
      1 constraints of type <nonlinear>
Presolving Time: 0.18

 time | node  | left  |LP iter|LP it/n|mem/heur|mdpt |vars |cons |rows |cuts |sepa|confs|strbr|  dualbound   | primalbound  |  gap   | compl. 
  1.4s|     1 |     0 |   362 |     - |   138M |   0 |1502 | 501 |1501 |   0 |  0 |   0 |   0 |-2.477245e+01 |      --      |    Inf | unknown
  9.9s|     1 |     0 |  8925 |     - |   139M |   0 |1502 | 501 |1862 | 361 |  1 |   0 |   0 |-2.477245e+01 |      --      |    Inf | unknown
 19.4s|     1 |     0 | 20154 |     - |   151M |   0 |1502 | 501 |2220 | 719 |  2 |   0 |   0 |-2.469985e+01 |      --      |    Inf | unknown
 26.4s|     1 |     0 | 30783 |     - |   166M |   0 |1502 | 501 |2428 | 927 |  3 |   0 |   0 |-2.461356e+01 |      --      |    Inf | unknown
 32.1s|     1 |     0 | 40600 |     - |   176M |   0 |1502 | 501 |2483 | 982 |  4 |   0 |   0 |-2.459386e+01 |      --      |    Inf | unknown
 33.6s|     1 |     0 | 41996 |     - |   190M |   0 |1502 | 501 |2499 | 998 |  5 |   0 |   0 |-2.459259e+01 |      --      |    Inf | unknown
 34.7s|     1 |     0 | 42425 |     - |   209M |   0 |1502 | 501 |2506 |1005 |  6 |   0 |   0 |-2.459242e+01 |      --      |    Inf | unknown
 35.8s|     1 |     0 | 42750 |     - |   213M |   0 |1502 | 501 |2507 |1006 |  7 |   0 |   0 |-2.459230e+01 |      --      |    Inf | unknown
 36.8s|     1 |     0 | 42911 |     - |   225M |   0 |1502 | 501 |2508 |1007 |  8 |   0 |   0 |-2.459227e+01 |      --      |    Inf | unknown
 37.8s|     1 |     0 | 43182 |     - |   246M |   0 |1502 | 501 |2510 |1009 |  9 |   0 |   0 |-2.459223e+01 |      --      |    Inf | unknown
 38.8s|     1 |     0 | 43418 |     - |   253M |   0 |1502 | 501 |2511 |1010 | 10 |   0 |   0 |-2.459220e+01 |      --      |    Inf | unknown
 39.4s|     1 |     0 | 43505 |     - |   253M |   0 |1502 | 501 |1389 |1012 | 11 |   0 |   0 |-2.459219e+01 |      --      |    Inf | unknown
 40.0s|     1 |     0 | 43539 |     - |   253M |   0 |1502 | 501 |1390 |1013 | 12 |   0 |   0 |-2.459219e+01 |      --      |    Inf | unknown
 40.6s|     1 |     0 | 43591 |     - |   253M |   0 |1502 | 501 |1391 |1014 | 13 |   0 |   0 |-2.459218e+01 |      --      |    Inf | unknown
 41.2s|     1 |     0 | 43619 |     - |   253M |   0 |1502 | 501 |1392 |1015 | 14 |   0 |   0 |-2.459218e+01 |      --      |    Inf | unknown
 time | node  | left  |LP iter|LP it/n|mem/heur|mdpt |vars |cons |rows |cuts |sepa|confs|strbr|  dualbound   | primalbound  |  gap   | compl. 
 95.6s|     1 |     2 | 52761 |     - |   253M |   0 |1502 | 501 |1392 |1015 | 14 |   0 |  28 |-2.459164e+01 |      --      |    Inf | unknown
  329s|   100 |   101 |238438 |1967.9 |   264M |  17 |1502 | 501 |1263 |2512 |  2 |   0 | 312 |-2.458184e+01 |      --      |    Inf | unknown
  463s|   200 |   201 |399752 |1789.6 |   265M |  31 |1502 | 501 |1299 |3318 |  2 |   0 | 377 |-2.457831e+01 |      --      |    Inf | unknown
  584s|   300 |   301 |557910 |1720.0 |   267M |  35 |1502 | 501 |1314 |4341 |  2 |   0 | 435 |-2.457423e+01 |      --      |    Inf | unknown
  679s|   400 |   401 |676073 |1585.1 |   259M |  35 |1502 | 501 |1231 |5225 |  2 |   0 | 444 |-2.457423e+01 |      --      |    Inf | unknown
  750s|   500 |   501 |778364 |1472.4 |   258M |  39 |1502 | 501 |1244 |5962 |  2 |   0 | 472 |-2.457265e+01 |      --      |    Inf | unknown
  840s|   600 |   601 |903525 |1435.6 |   260M |  39 |1502 | 501 |1249 |6879 |  2 |   0 | 489 |-2.457265e+01 |      --      |    Inf | unknown
  927s|   700 |   701 |  1027k|1407.0 |   260M |  39 |1502 | 501 |1319 |7937 |  2 |   0 | 499 |-2.457169e+01 |      --      |    Inf | unknown
 1021s|   800 |   801 |  1174k|1415.9 |   263M |  41 |1502 | 501 |1328 |9080 |  2 |   0 | 529 |-2.457008e+01 |      --      |    Inf | unknown
 1101s|   900 |   901 |  1300k|1397.6 |   263M |  41 |1502 | 501 |1400 |9777 |  4 |   0 | 532 |-2.457008e+01 |      --      |    Inf | unknown
 1195s|  1000 |  1001 |  1425k|1383.1 |   264M |  41 |1502 | 501 |1326 |  10k|  2 |   0 | 555 |-2.456974e+01 |      --      |    Inf | unknown
 1282s|  1100 |  1101 |  1576k|1394.7 |   265M |  43 |1502 | 501 |1357 |  11k|  1 |   0 | 569 |-2.456954e+01 |      --      |    Inf | unknown
 1368s|  1200 |  1201 |  1733k|1409.6 |   265M |  43 |1502 | 501 |1287 |  13k|  2 |   0 | 572 |-2.456954e+01 |      --      |    Inf | unknown
 1435s|  1300 |  1301 |  1844k|1386.7 |   268M |  45 |1502 | 501 |1358 |  13k|  4 |   0 | 573 |-2.456946e+01 |      --      |    Inf | unknown
 1514s|  1400 |  1401 |  1983k|1386.4 |   268M |  45 |1502 | 501 |1383 |  14k|  1 |   0 | 576 |-2.456881e+01 |      --      |    Inf | unknown
 time | node  | left  |LP iter|LP it/n|mem/heur|mdpt |vars |cons |rows |cuts |sepa|confs|strbr|  dualbound   | primalbound  |  gap   | compl. 
 1594s|  1500 |  1501 |  2113k|1380.9 |   268M |  45 |1502 | 501 |1329 |  15k|  2 |   0 | 585 |-2.456881e+01 |      --      |    Inf | unknown
 1700s|  1600 |  1601 |  2299k|1410.5 |   269M |  45 |1502 | 501 |1330 |  17k|  2 |   0 | 605 |-2.456881e+01 |      --      |    Inf | unknown
 1778s|  1700 |  1701 |  2429k|1404.5 |   270M |  57 |1502 | 501 |1375 |  18k|  2 |   0 | 610 |-2.456859e+01 |      --      |    Inf | unknown
 1891s|  1800 |  1801 |  2625k|1435.1 |   273M |  57 |1502 | 501 |1307 |  19k|  2 |   0 | 631 |-2.456859e+01 |      --      |    Inf | unknown
 1991s|  1900 |  1901 |  2804k|1454.0 |   274M |  57 |1502 | 501 |1381 |  20k|  2 |   0 | 634 |-2.456859e+01 |      --      |    Inf | unknown
 2085s|  2000 |  2001 |  2956k|1457.3 |   275M |  57 |1502 | 501 |1395 |  21k|  3 |   0 | 660 |-2.456802e+01 |      --      |    Inf | unknown
 2191s|  2100 |  2101 |  3145k|1477.8 |   277M |  57 |1502 | 501 |1229 |  23k|  2 |   0 | 673 |-2.456751e+01 |      --      |    Inf | unknown
 2285s|  2200 |  2201 |  3289k|1475.9 |   279M |  57 |1502 | 501 |1341 |  24k|  2 |   0 | 695 |-2.456751e+01 |      --      |    Inf | unknown
 2374s|  2300 |  2301 |  3445k|1479.6 |   280M |  57 |1502 | 501 |1374 |  25k|  2 |   0 | 707 |-2.456751e+01 |      --      |    Inf | unknown
 2466s|  2400 |  2401 |  3612k|1487.7 |   281M |  57 |1502 | 501 |1344 |  26k|  4 |   0 | 710 |-2.456751e+01 |      --      |    Inf | unknown
 2558s|  2500 |  2501 |  3766k|1489.8 |   282M |  57 |1502 | 501 |1343 |  27k|  2 |   0 | 726 |-2.456751e+01 |      --      |    Inf | unknown
 2643s|  2600 |  2601 |  3914k|1489.5 |   284M |  57 |1502 | 501 |1452 |  29k|  1 |   0 | 727 |-2.456700e+01 |      --      |    Inf | unknown
 2752s|  2700 |  2701 |  4106k|1505.3 |   286M |  57 |1502 | 501 |1217 |  30k|  2 |   0 | 743 |-2.456700e+01 |      --      |    Inf | unknown
 2857s|  2800 |  2801 |  4296k|1519.3 |   286M |  57 |1502 | 501 |1367 |  32k|  2 |   0 | 748 |-2.456700e+01 |      --      |    Inf | unknown
 2940s|  2900 |  2901 |  4434k|1514.6 |   287M |  57 |1502 | 501 |1363 |  33k|  2 |   0 | 756 |-2.456700e+01 |      --      |    Inf | unknown
 time | node  | left  |LP iter|LP it/n|mem/heur|mdpt |vars |cons |rows |cuts |sepa|confs|strbr|  dualbound   | primalbound  |  gap   | compl. 
 3071s|  3000 |  3001 |  4677k|1545.2 |   289M |  57 |1502 | 501 |1341 |  34k|  2 |   0 | 767 |-2.456700e+01 |      --      |    Inf | unknown
 3164s|  3100 |  3101 |  4833k|1545.6 |   290M |  65 |1502 | 501 |1478 |  36k|  2 |   0 | 777 |-2.456700e+01 |      --      |    Inf | unknown
 3248s|  3200 |  3201 |  4985k|1544.7 |   291M |  65 |1502 | 501 |1474 |  37k|  2 |   0 | 779 |-2.456655e+01 |      --      |    Inf | unknown
 3369s|  3300 |  3301 |  5208k|1565.7 |   292M |  65 |1502 | 501 |1503 |  38k|  1 |   0 | 793 |-2.456616e+01 |      --      |    Inf | unknown
 3456s|  3400 |  3401 |  5366k|1566.0 |   293M |  65 |1502 | 501 |1491 |  40k|  2 |   0 | 799 |-2.456616e+01 |      --      |    Inf | unknown
 3561s|  3500 |  3501 |  5561k|1577.1 |   294M |  65 |1502 | 501 |1500 |  41k|  1 |   0 | 808 |-2.456610e+01 |      --      |    Inf | unknown
 3670s|  3600 |  3601 |  5760k|1588.6 |   295M |  65 |1502 | 501 |1473 |  42k|  3 |   0 | 815 |-2.456610e+01 |      --      |    Inf | unknown
 3772s|  3700 |  3701 |  5945k|1595.4 |   296M |  65 |1502 | 501 |1457 |  44k|  2 |   0 | 828 |-2.456540e+01 |      --      |    Inf | unknown
 3913s|  3800 |  3801 |  6211k|1623.6 |   299M |  65 |1502 | 501 |1518 |  45k|  4 |   0 | 834 |-2.456471e+01 |      --      |    Inf | unknown
 4014s|  3900 |  3901 |  6391k|1628.2 |   299M |  65 |1502 | 501 |1429 |  47k|  4 |   0 | 839 |-2.456471e+01 |      --      |    Inf | unknown
 4122s|  4000 |  4001 |  6592k|1637.7 |   300M |  65 |1502 | 501 |1387 |  48k|  2 |   0 | 845 |-2.456431e+01 |      --      |    Inf | unknown
 4226s|  4100 |  4101 |  6779k|1643.3 |   301M |  65 |1502 | 501 |1415 |  49k|  2 |   0 | 849 |-2.456431e+01 |      --      |    Inf | unknown
 4339s|  4200 |  4201 |  6986k|1653.5 |   301M |  65 |1502 | 501 |1438 |  50k|  4 |   0 | 854 |-2.456424e+01 |      --      |    Inf | unknown
 4428s|  4300 |  4301 |  7142k|1651.3 |   303M |  65 |1502 | 501 |1350 |  51k|  2 |   0 | 855 |-2.456367e+01 |      --      |    Inf | unknown
 4514s|  4400 |  4401 |  7301k|1649.9 |   303M |  65 |1502 | 501 |1369 |  53k|  2 |   0 | 857 |-2.456367e+01 |      --      |    Inf | unknown
 time | node  | left  |LP iter|LP it/n|mem/heur|mdpt |vars |cons |rows |cuts |sepa|confs|strbr|  dualbound   | primalbound  |  gap   | compl. 
 4633s|  4500 |  4501 |  7525k|1663.0 |   303M |  65 |1502 | 501 |1421 |  54k|  4 |   0 | 864 |-2.456357e+01 |      --      |    Inf | unknown
 4741s|  4600 |  4601 |  7710k|1667.1 |   305M |  65 |1502 | 501 |1340 |  56k|  2 |   0 | 871 |-2.456357e+01 |      --      |    Inf | unknown
 4846s|  4700 |  4701 |  7907k|1673.4 |   307M |  65 |1502 | 501 |1350 |  57k|  4 |   0 | 875 |-2.456305e+01 |      --      |    Inf | unknown
 4952s|  4800 |  4801 |  8091k|1676.9 |   308M |  65 |1502 | 501 |1564 |  58k|  3 |   0 | 886 |-2.456305e+01 |      --      |    Inf | unknown
 5061s|  4900 |  4901 |  8282k|1681.8 |   308M |  65 |1502 | 501 |1546 |  60k|  2 |   0 | 890 |-2.456302e+01 |      --      |    Inf | unknown
 5163s|  5000 |  5001 |  8466k|1684.8 |   309M |  65 |1502 | 501 |1527 |  61k|  2 |   0 | 894 |-2.456302e+01 |      --      |    Inf | unknown
 5271s|  5100 |  5101 |  8661k|1690.1 |   311M |  65 |1502 | 501 |1504 |  63k|  2 |   0 | 902 |-2.456302e+01 |      --      |    Inf | unknown
 5379s|  5200 |  5201 |  8858k|1695.5 |   311M |  65 |1502 | 501 |1533 |  64k|  2 |   0 | 905 |-2.456231e+01 |      --      |    Inf | unknown
 5483s|  5300 |  5301 |  9039k|1697.7 |   312M |  65 |1502 | 501 |1464 |  65k|  3 |   0 | 911 |-2.456231e+01 |      --      |    Inf | unknown
 5589s|  5400 |  5401 |  9240k|1703.5 |   312M |  65 |1502 | 501 |1448 |  66k|  4 |   0 | 914 |-2.456205e+01 |      --      |    Inf | unknown
 5682s|  5500 |  5501 |  9402k|1702.0 |   315M |  65 |1502 | 501 |1397 |  68k|  2 |   0 | 926 |-2.456202e+01 |      --      |    Inf | unknown
 5787s|  5600 |  5601 |  9593k|1705.6 |   315M |  65 |1502 | 501 |1342 |  69k|  2 |   0 | 929 |-2.456176e+01 |      --      |    Inf | unknown
 5872s|  5700 |  5701 |  9749k|1703.0 |   316M |  65 |1502 | 501 |1427 |  70k|  2 |   0 | 930 |-2.456174e+01 |      --      |    Inf | unknown
 5986s|  5800 |  5801 |  9961k|1710.4 |   317M |  65 |1502 | 501 |1419 |  72k|  2 |   0 | 935 |-2.456174e+01 |      --      |    Inf | unknown
 6087s|  5900 |  5901 | 10141k|1711.8 |   317M |  65 |1502 | 501 |1444 |  73k|  2 |   0 | 938 |-2.456135e+01 |      --      |    Inf | unknown
 time | node  | left  |LP iter|LP it/n|mem/heur|mdpt |vars |cons |rows |cuts |sepa|confs|strbr|  dualbound   | primalbound  |  gap   | compl. 
 6189s|  6000 |  6001 | 10324k|1713.8 |   319M |  65 |1502 | 501 |1423 |  74k|  4 |   0 | 949 |-2.456095e+01 |      --      |    Inf | unknown
 6299s|  6100 |  6101 | 10533k|1720.0 |   320M |  65 |1502 | 501 |1398 |  76k|  2 |   0 | 950 |-2.456095e+01 |      --      |    Inf | unknown
 6395s|  6200 |  6201 | 10712k|1721.0 |   321M |  65 |1502 | 501 |1374 |  77k|  2 |   0 | 957 |-2.456090e+01 |      --      |    Inf | unknown
 6509s|  6300 |  6301 | 10935k|1729.1 |   321M |  65 |1502 | 501 |1372 |  78k|  2 |   0 | 958 |-2.456090e+01 |      --      |    Inf | unknown
 6622s|  6400 |  6401 | 11133k|1733.1 |   323M |  65 |1502 | 501 |1276 |  80k|  2 |   0 | 966 |-2.456082e+01 |      --      |    Inf | unknown
 6725s|  6500 |  6501 | 11321k|1735.3 |   324M |  65 |1502 | 501 |1538 |  81k|  2 |   0 | 970 |-2.456082e+01 |      --      |    Inf | unknown
 6816s|  6600 |  6601 | 11480k|1733.1 |   325M |  65 |1502 | 501 |1566 |  82k|  4 |   0 | 973 |-2.456070e+01 |      --      |    Inf | unknown
 6921s|  6700 |  6701 | 11672k|1735.9 |   325M |  65 |1502 | 501 |1595 |  84k|  2 |   0 | 980 |-2.456070e+01 |      --      |    Inf | unknown
 7025s|  6800 |  6801 | 11852k|1736.9 |   327M |  65 |1502 | 501 |1500 |  85k|  3 |   0 | 981 |-2.456070e+01 |      --      |    Inf | unknown
 7124s|  6900 |  6901 | 12035k|1738.3 |   327M |  65 |1502 | 501 |1536 |  86k|  3 |   0 | 988 |-2.456062e+01 |      --      |    Inf | unknown
 7220s|  7000 |  7001 | 12206k|1737.8 |   327M |  65 |1502 | 501 |1540 |  88k|  1 |   0 | 994 |-2.456062e+01 |      --      |    Inf | unknown
 7314s|  7100 |  7101 | 12378k|1737.6 |   328M |  65 |1502 | 501 |1488 |  89k|  2 |   0 | 995 |-2.456005e+01 |      --      |    Inf | unknown
 7407s|  7200 |  7201 | 12545k|1736.6 |   328M |  65 |1502 | 501 |1359 |  90k|  2 |   0 |1004 |-2.456005e+01 |      --      |    Inf | unknown
 7508s|  7300 |  7301 | 12730k|1738.1 |   330M |  65 |1502 | 501 |1535 |  91k|  2 |   0 |1005 |-2.456005e+01 |      --      |    Inf | unknown
 7603s|  7400 |  7401 | 12912k|1739.2 |   330M |  65 |1502 | 501 |1477 |  93k|  2 |   0 |1008 |-2.455958e+01 |      --      |    Inf | unknown
 time | node  | left  |LP iter|LP it/n|mem/heur|mdpt |vars |cons |rows |cuts |sepa|confs|strbr|  dualbound   | primalbound  |  gap   | compl. 
 7686s|  7500 |  7501 | 13060k|1735.8 |   330M |  65 |1502 | 501 |1472 |  94k|  2 |   0 |1012 |-2.455958e+01 |      --      |    Inf | unknown
 7787s|  7600 |  7601 | 13248k|1737.7 |   330M |  69 |1502 | 501 |1331 |  95k|  2 |   0 |1014 |-2.455958e+01 |      --      |    Inf | unknown
 7873s|  7700 |  7701 | 13403k|1735.2 |   330M |  69 |1502 | 501 |1583 |  96k|  2 |   0 |1018 |-2.455958e+01 |      --      |    Inf | unknown
 7958s|  7800 |  7801 | 13554k|1732.4 |   331M |  69 |1502 | 501 |1518 |  97k|  2 |   0 |1022 |-2.455958e+01 |      --      |    Inf | unknown
 8060s|  7900 |  7901 | 13746k|1734.7 |   332M |  69 |1502 | 501 |1507 |  98k|  4 |   0 |1023 |-2.455936e+01 |      --      |    Inf | unknown
 8144s|  8000 |  8001 | 13894k|1731.6 |   333M |  69 |1502 | 501 |1394 |  99k|  2 |   0 |1030 |-2.455927e+01 |      --      |    Inf | unknown
 8236s|  8100 |  8101 | 14067k|1731.5 |   333M |  69 |1502 | 501 |1317 | 100k|  3 |   0 |1032 |-2.455927e+01 |      --      |    Inf | unknown
 8328s|  8200 |  8201 | 14222k|1729.3 |   333M |  69 |1502 | 501 |1512 | 101k|  1 |   0 |1034 |-2.455902e+01 |      --      |    Inf | unknown
 8444s|  8300 |  8301 | 14436k|1734.3 |   335M |  69 |1502 | 501 |1555 | 103k|  2 |   0 |1041 |-2.455902e+01 |      --      |    Inf | unknown
 8546s|  8400 |  8401 | 14625k|1736.2 |   335M |  69 |1502 | 501 |1443 | 104k|  2 |   0 |1043 |-2.455875e+01 |      --      |    Inf | unknown
 8637s|  8500 |  8501 | 14789k|1735.0 |   335M |  69 |1502 | 501 |1385 | 105k|  4 |   0 |1046 |-2.455875e+01 |      --      |    Inf | unknown
 8745s|  8600 |  8601 | 14989k|1738.1 |   336M |  69 |1502 | 501 |1545 | 107k|  2 |   0 |1054 |-2.455848e+01 |      --      |    Inf | unknown
 8843s|  8700 |  8701 | 15174k|1739.3 |   337M |  69 |1502 | 501 |1566 | 108k|  1 |   0 |1055 |-2.455848e+01 |      --      |    Inf | unknown
 8938s|  8800 |  8801 | 15343k|1738.9 |   338M |  69 |1502 | 501 |1450 | 109k|  2 |   0 |1062 |-2.455848e+01 |      --      |    Inf | unknown
 9021s|  8900 |  8901 | 15490k|1735.8 |   339M |  69 |1502 | 501 |1407 | 111k|  2 |   0 |1066 |-2.455773e+01 |      --      |    Inf | unknown
 time | node  | left  |LP iter|LP it/n|mem/heur|mdpt |vars |cons |rows |cuts |sepa|confs|strbr|  dualbound   | primalbound  |  gap   | compl. 
 9128s|  9000 |  9001 | 15691k|1738.8 |   340M |  69 |1502 | 501 |1279 | 112k|  2 |   0 |1067 |-2.455773e+01 |      --      |    Inf | unknown
 9227s|  9100 |  9101 | 15877k|1740.2 |   342M |  69 |1502 | 501 |1502 | 113k|  2 |   0 |1077 |-2.455764e+01 |      --      |    Inf | unknown
 9330s|  9200 |  9201 | 16061k|1741.3 |   342M |  69 |1502 | 501 |1490 | 114k|  3 |   0 |1079 |-2.455764e+01 |      --      |    Inf | unknown
 9421s|  9300 |  9301 | 16234k|1741.2 |   343M |  69 |1502 | 501 |1371 | 115k|  2 |   0 |1079 |-2.455763e+01 |      --      |    Inf | unknown
 9514s|  9400 |  9401 | 16396k|1739.8 |   343M |  69 |1502 | 501 |1437 | 117k|  2 |   0 |1088 |-2.455763e+01 |      --      |    Inf | unknown
 9617s|  9500 |  9501 | 16582k|1741.2 |   344M |  69 |1502 | 501 |1559 | 118k|  2 |   0 |1089 |-2.455731e+01 |      --      |    Inf | unknown
 9717s|  9600 |  9601 | 16783k|1743.9 |   345M |  69 |1502 | 501 |1504 | 119k|  2 |   0 |1090 |-2.455731e+01 |      --      |    Inf | unknown
 9806s|  9700 |  9701 | 16941k|1742.3 |   346M |  69 |1502 | 501 |1497 | 120k|  2 |   0 |1091 |-2.455708e+01 |      --      |    Inf | unknown
 9906s|  9800 |  9801 | 17132k|1743.9 |   346M |  69 |1502 | 501 |1332 | 121k|  2 |   0 |1094 |-2.455667e+01 |      --      |    Inf | unknown
  167m|  9900 |  9901 | 17321k|1745.4 |   346M |  69 |1502 | 501 |1355 | 123k|  4 |   0 |1100 |-2.455667e+01 |      --      |    Inf | unknown
  168m| 10000 | 10001 | 17477k|1743.6 |   347M |  69 |1502 | 501 |1500 | 124k|  4 |   0 |1101 |-2.455653e+01 |      --      |    Inf | unknown
  170m| 10100 | 10101 | 17660k|1744.4 |   348M |  69 |1502 | 501 |1493 | 125k|  2 |   0 |1102 |-2.455653e+01 |      --      |    Inf | unknown
  171m| 10200 | 10201 | 17845k|1745.5 |   348M |  69 |1502 | 501 |1449 | 127k|  3 |   0 |1103 |-2.455558e+01 |      --      |    Inf | unknown
  173m| 10300 | 10301 | 18026k|1746.1 |   348M |  69 |1502 | 501 |1439 | 128k|  3 |   0 |1106 |-2.455558e+01 |      --      |    Inf | unknown
  175m| 10400 | 10401 | 18215k|1747.5 |   348M |  69 |1502 | 501 |1564 | 129k|  2 |   0 |1111 |-2.455549e+01 |      --      |    Inf | unknown
 time | node  | left  |LP iter|LP it/n|mem/heur|mdpt |vars |cons |rows |cuts |sepa|confs|strbr|  dualbound   | primalbound  |  gap   | compl. 
  176m| 10500 | 10501 | 18400k|1748.4 |   350M |  69 |1502 | 501 |1557 | 130k|  2 |   0 |1114 |-2.455549e+01 |      --      |    Inf | unknown
  178m| 10600 | 10601 | 18588k|1749.7 |   350M |  69 |1502 | 501 |1442 | 131k|  3 |   0 |1121 |-2.455490e+01 |      --      |    Inf | unknown
  180m| 10700 | 10701 | 18754k|1748.9 |   350M |  69 |1502 | 501 |1425 | 133k|  2 |   0 |1124 |-2.455474e+01 |      --      |    Inf | unknown

SCIP Status        : solving was interrupted [time limit reached]
Solving Time (sec) : 10800.03
Solving Nodes      : 10724
Primal Bound       : +1.00000000000000e+20 (0 solutions)
Dual Bound         : -2.45547415560798e+01
Gap                : infinite

