Solver command line: ['/cvmfs/soft.computecanada.ca/easybuild/software/2023/x86-64-v4/Compiler/gcc12/scipoptsuite/9.0.0/bin/scip', '/tmp/tmphugixm0c.pyomo', '-AMPL']

SCIP version 9.0.0 [precision: 8 byte] [memory: block] [mode: optimized] [LP solver: Soplex 7.0.0] [GitHash: 7205bedd94]
Copyright (c) 2002-2024 Zuse Institute Berlin (ZIB)

External libraries: 
  Readline 8.1         GNU library for command line editing (gnu.org/s/readline)
  Soplex 7.0.0         Linear Programming Solver developed at Zuse Institute Berlin (soplex.zib.de) [GitHash: 6657fb3b]
  CppAD 20180000.0     Algorithmic Differentiation of C++ algorithms developed by B. Bell (github.com/coin-or/CppAD)
  ZLIB 1.2.13          General purpose compression library by J. Gailly and M. Adler (zlib.net)
  GMP 6.2.1            GNU Multiple Precision Arithmetic Library developed by T. Granlund (gmplib.org)
  ZIMPL 3.5.3          Zuse Institute Mathematical Programming Language developed by T. Koch (zimpl.zib.de)
  AMPL/MP 690e9e7      AMPL .nl file reader library (github.com/ampl/mp)
  PaPILO 2.2.0         parallel presolve for integer and linear optimization (github.com/scipopt/papilo) (built with TBB) [GitHash: df30ae49]
  bliss 0.77           Computing Graph Automorphisms by T. Junttila and P. Kaski (users.aalto.fi/~tjunttil/bliss)
  sassy 1.1            Symmetry preprocessor by Markus Anders (github.com/markusa4/sassy)
  Ipopt 3.14.14        Interior Point Optimizer developed by A. Waechter et.al. (github.com/coin-or/Ipopt)

reading user parameter file <scip.set>
===========================

limits/time = 10800

read problem </tmp/tmphugixm0c.pyomo.nl>
============

original problem has 501 variables (0 bin, 500 int, 0 impl, 1 cont) and 501 constraints

solve problem
=============

  [linear] <lc191>:  +0.0973122878<i0>[I] (+3) -0.0359147981<i1>[I] (+4) +0.0170136881<i2>[I] (-6) +0.0685188778<i3>[I] (-1) -0.0757386834<i4>[I] (-1) -0.0280523348<i5>[I] (-2) +0.138722088<i6>[I] (+4) +0.123868278<i7>[I] (-2) -0.194144125<i8>[I] (-10) +0.118187139<i9>[I] (-1) +0.184572968<i10>[I] (-2) -0.166149576<i11>[I] (+3) -0.0770017549<i12>[I] (+5) +0.0808160938<i13>[I] (-1) +0.0309962486<i14>[I] (-2) +0.166121498<i15>[I] (-1) +0.0125042463<i16>[I] (+4) +0.0227856262<i17>[I] (-1) -0.0777191542<i18>[I] (-1) +0.187035342<i19>[I] (+4) +0.0637325962<i20>[I] (-2) +0.202316769<i21>[I] (+4) -0.0494470962<i22>[I] (+4) -0.0205254154<i23>[I] (+0) +0.123700973<i24>[I] (-1) -0.263981144<i25>[I] (-2) -0.0428250002<i26>[I] (-3) -0.11964119<i27>[I] (-2) +0.0625025403<i28>[I] (-7) -0.0828711942<i29>[I] (-2) +0.00679880635<i30>[I] (-2) +0.195405838<i31>[I] (+3) -0.162428241<i32>[I] (+1) -0.0316519149<i33>[I] (+5) +0.0417608524<i34>[I] (-1) -0.0231541818<i35>[I] (-1) +0.163133<i36>[I] (-1) -7.12246553e-05<i37>[I] (-6) +0.128693468<i38>[I] (-1) +0.00069368409<i39>[I] (-1) +0.0265791766<i40>[I] (+1) -0.0763945337<i41>[I] (+7) +0.0956548335<i42>[I] (-2) -0.0438843218<i43>[I] (-2) +0.0676539842<i44>[I] (-1) -0.0848285266<i45>[I] (+5) +0.0755074925<i46>[I] (-1) -0.0838846421<i47>[I] (-1) -0.180066208<i48>[I] (+0) +0.169642082<i49>[I] (-2) -0.230988137<i50>[I] (-1) -0.154759965<i51>[I] (-1) +0.055809454<i52>[I] (+5) -0.138556335<i53>[I] (+0) -0.182277519<i54>[I] (-2) +0.111020467<i55>[I] (+4) -0.0597909609<i56>[I] (-1) -0.0669897198<i57>[I] (+5) -0.0257943854<i58>[I] (+4) -0.0181502479<i59>[I] (-1) -0.0498996635<i60>[I] (-2) -0.0574629397<i61>[I] (+0) +0.0197585388<i62>[I] (-1) +0.0372393192<i63>[I] (-1) -0.172047317<i64>[I] (-1) -0.17474107<i65>[I] (+0) -0.010790437<i66>[I] (-2) -0.0604092987<i67>[I] (+0) -0.121564316<i68>[I] (+0) +0.0560951747<i69>[I] (-1) +0.181258444<i70>[I] (-2) -0.0076480102<i71>[I] (+3) +0.0133346912<i72>[I] (-1) -0.131417122<i73>[I] (-6) +0.0733214126<i74>[I] (-1) +0.110960895<i75>[I] (+5) -0.0452749374<i76>[I] (-1) +0.0104138775<i77>[I] (-1) -0.150417483<i78>[I] (-1) +0.10715565<i79>[I] (-1) -0.11827802<i80>[I] (+5) -0.0503755423<i81>[I] (-1) -0.0665703873<i82>[I] (+2) -0.000229463958<i83>[I] (-1) +0.0605692528<i84>[I] (-2) -0.140074721<i85>[I] (-1) -0.0565035643<i86>[I] (+3) +0.19014485<i87>[I] (+5) +0.134514864<i88>[I] (-1) -0.0906299615<i89>[I] (-2) +0.141216131<i90>[I] (+1) -0.00858604231<i91>[I] (-2) -0.00155284488<i92>[I] (-1) -0.054261202<i93>[I] (+4) +0.0141402071<i94>[I] (+4) -0.0161300264<i95>[I] (+3) +0.0259662706<i96>[I] (-3) -0.0430856153<i97>[I] (+3) -0.130752909<i98>[I] (-2) +0.0640776782<i99>[I] (-1) -0.0359839015<i100>[I] (-1) +0.00707897857<i101>[I] (+4) +0.0797682908<i102>[I] (-2) -0.00407488891<i103>[I] (-1) -0.0564768102<i104>[I] (+4) -0.0274773311<i105>[I] (-8) +0.0593681131<i106>[I] (+4) +0.0164272768<i107>[I] (-1) +0.199914116<i108>[I] (-2) +0.0178756126<i109>[I] (-4) +0.0611404424<i110>[I] (+4) +0.113574817<i111>[I] (+1) +0.113386667<i112>[I] (-1) -0.0426538577<i113>[I] (+5) -0.0370023919<i114>[I] (+4) -0.178450499<i115>[I] (+0) -0.158499199<i116>[I] (-2) +0.119601571<i117>[I] (+4) +0.162804414<i118>[I] (-1) -0.0974295655<i119>[I] (-2) -0.0337443713<i120>[I] (-1) -0.0172180583<i121>[I] (+4) -0.091783841<i122>[I] (+5) -0.147526572<i123>[I] (-2) +0.157733411<i124>[I] (-1) +0.181631071<i125>[I] (-3) -0.140451434<i126>[I] (-2) -0.0130639093<i127>[I] (+4) +0.144330817<i128>[I] (-2) -0.124595112<i129>[I] (-1) +0.0414535858<i130>[I] (-1) +0.0885336896<i131>[I] (+5) +0.072617738<i132>[I] (-4) +0.0160633731<i133>[I] (-1) -0.0439454401<i134>[I] (-2) -0.0844772645<i135>[I] (-1) -0.0563600769<i136>[I] (-2) -0.0804183194<i137>[I] (-7) +0.0347571378<i138>[I] (-5) -0.108839111<i139>[I] (-1) -0.0365655958<i140>[I] (+6) +0.0724872853<i141>[I] (-1) -0.0729218686<i142>[I] (-2) -0.0617877786<i143>[I] (-1) -0.0175793614<i144>[I] (+1) +0.0103932326<i145>[I] (-2) +0.097324881<i146>[I] (+3) +0.0275127174<i147>[I] (-1) +0.0891869962<i148>[I] (-1) +0.0372809554<i149>[I] (-1) +0.0401782309<i150>[I] (-1) +0.0526907942<i151>[I] (-8) -0.141739155<i152>[I] (-2) +0.0509024762<i153>[I] (+0) -0.0536900284<i154>[I] (+6) -0.0737685257<i155>[I] (-1) +0.000374093129<i156>[I] (-7) +0.0463165365<i157>[I] (-2) +0.123040235<i158>[I] (+0) -0.225824523<i159>[I] (-1) -0.019121117<i160>[I] (+4) +0.0671865759<i161>[I] (-1) -0.0912375807<i162>[I] (-1) -0.235185678<i163>[I] (+1) +0.141531099<i164>[I] (-1) +0.0775305058<i165>[I] (+4) +0.0400164676<i166>[I] (+4) +0.119332267<i167>[I] (-7) +0.135630974<i168>[I] (+0) +0.127246408<i169>[I] (-1) +0.0807999006<i170>[I] (-1) -0.093353351<i171>[I] (+3) -0.00976645046<i172>[I] (-1) +0.0162121162<i173>[I] (-2) +0.0725193689<i174>[I] (-8) +0.0373258347<i175>[I] (-2) +0.116732546<i176>[I] (-2) -0.0768830633<i177>[I] (+1) -0.174058737<i178>[I] (+5) -0.176431994<i179>[I] (-2) +0.109161127<i180>[I] (-1) +0.211227607<i181>[I] (-1) +0.166678885<i182>[I] (-1) +0.110081085<i183>[I] (+4) -0.00140817765<i184>[I] (-1) -0.0879381149<i185>[I] (-2) +0.161811461<i186>[I] (+4) -0.108847535<i187>[I] (-1) +0.0352472897<i188>[I] (-7) +0.0930707906<i189>[I] (+4) -0.0658250743<i190>[I] (-2) +0.163766183<i191>[I] (+4) +0.155046601<i192>[I] (+4) +0.0485134851<i193>[I] (-2) -0.156142247<i194>[I] (-2) -0.000474980878<i195>[I] (-1) -0.0188137024<i196>[I] (+0) +0.0896003019<i197>[I] (-2) +0.137746448<i198>[I] (-1) -0.0882934426<i199>[I] (+5) +0.179397465<i200>[I] (-2) -0.0627436148<i201>[I] (-1) +0.0489835638<i202>[I] (-1) +0.0404872873<i203>[I] (-1) -0.0696826903<i204>[I] (-2) -0.15681903<i205>[I] (-2) +0.0929759518<i206>[I] (-1) -0.130698389<i207>[I] (+4) +0.0380916699<i208>[I] (-1) +0.104034734<i209>[I] (+5) -0.0243285942<i210>[I] (+1) -0.0271739761<i211>[I] (+4) -0.0169551645<i212>[I] (+4) -0.0667448937<i213>[I] (+4) +0.0262426549<i214>[I] (-2) +0.0807943586<i215>[I] (+5) -0.15676501<i216>[I] (+5) -0.0182435593<i217>[I] (+5) -0.116231355<i218>[I] (-2) -0.032887753<i219>[I] (-2) +0.231596181<i220>[I] (-1) +0.0125748795<i221>[I] (+4) +0.0572705433<i222>[I] (+0) -0.145701243<i223>[I] (-1) -0.0798698475<i224>[I] (-1) +0.131524844<i225>[I] (-1) -0.0559522159<i226>[I] (-2) +0.0486998771<i227>[I] (+1) +0.0865571318<i228>[I] (-2) +0.138990508<i229>[I] (-1) +0.0793900002<i230>[I] (+5) +0.0100623855<i231>[I] (-1) +0.0166239287<i232>[I] (-2) +0.134709693<i233>[I] (-2) +0.0695634783<i234>[I] (-2) +0.000410955036<i235>[I] (-3) +0.0589693058<i236>[I] (-1) +0.0859198727<i237>[I] (-1) +0.0854141913<i238>[I] (-1) +0.0760640819<i239>[I] (-1) -0.103308289<i240>[I] (+0) -0.00175647992<i241>[I] (+4) +0.00915809755<i242>[I] (+4) +0.12632239<i243>[I] (+4) -0.0484106169<i244>[I] (+5) -0.0394717174<i245>[I] (-1) -0.114683891<i246>[I] (+1) -0.081962535<i247>[I] (-2) -0.121422907<i248>[I] (-2) -0.140810122<i249>[I] (-2) -0.019769991<i250>[I] (-2) +0.0696741941<i251>[I] (-1) +0.00419390007<i252>[I] (+5) -0.0260048313<i253>[I] (-1) +0.105223315<i254>[I] (-2) -0.0156009465<i255>[I] (-1) +0.0308937936<i256>[I] (+0) -0.0341435123<i257>[I] (-2) +0.00602241029<i258>[I] (-1) -0.0136260078<i259>[I] (+4) +0.0220670029<i260>[I] (-1) -0.0234125745<i261>[I] (-1) -0.0690223549<i262>[I] (-1) -0.0433143262<i263>[I] (-2) +0.0567353301<i264>[I] (-2) +0.180422823<i265>[I] (-2) -0.0226304108<i266>[I] (-2) +0.0303877208<i267>[I] (-1) -0.113125471<i268>[I] (-2) -0.130541665<i269>[I] (+5) -0.179019193<i270>[I] (+0) -0.0827104091<i271>[I] (+5) -0.210175154<i272>[I] (-2) -0.0795574179<i273>[I] (+0) +0.0473097267<i274>[I] (-2) +0.191115978<i275>[I] (-2) +0.0361489504<i276>[I] (-7) +0.0070905372<i277>[I] (-2) +0.0764778653<i278>[I] (+3) +0.0529087098<i279>[I] (+4) -0.0109764921<i280>[I] (+5) +0.0635957184<i281>[I] (-1) -0.00518691788<i282>[I] (-1) +0.16821579<i283>[I] (-1) -0.05559187<i284>[I] (-1) -0.10376378<i285>[I] (-1) +0.0802202657<i286>[I] (+4) -0.0564978309<i287>[I] (-2) +0.0721199224<i288>[I] (+0) +0.130209508<i289>[I] (+0) -0.0615155504<i290>[I] (+0) -0.040564155<i291>[I] (+4) -0.0852058824<i292>[I] (+4) -0.0106980511<i293>[I] (-1) -0.0330427125<i294>[I] (-1) +0.161662805<i295>[I] (+5) -0.0889218046<i296>[I] (+4) -0.134077356<i297>[I] (-1) +0.0121875948<i298>[I] (+4) +0.023757276<i299>[I] (-2) -0.0331862619<i300>[I] (-1) -0.0747147464<i301>[I] (-2) -0.0333243707<i302>[I] (-1) +0.0967802162<i303>[I] (+5) -0.0289028837<i304>[I] (+4) +0.0563551212<i305>[I] (-1) -0.0150001272<i306>[I] (-1) -0.00300069234<i307>[I] (+4) -0.086116359<i308>[I] (-3) +0.0381914942<i309>[I] (-1) -0.0315045861<i310>[I] (+5) -0.162249509<i311>[I] (-3) -0.133005792<i312>[I] (-2) -0.0106528995<i313>[I] (+5) +0.00282316397<i314>[I] (-1) -0.0799697425<i315>[I] (+4) +0.148629548<i316>[I] (-7) -0.171951972<i317>[I] (+4) -0.0561979278<i318>[I] (+0) -0.0163533939<i319>[I] (-2) +0.0354107213<i320>[I] (-1) -0.198563093<i321>[I] (-5) -0.117497691<i322>[I] (-1) -0.146075932<i323>[I] (+3) -0.00813544083<i324>[I] (+0) -0.000929413046<i325>[I] (-7) -0.0830501029<i326>[I] (+4) +0.0738079532<i327>[I] (-2) -0.0679968589<i328>[I] (+5) +0.00940406887<i329>[I] (-1) +0.0526910571<i330>[I] (+4) -0.0726295343<i331>[I] (+5) +0.0405361394<i332>[I] (-1) +0.0638461518<i333>[I] (-2) +0.153843515<i334>[I] (-1) -0.0566509875<i335>[I] (-1) +0.131505732<i336>[I] (-2) +0.0227102195<i337>[I] (-1) +0.143083521<i338>[I] (+0) -0.0266156592<i339>[I] (-2) +0.0791272191<i340>[I] (-2) +0.0115104783<i341>[I] (+4) +0.0488188375<i342>[I] (-1) +0.0629175896<i343>[I] (-1) +0.0395462221<i344>[I] (+5) +0.100456872<i345>[I] (-3) +0.166072754<i346>[I] (-1) +0.00094867959<i347>[I] (+2) +0.0489900789<i348>[I] (-2) -0.095749111<i349>[I] (+2) +0.10060098<i350>[I] (-1) +0.0326594621<i351>[I] (-2) -0.059361509<i352>[I] (-1) -0.0860475009<i353>[I] (-2) -0.155300631<i354>[I] (-1) +0.0151435841<i355>[I] (-7) +0.125811221<i356>[I] (+5) +0.0331037904<i357>[I] (+0) -0.0375392597<i358>[I] (-8) -0.0994495657<i359>[I] (-1) -0.0721683237<i360>[I] (-1) -0.0772549644<i361>[I] (-1) +0.0998766206<i362>[I] (-1) -0.0850523913<i363>[I] (-1) -0.037962183<i364>[I] (-1) -0.0569257937<i365>[I] (+2) +0.0239621026<i366>[I] (+3) +0.00671540288<i367>[I] (+0) -0.0123497<i368>[I] (+3) -0.121084141<i369>[I] (-2) -0.0283431348<i370>[I] (-8) +0.061336595<i371>[I] (+5) +0.0314262852<i372>[I] (-2) +0.128740744<i373>[I] (-8) +0.14503233<i374>[I] (-1) -0.0347893111<i375>[I] (-7) +0.100810272<i376>[I] (+5) +0.0406684269<i377>[I] (+5) +0.0859788753<i378>[I] (-2) +0.0998313962<i379>[I] (-2) +0.040200187<i380>[I] (-1) +0.0222560678<i381>[I] (+3) -0.015359736<i382>[I] (-1) +0.0697465092<i383>[I] (+0) +0.094560523<i384>[I] (-2) -0.16254095<i385>[I] (-8) +0.010023021<i386>[I] (-1) +0.0259594203<i387>[I] (-1) -0.0594489319<i388>[I] (-1) +0.0120774606<i389>[I] (-7) -0.00977312292<i390>[I] (-1) -0.0196196588<i391>[I] (-5) -0.032095051<i392>[I] (+4) -0.00627034854<i393>[I] (-2) -0.0477309321<i394>[I] (+4) -0.0242353889<i395>[I] (+11) +0.0481052288<i396>[I] (+3) -0.159659251<i397>[I] (-1) +0.0215262899<i398>[I] (-1) +0.11326535<i399>[I] (-1) -0.15709112<i400>[I] (-7) +0.0354105872<i401>[I] (+5) +0.0401419962<i402>[I] (-3) +0.0969970698<i403>[I] (-1) +0.0351808595<i404>[I] (+4) -0.0727021766<i405>[I] (+4) -0.0185065684<i406>[I] (-7) -0.108818507<i407>[I] (-2) -0.0491519909<i408>[I] (+2) -0.206269254<i409>[I] (+4) +0.0429938981<i410>[I] (+4) -0.10778991<i411>[I] (+4) -0.0869554092<i412>[I] (+4) -0.0213088414<i413>[I] (+3) -0.104808071<i414>[I] (-3) +0.247104379<i415>[I] (-1) -0.115927188<i416>[I] (-3) +0.0495105366<i417>[I] (-2) -0.0022760783<i418>[I] (+5) -0.133870794<i419>[I] (-1) -0.0459875924<i420>[I] (-1) +0.0885590699<i421>[I] (-4) -0.0990835009<i422>[I] (-2) +0.200993034<i423>[I] (+5) -0.0766289689<i424>[I] (+10) -0.00838170712<i425>[I] (-1) +0.105265291<i426>[I] (-1) -0.0881646151<i427>[I] (-7) -0.0804168711<i428>[I] (-2) -0.0752275055<i429>[I] (-2) +0.0886908984<i430>[I] (-2) +0.02887969<i431>[I] (-2) +0.0589962127<i432>[I] (+5) -0.0518285935<i433>[I] (+5) +0.110158836<i434>[I] (+1) +0.0580798635<i435>[I] (-2) -0.0250454513<i436>[I] (-1) +0.147541383<i437>[I] (-2) +0.0212805247<i438>[I] (+5) -0.0238113128<i439>[I] (-1) -0.14203155<i440>[I] (-2) -0.0213616586<i441>[I] (-1) +0.0248731614<i442>[I] (-2) -0.0289907924<i443>[I] (+4) -0.0290952739<i444>[I] (+3) -0.000214182229<i445>[I] (-8) -0.0254572573<i446>[I] (+2) +0.166854915<i447>[I] (-7) +0.143481308<i448>[I] (+0) -0.0922308484<i449>[I] (+2) -0.0132001605<i450>[I] (+0) -0.0170321017<i451>[I] (-2) +0.028690997<i452>[I] (+4) +0.101038531<i453>[I] (-8) +0.0784928873<i454>[I] (-2) -0.116750398<i455>[I] (-1) +0.180297843<i456>[I] (-1) +0.032139344<i457>[I] (-1) +0.0839779035<i458>[I] (-2) -0.196376286<i459>[I] (+1) +0.156508232<i460>[I] (+3) -0.00971713177<i461>[I] (-7) -0.097211188<i462>[I] (+0) +0.0250311302<i463>[I] (-1) -0.0493657856<i464>[I] (-1) +0.0962162178<i465>[I] (-1) +0.0106975838<i466>[I] (+0) +0.0802968911<i467>[I] (+6) -0.108810022<i468>[I] (-2) -0.135189344<i469>[I] (-1) +0.142976205<i470>[I] (-6) -0.137720504<i471>[I] (+5) +0.117350627<i472>[I] (-2) -0.0476916056<i473>[I] (-1) -0.0853605786<i474>[I] (+5) -0.200064938<i475>[I] (+5) -0.0576708647<i476>[I] (-1) -0.0913820805<i477>[I] (-1) +0.0359459735<i478>[I] (+5) +0.0817074707<i479>[I] (-1) +0.052951321<i480>[I] (-1) -0.0929969656<i481>[I] (-1) +0.133156099<i482>[I] (-1) +0.0128343037<i483>[I] (-8) -0.00146143107<i484>[I] (+2) +0.0958048065<i485>[I] (+2) -0.0872074352<i486>[I] (-2) -0.178926047<i487>[I] (-3) +0.0881080108<i488>[I] (+5) +0.131402823<i489>[I] (+4) +0.103164726<i490>[I] (+5) +0.0824175728<i491>[I] (-1) +0.134455684<i492>[I] (-2) -0.0043660837<i493>[I] (-3) -0.0970361486<i494>[I] (-2) -0.187151231<i495>[I] (-2) +0.211750286<i496>[I] (-6) +0.0471319088<i497>[I] (+10) -0.109621893<i498>[I] (-1) -0.0823934504<i499>[I] (+3) <= -0.945351362228394;
;
violation: right hand side is violated by 0.0911363988280235
all 1 solutions given by solution candidate storage are infeasible

presolving:
   (0.1s) symmetry computation started: requiring (bin +, int +, cont +), (fixed: bin -, int -, cont -)
   (0.2s) no symmetry present (symcode time: 0.02)
presolving (1 rounds: 1 fast, 1 medium, 1 exhaustive):
 0 deleted vars, 0 deleted constraints, 0 added constraints, 1 tightened bounds, 0 added holes, 0 changed sides, 0 changed coefficients
 0 implications, 0 cliques
presolved problem has 501 variables (0 bin, 500 int, 0 impl, 1 cont) and 501 constraints
    500 constraints of type <linear>
      1 constraints of type <nonlinear>
Presolving Time: 0.18

 time | node  | left  |LP iter|LP it/n|mem/heur|mdpt |vars |cons |rows |cuts |sepa|confs|strbr|  dualbound   | primalbound  |  gap   | compl. 
  1.8s|     1 |     0 |   359 |     - |   138M |   0 |1502 | 501 |1501 |   0 |  0 |   0 |   0 |-2.477245e+01 |      --      |    Inf | unknown
 11.0s|     1 |     0 | 10409 |     - |   139M |   0 |1502 | 501 |1860 | 359 |  1 |   0 |   0 |-2.477245e+01 |      --      |    Inf | unknown
 19.6s|     1 |     0 | 21437 |     - |   151M |   0 |1502 | 501 |2189 | 688 |  2 |   0 |   0 |-2.472088e+01 |      --      |    Inf | unknown
 24.5s|     1 |     0 | 31411 |     - |   167M |   0 |1502 | 501 |2398 | 897 |  3 |   0 |   0 |-2.462815e+01 |      --      |    Inf | unknown
 26.5s|     1 |     0 | 34182 |     - |   177M |   0 |1502 | 501 |2479 | 978 |  4 |   0 |   0 |-2.459898e+01 |      --      |    Inf | unknown
 27.7s|     1 |     0 | 34827 |     - |   191M |   0 |1502 | 501 |2504 |1003 |  5 |   0 |   0 |-2.459697e+01 |      --      |    Inf | unknown
 28.7s|     1 |     0 | 35077 |     - |   204M |   0 |1502 | 501 |2510 |1009 |  6 |   0 |   0 |-2.459666e+01 |      --      |    Inf | unknown
 29.8s|     1 |     0 | 35206 |     - |   212M |   0 |1502 | 501 |2512 |1011 |  7 |   0 |   0 |-2.459654e+01 |      --      |    Inf | unknown
 30.7s|     1 |     0 | 35348 |     - |   224M |   0 |1502 | 501 |2514 |1013 |  8 |   0 |   0 |-2.459645e+01 |      --      |    Inf | unknown
 31.5s|     1 |     0 | 35433 |     - |   227M |   0 |1502 | 501 |2515 |1014 |  9 |   0 |   0 |-2.459642e+01 |      --      |    Inf | unknown
 32.4s|     1 |     0 | 35531 |     - |   252M |   0 |1502 | 501 |2516 |1015 | 10 |   0 |   0 |-2.459640e+01 |      --      |    Inf | unknown
 32.9s|     1 |     0 | 35579 |     - |   252M |   0 |1502 | 501 |1421 |1016 | 11 |   0 |   0 |-2.459639e+01 |      --      |    Inf | unknown
 33.5s|     1 |     0 | 35606 |     - |   252M |   0 |1502 | 501 |1422 |1017 | 12 |   0 |   0 |-2.459639e+01 |      --      |    Inf | unknown
 34.0s|     1 |     0 | 35632 |     - |   252M |   0 |1502 | 501 |1423 |1018 | 13 |   0 |   0 |-2.459638e+01 |      --      |    Inf | unknown
 34.4s|     1 |     0 | 35666 |     - |   252M |   0 |1502 | 501 |1426 |1021 | 14 |   0 |   0 |-2.459638e+01 |      --      |    Inf | unknown
 time | node  | left  |LP iter|LP it/n|mem/heur|mdpt |vars |cons |rows |cuts |sepa|confs|strbr|  dualbound   | primalbound  |  gap   | compl. 
 90.8s|     1 |     2 | 53093 |     - |   252M |   0 |1502 | 501 |1426 |1021 | 14 |   0 |  29 |-2.459596e+01 |      --      |    Inf | unknown
  306s|   100 |   101 |219234 |1854.2 |   263M |  19 |1502 | 501 |1264 |2172 |  2 |   0 | 300 |-2.459596e+01 |      --      |    Inf | unknown
  448s|   200 |   201 |384076 |1750.8 |   264M |  31 |1502 | 501 |1311 |3263 |  2 |   0 | 378 |-2.458621e+01 |      --      |    Inf | unknown
  560s|   300 |   301 |504590 |1568.3 |   265M |  33 |1502 | 501 |1277 |4259 |  2 |   0 | 447 |-2.458323e+01 |      --      |    Inf | unknown
  644s|   400 |   401 |623253 |1472.6 |   260M |  35 |1502 | 501 |1249 |5071 |  2 |   0 | 482 |-2.458312e+01 |      --      |    Inf | unknown
  736s|   500 |   501 |744123 |1419.8 |   257M |  35 |1502 | 501 |1296 |5996 |  2 |   0 | 486 |-2.458312e+01 |      --      |    Inf | unknown
  826s|   600 |   601 |863697 |1382.4 |   258M |  39 |1502 | 501 |1322 |6765 |  2 |   0 | 514 |-2.458179e+01 |      --      |    Inf | unknown
  919s|   700 |   701 |  1003k|1384.2 |   258M |  41 |1502 | 501 |1328 |7685 |  2 |   0 | 528 |-2.458072e+01 |      --      |    Inf | unknown
  997s|   800 |   801 |  1119k|1356.8 |   260M |  41 |1502 | 501 |1311 |8472 |  2 |   0 | 539 |-2.458072e+01 |      --      |    Inf | unknown
 1088s|   900 |   901 |  1272k|1375.9 |   261M |  41 |1502 | 501 |1358 |9589 |  2 |   0 | 562 |-2.458049e+01 |      --      |    Inf | unknown
 1182s|  1000 |  1001 |  1412k|1378.4 |   261M |  43 |1502 | 501 |1448 |  10k|  2 |   0 | 575 |-2.457985e+01 |      --      |    Inf | unknown
 1293s|  1100 |  1101 |  1607k|1429.8 |   262M |  43 |1502 | 501 |1298 |  12k|  3 |   0 | 601 |-2.457985e+01 |      --      |    Inf | unknown
 1375s|  1200 |  1201 |  1757k|1435.8 |   263M |  43 |1502 | 501 |1385 |  13k|  2 |   0 | 601 |-2.457975e+01 |      --      |    Inf | unknown
 1462s|  1300 |  1301 |  1907k|1440.8 |   264M |  43 |1502 | 501 |1471 |  14k|  2 |   0 | 604 |-2.457975e+01 |      --      |    Inf | unknown
 1556s|  1400 |  1401 |  2075k|1458.4 |   266M |  45 |1502 | 501 |1311 |  15k|  2 |   0 | 612 |-2.457957e+01 |      --      |    Inf | unknown
 time | node  | left  |LP iter|LP it/n|mem/heur|mdpt |vars |cons |rows |cuts |sepa|confs|strbr|  dualbound   | primalbound  |  gap   | compl. 
 1651s|  1500 |  1501 |  2248k|1476.0 |   267M |  45 |1502 | 501 |1366 |  16k|  2 |   0 | 617 |-2.457929e+01 |      --      |    Inf | unknown
 1745s|  1600 |  1601 |  2418k|1490.4 |   268M |  45 |1502 | 501 |1379 |  18k|  3 |   0 | 628 |-2.457929e+01 |      --      |    Inf | unknown
 1824s|  1700 |  1701 |  2554k|1482.8 |   269M |  45 |1502 | 501 |1364 |  19k|  2 |   0 | 631 |-2.457718e+01 |      --      |    Inf | unknown
 1937s|  1800 |  1801 |  2752k|1510.1 |   270M |  45 |1502 | 501 |1549 |  20k|  2 |   0 | 658 |-2.457686e+01 |      --      |    Inf | unknown
 2025s|  1900 |  1901 |  2915k|1516.4 |   271M |  47 |1502 | 501 |1440 |  21k|  2 |   0 | 660 |-2.457493e+01 |      --      |    Inf | unknown
 2114s|  2000 |  2001 |  3061k|1513.5 |   273M |  49 |1502 | 501 |1488 |  23k|  2 |   0 | 683 |-2.457447e+01 |      --      |    Inf | unknown
 2217s|  2100 |  2101 |  3251k|1531.9 |   276M |  53 |1502 | 501 |1341 |  24k|  2 |   0 | 687 |-2.457375e+01 |      --      |    Inf | unknown
 2334s|  2200 |  2201 |  3462k|1558.4 |   276M |  53 |1502 | 501 |1231 |  26k|  2 |   0 | 701 |-2.457355e+01 |      --      |    Inf | unknown
 2426s|  2300 |  2301 |  3622k|1560.3 |   277M |  53 |1502 | 501 |1358 |  27k|  2 |   0 | 710 |-2.457321e+01 |      --      |    Inf | unknown
 2525s|  2400 |  2401 |  3799k|1569.1 |   279M |  53 |1502 | 501 |1344 |  28k|  2 |   0 | 718 |-2.457321e+01 |      --      |    Inf | unknown
 2630s|  2500 |  2501 |  3984k|1580.3 |   281M |  53 |1502 | 501 |1411 |  29k|  2 |   0 | 733 |-2.457259e+01 |      --      |    Inf | unknown
 2740s|  2600 |  2601 |  4171k|1591.4 |   282M |  53 |1502 | 501 |1376 |  31k|  2 |   0 | 742 |-2.457191e+01 |      --      |    Inf | unknown
 2844s|  2700 |  2701 |  4357k|1601.1 |   283M |  53 |1502 | 501 |1540 |  32k|  2 |   0 | 753 |-2.457191e+01 |      --      |    Inf | unknown
 2921s|  2800 |  2801 |  4489k|1591.4 |   284M |  53 |1502 | 501 |1394 |  33k|  5 |   0 | 757 |-2.457173e+01 |      --      |    Inf | unknown
 3026s|  2900 |  2901 |  4669k|1598.5 |   286M |  53 |1502 | 501 |1340 |  35k|  4 |   0 | 766 |-2.457158e+01 |      --      |    Inf | unknown
 time | node  | left  |LP iter|LP it/n|mem/heur|mdpt |vars |cons |rows |cuts |sepa|confs|strbr|  dualbound   | primalbound  |  gap   | compl. 
 3126s|  3000 |  3001 |  4850k|1605.6 |   287M |  53 |1502 | 501 |1385 |  36k|  2 |   0 | 773 |-2.457107e+01 |      --      |    Inf | unknown
 3217s|  3100 |  3101 |  5007k|1604.2 |   288M |  55 |1502 | 501 |1317 |  37k|  2 |   0 | 780 |-2.457107e+01 |      --      |    Inf | unknown
 3322s|  3200 |  3201 |  5176k|1607.1 |   288M |  55 |1502 | 501 |1472 |  39k|  2 |   0 | 790 |-2.457107e+01 |      --      |    Inf | unknown
 3423s|  3300 |  3301 |  5354k|1612.1 |   290M |  55 |1502 | 501 |1479 |  40k|  2 |   0 | 793 |-2.457093e+01 |      --      |    Inf | unknown
 3534s|  3400 |  3401 |  5547k|1621.7 |   291M |  55 |1502 | 501 |1438 |  41k|  4 |   0 | 813 |-2.457093e+01 |      --      |    Inf | unknown
 3617s|  3500 |  3501 |  5693k|1617.1 |   291M |  55 |1502 | 501 |1454 |  42k|  2 |   0 | 816 |-2.457093e+01 |      --      |    Inf | unknown
 3705s|  3600 |  3601 |  5848k|1615.1 |   292M |  57 |1502 | 501 |1356 |  44k|  2 |   0 | 827 |-2.457027e+01 |      --      |    Inf | unknown
 3800s|  3700 |  3701 |  6015k|1616.7 |   294M |  57 |1502 | 501 |1497 |  45k|  2 |   0 | 834 |-2.456906e+01 |      --      |    Inf | unknown
 3908s|  3800 |  3801 |  6216k|1626.9 |   295M |  59 |1502 | 501 |1437 |  46k|  2 |   0 | 838 |-2.456906e+01 |      --      |    Inf | unknown
 3998s|  3900 |  3901 |  6370k|1624.6 |   297M |  59 |1502 | 501 |1306 |  47k|  2 |   0 | 851 |-2.456906e+01 |      --      |    Inf | unknown
 4085s|  4000 |  4001 |  6523k|1622.4 |   298M |  59 |1502 | 501 |1331 |  49k|  2 |   0 | 853 |-2.456880e+01 |      --      |    Inf | unknown
 4202s|  4100 |  4101 |  6745k|1636.9 |   300M |  59 |1502 | 501 |1433 |  50k|  2 |   0 | 866 |-2.456880e+01 |      --      |    Inf | unknown
 4292s|  4200 |  4201 |  6904k|1635.7 |   301M |  59 |1502 | 501 |1477 |  51k|  2 |   0 | 867 |-2.456880e+01 |      --      |    Inf | unknown
 4408s|  4300 |  4301 |  7111k|1646.0 |   302M |  59 |1502 | 501 |1554 |  53k|  2 |   0 | 882 |-2.456880e+01 |      --      |    Inf | unknown
 4511s|  4400 |  4401 |  7302k|1652.0 |   303M |  59 |1502 | 501 |1377 |  54k|  2 |   0 | 889 |-2.456856e+01 |      --      |    Inf | unknown
 time | node  | left  |LP iter|LP it/n|mem/heur|mdpt |vars |cons |rows |cuts |sepa|confs|strbr|  dualbound   | primalbound  |  gap   | compl. 
 4598s|  4500 |  4501 |  7461k|1650.7 |   304M |  59 |1502 | 501 |1401 |  55k|  5 |   0 | 893 |-2.456856e+01 |      --      |    Inf | unknown
 4723s|  4600 |  4601 |  7680k|1662.3 |   307M |  59 |1502 | 501 |1507 |  56k|  4 |   0 | 905 |-2.456856e+01 |      --      |    Inf | unknown
 4823s|  4700 |  4701 |  7869k|1667.2 |   308M |  61 |1502 | 501 |1501 |  58k|  4 |   0 | 908 |-2.456820e+01 |      --      |    Inf | unknown
 4900s|  4800 |  4801 |  8003k|1660.2 |   308M |  61 |1502 | 501 |1477 |  59k|  4 |   0 | 916 |-2.456813e+01 |      --      |    Inf | unknown
 4997s|  4900 |  4901 |  8174k|1661.4 |   309M |  61 |1502 | 501 |1365 |  60k|  4 |   0 | 919 |-2.456813e+01 |      --      |    Inf | unknown
 5096s|  5000 |  5001 |  8348k|1663.0 |   309M |  65 |1502 | 501 |1353 |  61k|  2 |   0 | 922 |-2.456804e+01 |      --      |    Inf | unknown
 5185s|  5100 |  5101 |  8503k|1660.7 |   310M |  65 |1502 | 501 |1296 |  62k|  2 |   0 | 935 |-2.456768e+01 |      --      |    Inf | unknown
 5281s|  5200 |  5201 |  8678k|1662.5 |   311M |  65 |1502 | 501 |1575 |  63k|  4 |   0 | 936 |-2.456768e+01 |      --      |    Inf | unknown
 5359s|  5300 |  5301 |  8814k|1656.6 |   311M |  65 |1502 | 501 |1357 |  64k|  2 |   0 | 937 |-2.456725e+01 |      --      |    Inf | unknown
 5449s|  5400 |  5401 |  8976k|1656.1 |   312M |  65 |1502 | 501 |1516 |  66k|  3 |   0 | 943 |-2.456680e+01 |      --      |    Inf | unknown
 5546s|  5500 |  5501 |  9143k|1656.3 |   314M |  65 |1502 | 501 |1545 |  67k|  2 |   0 | 945 |-2.456680e+01 |      --      |    Inf | unknown
 5651s|  5600 |  5601 |  9327k|1659.5 |   314M |  65 |1502 | 501 |1504 |  68k|  2 |   0 | 955 |-2.456676e+01 |      --      |    Inf | unknown
 5764s|  5700 |  5701 |  9531k|1666.2 |   314M |  69 |1502 | 501 |1517 |  70k|  2 |   0 | 959 |-2.456655e+01 |      --      |    Inf | unknown
 5860s|  5800 |  5801 |  9709k|1668.2 |   315M |  69 |1502 | 501 |1337 |  71k|  2 |   0 | 961 |-2.456655e+01 |      --      |    Inf | unknown
 5974s|  5900 |  5901 |  9922k|1676.0 |   316M |  69 |1502 | 501 |1361 |  72k|  2 |   0 | 969 |-2.456638e+01 |      --      |    Inf | unknown
 time | node  | left  |LP iter|LP it/n|mem/heur|mdpt |vars |cons |rows |cuts |sepa|confs|strbr|  dualbound   | primalbound  |  gap   | compl. 
 6070s|  6000 |  6001 | 10090k|1676.0 |   316M |  69 |1502 | 501 |1624 |  74k|  1 |   0 | 972 |-2.456638e+01 |      --      |    Inf | unknown
 6177s|  6100 |  6101 | 10284k|1680.5 |   317M |  69 |1502 | 501 |1496 |  75k|  2 |   0 | 978 |-2.456611e+01 |      --      |    Inf | unknown
 6268s|  6200 |  6201 | 10447k|1679.6 |   317M |  69 |1502 | 501 |1395 |  76k|  2 |   0 | 979 |-2.456611e+01 |      --      |    Inf | unknown
 6352s|  6300 |  6301 | 10598k|1676.8 |   318M |  69 |1502 | 501 |1309 |  77k|  2 |   0 | 985 |-2.456589e+01 |      --      |    Inf | unknown
 6463s|  6400 |  6401 | 10803k|1682.7 |   320M |  69 |1502 | 501 |1601 |  79k|  1 |   0 | 992 |-2.456589e+01 |      --      |    Inf | unknown
 6554s|  6500 |  6501 | 10963k|1681.5 |   320M |  69 |1502 | 501 |1588 |  80k|  2 |   0 | 994 |-2.456573e+01 |      --      |    Inf | unknown
 6655s|  6600 |  6601 | 11144k|1683.4 |   322M |  69 |1502 | 501 |1393 |  81k|  2 |   0 |1006 |-2.456572e+01 |      --      |    Inf | unknown
 6748s|  6700 |  6701 | 11312k|1683.3 |   322M |  69 |1502 | 501 |1412 |  82k|  2 |   0 |1006 |-2.456572e+01 |      --      |    Inf | unknown
 6848s|  6800 |  6801 | 11495k|1685.5 |   324M |  69 |1502 | 501 |1333 |  84k|  2 |   0 |1011 |-2.456569e+01 |      --      |    Inf | unknown
 6932s|  6900 |  6901 | 11640k|1682.1 |   324M |  69 |1502 | 501 |1521 |  85k|  2 |   0 |1020 |-2.456569e+01 |      --      |    Inf | unknown
 7028s|  7000 |  7001 | 11814k|1683.0 |   324M |  69 |1502 | 501 |1511 |  86k|  2 |   0 |1023 |-2.456559e+01 |      --      |    Inf | unknown
 7130s|  7100 |  7101 | 12010k|1686.8 |   325M |  69 |1502 | 501 |1321 |  87k|  2 |   0 |1026 |-2.456559e+01 |      --      |    Inf | unknown
 7212s|  7200 |  7201 | 12156k|1683.7 |   326M |  69 |1502 | 501 |1425 |  89k|  2 |   0 |1032 |-2.456521e+01 |      --      |    Inf | unknown
 7303s|  7300 |  7301 | 12326k|1684.0 |   327M |  69 |1502 | 501 |1569 |  90k|  2 |   0 |1033 |-2.456521e+01 |      --      |    Inf | unknown
 7400s|  7400 |  7401 | 12499k|1684.5 |   327M |  69 |1502 | 501 |1525 |  91k|  2 |   0 |1039 |-2.456512e+01 |      --      |    Inf | unknown
 time | node  | left  |LP iter|LP it/n|mem/heur|mdpt |vars |cons |rows |cuts |sepa|confs|strbr|  dualbound   | primalbound  |  gap   | compl. 
 7487s|  7500 |  7501 | 12654k|1682.7 |   328M |  69 |1502 | 501 |1402 |  92k|  2 |   0 |1048 |-2.456504e+01 |      --      |    Inf | unknown
 7587s|  7600 |  7601 | 12850k|1686.3 |   328M |  69 |1502 | 501 |1424 |  93k|  3 |   0 |1049 |-2.456504e+01 |      --      |    Inf | unknown
 7667s|  7700 |  7701 | 12996k|1683.4 |   329M |  69 |1502 | 501 |1316 |  95k|  2 |   0 |1052 |-2.456478e+01 |      --      |    Inf | unknown
 7763s|  7800 |  7801 | 13159k|1682.7 |   330M |  69 |1502 | 501 |1584 |  96k|  2 |   0 |1062 |-2.456478e+01 |      --      |    Inf | unknown
 7867s|  7900 |  7901 | 13351k|1685.7 |   330M |  69 |1502 | 501 |1533 |  97k|  2 |   0 |1063 |-2.456466e+01 |      --      |    Inf | unknown
 7964s|  8000 |  8001 | 13532k|1687.3 |   331M |  69 |1502 | 501 |1400 |  99k|  2 |   0 |1067 |-2.456466e+01 |      --      |    Inf | unknown
 8049s|  8100 |  8101 | 13677k|1684.4 |   332M |  69 |1502 | 501 |1369 | 100k|  2 |   0 |1073 |-2.456424e+01 |      --      |    Inf | unknown
 8138s|  8200 |  8201 | 13834k|1682.9 |   333M |  69 |1502 | 501 |1532 | 101k|  2 |   0 |1075 |-2.456424e+01 |      --      |    Inf | unknown
 8245s|  8300 |  8301 | 14035k|1686.9 |   333M |  69 |1502 | 501 |1535 | 102k|  2 |   0 |1079 |-2.456406e+01 |      --      |    Inf | unknown
 8356s|  8400 |  8401 | 14232k|1690.3 |   334M |  69 |1502 | 501 |1362 | 104k|  2 |   0 |1093 |-2.456397e+01 |      --      |    Inf | unknown
 8447s|  8500 |  8501 | 14396k|1689.7 |   334M |  69 |1502 | 501 |1382 | 105k|  1 |   0 |1094 |-2.456397e+01 |      --      |    Inf | unknown
 8550s|  8600 |  8601 | 14579k|1691.4 |   335M |  69 |1502 | 501 |1256 | 106k|  2 |   0 |1095 |-2.456379e+01 |      --      |    Inf | unknown
 8647s|  8700 |  8701 | 14750k|1691.6 |   336M |  69 |1502 | 501 |1602 | 108k|  4 |   0 |1106 |-2.456379e+01 |      --      |    Inf | unknown
 8760s|  8800 |  8801 | 14961k|1696.3 |   337M |  69 |1502 | 501 |1433 | 109k|  2 |   0 |1112 |-2.456321e+01 |      --      |    Inf | unknown
 8861s|  8900 |  8901 | 15143k|1697.7 |   338M |  69 |1502 | 501 |1412 | 110k|  3 |   0 |1114 |-2.456321e+01 |      --      |    Inf | unknown
 time | node  | left  |LP iter|LP it/n|mem/heur|mdpt |vars |cons |rows |cuts |sepa|confs|strbr|  dualbound   | primalbound  |  gap   | compl. 
 8955s|  9000 |  9001 | 15312k|1697.6 |   339M |  69 |1502 | 501 |1267 | 111k|  2 |   0 |1123 |-2.456306e+01 |      --      |    Inf | unknown
 9040s|  9100 |  9101 | 15461k|1695.3 |   341M |  69 |1502 | 501 |1537 | 113k|  2 |   0 |1126 |-2.456306e+01 |      --      |    Inf | unknown
 9123s|  9200 |  9201 | 15605k|1692.5 |   341M |  69 |1502 | 501 |1505 | 114k|  3 |   0 |1129 |-2.456296e+01 |      --      |    Inf | unknown
 9217s|  9300 |  9301 | 15773k|1692.5 |   342M |  69 |1502 | 501 |1419 | 115k|  5 |   0 |1129 |-2.456282e+01 |      --      |    Inf | unknown
 9308s|  9400 |  9401 | 15941k|1692.3 |   343M |  69 |1502 | 501 |1433 | 116k|  3 |   0 |1134 |-2.456282e+01 |      --      |    Inf | unknown
 9401s|  9500 |  9501 | 16106k|1691.8 |   343M |  69 |1502 | 501 |1303 | 117k|  2 |   0 |1136 |-2.456281e+01 |      --      |    Inf | unknown
 9487s|  9600 |  9601 | 16261k|1690.4 |   343M |  69 |1502 | 501 |1597 | 119k|  2 |   0 |1140 |-2.456281e+01 |      --      |    Inf | unknown
 9594s|  9700 |  9701 | 16465k|1694.0 |   344M |  69 |1502 | 501 |1426 | 120k|  1 |   0 |1145 |-2.456256e+01 |      --      |    Inf | unknown
 9700s|  9800 |  9801 | 16655k|1696.1 |   345M |  69 |1502 | 501 |1446 | 121k|  4 |   0 |1148 |-2.456256e+01 |      --      |    Inf | unknown
 9797s|  9900 |  9901 | 16842k|1697.8 |   346M |  71 |1502 | 501 |1312 | 122k|  2 |   0 |1149 |-2.456219e+01 |      --      |    Inf | unknown
 9881s| 10000 | 10001 | 16992k|1695.8 |   346M |  71 |1502 | 501 |1497 | 124k|  3 |   0 |1155 |-2.456219e+01 |      --      |    Inf | unknown
 9975s| 10100 | 10101 | 17162k|1695.9 |   346M |  71 |1502 | 501 |1510 | 125k|  2 |   0 |1155 |-2.456219e+01 |      --      |    Inf | unknown
  168m| 10200 | 10201 | 17349k|1697.6 |   346M |  71 |1502 | 501 |1405 | 126k|  3 |   0 |1157 |-2.456145e+01 |      --      |    Inf | unknown
  169m| 10300 | 10301 | 17512k|1696.9 |   348M |  71 |1502 | 501 |1607 | 127k|  5 |   0 |1163 |-2.456145e+01 |      --      |    Inf | unknown
  171m| 10400 | 10401 | 17720k|1700.7 |   348M |  71 |1502 | 501 |1504 | 129k|  2 |   0 |1169 |-2.456145e+01 |      --      |    Inf | unknown
 time | node  | left  |LP iter|LP it/n|mem/heur|mdpt |vars |cons |rows |cuts |sepa|confs|strbr|  dualbound   | primalbound  |  gap   | compl. 
  173m| 10500 | 10501 | 17887k|1700.4 |   349M |  71 |1502 | 501 |1365 | 130k|  2 |   0 |1170 |-2.456145e+01 |      --      |    Inf | unknown
  174m| 10600 | 10601 | 18059k|1700.6 |   349M |  71 |1502 | 501 |1278 | 131k|  3 |   0 |1179 |-2.456132e+01 |      --      |    Inf | unknown
  176m| 10700 | 10701 | 18224k|1700.0 |   350M |  71 |1502 | 501 |1556 | 132k|  2 |   0 |1180 |-2.456132e+01 |      --      |    Inf | unknown
  177m| 10800 | 10801 | 18387k|1699.4 |   350M |  71 |1502 | 501 |1485 | 134k|  3 |   0 |1180 |-2.456132e+01 |      --      |    Inf | unknown
  179m| 10900 | 10901 | 18555k|1699.2 |   350M |  71 |1502 | 501 |1311 | 135k|  1 |   0 |1186 |-2.456132e+01 |      --      |    Inf | unknown

SCIP Status        : solving was interrupted [time limit reached]
Solving Time (sec) : 10800.00
Solving Nodes      : 10968
Primal Bound       : +1.00000000000000e+20 (0 solutions)
Dual Bound         : -2.45612932540730e+01
Gap                : infinite

