Solver command line: ['/cvmfs/soft.computecanada.ca/easybuild/software/2023/x86-64-v4/Compiler/gcc12/scipoptsuite/9.0.0/bin/scip', '/tmp/tmp4ap68z_s.pyomo', '-AMPL']

SCIP version 9.0.0 [precision: 8 byte] [memory: block] [mode: optimized] [LP solver: Soplex 7.0.0] [GitHash: 7205bedd94]
Copyright (c) 2002-2024 Zuse Institute Berlin (ZIB)

External libraries: 
  Readline 8.1         GNU library for command line editing (gnu.org/s/readline)
  Soplex 7.0.0         Linear Programming Solver developed at Zuse Institute Berlin (soplex.zib.de) [GitHash: 6657fb3b]
  CppAD 20180000.0     Algorithmic Differentiation of C++ algorithms developed by B. Bell (github.com/coin-or/CppAD)
  ZLIB 1.2.13          General purpose compression library by J. Gailly and M. Adler (zlib.net)
  GMP 6.2.1            GNU Multiple Precision Arithmetic Library developed by T. Granlund (gmplib.org)
  ZIMPL 3.5.3          Zuse Institute Mathematical Programming Language developed by T. Koch (zimpl.zib.de)
  AMPL/MP 690e9e7      AMPL .nl file reader library (github.com/ampl/mp)
  PaPILO 2.2.0         parallel presolve for integer and linear optimization (github.com/scipopt/papilo) (built with TBB) [GitHash: df30ae49]
  bliss 0.77           Computing Graph Automorphisms by T. Junttila and P. Kaski (users.aalto.fi/~tjunttil/bliss)
  sassy 1.1            Symmetry preprocessor by Markus Anders (github.com/markusa4/sassy)
  Ipopt 3.14.14        Interior Point Optimizer developed by A. Waechter et.al. (github.com/coin-or/Ipopt)

reading user parameter file <scip.set>
===========================

limits/time = 10800

read problem </tmp/tmp4ap68z_s.pyomo.nl>
============

original problem has 501 variables (0 bin, 500 int, 0 impl, 1 cont) and 501 constraints

solve problem
=============

  [linear] <lc347>:  +0.0615364977<i0>[I] (+3) -0.164439743<i1>[I] (+4) +0.0640416868<i2>[I] (-6) -0.0722344877<i3>[I] (-1) +0.122839971<i4>[I] (-1) -0.050276826<i5>[I] (-2) -0.234084945<i6>[I] (+4) +0.0440314358<i7>[I] (-2) -0.043545009<i8>[I] (-10) -0.0157795177<i9>[I] (-1) +0.0128354483<i10>[I] (-2) -0.0586706114<i11>[I] (+3) -0.0102310298<i12>[I] (+5) -0.0648989583<i13>[I] (-1) -0.179864899<i14>[I] (-2) +0.0332633064<i15>[I] (-1) +0.0924967598<i16>[I] (+4) +0.00342572398<i17>[I] (-1) -0.125165646<i18>[I] (-1) -0.132339991<i19>[I] (+4) -0.0322262561<i20>[I] (-2) +0.115318671<i21>[I] (+4) +0.0229220731<i22>[I] (+4) +0.0702056408<i23>[I] (+0) -0.0257142899<i24>[I] (-1) -0.0233512757<i25>[I] (-2) +0.113466575<i26>[I] (-3) +0.0789507846<i27>[I] (-2) -0.203532356<i28>[I] (-7) +0.174348933<i29>[I] (-2) +0.108603979<i30>[I] (-2) -0.0884220527<i31>[I] (+3) +0.0496570371<i32>[I] (+1) -0.0154574015<i33>[I] (+5) +0.0696195208<i34>[I] (-1) -0.0516395962<i35>[I] (-1) -0.136289289<i36>[I] (-1) +0.0758376235<i37>[I] (-6) +0.0932825373<i38>[I] (-1) +0.0561850768<i39>[I] (-1) -0.00113925782<i40>[I] (+1) +0.0010401698<i41>[I] (+7) -0.0790049874<i42>[I] (-2) +0.111984701<i43>[I] (-2) -0.00324699891<i44>[I] (-1) +0.0947815706<i45>[I] (+5) +0.0224197229<i46>[I] (-1) -0.216760496<i47>[I] (-1) -0.0851921048<i48>[I] (+0) -0.0241003667<i49>[I] (-2) +0.103975452<i50>[I] (-1) -0.0334701652<i51>[I] (-1) -0.0829637089<i52>[I] (+5) -0.129294945<i53>[I] (+0) -0.133736155<i54>[I] (-2) +0.0565152102<i55>[I] (+4) +0.158821527<i56>[I] (-1) +0.184976206<i57>[I] (+5) -0.0828944235<i58>[I] (+4) +0.170074651<i59>[I] (-1) -0.121884932<i60>[I] (-2) +0.0598647936<i61>[I] (+0) -0.0374819516<i62>[I] (-1) +0.0399622671<i63>[I] (-1) -0.109287491<i64>[I] (-1) +0.0860935223<i65>[I] (+0) +0.00558237167<i66>[I] (-2) -0.0070799606<i67>[I] (+0) +0.0506261954<i68>[I] (+0) -0.0693933648<i69>[I] (-1) +0.0700187423<i70>[I] (-2) -0.0552784255<i71>[I] (+3) -0.0377207492<i72>[I] (-1) -0.108530673<i73>[I] (-6) -0.019530109<i74>[I] (-1) +0.0168821671<i75>[I] (+5) -0.0533987034<i76>[I] (-1) +0.140773034<i77>[I] (-1) +0.0807908743<i78>[I] (-1) -0.065673845<i79>[I] (-1) -0.000188799651<i80>[I] (+5) +0.16141337<i81>[I] (-1) +0.218118295<i82>[I] (+2) +0.0576453949<i83>[I] (-1) -0.0913240063<i84>[I] (-2) +0.0667811262<i85>[I] (-1) -0.0671206512<i86>[I] (+3) +0.043541429<i87>[I] (+5) +0.0623096735<i88>[I] (-1) +0.0173936355<i89>[I] (-2) +0.0468401871<i90>[I] (+1) -0.00670379819<i91>[I] (-2) -0.125487045<i92>[I] (-1) -0.021392948<i93>[I] (+4) +0.0243312701<i94>[I] (+4) -0.0238841715<i95>[I] (+3) -0.0146232224<i96>[I] (-3) +0.00148729168<i97>[I] (+3) +0.106952623<i98>[I] (-2) -0.304630208<i99>[I] (-1) -0.141310965<i100>[I] (-1) +0.0739178847<i101>[I] (+4) +0.199464084<i102>[I] (-2) +0.017471873<i103>[I] (-1) -0.0851347543<i104>[I] (+4) -0.0651110977<i105>[I] (-8) -0.0717949072<i106>[I] (+4) -0.14843251<i107>[I] (-1) -0.0514925803<i108>[I] (-2) +0.0484867315<i109>[I] (-4) -0.060960198<i110>[I] (+4) -0.0777729856<i111>[I] (+1) +0.094276443<i112>[I] (-1) +0.103293676<i113>[I] (+5) +0.103524709<i114>[I] (+4) +0.0569510716<i115>[I] (+0) -0.1954135<i116>[I] (-2) +0.0787137998<i117>[I] (+4) +0.207352877<i118>[I] (-1) -0.0244573492<i119>[I] (-2) +0.196789853<i120>[I] (-1) -0.0814414201<i121>[I] (+4) -0.186428282<i122>[I] (+5) -0.171735857<i123>[I] (-2) -0.0935257806<i124>[I] (-1) -0.0459723052<i125>[I] (-3) -0.0515400846<i126>[I] (-2) +0.0678220972<i127>[I] (+4) +0.164756282<i128>[I] (-2) -0.05160991<i129>[I] (-1) -0.119106636<i130>[I] (-1) +0.116495774<i131>[I] (+5) -0.00242394085<i132>[I] (-4) -0.115408682<i133>[I] (-1) +0.00257129359<i134>[I] (-2) +0.0479792689<i135>[I] (-1) +0.0044347546<i136>[I] (-2) +0.0868140911<i137>[I] (-7) -0.100011269<i138>[I] (-5) +0.136941583<i139>[I] (-1) +0.154901283<i140>[I] (+6) -0.0411992331<i141>[I] (-1) -0.0461960142<i142>[I] (-2) -0.0421093248<i143>[I] (-1) -0.0343207653<i144>[I] (+1) -0.0959513336<i145>[I] (-2) +0.158741103<i146>[I] (+3) +0.0421429195<i147>[I] (-1) +0.208930794<i148>[I] (-1) -0.029609629<i149>[I] (-1) +0.112623523<i150>[I] (-1) -0.00813356858<i151>[I] (-8) -0.00820550511<i152>[I] (-2) +0.106623375<i153>[I] (+0) -0.0258824697<i154>[I] (+6) -0.0360371083<i155>[I] (-1) +0.0339729312<i156>[I] (-7) +0.0877358807<i157>[I] (-2) -0.141732068<i158>[I] (+0) -0.0081475758<i159>[I] (-1) -0.046819473<i160>[I] (+4) +0.143566754<i161>[I] (-1) -0.11275922<i162>[I] (-1) -0.0371228822<i163>[I] (+1) -0.124410332<i164>[I] (-1) +0.152683472<i165>[I] (+4) +0.0211945016<i166>[I] (+4) +0.0708183511<i167>[I] (-7) +0.188081354<i168>[I] (+0) +0.00603700666<i169>[I] (-1) -0.0798393462<i170>[I] (-1) +0.245555079<i171>[I] (+3) -0.103129367<i172>[I] (-1) -0.146252803<i173>[I] (-2) -0.0164209069<i174>[I] (-8) +0.126633343<i175>[I] (-2) +0.130904344<i176>[I] (-2) -0.0199966727<i177>[I] (+1) -0.0691426872<i178>[I] (+5) +0.0238625185<i179>[I] (-2) -0.0982325528<i180>[I] (-1) +0.0403575378<i181>[I] (-1) +0.0869865358<i182>[I] (-1) -0.0680437352<i183>[I] (+4) -0.0936734086<i184>[I] (-1) -0.0434512548<i185>[I] (-2) +0.0949262495<i186>[I] (+4) -0.0154491135<i187>[I] (-1) -0.036778525<i188>[I] (-7) -0.034023944<i189>[I] (+4) +0.128886199<i190>[I] (-2) -0.0527312511<i191>[I] (+4) -0.0419938195<i192>[I] (+4) +0.134022186<i193>[I] (-2) -0.0495273895<i194>[I] (-2) -0.00685405442<i195>[I] (-1) +0.0783400007<i196>[I] (+0) -0.0261496063<i197>[I] (-2) -0.102283166<i198>[I] (-1) +0.124824308<i199>[I] (+5) -0.0449872312<i200>[I] (-2) -0.0272287515<i201>[I] (-1) -0.0994775811<i202>[I] (-1) +0.00501230808<i203>[I] (-1) +0.0225360242<i204>[I] (-2) -0.0485003528<i205>[I] (-2) +0.0599304179<i206>[I] (-1) -0.142584673<i207>[I] (+4) -0.119272143<i208>[I] (-1) +0.0995119515<i209>[I] (+5) +0.0131525048<i210>[I] (+1) +0.00970885456<i211>[I] (+4) +0.0499386531<i212>[I] (+4) -0.132398883<i213>[I] (+4) +0.00730112919<i214>[I] (-2) +0.168252824<i215>[I] (+5) -0.113818223<i216>[I] (+5) -0.0102607962<i217>[I] (+5) -0.10067575<i218>[I] (-2) -0.119639978<i219>[I] (-2) +0.0782939218<i220>[I] (-1) -0.0120536827<i221>[I] (+4) -0.0323335703<i222>[I] (+0) -0.0449999377<i223>[I] (-1) -0.0495927513<i224>[I] (-1) -0.162783576<i225>[I] (-1) -0.0617168353<i226>[I] (-2) -0.182272418<i227>[I] (+1) -0.0585165853<i228>[I] (-2) -0.0544189377<i229>[I] (-1) +0.128254491<i230>[I] (+5) +0.174861984<i231>[I] (-1) -0.0141395998<i232>[I] (-2) +0.0857455286<i233>[I] (-2) -0.100181172<i234>[I] (-2) +0.0267452908<i235>[I] (-3) +0.00708385482<i236>[I] (-1) +0.0651154713<i237>[I] (-1) -0.0215909341<i238>[I] (-1) -0.162329171<i239>[I] (-1) -0.0849533756<i240>[I] (+0) -0.196328644<i241>[I] (+4) -0.0840187243<i242>[I] (+4) +0.016140028<i243>[I] (+4) -0.0405680891<i244>[I] (+5) -0.0105862159<i245>[I] (-1) -0.00781529153<i246>[I] (+1) -0.146321356<i247>[I] (-2) -0.0331483521<i248>[I] (-2) -0.063936345<i249>[I] (-2) +0.174310103<i250>[I] (-2) +0.055139958<i251>[I] (-1) -0.0814542646<i252>[I] (+5) +0.0582341417<i253>[I] (-1) -0.164780258<i254>[I] (-2) -0.0267707506<i255>[I] (-1) -0.0637469475<i256>[I] (+0) -0.0604725713<i257>[I] (-2) -0.0285223262<i258>[I] (-1) +0.178318888<i259>[I] (+4) -0.16760009<i260>[I] (-1) -0.0771212644<i261>[I] (-1) +0.226524129<i262>[I] (-1) +0.0680567888<i263>[I] (-2) +0.089774985<i264>[I] (-2) -0.185145014<i265>[I] (-2) +0.0545411114<i266>[I] (-2) +0.130918836<i267>[I] (-1) +0.0300713193<i268>[I] (-2) -0.0870038445<i269>[I] (+5) -0.0319677974<i270>[I] (+0) +0.049969874<i271>[I] (+5) +0.257513509<i272>[I] (-2) -0.110917108<i273>[I] (+0) +0.14811502<i274>[I] (-2) +0.194550075<i275>[I] (-2) -0.00156022696<i276>[I] (-7) +0.0655760927<i277>[I] (-2) -0.0251730886<i278>[I] (+3) -0.0570712211<i279>[I] (+4) -0.0624571197<i280>[I] (+5) -0.0695355216<i281>[I] (-1) +0.182963616<i282>[I] (-1) -0.148961139<i283>[I] (-1) +0.12653206<i284>[I] (-1) -0.182360273<i285>[I] (-1) -0.0940128872<i286>[I] (+4) +0.0551652499<i287>[I] (-2) -0.0993997905<i288>[I] (+0) +0.220155537<i289>[I] (+0) +0.041529318<i290>[I] (+0) +0.0449150889<i291>[I] (+4) -0.143164859<i292>[I] (+4) +0.0733394176<i293>[I] (-1) +0.171402145<i294>[I] (-1) +0.16952851<i295>[I] (+5) +0.0354596086<i296>[I] (+4) -0.0648288162<i297>[I] (-1) -0.111496677<i298>[I] (+4) +0.0378554674<i299>[I] (-2) -0.171803449<i300>[I] (-1) -0.0426692578<i301>[I] (-2) +0.126390361<i302>[I] (-1) -0.0255272538<i303>[I] (+5) +0.0617055461<i304>[I] (+4) +0.0910486568<i305>[I] (-1) -0.121147184<i306>[I] (-1) -0.22316466<i307>[I] (+4) -0.0572624711<i308>[I] (-3) -0.150598893<i309>[I] (-1) -0.140933608<i310>[I] (+5) -0.133894632<i311>[I] (-3) -0.102615646<i312>[I] (-2) +0.102812935<i313>[I] (+5) -0.0676735777<i314>[I] (-1) -0.0203834121<i315>[I] (+4) +0.0545589096<i316>[I] (-7) +0.0762227288<i317>[I] (+4) -0.0249391602<i318>[I] (+0) -0.0158919592<i319>[I] (-2) -0.0168572077<i320>[I] (-1) -0.0179355407<i321>[I] (-5) +0.000597556389<i322>[I] (-1) +0.048146074<i323>[I] (+3) -0.300888761<i324>[I] (+0) +0.0575315081<i325>[I] (-7) +0.112651094<i326>[I] (+4) -0.155770645<i327>[I] (-2) -0.0561944317<i328>[I] (+5) +0.0160953636<i329>[I] (-1) +0.098922168<i330>[I] (+4) -0.20405866<i331>[I] (+5) -0.00863005354<i332>[I] (-1) +0.0756220553<i333>[I] (-2) +0.0394211577<i334>[I] (-1) -0.108329395<i335>[I] (-1) -0.0566833274<i336>[I] (-2) +0.129869113<i337>[I] (-1) -0.18880961<i338>[I] (+0) +0.130089627<i339>[I] (-2) -0.169833112<i340>[I] (-2) +0.0666698908<i341>[I] (+4) -0.0938488266<i342>[I] (-1) +0.00675212639<i343>[I] (-1) +0.0197005705<i344>[I] (+5) -0.121439863<i345>[I] (-3) +0.192994768<i346>[I] (-1) +0.0469566269<i347>[I] (+2) +0.0390352574<i348>[I] (-2) -0.0569960622<i349>[I] (+2) -0.022797752<i350>[I] (-1) -0.0482822292<i351>[I] (-2) -0.0459048588<i352>[I] (-1) -0.116382281<i353>[I] (-2) +0.0538288799<i354>[I] (-1) +0.105958274<i355>[I] (-7) +0.0305489308<i356>[I] (+5) -0.0818337205<i357>[I] (+0) -0.0607519459<i358>[I] (-8) -0.0863037163<i359>[I] (-1) +0.0128986043<i360>[I] (-1) +0.0268389431<i361>[I] (-1) +0.222867617<i362>[I] (-1) -0.00809503169<i363>[I] (-1) -0.235324734<i364>[I] (-1) +0.0552959549<i365>[I] (+2) -0.013239259<i366>[I] (+3) -0.113323101<i367>[I] (+0) -0.0740351702<i368>[I] (+3) -0.0641658561<i369>[I] (-2) +0.0868952211<i370>[I] (-8) +0.0343261008<i371>[I] (+5) -0.0580124752<i372>[I] (-2) -0.01772233<i373>[I] (-8) +0.0775845761<i374>[I] (-1) +0.0532863632<i375>[I] (-7) +0.146907592<i376>[I] (+5) +0.135613384<i377>[I] (+5) +0.0294915198<i378>[I] (-2) +0.0573837893<i379>[I] (-2) +0.00722339225<i380>[I] (-1) +0.104721411<i381>[I] (+3) +0.134348551<i382>[I] (-1) -0.0203087054<i383>[I] (+0) +0.0248874096<i384>[I] (-2) +0.113432797<i385>[I] (-8) +0.0491842209<i386>[I] (-1) +0.0624856328<i387>[I] (-1) +0.308768728<i388>[I] (-1) +0.103454987<i389>[I] (-7) -0.196083873<i390>[I] (-1) +0.0346756931<i391>[I] (-5) +0.0321575364<i392>[I] (+4) +0.155066368<i393>[I] (-2) +0.0730281979<i394>[I] (+4) +0.0765003531<i395>[I] (+11) -0.0720595463<i396>[I] (+3) -0.00628950921<i397>[I] (-1) +0.100850133<i398>[I] (-1) -0.0173115732<i399>[I] (-1) -0.00892748589<i400>[I] (-7) +0.0770757648<i401>[I] (+5) +0.103615526<i402>[I] (-3) -0.06362845<i403>[I] (-1) +0.0533935692<i404>[I] (+4) +0.130318665<i405>[I] (+4) +0.0159944561<i406>[I] (-7) +0.00199571066<i407>[I] (-2) +0.0892358705<i408>[I] (+2) -0.0679327669<i409>[I] (+4) +0.10061811<i410>[I] (+4) -0.0782241844<i411>[I] (+4) -0.041983808<i412>[I] (+4) +0.0357783705<i413>[I] (+3) +0.0280338975<i414>[I] (-3) -0.0511759756<i415>[I] (-1) +0.108467365<i416>[I] (-3) -0.0803036354<i417>[I] (-2) +0.0853015879<i418>[I] (+5) -0.0707927522<i419>[I] (-1) +0.0094936562<i420>[I] (-1) +0.0948835691<i421>[I] (-4) +0.0828526897<i422>[I] (-2) -0.0675680617<i423>[I] (+5) +0.0690899199<i424>[I] (+10) +0.0702915614<i425>[I] (-1) +0.100373101<i426>[I] (-1) +0.0627495079<i427>[I] (-7) +0.117325806<i428>[I] (-2) -0.0450699424<i429>[I] (-2) +0.055639689<i430>[I] (-2) +0.136213479<i431>[I] (-2) +0.0147799831<i432>[I] (+5) -0.0379541267<i433>[I] (+5) +0.044216529<i434>[I] (+1) +0.0244782355<i435>[I] (-2) +0.0123455017<i436>[I] (-1) +0.142486026<i437>[I] (-2) -0.0622600537<i438>[I] (+5) +0.161925453<i439>[I] (-1) +0.164754085<i440>[I] (-2) -0.195072942<i441>[I] (-1) -0.00382286972<i442>[I] (-2) +0.0406297944<i443>[I] (+4) -0.0180208848<i444>[I] (+3) +0.0772709687<i445>[I] (-8) -0.159685784<i446>[I] (+2) +0.00356033467<i447>[I] (-7) +0.0760163562<i448>[I] (+0) -0.15215579<i449>[I] (+2) +0.0635201995<i450>[I] (+0) +0.00636569109<i451>[I] (-2) +0.0398877963<i452>[I] (+4) +0.158576169<i453>[I] (-8) -0.0432947484<i454>[I] (-2) +0.0587436485<i455>[I] (-1) +0.042264256<i456>[I] (-1) -0.05015909<i457>[I] (-1) +0.0129781276<i458>[I] (-2) +0.0866539347<i459>[I] (+1) -0.0500208024<i460>[I] (+3) -0.0331792153<i461>[I] (-7) -0.168643749<i462>[I] (+0) -0.00832941319<i463>[I] (-1) +0.0696923684<i464>[I] (-1) -0.0212463391<i465>[I] (-1) -0.0302179969<i466>[I] (+0) -0.0167677407<i467>[I] (+6) +0.0480203385<i468>[I] (-2) -0.139513798<i469>[I] (-1) +0.0950635429<i470>[I] (-6) -0.0394748263<i471>[I] (+5) -0.000285602012<i472>[I] (-2) +0.108358607<i473>[I] (-1) -0.13582818<i474>[I] (+5) +0.184955914<i475>[I] (+5) -0.0737390836<i476>[I] (-1) +0.0191169698<i477>[I] (-1) +0.0666746495<i478>[I] (+5) -0.220179875<i479>[I] (-1) -0.230507628<i480>[I] (-1) +0.0572907036<i481>[I] (-1) +0.0613639073<i482>[I] (-1) -0.0959503232<i483>[I] (-8) -0.0119401129<i484>[I] (+2) +0.0212795879<i485>[I] (+2) -0.0351084689<i486>[I] (-2) +0.0902878896<i487>[I] (-3) -0.100521226<i488>[I] (+5) +0.0297973037<i489>[I] (+4) +0.128863633<i490>[I] (+5) +0.0945000747<i491>[I] (-1) -0.0774657745<i492>[I] (-2) -0.0924782063<i493>[I] (-3) +0.0543944785<i494>[I] (-2) -0.169241094<i495>[I] (-2) -0.118895471<i496>[I] (-6) +0.027664039<i497>[I] (+10) -0.0190483633<i498>[I] (-1) -0.209775135<i499>[I] (+3) <= -0.949659883975983;
;
violation: right hand side is violated by 1.12915875522779
all 1 solutions given by solution candidate storage are infeasible

presolving:
   (0.1s) symmetry computation started: requiring (bin +, int +, cont +), (fixed: bin -, int -, cont -)
   (0.2s) no symmetry present (symcode time: 0.02)
presolving (1 rounds: 1 fast, 1 medium, 1 exhaustive):
 0 deleted vars, 0 deleted constraints, 0 added constraints, 1 tightened bounds, 0 added holes, 0 changed sides, 0 changed coefficients
 0 implications, 0 cliques
presolved problem has 501 variables (0 bin, 500 int, 0 impl, 1 cont) and 501 constraints
    500 constraints of type <linear>
      1 constraints of type <nonlinear>
Presolving Time: 0.18

 time | node  | left  |LP iter|LP it/n|mem/heur|mdpt |vars |cons |rows |cuts |sepa|confs|strbr|  dualbound   | primalbound  |  gap   | compl. 
  1.5s|     1 |     0 |   354 |     - |   138M |   0 |1502 | 501 |1501 |   0 |  0 |   0 |   0 |-2.477245e+01 |      --      |    Inf | unknown
  9.0s|     1 |     0 |  7657 |     - |   139M |   0 |1502 | 501 |1854 | 353 |  1 |   0 |   0 |-2.477245e+01 |      --      |    Inf | unknown
 18.3s|     1 |     0 | 18792 |     - |   150M |   0 |1502 | 501 |2231 | 730 |  2 |   0 |   0 |-2.469883e+01 |      --      |    Inf | unknown
 25.2s|     1 |     0 | 29340 |     - |   164M |   0 |1502 | 501 |2414 | 913 |  3 |   0 |   0 |-2.462658e+01 |      --      |    Inf | unknown
 30.2s|     1 |     0 | 38112 |     - |   174M |   0 |1502 | 501 |2477 | 976 |  4 |   0 |   0 |-2.460772e+01 |      --      |    Inf | unknown
 31.9s|     1 |     0 | 39821 |     - |   191M |   0 |1502 | 501 |2498 | 997 |  5 |   0 |   0 |-2.460642e+01 |      --      |    Inf | unknown
 32.9s|     1 |     0 | 40111 |     - |   207M |   0 |1502 | 501 |2503 |1002 |  6 |   0 |   0 |-2.460621e+01 |      --      |    Inf | unknown
 33.8s|     1 |     0 | 40257 |     - |   211M |   0 |1502 | 501 |2507 |1006 |  7 |   0 |   0 |-2.460616e+01 |      --      |    Inf | unknown
 34.8s|     1 |     0 | 40506 |     - |   223M |   0 |1502 | 501 |2509 |1008 |  8 |   0 |   0 |-2.460611e+01 |      --      |    Inf | unknown
 35.7s|     1 |     0 | 40632 |     - |   244M |   0 |1502 | 501 |2510 |1009 |  9 |   0 |   0 |-2.460608e+01 |      --      |    Inf | unknown
 36.7s|     1 |     0 | 40903 |     - |   252M |   0 |1502 | 501 |2511 |1010 | 10 |   0 |   0 |-2.460604e+01 |      --      |    Inf | unknown
 37.3s|     1 |     0 | 41062 |     - |   252M |   0 |1502 | 501 |1376 |1011 | 11 |   0 |   0 |-2.460603e+01 |      --      |    Inf | unknown
 37.9s|     1 |     0 | 41081 |     - |   252M |   0 |1502 | 501 |1377 |1012 | 12 |   0 |   0 |-2.460602e+01 |      --      |    Inf | unknown
 38.4s|     1 |     0 | 41097 |     - |   253M |   0 |1502 | 501 |1378 |1013 | 13 |   0 |   0 |-2.460602e+01 |      --      |    Inf | unknown
 39.1s|     1 |     0 | 41106 |     - |   253M |   0 |1502 | 501 |1379 |1014 | 14 |   0 |   0 |-2.460602e+01 |      --      |    Inf | unknown
 time | node  | left  |LP iter|LP it/n|mem/heur|mdpt |vars |cons |rows |cuts |sepa|confs|strbr|  dualbound   | primalbound  |  gap   | compl. 
 84.7s|     1 |     2 | 53004 |     - |   253M |   0 |1502 | 501 |1379 |1014 | 14 |   0 |  19 |-2.460568e+01 |      --      |    Inf | unknown
  338s|   100 |   101 |248535 |2095.2 |   262M |  17 |1502 | 501 |1221 |2460 |  2 |   0 | 335 |-2.460568e+01 |      --      |    Inf | unknown
  473s|   200 |   201 |414858 |1878.2 |   264M |  31 |1502 | 501 |1339 |3603 |  2 |   0 | 407 |-2.458537e+01 |      --      |    Inf | unknown
  578s|   300 |   301 |546490 |1690.2 |   266M |  33 |1502 | 501 |1240 |4724 |  2 |   0 | 448 |-2.458513e+01 |      --      |    Inf | unknown
  667s|   400 |   401 |672482 |1582.4 |   261M |  33 |1502 | 501 |1226 |5787 |  2 |   0 | 456 |-2.458303e+01 |      --      |    Inf | unknown
  775s|   500 |   501 |829605 |1580.2 |   262M |  33 |1502 | 501 |1365 |7094 |  2 |   0 | 517 |-2.458253e+01 |      --      |    Inf | unknown
  871s|   600 |   601 |971430 |1553.1 |   263M |  35 |1502 | 501 |1357 |8254 |  2 |   0 | 524 |-2.458136e+01 |      --      |    Inf | unknown
  975s|   700 |   701 |  1116k|1539.1 |   264M |  35 |1502 | 501 |1308 |9440 |  2 |   0 | 556 |-2.458136e+01 |      --      |    Inf | unknown
 1080s|   800 |   801 |  1253k|1517.9 |   264M |  35 |1502 | 501 |1394 |  10k|  3 |   0 | 569 |-2.458124e+01 |      --      |    Inf | unknown
 1171s|   900 |   901 |  1371k|1479.6 |   265M |  35 |1502 | 501 |1380 |  11k|  2 |   0 | 591 |-2.457859e+01 |      --      |    Inf | unknown
 1280s|  1000 |  1001 |  1551k|1512.4 |   267M |  35 |1502 | 501 |1233 |  13k|  2 |   0 | 607 |-2.457775e+01 |      --      |    Inf | unknown
 1355s|  1100 |  1101 |  1683k|1494.4 |   268M |  37 |1502 | 501 |1338 |  14k|  2 |   0 | 612 |-2.457775e+01 |      --      |    Inf | unknown
 1444s|  1200 |  1201 |  1842k|1502.5 |   269M |  37 |1502 | 501 |1374 |  15k|  2 |   0 | 612 |-2.457775e+01 |      --      |    Inf | unknown
 1532s|  1300 |  1301 |  1992k|1502.4 |   270M |  37 |1502 | 501 |1281 |  16k|  2 |   0 | 629 |-2.457775e+01 |      --      |    Inf | unknown
 1614s|  1400 |  1401 |  2139k|1499.7 |   272M |  37 |1502 | 501 |1252 |  17k|  2 |   0 | 634 |-2.457775e+01 |      --      |    Inf | unknown
 time | node  | left  |LP iter|LP it/n|mem/heur|mdpt |vars |cons |rows |cuts |sepa|confs|strbr|  dualbound   | primalbound  |  gap   | compl. 
 1712s|  1500 |  1501 |  2312k|1515.3 |   272M |  37 |1502 | 501 |1357 |  19k|  3 |   0 | 645 |-2.457775e+01 |      --      |    Inf | unknown
 1788s|  1600 |  1601 |  2435k|1497.2 |   273M |  37 |1502 | 501 |1330 |  20k|  1 |   0 | 654 |-2.457775e+01 |      --      |    Inf | unknown
 1893s|  1700 |  1701 |  2617k|1516.4 |   274M |  49 |1502 | 501 |1478 |  21k|  3 |   0 | 678 |-2.457775e+01 |      --      |    Inf | unknown
 1990s|  1800 |  1801 |  2792k|1529.6 |   276M |  49 |1502 | 501 |1425 |  23k|  2 |   0 | 686 |-2.457775e+01 |      --      |    Inf | unknown
 2071s|  1900 |  1901 |  2923k|1518.0 |   277M |  49 |1502 | 501 |1429 |  24k|  2 |   0 | 708 |-2.457775e+01 |      --      |    Inf | unknown
 2168s|  2000 |  2001 |  3091k|1526.2 |   278M |  49 |1502 | 501 |1427 |  25k|  2 |   0 | 717 |-2.457775e+01 |      --      |    Inf | unknown
 2265s|  2100 |  2101 |  3268k|1537.5 |   280M |  49 |1502 | 501 |1498 |  26k|  4 |   0 | 728 |-2.457775e+01 |      --      |    Inf | unknown
 2354s|  2200 |  2201 |  3407k|1531.0 |   281M |  49 |1502 | 501 |1370 |  27k|  2 |   0 | 742 |-2.457775e+01 |      --      |    Inf | unknown
 2480s|  2300 |  2301 |  3611k|1553.0 |   284M |  49 |1502 | 501 |1318 |  29k|  4 |   0 | 752 |-2.457775e+01 |      --      |    Inf | unknown
 2557s|  2400 |  2401 |  3722k|1534.4 |   285M |  49 |1502 | 501 |1431 |  30k|  4 |   0 | 766 |-2.457775e+01 |      --      |    Inf | unknown
 2655s|  2500 |  2501 |  3896k|1542.8 |   286M |  49 |1502 | 501 |1406 |  31k|  2 |   0 | 768 |-2.457775e+01 |      --      |    Inf | unknown
 2740s|  2600 |  2601 |  4035k|1536.7 |   287M |  53 |1502 | 501 |1329 |  32k|  2 |   0 | 786 |-2.457775e+01 |      --      |    Inf | unknown
 2842s|  2700 |  2701 |  4213k|1545.8 |   289M |  56 |1502 | 501 |1505 |  34k|  2 |   0 | 799 |-2.457775e+01 |      --      |    Inf | unknown
 2942s|  2800 |  2801 |  4388k|1553.1 |   290M |  57 |1502 | 501 |1400 |  35k|  4 |   0 | 812 |-2.457775e+01 |      --      |    Inf | unknown
 3039s|  2900 |  2901 |  4566k|1561.1 |   292M |  57 |1502 | 501 |1436 |  36k|  3 |   0 | 820 |-2.457775e+01 |      --      |    Inf | unknown
 time | node  | left  |LP iter|LP it/n|mem/heur|mdpt |vars |cons |rows |cuts |sepa|confs|strbr|  dualbound   | primalbound  |  gap   | compl. 
 3113s|  3000 |  3001 |  4701k|1553.9 |   292M |  61 |1502 | 501 |1399 |  37k|  3 |   0 | 822 |-2.457775e+01 |      --      |    Inf | unknown
 3208s|  3100 |  3101 |  4867k|1557.3 |   293M |  61 |1502 | 501 |1435 |  38k|  2 |   0 | 841 |-2.457775e+01 |      --      |    Inf | unknown
 3294s|  3200 |  3201 |  5018k|1555.8 |   294M |  61 |1502 | 501 |1521 |  40k|  2 |   0 | 843 |-2.457775e+01 |      --      |    Inf | unknown
 3418s|  3300 |  3301 |  5234k|1574.2 |   296M |  61 |1502 | 501 |1340 |  41k|  3 |   0 | 861 |-2.457775e+01 |      --      |    Inf | unknown
 3533s|  3400 |  3401 |  5447k|1590.7 |   297M |  61 |1502 | 501 |1426 |  43k|  4 |   0 | 871 |-2.457775e+01 |      --      |    Inf | unknown
 3645s|  3500 |  3501 |  5648k|1602.7 |   298M |  63 |1502 | 501 |1378 |  44k|  4 |   0 | 890 |-2.457775e+01 |      --      |    Inf | unknown
 3744s|  3600 |  3601 |  5824k|1606.8 |   300M |  63 |1502 | 501 |1397 |  46k|  4 |   0 | 896 |-2.457775e+01 |      --      |    Inf | unknown
 3842s|  3700 |  3701 |  6006k|1612.7 |   301M |  63 |1502 | 501 |1350 |  47k|  2 |   0 | 908 |-2.457621e+01 |      --      |    Inf | unknown
 3942s|  3800 |  3801 |  6187k|1617.9 |   302M |  63 |1502 | 501 |1356 |  48k|  2 |   0 | 919 |-2.457621e+01 |      --      |    Inf | unknown
 4032s|  3900 |  3901 |  6345k|1617.0 |   303M |  63 |1502 | 501 |1372 |  50k|  4 |   0 | 923 |-2.457621e+01 |      --      |    Inf | unknown
 4121s|  4000 |  4001 |  6502k|1615.7 |   305M |  63 |1502 | 501 |1363 |  51k|  2 |   0 | 940 |-2.457621e+01 |      --      |    Inf | unknown
 4225s|  4100 |  4101 |  6693k|1623.0 |   306M |  63 |1502 | 501 |1437 |  52k|  3 |   0 | 944 |-2.457621e+01 |      --      |    Inf | unknown
 4310s|  4200 |  4201 |  6851k|1622.0 |   307M |  63 |1502 | 501 |1392 |  54k|  3 |   0 | 946 |-2.457621e+01 |      --      |    Inf | unknown
 4406s|  4300 |  4301 |  7028k|1625.4 |   308M |  63 |1502 | 501 |1380 |  55k|  2 |   0 | 956 |-2.457621e+01 |      --      |    Inf | unknown
 4511s|  4400 |  4401 |  7226k|1633.4 |   310M |  63 |1502 | 501 |1524 |  57k|  5 |   0 | 958 |-2.457584e+01 |      --      |    Inf | unknown
 time | node  | left  |LP iter|LP it/n|mem/heur|mdpt |vars |cons |rows |cuts |sepa|confs|strbr|  dualbound   | primalbound  |  gap   | compl. 
 4608s|  4500 |  4501 |  7410k|1638.1 |   310M |  63 |1502 | 501 |1364 |  58k|  2 |   0 | 968 |-2.457584e+01 |      --      |    Inf | unknown
 4694s|  4600 |  4601 |  7568k|1636.8 |   311M |  63 |1502 | 501 |1417 |  59k|  4 |   0 | 968 |-2.457584e+01 |      --      |    Inf | unknown
 4802s|  4700 |  4701 |  7770k|1644.9 |   312M |  65 |1502 | 501 |1464 |  61k|  5 |   0 | 979 |-2.457584e+01 |      --      |    Inf | unknown
 4923s|  4800 |  4801 |  8000k|1658.6 |   314M |  65 |1502 | 501 |1513 |  62k|  5 |   0 | 985 |-2.457584e+01 |      --      |    Inf | unknown
 5028s|  4900 |  4901 |  8188k|1663.0 |   314M |  65 |1502 | 501 |1447 |  64k|  3 |   0 |1000 |-2.457584e+01 |      --      |    Inf | unknown
 5123s|  5000 |  5001 |  8368k|1665.8 |   315M |  65 |1502 | 501 |1395 |  65k|  2 |   0 |1004 |-2.457584e+01 |      --      |    Inf | unknown
 5201s|  5100 |  5101 |  8508k|1660.6 |   315M |  65 |1502 | 501 |1380 |  66k|  2 |   0 |1006 |-2.457584e+01 |      --      |    Inf | unknown
 5309s|  5200 |  5201 |  8719k|1669.3 |   317M |  65 |1502 | 501 |1374 |  68k|  2 |   0 |1015 |-2.457584e+01 |      --      |    Inf | unknown
 5396s|  5300 |  5301 |  8882k|1668.5 |   318M |  65 |1502 | 501 |1428 |  69k|  5 |   0 |1017 |-2.457584e+01 |      --      |    Inf | unknown
 5499s|  5400 |  5401 |  9070k|1672.5 |   319M |  65 |1502 | 501 |1337 |  70k|  2 |   0 |1028 |-2.457584e+01 |      --      |    Inf | unknown
 5595s|  5500 |  5501 |  9248k|1674.4 |   319M |  65 |1502 | 501 |1351 |  71k|  2 |   0 |1036 |-2.457584e+01 |      --      |    Inf | unknown
 5672s|  5600 |  5601 |  9389k|1669.7 |   320M |  67 |1502 | 501 |1537 |  72k|  2 |   0 |1042 |-2.457584e+01 |      --      |    Inf | unknown
 5758s|  5700 |  5701 |  9547k|1668.1 |   320M |  67 |1502 | 501 |1389 |  74k|  2 |   0 |1045 |-2.457524e+01 |      --      |    Inf | unknown
 5844s|  5800 |  5801 |  9702k|1666.1 |   321M |  67 |1502 | 501 |1458 |  75k|  1 |   0 |1056 |-2.457468e+01 |      --      |    Inf | unknown
 5938s|  5900 |  5901 |  9882k|1668.3 |   321M |  67 |1502 | 501 |1410 |  76k|  2 |   0 |1059 |-2.457394e+01 |      --      |    Inf | unknown
 time | node  | left  |LP iter|LP it/n|mem/heur|mdpt |vars |cons |rows |cuts |sepa|confs|strbr|  dualbound   | primalbound  |  gap   | compl. 
 6007s|  6000 |  6001 | 10008k|1661.5 |   322M |  67 |1502 | 501 |1400 |  77k|  1 |   0 |1059 |-2.457335e+01 |      --      |    Inf | unknown
 6095s|  6100 |  6101 | 10177k|1661.9 |   323M |  67 |1502 | 501 |1351 |  78k|  2 |   0 |1064 |-2.457285e+01 |      --      |    Inf | unknown
 6189s|  6200 |  6201 | 10354k|1663.6 |   325M |  67 |1502 | 501 |1376 |  79k|  2 |   0 |1067 |-2.457284e+01 |      --      |    Inf | unknown
 6289s|  6300 |  6301 | 10536k|1666.1 |   325M |  68 |1502 | 501 |1559 |  81k|  1 |   0 |1077 |-2.457255e+01 |      --      |    Inf | unknown
 6396s|  6400 |  6401 | 10739k|1671.9 |   326M |  69 |1502 | 501 |1595 |  82k|  4 |   0 |1078 |-2.457255e+01 |      --      |    Inf | unknown
 6493s|  6500 |  6501 | 10920k|1674.0 |   328M |  69 |1502 | 501 |1425 |  84k|  2 |   0 |1081 |-2.457255e+01 |      --      |    Inf | unknown
 6601s|  6600 |  6601 | 11127k|1680.0 |   329M |  69 |1502 | 501 |1400 |  85k|  2 |   0 |1090 |-2.457255e+01 |      --      |    Inf | unknown
 6708s|  6700 |  6701 | 11342k|1687.0 |   331M |  69 |1502 | 501 |1293 |  87k|  2 |   0 |1091 |-2.457255e+01 |      --      |    Inf | unknown
 6805s|  6800 |  6801 | 11510k|1687.0 |   332M |  69 |1502 | 501 |1534 |  88k|  2 |   0 |1103 |-2.457255e+01 |      --      |    Inf | unknown
 6895s|  6900 |  6901 | 11688k|1688.3 |   335M |  69 |1502 | 501 |1559 |  89k|  4 |   0 |1103 |-2.457255e+01 |      --      |    Inf | unknown
 6997s|  7000 |  7001 | 11872k|1690.5 |   335M |  69 |1502 | 501 |1395 |  91k|  2 |   0 |1109 |-2.457255e+01 |      --      |    Inf | unknown
 7105s|  7100 |  7101 | 12077k|1695.6 |   335M |  69 |1502 | 501 |1322 |  92k|  2 |   0 |1117 |-2.457255e+01 |      --      |    Inf | unknown
 7215s|  7200 |  7201 | 12296k|1702.4 |   336M |  69 |1502 | 501 |1641 |  94k|  2 |   0 |1118 |-2.457255e+01 |      --      |    Inf | unknown
 7298s|  7300 |  7301 | 12445k|1699.5 |   338M |  69 |1502 | 501 |1395 |  95k|  3 |   0 |1128 |-2.457255e+01 |      --      |    Inf | unknown
 7404s|  7400 |  7401 | 12644k|1703.4 |   338M |  69 |1502 | 501 |1515 |  96k|  2 |   0 |1129 |-2.457255e+01 |      --      |    Inf | unknown
 time | node  | left  |LP iter|LP it/n|mem/heur|mdpt |vars |cons |rows |cuts |sepa|confs|strbr|  dualbound   | primalbound  |  gap   | compl. 
 7495s|  7500 |  7501 | 12813k|1703.3 |   339M |  69 |1502 | 501 |1486 |  97k|  2 |   0 |1131 |-2.457255e+01 |      --      |    Inf | unknown
 7598s|  7600 |  7601 | 13009k|1706.6 |   339M |  69 |1502 | 501 |1408 |  98k|  3 |   0 |1138 |-2.457255e+01 |      --      |    Inf | unknown
 7709s|  7700 |  7701 | 13223k|1712.2 |   340M |  69 |1502 | 501 |1578 | 100k|  2 |   0 |1140 |-2.457188e+01 |      --      |    Inf | unknown
 7804s|  7800 |  7801 | 13391k|1711.8 |   341M |  69 |1502 | 501 |1541 | 101k|  4 |   0 |1153 |-2.457188e+01 |      --      |    Inf | unknown
 7905s|  7900 |  7901 | 13585k|1714.7 |   342M |  69 |1502 | 501 |1449 | 102k|  2 |   0 |1157 |-2.457188e+01 |      --      |    Inf | unknown
 7994s|  8000 |  8001 | 13754k|1714.4 |   342M |  69 |1502 | 501 |1379 | 104k|  2 |   0 |1160 |-2.457188e+01 |      --      |    Inf | unknown
 8088s|  8100 |  8101 | 13925k|1714.3 |   343M |  69 |1502 | 501 |1561 | 105k|  4 |   0 |1166 |-2.457188e+01 |      --      |    Inf | unknown
 8187s|  8200 |  8201 | 14111k|1716.1 |   344M |  69 |1502 | 501 |1485 | 106k|  2 |   0 |1169 |-2.457188e+01 |      --      |    Inf | unknown
 8294s|  8300 |  8301 | 14321k|1720.8 |   344M |  69 |1502 | 501 |1451 | 108k|  2 |   0 |1171 |-2.457188e+01 |      --      |    Inf | unknown
 8394s|  8400 |  8401 | 14504k|1722.1 |   344M |  69 |1502 | 501 |1429 | 109k|  2 |   0 |1184 |-2.457188e+01 |      --      |    Inf | unknown
 8484s|  8500 |  8501 | 14684k|1722.9 |   345M |  69 |1502 | 501 |1339 | 110k|  5 |   0 |1186 |-2.457188e+01 |      --      |    Inf | unknown
 8586s|  8600 |  8601 | 14880k|1725.7 |   346M |  69 |1502 | 501 |1504 | 111k|  4 |   0 |1187 |-2.457188e+01 |      --      |    Inf | unknown
 8684s|  8700 |  8701 | 15063k|1726.9 |   347M |  69 |1502 | 501 |1532 | 113k|  2 |   0 |1195 |-2.457188e+01 |      --      |    Inf | unknown
 8771s|  8800 |  8801 | 15222k|1725.3 |   347M |  69 |1502 | 501 |1394 | 114k|  2 |   0 |1198 |-2.457188e+01 |      --      |    Inf | unknown
 8870s|  8900 |  8901 | 15406k|1726.6 |   347M |  69 |1502 | 501 |1392 | 115k|  2 |   0 |1200 |-2.457188e+01 |      --      |    Inf | unknown
 time | node  | left  |LP iter|LP it/n|mem/heur|mdpt |vars |cons |rows |cuts |sepa|confs|strbr|  dualbound   | primalbound  |  gap   | compl. 
 8962s|  9000 |  9001 | 15579k|1726.7 |   348M |  69 |1502 | 501 |1491 | 116k|  2 |   0 |1208 |-2.457188e+01 |      --      |    Inf | unknown
 9067s|  9100 |  9101 | 15785k|1730.4 |   349M |  69 |1502 | 501 |1575 | 118k|  1 |   0 |1209 |-2.457188e+01 |      --      |    Inf | unknown
 9169s|  9200 |  9201 | 15977k|1732.4 |   351M |  69 |1502 | 501 |1499 | 119k|  2 |   0 |1215 |-2.457188e+01 |      --      |    Inf | unknown
 9258s|  9300 |  9301 | 16145k|1731.9 |   351M |  69 |1502 | 501 |1388 | 120k|  4 |   0 |1217 |-2.457188e+01 |      --      |    Inf | unknown
 9339s|  9400 |  9401 | 16295k|1729.4 |   352M |  69 |1502 | 501 |1272 | 121k|  2 |   0 |1217 |-2.457188e+01 |      --      |    Inf | unknown
 9432s|  9500 |  9501 | 16470k|1729.6 |   352M |  69 |1502 | 501 |1573 | 122k|  2 |   0 |1222 |-2.457188e+01 |      --      |    Inf | unknown
 9530s|  9600 |  9601 | 16658k|1731.1 |   354M |  69 |1502 | 501 |1404 | 123k|  2 |   0 |1229 |-2.457188e+01 |      --      |    Inf | unknown
 9627s|  9700 |  9701 | 16838k|1731.9 |   355M |  69 |1502 | 501 |1387 | 125k|  2 |   0 |1233 |-2.457188e+01 |      --      |    Inf | unknown
 9718s|  9800 |  9801 | 17014k|1732.2 |   355M |  69 |1502 | 501 |1308 | 126k|  2 |   0 |1233 |-2.457188e+01 |      --      |    Inf | unknown
 9804s|  9900 |  9901 | 17164k|1729.8 |   355M |  69 |1502 | 501 |1578 | 127k|  2 |   0 |1240 |-2.457188e+01 |      --      |    Inf | unknown
 9923s| 10000 | 10001 | 17388k|1734.9 |   357M |  69 |1502 | 501 |1578 | 128k|  4 |   0 |1242 |-2.457188e+01 |      --      |    Inf | unknown
  167m| 10100 | 10101 | 17568k|1735.6 |   357M |  69 |1502 | 501 |1504 | 130k|  5 |   0 |1246 |-2.457188e+01 |      --      |    Inf | unknown
  169m| 10200 | 10201 | 17792k|1740.5 |   357M |  69 |1502 | 501 |1455 | 131k|  5 |   0 |1252 |-2.457188e+01 |      --      |    Inf | unknown
  170m| 10300 | 10301 | 17952k|1739.2 |   358M |  69 |1502 | 501 |1399 | 132k|  2 |   0 |1252 |-2.457188e+01 |      --      |    Inf | unknown
  172m| 10400 | 10401 | 18122k|1738.7 |   358M |  69 |1502 | 501 |1460 | 133k|  4 |   0 |1258 |-2.457188e+01 |      --      |    Inf | unknown
 time | node  | left  |LP iter|LP it/n|mem/heur|mdpt |vars |cons |rows |cuts |sepa|confs|strbr|  dualbound   | primalbound  |  gap   | compl. 
  173m| 10500 | 10501 | 18273k|1736.6 |   359M |  69 |1502 | 501 |1407 | 134k|  2 |   0 |1265 |-2.457188e+01 |      --      |    Inf | unknown
  174m| 10600 | 10601 | 18401k|1732.3 |   359M |  69 |1502 | 501 |1489 | 135k|  1 |   0 |1265 |-2.457188e+01 |      --      |    Inf | unknown
  176m| 10700 | 10701 | 18559k|1730.8 |   359M |  69 |1502 | 501 |1317 | 136k|  2 |   0 |1265 |-2.457188e+01 |      --      |    Inf | unknown
  177m| 10800 | 10801 | 18684k|1726.4 |   360M |  69 |1502 | 501 |1499 | 137k|  2 |   0 |1267 |-2.457188e+01 |      --      |    Inf | unknown
  179m| 10900 | 10901 | 18855k|1726.3 |   360M |  69 |1502 | 501 |1469 | 138k|  2 |   0 |1272 |-2.457188e+01 |      --      |    Inf | unknown
  180m| 11000 | 11001 | 19001k|1723.8 |   361M |  69 |1502 | 501 |1446 | 139k|  4 |   0 |1273 |-2.457188e+01 |      --      |    Inf | unknown

SCIP Status        : solving was interrupted [time limit reached]
Solving Time (sec) : 10800.00
Solving Nodes      : 11010
Primal Bound       : +1.00000000000000e+20 (0 solutions)
Dual Bound         : -2.45718815602935e+01
Gap                : infinite

