Solver command line: ['/cvmfs/soft.computecanada.ca/easybuild/software/2023/x86-64-v4/Compiler/gcc12/scipoptsuite/9.0.0/bin/scip', '/tmp/tmpnanh18qa.pyomo', '-AMPL']

SCIP version 9.0.0 [precision: 8 byte] [memory: block] [mode: optimized] [LP solver: Soplex 7.0.0] [GitHash: 7205bedd94]
Copyright (c) 2002-2024 Zuse Institute Berlin (ZIB)

External libraries: 
  Readline 8.1         GNU library for command line editing (gnu.org/s/readline)
  Soplex 7.0.0         Linear Programming Solver developed at Zuse Institute Berlin (soplex.zib.de) [GitHash: 6657fb3b]
  CppAD 20180000.0     Algorithmic Differentiation of C++ algorithms developed by B. Bell (github.com/coin-or/CppAD)
  ZLIB 1.2.13          General purpose compression library by J. Gailly and M. Adler (zlib.net)
  GMP 6.2.1            GNU Multiple Precision Arithmetic Library developed by T. Granlund (gmplib.org)
  ZIMPL 3.5.3          Zuse Institute Mathematical Programming Language developed by T. Koch (zimpl.zib.de)
  AMPL/MP 690e9e7      AMPL .nl file reader library (github.com/ampl/mp)
  PaPILO 2.2.0         parallel presolve for integer and linear optimization (github.com/scipopt/papilo) (built with TBB) [GitHash: df30ae49]
  bliss 0.77           Computing Graph Automorphisms by T. Junttila and P. Kaski (users.aalto.fi/~tjunttil/bliss)
  sassy 1.1            Symmetry preprocessor by Markus Anders (github.com/markusa4/sassy)
  Ipopt 3.14.14        Interior Point Optimizer developed by A. Waechter et.al. (github.com/coin-or/Ipopt)

reading user parameter file <scip.set>
===========================

limits/time = 10800

read problem </tmp/tmpnanh18qa.pyomo.nl>
============

original problem has 501 variables (0 bin, 500 int, 0 impl, 1 cont) and 501 constraints

solve problem
=============

1/1 feasible solution given by solution candidate storage, new primal bound 0.000000e+00

presolving:
   (0.1s) symmetry computation started: requiring (bin +, int +, cont +), (fixed: bin -, int -, cont -)
   (0.2s) no symmetry present (symcode time: 0.02)
presolving (1 rounds: 1 fast, 1 medium, 1 exhaustive):
 0 deleted vars, 0 deleted constraints, 0 added constraints, 1 tightened bounds, 0 added holes, 0 changed sides, 0 changed coefficients
 0 implications, 0 cliques
presolved problem has 501 variables (0 bin, 500 int, 0 impl, 1 cont) and 501 constraints
    500 constraints of type <linear>
      1 constraints of type <nonlinear>
Presolving Time: 0.18
transformed 1/1 original solutions to the transformed problem space

 time | node  | left  |LP iter|LP it/n|mem/heur|mdpt |vars |cons |rows |cuts |sepa|confs|strbr|  dualbound   | primalbound  |  gap   | compl. 
  3.6s|     1 |     0 |  4475 |     - |   133M |   0 |1502 | 501 |2500 |   0 |  0 |   0 |   0 |-2.477245e+01 | 0.000000e+00 |    Inf | unknown
  7.0s|     1 |     0 |  6414 |     - |   141M |   0 |1502 | 501 |3000 | 500 |  1 |   0 |   0 |-2.477245e+01 | 0.000000e+00 |    Inf | unknown
 11.0s|     1 |     0 |  7987 |     - |   166M |   0 |1502 | 501 |3494 | 994 |  2 |   0 |   0 |-2.477245e+01 | 0.000000e+00 |    Inf | unknown
 21.7s|     1 |     0 | 18695 |     - |   177M |   0 |1502 | 501 |3969 |1469 |  3 |   0 |   0 |-2.476440e+01 | 0.000000e+00 |    Inf | unknown
 22.8s|     1 |     0 | 18695 |     - |   178M |   0 |1502 | 501 |3969 |1469 |  3 |   0 |   0 |-2.476440e+01 | 0.000000e+00 |    Inf | unknown
 30.0s|     1 |     0 | 29497 |     - |   190M |   0 |1502 | 501 |4275 |1775 |  4 |   0 |   0 |-2.468391e+01 | 0.000000e+00 |    Inf | unknown
 30.9s|     1 |     0 | 29497 |     - |   190M |   0 |1502 | 501 |4275 |1775 |  4 |   0 |   0 |-2.468391e+01 | 0.000000e+00 |    Inf | unknown
 38.0s|     1 |     0 | 40022 |     - |   205M |   0 |1502 | 501 |4432 |1932 |  5 |   0 |   0 |-2.460498e+01 | 0.000000e+00 |    Inf | unknown
 38.8s|     1 |     0 | 40022 |     - |   205M |   0 |1502 | 501 |4432 |1932 |  5 |   0 |   0 |-2.460498e+01 | 0.000000e+00 |    Inf | unknown
 40.7s|     1 |     0 | 41597 |     - |   225M |   0 |1502 | 501 |4470 |1970 |  6 |   0 |   0 |-2.459298e+01 | 0.000000e+00 |    Inf | unknown
 41.6s|     1 |     0 | 41597 |     - |   225M |   0 |1502 | 501 |4470 |1970 |  6 |   0 |   0 |-2.459298e+01 | 0.000000e+00 |    Inf | unknown
 42.9s|     1 |     0 | 41891 |     - |   231M |   0 |1502 | 501 |4482 |1982 |  7 |   0 |   0 |-2.459238e+01 | 0.000000e+00 |    Inf | unknown
 44.7s|     1 |     0 | 42005 |     - |   251M |   0 |1502 | 501 |4484 |1984 |  8 |   0 |   0 |-2.459225e+01 | 0.000000e+00 |    Inf | unknown
 46.7s|     1 |     0 | 42083 |     - |   272M |   0 |1502 | 501 |4486 |1986 |  9 |   0 |   0 |-2.459218e+01 | 0.000000e+00 |    Inf | unknown
 48.9s|     1 |     0 | 42178 |     - |   276M |   0 |1502 | 501 |4489 |1989 | 10 |   0 |   0 |-2.459212e+01 | 0.000000e+00 |    Inf | unknown
 time | node  | left  |LP iter|LP it/n|mem/heur|mdpt |vars |cons |rows |cuts |sepa|confs|strbr|  dualbound   | primalbound  |  gap   | compl. 
 50.4s|     1 |     0 | 42233 |     - |   277M |   0 |1502 | 501 |2005 |1992 | 11 |   0 |   0 |-2.459211e+01 | 0.000000e+00 |    Inf | unknown
 51.9s|     1 |     0 | 42284 |     - |   277M |   0 |1502 | 501 |2006 |1993 | 12 |   0 |   0 |-2.459209e+01 | 0.000000e+00 |    Inf | unknown
 53.4s|     1 |     0 | 42299 |     - |   277M |   0 |1502 | 501 |2007 |1994 | 13 |   0 |   0 |-2.459209e+01 | 0.000000e+00 |    Inf | unknown
 54.9s|     1 |     0 | 42305 |     - |   278M |   0 |1502 | 501 |2008 |1995 | 14 |   0 |   0 |-2.459209e+01 | 0.000000e+00 |    Inf | unknown
 56.4s|     1 |     0 | 42319 |     - |   278M |   0 |1502 | 501 |2009 |1996 | 15 |   0 |   0 |-2.459209e+01 | 0.000000e+00 |    Inf | unknown
 57.9s|     1 |     0 | 42324 |     - |   278M |   0 |1502 | 501 |2010 |1997 | 16 |   0 |   0 |-2.459209e+01 | 0.000000e+00 |    Inf | unknown
  331s|     1 |     2 |486891 |     - |   278M |   0 |1502 | 501 |2010 |1997 | 16 |   0 |  40 |-2.459139e+01 | 0.000000e+00 |    Inf | unknown
  593s|   100 |   101 |687376 |6515.7 |   286M |  17 |1502 | 501 |1329 |3426 |  4 |   0 | 368 |-2.459139e+01 | 0.000000e+00 |    Inf | unknown
  720s|   200 |   201 |835776 |3987.2 |   286M |  29 |1502 | 501 |1241 |4378 |  2 |   0 | 439 |-2.458676e+01 | 0.000000e+00 |    Inf | unknown
  896s|   300 |   301 |964354 |3083.7 |   288M |  31 |1502 | 501 |1280 |5136 |  2 |   0 | 479 |-2.458445e+01 | 0.000000e+00 |    Inf | unknown
  986s|   400 |   401 |  1105k|2665.2 |   282M |  33 |1502 | 501 |1340 |6243 |  2 |   0 | 496 |-2.458445e+01 | 0.000000e+00 |    Inf | unknown
 1086s|   500 |   501 |  1249k|2418.2 |   280M |  33 |1502 | 501 |1269 |7368 |  2 |   0 | 530 |-2.458445e+01 | 0.000000e+00 |    Inf | unknown
 1170s|   600 |   601 |  1392k|2253.8 |   280M |  33 |1502 | 501 |1284 |8515 |  2 |   0 | 538 |-2.458327e+01 | 0.000000e+00 |    Inf | unknown
 1245s|   700 |   701 |  1501k|2088.0 |   281M |  37 |1502 | 501 |1307 |9295 |  2 |   0 | 554 |-2.458327e+01 | 0.000000e+00 |    Inf | unknown
 1331s|   800 |   801 |  1637k|1996.2 |   282M |  37 |1502 | 501 |1314 |  10k|  2 |   0 | 565 |-2.458327e+01 | 0.000000e+00 |    Inf | unknown
 time | node  | left  |LP iter|LP it/n|mem/heur|mdpt |vars |cons |rows |cuts |sepa|confs|strbr|  dualbound   | primalbound  |  gap   | compl. 
 1400s|   900 |   901 |  1735k|1883.0 |   283M |  37 |1502 | 501 |1326 |  11k|  2 |   0 | 567 |-2.458327e+01 | 0.000000e+00 |    Inf | unknown
 1486s|  1000 |  1001 |  1873k|1833.2 |   283M |  37 |1502 | 501 |1317 |  12k|  4 |   0 | 586 |-2.458327e+01 | 0.000000e+00 |    Inf | unknown
 1577s|  1100 |  1101 |  2026k|1805.9 |   285M |  37 |1502 | 501 |1327 |  13k|  2 |   0 | 591 |-2.458327e+01 | 0.000000e+00 |    Inf | unknown
 1680s|  1200 |  1201 |  2180k|1783.7 |   286M |  37 |1502 | 501 |1394 |  14k|  3 |   0 | 591 |-2.458327e+01 | 0.000000e+00 |    Inf | unknown
 1769s|  1300 |  1301 |  2308k|1744.8 |   287M |  37 |1502 | 501 |1350 |  15k|  2 |   0 | 592 |-2.458327e+01 | 0.000000e+00 |    Inf | unknown
 1850s|  1400 |  1401 |  2424k|1702.5 |   289M |  37 |1502 | 501 |1331 |  16k|  5 |   0 | 593 |-2.458327e+01 | 0.000000e+00 |    Inf | unknown
 1932s|  1500 |  1501 |  2535k|1663.1 |   289M |  37 |1502 | 501 |1375 |  17k|  2 |   0 | 593 |-2.458327e+01 | 0.000000e+00 |    Inf | unknown
 2031s|  1600 |  1601 |  2706k|1665.9 |   289M |  37 |1502 | 501 |1305 |  18k|  3 |   0 | 600 |-2.458327e+01 | 0.000000e+00 |    Inf | unknown
 2132s|  1700 |  1701 |  2882k|1671.9 |   290M |  37 |1502 | 501 |1426 |  20k|  4 |   0 | 605 |-2.458327e+01 | 0.000000e+00 |    Inf | unknown
 2239s|  1800 |  1801 |  3054k|1674.2 |   291M |  39 |1502 | 501 |1483 |  21k|  2 |   0 | 621 |-2.458283e+01 | 0.000000e+00 |    Inf | unknown
 2322s|  1900 |  1901 |  3192k|1658.8 |   292M |  51 |1502 | 501 |1399 |  22k|  2 |   0 | 634 |-2.458254e+01 | 0.000000e+00 |    Inf | unknown
 2418s|  2000 |  2001 |  3360k|1660.0 |   293M |  51 |1502 | 504 |1407 |  23k|  2 |   3 | 638 |-2.458254e+01 | 0.000000e+00 |    Inf | unknown
 2512s|  2100 |  2101 |  3527k|1660.2 |   294M |  51 |1502 | 505 |1338 |  24k|  2 |   5 | 649 |-2.458071e+01 | 0.000000e+00 |    Inf | unknown
 2601s|  2200 |  2201 |  3678k|1653.6 |   297M |  51 |1502 | 505 |1440 |  25k|  2 |   7 | 657 |-2.458071e+01 | 0.000000e+00 |    Inf | unknown
 2691s|  2300 |  2301 |  3837k|1650.7 |   298M |  55 |1502 | 505 |1355 |  26k|  2 |   9 | 664 |-2.458071e+01 | 0.000000e+00 |    Inf | unknown
 time | node  | left  |LP iter|LP it/n|mem/heur|mdpt |vars |cons |rows |cuts |sepa|confs|strbr|  dualbound   | primalbound  |  gap   | compl. 
 2805s|  2400 |  2401 |  4045k|1668.9 |   299M |  55 |1502 | 503 |1431 |  27k|  2 |   9 | 686 |-2.458005e+01 | 0.000000e+00 |    Inf | unknown
 2905s|  2500 |  2501 |  4221k|1672.3 |   300M |  55 |1502 | 504 |1381 |  28k|  4 |  10 | 694 |-2.458005e+01 | 0.000000e+00 |    Inf | unknown
 2982s|  2600 |  2601 |  4352k|1658.2 |   302M |  61 |1502 | 503 |1496 |  29k|  5 |  11 | 710 |-2.458005e+01 | 0.000000e+00 |    Inf | unknown
 3066s|  2700 |  2701 |  4493k|1649.0 |   303M |  61 |1502 | 503 |1420 |  30k|  2 |  11 | 724 |-2.457796e+01 | 0.000000e+00 |    Inf | unknown
 3146s|  2800 |  2801 |  4623k|1636.7 |   305M |  61 |1502 | 504 |1449 |  31k|  2 |  12 | 729 |-2.457796e+01 | 0.000000e+00 |    Inf | unknown
 3239s|  2900 |  2901 |  4779k|1634.2 |   305M |  61 |1502 | 503 |1503 |  32k|  3 |  12 | 752 |-2.457672e+01 | 0.000000e+00 |    Inf | unknown
 3332s|  3000 |  3001 |  4934k|1631.4 |   307M |  61 |1502 | 503 |1532 |  34k|  2 |  13 | 767 |-2.457672e+01 | 0.000000e+00 |    Inf | unknown
 3411s|  3100 |  3101 |  5074k|1623.9 |   309M |  61 |1502 | 503 |1371 |  35k|  2 |  14 | 769 |-2.457480e+01 | 0.000000e+00 |    Inf | unknown
 3499s|  3200 |  3201 |  5233k|1622.9 |   310M |  61 |1502 | 503 |1297 |  36k|  1 |  15 | 778 |-2.457398e+01 | 0.000000e+00 |    Inf | unknown
 3577s|  3300 |  3301 |  5349k|1608.7 |   311M |  61 |1502 | 502 |1422 |  37k|  1 |  15 | 783 |-2.457398e+01 | 0.000000e+00 |    Inf | unknown
 3673s|  3400 |  3401 |  5519k|1611.5 |   311M |  61 |1502 | 503 |1404 |  38k|  2 |  16 | 790 |-2.457369e+01 | 0.000000e+00 |    Inf | unknown
 3767s|  3500 |  3501 |  5685k|1612.7 |   312M |  61 |1502 | 503 |1467 |  39k|  4 |  17 | 794 |-2.457268e+01 | 0.000000e+00 |    Inf | unknown
 3862s|  3600 |  3601 |  5843k|1611.8 |   314M |  61 |1502 | 504 |1550 |  40k|  2 |  19 | 806 |-2.457268e+01 | 0.000000e+00 |    Inf | unknown
 3958s|  3700 |  3701 |  6017k|1615.3 |   315M |  61 |1502 | 504 |1501 |  42k|  2 |  19 | 811 |-2.457243e+01 | 0.000000e+00 |    Inf | unknown
 4068s|  3800 |  3801 |  6203k|1621.8 |   317M |  61 |1502 | 503 |1611 |  43k|  5 |  21 | 820 |-2.457243e+01 | 0.000000e+00 |    Inf | unknown
 time | node  | left  |LP iter|LP it/n|mem/heur|mdpt |vars |cons |rows |cuts |sepa|confs|strbr|  dualbound   | primalbound  |  gap   | compl. 
 4164s|  3900 |  3901 |  6360k|1620.5 |   318M |  63 |1502 | 506 |1190 |  44k|  2 |  24 | 834 |-2.457135e+01 | 0.000000e+00 |    Inf | unknown
 4255s|  4000 |  4001 |  6526k|1621.3 |   319M |  63 |1502 | 504 |1247 |  45k|  2 |  24 | 837 |-2.457135e+01 | 0.000000e+00 |    Inf | unknown
 4342s|  4100 |  4101 |  6683k|1620.2 |   321M |  63 |1502 | 502 |1319 |  46k|  4 |  25 | 839 |-2.457068e+01 | 0.000000e+00 |    Inf | unknown
 4433s|  4200 |  4201 |  6847k|1620.7 |   321M |  63 |1502 | 504 |1378 |  48k|  4 |  27 | 841 |-2.457068e+01 | 0.000000e+00 |    Inf | unknown
 4524s|  4300 |  4301 |  7010k|1620.9 |   322M |  63 |1502 | 505 |1285 |  49k|  2 |  28 | 843 |-2.457068e+01 | 0.000000e+00 |    Inf | unknown
 4613s|  4400 |  4401 |  7153k|1616.6 |   323M |  65 |1502 | 504 |1362 |  50k|  2 |  28 | 847 |-2.457068e+01 | 0.000000e+00 |    Inf | unknown
 4704s|  4500 |  4501 |  7311k|1615.7 |   325M |  65 |1502 | 504 |1341 |  51k|  2 |  30 | 857 |-2.456938e+01 | 0.000000e+00 |    Inf | unknown
 4809s|  4600 |  4601 |  7503k|1622.5 |   325M |  65 |1502 | 503 |1570 |  52k|  3 |  30 | 858 |-2.456938e+01 | 0.000000e+00 |    Inf | unknown
 4905s|  4700 |  4701 |  7662k|1621.7 |   326M |  65 |1502 | 501 |1536 |  53k|  2 |  30 | 866 |-2.456915e+01 | 0.000000e+00 |    Inf | unknown
 4990s|  4800 |  4801 |  7808k|1618.3 |   328M |  65 |1502 | 502 |1412 |  54k|  4 |  31 | 872 |-2.456912e+01 | 0.000000e+00 |    Inf | unknown
 5099s|  4900 |  4901 |  8010k|1626.4 |   329M |  65 |1502 | 502 |1530 |  56k|  2 |  31 | 875 |-2.456912e+01 | 0.000000e+00 |    Inf | unknown
 5180s|  5000 |  5001 |  8141k|1620.1 |   330M |  65 |1502 | 501 |1400 |  57k|  2 |  31 | 883 |-2.456912e+01 | 0.000000e+00 |    Inf | unknown
 5276s|  5100 |  5101 |  8319k|1623.2 |   331M |  65 |1502 | 503 |1454 |  58k|  2 |  33 | 884 |-2.456912e+01 | 0.000000e+00 |    Inf | unknown
 5373s|  5200 |  5201 |  8488k|1624.6 |   332M |  65 |1502 | 503 |1479 |  59k|  3 |  33 | 885 |-2.456912e+01 | 0.000000e+00 |    Inf | unknown
 5482s|  5300 |  5301 |  8679k|1630.0 |   333M |  65 |1502 | 502 |1454 |  60k|  2 |  34 | 888 |-2.456912e+01 | 0.000000e+00 |    Inf | unknown
 time | node  | left  |LP iter|LP it/n|mem/heur|mdpt |vars |cons |rows |cuts |sepa|confs|strbr|  dualbound   | primalbound  |  gap   | compl. 
 5569s|  5400 |  5401 |  8822k|1626.2 |   334M |  65 |1502 | 504 |1338 |  61k|  2 |  36 | 894 |-2.456912e+01 | 0.000000e+00 |    Inf | unknown
 5671s|  5500 |  5501 |  9014k|1631.5 |   335M |  65 |1502 | 503 |1462 |  62k|  2 |  36 | 898 |-2.456912e+01 | 0.000000e+00 |    Inf | unknown
 5758s|  5600 |  5601 |  9155k|1627.6 |   335M |  65 |1502 | 501 |1385 |  63k|  2 |  36 | 903 |-2.456912e+01 | 0.000000e+00 |    Inf | unknown
 5851s|  5700 |  5701 |  9321k|1628.2 |   336M |  65 |1502 | 502 |1438 |  65k|  2 |  37 | 909 |-2.456912e+01 | 0.000000e+00 |    Inf | unknown
 5938s|  5800 |  5801 |  9480k|1627.6 |   337M |  65 |1502 | 502 |1401 |  66k|  2 |  38 | 911 |-2.456912e+01 | 0.000000e+00 |    Inf | unknown
 6034s|  5900 |  5901 |  9629k|1625.3 |   338M |  65 |1502 | 504 |1376 |  67k|  3 |  40 | 920 |-2.456912e+01 | 0.000000e+00 |    Inf | unknown
 6150s|  6000 |  6001 |  9837k|1632.8 |   339M |  65 |1502 | 504 |1367 |  68k|  3 |  40 | 921 |-2.456912e+01 | 0.000000e+00 |    Inf | unknown
 6262s|  6100 |  6101 | 10039k|1639.2 |   339M |  65 |1502 | 502 |1304 |  70k|  2 |  41 | 925 |-2.456912e+01 | 0.000000e+00 |    Inf | unknown
 6360s|  6200 |  6201 | 10200k|1638.6 |   340M |  65 |1502 | 504 |1521 |  71k|  1 |  43 | 927 |-2.456912e+01 | 0.000000e+00 |    Inf | unknown
 6454s|  6300 |  6301 | 10367k|1639.2 |   341M |  65 |1502 | 504 |1585 |  72k|  2 |  43 | 931 |-2.456796e+01 | 0.000000e+00 |    Inf | unknown
 6560s|  6400 |  6401 | 10561k|1643.8 |   342M |  65 |1502 | 502 |1504 |  74k|  2 |  44 | 935 |-2.456691e+01 | 0.000000e+00 |    Inf | unknown
 6657s|  6500 |  6501 | 10723k|1643.5 |   343M |  65 |1502 | 503 |1581 |  75k|  2 |  45 | 937 |-2.456691e+01 | 0.000000e+00 |    Inf | unknown
 6764s|  6600 |  6601 | 10921k|1648.7 |   344M |  65 |1502 | 503 |1473 |  76k|  3 |  45 | 946 |-2.456690e+01 | 0.000000e+00 |    Inf | unknown
 6880s|  6700 |  6701 | 11139k|1656.5 |   346M |  65 |1502 | 504 |1497 |  77k|  2 |  47 | 946 |-2.456690e+01 | 0.000000e+00 |    Inf | unknown
 6974s|  6800 |  6801 | 11301k|1656.0 |   346M |  65 |1502 | 503 |1434 |  78k|  2 |  47 | 958 |-2.456679e+01 | 0.000000e+00 |    Inf | unknown
 time | node  | left  |LP iter|LP it/n|mem/heur|mdpt |vars |cons |rows |cuts |sepa|confs|strbr|  dualbound   | primalbound  |  gap   | compl. 
 7081s|  6900 |  6901 | 11505k|1661.6 |   346M |  65 |1502 | 504 |1518 |  80k|  2 |  48 | 959 |-2.456679e+01 | 0.000000e+00 |    Inf | unknown
 7190s|  7000 |  7001 | 11710k|1667.1 |   347M |  65 |1502 | 502 |1433 |  81k|  2 |  49 | 965 |-2.456679e+01 | 0.000000e+00 |    Inf | unknown
 7292s|  7100 |  7101 | 11880k|1667.6 |   347M |  65 |1502 | 504 |1391 |  83k|  2 |  51 | 967 |-2.456679e+01 | 0.000000e+00 |    Inf | unknown
 7405s|  7200 |  7201 | 12090k|1673.6 |   349M |  65 |1502 | 503 |1424 |  84k|  2 |  51 | 971 |-2.456679e+01 | 0.000000e+00 |    Inf | unknown
 7503s|  7300 |  7301 | 12265k|1674.6 |   349M |  65 |1502 | 501 |1385 |  85k|  2 |  51 | 974 |-2.456679e+01 | 0.000000e+00 |    Inf | unknown
 7605s|  7400 |  7401 | 12440k|1675.7 |   350M |  65 |1502 | 502 |1412 |  86k|  2 |  52 | 978 |-2.456679e+01 | 0.000000e+00 |    Inf | unknown
 7704s|  7500 |  7501 | 12614k|1676.5 |   352M |  65 |1502 | 503 |1316 |  88k|  2 |  53 | 983 |-2.456679e+01 | 0.000000e+00 |    Inf | unknown
 7804s|  7600 |  7601 | 12788k|1677.4 |   353M |  65 |1502 | 502 |1309 |  89k|  2 |  53 | 985 |-2.456679e+01 | 0.000000e+00 |    Inf | unknown
 7900s|  7700 |  7701 | 12955k|1677.2 |   353M |  65 |1502 | 503 |1315 |  90k|  2 |  54 | 992 |-2.456679e+01 | 0.000000e+00 |    Inf | unknown
 7998s|  7800 |  7801 | 13131k|1678.3 |   354M |  65 |1502 | 503 |1417 |  91k|  2 |  55 | 994 |-2.456679e+01 | 0.000000e+00 |    Inf | unknown
 8091s|  7900 |  7901 | 13288k|1677.0 |   354M |  65 |1502 | 502 |1445 |  92k|  2 |  55 | 996 |-2.456679e+01 | 0.000000e+00 |    Inf | unknown
 8178s|  8000 |  8001 | 13426k|1673.2 |   355M |  65 |1502 | 503 |1484 |  93k|  2 |  56 |1003 |-2.456679e+01 | 0.000000e+00 |    Inf | unknown
 8273s|  8100 |  8101 | 13608k|1675.1 |   357M |  65 |1502 | 503 |1465 |  95k|  2 |  56 |1004 |-2.456679e+01 | 0.000000e+00 |    Inf | unknown
 8381s|  8200 |  8201 | 13796k|1677.6 |   357M |  65 |1502 | 502 |1529 |  96k|  2 |  57 |1011 |-2.456679e+01 | 0.000000e+00 |    Inf | unknown
 8471s|  8300 |  8301 | 13961k|1677.2 |   358M |  65 |1502 | 504 |1439 |  97k|  4 |  59 |1016 |-2.456679e+01 | 0.000000e+00 |    Inf | unknown
 time | node  | left  |LP iter|LP it/n|mem/heur|mdpt |vars |cons |rows |cuts |sepa|confs|strbr|  dualbound   | primalbound  |  gap   | compl. 
 8576s|  8400 |  8401 | 14156k|1680.5 |   358M |  65 |1502 | 503 |1470 |  98k|  5 |  59 |1016 |-2.456679e+01 | 0.000000e+00 |    Inf | unknown
 8690s|  8500 |  8501 | 14348k|1683.3 |   359M |  65 |1502 | 501 |1513 | 100k|  5 |  59 |1023 |-2.456606e+01 | 0.000000e+00 |    Inf | unknown
 8796s|  8600 |  8601 | 14540k|1686.1 |   360M |  65 |1502 | 502 |1460 | 101k|  2 |  60 |1024 |-2.456604e+01 | 0.000000e+00 |    Inf | unknown
 8904s|  8700 |  8701 | 14735k|1689.0 |   360M |  65 |1502 | 502 |1372 | 102k|  2 |  60 |1034 |-2.456604e+01 | 0.000000e+00 |    Inf | unknown
 9005s|  8800 |  8801 | 14910k|1689.8 |   360M |  65 |1502 | 501 |1487 | 103k|  2 |  60 |1038 |-2.456604e+01 | 0.000000e+00 |    Inf | unknown
 9092s|  8900 |  8901 | 15072k|1689.0 |   360M |  65 |1502 | 502 |1351 | 104k|  2 |  61 |1038 |-2.456604e+01 | 0.000000e+00 |    Inf | unknown
 9193s|  9000 |  9001 | 15255k|1690.5 |   361M |  65 |1502 | 502 |1389 | 106k|  1 |  61 |1040 |-2.456604e+01 | 0.000000e+00 |    Inf | unknown
 9310s|  9100 |  9101 | 15456k|1694.0 |   363M |  65 |1502 | 502 |1330 | 107k|  2 |  62 |1041 |-2.456604e+01 | 0.000000e+00 |    Inf | unknown
 9433s|  9200 |  9201 | 15689k|1700.9 |   365M |  65 |1502 | 502 |1369 | 109k|  2 |  62 |1045 |-2.456604e+01 | 0.000000e+00 |    Inf | unknown
 9545s|  9300 |  9301 | 15901k|1705.5 |   366M |  65 |1502 | 502 |1345 | 110k|  2 |  63 |1046 |-2.456549e+01 | 0.000000e+00 |    Inf | unknown
 9645s|  9400 |  9401 | 16055k|1703.7 |   367M |  65 |1502 | 503 |1487 | 111k|  2 |  64 |1053 |-2.456549e+01 | 0.000000e+00 |    Inf | unknown
 9753s|  9500 |  9501 | 16263k|1707.7 |   367M |  65 |1502 | 502 |1456 | 112k|  3 |  64 |1055 |-2.456538e+01 | 0.000000e+00 |    Inf | unknown
 9866s|  9600 |  9601 | 16460k|1710.4 |   368M |  69 |1502 | 502 |1297 | 114k|  2 |  65 |1061 |-2.456538e+01 | 0.000000e+00 |    Inf | unknown
 9958s|  9700 |  9701 | 16609k|1708.2 |   368M |  69 |1502 | 502 |1654 | 115k|  2 |  65 |1067 |-2.456538e+01 | 0.000000e+00 |    Inf | unknown
  168m|  9800 |  9801 | 16803k|1710.5 |   370M |  69 |1502 | 503 |1405 | 116k|  3 |  66 |1067 |-2.456538e+01 | 0.000000e+00 |    Inf | unknown
 time | node  | left  |LP iter|LP it/n|mem/heur|mdpt |vars |cons |rows |cuts |sepa|confs|strbr|  dualbound   | primalbound  |  gap   | compl. 
  170m|  9900 |  9901 | 17030k|1716.2 |   371M |  69 |1502 | 502 |1343 | 117k|  2 |  67 |1073 |-2.456451e+01 | 0.000000e+00 |    Inf | unknown
  171m| 10000 | 10001 | 17200k|1716.0 |   372M |  69 |1502 | 504 |1389 | 119k|  4 |  69 |1078 |-2.456451e+01 | 0.000000e+00 |    Inf | unknown
  173m| 10100 | 10101 | 17414k|1720.2 |   373M |  69 |1502 | 504 |1628 | 120k|  4 |  69 |1080 |-2.456451e+01 | 0.000000e+00 |    Inf | unknown
  175m| 10200 | 10201 | 17603k|1721.8 |   374M |  69 |1502 | 502 |1481 | 121k|  2 |  70 |1082 |-2.456451e+01 | 0.000000e+00 |    Inf | unknown
  177m| 10300 | 10301 | 17774k|1721.7 |   374M |  69 |1502 | 503 |1515 | 123k|  4 |  71 |1083 |-2.456451e+01 | 0.000000e+00 |    Inf | unknown
  179m| 10400 | 10401 | 17994k|1726.3 |   376M |  69 |1502 | 502 |1357 | 124k|  1 |  71 |1085 |-2.456451e+01 | 0.000000e+00 |    Inf | unknown

SCIP Status        : solving was interrupted [time limit reached]
Solving Time (sec) : 10800.03
Solving Nodes      : 10472
Primal Bound       : +0.00000000000000e+00 (1 solutions)
Dual Bound         : -2.45645088577574e+01
Gap                : infinite

