Solver command line: ['/cvmfs/soft.computecanada.ca/easybuild/software/2023/x86-64-v4/Compiler/gcc12/scipoptsuite/9.0.0/bin/scip', '/tmp/tmp27cxfo43.pyomo', '-AMPL']

SCIP version 9.0.0 [precision: 8 byte] [memory: block] [mode: optimized] [LP solver: Soplex 7.0.0] [GitHash: 7205bedd94]
Copyright (c) 2002-2024 Zuse Institute Berlin (ZIB)

External libraries: 
  Readline 8.1         GNU library for command line editing (gnu.org/s/readline)
  Soplex 7.0.0         Linear Programming Solver developed at Zuse Institute Berlin (soplex.zib.de) [GitHash: 6657fb3b]
  CppAD 20180000.0     Algorithmic Differentiation of C++ algorithms developed by B. Bell (github.com/coin-or/CppAD)
  ZLIB 1.2.13          General purpose compression library by J. Gailly and M. Adler (zlib.net)
  GMP 6.2.1            GNU Multiple Precision Arithmetic Library developed by T. Granlund (gmplib.org)
  ZIMPL 3.5.3          Zuse Institute Mathematical Programming Language developed by T. Koch (zimpl.zib.de)
  AMPL/MP 690e9e7      AMPL .nl file reader library (github.com/ampl/mp)
  PaPILO 2.2.0         parallel presolve for integer and linear optimization (github.com/scipopt/papilo) (built with TBB) [GitHash: df30ae49]
  bliss 0.77           Computing Graph Automorphisms by T. Junttila and P. Kaski (users.aalto.fi/~tjunttil/bliss)
  sassy 1.1            Symmetry preprocessor by Markus Anders (github.com/markusa4/sassy)
  Ipopt 3.14.14        Interior Point Optimizer developed by A. Waechter et.al. (github.com/coin-or/Ipopt)

reading user parameter file <scip.set>
===========================

limits/time = 10800

read problem </tmp/tmp27cxfo43.pyomo.nl>
============

original problem has 501 variables (0 bin, 500 int, 0 impl, 1 cont) and 501 constraints

solve problem
=============

1/1 feasible solution given by solution candidate storage, new primal bound 0.000000e+00

presolving:
   (0.1s) symmetry computation started: requiring (bin +, int +, cont +), (fixed: bin -, int -, cont -)
   (0.2s) no symmetry present (symcode time: 0.02)
presolving (1 rounds: 1 fast, 1 medium, 1 exhaustive):
 0 deleted vars, 0 deleted constraints, 0 added constraints, 1 tightened bounds, 0 added holes, 0 changed sides, 0 changed coefficients
 0 implications, 0 cliques
presolved problem has 501 variables (0 bin, 500 int, 0 impl, 1 cont) and 501 constraints
    500 constraints of type <linear>
      1 constraints of type <nonlinear>
Presolving Time: 0.18
transformed 1/1 original solutions to the transformed problem space

 time | node  | left  |LP iter|LP it/n|mem/heur|mdpt |vars |cons |rows |cuts |sepa|confs|strbr|  dualbound   | primalbound  |  gap   | compl. 
  3.0s|     1 |     0 |  4959 |     - |   133M |   0 |1502 | 501 |2500 |   0 |  0 |   0 |   0 |-2.477245e+01 | 0.000000e+00 |    Inf | unknown
  6.4s|     1 |     0 |  6693 |     - |   141M |   0 |1502 | 501 |3000 | 500 |  1 |   0 |   0 |-2.477245e+01 | 0.000000e+00 |    Inf | unknown
 10.6s|     1 |     0 |  8594 |     - |   167M |   0 |1502 | 501 |3494 | 994 |  2 |   0 |   0 |-2.477245e+01 | 0.000000e+00 |    Inf | unknown
 21.7s|     1 |     0 | 19462 |     - |   179M |   0 |1502 | 501 |3958 |1458 |  3 |   0 |   0 |-2.476052e+01 | 0.000000e+00 |    Inf | unknown
 22.7s|     1 |     0 | 19462 |     - |   179M |   0 |1502 | 501 |3958 |1458 |  3 |   0 |   0 |-2.476052e+01 | 0.000000e+00 |    Inf | unknown
 29.5s|     1 |     0 | 30167 |     - |   191M |   0 |1502 | 501 |4248 |1748 |  4 |   0 |   0 |-2.469341e+01 | 0.000000e+00 |    Inf | unknown
 30.4s|     1 |     0 | 30167 |     - |   191M |   0 |1502 | 501 |4248 |1748 |  4 |   0 |   0 |-2.469341e+01 | 0.000000e+00 |    Inf | unknown
 37.3s|     1 |     0 | 40706 |     - |   205M |   0 |1502 | 501 |4413 |1913 |  5 |   0 |   0 |-2.462983e+01 | 0.000000e+00 |    Inf | unknown
 38.2s|     1 |     0 | 40706 |     - |   205M |   0 |1502 | 501 |4413 |1913 |  5 |   0 |   0 |-2.462983e+01 | 0.000000e+00 |    Inf | unknown
 42.6s|     1 |     0 | 47425 |     - |   223M |   0 |1502 | 501 |4475 |1975 |  6 |   0 |   0 |-2.460185e+01 | 0.000000e+00 |    Inf | unknown
 43.4s|     1 |     0 | 47425 |     - |   223M |   0 |1502 | 501 |4475 |1975 |  6 |   0 |   0 |-2.460185e+01 | 0.000000e+00 |    Inf | unknown
 45.5s|     1 |     0 | 49544 |     - |   229M |   0 |1502 | 501 |4505 |2005 |  7 |   0 |   0 |-2.459696e+01 | 0.000000e+00 |    Inf | unknown
 46.3s|     1 |     0 | 49544 |     - |   229M |   0 |1502 | 501 |4505 |2005 |  7 |   0 |   0 |-2.459696e+01 | 0.000000e+00 |    Inf | unknown
 47.6s|     1 |     0 | 49871 |     - |   245M |   0 |1502 | 501 |4512 |2012 |  8 |   0 |   0 |-2.459671e+01 | 0.000000e+00 |    Inf | unknown
 49.5s|     1 |     0 | 50115 |     - |   266M |   0 |1502 | 501 |4515 |2015 |  9 |   0 |   0 |-2.459656e+01 | 0.000000e+00 |    Inf | unknown
 time | node  | left  |LP iter|LP it/n|mem/heur|mdpt |vars |cons |rows |cuts |sepa|confs|strbr|  dualbound   | primalbound  |  gap   | compl. 
 51.4s|     1 |     0 | 50344 |     - |   269M |   0 |1502 | 501 |4516 |2016 | 10 |   0 |   0 |-2.459648e+01 | 0.000000e+00 |    Inf | unknown
 52.9s|     1 |     0 | 50409 |     - |   270M |   0 |1502 | 501 |2029 |2017 | 11 |   0 |   0 |-2.459647e+01 | 0.000000e+00 |    Inf | unknown
 54.3s|     1 |     0 | 50456 |     - |   270M |   0 |1502 | 501 |2031 |2019 | 12 |   0 |   0 |-2.459645e+01 | 0.000000e+00 |    Inf | unknown
 55.8s|     1 |     0 | 50493 |     - |   270M |   0 |1502 | 501 |2032 |2020 | 13 |   0 |   0 |-2.459643e+01 | 0.000000e+00 |    Inf | unknown
 57.1s|     1 |     0 | 50511 |     - |   270M |   0 |1502 | 501 |2033 |2021 | 14 |   0 |   0 |-2.459643e+01 | 0.000000e+00 |    Inf | unknown
 58.6s|     1 |     0 | 50538 |     - |   271M |   0 |1502 | 501 |2034 |2022 | 15 |   0 |   0 |-2.459643e+01 | 0.000000e+00 |    Inf | unknown
 60.0s|     1 |     0 | 50557 |     - |   271M |   0 |1502 | 501 |2035 |2023 | 16 |   0 |   0 |-2.459643e+01 | 0.000000e+00 |    Inf | unknown
  374s|     1 |     2 |569129 |     - |   271M |   0 |1502 | 501 |2035 |2023 | 17 |   0 |  24 |-2.459594e+01 | 0.000000e+00 |    Inf | unknown
  630s|   100 |   101 |772199 |7289.3 |   278M |  17 |1502 | 501 |1345 |3483 |  2 |   0 | 340 |-2.458965e+01 | 0.000000e+00 |    Inf | unknown
  748s|   200 |   201 |918398 |4361.0 |   280M |  27 |1502 | 501 |1291 |4208 |  2 |   0 | 401 |-2.458965e+01 | 0.000000e+00 |    Inf | unknown
  881s|   300 |   301 |  1063k|3386.9 |   281M |  33 |1502 | 501 |1303 |5247 |  2 |   0 | 466 |-2.458938e+01 | 0.000000e+00 |    Inf | unknown
  963s|   400 |   401 |  1205k|2894.9 |   276M |  33 |1502 | 501 |1235 |6206 |  2 |   0 | 474 |-2.458731e+01 | 0.000000e+00 |    Inf | unknown
 1057s|   500 |   501 |  1318k|2541.5 |   277M |  33 |1502 | 501 |1298 |6855 |  2 |   0 | 495 |-2.458723e+01 | 0.000000e+00 |    Inf | unknown
 1147s|   600 |   601 |  1449k|2335.1 |   277M |  33 |1502 | 501 |1254 |7718 |  2 |   0 | 504 |-2.458583e+01 | 0.000000e+00 |    Inf | unknown
 1234s|   700 |   701 |  1566k|2169.4 |   278M |  33 |1502 | 501 |1296 |8631 |  2 |   0 | 518 |-2.458515e+01 | 0.000000e+00 |    Inf | unknown
 time | node  | left  |LP iter|LP it/n|mem/heur|mdpt |vars |cons |rows |cuts |sepa|confs|strbr|  dualbound   | primalbound  |  gap   | compl. 
 1331s|   800 |   801 |  1698k|2062.3 |   279M |  33 |1502 | 501 |1290 |9456 |  2 |   0 | 534 |-2.458462e+01 | 0.000000e+00 |    Inf | unknown
 1408s|   900 |   901 |  1803k|1950.4 |   280M |  33 |1502 | 501 |1389 |  10k|  2 |   0 | 538 |-2.458412e+01 | 0.000000e+00 |    Inf | unknown
 1522s|  1000 |  1001 |  1956k|1908.1 |   280M |  33 |1502 | 501 |1326 |  11k|  4 |   0 | 554 |-2.458369e+01 | 0.000000e+00 |    Inf | unknown
 1605s|  1100 |  1101 |  2090k|1856.3 |   281M |  37 |1502 | 501 |1353 |  12k|  2 |   0 | 560 |-2.458351e+01 | 0.000000e+00 |    Inf | unknown
 1686s|  1200 |  1201 |  2225k|1814.1 |   282M |  37 |1502 | 501 |1300 |  13k|  2 |   0 | 561 |-2.458351e+01 | 0.000000e+00 |    Inf | unknown
 1785s|  1300 |  1301 |  2380k|1793.4 |   283M |  37 |1502 | 501 |1398 |  14k|  2 |   0 | 561 |-2.458351e+01 | 0.000000e+00 |    Inf | unknown
 1888s|  1400 |  1401 |  2548k|1785.6 |   285M |  37 |1502 | 501 |1416 |  15k|  4 |   0 | 574 |-2.458351e+01 | 0.000000e+00 |    Inf | unknown
 1995s|  1500 |  1501 |  2734k|1790.5 |   286M |  37 |1502 | 501 |1384 |  17k|  2 |   0 | 580 |-2.458351e+01 | 0.000000e+00 |    Inf | unknown
 2092s|  1600 |  1601 |  2881k|1770.5 |   287M |  37 |1502 | 501 |1348 |  18k|  2 |   0 | 596 |-2.458351e+01 | 0.000000e+00 |    Inf | unknown
 2183s|  1700 |  1701 |  3031k|1754.3 |   289M |  37 |1502 | 501 |1324 |  19k|  2 |   0 | 605 |-2.458351e+01 | 0.000000e+00 |    Inf | unknown
 2291s|  1800 |  1801 |  3187k|1744.0 |   290M |  37 |1502 | 501 |1385 |  20k|  2 |   0 | 622 |-2.458351e+01 | 0.000000e+00 |    Inf | unknown
 2404s|  1900 |  1901 |  3378k|1752.3 |   290M |  37 |1502 | 501 |1394 |  22k|  2 |   0 | 635 |-2.458351e+01 | 0.000000e+00 |    Inf | unknown
 2492s|  2000 |  2001 |  3530k|1740.8 |   291M |  39 |1502 | 501 |1309 |  23k|  2 |   0 | 648 |-2.458276e+01 | 0.000000e+00 |    Inf | unknown
 2612s|  2100 |  2101 |  3739k|1757.4 |   293M |  39 |1502 | 501 |1377 |  25k|  3 |   0 | 652 |-2.458276e+01 | 0.000000e+00 |    Inf | unknown
 2700s|  2200 |  2201 |  3881k|1741.9 |   295M |  51 |1502 | 501 |1228 |  26k|  2 |   0 | 663 |-2.458260e+01 | 0.000000e+00 |    Inf | unknown
 time | node  | left  |LP iter|LP it/n|mem/heur|mdpt |vars |cons |rows |cuts |sepa|confs|strbr|  dualbound   | primalbound  |  gap   | compl. 
 2804s|  2300 |  2301 |  4049k|1739.6 |   297M |  51 |1502 | 501 |1516 |  27k|  2 |   0 | 676 |-2.458260e+01 | 0.000000e+00 |    Inf | unknown
 2900s|  2400 |  2401 |  4218k|1737.2 |   298M |  51 |1502 | 501 |1403 |  28k|  2 |   0 | 683 |-2.458260e+01 | 0.000000e+00 |    Inf | unknown
 2996s|  2500 |  2501 |  4369k|1728.2 |   300M |  51 |1502 | 501 |1327 |  29k|  2 |   0 | 694 |-2.458156e+01 | 0.000000e+00 |    Inf | unknown
 3084s|  2600 |  2601 |  4506k|1714.5 |   301M |  53 |1502 | 501 |1406 |  30k|  2 |   0 | 698 |-2.458007e+01 | 0.000000e+00 |    Inf | unknown
 3188s|  2700 |  2701 |  4681k|1716.0 |   302M |  53 |1502 | 501 |1335 |  32k|  4 |   0 | 715 |-2.458007e+01 | 0.000000e+00 |    Inf | unknown
 3284s|  2800 |  2801 |  4841k|1711.7 |   303M |  53 |1502 | 501 |1476 |  33k|  4 |   0 | 721 |-2.457926e+01 | 0.000000e+00 |    Inf | unknown
 3395s|  2900 |  2901 |  5019k|1714.0 |   306M |  53 |1502 | 501 |1333 |  35k|  2 |   0 | 736 |-2.457865e+01 | 0.000000e+00 |    Inf | unknown
 3485s|  3000 |  3001 |  5163k|1705.0 |   306M |  53 |1502 | 501 |1481 |  36k|  1 |   0 | 741 |-2.457865e+01 | 0.000000e+00 |    Inf | unknown
 3585s|  3100 |  3101 |  5339k|1706.6 |   307M |  53 |1502 | 501 |1388 |  37k|  2 |   0 | 745 |-2.457745e+01 | 0.000000e+00 |    Inf | unknown
 3673s|  3200 |  3201 |  5487k|1699.5 |   308M |  57 |1502 | 501 |1437 |  38k|  1 |   0 | 755 |-2.457745e+01 | 0.000000e+00 |    Inf | unknown
 3787s|  3300 |  3301 |  5697k|1711.7 |   309M |  57 |1502 | 501 |1332 |  39k|  2 |   0 | 763 |-2.457745e+01 | 0.000000e+00 |    Inf | unknown
 3894s|  3400 |  3401 |  5871k|1712.7 |   311M |  57 |1502 | 501 |1477 |  41k|  3 |   0 | 772 |-2.457745e+01 | 0.000000e+00 |    Inf | unknown
 3999s|  3500 |  3501 |  6054k|1716.0 |   312M |  57 |1502 | 501 |1498 |  42k|  2 |   0 | 783 |-2.457745e+01 | 0.000000e+00 |    Inf | unknown
 4107s|  3600 |  3601 |  6234k|1718.2 |   313M |  57 |1502 | 504 |1310 |  43k|  2 |   3 | 803 |-2.457745e+01 | 0.000000e+00 |    Inf | unknown
 4213s|  3700 |  3701 |  6423k|1722.9 |   314M |  57 |1502 | 508 |1387 |  44k|  2 |   9 | 815 |-2.457745e+01 | 0.000000e+00 |    Inf | unknown
 time | node  | left  |LP iter|LP it/n|mem/heur|mdpt |vars |cons |rows |cuts |sepa|confs|strbr|  dualbound   | primalbound  |  gap   | compl. 
 4304s|  3800 |  3801 |  6583k|1719.7 |   317M |  57 |1502 | 509 |1429 |  45k|  2 |  12 | 818 |-2.457745e+01 | 0.000000e+00 |    Inf | unknown
 4409s|  3900 |  3901 |  6772k|1723.9 |   317M |  57 |1502 | 507 |1298 |  46k|  2 |  15 | 832 |-2.457745e+01 | 0.000000e+00 |    Inf | unknown
 4511s|  4000 |  4001 |  6944k|1724.0 |   318M |  57 |1502 | 509 |1462 |  47k|  2 |  19 | 854 |-2.457745e+01 | 0.000000e+00 |    Inf | unknown
 4612s|  4100 |  4101 |  7126k|1726.2 |   320M |  57 |1502 | 510 |1484 |  49k|  1 |  23 | 864 |-2.457745e+01 | 0.000000e+00 |    Inf | unknown
 4717s|  4200 |  4201 |  7308k|1728.4 |   320M |  63 |1502 | 508 |1561 |  50k|  2 |  24 | 868 |-2.457745e+01 | 0.000000e+00 |    Inf | unknown
 4811s|  4300 |  4301 |  7470k|1725.9 |   322M |  63 |1502 | 506 |1558 |  51k|  2 |  25 | 879 |-2.457745e+01 | 0.000000e+00 |    Inf | unknown
 4909s|  4400 |  4401 |  7655k|1728.7 |   322M |  65 |1502 | 503 |1546 |  52k|  2 |  26 | 891 |-2.457745e+01 | 0.000000e+00 |    Inf | unknown
 5004s|  4500 |  4501 |  7835k|1730.5 |   323M |  65 |1502 | 502 |1485 |  52k|  2 |  27 | 895 |-2.457555e+01 | 0.000000e+00 |    Inf | unknown
 5084s|  4600 |  4601 |  7952k|1718.2 |   324M |  65 |1502 | 502 |1517 |  53k|  2 |  27 | 897 |-2.457555e+01 | 0.000000e+00 |    Inf | unknown
 5183s|  4700 |  4701 |  8121k|1717.5 |   325M |  65 |1502 | 503 |1563 |  54k|  5 |  28 | 908 |-2.457497e+01 | 0.000000e+00 |    Inf | unknown
 5295s|  4800 |  4801 |  8351k|1729.8 |   326M |  65 |1502 | 501 |1464 |  56k|  2 |  28 | 909 |-2.457497e+01 | 0.000000e+00 |    Inf | unknown
 5396s|  4900 |  4901 |  8525k|1730.0 |   327M |  65 |1502 | 503 |1520 |  57k|  3 |  30 | 916 |-2.457290e+01 | 0.000000e+00 |    Inf | unknown
 5509s|  5000 |  5001 |  8732k|1736.7 |   327M |  65 |1502 | 503 |1492 |  58k|  2 |  30 | 918 |-2.457189e+01 | 0.000000e+00 |    Inf | unknown
 5627s|  5100 |  5101 |  8933k|1742.0 |   328M |  65 |1502 | 501 |1498 |  60k|  3 |  30 | 927 |-2.457189e+01 | 0.000000e+00 |    Inf | unknown
 5724s|  5200 |  5201 |  9087k|1738.3 |   330M |  65 |1502 | 501 |1471 |  61k|  2 |  30 | 930 |-2.457146e+01 | 0.000000e+00 |    Inf | unknown
 time | node  | left  |LP iter|LP it/n|mem/heur|mdpt |vars |cons |rows |cuts |sepa|confs|strbr|  dualbound   | primalbound  |  gap   | compl. 
 5841s|  5300 |  5301 |  9305k|1746.5 |   330M |  65 |1502 | 503 |1510 |  62k|  5 |  32 | 937 |-2.457146e+01 | 0.000000e+00 |    Inf | unknown
 5962s|  5400 |  5401 |  9530k|1755.9 |   331M |  65 |1502 | 501 |1459 |  63k|  2 |  32 | 943 |-2.457084e+01 | 0.000000e+00 |    Inf | unknown
 6070s|  5500 |  5501 |  9702k|1755.2 |   332M |  65 |1502 | 503 |1437 |  64k|  2 |  34 | 949 |-2.457084e+01 | 0.000000e+00 |    Inf | unknown
 6187s|  5600 |  5601 |  9910k|1761.0 |   333M |  65 |1502 | 503 |1404 |  66k|  5 |  34 | 960 |-2.456989e+01 | 0.000000e+00 |    Inf | unknown
 6294s|  5700 |  5701 | 10095k|1762.6 |   335M |  65 |1502 | 502 |1414 |  67k|  3 |  36 | 964 |-2.456989e+01 | 0.000000e+00 |    Inf | unknown
 6389s|  5800 |  5801 | 10264k|1761.3 |   335M |  65 |1502 | 504 |1419 |  68k|  2 |  38 | 969 |-2.456896e+01 | 0.000000e+00 |    Inf | unknown
 6491s|  5900 |  5901 | 10445k|1762.2 |   336M |  65 |1502 | 503 |1357 |  69k|  2 |  38 | 972 |-2.456896e+01 | 0.000000e+00 |    Inf | unknown
 6596s|  6000 |  6001 | 10628k|1763.3 |   336M |  67 |1502 | 502 |1614 |  71k|  3 |  39 | 974 |-2.456820e+01 | 0.000000e+00 |    Inf | unknown
 6699s|  6100 |  6101 | 10797k|1762.1 |   338M |  69 |1502 | 502 |1611 |  72k|  2 |  39 | 981 |-2.456752e+01 | 0.000000e+00 |    Inf | unknown
 6808s|  6200 |  6201 | 10996k|1765.8 |   339M |  69 |1502 | 503 |1460 |  73k|  4 |  40 | 983 |-2.456731e+01 | 0.000000e+00 |    Inf | unknown
 6914s|  6300 |  6301 | 11198k|1769.8 |   339M |  71 |1502 | 501 |1369 |  74k|  2 |  40 | 987 |-2.456731e+01 | 0.000000e+00 |    Inf | unknown
 7004s|  6400 |  6401 | 11337k|1763.9 |   339M |  71 |1502 | 501 |1575 |  75k|  2 |  40 | 993 |-2.456731e+01 | 0.000000e+00 |    Inf | unknown
 7125s|  6500 |  6501 | 11567k|1772.0 |   342M |  71 |1502 | 502 |1540 |  77k|  2 |  41 | 995 |-2.456731e+01 | 0.000000e+00 |    Inf | unknown
 7234s|  6600 |  6601 | 11774k|1776.6 |   343M |  71 |1502 | 502 |1491 |  78k|  4 |  42 | 996 |-2.456731e+01 | 0.000000e+00 |    Inf | unknown
 7331s|  6700 |  6701 | 11928k|1773.1 |   344M |  71 |1502 | 503 |1642 |  79k|  4 |  43 |1006 |-2.456731e+01 | 0.000000e+00 |    Inf | unknown
 time | node  | left  |LP iter|LP it/n|mem/heur|mdpt |vars |cons |rows |cuts |sepa|confs|strbr|  dualbound   | primalbound  |  gap   | compl. 
 7428s|  6800 |  6801 | 12103k|1772.7 |   345M |  71 |1502 | 503 |1521 |  80k|  2 |  43 |1009 |-2.456604e+01 | 0.000000e+00 |    Inf | unknown
 7524s|  6900 |  6901 | 12276k|1772.2 |   346M |  71 |1502 | 502 |1450 |  81k|  2 |  44 |1011 |-2.456604e+01 | 0.000000e+00 |    Inf | unknown
 7623s|  7000 |  7001 | 12426k|1768.2 |   348M |  71 |1502 | 502 |1387 |  83k|  2 |  44 |1019 |-2.456604e+01 | 0.000000e+00 |    Inf | unknown
 7705s|  7100 |  7101 | 12570k|1763.7 |   348M |  71 |1502 | 503 |1497 |  84k|  3 |  45 |1020 |-2.456431e+01 | 0.000000e+00 |    Inf | unknown
 7802s|  7200 |  7201 | 12753k|1764.6 |   348M |  73 |1502 | 502 |1411 |  85k|  2 |  45 |1020 |-2.456431e+01 | 0.000000e+00 |    Inf | unknown
 7905s|  7300 |  7301 | 12919k|1763.2 |   349M |  73 |1502 | 502 |1400 |  86k|  3 |  46 |1025 |-2.456385e+01 | 0.000000e+00 |    Inf | unknown
 7999s|  7400 |  7401 | 13085k|1761.8 |   351M |  73 |1502 | 504 |1466 |  87k|  2 |  48 |1025 |-2.456385e+01 | 0.000000e+00 |    Inf | unknown
 8107s|  7500 |  7501 | 13279k|1764.1 |   352M |  73 |1502 | 501 |1413 |  88k|  2 |  48 |1031 |-2.456328e+01 | 0.000000e+00 |    Inf | unknown
 8206s|  7600 |  7601 | 13453k|1763.8 |   353M |  73 |1502 | 501 |1631 |  90k|  2 |  49 |1034 |-2.456328e+01 | 0.000000e+00 |    Inf | unknown
 8302s|  7700 |  7701 | 13608k|1761.1 |   353M |  73 |1502 | 502 |1547 |  91k|  4 |  50 |1043 |-2.456279e+01 | 0.000000e+00 |    Inf | unknown
 8422s|  7800 |  7801 | 13841k|1768.2 |   354M |  73 |1502 | 502 |1460 |  92k|  2 |  50 |1050 |-2.456279e+01 | 0.000000e+00 |    Inf | unknown
 8534s|  7900 |  7901 | 14043k|1771.5 |   356M |  73 |1502 | 501 |1509 |  93k|  2 |  50 |1052 |-2.456251e+01 | 0.000000e+00 |    Inf | unknown
 8627s|  8000 |  8001 | 14195k|1768.3 |   356M |  75 |1502 | 501 |1431 |  94k|  2 |  50 |1062 |-2.456251e+01 | 0.000000e+00 |    Inf | unknown
 8731s|  8100 |  8101 | 14383k|1769.7 |   357M |  75 |1502 | 502 |1678 |  96k|  2 |  51 |1065 |-2.456251e+01 | 0.000000e+00 |    Inf | unknown
 8839s|  8200 |  8201 | 14588k|1773.2 |   358M |  75 |1502 | 501 |1456 |  97k|  2 |  51 |1066 |-2.456251e+01 | 0.000000e+00 |    Inf | unknown
 time | node  | left  |LP iter|LP it/n|mem/heur|mdpt |vars |cons |rows |cuts |sepa|confs|strbr|  dualbound   | primalbound  |  gap   | compl. 
 8934s|  8300 |  8301 | 14742k|1770.4 |   358M |  75 |1502 | 502 |1578 |  98k|  2 |  52 |1075 |-2.456208e+01 | 0.000000e+00 |    Inf | unknown
 9037s|  8400 |  8401 | 14924k|1770.9 |   360M |  75 |1502 | 503 |1521 |  99k|  2 |  53 |1083 |-2.456208e+01 | 0.000000e+00 |    Inf | unknown
 9137s|  8500 |  8501 | 15110k|1772.0 |   360M |  75 |1502 | 501 |1341 | 100k|  2 |  53 |1085 |-2.456208e+01 | 0.000000e+00 |    Inf | unknown
 9244s|  8600 |  8601 | 15282k|1771.3 |   360M |  75 |1502 | 501 |1548 | 101k|  3 |  54 |1091 |-2.456208e+01 | 0.000000e+00 |    Inf | unknown
 9341s|  8700 |  8701 | 15454k|1770.8 |   360M |  75 |1502 | 503 |1466 | 103k|  2 |  56 |1096 |-2.456132e+01 | 0.000000e+00 |    Inf | unknown
 9431s|  8800 |  8801 | 15620k|1769.5 |   361M |  75 |1502 | 503 |1615 | 104k|  4 |  56 |1096 |-2.456132e+01 | 0.000000e+00 |    Inf | unknown
 9532s|  8900 |  8901 | 15800k|1769.9 |   362M |  75 |1502 | 503 |1426 | 105k|  2 |  57 |1100 |-2.456132e+01 | 0.000000e+00 |    Inf | unknown
 9622s|  9000 |  9001 | 15941k|1765.9 |   363M |  75 |1502 | 503 |1666 | 106k|  3 |  57 |1106 |-2.456132e+01 | 0.000000e+00 |    Inf | unknown
 9724s|  9100 |  9101 | 16134k|1767.7 |   366M |  75 |1502 | 504 |1471 | 107k|  2 |  60 |1106 |-2.456131e+01 | 0.000000e+00 |    Inf | unknown
 9833s|  9200 |  9201 | 16341k|1770.9 |   366M |  75 |1502 | 503 |1372 | 108k|  3 |  60 |1108 |-2.456131e+01 | 0.000000e+00 |    Inf | unknown
 9936s|  9300 |  9301 | 16509k|1770.0 |   368M |  75 |1502 | 505 |1524 | 109k|  3 |  62 |1108 |-2.456131e+01 | 0.000000e+00 |    Inf | unknown
  167m|  9400 |  9401 | 16698k|1771.3 |   368M |  75 |1502 | 505 |1465 | 111k|  3 |  64 |1113 |-2.456131e+01 | 0.000000e+00 |    Inf | unknown
  169m|  9500 |  9501 | 16881k|1771.9 |   368M |  75 |1502 | 503 |1549 | 112k|  1 |  64 |1116 |-2.456090e+01 | 0.000000e+00 |    Inf | unknown
  171m|  9600 |  9601 | 17086k|1774.7 |   369M |  77 |1502 | 504 |1426 | 113k|  2 |  65 |1120 |-2.456081e+01 | 0.000000e+00 |    Inf | unknown
  172m|  9700 |  9701 | 17251k|1773.5 |   369M |  77 |1502 | 503 |1545 | 114k|  1 |  66 |1125 |-2.456081e+01 | 0.000000e+00 |    Inf | unknown
 time | node  | left  |LP iter|LP it/n|mem/heur|mdpt |vars |cons |rows |cuts |sepa|confs|strbr|  dualbound   | primalbound  |  gap   | compl. 
  174m|  9800 |  9801 | 17464k|1777.1 |   371M |  77 |1502 | 502 |1382 | 115k|  2 |  66 |1126 |-2.456081e+01 | 0.000000e+00 |    Inf | unknown
  176m|  9900 |  9901 | 17673k|1780.3 |   372M |  77 |1502 | 501 |1513 | 117k|  3 |  66 |1131 |-2.456081e+01 | 0.000000e+00 |    Inf | unknown
  178m| 10000 | 10001 | 17813k|1776.5 |   373M |  77 |1502 | 502 |1373 | 118k|  3 |  67 |1132 |-2.456081e+01 | 0.000000e+00 |    Inf | unknown
  179m| 10100 | 10101 | 17984k|1775.8 |   373M |  77 |1502 | 503 |1583 | 119k|  3 |  68 |1133 |-2.456081e+01 | 0.000000e+00 |    Inf | unknown

SCIP Status        : solving was interrupted [time limit reached]
Solving Time (sec) : 10800.01
Solving Nodes      : 10152
Primal Bound       : +0.00000000000000e+00 (1 solutions)
Dual Bound         : -2.45608126515717e+01
Gap                : infinite

