Solver command line: ['/cvmfs/soft.computecanada.ca/easybuild/software/2023/x86-64-v4/Compiler/gcc12/scipoptsuite/9.0.0/bin/scip', '/tmp/tmpl6vcekhn.pyomo', '-AMPL']

SCIP version 9.0.0 [precision: 8 byte] [memory: block] [mode: optimized] [LP solver: Soplex 7.0.0] [GitHash: 7205bedd94]
Copyright (c) 2002-2024 Zuse Institute Berlin (ZIB)

External libraries: 
  Readline 8.1         GNU library for command line editing (gnu.org/s/readline)
  Soplex 7.0.0         Linear Programming Solver developed at Zuse Institute Berlin (soplex.zib.de) [GitHash: 6657fb3b]
  CppAD 20180000.0     Algorithmic Differentiation of C++ algorithms developed by B. Bell (github.com/coin-or/CppAD)
  ZLIB 1.2.13          General purpose compression library by J. Gailly and M. Adler (zlib.net)
  GMP 6.2.1            GNU Multiple Precision Arithmetic Library developed by T. Granlund (gmplib.org)
  ZIMPL 3.5.3          Zuse Institute Mathematical Programming Language developed by T. Koch (zimpl.zib.de)
  AMPL/MP 690e9e7      AMPL .nl file reader library (github.com/ampl/mp)
  PaPILO 2.2.0         parallel presolve for integer and linear optimization (github.com/scipopt/papilo) (built with TBB) [GitHash: df30ae49]
  bliss 0.77           Computing Graph Automorphisms by T. Junttila and P. Kaski (users.aalto.fi/~tjunttil/bliss)
  sassy 1.1            Symmetry preprocessor by Markus Anders (github.com/markusa4/sassy)
  Ipopt 3.14.14        Interior Point Optimizer developed by A. Waechter et.al. (github.com/coin-or/Ipopt)

reading user parameter file <scip.set>
===========================

limits/time = 10800

read problem </tmp/tmpl6vcekhn.pyomo.nl>
============

original problem has 501 variables (0 bin, 500 int, 0 impl, 1 cont) and 501 constraints

solve problem
=============

  [linear] <lc204>:  +0.17312949<i0>[I] (+3) -0.123255316<i1>[I] (+4) +0.0471462264<i2>[I] (-6) +0.0193025218<i3>[I] (-1) +0.240481337<i4>[I] (-1) +0.17072247<i5>[I] (-2) -0.141883978<i6>[I] (+4) +0.0214672073<i7>[I] (-2) +0.0688902104<i8>[I] (-10) -0.134134171<i9>[I] (-1) -0.073378604<i10>[I] (-2) -0.00389372672<i11>[I] (+3) -0.0533949827<i12>[I] (+5) -0.249211339<i13>[I] (-1) -0.0356276292<i14>[I] (-2) -0.14544344<i15>[I] (-1) +0.0437443927<i16>[I] (+4) -0.154289844<i17>[I] (-1) +0.00525431358<i18>[I] (-1) +0.128187787<i19>[I] (+4) +0.00297032919<i20>[I] (-2) -0.0403288975<i21>[I] (+4) -0.203950102<i22>[I] (+4) +0.102925194<i23>[I] (+0) -0.0953433796<i24>[I] (-1) +0.139885277<i25>[I] (-2) -0.175129225<i26>[I] (-3) +0.0741740448<i27>[I] (-2) -0.100082344<i28>[I] (-7) -0.151794796<i29>[I] (-2) -0.128714685<i30>[I] (-2) +0.0918806695<i31>[I] (+3) -0.0472898935<i32>[I] (+1) +0.0365131807<i33>[I] (+5) +0.0544566894<i34>[I] (-1) -0.0379834832<i35>[I] (-1) -0.0231802266<i36>[I] (-1) -0.0189479458<i37>[I] (-6) -0.00551065935<i38>[I] (-1) -0.108063314<i39>[I] (-1) -0.0337057958<i40>[I] (+1) -0.291019231<i41>[I] (+7) +0.0698406568<i42>[I] (-2) +0.0183045412<i43>[I] (-2) -0.0201238309<i44>[I] (-1) -0.0276029102<i45>[I] (+5) +0.134960571<i46>[I] (-1) -0.139430621<i47>[I] (-1) +0.103922142<i48>[I] (+0) -0.130614684<i49>[I] (-2) -0.0541445682<i50>[I] (-1) -0.0658413831<i51>[I] (-1) -0.0755643972<i52>[I] (+5) +0.0731212457<i53>[I] (+0) +0.0702363084<i54>[I] (-2) -0.0382904761<i55>[I] (+4) -0.0761927772<i56>[I] (-1) +0.128676178<i57>[I] (+5) +0.0490826641<i58>[I] (+4) +0.0758449944<i59>[I] (-1) +0.0362536065<i60>[I] (-2) -0.0841836588<i61>[I] (+0) -0.0322677466<i62>[I] (-1) -0.349908863<i63>[I] (-1) -0.126689057<i64>[I] (-1) -0.112467817<i65>[I] (+0) -0.118441928<i66>[I] (-2) +0.0290021791<i67>[I] (+0) +0.121506116<i68>[I] (+0) +0.0577739524<i69>[I] (-1) -0.0869581022<i70>[I] (-2) +0.137332926<i71>[I] (+3) +0.119442865<i72>[I] (-1) +0.0242291626<i73>[I] (-6) -0.0460582826<i74>[I] (-1) -0.0308929341<i75>[I] (+5) +0.0734959389<i76>[I] (-1) -0.0490839657<i77>[I] (-1) -0.117646805<i78>[I] (-1) +0.0407824543<i79>[I] (-1) -0.00729198942<i80>[I] (+5) +0.102282446<i81>[I] (-1) +0.154094434<i82>[I] (+2) +0.0349143213<i83>[I] (-1) +0.0147033371<i84>[I] (-2) +0.139829614<i85>[I] (-1) -0.0571995194<i86>[I] (+3) +0.0414110905<i87>[I] (+5) -0.124891763<i88>[I] (-1) -0.173696558<i89>[I] (-2) +0.253986316<i90>[I] (+1) -0.0560749423<i91>[I] (-2) -0.0597344291<i92>[I] (-1) -0.125382801<i93>[I] (+4) +0.0944970903<i94>[I] (+4) -0.0201052044<i95>[I] (+3) +0.0736329121<i96>[I] (-3) +0.183285521<i97>[I] (+3) -0.1051283<i98>[I] (-2) +0.00906029692<i99>[I] (-1) +0.149773309<i100>[I] (-1) -0.103285737<i101>[I] (+4) -0.113900637<i102>[I] (-2) -0.112970916<i103>[I] (-1) -0.226580104<i104>[I] (+4) -0.042443344<i105>[I] (-8) +0.101764729<i106>[I] (+4) -0.120326216<i107>[I] (-1) +0.020541553<i108>[I] (-2) +0.062476867<i109>[I] (-4) +0.106095618<i110>[I] (+4) -0.0659468899<i111>[I] (+1) -0.00408148568<i112>[I] (-1) +0.0569008868<i113>[I] (+5) +0.0973392852<i114>[I] (+4) -0.0146927964<i115>[I] (+0) -0.0995493389<i116>[I] (-2) +0.0924684973<i117>[I] (+4) +0.0499658136<i118>[I] (-1) +0.023407451<i119>[I] (-2) +0.0653403948<i120>[I] (-1) -0.0425414539<i121>[I] (+4) -0.0841937809<i122>[I] (+5) -0.106784162<i123>[I] (-2) +0.230688212<i124>[I] (-1) +0.0383050806<i125>[I] (-3) +0.111961374<i126>[I] (-2) +0.0381650381<i127>[I] (+4) +0.124912024<i128>[I] (-2) -0.184310531<i129>[I] (-1) +0.264619339<i130>[I] (-1) +0.097405599<i131>[I] (+5) -0.0414835639<i132>[I] (-4) +0.0984714658<i133>[I] (-1) -0.0517409368<i134>[I] (-2) -0.0941215416<i135>[I] (-1) -0.0632375309<i136>[I] (-2) +0.160387204<i137>[I] (-7) -0.073229872<i138>[I] (-5) -0.0371202463<i139>[I] (-1) -0.00630520012<i140>[I] (+6) +0.0126879869<i141>[I] (-1) -0.0534946243<i142>[I] (-2) -0.0153688801<i143>[I] (-1) -0.0608114447<i144>[I] (+1) -0.111697752<i145>[I] (-2) +0.00386379607<i146>[I] (+3) +0.129710904<i147>[I] (-1) -0.0528440494<i148>[I] (-1) +0.132942334<i149>[I] (-1) -0.0867773585<i150>[I] (-1) +0.115942803<i151>[I] (-8) +0.0961372174<i152>[I] (-2) +0.0594965732<i153>[I] (+0) -0.0782225218<i154>[I] (+6) -0.00450807664<i155>[I] (-1) +0.107440588<i156>[I] (-7) -0.0430172708<i157>[I] (-2) -0.0995439875<i158>[I] (+0) -0.0604963768<i159>[I] (-1) +0.0567918918<i160>[I] (+4) -0.0271897404<i161>[I] (-1) -0.0826385114<i162>[I] (-1) +0.0665824666<i163>[I] (+1) +0.0254876945<i164>[I] (-1) -0.0882971367<i165>[I] (+4) -0.191853836<i166>[I] (+4) -0.0761468837<i167>[I] (-7) -0.0262441111<i168>[I] (+0) -0.0268515943<i169>[I] (-1) -0.090114806<i170>[I] (-1) +0.206806634<i171>[I] (+3) -0.0365042715<i172>[I] (-1) -0.252657703<i173>[I] (-2) -0.0246309621<i174>[I] (-8) +0.202526952<i175>[I] (-2) -0.0919730681<i176>[I] (-2) -0.0562686762<i177>[I] (+1) -0.147656271<i178>[I] (+5) +0.164401595<i179>[I] (-2) +0.112741545<i180>[I] (-1) +0.0470716432<i181>[I] (-1) +0.117925899<i182>[I] (-1) -0.0650390887<i183>[I] (+4) -0.0845932709<i184>[I] (-1) -0.107081371<i185>[I] (-2) +0.0791268699<i186>[I] (+4) -0.127867478<i187>[I] (-1) -0.0635692085<i188>[I] (-7) -0.0279736446<i189>[I] (+4) +0.157422221<i190>[I] (-2) -0.104237389<i191>[I] (+4) +0.0167281916<i192>[I] (+4) -0.0614646655<i193>[I] (-2) -0.0292940267<i194>[I] (-2) -0.0744182526<i195>[I] (-1) +0.157085849<i196>[I] (+0) -0.00181612683<i197>[I] (-2) +0.0105544408<i198>[I] (-1) -0.0255352072<i199>[I] (+5) +0.155178212<i200>[I] (-2) +0.0631297875<i201>[I] (-1) +0.0473435949<i202>[I] (-1) +0.240013665<i203>[I] (-1) -0.139029905<i204>[I] (-2) -0.210504914<i205>[I] (-2) +0.12889079<i206>[I] (-1) -0.0471899046<i207>[I] (+4) -0.043835765<i208>[I] (-1) +0.234132521<i209>[I] (+5) +0.0254734093<i210>[I] (+1) +0.0594834131<i211>[I] (+4) -0.0290459713<i212>[I] (+4) -0.064490996<i213>[I] (+4) +0.0808211975<i214>[I] (-2) +0.0854009533<i215>[I] (+5) -0.0992536662<i216>[I] (+5) +0.0141196654<i217>[I] (+5) -0.014120066<i218>[I] (-2) +0.0225944797<i219>[I] (-2) +0.0592914282<i220>[I] (-1) -0.252302387<i221>[I] (+4) +0.0481658071<i222>[I] (+0) -0.131744201<i223>[I] (-1) +0.0577361994<i224>[I] (-1) -0.0335700484<i225>[I] (-1) -0.0935605071<i226>[I] (-2) +0.0803005939<i227>[I] (+1) -0.0682948784<i228>[I] (-2) -0.00933677941<i229>[I] (-1) +0.0300328328<i230>[I] (+5) -0.0823752252<i231>[I] (-1) +0.0747028848<i232>[I] (-2) -0.0514690205<i233>[I] (-2) +0.00859278464<i234>[I] (-2) -0.0458830528<i235>[I] (-3) +0.0580992697<i236>[I] (-1) +0.0311171921<i237>[I] (-1) +0.138134689<i238>[I] (-1) +0.0514985323<i239>[I] (-1) -0.0459813355<i240>[I] (+0) +0.015868118<i241>[I] (+4) -0.0175924653<i242>[I] (+4) +0.0604432225<i243>[I] (+4) +0.260236514<i244>[I] (+5) +0.00979764338<i245>[I] (-1) +0.0345964058<i246>[I] (+1) -0.16621661<i247>[I] (-2) +0.0860799366<i248>[I] (-2) +0.0320557793<i249>[I] (-2) -0.0430944825<i250>[I] (-2) +0.0499390365<i251>[I] (-1) -0.0825002405<i252>[I] (+5) -0.0255120612<i253>[I] (-1) -0.0524147105<i254>[I] (-2) +0.075472895<i255>[I] (-1) -0.149694228<i256>[I] (+0) -0.219795322<i257>[I] (-2) +0.0825836785<i258>[I] (-1) -0.0586484413<i259>[I] (+4) -0.0647715197<i260>[I] (-1) -0.0280573406<i261>[I] (-1) +0.125145333<i262>[I] (-1) -0.127891981<i263>[I] (-2) -0.181226648<i264>[I] (-2) -0.053677288<i265>[I] (-2) +0.00718146652<i266>[I] (-2) +0.0873759227<i267>[I] (-1) +0.121530071<i268>[I] (-2) -0.0652379291<i269>[I] (+5) -0.10727096<i270>[I] (+0) +0.198982817<i271>[I] (+5) +0.0627338223<i272>[I] (-2) -0.00610055262<i273>[I] (+0) +0.113397674<i274>[I] (-2) +0.0889241041<i275>[I] (-2) -0.175534424<i276>[I] (-7) +0.120097715<i277>[I] (-2) +0.0377196852<i278>[I] (+3) -0.16821906<i279>[I] (+4) +0.0307762696<i280>[I] (+5) -0.169520088<i281>[I] (-1) +0.0652933227<i282>[I] (-1) +0.103438393<i283>[I] (-1) +0.0279592813<i284>[I] (-1) +0.0626294844<i285>[I] (-1) -0.107349989<i286>[I] (+4) +0.185591675<i287>[I] (-2) +0.104466626<i288>[I] (+0) -0.0567808028<i289>[I] (+0) +0.0595282418<i290>[I] (+0) -0.0828621521<i291>[I] (+4) +0.0725942656<i292>[I] (+4) -0.00609028674<i293>[I] (-1) -0.11090675<i294>[I] (-1) -0.0262125768<i295>[I] (+5) -0.0578236734<i296>[I] (+4) -0.101476111<i297>[I] (-1) +0.0527511491<i298>[I] (+4) -0.0225551306<i299>[I] (-2) +0.0280383401<i300>[I] (-1) +0.0898372727<i301>[I] (-2) -0.230670129<i302>[I] (-1) -0.143022874<i303>[I] (+5) +0.0240674474<i304>[I] (+4) -0.0747054927<i305>[I] (-1) +0.0157041624<i306>[I] (-1) -0.10070409<i307>[I] (+4) -0.0319562017<i308>[I] (-3) -0.0396136755<i309>[I] (-1) +0.0118045891<i310>[I] (+5) -0.0691812594<i311>[I] (-3) -0.137743196<i312>[I] (-2) +0.0385672905<i313>[I] (+5) -0.114377893<i314>[I] (-1) +0.016529668<i315>[I] (+4) +0.0602641332<i316>[I] (-7) -0.0865396375<i317>[I] (+4) +0.151710831<i318>[I] (+0) -0.119643215<i319>[I] (-2) -0.201687715<i320>[I] (-1) +0.0508774982<i321>[I] (-5) +0.0448044265<i322>[I] (-1) +0.112048602<i323>[I] (+3) -0.103181883<i324>[I] (+0) +0.0731785568<i325>[I] (-7) +0.116533106<i326>[I] (+4) -0.102548506<i327>[I] (-2) -0.00907022002<i328>[I] (+5) +0.138973462<i329>[I] (-1) -0.133395154<i330>[I] (+4) -0.149947924<i331>[I] (+5) +0.0167510371<i332>[I] (-1) -0.117444541<i333>[I] (-2) -0.109554085<i334>[I] (-1) +0.0320399966<i335>[I] (-1) +0.112535412<i336>[I] (-2) +0.0532313612<i337>[I] (-1) +0.0356845656<i338>[I] (+0) +0.1639173<i339>[I] (-2) -0.149646854<i340>[I] (-2) -0.0749150681<i341>[I] (+4) +0.130819312<i342>[I] (-1) -0.156746511<i343>[I] (-1) +0.0200083624<i344>[I] (+5) -0.189534205<i345>[I] (-3) -0.0025196038<i346>[I] (-1) -0.0259448467<i347>[I] (+2) -0.0322360123<i348>[I] (-2) -0.0437496399<i349>[I] (+2) +0.0905377383<i350>[I] (-1) +0.0807311664<i351>[I] (-2) -0.167440107<i352>[I] (-1) +0.0473045317<i353>[I] (-2) +0.0644408179<i354>[I] (-1) -0.14422886<i355>[I] (-7) -0.0520342712<i356>[I] (+5) -0.0970558542<i357>[I] (+0) -0.0977826724<i358>[I] (-8) -0.0429004882<i359>[I] (-1) +0.00112652069<i360>[I] (-1) +0.0894376967<i361>[I] (-1) +0.0203294295<i362>[I] (-1) -0.19716384<i363>[I] (-1) -0.0485954134<i364>[I] (-1) +0.0482914775<i365>[I] (+2) -0.00971413245<i366>[I] (+3) -0.11038736<i367>[I] (+0) +0.0227714562<i368>[I] (+3) -0.135347695<i369>[I] (-2) +0.0453442546<i370>[I] (-8) -0.00483587617<i371>[I] (+5) -0.0355494228<i372>[I] (-2) -0.00716707489<i373>[I] (-8) -0.0147008008<i374>[I] (-1) -0.0947484614<i375>[I] (-7) -0.0527892101<i376>[I] (+5) +0.0904943995<i377>[I] (+5) +0.0929905873<i378>[I] (-2) -0.117955548<i379>[I] (-2) +0.00233295515<i380>[I] (-1) -0.0529767751<i381>[I] (+3) +0.0740538923<i382>[I] (-1) +0.0446221781<i383>[I] (+0) +0.0900416049<i384>[I] (-2) +0.0102632556<i385>[I] (-8) -0.111885942<i386>[I] (-1) -0.0547307158<i387>[I] (-1) +0.0632201654<i388>[I] (-1) +0.153976206<i389>[I] (-7) -0.0162144696<i390>[I] (-1) -0.0466317682<i391>[I] (-5) +0.0341254345<i392>[I] (+4) -0.0588026407<i393>[I] (-2) -0.0930254103<i394>[I] (+4) -0.0971941073<i395>[I] (+11) -0.0204001358<i396>[I] (+3) +0.00253147004<i397>[I] (-1) -0.121292753<i398>[I] (-1) +0.0723765519<i399>[I] (-1) -0.00635131734<i400>[I] (-7) -0.0947340907<i401>[I] (+5) -0.00537827139<i402>[I] (-3) -0.0477035503<i403>[I] (-1) +0.102777903<i404>[I] (+4) -0.0263306189<i405>[I] (+4) -0.134993758<i406>[I] (-7) -0.120252684<i407>[I] (-2) +0.161653644<i408>[I] (+2) -0.171113651<i409>[I] (+4) +0.178046955<i410>[I] (+4) +0.118996397<i411>[I] (+4) -0.0614937786<i412>[I] (+4) -0.0453818706<i413>[I] (+3) +0.0457081375<i414>[I] (-3) -0.21405874<i415>[I] (-1) -0.0120731908<i416>[I] (-3) +0.0638356637<i417>[I] (-2) +0.0927596693<i418>[I] (+5) -0.277389613<i419>[I] (-1) +0.0553866568<i420>[I] (-1) +0.155479946<i421>[I] (-4) +0.202088477<i422>[I] (-2) -0.0719289602<i423>[I] (+5) +0.0114858595<i424>[I] (+10) -0.0239494448<i425>[I] (-1) -0.0783278865<i426>[I] (-1) +0.0826043661<i427>[I] (-7) +0.0140480051<i428>[I] (-2) -0.166665546<i429>[I] (-2) +0.135578653<i430>[I] (-2) -0.210475969<i431>[I] (-2) -0.0326436162<i432>[I] (+5) +0.0445360753<i433>[I] (+5) -0.160185392<i434>[I] (+1) +0.0511794839<i435>[I] (-2) +0.045431281<i436>[I] (-1) -0.139981683<i437>[I] (-2) +0.144919631<i438>[I] (+5) -0.0816112564<i439>[I] (-1) -0.0490238228<i440>[I] (-2) +0.0172003421<i441>[I] (-1) +0.000369578076<i442>[I] (-2) +0.0149810402<i443>[I] (+4) -0.0221702984<i444>[I] (+3) +0.0016562115<i445>[I] (-8) +0.0144920628<i446>[I] (+2) -0.161204944<i447>[I] (-7) +0.0842692395<i448>[I] (+0) +0.136532606<i449>[I] (+2) -0.027038179<i450>[I] (+0) -0.0186755957<i451>[I] (-2) -0.00991657453<i452>[I] (+4) -0.0983981276<i453>[I] (-8) +0.075645639<i454>[I] (-2) +0.0150026264<i455>[I] (-1) +0.0512170765<i456>[I] (-1) -0.144886058<i457>[I] (-1) -0.0646080398<i458>[I] (-2) -0.0790796717<i459>[I] (+1) +0.0862746893<i460>[I] (+3) +0.12211989<i461>[I] (-7) +0.0457017071<i462>[I] (+0) +0.00911042231<i463>[I] (-1) -0.00843302588<i464>[I] (-1) -0.0973181496<i465>[I] (-1) -0.172414932<i466>[I] (+0) -0.0967625506<i467>[I] (+6) -0.0114128056<i468>[I] (-2) -0.00333428256<i469>[I] (-1) +0.128370615<i470>[I] (-6) +0.0469954035<i471>[I] (+5) +0.0125653939<i472>[I] (-2) +0.169327456<i473>[I] (-1) -0.0417060444<i474>[I] (+5) +0.00602000878<i475>[I] (+5) +0.180191403<i476>[I] (-1) -0.0353630854<i477>[I] (-1) -0.21872039<i478>[I] (+5) -0.178792234<i479>[I] (-1) +0.0185725343<i480>[I] (-1) -0.139694906<i481>[I] (-1) +0.0386692026<i482>[I] (-1) -0.11264725<i483>[I] (-8) +0.0518053672<i484>[I] (+2) +0.0401752454<i485>[I] (+2) -0.00866525137<i486>[I] (-2) +0.139602896<i487>[I] (-3) +0.139610547<i488>[I] (+5) -0.107898875<i489>[I] (+4) -0.00162702526<i490>[I] (+5) -0.0496079953<i491>[I] (-1) +0.00238351126<i492>[I] (-2) -0.0159831982<i493>[I] (-3) -0.00517106832<i494>[I] (-2) -0.105690161<i495>[I] (-2) +0.177386359<i496>[I] (-6) -0.110560914<i497>[I] (+10) +0.0510839408<i498>[I] (-1) -0.023617508<i499>[I] (+3) <= -0.926007390022278;
;
violation: right hand side is violated by 0.111886769951839
all 1 solutions given by solution candidate storage are infeasible

presolving:
   (0.1s) symmetry computation started: requiring (bin +, int +, cont +), (fixed: bin -, int -, cont -)
   (0.2s) no symmetry present (symcode time: 0.02)
presolving (1 rounds: 1 fast, 1 medium, 1 exhaustive):
 0 deleted vars, 0 deleted constraints, 0 added constraints, 1 tightened bounds, 0 added holes, 0 changed sides, 0 changed coefficients
 0 implications, 0 cliques
presolved problem has 501 variables (0 bin, 500 int, 0 impl, 1 cont) and 501 constraints
    500 constraints of type <linear>
      1 constraints of type <nonlinear>
Presolving Time: 0.18

 time | node  | left  |LP iter|LP it/n|mem/heur|mdpt |vars |cons |rows |cuts |sepa|confs|strbr|  dualbound   | primalbound  |  gap   | compl. 
  1.5s|     1 |     0 |   343 |     - |   138M |   0 |1502 | 501 |1501 |   0 |  0 |   0 |   0 |-2.477245e+01 |      --      |    Inf | unknown
  8.9s|     1 |     0 |  7727 |     - |   139M |   0 |1502 | 501 |1844 | 343 |  1 |   0 |   0 |-2.477245e+01 |      --      |    Inf | unknown
 18.6s|     1 |     0 | 18994 |     - |   150M |   0 |1502 | 501 |2220 | 719 |  2 |   0 |   0 |-2.469791e+01 |      --      |    Inf | unknown
 25.8s|     1 |     0 | 29697 |     - |   164M |   0 |1502 | 501 |2410 | 909 |  3 |   0 |   0 |-2.461420e+01 |      --      |    Inf | unknown
 29.9s|     1 |     0 | 36240 |     - |   174M |   0 |1502 | 501 |2466 | 965 |  4 |   0 |   0 |-2.459385e+01 |      --      |    Inf | unknown
 31.1s|     1 |     0 | 36848 |     - |   191M |   0 |1502 | 501 |2481 | 980 |  5 |   0 |   0 |-2.459328e+01 |      --      |    Inf | unknown
 32.3s|     1 |     0 | 37238 |     - |   207M |   0 |1502 | 501 |2493 | 992 |  6 |   0 |   0 |-2.459310e+01 |      --      |    Inf | unknown
 33.3s|     1 |     0 | 37449 |     - |   211M |   0 |1502 | 501 |2495 | 994 |  7 |   0 |   0 |-2.459296e+01 |      --      |    Inf | unknown
 34.2s|     1 |     0 | 37523 |     - |   223M |   0 |1502 | 501 |2496 | 995 |  8 |   0 |   0 |-2.459291e+01 |      --      |    Inf | unknown
 35.1s|     1 |     0 | 37638 |     - |   244M |   0 |1502 | 501 |2497 | 996 |  9 |   0 |   0 |-2.459287e+01 |      --      |    Inf | unknown
 36.0s|     1 |     0 | 37759 |     - |   253M |   0 |1502 | 501 |2500 | 999 | 10 |   0 |   0 |-2.459282e+01 |      --      |    Inf | unknown
 36.5s|     1 |     0 | 37814 |     - |   253M |   0 |1502 | 501 |1396 |1000 | 11 |   0 |   0 |-2.459281e+01 |      --      |    Inf | unknown
 37.1s|     1 |     0 | 37842 |     - |   253M |   0 |1502 | 501 |1397 |1001 | 12 |   0 |   0 |-2.459281e+01 |      --      |    Inf | unknown
 37.6s|     1 |     0 | 37878 |     - |   253M |   0 |1502 | 501 |1398 |1002 | 13 |   0 |   0 |-2.459280e+01 |      --      |    Inf | unknown
 38.2s|     1 |     0 | 37923 |     - |   254M |   0 |1502 | 501 |1399 |1003 | 14 |   0 |   0 |-2.459280e+01 |      --      |    Inf | unknown
 time | node  | left  |LP iter|LP it/n|mem/heur|mdpt |vars |cons |rows |cuts |sepa|confs|strbr|  dualbound   | primalbound  |  gap   | compl. 
 99.7s|     1 |     2 | 54678 |     - |   254M |   0 |1502 | 501 |1399 |1003 | 14 |   0 |  21 |-2.459237e+01 |      --      |    Inf | unknown
  345s|   100 |   101 |215886 |1797.6 |   263M |  25 |1502 | 501 |1217 |2193 |  2 |   0 | 315 |-2.459237e+01 |      --      |    Inf | unknown
  477s|   200 |   201 |374494 |1691.3 |   264M |  33 |1502 | 501 |1291 |3231 |  2 |   0 | 383 |-2.459237e+01 |      --      |    Inf | unknown
  589s|   300 |   301 |500729 |1547.8 |   265M |  33 |1502 | 501 |1313 |4231 |  2 |   0 | 450 |-2.458139e+01 |      --      |    Inf | unknown
  668s|   400 |   401 |623468 |1467.5 |   262M |  37 |1502 | 501 |1253 |4943 |  2 |   0 | 468 |-2.458000e+01 |      --      |    Inf | unknown
  743s|   500 |   501 |722025 |1370.9 |   262M |  45 |1502 | 501 |1284 |5701 |  2 |   0 | 470 |-2.458000e+01 |      --      |    Inf | unknown
  823s|   600 |   601 |826791 |1317.0 |   263M |  45 |1502 | 501 |1309 |6401 |  3 |   0 | 507 |-2.457988e+01 |      --      |    Inf | unknown
  927s|   700 |   701 |978946 |1346.2 |   265M |  45 |1502 | 501 |1426 |7343 |  2 |   0 | 516 |-2.457988e+01 |      --      |    Inf | unknown
 1015s|   800 |   801 |  1078k|1302.1 |   266M |  45 |1502 | 501 |1303 |8181 |  2 |   0 | 531 |-2.457959e+01 |      --      |    Inf | unknown
 1102s|   900 |   901 |  1190k|1281.7 |   267M |  45 |1502 | 501 |1265 |8971 |  2 |   0 | 537 |-2.457847e+01 |      --      |    Inf | unknown
 1172s|  1000 |  1001 |  1306k|1269.6 |   268M |  53 |1502 | 501 |1513 |9721 |  2 |   0 | 538 |-2.457822e+01 |      --      |    Inf | unknown
 1261s|  1100 |  1101 |  1423k|1260.7 |   269M |  53 |1502 | 501 |1329 |  10k|  2 |   0 | 563 |-2.457786e+01 |      --      |    Inf | unknown
 1341s|  1200 |  1201 |  1555k|1266.0 |   271M |  53 |1502 | 501 |1468 |  11k|  2 |   0 | 567 |-2.457786e+01 |      --      |    Inf | unknown
 1415s|  1300 |  1301 |  1691k|1272.6 |   272M |  53 |1502 | 501 |1356 |  12k|  2 |   0 | 568 |-2.457694e+01 |      --      |    Inf | unknown
 1496s|  1400 |  1401 |  1837k|1286.4 |   275M |  53 |1502 | 501 |1350 |  13k|  2 |   0 | 570 |-2.457680e+01 |      --      |    Inf | unknown
 time | node  | left  |LP iter|LP it/n|mem/heur|mdpt |vars |cons |rows |cuts |sepa|confs|strbr|  dualbound   | primalbound  |  gap   | compl. 
 1568s|  1500 |  1501 |  1951k|1276.6 |   276M |  53 |1502 | 501 |1304 |  14k|  1 |   0 | 578 |-2.457674e+01 |      --      |    Inf | unknown
 1653s|  1600 |  1601 |  2106k|1293.6 |   277M |  53 |1502 | 501 |1300 |  15k|  2 |   0 | 580 |-2.457674e+01 |      --      |    Inf | unknown
 1746s|  1700 |  1701 |  2264k|1310.4 |   278M |  53 |1502 | 501 |1400 |  16k|  2 |   0 | 599 |-2.457629e+01 |      --      |    Inf | unknown
 1818s|  1800 |  1801 |  2383k|1303.8 |   278M |  53 |1502 | 501 |1442 |  17k|  4 |   0 | 603 |-2.457561e+01 |      --      |    Inf | unknown
 1932s|  1900 |  1901 |  2579k|1338.3 |   280M |  53 |1502 | 501 |1572 |  19k|  2 |   0 | 625 |-2.457561e+01 |      --      |    Inf | unknown
 2012s|  2000 |  2001 |  2714k|1338.8 |   281M |  53 |1502 | 501 |1435 |  20k|  2 |   0 | 630 |-2.457415e+01 |      --      |    Inf | unknown
 2130s|  2100 |  2101 |  2921k|1373.7 |   283M |  55 |1502 | 501 |1239 |  21k|  2 |   0 | 648 |-2.457295e+01 |      --      |    Inf | unknown
 2224s|  2200 |  2201 |  3084k|1385.4 |   284M |  55 |1502 | 501 |1465 |  23k|  4 |   0 | 665 |-2.457295e+01 |      --      |    Inf | unknown
 2317s|  2300 |  2301 |  3245k|1395.4 |   287M |  55 |1502 | 501 |1538 |  24k|  2 |   0 | 677 |-2.457295e+01 |      --      |    Inf | unknown
 2422s|  2400 |  2401 |  3432k|1415.0 |   288M |  55 |1502 | 501 |1371 |  25k|  4 |   0 | 692 |-2.457207e+01 |      --      |    Inf | unknown
 2519s|  2500 |  2501 |  3602k|1426.3 |   289M |  55 |1502 | 501 |1396 |  27k|  2 |   0 | 700 |-2.457207e+01 |      --      |    Inf | unknown
 2632s|  2600 |  2601 |  3798k|1446.9 |   290M |  55 |1502 | 501 |1387 |  28k|  3 |   0 | 724 |-2.457207e+01 |      --      |    Inf | unknown
 2721s|  2700 |  2701 |  3958k|1452.8 |   292M |  59 |1502 | 501 |1366 |  29k|  2 |   0 | 730 |-2.457110e+01 |      --      |    Inf | unknown
 2797s|  2800 |  2801 |  4088k|1447.1 |   293M |  59 |1502 | 501 |1419 |  30k|  2 |   0 | 739 |-2.457110e+01 |      --      |    Inf | unknown
 2917s|  2900 |  2901 |  4326k|1479.2 |   293M |  59 |1502 | 501 |1336 |  32k|  5 |   0 | 753 |-2.457110e+01 |      --      |    Inf | unknown
 time | node  | left  |LP iter|LP it/n|mem/heur|mdpt |vars |cons |rows |cuts |sepa|confs|strbr|  dualbound   | primalbound  |  gap   | compl. 
 3022s|  3000 |  3001 |  4513k|1492.4 |   295M |  59 |1502 | 501 |1317 |  33k|  2 |   0 | 765 |-2.457037e+01 |      --      |    Inf | unknown
 3134s|  3100 |  3101 |  4720k|1511.0 |   297M |  59 |1502 | 501 |1405 |  35k|  2 |   0 | 771 |-2.457037e+01 |      --      |    Inf | unknown
 3221s|  3200 |  3201 |  4864k|1508.7 |   298M |  59 |1502 | 501 |1408 |  36k|  2 |   0 | 781 |-2.457037e+01 |      --      |    Inf | unknown
 3324s|  3300 |  3301 |  5045k|1517.8 |   298M |  59 |1502 | 501 |1591 |  38k|  2 |   0 | 790 |-2.456858e+01 |      --      |    Inf | unknown
 3425s|  3400 |  3401 |  5232k|1528.4 |   299M |  61 |1502 | 501 |1257 |  39k|  2 |   0 | 797 |-2.456858e+01 |      --      |    Inf | unknown
 3515s|  3500 |  3501 |  5401k|1532.8 |   301M |  63 |1502 | 501 |1359 |  40k|  5 |   0 | 806 |-2.456515e+01 |      --      |    Inf | unknown
 3617s|  3600 |  3601 |  5588k|1542.2 |   302M |  63 |1502 | 501 |1272 |  41k|  2 |   0 | 810 |-2.456515e+01 |      --      |    Inf | unknown
 3712s|  3700 |  3701 |  5758k|1546.5 |   302M |  63 |1502 | 501 |1281 |  43k|  2 |   0 | 823 |-2.456515e+01 |      --      |    Inf | unknown
 3804s|  3800 |  3801 |  5927k|1550.2 |   303M |  63 |1502 | 501 |1360 |  44k|  4 |   0 | 824 |-2.456515e+01 |      --      |    Inf | unknown
 3912s|  3900 |  3901 |  6125k|1561.3 |   305M |  63 |1502 | 501 |1435 |  45k|  4 |   0 | 835 |-2.456515e+01 |      --      |    Inf | unknown
 4020s|  4000 |  4001 |  6320k|1571.1 |   306M |  63 |1502 | 501 |1330 |  46k|  2 |   0 | 838 |-2.456515e+01 |      --      |    Inf | unknown
 4094s|  4100 |  4101 |  6441k|1562.1 |   308M |  63 |1502 | 501 |1292 |  47k|  2 |   0 | 851 |-2.456455e+01 |      --      |    Inf | unknown
 4196s|  4200 |  4201 |  6629k|1569.8 |   309M |  63 |1502 | 501 |1292 |  49k|  2 |   0 | 859 |-2.456455e+01 |      --      |    Inf | unknown
 4294s|  4300 |  4301 |  6807k|1574.6 |   310M |  63 |1502 | 501 |1402 |  50k|  5 |   0 | 863 |-2.456455e+01 |      --      |    Inf | unknown
 4400s|  4400 |  4401 |  6995k|1581.5 |   311M |  63 |1502 | 501 |1390 |  51k|  2 |   0 | 879 |-2.456455e+01 |      --      |    Inf | unknown
 time | node  | left  |LP iter|LP it/n|mem/heur|mdpt |vars |cons |rows |cuts |sepa|confs|strbr|  dualbound   | primalbound  |  gap   | compl. 
 4490s|  4500 |  4501 |  7161k|1583.3 |   311M |  63 |1502 | 501 |1356 |  52k|  1 |   0 | 880 |-2.456384e+01 |      --      |    Inf | unknown
 4587s|  4600 |  4601 |  7331k|1585.8 |   311M |  63 |1502 | 501 |1432 |  54k|  2 |   0 | 900 |-2.456384e+01 |      --      |    Inf | unknown
 4691s|  4700 |  4701 |  7528k|1594.1 |   312M |  63 |1502 | 501 |1401 |  55k|  2 |   0 | 906 |-2.456384e+01 |      --      |    Inf | unknown
 4795s|  4800 |  4801 |  7721k|1601.1 |   314M |  63 |1502 | 501 |1441 |  56k|  4 |   0 | 911 |-2.456312e+01 |      --      |    Inf | unknown
 4919s|  4900 |  4901 |  7944k|1613.9 |   315M |  63 |1502 | 501 |1494 |  58k|  5 |   0 | 926 |-2.456312e+01 |      --      |    Inf | unknown
 5012s|  5000 |  5001 |  8113k|1615.5 |   316M |  63 |1502 | 501 |1567 |  59k|  2 |   0 | 926 |-2.456312e+01 |      --      |    Inf | unknown
 5096s|  5100 |  5101 |  8269k|1614.3 |   316M |  63 |1502 | 501 |1454 |  60k|  2 |   0 | 940 |-2.456293e+01 |      --      |    Inf | unknown
 5204s|  5200 |  5201 |  8455k|1619.1 |   318M |  63 |1502 | 501 |1576 |  61k|  2 |   0 | 944 |-2.456293e+01 |      --      |    Inf | unknown
 5301s|  5300 |  5301 |  8635k|1622.5 |   318M |  69 |1502 | 501 |1427 |  62k|  1 |   0 | 951 |-2.456293e+01 |      --      |    Inf | unknown
 5400s|  5400 |  5401 |  8819k|1626.5 |   319M |  69 |1502 | 501 |1384 |  64k|  2 |   0 | 957 |-2.456293e+01 |      --      |    Inf | unknown
 5495s|  5500 |  5501 |  9000k|1629.8 |   319M |  69 |1502 | 501 |1355 |  65k|  4 |   0 | 962 |-2.456293e+01 |      --      |    Inf | unknown
 5595s|  5600 |  5601 |  9182k|1633.2 |   320M |  69 |1502 | 501 |1526 |  66k|  4 |   0 | 976 |-2.456293e+01 |      --      |    Inf | unknown
 5683s|  5700 |  5701 |  9351k|1634.2 |   320M |  69 |1502 | 501 |1456 |  67k|  2 |   0 | 982 |-2.456293e+01 |      --      |    Inf | unknown
 5772s|  5800 |  5801 |  9522k|1635.6 |   321M |  69 |1502 | 501 |1458 |  68k|  4 |   0 | 986 |-2.456293e+01 |      --      |    Inf | unknown
 5857s|  5900 |  5901 |  9676k|1634.0 |   322M |  69 |1502 | 501 |1389 |  69k|  2 |   0 | 993 |-2.456293e+01 |      --      |    Inf | unknown
 time | node  | left  |LP iter|LP it/n|mem/heur|mdpt |vars |cons |rows |cuts |sepa|confs|strbr|  dualbound   | primalbound  |  gap   | compl. 
 5943s|  6000 |  6001 |  9824k|1631.4 |   322M |  69 |1502 | 501 |1486 |  70k|  2 |   0 |1006 |-2.456293e+01 |      --      |    Inf | unknown
 6051s|  6100 |  6101 | 10028k|1638.1 |   323M |  69 |1502 | 501 |1554 |  71k|  4 |   0 |1009 |-2.456293e+01 |      --      |    Inf | unknown
 6155s|  6200 |  6201 | 10217k|1642.1 |   325M |  69 |1502 | 501 |1546 |  73k|  2 |   0 |1018 |-2.456293e+01 |      --      |    Inf | unknown
 6250s|  6300 |  6301 | 10388k|1643.2 |   326M |  69 |1502 | 501 |1432 |  74k|  2 |   0 |1024 |-2.456293e+01 |      --      |    Inf | unknown
 6329s|  6400 |  6401 | 10530k|1639.8 |   327M |  69 |1502 | 501 |1382 |  75k|  2 |   0 |1024 |-2.456293e+01 |      --      |    Inf | unknown
 6417s|  6500 |  6501 | 10696k|1640.1 |   328M |  69 |1502 | 501 |1548 |  76k|  2 |   0 |1030 |-2.456293e+01 |      --      |    Inf | unknown
 6504s|  6600 |  6601 | 10858k|1639.8 |   329M |  69 |1502 | 501 |1475 |  77k|  2 |   0 |1037 |-2.456293e+01 |      --      |    Inf | unknown
 6609s|  6700 |  6701 | 11046k|1643.4 |   331M |  69 |1502 | 501 |1497 |  79k|  2 |   0 |1041 |-2.456293e+01 |      --      |    Inf | unknown
 6710s|  6800 |  6801 | 11235k|1646.9 |   331M |  69 |1502 | 501 |1345 |  80k|  2 |   0 |1051 |-2.456293e+01 |      --      |    Inf | unknown
 6786s|  6900 |  6901 | 11373k|1643.0 |   331M |  69 |1502 | 501 |1514 |  81k|  2 |   0 |1051 |-2.456293e+01 |      --      |    Inf | unknown
 6871s|  7000 |  7001 | 11532k|1642.4 |   331M |  69 |1502 | 501 |1512 |  82k|  2 |   0 |1052 |-2.456293e+01 |      --      |    Inf | unknown
 6998s|  7100 |  7101 | 11767k|1652.3 |   333M |  69 |1502 | 501 |1575 |  84k|  3 |   0 |1066 |-2.456293e+01 |      --      |    Inf | unknown
 7078s|  7200 |  7201 | 11910k|1649.2 |   334M |  69 |1502 | 501 |1463 |  85k|  2 |   0 |1066 |-2.456293e+01 |      --      |    Inf | unknown
 7182s|  7300 |  7301 | 12109k|1653.9 |   334M |  69 |1502 | 501 |1384 |  86k|  2 |   0 |1074 |-2.456293e+01 |      --      |    Inf | unknown
 7267s|  7400 |  7401 | 12250k|1650.6 |   334M |  69 |1502 | 501 |1505 |  87k|  2 |   0 |1085 |-2.456293e+01 |      --      |    Inf | unknown
 time | node  | left  |LP iter|LP it/n|mem/heur|mdpt |vars |cons |rows |cuts |sepa|confs|strbr|  dualbound   | primalbound  |  gap   | compl. 
 7372s|  7500 |  7501 | 12439k|1653.7 |   335M |  69 |1502 | 501 |1537 |  89k|  2 |   0 |1091 |-2.456293e+01 |      --      |    Inf | unknown
 7470s|  7600 |  7601 | 12611k|1654.7 |   337M |  69 |1502 | 501 |1400 |  90k|  2 |   0 |1094 |-2.456293e+01 |      --      |    Inf | unknown
 7583s|  7700 |  7701 | 12818k|1660.0 |   337M |  69 |1502 | 501 |1407 |  91k|  2 |   0 |1103 |-2.456293e+01 |      --      |    Inf | unknown
 7687s|  7800 |  7801 | 13016k|1664.1 |   337M |  69 |1502 | 501 |1589 |  93k|  4 |   0 |1107 |-2.456293e+01 |      --      |    Inf | unknown
 7776s|  7900 |  7901 | 13175k|1663.2 |   338M |  69 |1502 | 501 |1485 |  94k|  1 |   0 |1111 |-2.456293e+01 |      --      |    Inf | unknown
 7867s|  8000 |  8001 | 13347k|1663.9 |   339M |  69 |1502 | 501 |1422 |  95k|  2 |   0 |1117 |-2.456293e+01 |      --      |    Inf | unknown
 7951s|  8100 |  8101 | 13501k|1662.3 |   340M |  69 |1502 | 501 |1392 |  96k|  2 |   0 |1117 |-2.456293e+01 |      --      |    Inf | unknown
 8046s|  8200 |  8201 | 13679k|1663.8 |   341M |  69 |1502 | 501 |1389 |  97k|  4 |   0 |1120 |-2.456293e+01 |      --      |    Inf | unknown
 8130s|  8300 |  8301 | 13827k|1661.6 |   341M |  69 |1502 | 501 |1484 |  99k|  1 |   0 |1127 |-2.456293e+01 |      --      |    Inf | unknown
 8214s|  8400 |  8401 | 13979k|1659.9 |   342M |  69 |1502 | 501 |1465 | 100k|  2 |   0 |1130 |-2.456293e+01 |      --      |    Inf | unknown
 8318s|  8500 |  8501 | 14190k|1665.2 |   343M |  69 |1502 | 501 |1329 | 101k|  2 |   0 |1131 |-2.456293e+01 |      --      |    Inf | unknown
 8422s|  8600 |  8601 | 14387k|1668.8 |   344M |  69 |1502 | 501 |1345 | 102k|  1 |   0 |1140 |-2.456293e+01 |      --      |    Inf | unknown
 8523s|  8700 |  8701 | 14576k|1671.2 |   344M |  69 |1502 | 501 |1613 | 104k|  1 |   0 |1142 |-2.456293e+01 |      --      |    Inf | unknown
 8628s|  8800 |  8801 | 14763k|1673.6 |   344M |  69 |1502 | 501 |1559 | 105k|  5 |   0 |1152 |-2.456293e+01 |      --      |    Inf | unknown
 8731s|  8900 |  8901 | 14953k|1676.1 |   346M |  69 |1502 | 501 |1499 | 107k|  4 |   0 |1158 |-2.456293e+01 |      --      |    Inf | unknown
 time | node  | left  |LP iter|LP it/n|mem/heur|mdpt |vars |cons |rows |cuts |sepa|confs|strbr|  dualbound   | primalbound  |  gap   | compl. 
 8836s|  9000 |  9001 | 15161k|1680.5 |   346M |  69 |1502 | 501 |1458 | 108k|  2 |   0 |1158 |-2.456293e+01 |      --      |    Inf | unknown
 8928s|  9100 |  9101 | 15332k|1681.0 |   348M |  69 |1502 | 501 |1322 | 109k|  2 |   0 |1163 |-2.456293e+01 |      --      |    Inf | unknown
 9015s|  9200 |  9201 | 15491k|1679.9 |   348M |  69 |1502 | 501 |1521 | 110k|  2 |   0 |1164 |-2.456293e+01 |      --      |    Inf | unknown
 9091s|  9300 |  9301 | 15623k|1676.0 |   350M |  69 |1502 | 501 |1388 | 111k|  2 |   0 |1166 |-2.456293e+01 |      --      |    Inf | unknown
 9184s|  9400 |  9401 | 15803k|1677.3 |   350M |  69 |1502 | 501 |1387 | 112k|  2 |   0 |1171 |-2.456293e+01 |      --      |    Inf | unknown
 9271s|  9500 |  9501 | 15958k|1676.1 |   351M |  69 |1502 | 501 |1415 | 113k|  4 |   0 |1173 |-2.456293e+01 |      --      |    Inf | unknown
 9342s|  9600 |  9601 | 16089k|1672.2 |   351M |  71 |1502 | 501 |1590 | 114k|  1 |   0 |1177 |-2.456230e+01 |      --      |    Inf | unknown
 9432s|  9700 |  9701 | 16256k|1672.2 |   352M |  71 |1502 | 501 |1516 | 115k|  4 |   0 |1179 |-2.456230e+01 |      --      |    Inf | unknown
 9525s|  9800 |  9801 | 16426k|1672.5 |   353M |  71 |1502 | 501 |1310 | 116k|  1 |   0 |1184 |-2.456230e+01 |      --      |    Inf | unknown
 9618s|  9900 |  9901 | 16603k|1673.5 |   353M |  71 |1502 | 501 |1600 | 117k|  2 |   0 |1184 |-2.456230e+01 |      --      |    Inf | unknown
 9721s| 10000 | 10001 | 16788k|1675.3 |   353M |  71 |1502 | 501 |1558 | 119k|  2 |   0 |1191 |-2.456229e+01 |      --      |    Inf | unknown
 9812s| 10100 | 10101 | 16956k|1675.3 |   353M |  71 |1502 | 501 |1500 | 120k|  4 |   0 |1196 |-2.456229e+01 |      --      |    Inf | unknown
 9901s| 10200 | 10201 | 17123k|1675.2 |   353M |  71 |1502 | 501 |1368 | 121k|  3 |   0 |1196 |-2.456229e+01 |      --      |    Inf | unknown
 9974s| 10300 | 10301 | 17255k|1671.8 |   355M |  73 |1502 | 501 |1514 | 122k|  1 |   0 |1200 |-2.456229e+01 |      --      |    Inf | unknown
  168m| 10400 | 10401 | 17440k|1673.5 |   355M |  73 |1502 | 501 |1354 | 123k|  2 |   0 |1209 |-2.456118e+01 |      --      |    Inf | unknown
 time | node  | left  |LP iter|LP it/n|mem/heur|mdpt |vars |cons |rows |cuts |sepa|confs|strbr|  dualbound   | primalbound  |  gap   | compl. 
  170m| 10500 | 10501 | 17649k|1677.5 |   355M |  73 |1502 | 501 |1628 | 125k|  3 |   0 |1212 |-2.456118e+01 |      --      |    Inf | unknown
  171m| 10600 | 10601 | 17798k|1675.6 |   355M |  73 |1502 | 501 |1602 | 126k|  3 |   0 |1213 |-2.456113e+01 |      --      |    Inf | unknown
  173m| 10700 | 10701 | 17985k|1677.5 |   357M |  73 |1502 | 501 |1437 | 127k|  2 |   0 |1221 |-2.456090e+01 |      --      |    Inf | unknown
  174m| 10800 | 10801 | 18105k|1673.1 |   357M |  73 |1502 | 501 |1462 | 128k|  2 |   0 |1231 |-2.456090e+01 |      --      |    Inf | unknown
  175m| 10900 | 10901 | 18275k|1673.4 |   358M |  73 |1502 | 501 |1351 | 129k|  2 |   0 |1232 |-2.456064e+01 |      --      |    Inf | unknown
  177m| 11000 | 11001 | 18449k|1673.9 |   358M |  73 |1502 | 501 |1342 | 131k|  2 |   0 |1232 |-2.456064e+01 |      --      |    Inf | unknown
  178m| 11100 | 11101 | 18606k|1673.0 |   358M |  75 |1502 | 501 |1524 | 132k|  2 |   0 |1239 |-2.456064e+01 |      --      |    Inf | unknown

SCIP Status        : solving was interrupted [time limit reached]
Solving Time (sec) : 10800.01
Solving Nodes      : 11194
Primal Bound       : +1.00000000000000e+20 (0 solutions)
Dual Bound         : -2.45603283226027e+01
Gap                : infinite

