Solver command line: ['/cvmfs/soft.computecanada.ca/easybuild/software/2023/x86-64-v4/Compiler/gcc12/scipoptsuite/9.0.0/bin/scip', '/tmp/tmp3031xrtr.pyomo', '-AMPL']

SCIP version 9.0.0 [precision: 8 byte] [memory: block] [mode: optimized] [LP solver: Soplex 7.0.0] [GitHash: 7205bedd94]
Copyright (c) 2002-2024 Zuse Institute Berlin (ZIB)

External libraries: 
  Readline 8.1         GNU library for command line editing (gnu.org/s/readline)
  Soplex 7.0.0         Linear Programming Solver developed at Zuse Institute Berlin (soplex.zib.de) [GitHash: 6657fb3b]
  CppAD 20180000.0     Algorithmic Differentiation of C++ algorithms developed by B. Bell (github.com/coin-or/CppAD)
  ZLIB 1.2.13          General purpose compression library by J. Gailly and M. Adler (zlib.net)
  GMP 6.2.1            GNU Multiple Precision Arithmetic Library developed by T. Granlund (gmplib.org)
  ZIMPL 3.5.3          Zuse Institute Mathematical Programming Language developed by T. Koch (zimpl.zib.de)
  AMPL/MP 690e9e7      AMPL .nl file reader library (github.com/ampl/mp)
  PaPILO 2.2.0         parallel presolve for integer and linear optimization (github.com/scipopt/papilo) (built with TBB) [GitHash: df30ae49]
  bliss 0.77           Computing Graph Automorphisms by T. Junttila and P. Kaski (users.aalto.fi/~tjunttil/bliss)
  sassy 1.1            Symmetry preprocessor by Markus Anders (github.com/markusa4/sassy)
  Ipopt 3.14.14        Interior Point Optimizer developed by A. Waechter et.al. (github.com/coin-or/Ipopt)

reading user parameter file <scip.set>
===========================

limits/time = 10800

read problem </tmp/tmp3031xrtr.pyomo.nl>
============

original problem has 501 variables (0 bin, 500 int, 0 impl, 1 cont) and 501 constraints

solve problem
=============

1/1 feasible solution given by solution candidate storage, new primal bound 0.000000e+00

presolving:
   (0.1s) symmetry computation started: requiring (bin +, int +, cont +), (fixed: bin -, int -, cont -)
   (0.2s) no symmetry present (symcode time: 0.02)
presolving (1 rounds: 1 fast, 1 medium, 1 exhaustive):
 0 deleted vars, 0 deleted constraints, 0 added constraints, 1 tightened bounds, 0 added holes, 0 changed sides, 0 changed coefficients
 0 implications, 0 cliques
presolved problem has 501 variables (0 bin, 500 int, 0 impl, 1 cont) and 501 constraints
    500 constraints of type <linear>
      1 constraints of type <nonlinear>
Presolving Time: 0.18
transformed 1/1 original solutions to the transformed problem space

 time | node  | left  |LP iter|LP it/n|mem/heur|mdpt |vars |cons |rows |cuts |sepa|confs|strbr|  dualbound   | primalbound  |  gap   | compl. 
  3.1s|     1 |     0 |  4407 |     - |   133M |   0 |1502 | 501 |2500 |   0 |  0 |   0 |   0 |-2.477245e+01 | 0.000000e+00 |    Inf | unknown
  6.9s|     1 |     0 |  6834 |     - |   140M |   0 |1502 | 501 |3001 | 501 |  1 |   0 |   0 |-2.477245e+01 | 0.000000e+00 |    Inf | unknown
 12.8s|     1 |     0 | 19976 |     - |   166M |   0 |1502 | 501 |3496 | 996 |  2 |   0 |   0 |-2.477245e+01 | 0.000000e+00 |    Inf | unknown
 17.2s|     1 |     0 | 32633 |     - |   168M |   0 |1502 | 501 |3964 |1464 |  3 |   0 |   0 |-2.477245e+01 | 0.000000e+00 |    Inf | unknown
 22.6s|     1 |     0 | 45926 |     - |   170M |   0 |1502 | 501 |4395 |1895 |  4 |   0 |   0 |-2.477245e+01 | 0.000000e+00 |    Inf | unknown
 28.9s|     1 |     0 | 59519 |     - |   181M |   0 |1502 | 501 |4768 |2268 |  5 |   0 |   0 |-2.475185e+01 | 0.000000e+00 |    Inf | unknown
 29.9s|     1 |     0 | 59519 |     - |   181M |   0 |1502 | 501 |4768 |2268 |  5 |   0 |   0 |-2.475185e+01 | 0.000000e+00 |    Inf | unknown
 36.0s|     1 |     0 | 70405 |     - |   192M |   0 |1502 | 501 |5039 |2539 |  6 |   0 |   0 |-2.464565e+01 | 0.000000e+00 |    Inf | unknown
 36.9s|     1 |     0 | 70405 |     - |   192M |   0 |1502 | 501 |5039 |2539 |  6 |   0 |   0 |-2.464565e+01 | 0.000000e+00 |    Inf | unknown
 40.7s|     1 |     0 | 76743 |     - |   208M |   0 |1502 | 501 |5152 |2652 |  7 |   0 |   0 |-2.459725e+01 | 0.000000e+00 |    Inf | unknown
 41.6s|     1 |     0 | 76743 |     - |   208M |   0 |1502 | 501 |5152 |2652 |  7 |   0 |   0 |-2.459725e+01 | 0.000000e+00 |    Inf | unknown
 43.4s|     1 |     0 | 78326 |     - |   226M |   0 |1502 | 501 |5194 |2694 |  8 |   0 |   0 |-2.458543e+01 | 0.000000e+00 |    Inf | unknown
 44.2s|     1 |     0 | 78326 |     - |   226M |   0 |1502 | 501 |5194 |2694 |  8 |   0 |   0 |-2.458543e+01 | 0.000000e+00 |    Inf | unknown
 45.4s|     1 |     0 | 78497 |     - |   241M |   0 |1502 | 501 |5200 |2700 |  9 |   0 |   0 |-2.458514e+01 | 0.000000e+00 |    Inf | unknown
 46.3s|     1 |     0 | 78497 |     - |   241M |   0 |1502 | 501 |5200 |2700 |  9 |   0 |   0 |-2.458514e+01 | 0.000000e+00 |    Inf | unknown
 time | node  | left  |LP iter|LP it/n|mem/heur|mdpt |vars |cons |rows |cuts |sepa|confs|strbr|  dualbound   | primalbound  |  gap   | compl. 
 47.4s|     1 |     0 | 78544 |     - |   244M |   0 |1502 | 501 |5203 |2703 | 10 |   0 |   0 |-2.458508e+01 | 0.000000e+00 |    Inf | unknown
 48.8s|     1 |     0 | 78605 |     - |   245M |   0 |1502 | 501 |2716 |2704 | 11 |   0 |   0 |-2.458498e+01 | 0.000000e+00 |    Inf | unknown
 50.3s|     1 |     0 | 78637 |     - |   245M |   0 |1502 | 501 |2718 |2706 | 12 |   0 |   0 |-2.458496e+01 | 0.000000e+00 |    Inf | unknown
 51.7s|     1 |     0 | 78659 |     - |   246M |   0 |1502 | 501 |2719 |2707 | 13 |   0 |   0 |-2.458495e+01 | 0.000000e+00 |    Inf | unknown
 53.2s|     1 |     0 | 78671 |     - |   246M |   0 |1502 | 501 |2720 |2708 | 14 |   0 |   0 |-2.458495e+01 | 0.000000e+00 |    Inf | unknown
 54.6s|     1 |     0 | 78677 |     - |   246M |   0 |1502 | 501 |2721 |2709 | 15 |   0 |   0 |-2.458495e+01 | 0.000000e+00 |    Inf | unknown
 56.0s|     1 |     0 | 78679 |     - |   246M |   0 |1502 | 501 |2722 |2710 | 16 |   0 |   0 |-2.458495e+01 | 0.000000e+00 |    Inf | unknown
  541s|     1 |     2 |882218 |     - |   247M |   0 |1502 | 501 |2722 |2710 | 17 |   0 |  22 |-2.458424e+01 | 0.000000e+00 |    Inf | unknown
  840s|   100 |   101 |  1107k|10390.1 |   254M |  17 |1502 | 501 |1297 |4154 |  2 |   0 | 361 |-2.458415e+01 | 0.000000e+00 |    Inf | unknown
  964s|   200 |   201 |  1253k|5906.0 |   255M |  37 |1502 | 501 |1334 |4917 |  2 |   0 | 416 |-2.458415e+01 | 0.000000e+00 |    Inf | unknown
 1059s|   300 |   301 |  1361k|4290.1 |   256M |  37 |1502 | 501 |1332 |5586 |  2 |   0 | 442 |-2.458415e+01 | 0.000000e+00 |    Inf | unknown
 1148s|   400 |   401 |  1495k|3550.2 |   254M |  37 |1502 | 501 |1434 |6647 |  3 |   0 | 451 |-2.458415e+01 | 0.000000e+00 |    Inf | unknown
 1252s|   500 |   501 |  1623k|3095.2 |   253M |  37 |1502 | 501 |1393 |7593 |  2 |   0 | 480 |-2.458415e+01 | 0.000000e+00 |    Inf | unknown
 1336s|   600 |   601 |  1733k|2763.2 |   254M |  37 |1502 | 501 |1374 |8262 |  2 |   0 | 481 |-2.458415e+01 | 0.000000e+00 |    Inf | unknown
 1436s|   700 |   701 |  1859k|2547.4 |   255M |  37 |1502 | 501 |1357 |9177 |  4 |   0 | 499 |-2.458415e+01 | 0.000000e+00 |    Inf | unknown
 time | node  | left  |LP iter|LP it/n|mem/heur|mdpt |vars |cons |rows |cuts |sepa|confs|strbr|  dualbound   | primalbound  |  gap   | compl. 
 1526s|   800 |   801 |  1992k|2394.9 |   256M |  37 |1502 | 501 |1323 |  10k|  2 |   0 | 502 |-2.458415e+01 | 0.000000e+00 |    Inf | unknown
 1647s|   900 |   901 |  2149k|2303.0 |   257M |  37 |1502 | 501 |1408 |  11k|  2 |   0 | 527 |-2.458415e+01 | 0.000000e+00 |    Inf | unknown
 1746s|  1000 |  1001 |  2287k|2210.7 |   257M |  37 |1502 | 501 |1379 |  12k|  2 |   0 | 535 |-2.458415e+01 | 0.000000e+00 |    Inf | unknown
 1845s|  1100 |  1101 |  2446k|2154.2 |   259M |  37 |1502 | 501 |1438 |  13k|  2 |   0 | 538 |-2.458415e+01 | 0.000000e+00 |    Inf | unknown
 1953s|  1200 |  1201 |  2603k|2105.9 |   259M |  37 |1502 | 501 |1415 |  14k|  1 |   0 | 538 |-2.458415e+01 | 0.000000e+00 |    Inf | unknown
 2047s|  1300 |  1301 |  2747k|2054.3 |   262M |  37 |1502 | 501 |1426 |  15k|  2 |   0 | 552 |-2.458415e+01 | 0.000000e+00 |    Inf | unknown
 2149s|  1400 |  1401 |  2896k|2014.4 |   263M |  37 |1502 | 501 |1348 |  16k|  2 |   0 | 555 |-2.458415e+01 | 0.000000e+00 |    Inf | unknown
 2250s|  1500 |  1501 |  3056k|1986.3 |   263M |  37 |1502 | 501 |1400 |  17k|  2 |   0 | 568 |-2.458415e+01 | 0.000000e+00 |    Inf | unknown
 2346s|  1600 |  1601 |  3217k|1963.0 |   263M |  37 |1502 | 501 |1515 |  18k|  4 |   0 | 571 |-2.458415e+01 | 0.000000e+00 |    Inf | unknown
 2464s|  1700 |  1701 |  3411k|1961.4 |   265M |  37 |1502 | 501 |1442 |  20k|  1 |   0 | 586 |-2.458415e+01 | 0.000000e+00 |    Inf | unknown
 2575s|  1800 |  1801 |  3583k|1948.2 |   266M |  37 |1502 | 501 |1427 |  21k|  4 |   0 | 609 |-2.458415e+01 | 0.000000e+00 |    Inf | unknown
 2675s|  1900 |  1901 |  3731k|1923.7 |   266M |  37 |1502 | 501 |1394 |  23k|  2 |   0 | 616 |-2.458415e+01 | 0.000000e+00 |    Inf | unknown
 2763s|  2000 |  2001 |  3866k|1894.7 |   267M |  37 |1502 | 501 |1383 |  24k|  2 |   0 | 635 |-2.458415e+01 | 0.000000e+00 |    Inf | unknown
 2846s|  2100 |  2101 |  3993k|1865.3 |   268M |  63 |1502 | 501 |1418 |  25k|  2 |   0 | 638 |-2.458415e+01 | 0.000000e+00 |    Inf | unknown
 2925s|  2200 |  2201 |  4128k|1841.8 |   271M |  63 |1502 | 501 |1345 |  26k|  2 |   0 | 644 |-2.458415e+01 | 0.000000e+00 |    Inf | unknown
 time | node  | left  |LP iter|LP it/n|mem/heur|mdpt |vars |cons |rows |cuts |sepa|confs|strbr|  dualbound   | primalbound  |  gap   | compl. 
 3030s|  2300 |  2301 |  4301k|1836.6 |   272M |  63 |1502 | 504 |1432 |  27k|  3 |   4 | 666 |-2.457157e+01 | 0.000000e+00 |    Inf | unknown
 3127s|  2400 |  2401 |  4479k|1834.5 |   272M |  77 |1502 | 507 |1384 |  28k|  2 |   7 | 669 |-2.457157e+01 | 0.000000e+00 |    Inf | unknown
 3226s|  2500 |  2501 |  4647k|1828.4 |   273M |  77 |1502 | 508 |1564 |  29k|  3 |  10 | 691 |-2.457157e+01 | 0.000000e+00 |    Inf | unknown
 3325s|  2600 |  2601 |  4816k|1823.0 |   275M |  77 |1502 | 508 |1380 |  30k|  2 |  13 | 699 |-2.457157e+01 | 0.000000e+00 |    Inf | unknown
 3413s|  2700 |  2701 |  4957k|1807.7 |   277M |  77 |1502 | 506 |1539 |  31k|  2 |  13 | 712 |-2.457157e+01 | 0.000000e+00 |    Inf | unknown
 3514s|  2800 |  2801 |  5119k|1800.9 |   277M |  77 |1502 | 505 |1346 |  32k|  3 |  15 | 740 |-2.457157e+01 | 0.000000e+00 |    Inf | unknown
 3619s|  2900 |  2901 |  5296k|1799.8 |   278M |  77 |1502 | 506 |1532 |  33k|  2 |  17 | 758 |-2.457157e+01 | 0.000000e+00 |    Inf | unknown
 3733s|  3000 |  3001 |  5499k|1807.6 |   278M |  77 |1502 | 504 |1429 |  34k|  2 |  18 | 765 |-2.457157e+01 | 0.000000e+00 |    Inf | unknown
 3837s|  3100 |  3101 |  5695k|1812.4 |   280M |  77 |1502 | 502 |1513 |  35k|  3 |  18 | 776 |-2.457157e+01 | 0.000000e+00 |    Inf | unknown
 3927s|  3200 |  3201 |  5840k|1801.2 |   282M |  77 |1502 | 503 |1388 |  36k|  4 |  20 | 791 |-2.457157e+01 | 0.000000e+00 |    Inf | unknown
 4008s|  3300 |  3301 |  5976k|1787.8 |   283M |  77 |1502 | 504 |1548 |  37k|  2 |  21 | 791 |-2.457157e+01 | 0.000000e+00 |    Inf | unknown
 4103s|  3400 |  3401 |  6144k|1784.5 |   283M |  77 |1502 | 503 |1342 |  38k|  2 |  21 | 800 |-2.457157e+01 | 0.000000e+00 |    Inf | unknown
 4192s|  3500 |  3501 |  6292k|1775.8 |   283M |  77 |1502 | 502 |1525 |  39k|  2 |  21 | 808 |-2.457157e+01 | 0.000000e+00 |    Inf | unknown
 4275s|  3600 |  3601 |  6429k|1764.6 |   284M |  77 |1502 | 503 |1391 |  40k|  4 |  23 | 809 |-2.457157e+01 | 0.000000e+00 |    Inf | unknown
 4372s|  3700 |  3701 |  6593k|1761.3 |   285M |  77 |1502 | 505 |1606 |  41k|  5 |  25 | 820 |-2.457157e+01 | 0.000000e+00 |    Inf | unknown
 time | node  | left  |LP iter|LP it/n|mem/heur|mdpt |vars |cons |rows |cuts |sepa|confs|strbr|  dualbound   | primalbound  |  gap   | compl. 
 4467s|  3800 |  3801 |  6776k|1763.2 |   286M |  77 |1502 | 503 |1303 |  42k|  2 |  25 | 825 |-2.456443e+01 | 0.000000e+00 |    Inf | unknown
 4549s|  3900 |  3901 |  6901k|1750.0 |   288M |  77 |1502 | 503 |1524 |  43k|  2 |  25 | 832 |-2.456443e+01 | 0.000000e+00 |    Inf | unknown
 4634s|  4000 |  4001 |  7047k|1742.6 |   288M |  77 |1502 | 504 |1395 |  44k|  5 |  28 | 839 |-2.456443e+01 | 0.000000e+00 |    Inf | unknown
 4732s|  4100 |  4101 |  7230k|1744.7 |   290M |  77 |1502 | 504 |1532 |  45k|  2 |  28 | 839 |-2.456443e+01 | 0.000000e+00 |    Inf | unknown
 4841s|  4200 |  4201 |  7422k|1748.9 |   291M |  77 |1502 | 504 |1344 |  46k|  2 |  29 | 857 |-2.456443e+01 | 0.000000e+00 |    Inf | unknown
 4933s|  4300 |  4301 |  7587k|1746.6 |   293M |  77 |1502 | 502 |1565 |  47k|  3 |  29 | 860 |-2.456443e+01 | 0.000000e+00 |    Inf | unknown
 5023s|  4400 |  4401 |  7743k|1742.4 |   293M |  77 |1502 | 503 |1491 |  48k|  4 |  30 | 865 |-2.456443e+01 | 0.000000e+00 |    Inf | unknown
 5115s|  4500 |  4501 |  7917k|1742.4 |   294M |  77 |1502 | 502 |1474 |  49k|  2 |  30 | 869 |-2.456443e+01 | 0.000000e+00 |    Inf | unknown
 5203s|  4600 |  4601 |  8061k|1735.7 |   294M |  77 |1502 | 503 |1419 |  50k|  1 |  32 | 869 |-2.456443e+01 | 0.000000e+00 |    Inf | unknown
 5273s|  4700 |  4701 |  8162k|1720.3 |   295M |  77 |1502 | 504 |1475 |  51k|  2 |  33 | 876 |-2.456443e+01 | 0.000000e+00 |    Inf | unknown
 5386s|  4800 |  4801 |  8367k|1727.3 |   297M |  77 |1502 | 504 |1470 |  53k|  3 |  33 | 879 |-2.456443e+01 | 0.000000e+00 |    Inf | unknown
 5475s|  4900 |  4901 |  8507k|1720.4 |   298M |  77 |1502 | 504 |1499 |  54k|  2 |  34 | 886 |-2.456443e+01 | 0.000000e+00 |    Inf | unknown
 5563s|  5000 |  5001 |  8662k|1717.1 |   299M |  77 |1502 | 504 |1378 |  55k|  2 |  36 | 890 |-2.456443e+01 | 0.000000e+00 |    Inf | unknown
 5665s|  5100 |  5101 |  8846k|1719.4 |   300M |  77 |1502 | 504 |1627 |  56k|  3 |  36 | 891 |-2.456443e+01 | 0.000000e+00 |    Inf | unknown
 5776s|  5200 |  5201 |  9047k|1725.2 |   301M |  77 |1502 | 502 |1455 |  57k|  2 |  36 | 903 |-2.456443e+01 | 0.000000e+00 |    Inf | unknown
 time | node  | left  |LP iter|LP it/n|mem/heur|mdpt |vars |cons |rows |cuts |sepa|confs|strbr|  dualbound   | primalbound  |  gap   | compl. 
 5862s|  5300 |  5301 |  9184k|1718.4 |   303M |  77 |1502 | 503 |1560 |  58k|  4 |  37 | 905 |-2.456443e+01 | 0.000000e+00 |    Inf | unknown
 5946s|  5400 |  5401 |  9325k|1712.6 |   303M |  77 |1502 | 504 |1411 |  59k|  2 |  39 | 911 |-2.456443e+01 | 0.000000e+00 |    Inf | unknown
 6058s|  5500 |  5501 |  9534k|1719.5 |   304M |  77 |1502 | 503 |1555 |  60k|  2 |  39 | 916 |-2.456443e+01 | 0.000000e+00 |    Inf | unknown
 6158s|  5600 |  5601 |  9714k|1721.0 |   304M |  77 |1502 | 503 |1467 |  61k|  2 |  40 | 918 |-2.456443e+01 | 0.000000e+00 |    Inf | unknown
 6251s|  5700 |  5701 |  9885k|1720.7 |   305M |  77 |1502 | 502 |1543 |  63k|  2 |  40 | 929 |-2.456443e+01 | 0.000000e+00 |    Inf | unknown
 6354s|  5800 |  5801 | 10079k|1724.6 |   307M |  77 |1502 | 503 |1508 |  64k|  2 |  42 | 929 |-2.456443e+01 | 0.000000e+00 |    Inf | unknown
 6450s|  5900 |  5901 | 10241k|1722.8 |   307M |  77 |1502 | 503 |1515 |  65k|  2 |  42 | 941 |-2.456443e+01 | 0.000000e+00 |    Inf | unknown
 6555s|  6000 |  6001 | 10435k|1726.4 |   308M |  77 |1502 | 502 |1392 |  66k|  2 |  43 | 944 |-2.456443e+01 | 0.000000e+00 |    Inf | unknown
 6639s|  6100 |  6101 | 10576k|1721.2 |   308M |  77 |1502 | 504 |1520 |  67k|  2 |  45 | 946 |-2.456443e+01 | 0.000000e+00 |    Inf | unknown
 6750s|  6200 |  6201 | 10789k|1727.9 |   309M |  77 |1502 | 503 |1466 |  68k|  2 |  45 | 952 |-2.456443e+01 | 0.000000e+00 |    Inf | unknown
 6834s|  6300 |  6301 | 10931k|1722.9 |   311M |  77 |1502 | 504 |1670 |  69k|  5 |  46 | 958 |-2.456443e+01 | 0.000000e+00 |    Inf | unknown
 6924s|  6400 |  6401 | 11095k|1721.6 |   312M |  77 |1502 | 503 |1459 |  71k|  2 |  47 | 958 |-2.456443e+01 | 0.000000e+00 |    Inf | unknown
 7025s|  6500 |  6501 | 11271k|1722.3 |   313M |  77 |1502 | 502 |1575 |  72k|  2 |  47 | 960 |-2.456443e+01 | 0.000000e+00 |    Inf | unknown
 7135s|  6600 |  6601 | 11462k|1725.0 |   314M |  77 |1502 | 503 |1428 |  73k|  2 |  48 | 962 |-2.456443e+01 | 0.000000e+00 |    Inf | unknown
 7214s|  6700 |  6701 | 11603k|1720.4 |   316M |  77 |1502 | 504 |1503 |  74k|  3 |  50 | 971 |-2.456443e+01 | 0.000000e+00 |    Inf | unknown
 time | node  | left  |LP iter|LP it/n|mem/heur|mdpt |vars |cons |rows |cuts |sepa|confs|strbr|  dualbound   | primalbound  |  gap   | compl. 
 7318s|  6800 |  6801 | 11792k|1722.9 |   316M |  77 |1502 | 505 |1461 |  75k|  5 |  51 | 972 |-2.456443e+01 | 0.000000e+00 |    Inf | unknown
 7415s|  6900 |  6901 | 11976k|1724.5 |   317M |  77 |1502 | 504 |1618 |  77k|  4 |  51 | 980 |-2.456443e+01 | 0.000000e+00 |    Inf | unknown
 7513s|  7000 |  7001 | 12157k|1725.7 |   318M |  77 |1502 | 504 |1384 |  78k|  2 |  53 | 986 |-2.456443e+01 | 0.000000e+00 |    Inf | unknown
 7601s|  7100 |  7101 | 12315k|1723.8 |   318M |  77 |1502 | 504 |1524 |  79k|  2 |  54 | 986 |-2.456443e+01 | 0.000000e+00 |    Inf | unknown
 7691s|  7200 |  7201 | 12481k|1722.8 |   319M |  77 |1502 | 503 |1462 |  80k|  2 |  55 | 989 |-2.456443e+01 | 0.000000e+00 |    Inf | unknown
 7791s|  7300 |  7301 | 12673k|1725.5 |   319M |  77 |1502 | 503 |1578 |  81k|  2 |  56 | 989 |-2.456443e+01 | 0.000000e+00 |    Inf | unknown
 7894s|  7400 |  7401 | 12861k|1727.6 |   320M |  77 |1502 | 502 |1505 |  82k|  5 |  56 | 995 |-2.456443e+01 | 0.000000e+00 |    Inf | unknown
 7988s|  7500 |  7501 | 13035k|1727.8 |   321M |  77 |1502 | 504 |1527 |  83k|  4 |  58 | 998 |-2.456443e+01 | 0.000000e+00 |    Inf | unknown
 8091s|  7600 |  7601 | 13228k|1730.5 |   322M |  77 |1502 | 503 |1460 |  84k|  2 |  58 |1002 |-2.456443e+01 | 0.000000e+00 |    Inf | unknown
 8186s|  7700 |  7701 | 13382k|1728.0 |   323M |  77 |1502 | 503 |1550 |  85k|  2 |  59 |1012 |-2.456443e+01 | 0.000000e+00 |    Inf | unknown
 8285s|  7800 |  7801 | 13562k|1728.9 |   325M |  77 |1502 | 502 |1481 |  87k|  3 |  60 |1014 |-2.456443e+01 | 0.000000e+00 |    Inf | unknown
 8387s|  7900 |  7901 | 13743k|1730.0 |   326M |  77 |1502 | 502 |1528 |  88k|  2 |  60 |1016 |-2.456443e+01 | 0.000000e+00 |    Inf | unknown
 8499s|  8000 |  8001 | 13939k|1732.9 |   326M |  77 |1502 | 502 |1424 |  89k|  4 |  60 |1025 |-2.456443e+01 | 0.000000e+00 |    Inf | unknown
 8591s|  8100 |  8101 | 14101k|1731.4 |   327M |  77 |1502 | 501 |1531 |  90k|  2 |  60 |1025 |-2.456443e+01 | 0.000000e+00 |    Inf | unknown
 8701s|  8200 |  8201 | 14299k|1734.4 |   328M |  77 |1502 | 503 |1467 |  92k|  2 |  62 |1030 |-2.456443e+01 | 0.000000e+00 |    Inf | unknown
 time | node  | left  |LP iter|LP it/n|mem/heur|mdpt |vars |cons |rows |cuts |sepa|confs|strbr|  dualbound   | primalbound  |  gap   | compl. 
 8793s|  8300 |  8301 | 14461k|1733.1 |   328M |  77 |1502 | 503 |1596 |  93k|  2 |  62 |1031 |-2.456443e+01 | 0.000000e+00 |    Inf | unknown
 8900s|  8400 |  8401 | 14654k|1735.4 |   328M |  77 |1502 | 501 |1442 |  94k|  2 |  62 |1035 |-2.456443e+01 | 0.000000e+00 |    Inf | unknown
 8986s|  8500 |  8501 | 14800k|1732.2 |   329M |  77 |1502 | 502 |1541 |  95k|  4 |  63 |1035 |-2.456443e+01 | 0.000000e+00 |    Inf | unknown
 9116s|  8600 |  8601 | 15050k|1741.1 |   330M |  77 |1502 | 502 |1437 |  97k|  2 |  63 |1039 |-2.456443e+01 | 0.000000e+00 |    Inf | unknown
 9216s|  8700 |  8701 | 15221k|1740.8 |   331M |  77 |1502 | 503 |1533 |  98k|  2 |  65 |1053 |-2.456443e+01 | 0.000000e+00 |    Inf | unknown
 9322s|  8800 |  8801 | 15399k|1741.2 |   331M |  77 |1502 | 502 |1428 |  99k|  2 |  65 |1058 |-2.456443e+01 | 0.000000e+00 |    Inf | unknown
 9416s|  8900 |  8901 | 15567k|1740.5 |   332M |  77 |1502 | 503 |1553 | 100k|  3 |  66 |1058 |-2.456443e+01 | 0.000000e+00 |    Inf | unknown
 9526s|  9000 |  9001 | 15775k|1744.3 |   333M |  77 |1502 | 503 |1419 | 102k|  3 |  67 |1061 |-2.456443e+01 | 0.000000e+00 |    Inf | unknown
 9619s|  9100 |  9101 | 15939k|1743.1 |   334M |  77 |1502 | 502 |1598 | 103k|  2 |  67 |1064 |-2.456443e+01 | 0.000000e+00 |    Inf | unknown
 9734s|  9200 |  9201 | 16148k|1746.9 |   336M |  77 |1502 | 502 |1480 | 104k|  2 |  68 |1066 |-2.456443e+01 | 0.000000e+00 |    Inf | unknown
 9851s|  9300 |  9301 | 16364k|1751.3 |   336M |  77 |1502 | 502 |1617 | 106k|  2 |  68 |1067 |-2.456443e+01 | 0.000000e+00 |    Inf | unknown
 9963s|  9400 |  9401 | 16553k|1752.8 |   338M |  77 |1502 | 503 |1345 | 107k|  2 |  69 |1072 |-2.456443e+01 | 0.000000e+00 |    Inf | unknown
  168m|  9500 |  9501 | 16724k|1752.4 |   339M |  77 |1502 | 504 |1611 | 108k|  2 |  71 |1075 |-2.456443e+01 | 0.000000e+00 |    Inf | unknown
  170m|  9600 |  9601 | 16960k|1758.7 |   340M |  77 |1502 | 504 |1428 | 110k|  2 |  72 |1076 |-2.456443e+01 | 0.000000e+00 |    Inf | unknown
  172m|  9700 |  9701 | 17164k|1761.6 |   340M |  77 |1502 | 502 |1472 | 111k|  2 |  73 |1081 |-2.456225e+01 | 0.000000e+00 |    Inf | unknown
 time | node  | left  |LP iter|LP it/n|mem/heur|mdpt |vars |cons |rows |cuts |sepa|confs|strbr|  dualbound   | primalbound  |  gap   | compl. 
  173m|  9800 |  9801 | 17332k|1760.8 |   341M |  77 |1502 | 502 |1467 | 112k|  4 |  74 |1081 |-2.456225e+01 | 0.000000e+00 |    Inf | unknown
  175m|  9900 |  9901 | 17524k|1762.4 |   343M |  77 |1502 | 503 |1610 | 114k|  2 |  75 |1087 |-2.456225e+01 | 0.000000e+00 |    Inf | unknown
  177m| 10000 | 10001 | 17711k|1763.5 |   343M |  77 |1502 | 504 |1382 | 115k|  2 |  76 |1087 |-2.456225e+01 | 0.000000e+00 |    Inf | unknown
  179m| 10100 | 10101 | 17897k|1764.4 |   344M |  77 |1502 | 502 |1622 | 116k|  2 |  76 |1088 |-2.456225e+01 | 0.000000e+00 |    Inf | unknown

SCIP Status        : solving was interrupted [time limit reached]
Solving Time (sec) : 10800.00
Solving Nodes      : 10176
Primal Bound       : +0.00000000000000e+00 (1 solutions)
Dual Bound         : -2.45622498056624e+01
Gap                : infinite

