Solver command line: ['/cvmfs/soft.computecanada.ca/easybuild/software/2023/x86-64-v4/Compiler/gcc12/scipoptsuite/9.0.0/bin/scip', '/tmp/tmp61wrk1_v.pyomo', '-AMPL']

SCIP version 9.0.0 [precision: 8 byte] [memory: block] [mode: optimized] [LP solver: Soplex 7.0.0] [GitHash: 7205bedd94]
Copyright (c) 2002-2024 Zuse Institute Berlin (ZIB)

External libraries: 
  Readline 8.1         GNU library for command line editing (gnu.org/s/readline)
  Soplex 7.0.0         Linear Programming Solver developed at Zuse Institute Berlin (soplex.zib.de) [GitHash: 6657fb3b]
  CppAD 20180000.0     Algorithmic Differentiation of C++ algorithms developed by B. Bell (github.com/coin-or/CppAD)
  ZLIB 1.2.13          General purpose compression library by J. Gailly and M. Adler (zlib.net)
  GMP 6.2.1            GNU Multiple Precision Arithmetic Library developed by T. Granlund (gmplib.org)
  ZIMPL 3.5.3          Zuse Institute Mathematical Programming Language developed by T. Koch (zimpl.zib.de)
  AMPL/MP 690e9e7      AMPL .nl file reader library (github.com/ampl/mp)
  PaPILO 2.2.0         parallel presolve for integer and linear optimization (github.com/scipopt/papilo) (built with TBB) [GitHash: df30ae49]
  bliss 0.77           Computing Graph Automorphisms by T. Junttila and P. Kaski (users.aalto.fi/~tjunttil/bliss)
  sassy 1.1            Symmetry preprocessor by Markus Anders (github.com/markusa4/sassy)
  Ipopt 3.14.14        Interior Point Optimizer developed by A. Waechter et.al. (github.com/coin-or/Ipopt)

reading user parameter file <scip.set>
===========================

limits/time = 10800

read problem </tmp/tmp61wrk1_v.pyomo.nl>
============

original problem has 501 variables (0 bin, 500 int, 0 impl, 1 cont) and 501 constraints

solve problem
=============

  [linear] <lc347>:  -0.11945285<i0>[I] (+3) +0.0165496042<i1>[I] (+4) +0.0640416868<i2>[I] (-6) -0.0722344877<i3>[I] (-1) +0.122839971<i4>[I] (-1) -0.050276826<i5>[I] (-2) -0.234084945<i6>[I] (+4) +0.0440314358<i7>[I] (-2) -0.043545009<i8>[I] (-10) -0.0157795177<i9>[I] (-1) +0.0128354483<i10>[I] (-2) -0.0586706114<i11>[I] (+3) -0.0102310298<i12>[I] (+5) -0.0648989583<i13>[I] (-1) -0.179864899<i14>[I] (-2) +0.0332633064<i15>[I] (-1) +0.0924967598<i16>[I] (+4) +0.00342572398<i17>[I] (-1) -0.125165646<i18>[I] (-1) -0.132339991<i19>[I] (+4) -0.0322262561<i20>[I] (-2) +0.115318671<i21>[I] (+4) +0.0229220731<i22>[I] (+4) +0.0702056408<i23>[I] (+0) -0.0257142899<i24>[I] (-1) -0.0233512757<i25>[I] (-2) +0.113466575<i26>[I] (-3) +0.0789507846<i27>[I] (-2) -0.203532356<i28>[I] (-7) +0.174348933<i29>[I] (-2) +0.108603979<i30>[I] (-2) -0.0884220527<i31>[I] (+3) +0.0496570371<i32>[I] (+1) -0.0154574015<i33>[I] (+5) +0.0696195208<i34>[I] (-1) -0.0516395962<i35>[I] (-1) -0.136289289<i36>[I] (-1) +0.0758376235<i37>[I] (-6) +0.0932825373<i38>[I] (-1) +0.0561850768<i39>[I] (-1) -0.00113925782<i40>[I] (+1) +0.0010401698<i41>[I] (+7) -0.0790049874<i42>[I] (-2) +0.111984701<i43>[I] (-2) -0.00324699891<i44>[I] (-1) +0.0947815706<i45>[I] (+5) +0.0224197229<i46>[I] (-1) -0.216760496<i47>[I] (-1) -0.0851921048<i48>[I] (+0) -0.0241003667<i49>[I] (-2) +0.103975452<i50>[I] (-1) -0.0334701652<i51>[I] (-1) -0.0829637089<i52>[I] (+5) -0.129294945<i53>[I] (+0) -0.133736155<i54>[I] (-2) +0.0565152102<i55>[I] (+4) +0.158821527<i56>[I] (-1) +0.184976206<i57>[I] (+5) -0.0828944235<i58>[I] (+4) +0.170074651<i59>[I] (-1) -0.121884932<i60>[I] (-2) +0.0598647936<i61>[I] (+0) -0.0374819516<i62>[I] (-1) +0.0399622671<i63>[I] (-1) -0.109287491<i64>[I] (-1) +0.0860935223<i65>[I] (+0) +0.00558237167<i66>[I] (-2) -0.0070799606<i67>[I] (+0) +0.0506261954<i68>[I] (+0) -0.0693933648<i69>[I] (-1) +0.0700187423<i70>[I] (-2) -0.0552784255<i71>[I] (+3) -0.0377207492<i72>[I] (-1) -0.108530673<i73>[I] (-6) -0.019530109<i74>[I] (-1) +0.0168821671<i75>[I] (+5) -0.0533987034<i76>[I] (-1) +0.140773034<i77>[I] (-1) +0.0807908743<i78>[I] (-1) -0.065673845<i79>[I] (-1) -0.000188799651<i80>[I] (+5) +0.16141337<i81>[I] (-1) +0.218118295<i82>[I] (+2) +0.0576453949<i83>[I] (-1) -0.0913240063<i84>[I] (-2) +0.0667811262<i85>[I] (-1) -0.0671206512<i86>[I] (+3) +0.043541429<i87>[I] (+5) +0.0623096735<i88>[I] (-1) +0.0173936355<i89>[I] (-2) +0.0468401871<i90>[I] (+1) -0.00670379819<i91>[I] (-2) -0.125487045<i92>[I] (-1) -0.021392948<i93>[I] (+4) +0.0243312701<i94>[I] (+4) -0.0238841715<i95>[I] (+3) -0.0146232224<i96>[I] (-3) +0.00148729168<i97>[I] (+3) +0.106952623<i98>[I] (-2) -0.304630208<i99>[I] (-1) -0.141310965<i100>[I] (-1) +0.0739178847<i101>[I] (+4) +0.199464084<i102>[I] (-2) +0.017471873<i103>[I] (-1) -0.0851347543<i104>[I] (+4) -0.0651110977<i105>[I] (-8) -0.0717949072<i106>[I] (+4) -0.14843251<i107>[I] (-1) -0.0514925803<i108>[I] (-2) +0.0484867315<i109>[I] (-4) -0.060960198<i110>[I] (+4) -0.0777729856<i111>[I] (+1) +0.094276443<i112>[I] (-1) +0.103293676<i113>[I] (+5) +0.103524709<i114>[I] (+4) +0.0569510716<i115>[I] (+0) -0.1954135<i116>[I] (-2) +0.0787137998<i117>[I] (+4) +0.207352877<i118>[I] (-1) -0.0244573492<i119>[I] (-2) +0.196789853<i120>[I] (-1) -0.0814414201<i121>[I] (+4) -0.186428282<i122>[I] (+5) -0.171735857<i123>[I] (-2) -0.0935257806<i124>[I] (-1) -0.0459723052<i125>[I] (-3) -0.0515400846<i126>[I] (-2) +0.0678220972<i127>[I] (+4) +0.164756282<i128>[I] (-2) -0.05160991<i129>[I] (-1) -0.119106636<i130>[I] (-1) +0.116495774<i131>[I] (+5) -0.00242394085<i132>[I] (-4) -0.115408682<i133>[I] (-1) +0.00257129359<i134>[I] (-2) +0.0479792689<i135>[I] (-1) +0.0044347546<i136>[I] (-2) +0.0868140911<i137>[I] (-7) -0.100011269<i138>[I] (-5) +0.136941583<i139>[I] (-1) +0.154901283<i140>[I] (+6) -0.0411992331<i141>[I] (-1) -0.0461960142<i142>[I] (-2) -0.0421093248<i143>[I] (-1) -0.0343207653<i144>[I] (+1) -0.0959513336<i145>[I] (-2) +0.158741103<i146>[I] (+3) +0.0421429195<i147>[I] (-1) +0.208930794<i148>[I] (-1) -0.029609629<i149>[I] (-1) +0.112623523<i150>[I] (-1) -0.00813356858<i151>[I] (-8) -0.00820550511<i152>[I] (-2) +0.106623375<i153>[I] (+0) -0.0258824697<i154>[I] (+6) -0.0360371083<i155>[I] (-1) +0.0339729312<i156>[I] (-7) +0.0877358807<i157>[I] (-2) -0.141732068<i158>[I] (+0) -0.0081475758<i159>[I] (-1) -0.046819473<i160>[I] (+4) +0.143566754<i161>[I] (-1) -0.11275922<i162>[I] (-1) -0.0371228822<i163>[I] (+1) -0.124410332<i164>[I] (-1) +0.152683472<i165>[I] (+4) +0.0211945016<i166>[I] (+4) +0.0708183511<i167>[I] (-7) +0.188081354<i168>[I] (+0) +0.00603700666<i169>[I] (-1) -0.0798393462<i170>[I] (-1) +0.245555079<i171>[I] (+3) -0.103129367<i172>[I] (-1) -0.146252803<i173>[I] (-2) -0.0164209069<i174>[I] (-8) +0.126633343<i175>[I] (-2) +0.130904344<i176>[I] (-2) -0.0199966727<i177>[I] (+1) -0.0691426872<i178>[I] (+5) +0.0238625185<i179>[I] (-2) -0.0982325528<i180>[I] (-1) +0.0403575378<i181>[I] (-1) +0.0869865358<i182>[I] (-1) -0.0680437352<i183>[I] (+4) -0.0936734086<i184>[I] (-1) -0.0434512548<i185>[I] (-2) +0.0949262495<i186>[I] (+4) -0.0154491135<i187>[I] (-1) -0.036778525<i188>[I] (-7) -0.034023944<i189>[I] (+4) +0.128886199<i190>[I] (-2) -0.0527312511<i191>[I] (+4) -0.0419938195<i192>[I] (+4) +0.134022186<i193>[I] (-2) -0.0495273895<i194>[I] (-2) -0.00685405442<i195>[I] (-1) +0.0783400007<i196>[I] (+0) -0.0261496063<i197>[I] (-2) -0.102283166<i198>[I] (-1) +0.124824308<i199>[I] (+5) -0.0449872312<i200>[I] (-2) -0.0272287515<i201>[I] (-1) -0.0994775811<i202>[I] (-1) +0.00501230808<i203>[I] (-1) +0.0225360242<i204>[I] (-2) -0.0485003528<i205>[I] (-2) +0.0599304179<i206>[I] (-1) -0.142584673<i207>[I] (+4) -0.119272143<i208>[I] (-1) +0.0995119515<i209>[I] (+5) +0.0131525048<i210>[I] (+1) +0.00970885456<i211>[I] (+4) +0.0499386531<i212>[I] (+4) -0.132398883<i213>[I] (+4) +0.00730112919<i214>[I] (-2) +0.168252824<i215>[I] (+5) -0.113818223<i216>[I] (+5) -0.0102607962<i217>[I] (+5) -0.10067575<i218>[I] (-2) -0.119639978<i219>[I] (-2) +0.0782939218<i220>[I] (-1) -0.0120536827<i221>[I] (+4) -0.0323335703<i222>[I] (+0) -0.0449999377<i223>[I] (-1) -0.0495927513<i224>[I] (-1) -0.162783576<i225>[I] (-1) -0.0617168353<i226>[I] (-2) -0.182272418<i227>[I] (+1) -0.0585165853<i228>[I] (-2) -0.0544189377<i229>[I] (-1) +0.128254491<i230>[I] (+5) +0.174861984<i231>[I] (-1) -0.0141395998<i232>[I] (-2) +0.0857455286<i233>[I] (-2) -0.100181172<i234>[I] (-2) +0.0267452908<i235>[I] (-3) +0.00708385482<i236>[I] (-1) +0.0651154713<i237>[I] (-1) -0.0215909341<i238>[I] (-1) -0.162329171<i239>[I] (-1) -0.0849533756<i240>[I] (+0) -0.196328644<i241>[I] (+4) -0.0840187243<i242>[I] (+4) +0.016140028<i243>[I] (+4) -0.0405680891<i244>[I] (+5) -0.0105862159<i245>[I] (-1) -0.00781529153<i246>[I] (+1) -0.146321356<i247>[I] (-2) -0.0331483521<i248>[I] (-2) -0.063936345<i249>[I] (-2) +0.174310103<i250>[I] (-2) +0.055139958<i251>[I] (-1) -0.0814542646<i252>[I] (+5) +0.0582341417<i253>[I] (-1) -0.164780258<i254>[I] (-2) -0.0267707506<i255>[I] (-1) -0.0637469475<i256>[I] (+0) -0.0604725713<i257>[I] (-2) -0.0285223262<i258>[I] (-1) +0.178318888<i259>[I] (+4) -0.16760009<i260>[I] (-1) -0.0771212644<i261>[I] (-1) +0.226524129<i262>[I] (-1) +0.0680567888<i263>[I] (-2) +0.089774985<i264>[I] (-2) -0.185145014<i265>[I] (-2) +0.0545411114<i266>[I] (-2) +0.130918836<i267>[I] (-1) +0.0300713193<i268>[I] (-2) -0.0870038445<i269>[I] (+5) -0.0319677974<i270>[I] (+0) +0.049969874<i271>[I] (+5) +0.257513509<i272>[I] (-2) -0.110917108<i273>[I] (+0) +0.14811502<i274>[I] (-2) +0.194550075<i275>[I] (-2) -0.00156022696<i276>[I] (-7) +0.0655760927<i277>[I] (-2) -0.0251730886<i278>[I] (+3) -0.0570712211<i279>[I] (+4) -0.0624571197<i280>[I] (+5) -0.0695355216<i281>[I] (-1) +0.182963616<i282>[I] (-1) -0.148961139<i283>[I] (-1) +0.12653206<i284>[I] (-1) -0.182360273<i285>[I] (-1) -0.0940128872<i286>[I] (+4) +0.0551652499<i287>[I] (-2) -0.0993997905<i288>[I] (+0) +0.220155537<i289>[I] (+0) +0.041529318<i290>[I] (+0) +0.0449150889<i291>[I] (+4) -0.143164859<i292>[I] (+4) +0.0733394176<i293>[I] (-1) +0.171402145<i294>[I] (-1) +0.16952851<i295>[I] (+5) +0.0354596086<i296>[I] (+4) -0.0648288162<i297>[I] (-1) -0.111496677<i298>[I] (+4) +0.0378554674<i299>[I] (-2) -0.171803449<i300>[I] (-1) -0.0426692578<i301>[I] (-2) +0.126390361<i302>[I] (-1) -0.0255272538<i303>[I] (+5) +0.0617055461<i304>[I] (+4) +0.0910486568<i305>[I] (-1) -0.121147184<i306>[I] (-1) -0.22316466<i307>[I] (+4) -0.0572624711<i308>[I] (-3) -0.150598893<i309>[I] (-1) -0.140933608<i310>[I] (+5) -0.133894632<i311>[I] (-3) -0.102615646<i312>[I] (-2) +0.102812935<i313>[I] (+5) -0.0676735777<i314>[I] (-1) -0.0203834121<i315>[I] (+4) +0.0545589096<i316>[I] (-7) +0.0762227288<i317>[I] (+4) -0.0249391602<i318>[I] (+0) -0.0158919592<i319>[I] (-2) -0.0168572077<i320>[I] (-1) -0.0179355407<i321>[I] (-5) +0.000597556389<i322>[I] (-1) +0.048146074<i323>[I] (+3) -0.300888761<i324>[I] (+0) +0.0575315081<i325>[I] (-7) +0.112651094<i326>[I] (+4) -0.155770645<i327>[I] (-2) -0.0561944317<i328>[I] (+5) +0.0160953636<i329>[I] (-1) +0.098922168<i330>[I] (+4) -0.20405866<i331>[I] (+5) -0.00863005354<i332>[I] (-1) +0.0756220553<i333>[I] (-2) +0.0394211577<i334>[I] (-1) -0.108329395<i335>[I] (-1) -0.0566833274<i336>[I] (-2) +0.129869113<i337>[I] (-1) -0.18880961<i338>[I] (+0) +0.130089627<i339>[I] (-2) -0.169833112<i340>[I] (-2) +0.0666698908<i341>[I] (+4) -0.0938488266<i342>[I] (-1) +0.00675212639<i343>[I] (-1) +0.0197005705<i344>[I] (+5) -0.121439863<i345>[I] (-3) +0.192994768<i346>[I] (-1) +0.0469566269<i347>[I] (+2) +0.0390352574<i348>[I] (-2) -0.0569960622<i349>[I] (+2) -0.022797752<i350>[I] (-1) -0.0482822292<i351>[I] (-2) -0.0459048588<i352>[I] (-1) -0.116382281<i353>[I] (-2) +0.0538288799<i354>[I] (-1) +0.105958274<i355>[I] (-7) +0.0305489308<i356>[I] (+5) -0.0818337205<i357>[I] (+0) -0.0607519459<i358>[I] (-8) -0.0863037163<i359>[I] (-1) +0.0128986043<i360>[I] (-1) +0.0268389431<i361>[I] (-1) +0.222867617<i362>[I] (-1) -0.00809503169<i363>[I] (-1) -0.235324734<i364>[I] (-1) +0.0552959549<i365>[I] (+2) -0.013239259<i366>[I] (+3) -0.113323101<i367>[I] (+0) -0.0740351702<i368>[I] (+3) -0.0641658561<i369>[I] (-2) +0.0868952211<i370>[I] (-8) +0.0343261008<i371>[I] (+5) -0.0580124752<i372>[I] (-2) -0.01772233<i373>[I] (-8) +0.0775845761<i374>[I] (-1) +0.0532863632<i375>[I] (-7) +0.146907592<i376>[I] (+5) +0.135613384<i377>[I] (+5) +0.0294915198<i378>[I] (-2) +0.0573837893<i379>[I] (-2) +0.00722339225<i380>[I] (-1) +0.104721411<i381>[I] (+3) +0.134348551<i382>[I] (-1) -0.0203087054<i383>[I] (+0) +0.0248874096<i384>[I] (-2) +0.113432797<i385>[I] (-8) +0.0491842209<i386>[I] (-1) +0.0624856328<i387>[I] (-1) +0.308768728<i388>[I] (-1) +0.103454987<i389>[I] (-7) -0.196083873<i390>[I] (-1) +0.0346756931<i391>[I] (-5) +0.0321575364<i392>[I] (+4) +0.155066368<i393>[I] (-2) +0.0730281979<i394>[I] (+4) +0.0765003531<i395>[I] (+11) -0.0720595463<i396>[I] (+3) -0.00628950921<i397>[I] (-1) +0.100850133<i398>[I] (-1) -0.0173115732<i399>[I] (-1) -0.00892748589<i400>[I] (-7) +0.0770757648<i401>[I] (+5) +0.103615526<i402>[I] (-3) -0.06362845<i403>[I] (-1) +0.0533935692<i404>[I] (+4) +0.130318665<i405>[I] (+4) +0.0159944561<i406>[I] (-7) +0.00199571066<i407>[I] (-2) +0.0892358705<i408>[I] (+2) -0.0679327669<i409>[I] (+4) +0.10061811<i410>[I] (+4) -0.0782241844<i411>[I] (+4) -0.041983808<i412>[I] (+4) +0.0357783705<i413>[I] (+3) +0.0280338975<i414>[I] (-3) -0.0511759756<i415>[I] (-1) +0.108467365<i416>[I] (-3) -0.0803036354<i417>[I] (-2) +0.0853015879<i418>[I] (+5) -0.0707927522<i419>[I] (-1) +0.0094936562<i420>[I] (-1) +0.0948835691<i421>[I] (-4) +0.0828526897<i422>[I] (-2) -0.0675680617<i423>[I] (+5) +0.0690899199<i424>[I] (+10) +0.0702915614<i425>[I] (-1) +0.100373101<i426>[I] (-1) +0.0627495079<i427>[I] (-7) +0.117325806<i428>[I] (-2) -0.0450699424<i429>[I] (-2) +0.055639689<i430>[I] (-2) +0.136213479<i431>[I] (-2) +0.0147799831<i432>[I] (+5) -0.0379541267<i433>[I] (+5) +0.044216529<i434>[I] (+1) +0.0244782355<i435>[I] (-2) +0.0123455017<i436>[I] (-1) +0.142486026<i437>[I] (-2) -0.0622600537<i438>[I] (+5) +0.161925453<i439>[I] (-1) +0.164754085<i440>[I] (-2) -0.195072942<i441>[I] (-1) -0.00382286972<i442>[I] (-2) +0.0406297944<i443>[I] (+4) -0.0180208848<i444>[I] (+3) +0.0772709687<i445>[I] (-8) -0.159685784<i446>[I] (+2) +0.00356033467<i447>[I] (-7) +0.0760163562<i448>[I] (+0) -0.15215579<i449>[I] (+2) +0.0635201995<i450>[I] (+0) +0.00636569109<i451>[I] (-2) +0.0398877963<i452>[I] (+4) +0.158576169<i453>[I] (-8) -0.0432947484<i454>[I] (-2) +0.0587436485<i455>[I] (-1) +0.042264256<i456>[I] (-1) -0.05015909<i457>[I] (-1) +0.0129781276<i458>[I] (-2) +0.0866539347<i459>[I] (+1) -0.0500208024<i460>[I] (+3) -0.0331792153<i461>[I] (-7) -0.168643749<i462>[I] (+0) -0.00832941319<i463>[I] (-1) +0.0696923684<i464>[I] (-1) -0.0212463391<i465>[I] (-1) -0.0302179969<i466>[I] (+0) -0.0167677407<i467>[I] (+6) +0.0480203385<i468>[I] (-2) -0.139513798<i469>[I] (-1) +0.0950635429<i470>[I] (-6) -0.0394748263<i471>[I] (+5) -0.000285602012<i472>[I] (-2) +0.108358607<i473>[I] (-1) -0.13582818<i474>[I] (+5) +0.184955914<i475>[I] (+5) -0.0737390836<i476>[I] (-1) +0.0191169698<i477>[I] (-1) +0.0666746495<i478>[I] (+5) -0.220179875<i479>[I] (-1) -0.230507628<i480>[I] (-1) +0.0572907036<i481>[I] (-1) +0.0613639073<i482>[I] (-1) -0.0959503232<i483>[I] (-8) -0.0119401129<i484>[I] (+2) +0.0212795879<i485>[I] (+2) -0.0351084689<i486>[I] (-2) +0.0902878896<i487>[I] (-3) -0.100521226<i488>[I] (+5) +0.0297973037<i489>[I] (+4) +0.128863633<i490>[I] (+5) +0.0945000747<i491>[I] (-1) -0.0774657745<i492>[I] (-2) -0.0924782063<i493>[I] (-3) +0.0543944785<i494>[I] (-2) -0.169241094<i495>[I] (-2) -0.118895471<i496>[I] (-6) +0.027664039<i497>[I] (+10) -0.0190483633<i498>[I] (-1) -0.209775135<i499>[I] (+3) <= -0.266002804040909;
;
violation: right hand side is violated by 0.626491022690999
all 1 solutions given by solution candidate storage are infeasible

presolving:
   (0.1s) symmetry computation started: requiring (bin +, int +, cont +), (fixed: bin -, int -, cont -)
   (0.2s) no symmetry present (symcode time: 0.02)
presolving (1 rounds: 1 fast, 1 medium, 1 exhaustive):
 0 deleted vars, 0 deleted constraints, 0 added constraints, 1 tightened bounds, 0 added holes, 0 changed sides, 0 changed coefficients
 0 implications, 0 cliques
presolved problem has 501 variables (0 bin, 500 int, 0 impl, 1 cont) and 501 constraints
    500 constraints of type <linear>
      1 constraints of type <nonlinear>
Presolving Time: 0.18

 time | node  | left  |LP iter|LP it/n|mem/heur|mdpt |vars |cons |rows |cuts |sepa|confs|strbr|  dualbound   | primalbound  |  gap   | compl. 
  1.5s|     1 |     0 |   364 |     - |   138M |   0 |1502 | 501 |1501 |   0 |  0 |   0 |   0 |-2.477245e+01 |      --      |    Inf | unknown
 10.6s|     1 |     0 | 10432 |     - |   139M |   0 |1502 | 501 |1865 | 364 |  1 |   0 |   0 |-2.477245e+01 |      --      |    Inf | unknown
 20.2s|     1 |     0 | 21743 |     - |   151M |   0 |1502 | 501 |2204 | 703 |  2 |   0 |   0 |-2.470926e+01 |      --      |    Inf | unknown
 27.1s|     1 |     0 | 32282 |     - |   167M |   0 |1502 | 501 |2397 | 896 |  3 |   0 |   0 |-2.461556e+01 |      --      |    Inf | unknown
 28.9s|     1 |     0 | 34144 |     - |   177M |   0 |1502 | 501 |2448 | 947 |  4 |   0 |   0 |-2.459324e+01 |      --      |    Inf | unknown
 29.9s|     1 |     0 | 34472 |     - |   190M |   0 |1502 | 501 |2459 | 958 |  5 |   0 |   0 |-2.459248e+01 |      --      |    Inf | unknown
 30.9s|     1 |     0 | 34587 |     - |   209M |   0 |1502 | 501 |2471 | 970 |  6 |   0 |   0 |-2.459235e+01 |      --      |    Inf | unknown
 31.8s|     1 |     0 | 34700 |     - |   212M |   0 |1502 | 501 |2474 | 973 |  7 |   0 |   0 |-2.459227e+01 |      --      |    Inf | unknown
 32.8s|     1 |     0 | 34788 |     - |   224M |   0 |1502 | 501 |2476 | 975 |  8 |   0 |   0 |-2.459221e+01 |      --      |    Inf | unknown
 33.9s|     1 |     0 | 34868 |     - |   227M |   0 |1502 | 501 |2478 | 977 |  9 |   0 |   0 |-2.459218e+01 |      --      |    Inf | unknown
 34.8s|     1 |     0 | 34974 |     - |   253M |   0 |1502 | 501 |2479 | 978 | 10 |   0 |   0 |-2.459213e+01 |      --      |    Inf | unknown
 35.3s|     1 |     0 | 35054 |     - |   253M |   0 |1502 | 501 |1373 | 979 | 11 |   0 |   0 |-2.459210e+01 |      --      |    Inf | unknown
 35.9s|     1 |     0 | 35095 |     - |   253M |   0 |1502 | 501 |1374 | 980 | 12 |   0 |   0 |-2.459208e+01 |      --      |    Inf | unknown
 36.4s|     1 |     0 | 35113 |     - |   253M |   0 |1502 | 501 |1375 | 981 | 13 |   0 |   0 |-2.459208e+01 |      --      |    Inf | unknown
 36.9s|     1 |     0 | 35138 |     - |   253M |   0 |1502 | 501 |1376 | 982 | 14 |   0 |   0 |-2.459207e+01 |      --      |    Inf | unknown
 time | node  | left  |LP iter|LP it/n|mem/heur|mdpt |vars |cons |rows |cuts |sepa|confs|strbr|  dualbound   | primalbound  |  gap   | compl. 
 91.8s|     1 |     2 | 46059 |     - |   254M |   0 |1502 | 501 |1376 | 982 | 14 |   0 |  26 |-2.459141e+01 |      --      |    Inf | unknown
  310s|   100 |   101 |190150 |1565.8 |   264M |  22 |1502 | 501 |1159 |1948 |  2 |   0 | 319 |-2.459141e+01 |      --      |    Inf | unknown
  438s|   200 |   201 |339085 |1527.4 |   265M |  33 |1502 | 501 |1245 |3036 |  2 |   0 | 382 |-2.458289e+01 |      --      |    Inf | unknown
  553s|   300 |   301 |477782 |1480.4 |   266M |  33 |1502 | 501 |1197 |4042 |  2 |   0 | 454 |-2.458137e+01 |      --      |    Inf | unknown
  647s|   400 |   401 |627741 |1485.2 |   262M |  33 |1502 | 501 |1245 |5242 |  2 |   0 | 486 |-2.458077e+01 |      --      |    Inf | unknown
  728s|   500 |   501 |724634 |1381.8 |   252M |  35 |1502 | 501 |1146 |5779 |  2 |   0 | 487 |-2.458070e+01 |      --      |    Inf | unknown
  848s|   600 |   601 |889664 |1426.6 |   254M |  45 |1502 | 501 |1216 |7277 |  2 |   0 | 528 |-2.458070e+01 |      --      |    Inf | unknown
  947s|   700 |   701 |  1033k|1427.7 |   256M |  45 |1502 | 501 |1236 |8540 |  2 |   0 | 541 |-2.457896e+01 |      --      |    Inf | unknown
 1047s|   800 |   801 |  1196k|1453.3 |   258M |  45 |1502 | 501 |1228 |  10k|  2 |   0 | 574 |-2.457896e+01 |      --      |    Inf | unknown
 1175s|   900 |   901 |  1361k|1475.2 |   259M |  45 |1502 | 501 |1380 |  11k|  2 |   0 | 598 |-2.457896e+01 |      --      |    Inf | unknown
 1266s|  1000 |  1001 |  1522k|1489.1 |   260M |  45 |1502 | 501 |1366 |  12k|  2 |   0 | 616 |-2.457878e+01 |      --      |    Inf | unknown
 1321s|  1100 |  1101 |  1613k|1436.1 |   262M |  45 |1502 | 501 |1351 |  13k|  2 |   0 | 617 |-2.457836e+01 |      --      |    Inf | unknown
 1420s|  1200 |  1201 |  1797k|1469.6 |   264M |  45 |1502 | 501 |1286 |  14k|  2 |   0 | 618 |-2.457772e+01 |      --      |    Inf | unknown
 1503s|  1300 |  1301 |  1956k|1478.8 |   264M |  45 |1502 | 501 |1224 |  16k|  2 |   0 | 620 |-2.457771e+01 |      --      |    Inf | unknown
 1574s|  1400 |  1401 |  2075k|1458.3 |   265M |  45 |1502 | 501 |1245 |  17k|  2 |   0 | 623 |-2.457769e+01 |      --      |    Inf | unknown
 time | node  | left  |LP iter|LP it/n|mem/heur|mdpt |vars |cons |rows |cuts |sepa|confs|strbr|  dualbound   | primalbound  |  gap   | compl. 
 1649s|  1500 |  1501 |  2200k|1444.5 |   267M |  45 |1502 | 501 |1419 |  18k|  2 |   0 | 630 |-2.457769e+01 |      --      |    Inf | unknown
 1742s|  1600 |  1601 |  2361k|1454.8 |   268M |  45 |1502 | 501 |1369 |  19k|  2 |   0 | 638 |-2.457702e+01 |      --      |    Inf | unknown
 1831s|  1700 |  1701 |  2509k|1456.4 |   268M |  45 |1502 | 501 |1380 |  20k|  2 |   0 | 657 |-2.457603e+01 |      --      |    Inf | unknown
 1938s|  1800 |  1801 |  2705k|1484.1 |   270M |  47 |1502 | 501 |1454 |  22k|  2 |   0 | 666 |-2.457595e+01 |      --      |    Inf | unknown
 2018s|  1900 |  1901 |  2845k|1479.7 |   270M |  47 |1502 | 501 |1378 |  23k|  2 |   0 | 676 |-2.457595e+01 |      --      |    Inf | unknown
 2114s|  2000 |  2001 |  3020k|1493.6 |   272M |  47 |1502 | 501 |1475 |  24k|  2 |   0 | 686 |-2.457595e+01 |      --      |    Inf | unknown
 2204s|  2100 |  2101 |  3171k|1494.0 |   273M |  47 |1502 | 501 |1465 |  25k|  2 |   0 | 708 |-2.457595e+01 |      --      |    Inf | unknown
 2288s|  2200 |  2201 |  3315k|1491.9 |   274M |  47 |1502 | 501 |1460 |  27k|  2 |   0 | 713 |-2.457595e+01 |      --      |    Inf | unknown
 2389s|  2300 |  2301 |  3491k|1503.3 |   275M |  47 |1502 | 501 |1436 |  28k|  4 |   0 | 731 |-2.457595e+01 |      --      |    Inf | unknown
 2470s|  2400 |  2401 |  3632k|1499.3 |   277M |  47 |1502 | 501 |1374 |  29k|  2 |   0 | 743 |-2.457595e+01 |      --      |    Inf | unknown
 2553s|  2500 |  2501 |  3778k|1497.9 |   278M |  47 |1502 | 501 |1433 |  30k|  2 |   0 | 749 |-2.457595e+01 |      --      |    Inf | unknown
 2644s|  2600 |  2601 |  3930k|1498.7 |   279M |  47 |1502 | 501 |1435 |  31k|  2 |   0 | 769 |-2.457595e+01 |      --      |    Inf | unknown
 2738s|  2700 |  2701 |  4101k|1506.5 |   280M |  47 |1502 | 501 |1399 |  33k|  2 |   0 | 774 |-2.457595e+01 |      --      |    Inf | unknown
 2820s|  2800 |  2801 |  4237k|1501.5 |   281M |  47 |1502 | 501 |1421 |  34k|  2 |   0 | 787 |-2.457595e+01 |      --      |    Inf | unknown
 2912s|  2900 |  2901 |  4401k|1506.0 |   282M |  47 |1502 | 501 |1436 |  35k|  2 |   0 | 797 |-2.457595e+01 |      --      |    Inf | unknown
 time | node  | left  |LP iter|LP it/n|mem/heur|mdpt |vars |cons |rows |cuts |sepa|confs|strbr|  dualbound   | primalbound  |  gap   | compl. 
 3004s|  3000 |  3001 |  4560k|1509.1 |   283M |  49 |1502 | 501 |1540 |  37k|  5 |   0 | 805 |-2.457595e+01 |      --      |    Inf | unknown
 3124s|  3100 |  3101 |  4768k|1527.5 |   284M |  59 |1502 | 501 |1540 |  38k|  4 |   0 | 827 |-2.457595e+01 |      --      |    Inf | unknown
 3199s|  3200 |  3201 |  4896k|1519.8 |   285M |  59 |1502 | 501 |1305 |  39k|  2 |   0 | 828 |-2.457583e+01 |      --      |    Inf | unknown
 3296s|  3300 |  3301 |  5067k|1525.4 |   287M |  59 |1502 | 501 |1383 |  41k|  2 |   0 | 845 |-2.457583e+01 |      --      |    Inf | unknown
 3377s|  3400 |  3401 |  5211k|1522.9 |   288M |  59 |1502 | 501 |1418 |  42k|  4 |   0 | 851 |-2.457583e+01 |      --      |    Inf | unknown
 3458s|  3500 |  3501 |  5358k|1521.4 |   288M |  59 |1502 | 501 |1409 |  43k|  2 |   0 | 857 |-2.457523e+01 |      --      |    Inf | unknown
 3536s|  3600 |  3601 |  5492k|1516.4 |   289M |  59 |1502 | 501 |1380 |  44k|  4 |   0 | 871 |-2.457523e+01 |      --      |    Inf | unknown
 3622s|  3700 |  3701 |  5654k|1519.2 |   291M |  65 |1502 | 501 |1308 |  45k|  2 |   0 | 880 |-2.457523e+01 |      --      |    Inf | unknown
 3722s|  3800 |  3801 |  5841k|1528.5 |   292M |  65 |1502 | 501 |1508 |  46k|  4 |   0 | 886 |-2.457523e+01 |      --      |    Inf | unknown
 3805s|  3900 |  3901 |  5982k|1525.4 |   293M |  65 |1502 | 501 |1501 |  48k|  2 |   0 | 899 |-2.457523e+01 |      --      |    Inf | unknown
 3894s|  4000 |  4001 |  6144k|1527.7 |   293M |  65 |1502 | 501 |1526 |  49k|  4 |   0 | 904 |-2.457523e+01 |      --      |    Inf | unknown
 3991s|  4100 |  4101 |  6323k|1534.2 |   296M |  65 |1502 | 501 |1562 |  50k|  2 |   0 | 919 |-2.457523e+01 |      --      |    Inf | unknown
 4082s|  4200 |  4201 |  6482k|1535.5 |   296M |  65 |1502 | 501 |1516 |  51k|  4 |   0 | 923 |-2.457523e+01 |      --      |    Inf | unknown
 4167s|  4300 |  4301 |  6642k|1536.9 |   296M |  65 |1502 | 501 |1480 |  53k|  5 |   0 | 924 |-2.457523e+01 |      --      |    Inf | unknown
 4269s|  4400 |  4401 |  6816k|1541.5 |   297M |  65 |1502 | 501 |1546 |  54k|  3 |   0 | 940 |-2.457523e+01 |      --      |    Inf | unknown
 time | node  | left  |LP iter|LP it/n|mem/heur|mdpt |vars |cons |rows |cuts |sepa|confs|strbr|  dualbound   | primalbound  |  gap   | compl. 
 4360s|  4500 |  4501 |  6991k|1546.2 |   300M |  65 |1502 | 501 |1412 |  55k|  2 |   0 | 942 |-2.457523e+01 |      --      |    Inf | unknown
 4448s|  4600 |  4601 |  7150k|1547.1 |   300M |  65 |1502 | 501 |1412 |  56k|  4 |   0 | 953 |-2.457523e+01 |      --      |    Inf | unknown
 4553s|  4700 |  4701 |  7343k|1555.2 |   301M |  65 |1502 | 501 |1487 |  58k|  2 |   0 | 956 |-2.457523e+01 |      --      |    Inf | unknown
 4666s|  4800 |  4801 |  7554k|1566.8 |   302M |  65 |1502 | 501 |1477 |  60k|  2 |   0 | 969 |-2.457523e+01 |      --      |    Inf | unknown
 4753s|  4900 |  4901 |  7715k|1567.8 |   305M |  67 |1502 | 501 |1363 |  61k|  4 |   0 | 981 |-2.457523e+01 |      --      |    Inf | unknown
 4852s|  5000 |  5001 |  7910k|1575.4 |   305M |  67 |1502 | 501 |1437 |  62k|  3 |   0 | 981 |-2.457523e+01 |      --      |    Inf | unknown
 4969s|  5100 |  5101 |  8126k|1586.8 |   306M |  67 |1502 | 501 |1444 |  64k|  2 |   0 | 997 |-2.457523e+01 |      --      |    Inf | unknown
 5070s|  5200 |  5201 |  8316k|1593.0 |   307M |  67 |1502 | 501 |1504 |  65k|  2 |   0 |1003 |-2.457523e+01 |      --      |    Inf | unknown
 5185s|  5300 |  5301 |  8519k|1601.2 |   308M |  67 |1502 | 501 |1482 |  67k|  2 |   0 |1014 |-2.457523e+01 |      --      |    Inf | unknown
 5278s|  5400 |  5401 |  8678k|1600.9 |   309M |  67 |1502 | 501 |1492 |  68k|  2 |   0 |1023 |-2.457523e+01 |      --      |    Inf | unknown
 5382s|  5500 |  5501 |  8878k|1608.2 |   310M |  67 |1502 | 501 |1435 |  70k|  3 |   0 |1024 |-2.457523e+01 |      --      |    Inf | unknown
 5490s|  5600 |  5601 |  9079k|1615.4 |   310M |  67 |1502 | 501 |1352 |  71k|  2 |   0 |1038 |-2.457523e+01 |      --      |    Inf | unknown
 5592s|  5700 |  5701 |  9269k|1620.4 |   312M |  67 |1502 | 501 |1304 |  72k|  3 |   0 |1040 |-2.457523e+01 |      --      |    Inf | unknown
 5690s|  5800 |  5801 |  9451k|1623.8 |   312M |  69 |1502 | 501 |1562 |  74k|  2 |   0 |1048 |-2.457523e+01 |      --      |    Inf | unknown
 5783s|  5900 |  5901 |  9611k|1623.5 |   313M |  69 |1502 | 501 |1572 |  75k|  5 |   0 |1062 |-2.457514e+01 |      --      |    Inf | unknown
 time | node  | left  |LP iter|LP it/n|mem/heur|mdpt |vars |cons |rows |cuts |sepa|confs|strbr|  dualbound   | primalbound  |  gap   | compl. 
 5880s|  6000 |  6001 |  9796k|1627.2 |   314M |  69 |1502 | 501 |1462 |  77k|  3 |   0 |1062 |-2.457498e+01 |      --      |    Inf | unknown
 5987s|  6100 |  6101 |  9989k|1632.1 |   316M |  69 |1502 | 501 |1335 |  78k|  2 |   0 |1075 |-2.457498e+01 |      --      |    Inf | unknown
 6090s|  6200 |  6201 | 10182k|1636.9 |   317M |  69 |1502 | 501 |1269 |  79k|  2 |   0 |1083 |-2.457456e+01 |      --      |    Inf | unknown
 6175s|  6300 |  6301 | 10339k|1635.8 |   317M |  69 |1502 | 501 |1519 |  81k|  3 |   0 |1084 |-2.457456e+01 |      --      |    Inf | unknown
 6255s|  6400 |  6401 | 10480k|1632.3 |   318M |  69 |1502 | 501 |1540 |  82k|  2 |   0 |1095 |-2.457451e+01 |      --      |    Inf | unknown
 6356s|  6500 |  6501 | 10673k|1636.9 |   319M |  69 |1502 | 501 |1496 |  83k|  2 |   0 |1106 |-2.457451e+01 |      --      |    Inf | unknown
 6450s|  6600 |  6601 | 10847k|1638.5 |   320M |  69 |1502 | 501 |1432 |  85k|  2 |   0 |1108 |-2.457401e+01 |      --      |    Inf | unknown
 6537s|  6700 |  6701 | 11003k|1637.4 |   321M |  69 |1502 | 501 |1523 |  86k|  2 |   0 |1114 |-2.457401e+01 |      --      |    Inf | unknown
 6621s|  6800 |  6801 | 11152k|1635.1 |   322M |  69 |1502 | 501 |1445 |  87k|  2 |   0 |1125 |-2.457400e+01 |      --      |    Inf | unknown
 6706s|  6900 |  6901 | 11306k|1633.8 |   323M |  69 |1502 | 501 |1464 |  88k|  3 |   0 |1127 |-2.457385e+01 |      --      |    Inf | unknown
 6810s|  7000 |  7001 | 11495k|1637.5 |   324M |  69 |1502 | 501 |1422 |  90k|  2 |   0 |1132 |-2.457385e+01 |      --      |    Inf | unknown
 6906s|  7100 |  7101 | 11668k|1638.7 |   324M |  69 |1502 | 501 |1285 |  91k|  2 |   0 |1144 |-2.457338e+01 |      --      |    Inf | unknown
 6999s|  7200 |  7201 | 11841k|1639.9 |   325M |  69 |1502 | 501 |1622 |  93k|  4 |   0 |1145 |-2.457338e+01 |      --      |    Inf | unknown
 7109s|  7300 |  7301 | 12044k|1645.4 |   327M |  69 |1502 | 501 |1434 |  94k|  3 |   0 |1149 |-2.457296e+01 |      --      |    Inf | unknown
 7196s|  7400 |  7401 | 12195k|1643.5 |   327M |  69 |1502 | 501 |1418 |  95k|  2 |   0 |1165 |-2.457296e+01 |      --      |    Inf | unknown
 time | node  | left  |LP iter|LP it/n|mem/heur|mdpt |vars |cons |rows |cuts |sepa|confs|strbr|  dualbound   | primalbound  |  gap   | compl. 
 7294s|  7500 |  7501 | 12384k|1646.8 |   327M |  69 |1502 | 501 |1416 |  97k|  2 |   0 |1166 |-2.457258e+01 |      --      |    Inf | unknown
 7376s|  7600 |  7601 | 12530k|1644.4 |   328M |  69 |1502 | 501 |1596 |  98k|  3 |   0 |1167 |-2.457258e+01 |      --      |    Inf | unknown
 7460s|  7700 |  7701 | 12679k|1642.3 |   329M |  69 |1502 | 501 |1499 |  99k|  3 |   0 |1174 |-2.457251e+01 |      --      |    Inf | unknown
 7557s|  7800 |  7801 | 12853k|1643.5 |   330M |  69 |1502 | 501 |1467 | 100k|  2 |   0 |1182 |-2.457204e+01 |      --      |    Inf | unknown
 7650s|  7900 |  7901 | 13026k|1644.6 |   330M |  69 |1502 | 501 |1474 | 102k|  2 |   0 |1184 |-2.457204e+01 |      --      |    Inf | unknown
 7748s|  8000 |  8001 | 13204k|1646.4 |   331M |  69 |1502 | 501 |1399 | 103k|  2 |   0 |1189 |-2.457188e+01 |      --      |    Inf | unknown
 7845s|  8100 |  8101 | 13379k|1647.6 |   332M |  69 |1502 | 501 |1520 | 105k|  2 |   0 |1198 |-2.457188e+01 |      --      |    Inf | unknown
 7948s|  8200 |  8201 | 13574k|1651.3 |   332M |  69 |1502 | 501 |1497 | 106k|  2 |   0 |1199 |-2.457186e+01 |      --      |    Inf | unknown
 8041s|  8300 |  8301 | 13744k|1651.9 |   333M |  69 |1502 | 501 |1435 | 107k|  4 |   0 |1206 |-2.457186e+01 |      --      |    Inf | unknown
 8148s|  8400 |  8401 | 13943k|1656.0 |   334M |  69 |1502 | 501 |1445 | 109k|  2 |   0 |1221 |-2.457179e+01 |      --      |    Inf | unknown
 8241s|  8500 |  8501 | 14115k|1656.8 |   335M |  69 |1502 | 501 |1560 | 110k|  2 |   0 |1221 |-2.457179e+01 |      --      |    Inf | unknown
 8337s|  8600 |  8601 | 14291k|1657.9 |   335M |  69 |1502 | 501 |1577 | 112k|  5 |   0 |1223 |-2.457158e+01 |      --      |    Inf | unknown
 8443s|  8700 |  8701 | 14491k|1661.9 |   335M |  69 |1502 | 501 |1505 | 113k|  2 |   0 |1234 |-2.457142e+01 |      --      |    Inf | unknown
 8525s|  8800 |  8801 | 14643k|1660.2 |   336M |  69 |1502 | 501 |1402 | 114k|  2 |   0 |1240 |-2.457142e+01 |      --      |    Inf | unknown
 8636s|  8900 |  8901 | 14859k|1665.8 |   337M |  69 |1502 | 501 |1304 | 116k|  2 |   0 |1241 |-2.457132e+01 |      --      |    Inf | unknown
 time | node  | left  |LP iter|LP it/n|mem/heur|mdpt |vars |cons |rows |cuts |sepa|confs|strbr|  dualbound   | primalbound  |  gap   | compl. 
 8732s|  9000 |  9001 | 15027k|1666.0 |   337M |  69 |1502 | 501 |1441 | 117k|  2 |   0 |1253 |-2.457132e+01 |      --      |    Inf | unknown
 8840s|  9100 |  9101 | 15236k|1670.7 |   337M |  69 |1502 | 501 |1526 | 119k|  2 |   0 |1255 |-2.457102e+01 |      --      |    Inf | unknown
 8946s|  9200 |  9201 | 15436k|1674.2 |   338M |  69 |1502 | 501 |1466 | 120k|  3 |   0 |1255 |-2.457102e+01 |      --      |    Inf | unknown
 9032s|  9300 |  9301 | 15589k|1672.7 |   341M |  69 |1502 | 501 |1378 | 121k|  2 |   0 |1268 |-2.457102e+01 |      --      |    Inf | unknown
 9134s|  9400 |  9401 | 15785k|1675.7 |   342M |  69 |1502 | 501 |1537 | 123k|  2 |   0 |1272 |-2.457102e+01 |      --      |    Inf | unknown
 9243s|  9500 |  9501 | 15984k|1679.1 |   342M |  69 |1502 | 501 |1533 | 124k|  2 |   0 |1273 |-2.457067e+01 |      --      |    Inf | unknown
 9333s|  9600 |  9601 | 16147k|1678.6 |   343M |  69 |1502 | 501 |1447 | 126k|  5 |   0 |1280 |-2.457065e+01 |      --      |    Inf | unknown
 9432s|  9700 |  9701 | 16335k|1680.7 |   344M |  69 |1502 | 501 |1525 | 127k|  4 |   0 |1285 |-2.457065e+01 |      --      |    Inf | unknown
 9526s|  9800 |  9801 | 16512k|1681.5 |   345M |  69 |1502 | 501 |1430 | 129k|  2 |   0 |1287 |-2.457064e+01 |      --      |    Inf | unknown
 9620s|  9900 |  9901 | 16692k|1682.7 |   345M |  69 |1502 | 501 |1569 | 130k|  2 |   0 |1293 |-2.457064e+01 |      --      |    Inf | unknown
 9733s| 10000 | 10001 | 16902k|1686.9 |   346M |  69 |1502 | 501 |1581 | 131k|  2 |   0 |1302 |-2.457062e+01 |      --      |    Inf | unknown
 9829s| 10100 | 10101 | 17083k|1688.1 |   347M |  69 |1502 | 501 |1410 | 133k|  2 |   0 |1303 |-2.457062e+01 |      --      |    Inf | unknown
 9913s| 10200 | 10201 | 17237k|1686.6 |   348M |  69 |1502 | 501 |1315 | 134k|  2 |   0 |1307 |-2.457061e+01 |      --      |    Inf | unknown
  167m| 10300 | 10301 | 17403k|1686.4 |   348M |  69 |1502 | 501 |1670 | 135k|  3 |   0 |1313 |-2.457061e+01 |      --      |    Inf | unknown
  168m| 10400 | 10401 | 17580k|1687.2 |   349M |  69 |1502 | 501 |1550 | 137k|  3 |   0 |1314 |-2.457025e+01 |      --      |    Inf | unknown
 time | node  | left  |LP iter|LP it/n|mem/heur|mdpt |vars |cons |rows |cuts |sepa|confs|strbr|  dualbound   | primalbound  |  gap   | compl. 
  170m| 10500 | 10501 | 17743k|1686.7 |   350M |  69 |1502 | 501 |1444 | 138k|  4 |   0 |1315 |-2.456989e+01 |      --      |    Inf | unknown
  171m| 10600 | 10601 | 17914k|1686.9 |   350M |  69 |1502 | 501 |1479 | 139k|  2 |   0 |1322 |-2.456989e+01 |      --      |    Inf | unknown
  173m| 10700 | 10701 | 18081k|1686.7 |   351M |  69 |1502 | 501 |1361 | 141k|  2 |   0 |1324 |-2.456968e+01 |      --      |    Inf | unknown
  174m| 10800 | 10801 | 18250k|1686.8 |   351M |  69 |1502 | 501 |1590 | 142k|  2 |   0 |1325 |-2.456968e+01 |      --      |    Inf | unknown
  176m| 10900 | 10901 | 18421k|1687.0 |   352M |  69 |1502 | 501 |1484 | 143k|  2 |   0 |1336 |-2.456946e+01 |      --      |    Inf | unknown
  177m| 11000 | 11001 | 18605k|1688.4 |   352M |  69 |1502 | 501 |1423 | 145k|  2 |   0 |1341 |-2.456946e+01 |      --      |    Inf | unknown
  179m| 11100 | 11101 | 18799k|1690.7 |   352M |  69 |1502 | 501 |1421 | 146k|  2 |   0 |1341 |-2.456937e+01 |      --      |    Inf | unknown

SCIP Status        : solving was interrupted [time limit reached]
Solving Time (sec) : 10800.00
Solving Nodes      : 11172
Primal Bound       : +1.00000000000000e+20 (0 solutions)
Dual Bound         : -2.45693682615620e+01
Gap                : infinite

