Solver command line: ['/cvmfs/soft.computecanada.ca/easybuild/software/2023/x86-64-v4/Compiler/gcc12/scipoptsuite/9.0.0/bin/scip', '/tmp/tmpyusms5kf.pyomo', '-AMPL']

SCIP version 9.0.0 [precision: 8 byte] [memory: block] [mode: optimized] [LP solver: Soplex 7.0.0] [GitHash: 7205bedd94]
Copyright (c) 2002-2024 Zuse Institute Berlin (ZIB)

External libraries: 
  Readline 8.1         GNU library for command line editing (gnu.org/s/readline)
  Soplex 7.0.0         Linear Programming Solver developed at Zuse Institute Berlin (soplex.zib.de) [GitHash: 6657fb3b]
  CppAD 20180000.0     Algorithmic Differentiation of C++ algorithms developed by B. Bell (github.com/coin-or/CppAD)
  ZLIB 1.2.13          General purpose compression library by J. Gailly and M. Adler (zlib.net)
  GMP 6.2.1            GNU Multiple Precision Arithmetic Library developed by T. Granlund (gmplib.org)
  ZIMPL 3.5.3          Zuse Institute Mathematical Programming Language developed by T. Koch (zimpl.zib.de)
  AMPL/MP 690e9e7      AMPL .nl file reader library (github.com/ampl/mp)
  PaPILO 2.2.0         parallel presolve for integer and linear optimization (github.com/scipopt/papilo) (built with TBB) [GitHash: df30ae49]
  bliss 0.77           Computing Graph Automorphisms by T. Junttila and P. Kaski (users.aalto.fi/~tjunttil/bliss)
  sassy 1.1            Symmetry preprocessor by Markus Anders (github.com/markusa4/sassy)
  Ipopt 3.14.14        Interior Point Optimizer developed by A. Waechter et.al. (github.com/coin-or/Ipopt)

reading user parameter file <scip.set>
===========================

limits/time = 10800

read problem </tmp/tmpyusms5kf.pyomo.nl>
============

original problem has 501 variables (0 bin, 500 int, 0 impl, 1 cont) and 501 constraints

solve problem
=============

presolving:
   (0.1s) symmetry computation started: requiring (bin +, int +, cont +), (fixed: bin -, int -, cont -)
   (0.2s) no symmetry present (symcode time: 0.01)
presolving (1 rounds: 1 fast, 1 medium, 1 exhaustive):
 0 deleted vars, 0 deleted constraints, 0 added constraints, 1 tightened bounds, 0 added holes, 0 changed sides, 0 changed coefficients
 0 implications, 0 cliques
presolved problem has 501 variables (0 bin, 500 int, 0 impl, 1 cont) and 501 constraints
    500 constraints of type <linear>
      1 constraints of type <nonlinear>
Presolving Time: 0.18

 time | node  | left  |LP iter|LP it/n|mem/heur|mdpt |vars |cons |rows |cuts |sepa|confs|strbr|  dualbound   | primalbound  |  gap   | compl. 
  1.6s|     1 |     0 |   364 |     - |   138M |   0 |1502 | 501 |1501 |   0 |  0 |   0 |   0 |-2.477245e+01 |      --      |    Inf | unknown
 10.4s|     1 |     0 | 10432 |     - |   139M |   0 |1502 | 501 |1865 | 364 |  1 |   0 |   0 |-2.477245e+01 |      --      |    Inf | unknown
 19.8s|     1 |     0 | 21743 |     - |   151M |   0 |1502 | 501 |2204 | 703 |  2 |   0 |   0 |-2.470926e+01 |      --      |    Inf | unknown
 26.5s|     1 |     0 | 32282 |     - |   167M |   0 |1502 | 501 |2397 | 896 |  3 |   0 |   0 |-2.461556e+01 |      --      |    Inf | unknown
 28.1s|     1 |     0 | 34144 |     - |   177M |   0 |1502 | 501 |2448 | 947 |  4 |   0 |   0 |-2.459324e+01 |      --      |    Inf | unknown
 29.2s|     1 |     0 | 34472 |     - |   190M |   0 |1502 | 501 |2459 | 958 |  5 |   0 |   0 |-2.459248e+01 |      --      |    Inf | unknown
 30.2s|     1 |     0 | 34587 |     - |   209M |   0 |1502 | 501 |2471 | 970 |  6 |   0 |   0 |-2.459235e+01 |      --      |    Inf | unknown
 31.2s|     1 |     0 | 34700 |     - |   212M |   0 |1502 | 501 |2474 | 973 |  7 |   0 |   0 |-2.459227e+01 |      --      |    Inf | unknown
 32.2s|     1 |     0 | 34788 |     - |   224M |   0 |1502 | 501 |2476 | 975 |  8 |   0 |   0 |-2.459221e+01 |      --      |    Inf | unknown
 33.2s|     1 |     0 | 34868 |     - |   227M |   0 |1502 | 501 |2478 | 977 |  9 |   0 |   0 |-2.459218e+01 |      --      |    Inf | unknown
 34.2s|     1 |     0 | 34974 |     - |   253M |   0 |1502 | 501 |2479 | 978 | 10 |   0 |   0 |-2.459213e+01 |      --      |    Inf | unknown
 34.7s|     1 |     0 | 35054 |     - |   253M |   0 |1502 | 501 |1373 | 979 | 11 |   0 |   0 |-2.459210e+01 |      --      |    Inf | unknown
 35.3s|     1 |     0 | 35095 |     - |   253M |   0 |1502 | 501 |1374 | 980 | 12 |   0 |   0 |-2.459208e+01 |      --      |    Inf | unknown
 35.8s|     1 |     0 | 35113 |     - |   253M |   0 |1502 | 501 |1375 | 981 | 13 |   0 |   0 |-2.459208e+01 |      --      |    Inf | unknown
 36.3s|     1 |     0 | 35138 |     - |   253M |   0 |1502 | 501 |1376 | 982 | 14 |   0 |   0 |-2.459207e+01 |      --      |    Inf | unknown
 time | node  | left  |LP iter|LP it/n|mem/heur|mdpt |vars |cons |rows |cuts |sepa|confs|strbr|  dualbound   | primalbound  |  gap   | compl. 
 87.5s|     1 |     2 | 46059 |     - |   254M |   0 |1502 | 501 |1376 | 982 | 14 |   0 |  26 |-2.459141e+01 |      --      |    Inf | unknown
  298s|   100 |   101 |190150 |1565.8 |   264M |  22 |1502 | 501 |1159 |1948 |  2 |   0 | 319 |-2.459141e+01 |      --      |    Inf | unknown
  423s|   200 |   201 |339085 |1527.4 |   265M |  33 |1502 | 501 |1245 |3036 |  2 |   0 | 382 |-2.458289e+01 |      --      |    Inf | unknown
  534s|   300 |   301 |477782 |1480.4 |   266M |  33 |1502 | 501 |1197 |4042 |  2 |   0 | 454 |-2.458137e+01 |      --      |    Inf | unknown
  622s|   400 |   401 |627741 |1485.2 |   262M |  33 |1502 | 501 |1245 |5242 |  2 |   0 | 486 |-2.458077e+01 |      --      |    Inf | unknown
  703s|   500 |   501 |724634 |1381.8 |   252M |  35 |1502 | 501 |1146 |5779 |  2 |   0 | 487 |-2.458070e+01 |      --      |    Inf | unknown
  819s|   600 |   601 |889664 |1426.6 |   254M |  45 |1502 | 501 |1216 |7277 |  2 |   0 | 528 |-2.458070e+01 |      --      |    Inf | unknown
  918s|   700 |   701 |  1033k|1427.7 |   256M |  45 |1502 | 501 |1236 |8540 |  2 |   0 | 541 |-2.457896e+01 |      --      |    Inf | unknown
 1014s|   800 |   801 |  1196k|1453.3 |   258M |  45 |1502 | 501 |1228 |  10k|  2 |   0 | 574 |-2.457896e+01 |      --      |    Inf | unknown
 1141s|   900 |   901 |  1361k|1475.2 |   259M |  45 |1502 | 501 |1380 |  11k|  2 |   0 | 598 |-2.457896e+01 |      --      |    Inf | unknown
 1231s|  1000 |  1001 |  1522k|1489.1 |   260M |  45 |1502 | 501 |1366 |  12k|  2 |   0 | 616 |-2.457878e+01 |      --      |    Inf | unknown
 1285s|  1100 |  1101 |  1613k|1436.1 |   262M |  45 |1502 | 501 |1351 |  13k|  2 |   0 | 617 |-2.457836e+01 |      --      |    Inf | unknown
 1383s|  1200 |  1201 |  1797k|1469.6 |   264M |  45 |1502 | 501 |1286 |  14k|  2 |   0 | 618 |-2.457772e+01 |      --      |    Inf | unknown
 1464s|  1300 |  1301 |  1956k|1478.8 |   264M |  45 |1502 | 501 |1224 |  16k|  2 |   0 | 620 |-2.457771e+01 |      --      |    Inf | unknown
 1533s|  1400 |  1401 |  2075k|1458.3 |   265M |  45 |1502 | 501 |1245 |  17k|  2 |   0 | 623 |-2.457769e+01 |      --      |    Inf | unknown
 time | node  | left  |LP iter|LP it/n|mem/heur|mdpt |vars |cons |rows |cuts |sepa|confs|strbr|  dualbound   | primalbound  |  gap   | compl. 
 1608s|  1500 |  1501 |  2200k|1444.5 |   267M |  45 |1502 | 501 |1419 |  18k|  2 |   0 | 630 |-2.457769e+01 |      --      |    Inf | unknown
 1698s|  1600 |  1601 |  2361k|1454.8 |   268M |  45 |1502 | 501 |1369 |  19k|  2 |   0 | 638 |-2.457702e+01 |      --      |    Inf | unknown
 1786s|  1700 |  1701 |  2509k|1456.4 |   268M |  45 |1502 | 501 |1380 |  20k|  2 |   0 | 657 |-2.457603e+01 |      --      |    Inf | unknown
 1891s|  1800 |  1801 |  2705k|1484.1 |   270M |  47 |1502 | 501 |1454 |  22k|  2 |   0 | 666 |-2.457595e+01 |      --      |    Inf | unknown
 1969s|  1900 |  1901 |  2845k|1479.7 |   270M |  47 |1502 | 501 |1378 |  23k|  2 |   0 | 676 |-2.457595e+01 |      --      |    Inf | unknown
 2064s|  2000 |  2001 |  3020k|1493.6 |   272M |  47 |1502 | 501 |1475 |  24k|  2 |   0 | 686 |-2.457595e+01 |      --      |    Inf | unknown
 2152s|  2100 |  2101 |  3171k|1494.0 |   273M |  47 |1502 | 501 |1465 |  25k|  2 |   0 | 708 |-2.457595e+01 |      --      |    Inf | unknown
 2234s|  2200 |  2201 |  3315k|1491.9 |   274M |  47 |1502 | 501 |1460 |  27k|  2 |   0 | 713 |-2.457595e+01 |      --      |    Inf | unknown
 2333s|  2300 |  2301 |  3491k|1503.3 |   275M |  47 |1502 | 501 |1436 |  28k|  4 |   0 | 731 |-2.457595e+01 |      --      |    Inf | unknown
 2412s|  2400 |  2401 |  3632k|1499.3 |   277M |  47 |1502 | 501 |1374 |  29k|  2 |   0 | 743 |-2.457595e+01 |      --      |    Inf | unknown
 2493s|  2500 |  2501 |  3778k|1497.9 |   278M |  47 |1502 | 501 |1433 |  30k|  2 |   0 | 749 |-2.457595e+01 |      --      |    Inf | unknown
 2583s|  2600 |  2601 |  3930k|1498.7 |   279M |  47 |1502 | 501 |1435 |  31k|  2 |   0 | 769 |-2.457595e+01 |      --      |    Inf | unknown
 2675s|  2700 |  2701 |  4101k|1506.5 |   280M |  47 |1502 | 501 |1399 |  33k|  2 |   0 | 774 |-2.457595e+01 |      --      |    Inf | unknown
 2750s|  2800 |  2801 |  4237k|1501.5 |   281M |  47 |1502 | 501 |1421 |  34k|  2 |   0 | 787 |-2.457595e+01 |      --      |    Inf | unknown
 2839s|  2900 |  2901 |  4401k|1506.0 |   282M |  47 |1502 | 501 |1436 |  35k|  2 |   0 | 797 |-2.457595e+01 |      --      |    Inf | unknown
 time | node  | left  |LP iter|LP it/n|mem/heur|mdpt |vars |cons |rows |cuts |sepa|confs|strbr|  dualbound   | primalbound  |  gap   | compl. 
 2930s|  3000 |  3001 |  4560k|1509.1 |   283M |  49 |1502 | 501 |1540 |  37k|  5 |   0 | 805 |-2.457595e+01 |      --      |    Inf | unknown
 3046s|  3100 |  3101 |  4768k|1527.5 |   284M |  59 |1502 | 501 |1540 |  38k|  4 |   0 | 827 |-2.457595e+01 |      --      |    Inf | unknown
 3120s|  3200 |  3201 |  4896k|1519.8 |   285M |  59 |1502 | 501 |1305 |  39k|  2 |   0 | 828 |-2.457583e+01 |      --      |    Inf | unknown
 3216s|  3300 |  3301 |  5067k|1525.4 |   287M |  59 |1502 | 501 |1383 |  41k|  2 |   0 | 845 |-2.457583e+01 |      --      |    Inf | unknown
 3294s|  3400 |  3401 |  5211k|1522.9 |   288M |  59 |1502 | 501 |1418 |  42k|  4 |   0 | 851 |-2.457583e+01 |      --      |    Inf | unknown
 3375s|  3500 |  3501 |  5358k|1521.4 |   288M |  59 |1502 | 501 |1409 |  43k|  2 |   0 | 857 |-2.457523e+01 |      --      |    Inf | unknown
 3452s|  3600 |  3601 |  5492k|1516.4 |   289M |  59 |1502 | 501 |1380 |  44k|  4 |   0 | 871 |-2.457523e+01 |      --      |    Inf | unknown
 3536s|  3700 |  3701 |  5654k|1519.2 |   291M |  65 |1502 | 501 |1308 |  45k|  2 |   0 | 880 |-2.457523e+01 |      --      |    Inf | unknown
 3635s|  3800 |  3801 |  5841k|1528.5 |   292M |  65 |1502 | 501 |1508 |  46k|  4 |   0 | 886 |-2.457523e+01 |      --      |    Inf | unknown
 3716s|  3900 |  3901 |  5982k|1525.4 |   293M |  65 |1502 | 501 |1501 |  48k|  2 |   0 | 899 |-2.457523e+01 |      --      |    Inf | unknown
 3804s|  4000 |  4001 |  6144k|1527.7 |   293M |  65 |1502 | 501 |1526 |  49k|  4 |   0 | 904 |-2.457523e+01 |      --      |    Inf | unknown
 3899s|  4100 |  4101 |  6323k|1534.2 |   296M |  65 |1502 | 501 |1562 |  50k|  2 |   0 | 919 |-2.457523e+01 |      --      |    Inf | unknown
 3986s|  4200 |  4201 |  6482k|1535.5 |   296M |  65 |1502 | 501 |1516 |  51k|  4 |   0 | 923 |-2.457523e+01 |      --      |    Inf | unknown
 4072s|  4300 |  4301 |  6642k|1536.9 |   296M |  65 |1502 | 501 |1480 |  53k|  5 |   0 | 924 |-2.457523e+01 |      --      |    Inf | unknown
 4168s|  4400 |  4401 |  6816k|1541.5 |   297M |  65 |1502 | 501 |1546 |  54k|  3 |   0 | 940 |-2.457523e+01 |      --      |    Inf | unknown
 time | node  | left  |LP iter|LP it/n|mem/heur|mdpt |vars |cons |rows |cuts |sepa|confs|strbr|  dualbound   | primalbound  |  gap   | compl. 
 4260s|  4500 |  4501 |  6991k|1546.2 |   300M |  65 |1502 | 501 |1412 |  55k|  2 |   0 | 942 |-2.457523e+01 |      --      |    Inf | unknown
 4346s|  4600 |  4601 |  7150k|1547.1 |   300M |  65 |1502 | 501 |1412 |  56k|  4 |   0 | 953 |-2.457523e+01 |      --      |    Inf | unknown
 4451s|  4700 |  4701 |  7343k|1555.2 |   301M |  65 |1502 | 501 |1487 |  58k|  2 |   0 | 956 |-2.457523e+01 |      --      |    Inf | unknown
 4560s|  4800 |  4801 |  7554k|1566.8 |   302M |  65 |1502 | 501 |1477 |  60k|  2 |   0 | 969 |-2.457523e+01 |      --      |    Inf | unknown
 4648s|  4900 |  4901 |  7715k|1567.8 |   305M |  67 |1502 | 501 |1363 |  61k|  4 |   0 | 981 |-2.457523e+01 |      --      |    Inf | unknown
 4740s|  5000 |  5001 |  7910k|1575.4 |   305M |  67 |1502 | 501 |1437 |  62k|  3 |   0 | 981 |-2.457523e+01 |      --      |    Inf | unknown
 4856s|  5100 |  5101 |  8126k|1586.8 |   306M |  67 |1502 | 501 |1444 |  64k|  2 |   0 | 997 |-2.457523e+01 |      --      |    Inf | unknown
 4954s|  5200 |  5201 |  8316k|1593.0 |   307M |  67 |1502 | 501 |1504 |  65k|  2 |   0 |1003 |-2.457523e+01 |      --      |    Inf | unknown
 5068s|  5300 |  5301 |  8519k|1601.2 |   308M |  67 |1502 | 501 |1482 |  67k|  2 |   0 |1014 |-2.457523e+01 |      --      |    Inf | unknown
 5158s|  5400 |  5401 |  8678k|1600.9 |   309M |  67 |1502 | 501 |1492 |  68k|  2 |   0 |1023 |-2.457523e+01 |      --      |    Inf | unknown
 5261s|  5500 |  5501 |  8878k|1608.2 |   310M |  67 |1502 | 501 |1435 |  70k|  3 |   0 |1024 |-2.457523e+01 |      --      |    Inf | unknown
 5367s|  5600 |  5601 |  9079k|1615.4 |   310M |  67 |1502 | 501 |1352 |  71k|  2 |   0 |1038 |-2.457523e+01 |      --      |    Inf | unknown
 5467s|  5700 |  5701 |  9269k|1620.4 |   312M |  67 |1502 | 501 |1304 |  72k|  3 |   0 |1040 |-2.457523e+01 |      --      |    Inf | unknown
 5563s|  5800 |  5801 |  9451k|1623.8 |   312M |  69 |1502 | 501 |1562 |  74k|  2 |   0 |1048 |-2.457523e+01 |      --      |    Inf | unknown
 5655s|  5900 |  5901 |  9611k|1623.5 |   313M |  69 |1502 | 501 |1572 |  75k|  5 |   0 |1062 |-2.457514e+01 |      --      |    Inf | unknown
 time | node  | left  |LP iter|LP it/n|mem/heur|mdpt |vars |cons |rows |cuts |sepa|confs|strbr|  dualbound   | primalbound  |  gap   | compl. 
 5749s|  6000 |  6001 |  9796k|1627.2 |   314M |  69 |1502 | 501 |1462 |  77k|  3 |   0 |1062 |-2.457498e+01 |      --      |    Inf | unknown
 5854s|  6100 |  6101 |  9989k|1632.1 |   316M |  69 |1502 | 501 |1335 |  78k|  2 |   0 |1075 |-2.457498e+01 |      --      |    Inf | unknown
 5955s|  6200 |  6201 | 10182k|1636.9 |   317M |  69 |1502 | 501 |1269 |  79k|  2 |   0 |1083 |-2.457456e+01 |      --      |    Inf | unknown
 6038s|  6300 |  6301 | 10339k|1635.8 |   317M |  69 |1502 | 501 |1519 |  81k|  3 |   0 |1084 |-2.457456e+01 |      --      |    Inf | unknown
 6118s|  6400 |  6401 | 10480k|1632.3 |   318M |  69 |1502 | 501 |1540 |  82k|  2 |   0 |1095 |-2.457451e+01 |      --      |    Inf | unknown
 6215s|  6500 |  6501 | 10673k|1636.9 |   319M |  69 |1502 | 501 |1496 |  83k|  2 |   0 |1106 |-2.457451e+01 |      --      |    Inf | unknown
 6309s|  6600 |  6601 | 10847k|1638.5 |   320M |  69 |1502 | 501 |1432 |  85k|  2 |   0 |1108 |-2.457401e+01 |      --      |    Inf | unknown
 6392s|  6700 |  6701 | 11003k|1637.4 |   321M |  69 |1502 | 501 |1523 |  86k|  2 |   0 |1114 |-2.457401e+01 |      --      |    Inf | unknown
 6476s|  6800 |  6801 | 11152k|1635.1 |   322M |  69 |1502 | 501 |1445 |  87k|  2 |   0 |1125 |-2.457400e+01 |      --      |    Inf | unknown
 6557s|  6900 |  6901 | 11306k|1633.8 |   323M |  69 |1502 | 501 |1464 |  88k|  3 |   0 |1127 |-2.457385e+01 |      --      |    Inf | unknown
 6660s|  7000 |  7001 | 11495k|1637.5 |   324M |  69 |1502 | 501 |1422 |  90k|  2 |   0 |1132 |-2.457385e+01 |      --      |    Inf | unknown
 6752s|  7100 |  7101 | 11668k|1638.7 |   324M |  69 |1502 | 501 |1285 |  91k|  2 |   0 |1144 |-2.457338e+01 |      --      |    Inf | unknown
 6843s|  7200 |  7201 | 11841k|1639.9 |   325M |  69 |1502 | 501 |1622 |  93k|  4 |   0 |1145 |-2.457338e+01 |      --      |    Inf | unknown
 6946s|  7300 |  7301 | 12044k|1645.4 |   327M |  69 |1502 | 501 |1434 |  94k|  3 |   0 |1149 |-2.457296e+01 |      --      |    Inf | unknown
 7028s|  7400 |  7401 | 12195k|1643.5 |   327M |  69 |1502 | 501 |1418 |  95k|  2 |   0 |1165 |-2.457296e+01 |      --      |    Inf | unknown
 time | node  | left  |LP iter|LP it/n|mem/heur|mdpt |vars |cons |rows |cuts |sepa|confs|strbr|  dualbound   | primalbound  |  gap   | compl. 
 7127s|  7500 |  7501 | 12384k|1646.8 |   327M |  69 |1502 | 501 |1416 |  97k|  2 |   0 |1166 |-2.457258e+01 |      --      |    Inf | unknown
 7206s|  7600 |  7601 | 12530k|1644.4 |   328M |  69 |1502 | 501 |1596 |  98k|  3 |   0 |1167 |-2.457258e+01 |      --      |    Inf | unknown
 7288s|  7700 |  7701 | 12679k|1642.3 |   329M |  69 |1502 | 501 |1499 |  99k|  3 |   0 |1174 |-2.457251e+01 |      --      |    Inf | unknown
 7385s|  7800 |  7801 | 12853k|1643.5 |   330M |  69 |1502 | 501 |1467 | 100k|  2 |   0 |1182 |-2.457204e+01 |      --      |    Inf | unknown
 7476s|  7900 |  7901 | 13026k|1644.6 |   330M |  69 |1502 | 501 |1474 | 102k|  2 |   0 |1184 |-2.457204e+01 |      --      |    Inf | unknown
 7571s|  8000 |  8001 | 13204k|1646.4 |   331M |  69 |1502 | 501 |1399 | 103k|  2 |   0 |1189 |-2.457188e+01 |      --      |    Inf | unknown
 7667s|  8100 |  8101 | 13379k|1647.6 |   332M |  69 |1502 | 501 |1520 | 105k|  2 |   0 |1198 |-2.457188e+01 |      --      |    Inf | unknown
 7766s|  8200 |  8201 | 13574k|1651.3 |   332M |  69 |1502 | 501 |1497 | 106k|  2 |   0 |1199 |-2.457186e+01 |      --      |    Inf | unknown
 7855s|  8300 |  8301 | 13744k|1651.9 |   333M |  69 |1502 | 501 |1435 | 107k|  4 |   0 |1206 |-2.457186e+01 |      --      |    Inf | unknown
 7960s|  8400 |  8401 | 13943k|1656.0 |   334M |  69 |1502 | 501 |1445 | 109k|  2 |   0 |1221 |-2.457179e+01 |      --      |    Inf | unknown
 8052s|  8500 |  8501 | 14115k|1656.8 |   335M |  69 |1502 | 501 |1560 | 110k|  2 |   0 |1221 |-2.457179e+01 |      --      |    Inf | unknown
 8146s|  8600 |  8601 | 14291k|1657.9 |   335M |  69 |1502 | 501 |1577 | 112k|  5 |   0 |1223 |-2.457158e+01 |      --      |    Inf | unknown
 8250s|  8700 |  8701 | 14491k|1661.9 |   335M |  69 |1502 | 501 |1505 | 113k|  2 |   0 |1234 |-2.457142e+01 |      --      |    Inf | unknown
 8330s|  8800 |  8801 | 14643k|1660.2 |   336M |  69 |1502 | 501 |1402 | 114k|  2 |   0 |1240 |-2.457142e+01 |      --      |    Inf | unknown
 8438s|  8900 |  8901 | 14859k|1665.8 |   337M |  69 |1502 | 501 |1304 | 116k|  2 |   0 |1241 |-2.457132e+01 |      --      |    Inf | unknown
 time | node  | left  |LP iter|LP it/n|mem/heur|mdpt |vars |cons |rows |cuts |sepa|confs|strbr|  dualbound   | primalbound  |  gap   | compl. 
 8534s|  9000 |  9001 | 15027k|1666.0 |   337M |  69 |1502 | 501 |1441 | 117k|  2 |   0 |1253 |-2.457132e+01 |      --      |    Inf | unknown
 8638s|  9100 |  9101 | 15236k|1670.7 |   337M |  69 |1502 | 501 |1526 | 119k|  2 |   0 |1255 |-2.457102e+01 |      --      |    Inf | unknown
 8742s|  9200 |  9201 | 15436k|1674.2 |   338M |  69 |1502 | 501 |1466 | 120k|  3 |   0 |1255 |-2.457102e+01 |      --      |    Inf | unknown
 8826s|  9300 |  9301 | 15589k|1672.7 |   341M |  69 |1502 | 501 |1378 | 121k|  2 |   0 |1268 |-2.457102e+01 |      --      |    Inf | unknown
 8928s|  9400 |  9401 | 15785k|1675.7 |   342M |  69 |1502 | 501 |1537 | 123k|  2 |   0 |1272 |-2.457102e+01 |      --      |    Inf | unknown
 9033s|  9500 |  9501 | 15984k|1679.1 |   342M |  69 |1502 | 501 |1533 | 124k|  2 |   0 |1273 |-2.457067e+01 |      --      |    Inf | unknown
 9124s|  9600 |  9601 | 16147k|1678.6 |   343M |  69 |1502 | 501 |1447 | 126k|  5 |   0 |1280 |-2.457065e+01 |      --      |    Inf | unknown
 9220s|  9700 |  9701 | 16335k|1680.7 |   344M |  69 |1502 | 501 |1525 | 127k|  4 |   0 |1285 |-2.457065e+01 |      --      |    Inf | unknown
 9313s|  9800 |  9801 | 16512k|1681.5 |   345M |  69 |1502 | 501 |1430 | 129k|  2 |   0 |1287 |-2.457064e+01 |      --      |    Inf | unknown
 9402s|  9900 |  9901 | 16692k|1682.7 |   345M |  69 |1502 | 501 |1569 | 130k|  2 |   0 |1293 |-2.457064e+01 |      --      |    Inf | unknown
 9514s| 10000 | 10001 | 16902k|1686.9 |   346M |  69 |1502 | 501 |1581 | 131k|  2 |   0 |1302 |-2.457062e+01 |      --      |    Inf | unknown
 9607s| 10100 | 10101 | 17083k|1688.1 |   347M |  69 |1502 | 501 |1410 | 133k|  2 |   0 |1303 |-2.457062e+01 |      --      |    Inf | unknown
 9691s| 10200 | 10201 | 17237k|1686.6 |   348M |  69 |1502 | 501 |1315 | 134k|  2 |   0 |1307 |-2.457061e+01 |      --      |    Inf | unknown
 9777s| 10300 | 10301 | 17403k|1686.4 |   348M |  69 |1502 | 501 |1670 | 135k|  3 |   0 |1313 |-2.457061e+01 |      --      |    Inf | unknown
 9870s| 10400 | 10401 | 17580k|1687.2 |   349M |  69 |1502 | 501 |1550 | 137k|  3 |   0 |1314 |-2.457025e+01 |      --      |    Inf | unknown
 time | node  | left  |LP iter|LP it/n|mem/heur|mdpt |vars |cons |rows |cuts |sepa|confs|strbr|  dualbound   | primalbound  |  gap   | compl. 
 9955s| 10500 | 10501 | 17743k|1686.7 |   350M |  69 |1502 | 501 |1444 | 138k|  4 |   0 |1315 |-2.456989e+01 |      --      |    Inf | unknown
  167m| 10600 | 10601 | 17914k|1686.9 |   350M |  69 |1502 | 501 |1479 | 139k|  2 |   0 |1322 |-2.456989e+01 |      --      |    Inf | unknown
  169m| 10700 | 10701 | 18081k|1686.7 |   351M |  69 |1502 | 501 |1361 | 141k|  2 |   0 |1324 |-2.456968e+01 |      --      |    Inf | unknown
  170m| 10800 | 10801 | 18250k|1686.8 |   351M |  69 |1502 | 501 |1590 | 142k|  2 |   0 |1325 |-2.456968e+01 |      --      |    Inf | unknown
  172m| 10900 | 10901 | 18421k|1687.0 |   352M |  69 |1502 | 501 |1484 | 143k|  2 |   0 |1336 |-2.456946e+01 |      --      |    Inf | unknown
  173m| 11000 | 11001 | 18605k|1688.4 |   352M |  69 |1502 | 501 |1423 | 145k|  2 |   0 |1341 |-2.456946e+01 |      --      |    Inf | unknown
  175m| 11100 | 11101 | 18799k|1690.7 |   352M |  69 |1502 | 501 |1421 | 146k|  2 |   0 |1341 |-2.456937e+01 |      --      |    Inf | unknown
  176m| 11200 | 11201 | 18952k|1689.2 |   353M |  69 |1502 | 501 |1517 | 147k|  2 |   0 |1346 |-2.456937e+01 |      --      |    Inf | unknown
  178m| 11300 | 11301 | 19138k|1690.7 |   355M |  69 |1502 | 501 |1547 | 149k|  3 |   0 |1348 |-2.456935e+01 |      --      |    Inf | unknown
  180m| 11400 | 11401 | 19318k|1691.6 |   355M |  69 |1502 | 501 |1420 | 150k|  2 |   0 |1348 |-2.456914e+01 |      --      |    Inf | unknown

SCIP Status        : solving was interrupted [time limit reached]
Solving Time (sec) : 10800.01
Solving Nodes      : 11416
Primal Bound       : +1.00000000000000e+20 (0 solutions)
Dual Bound         : -2.45691397161440e+01
Gap                : infinite

