Solver command line: ['/cvmfs/soft.computecanada.ca/easybuild/software/2023/x86-64-v4/Compiler/gcc12/scipoptsuite/9.0.0/bin/scip', '/tmp/tmp2jxxw03r.pyomo', '-AMPL']

SCIP version 9.0.0 [precision: 8 byte] [memory: block] [mode: optimized] [LP solver: Soplex 7.0.0] [GitHash: 7205bedd94]
Copyright (c) 2002-2024 Zuse Institute Berlin (ZIB)

External libraries: 
  Readline 8.1         GNU library for command line editing (gnu.org/s/readline)
  Soplex 7.0.0         Linear Programming Solver developed at Zuse Institute Berlin (soplex.zib.de) [GitHash: 6657fb3b]
  CppAD 20180000.0     Algorithmic Differentiation of C++ algorithms developed by B. Bell (github.com/coin-or/CppAD)
  ZLIB 1.2.13          General purpose compression library by J. Gailly and M. Adler (zlib.net)
  GMP 6.2.1            GNU Multiple Precision Arithmetic Library developed by T. Granlund (gmplib.org)
  ZIMPL 3.5.3          Zuse Institute Mathematical Programming Language developed by T. Koch (zimpl.zib.de)
  AMPL/MP 690e9e7      AMPL .nl file reader library (github.com/ampl/mp)
  PaPILO 2.2.0         parallel presolve for integer and linear optimization (github.com/scipopt/papilo) (built with TBB) [GitHash: df30ae49]
  bliss 0.77           Computing Graph Automorphisms by T. Junttila and P. Kaski (users.aalto.fi/~tjunttil/bliss)
  sassy 1.1            Symmetry preprocessor by Markus Anders (github.com/markusa4/sassy)
  Ipopt 3.14.14        Interior Point Optimizer developed by A. Waechter et.al. (github.com/coin-or/Ipopt)

reading user parameter file <scip.set>
===========================

limits/time = 10800

read problem </tmp/tmp2jxxw03r.pyomo.nl>
============

original problem has 501 variables (0 bin, 500 int, 0 impl, 1 cont) and 501 constraints

solve problem
=============

presolving:
   (0.1s) symmetry computation started: requiring (bin +, int +, cont +), (fixed: bin -, int -, cont -)
   (0.2s) no symmetry present (symcode time: 0.01)
presolving (1 rounds: 1 fast, 1 medium, 1 exhaustive):
 0 deleted vars, 0 deleted constraints, 0 added constraints, 1 tightened bounds, 0 added holes, 0 changed sides, 0 changed coefficients
 0 implications, 0 cliques
presolved problem has 501 variables (0 bin, 500 int, 0 impl, 1 cont) and 501 constraints
    500 constraints of type <linear>
      1 constraints of type <nonlinear>
Presolving Time: 0.17

 time | node  | left  |LP iter|LP it/n|mem/heur|mdpt |vars |cons |rows |cuts |sepa|confs|strbr|  dualbound   | primalbound  |  gap   | compl. 
  1.4s|     1 |     0 |   359 |     - |   138M |   0 |1502 | 501 |1501 |   0 |  0 |   0 |   0 |-2.477245e+01 |      --      |    Inf | unknown
  8.8s|     1 |     0 |  7405 |     - |   139M |   0 |1502 | 501 |1857 | 356 |  1 |   0 |   0 |-2.477245e+01 |      --      |    Inf | unknown
 18.3s|     1 |     0 | 18488 |     - |   155M |   0 |1502 | 501 |2234 | 733 |  2 |   0 |   0 |-2.472035e+01 |      --      |    Inf | unknown
 25.3s|     1 |     0 | 29231 |     - |   166M |   0 |1502 | 501 |2442 | 941 |  3 |   0 |   0 |-2.462886e+01 |      --      |    Inf | unknown
 29.7s|     1 |     0 | 36572 |     - |   176M |   0 |1502 | 501 |2496 | 995 |  4 |   0 |   0 |-2.460158e+01 |      --      |    Inf | unknown
 30.9s|     1 |     0 | 37201 |     - |   191M |   0 |1502 | 501 |2514 |1013 |  5 |   0 |   0 |-2.459953e+01 |      --      |    Inf | unknown
 32.0s|     1 |     0 | 37417 |     - |   208M |   0 |1502 | 501 |2522 |1021 |  6 |   0 |   0 |-2.459924e+01 |      --      |    Inf | unknown
 33.1s|     1 |     0 | 37581 |     - |   212M |   0 |1502 | 501 |2527 |1026 |  7 |   0 |   0 |-2.459913e+01 |      --      |    Inf | unknown
 34.1s|     1 |     0 | 37713 |     - |   224M |   0 |1502 | 501 |2530 |1029 |  8 |   0 |   0 |-2.459906e+01 |      --      |    Inf | unknown
 35.1s|     1 |     0 | 37846 |     - |   245M |   0 |1502 | 501 |2531 |1030 |  9 |   0 |   0 |-2.459901e+01 |      --      |    Inf | unknown
 36.1s|     1 |     0 | 37944 |     - |   253M |   0 |1502 | 501 |2532 |1031 | 10 |   0 |   0 |-2.459898e+01 |      --      |    Inf | unknown
 36.6s|     1 |     0 | 38085 |     - |   253M |   0 |1502 | 501 |1409 |1032 | 11 |   0 |   0 |-2.459892e+01 |      --      |    Inf | unknown
 37.2s|     1 |     0 | 38137 |     - |   253M |   0 |1502 | 501 |1410 |1033 | 12 |   0 |   0 |-2.459891e+01 |      --      |    Inf | unknown
 37.7s|     1 |     0 | 38152 |     - |   253M |   0 |1502 | 501 |1412 |1035 | 13 |   0 |   0 |-2.459891e+01 |      --      |    Inf | unknown
 38.3s|     1 |     0 | 38172 |     - |   254M |   0 |1502 | 501 |1413 |1036 | 14 |   0 |   0 |-2.459890e+01 |      --      |    Inf | unknown
 time | node  | left  |LP iter|LP it/n|mem/heur|mdpt |vars |cons |rows |cuts |sepa|confs|strbr|  dualbound   | primalbound  |  gap   | compl. 
 85.3s|     1 |     2 | 51435 |     - |   254M |   0 |1502 | 501 |1413 |1036 | 14 |   0 |  22 |-2.459841e+01 |      --      |    Inf | unknown
  312s|   100 |   101 |242101 |2059.9 |   263M |  17 |1502 | 501 |1203 |2411 |  2 |   0 | 311 |-2.459821e+01 |      --      |    Inf | unknown
  443s|   200 |   201 |405562 |1846.2 |   264M |  31 |1502 | 501 |1204 |3353 |  2 |   0 | 372 |-2.459821e+01 |      --      |    Inf | unknown
  538s|   300 |   301 |508597 |1573.3 |   266M |  33 |1502 | 501 |1301 |4322 |  2 |   0 | 432 |-2.458663e+01 |      --      |    Inf | unknown
  619s|   400 |   401 |633888 |1493.0 |   261M |  33 |1502 | 501 |1286 |5030 |  2 |   0 | 444 |-2.458455e+01 |      --      |    Inf | unknown
  690s|   500 |   501 |741173 |1408.8 |   259M |  35 |1502 | 501 |1289 |5833 |  2 |   0 | 458 |-2.458404e+01 |      --      |    Inf | unknown
  771s|   600 |   601 |819299 |1304.1 |   260M |  35 |1502 | 501 |1312 |6514 |  2 |   0 | 483 |-2.458404e+01 |      --      |    Inf | unknown
  838s|   700 |   701 |941330 |1292.1 |   261M |  35 |1502 | 501 |1247 |7389 |  2 |   0 | 486 |-2.458244e+01 |      --      |    Inf | unknown
  965s|   800 |   801 |  1064k|1284.4 |   263M |  35 |1502 | 501 |1303 |8444 |  4 |   0 | 510 |-2.458244e+01 |      --      |    Inf | unknown
 1037s|   900 |   901 |  1189k|1280.5 |   264M |  39 |1502 | 501 |1259 |9480 |  2 |   0 | 522 |-2.458104e+01 |      --      |    Inf | unknown
 1106s|  1000 |  1001 |  1299k|1263.0 |   264M |  39 |1502 | 501 |1258 |  10k|  2 |   0 | 534 |-2.458104e+01 |      --      |    Inf | unknown
 1179s|  1100 |  1101 |  1419k|1256.9 |   265M |  53 |1502 | 501 |1326 |  11k|  2 |   0 | 550 |-2.458104e+01 |      --      |    Inf | unknown
 1237s|  1200 |  1201 |  1504k|1223.2 |   266M |  53 |1502 | 501 |1416 |  11k|  2 |   0 | 558 |-2.458104e+01 |      --      |    Inf | unknown
 1315s|  1300 |  1301 |  1653k|1243.3 |   267M |  53 |1502 | 501 |1359 |  12k|  2 |   0 | 561 |-2.458104e+01 |      --      |    Inf | unknown
 1386s|  1400 |  1401 |  1781k|1246.4 |   270M |  53 |1502 | 501 |1406 |  13k|  4 |   0 | 561 |-2.458104e+01 |      --      |    Inf | unknown
 time | node  | left  |LP iter|LP it/n|mem/heur|mdpt |vars |cons |rows |cuts |sepa|confs|strbr|  dualbound   | primalbound  |  gap   | compl. 
 1471s|  1500 |  1501 |  1933k|1264.5 |   271M |  53 |1502 | 501 |1325 |  14k|  2 |   0 | 564 |-2.458104e+01 |      --      |    Inf | unknown
 1534s|  1600 |  1601 |  2045k|1255.3 |   272M |  53 |1502 | 501 |1386 |  15k|  3 |   0 | 567 |-2.458087e+01 |      --      |    Inf | unknown
 1595s|  1700 |  1701 |  2145k|1240.1 |   272M |  53 |1502 | 501 |1329 |  16k|  2 |   0 | 569 |-2.458087e+01 |      --      |    Inf | unknown
 1692s|  1800 |  1801 |  2318k|1267.6 |   274M |  53 |1502 | 501 |1348 |  17k|  1 |   0 | 590 |-2.458087e+01 |      --      |    Inf | unknown
 1778s|  1900 |  1901 |  2466k|1278.5 |   276M |  53 |1502 | 501 |1441 |  18k|  2 |   0 | 605 |-2.458087e+01 |      --      |    Inf | unknown
 1869s|  2000 |  2001 |  2624k|1294.0 |   276M |  53 |1502 | 501 |1353 |  20k|  5 |   0 | 614 |-2.458087e+01 |      --      |    Inf | unknown
 1975s|  2100 |  2101 |  2810k|1321.0 |   277M |  53 |1502 | 501 |1498 |  21k|  2 |   0 | 641 |-2.458087e+01 |      --      |    Inf | unknown
 2071s|  2200 |  2201 |  2983k|1339.3 |   279M |  53 |1502 | 501 |1295 |  22k|  2 |   0 | 647 |-2.458087e+01 |      --      |    Inf | unknown
 2149s|  2300 |  2301 |  3114k|1338.2 |   282M |  53 |1502 | 501 |1437 |  23k|  3 |   0 | 664 |-2.458087e+01 |      --      |    Inf | unknown
 2244s|  2400 |  2401 |  3286k|1354.2 |   283M |  53 |1502 | 501 |1385 |  25k|  2 |   0 | 682 |-2.458087e+01 |      --      |    Inf | unknown
 2332s|  2500 |  2501 |  3450k|1365.5 |   284M |  53 |1502 | 501 |1357 |  26k|  2 |   0 | 686 |-2.458087e+01 |      --      |    Inf | unknown
 2414s|  2600 |  2601 |  3590k|1366.6 |   284M |  57 |1502 | 501 |1299 |  27k|  2 |   0 | 706 |-2.458087e+01 |      --      |    Inf | unknown
 2511s|  2700 |  2701 |  3772k|1383.7 |   286M |  57 |1502 | 501 |1574 |  28k|  2 |   0 | 713 |-2.458087e+01 |      --      |    Inf | unknown
 2604s|  2800 |  2801 |  3933k|1391.7 |   288M |  57 |1502 | 501 |1312 |  30k|  2 |   0 | 739 |-2.458087e+01 |      --      |    Inf | unknown
 2694s|  2900 |  2901 |  4097k|1400.1 |   289M |  57 |1502 | 501 |1410 |  31k|  2 |   0 | 743 |-2.458087e+01 |      --      |    Inf | unknown
 time | node  | left  |LP iter|LP it/n|mem/heur|mdpt |vars |cons |rows |cuts |sepa|confs|strbr|  dualbound   | primalbound  |  gap   | compl. 
 2776s|  3000 |  3001 |  4250k|1404.6 |   290M |  57 |1502 | 501 |1528 |  32k|  4 |   0 | 754 |-2.458087e+01 |      --      |    Inf | unknown
 2876s|  3100 |  3101 |  4436k|1419.4 |   291M |  57 |1502 | 501 |1329 |  33k|  2 |   0 | 762 |-2.458087e+01 |      --      |    Inf | unknown
 2966s|  3200 |  3201 |  4596k|1425.0 |   292M |  57 |1502 | 501 |1354 |  34k|  1 |   0 | 779 |-2.458087e+01 |      --      |    Inf | unknown
 3057s|  3300 |  3301 |  4762k|1432.0 |   294M |  57 |1502 | 501 |1483 |  36k|  3 |   0 | 792 |-2.458087e+01 |      --      |    Inf | unknown
 3137s|  3400 |  3401 |  4904k|1431.8 |   295M |  57 |1502 | 501 |1341 |  37k|  2 |   0 | 794 |-2.458087e+01 |      --      |    Inf | unknown
 3247s|  3500 |  3501 |  5109k|1449.5 |   296M |  57 |1502 | 501 |1511 |  38k|  4 |   0 | 809 |-2.458087e+01 |      --      |    Inf | unknown
 3327s|  3600 |  3601 |  5252k|1448.8 |   296M |  59 |1502 | 501 |1396 |  39k|  2 |   0 | 814 |-2.458087e+01 |      --      |    Inf | unknown
 3417s|  3700 |  3701 |  5410k|1452.4 |   298M |  59 |1502 | 501 |1552 |  40k|  4 |   0 | 828 |-2.458072e+01 |      --      |    Inf | unknown
 3513s|  3800 |  3801 |  5599k|1463.9 |   299M |  59 |1502 | 501 |1215 |  42k|  2 |   0 | 840 |-2.458072e+01 |      --      |    Inf | unknown
 3594s|  3900 |  3901 |  5740k|1462.6 |   300M |  59 |1502 | 501 |1359 |  43k|  2 |   0 | 843 |-2.458072e+01 |      --      |    Inf | unknown
 3705s|  4000 |  4001 |  5948k|1478.0 |   301M |  59 |1502 | 501 |1428 |  44k|  2 |   0 | 858 |-2.457946e+01 |      --      |    Inf | unknown
 3785s|  4100 |  4101 |  6092k|1477.1 |   304M |  59 |1502 | 501 |1482 |  46k|  2 |   0 | 859 |-2.457946e+01 |      --      |    Inf | unknown
 3888s|  4200 |  4201 |  6292k|1489.4 |   304M |  59 |1502 | 501 |1277 |  47k|  2 |   0 | 869 |-2.457946e+01 |      --      |    Inf | unknown
 3966s|  4300 |  4301 |  6431k|1487.2 |   304M |  59 |1502 | 501 |1307 |  48k|  2 |   0 | 874 |-2.457800e+01 |      --      |    Inf | unknown
 4068s|  4400 |  4401 |  6628k|1498.0 |   305M |  59 |1502 | 501 |1482 |  49k|  2 |   0 | 878 |-2.457800e+01 |      --      |    Inf | unknown
 time | node  | left  |LP iter|LP it/n|mem/heur|mdpt |vars |cons |rows |cuts |sepa|confs|strbr|  dualbound   | primalbound  |  gap   | compl. 
 4157s|  4500 |  4501 |  6785k|1499.8 |   305M |  59 |1502 | 501 |1516 |  51k|  4 |   0 | 892 |-2.457800e+01 |      --      |    Inf | unknown
 4255s|  4600 |  4601 |  6975k|1508.4 |   307M |  59 |1502 | 501 |1509 |  52k|  2 |   0 | 899 |-2.457625e+01 |      --      |    Inf | unknown
 4337s|  4700 |  4701 |  7119k|1507.0 |   307M |  59 |1502 | 501 |1425 |  53k|  3 |   0 | 909 |-2.457172e+01 |      --      |    Inf | unknown
 4435s|  4800 |  4801 |  7304k|1514.0 |   308M |  59 |1502 | 501 |1471 |  54k|  3 |   0 | 915 |-2.457172e+01 |      --      |    Inf | unknown
 4507s|  4900 |  4901 |  7426k|1508.1 |   309M |  59 |1502 | 501 |1503 |  55k|  2 |   0 | 918 |-2.457172e+01 |      --      |    Inf | unknown
 4593s|  5000 |  5001 |  7594k|1511.5 |   311M |  61 |1502 | 501 |1543 |  57k|  2 |   0 | 927 |-2.457071e+01 |      --      |    Inf | unknown
 4692s|  5100 |  5101 |  7782k|1518.9 |   312M |  61 |1502 | 501 |1405 |  58k|  2 |   0 | 931 |-2.456929e+01 |      --      |    Inf | unknown
 4775s|  5200 |  5201 |  7935k|1519.1 |   312M |  63 |1502 | 501 |1497 |  59k|  3 |   0 | 932 |-2.456929e+01 |      --      |    Inf | unknown
 4872s|  5300 |  5301 |  8110k|1523.4 |   313M |  63 |1502 | 501 |1567 |  60k|  2 |   0 | 941 |-2.456929e+01 |      --      |    Inf | unknown
 4951s|  5400 |  5401 |  8257k|1522.3 |   313M |  63 |1502 | 501 |1545 |  61k|  4 |   0 | 945 |-2.456929e+01 |      --      |    Inf | unknown
 5043s|  5500 |  5501 |  8414k|1523.2 |   315M |  65 |1502 | 501 |1529 |  62k|  2 |   0 | 956 |-2.456804e+01 |      --      |    Inf | unknown
 5137s|  5600 |  5601 |  8571k|1524.1 |   315M |  67 |1502 | 501 |1464 |  64k|  2 |   0 | 964 |-2.456804e+01 |      --      |    Inf | unknown
 5237s|  5700 |  5701 |  8760k|1530.5 |   316M |  67 |1502 | 501 |1475 |  65k|  2 |   0 | 965 |-2.456804e+01 |      --      |    Inf | unknown
 5338s|  5800 |  5801 |  8938k|1534.8 |   317M |  67 |1502 | 501 |1490 |  67k|  4 |   0 | 977 |-2.456804e+01 |      --      |    Inf | unknown
 5437s|  5900 |  5901 |  9129k|1541.2 |   319M |  67 |1502 | 501 |1438 |  68k|  4 |   0 | 982 |-2.456804e+01 |      --      |    Inf | unknown
 time | node  | left  |LP iter|LP it/n|mem/heur|mdpt |vars |cons |rows |cuts |sepa|confs|strbr|  dualbound   | primalbound  |  gap   | compl. 
 5522s|  6000 |  6001 |  9286k|1541.7 |   319M |  69 |1502 | 501 |1286 |  69k|  2 |   0 | 983 |-2.456804e+01 |      --      |    Inf | unknown
 5595s|  6100 |  6101 |  9411k|1536.9 |   320M |  69 |1502 | 501 |1582 |  70k|  2 |   0 | 992 |-2.456794e+01 |      --      |    Inf | unknown
 5671s|  6200 |  6201 |  9551k|1534.7 |   321M |  69 |1502 | 501 |1518 |  71k|  2 |   0 |1001 |-2.456794e+01 |      --      |    Inf | unknown
 5736s|  6300 |  6301 |  9665k|1528.3 |   321M |  69 |1502 | 501 |1467 |  72k|  2 |   0 |1003 |-2.456763e+01 |      --      |    Inf | unknown
 5823s|  6400 |  6401 |  9827k|1529.9 |   322M |  69 |1502 | 501 |1260 |  73k|  2 |   0 |1006 |-2.456705e+01 |      --      |    Inf | unknown
 5914s|  6500 |  6501 |  9991k|1531.6 |   322M |  69 |1502 | 501 |1269 |  74k|  2 |   0 |1011 |-2.456705e+01 |      --      |    Inf | unknown
 5997s|  6600 |  6601 | 10148k|1532.0 |   324M |  69 |1502 | 501 |1406 |  75k|  2 |   0 |1011 |-2.456600e+01 |      --      |    Inf | unknown
 6082s|  6700 |  6701 | 10297k|1531.4 |   325M |  69 |1502 | 501 |1425 |  76k|  2 |   0 |1021 |-2.456600e+01 |      --      |    Inf | unknown
 6156s|  6800 |  6801 | 10424k|1527.6 |   325M |  69 |1502 | 501 |1362 |  77k|  2 |   0 |1027 |-2.456577e+01 |      --      |    Inf | unknown
 6242s|  6900 |  6901 | 10600k|1531.0 |   327M |  69 |1502 | 501 |1388 |  78k|  1 |   0 |1032 |-2.456577e+01 |      --      |    Inf | unknown
 6307s|  7000 |  7001 | 10709k|1524.8 |   327M |  69 |1502 | 501 |1511 |  79k|  2 |   0 |1032 |-2.456572e+01 |      --      |    Inf | unknown
 6398s|  7100 |  7101 | 10890k|1528.7 |   328M |  69 |1502 | 501 |1554 |  81k|  3 |   0 |1042 |-2.456572e+01 |      --      |    Inf | unknown
 6475s|  7200 |  7201 | 11038k|1528.0 |   328M |  69 |1502 | 501 |1406 |  81k|  2 |   0 |1042 |-2.456460e+01 |      --      |    Inf | unknown
 6548s|  7300 |  7301 | 11176k|1526.1 |   329M |  69 |1502 | 501 |1465 |  82k|  4 |   0 |1045 |-2.456456e+01 |      --      |    Inf | unknown
 6627s|  7400 |  7401 | 11325k|1525.5 |   329M |  69 |1502 | 501 |1317 |  83k|  2 |   0 |1050 |-2.456456e+01 |      --      |    Inf | unknown
 time | node  | left  |LP iter|LP it/n|mem/heur|mdpt |vars |cons |rows |cuts |sepa|confs|strbr|  dualbound   | primalbound  |  gap   | compl. 
 6709s|  7500 |  7501 | 11471k|1524.6 |   330M |  69 |1502 | 501 |1443 |  84k|  2 |   0 |1055 |-2.456453e+01 |      --      |    Inf | unknown
 6796s|  7600 |  7601 | 11640k|1526.8 |   331M |  69 |1502 | 501 |1432 |  86k|  2 |   0 |1061 |-2.456453e+01 |      --      |    Inf | unknown
 6873s|  7700 |  7701 | 11777k|1524.8 |   331M |  71 |1502 | 501 |1432 |  87k|  2 |   0 |1064 |-2.456432e+01 |      --      |    Inf | unknown
 6953s|  7800 |  7801 | 11927k|1524.4 |   331M |  71 |1502 | 501 |1311 |  88k|  2 |   0 |1072 |-2.456432e+01 |      --      |    Inf | unknown
 7034s|  7900 |  7901 | 12076k|1524.0 |   333M |  71 |1502 | 501 |1555 |  89k|  2 |   0 |1075 |-2.456432e+01 |      --      |    Inf | unknown
 7113s|  8000 |  8001 | 12229k|1524.0 |   333M |  71 |1502 | 501 |1464 |  90k|  2 |   0 |1082 |-2.456432e+01 |      --      |    Inf | unknown
 7203s|  8100 |  8101 | 12406k|1527.1 |   334M |  71 |1502 | 501 |1391 |  91k|  2 |   0 |1089 |-2.456424e+01 |      --      |    Inf | unknown
 7277s|  8200 |  8201 | 12534k|1524.1 |   334M |  71 |1502 | 501 |1487 |  92k|  2 |   0 |1093 |-2.456424e+01 |      --      |    Inf | unknown
 7365s|  8300 |  8301 | 12706k|1526.4 |   334M |  71 |1502 | 501 |1463 |  93k|  2 |   0 |1095 |-2.456424e+01 |      --      |    Inf | unknown
 7438s|  8400 |  8401 | 12846k|1525.0 |   336M |  71 |1502 | 501 |1301 |  94k|  2 |   0 |1100 |-2.456417e+01 |      --      |    Inf | unknown
 7521s|  8500 |  8501 | 12998k|1525.0 |   336M |  71 |1502 | 501 |1555 |  95k|  4 |   0 |1105 |-2.456417e+01 |      --      |    Inf | unknown
 7595s|  8600 |  8601 | 13144k|1524.2 |   338M |  71 |1502 | 501 |1425 |  96k|  2 |   0 |1105 |-2.456417e+01 |      --      |    Inf | unknown
 7664s|  8700 |  8701 | 13264k|1520.4 |   339M |  71 |1502 | 501 |1403 |  97k|  2 |   0 |1106 |-2.456417e+01 |      --      |    Inf | unknown
 7764s|  8800 |  8801 | 13458k|1525.2 |   339M |  71 |1502 | 501 |1315 |  99k|  2 |   0 |1118 |-2.456399e+01 |      --      |    Inf | unknown
 7834s|  8900 |  8901 | 13581k|1521.9 |   339M |  71 |1502 | 501 |1468 |  99k|  2 |   0 |1119 |-2.456399e+01 |      --      |    Inf | unknown
 time | node  | left  |LP iter|LP it/n|mem/heur|mdpt |vars |cons |rows |cuts |sepa|confs|strbr|  dualbound   | primalbound  |  gap   | compl. 
 7921s|  9000 |  9001 | 13749k|1523.6 |   340M |  71 |1502 | 501 |1507 | 101k|  4 |   0 |1121 |-2.456399e+01 |      --      |    Inf | unknown
 8009s|  9100 |  9101 | 13905k|1524.1 |   340M |  71 |1502 | 501 |1354 | 102k|  2 |   0 |1131 |-2.456399e+01 |      --      |    Inf | unknown
 8080s|  9200 |  9201 | 14036k|1521.7 |   342M |  71 |1502 | 501 |1541 | 103k|  2 |   0 |1138 |-2.456376e+01 |      --      |    Inf | unknown
 8174s|  9300 |  9301 | 14220k|1525.1 |   342M |  71 |1502 | 501 |1505 | 104k|  2 |   0 |1138 |-2.456376e+01 |      --      |    Inf | unknown
 8268s|  9400 |  9401 | 14394k|1527.4 |   344M |  71 |1502 | 501 |1379 | 106k|  2 |   0 |1144 |-2.456376e+01 |      --      |    Inf | unknown
 8364s|  9500 |  9501 | 14587k|1531.6 |   344M |  71 |1502 | 501 |1594 | 107k|  2 |   0 |1153 |-2.456376e+01 |      --      |    Inf | unknown
 8452s|  9600 |  9601 | 14760k|1533.7 |   345M |  73 |1502 | 501 |1448 | 108k|  2 |   0 |1153 |-2.456320e+01 |      --      |    Inf | unknown
 8526s|  9700 |  9701 | 14898k|1532.2 |   345M |  73 |1502 | 501 |1286 | 109k|  2 |   0 |1155 |-2.456304e+01 |      --      |    Inf | unknown
 8624s|  9800 |  9801 | 15088k|1535.9 |   346M |  73 |1502 | 501 |1595 | 111k|  2 |   0 |1159 |-2.456304e+01 |      --      |    Inf | unknown
 8730s|  9900 |  9901 | 15286k|1540.4 |   348M |  73 |1502 | 501 |1405 | 112k|  2 |   0 |1162 |-2.456294e+01 |      --      |    Inf | unknown
 8814s| 10000 | 10001 | 15453k|1541.6 |   348M |  73 |1502 | 501 |1346 | 113k|  2 |   0 |1168 |-2.456294e+01 |      --      |    Inf | unknown
 8891s| 10100 | 10101 | 15598k|1540.8 |   348M |  73 |1502 | 501 |1478 | 114k|  2 |   0 |1168 |-2.456288e+01 |      --      |    Inf | unknown
 8976s| 10200 | 10201 | 15760k|1541.6 |   348M |  73 |1502 | 501 |1428 | 115k|  4 |   0 |1170 |-2.456288e+01 |      --      |    Inf | unknown
 9074s| 10300 | 10301 | 15965k|1546.5 |   350M |  75 |1502 | 501 |1541 | 116k|  2 |   0 |1172 |-2.456284e+01 |      --      |    Inf | unknown
 9171s| 10400 | 10401 | 16160k|1550.4 |   350M |  75 |1502 | 501 |1482 | 118k|  2 |   0 |1173 |-2.456284e+01 |      --      |    Inf | unknown
 time | node  | left  |LP iter|LP it/n|mem/heur|mdpt |vars |cons |rows |cuts |sepa|confs|strbr|  dualbound   | primalbound  |  gap   | compl. 
 9251s| 10500 | 10501 | 16307k|1549.6 |   351M |  75 |1502 | 501 |1341 | 119k|  2 |   0 |1175 |-2.456284e+01 |      --      |    Inf | unknown
 9334s| 10600 | 10601 | 16476k|1550.9 |   351M |  75 |1502 | 501 |1536 | 120k|  2 |   0 |1178 |-2.456284e+01 |      --      |    Inf | unknown
 9422s| 10700 | 10701 | 16649k|1552.6 |   351M |  75 |1502 | 501 |1390 | 121k|  2 |   0 |1178 |-2.456274e+01 |      --      |    Inf | unknown
 9508s| 10800 | 10801 | 16793k|1551.6 |   353M |  75 |1502 | 501 |1590 | 123k|  2 |   0 |1186 |-2.456274e+01 |      --      |    Inf | unknown
 9611s| 10900 | 10901 | 17008k|1557.0 |   353M |  75 |1502 | 501 |1396 | 124k|  2 |   0 |1188 |-2.456274e+01 |      --      |    Inf | unknown
 9681s| 11000 | 11001 | 17129k|1553.9 |   353M |  75 |1502 | 501 |1570 | 125k|  2 |   0 |1189 |-2.456274e+01 |      --      |    Inf | unknown
 9766s| 11100 | 11101 | 17297k|1555.0 |   353M |  75 |1502 | 501 |1444 | 126k|  2 |   0 |1194 |-2.456257e+01 |      --      |    Inf | unknown
 9864s| 11200 | 11201 | 17502k|1559.5 |   355M |  75 |1502 | 501 |1371 | 128k|  2 |   0 |1196 |-2.456257e+01 |      --      |    Inf | unknown
 9932s| 11300 | 11301 | 17623k|1556.4 |   355M |  75 |1502 | 501 |1481 | 129k|  2 |   0 |1198 |-2.456257e+01 |      --      |    Inf | unknown
  167m| 11400 | 11401 | 17805k|1558.7 |   356M |  75 |1502 | 501 |1378 | 130k|  2 |   0 |1202 |-2.456257e+01 |      --      |    Inf | unknown
  168m| 11500 | 11501 | 17956k|1558.2 |   356M |  75 |1502 | 501 |1471 | 131k|  1 |   0 |1211 |-2.456235e+01 |      --      |    Inf | unknown
  170m| 11600 | 11601 | 18106k|1557.7 |   357M |  75 |1502 | 501 |1366 | 132k|  2 |   0 |1212 |-2.456235e+01 |      --      |    Inf | unknown
  171m| 11700 | 11701 | 18263k|1557.9 |   359M |  75 |1502 | 501 |1532 | 133k|  2 |   0 |1214 |-2.456235e+01 |      --      |    Inf | unknown
  172m| 11800 | 11801 | 18408k|1557.0 |   359M |  75 |1502 | 501 |1435 | 134k|  2 |   0 |1219 |-2.456235e+01 |      --      |    Inf | unknown
  174m| 11900 | 11901 | 18574k|1557.8 |   359M |  77 |1502 | 501 |1641 | 135k|  4 |   0 |1224 |-2.456222e+01 |      --      |    Inf | unknown
 time | node  | left  |LP iter|LP it/n|mem/heur|mdpt |vars |cons |rows |cuts |sepa|confs|strbr|  dualbound   | primalbound  |  gap   | compl. 
  175m| 12000 | 12001 | 18764k|1560.7 |   360M |  77 |1502 | 501 |1409 | 137k|  3 |   0 |1225 |-2.456179e+01 |      --      |    Inf | unknown
  177m| 12100 | 12101 | 18902k|1559.2 |   360M |  77 |1502 | 501 |1543 | 138k|  1 |   0 |1225 |-2.456177e+01 |      --      |    Inf | unknown
  178m| 12200 | 12201 | 19076k|1560.6 |   361M |  77 |1502 | 501 |1481 | 139k|  2 |   0 |1230 |-2.456139e+01 |      --      |    Inf | unknown
  180m| 12300 | 12301 | 19228k|1560.3 |   362M |  78 |1502 | 501 |1536 | 141k|  2 |   0 |1235 |-2.456108e+01 |      --      |    Inf | unknown

SCIP Status        : solving was interrupted [time limit reached]
Solving Time (sec) : 10800.02
Solving Nodes      : 12332
Primal Bound       : +1.00000000000000e+20 (0 solutions)
Dual Bound         : -2.45610794095624e+01
Gap                : infinite

