Solver command line: ['/cvmfs/soft.computecanada.ca/easybuild/software/2023/x86-64-v4/Compiler/gcc12/scipoptsuite/9.0.0/bin/scip', '/tmp/tmpw5n0lw8w.pyomo', '-AMPL']

SCIP version 9.0.0 [precision: 8 byte] [memory: block] [mode: optimized] [LP solver: Soplex 7.0.0] [GitHash: 7205bedd94]
Copyright (c) 2002-2024 Zuse Institute Berlin (ZIB)

External libraries: 
  Readline 8.1         GNU library for command line editing (gnu.org/s/readline)
  Soplex 7.0.0         Linear Programming Solver developed at Zuse Institute Berlin (soplex.zib.de) [GitHash: 6657fb3b]
  CppAD 20180000.0     Algorithmic Differentiation of C++ algorithms developed by B. Bell (github.com/coin-or/CppAD)
  ZLIB 1.2.13          General purpose compression library by J. Gailly and M. Adler (zlib.net)
  GMP 6.2.1            GNU Multiple Precision Arithmetic Library developed by T. Granlund (gmplib.org)
  ZIMPL 3.5.3          Zuse Institute Mathematical Programming Language developed by T. Koch (zimpl.zib.de)
  AMPL/MP 690e9e7      AMPL .nl file reader library (github.com/ampl/mp)
  PaPILO 2.2.0         parallel presolve for integer and linear optimization (github.com/scipopt/papilo) (built with TBB) [GitHash: df30ae49]
  bliss 0.77           Computing Graph Automorphisms by T. Junttila and P. Kaski (users.aalto.fi/~tjunttil/bliss)
  sassy 1.1            Symmetry preprocessor by Markus Anders (github.com/markusa4/sassy)
  Ipopt 3.14.14        Interior Point Optimizer developed by A. Waechter et.al. (github.com/coin-or/Ipopt)

reading user parameter file <scip.set>
===========================

limits/time = 10800

read problem </tmp/tmpw5n0lw8w.pyomo.nl>
============

original problem has 501 variables (0 bin, 500 int, 0 impl, 1 cont) and 501 constraints

solve problem
=============

presolving:
   (0.1s) symmetry computation started: requiring (bin +, int +, cont +), (fixed: bin -, int -, cont -)
   (0.2s) no symmetry present (symcode time: 0.01)
presolving (1 rounds: 1 fast, 1 medium, 1 exhaustive):
 0 deleted vars, 0 deleted constraints, 0 added constraints, 1 tightened bounds, 0 added holes, 0 changed sides, 0 changed coefficients
 0 implications, 0 cliques
presolved problem has 501 variables (0 bin, 500 int, 0 impl, 1 cont) and 501 constraints
    500 constraints of type <linear>
      1 constraints of type <nonlinear>
Presolving Time: 0.18

 time | node  | left  |LP iter|LP it/n|mem/heur|mdpt |vars |cons |rows |cuts |sepa|confs|strbr|  dualbound   | primalbound  |  gap   | compl. 
  1.5s|     1 |     0 |   344 |     - |   138M |   0 |1502 | 501 |1501 |   0 |  0 |   0 |   0 |-2.477245e+01 |      --      |    Inf | unknown
  8.5s|     1 |     0 |  7535 |     - |   139M |   0 |1502 | 501 |1845 | 344 |  1 |   0 |   0 |-2.477245e+01 |      --      |    Inf | unknown
 18.1s|     1 |     0 | 18898 |     - |   150M |   0 |1502 | 501 |2204 | 703 |  2 |   0 |   0 |-2.471018e+01 |      --      |    Inf | unknown
 24.7s|     1 |     0 | 29469 |     - |   164M |   0 |1502 | 501 |2389 | 888 |  3 |   0 |   0 |-2.462668e+01 |      --      |    Inf | unknown
 28.1s|     1 |     0 | 34731 |     - |   174M |   0 |1502 | 501 |2437 | 936 |  4 |   0 |   0 |-2.460635e+01 |      --      |    Inf | unknown
 29.9s|     1 |     0 | 36604 |     - |   190M |   0 |1502 | 501 |2461 | 960 |  5 |   0 |   0 |-2.460462e+01 |      --      |    Inf | unknown
 31.0s|     1 |     0 | 36793 |     - |   207M |   0 |1502 | 501 |2469 | 968 |  6 |   0 |   0 |-2.460443e+01 |      --      |    Inf | unknown
 31.9s|     1 |     0 | 36912 |     - |   211M |   0 |1502 | 501 |2472 | 971 |  7 |   0 |   0 |-2.460433e+01 |      --      |    Inf | unknown
 32.9s|     1 |     0 | 37065 |     - |   223M |   0 |1502 | 501 |2473 | 972 |  8 |   0 |   0 |-2.460423e+01 |      --      |    Inf | unknown
 33.8s|     1 |     0 | 37190 |     - |   244M |   0 |1502 | 501 |2477 | 976 |  9 |   0 |   0 |-2.460417e+01 |      --      |    Inf | unknown
 34.7s|     1 |     0 | 37313 |     - |   252M |   0 |1502 | 501 |2479 | 978 | 10 |   0 |   0 |-2.460413e+01 |      --      |    Inf | unknown
 35.3s|     1 |     0 | 37402 |     - |   252M |   0 |1502 | 501 |1390 | 979 | 11 |   0 |   0 |-2.460411e+01 |      --      |    Inf | unknown
 35.8s|     1 |     0 | 37426 |     - |   252M |   0 |1502 | 501 |1391 | 980 | 12 |   0 |   0 |-2.460410e+01 |      --      |    Inf | unknown
 36.3s|     1 |     0 | 37435 |     - |   252M |   0 |1502 | 501 |1392 | 981 | 13 |   0 |   0 |-2.460410e+01 |      --      |    Inf | unknown
 36.9s|     1 |     0 | 37484 |     - |   253M |   0 |1502 | 501 |1393 | 982 | 14 |   0 |   0 |-2.460409e+01 |      --      |    Inf | unknown
 time | node  | left  |LP iter|LP it/n|mem/heur|mdpt |vars |cons |rows |cuts |sepa|confs|strbr|  dualbound   | primalbound  |  gap   | compl. 
 84.3s|     1 |     2 | 50792 |     - |   253M |   0 |1502 | 501 |1393 | 982 | 14 |   0 |  23 |-2.460365e+01 |      --      |    Inf | unknown
  324s|   100 |   101 |240371 |2049.4 |   262M |  19 |1502 | 501 |1223 |2326 |  2 |   0 | 293 |-2.460339e+01 |      --      |    Inf | unknown
  449s|   200 |   201 |398128 |1812.3 |   264M |  31 |1502 | 501 |1335 |3319 |  2 |   0 | 367 |-2.460339e+01 |      --      |    Inf | unknown
  553s|   300 |   301 |523811 |1626.5 |   265M |  33 |1502 | 501 |1294 |4254 |  2 |   0 | 430 |-2.460339e+01 |      --      |    Inf | unknown
  617s|   400 |   401 |631946 |1489.9 |   259M |  37 |1502 | 501 |1316 |5052 |  3 |   0 | 438 |-2.460339e+01 |      --      |    Inf | unknown
  699s|   500 |   501 |741552 |1411.0 |   259M |  37 |1502 | 501 |1245 |5718 |  2 |   0 | 452 |-2.460339e+01 |      --      |    Inf | unknown
  789s|   600 |   601 |868496 |1387.3 |   259M |  37 |1502 | 501 |1288 |6680 |  2 |   0 | 476 |-2.460339e+01 |      --      |    Inf | unknown
  868s|   700 |   701 |989777 |1362.4 |   260M |  39 |1502 | 501 |1269 |7718 |  2 |   0 | 479 |-2.459124e+01 |      --      |    Inf | unknown
  965s|   800 |   801 |  1123k|1359.4 |   262M |  41 |1502 | 501 |1334 |8768 |  2 |   0 | 506 |-2.459124e+01 |      --      |    Inf | unknown
 1071s|   900 |   901 |  1264k|1364.6 |   264M |  41 |1502 | 501 |1320 |9915 |  1 |   0 | 509 |-2.459124e+01 |      --      |    Inf | unknown
 1176s|  1000 |  1001 |  1438k|1402.7 |   264M |  41 |1502 | 501 |1364 |  11k|  2 |   0 | 552 |-2.459124e+01 |      --      |    Inf | unknown
 1262s|  1100 |  1101 |  1599k|1421.0 |   265M |  41 |1502 | 501 |1342 |  12k|  2 |   0 | 556 |-2.459124e+01 |      --      |    Inf | unknown
 1344s|  1200 |  1201 |  1748k|1426.9 |   268M |  57 |1502 | 501 |1277 |  13k|  2 |   0 | 556 |-2.459124e+01 |      --      |    Inf | unknown
 1419s|  1300 |  1301 |  1887k|1424.4 |   269M |  57 |1502 | 501 |1293 |  15k|  1 |   0 | 556 |-2.459124e+01 |      --      |    Inf | unknown
 1513s|  1400 |  1401 |  2064k|1448.8 |   271M |  57 |1502 | 501 |1254 |  16k|  2 |   0 | 565 |-2.459124e+01 |      --      |    Inf | unknown
 time | node  | left  |LP iter|LP it/n|mem/heur|mdpt |vars |cons |rows |cuts |sepa|confs|strbr|  dualbound   | primalbound  |  gap   | compl. 
 1598s|  1500 |  1501 |  2199k|1442.4 |   272M |  57 |1502 | 501 |1371 |  17k|  4 |   0 | 590 |-2.459124e+01 |      --      |    Inf | unknown
 1700s|  1600 |  1601 |  2378k|1464.2 |   274M |  57 |1502 | 501 |1453 |  19k|  3 |   0 | 600 |-2.459124e+01 |      --      |    Inf | unknown
 1796s|  1700 |  1701 |  2546k|1477.0 |   276M |  57 |1502 | 501 |1232 |  20k|  2 |   0 | 621 |-2.459124e+01 |      --      |    Inf | unknown
 1902s|  1800 |  1801 |  2740k|1502.8 |   277M |  57 |1502 | 501 |1332 |  21k|  2 |   0 | 633 |-2.459124e+01 |      --      |    Inf | unknown
 1997s|  1900 |  1901 |  2901k|1508.1 |   278M |  57 |1502 | 501 |1398 |  23k|  2 |   0 | 667 |-2.459124e+01 |      --      |    Inf | unknown
 2100s|  2000 |  2001 |  3094k|1529.2 |   280M |  57 |1502 | 501 |1240 |  24k|  2 |   0 | 674 |-2.459124e+01 |      --      |    Inf | unknown
 2198s|  2100 |  2101 |  3273k|1541.5 |   282M |  61 |1502 | 501 |1355 |  26k|  4 |   0 | 691 |-2.459124e+01 |      --      |    Inf | unknown
 2299s|  2200 |  2201 |  3459k|1556.3 |   283M |  61 |1502 | 501 |1336 |  27k|  2 |   0 | 697 |-2.459124e+01 |      --      |    Inf | unknown
 2389s|  2300 |  2301 |  3622k|1559.3 |   285M |  61 |1502 | 501 |1446 |  28k|  3 |   0 | 718 |-2.459124e+01 |      --      |    Inf | unknown
 2495s|  2400 |  2401 |  3833k|1582.1 |   287M |  61 |1502 | 501 |1489 |  30k|  4 |   0 | 726 |-2.459124e+01 |      --      |    Inf | unknown
 2604s|  2500 |  2501 |  4022k|1594.7 |   288M |  61 |1502 | 501 |1505 |  31k|  2 |   0 | 748 |-2.459124e+01 |      --      |    Inf | unknown
 2689s|  2600 |  2601 |  4187k|1596.9 |   289M |  61 |1502 | 501 |1464 |  32k|  2 |   0 | 748 |-2.459124e+01 |      --      |    Inf | unknown
 2782s|  2700 |  2701 |  4354k|1599.6 |   289M |  61 |1502 | 501 |1428 |  34k|  3 |   0 | 770 |-2.459124e+01 |      --      |    Inf | unknown
 2894s|  2800 |  2801 |  4574k|1620.8 |   291M |  61 |1502 | 501 |1418 |  35k|  4 |   0 | 774 |-2.459124e+01 |      --      |    Inf | unknown
 2999s|  2900 |  2901 |  4767k|1631.7 |   293M |  61 |1502 | 501 |1373 |  37k|  2 |   0 | 785 |-2.459124e+01 |      --      |    Inf | unknown
 time | node  | left  |LP iter|LP it/n|mem/heur|mdpt |vars |cons |rows |cuts |sepa|confs|strbr|  dualbound   | primalbound  |  gap   | compl. 
 3095s|  3000 |  3001 |  4955k|1640.0 |   295M |  61 |1502 | 501 |1276 |  38k|  2 |   0 | 789 |-2.459124e+01 |      --      |    Inf | unknown
 3195s|  3100 |  3101 |  5136k|1645.4 |   295M |  61 |1502 | 501 |1448 |  40k|  2 |   0 | 808 |-2.459124e+01 |      --      |    Inf | unknown
 3285s|  3200 |  3201 |  5309k|1648.1 |   297M |  61 |1502 | 501 |1452 |  41k|  2 |   0 | 811 |-2.459124e+01 |      --      |    Inf | unknown
 3369s|  3300 |  3301 |  5471k|1647.3 |   297M |  69 |1502 | 501 |1400 |  42k|  2 |   0 | 820 |-2.459124e+01 |      --      |    Inf | unknown
 3456s|  3400 |  3401 |  5638k|1647.9 |   298M |  69 |1502 | 501 |1297 |  43k|  2 |   0 | 824 |-2.459124e+01 |      --      |    Inf | unknown
 3554s|  3500 |  3501 |  5825k|1654.2 |   299M |  69 |1502 | 501 |1599 |  44k|  3 |   0 | 835 |-2.459124e+01 |      --      |    Inf | unknown
 3644s|  3600 |  3601 |  5994k|1655.1 |   300M |  69 |1502 | 501 |1508 |  45k|  4 |   0 | 841 |-2.459124e+01 |      --      |    Inf | unknown
 3725s|  3700 |  3701 |  6146k|1651.7 |   302M |  69 |1502 | 501 |1357 |  46k|  2 |   0 | 843 |-2.459124e+01 |      --      |    Inf | unknown
 3840s|  3800 |  3801 |  6379k|1669.5 |   302M |  69 |1502 | 501 |1404 |  48k|  3 |   0 | 856 |-2.459124e+01 |      --      |    Inf | unknown
 3935s|  3900 |  3901 |  6561k|1673.4 |   303M |  69 |1502 | 501 |1466 |  49k|  4 |   0 | 858 |-2.459124e+01 |      --      |    Inf | unknown
 4025s|  4000 |  4001 |  6728k|1673.3 |   304M |  69 |1502 | 501 |1456 |  50k|  2 |   0 | 873 |-2.459124e+01 |      --      |    Inf | unknown
 4118s|  4100 |  4101 |  6906k|1675.9 |   305M |  69 |1502 | 501 |1430 |  52k|  2 |   0 | 874 |-2.459124e+01 |      --      |    Inf | unknown
 4209s|  4200 |  4201 |  7085k|1678.5 |   306M |  69 |1502 | 501 |1383 |  53k|  2 |   0 | 885 |-2.459124e+01 |      --      |    Inf | unknown
 4313s|  4300 |  4301 |  7293k|1687.8 |   306M |  69 |1502 | 501 |1331 |  54k|  4 |   0 | 889 |-2.459124e+01 |      --      |    Inf | unknown
 4412s|  4400 |  4401 |  7477k|1691.4 |   307M |  69 |1502 | 501 |1547 |  56k|  2 |   0 | 901 |-2.459124e+01 |      --      |    Inf | unknown
 time | node  | left  |LP iter|LP it/n|mem/heur|mdpt |vars |cons |rows |cuts |sepa|confs|strbr|  dualbound   | primalbound  |  gap   | compl. 
 4501s|  4500 |  4501 |  7647k|1691.5 |   307M |  69 |1502 | 501 |1417 |  57k|  4 |   0 | 906 |-2.459124e+01 |      --      |    Inf | unknown
 4588s|  4600 |  4601 |  7810k|1690.2 |   310M |  69 |1502 | 501 |1387 |  58k|  3 |   0 | 906 |-2.459124e+01 |      --      |    Inf | unknown
 4706s|  4700 |  4701 |  8035k|1702.2 |   310M |  69 |1502 | 501 |1361 |  60k|  2 |   0 | 922 |-2.459124e+01 |      --      |    Inf | unknown
 4799s|  4800 |  4801 |  8220k|1705.1 |   312M |  69 |1502 | 501 |1530 |  61k|  2 |   0 | 922 |-2.459124e+01 |      --      |    Inf | unknown
 4884s|  4900 |  4901 |  8379k|1702.9 |   312M |  69 |1502 | 501 |1473 |  62k|  2 |   0 | 936 |-2.459124e+01 |      --      |    Inf | unknown
 4987s|  5000 |  5001 |  8583k|1709.6 |   313M |  69 |1502 | 501 |1459 |  64k|  2 |   0 | 944 |-2.459124e+01 |      --      |    Inf | unknown
 5076s|  5100 |  5101 |  8756k|1709.9 |   313M |  69 |1502 | 501 |1382 |  65k|  2 |   0 | 944 |-2.458842e+01 |      --      |    Inf | unknown
 5184s|  5200 |  5201 |  8955k|1715.2 |   313M |  69 |1502 | 501 |1292 |  66k|  2 |   0 | 956 |-2.458050e+01 |      --      |    Inf | unknown
 5271s|  5300 |  5301 |  9127k|1715.5 |   314M |  69 |1502 | 501 |1540 |  67k|  2 |   0 | 958 |-2.458050e+01 |      --      |    Inf | unknown
 5371s|  5400 |  5401 |  9308k|1717.2 |   316M |  69 |1502 | 501 |1479 |  69k|  1 |   0 | 968 |-2.458050e+01 |      --      |    Inf | unknown
 5473s|  5500 |  5501 |  9511k|1722.9 |   317M |  69 |1502 | 501 |1430 |  70k|  3 |   0 | 976 |-2.458050e+01 |      --      |    Inf | unknown
 5555s|  5600 |  5601 |  9664k|1719.4 |   318M |  69 |1502 | 501 |1346 |  71k|  2 |   0 | 977 |-2.458050e+01 |      --      |    Inf | unknown
 5645s|  5700 |  5701 |  9834k|1719.1 |   318M |  69 |1502 | 501 |1487 |  73k|  4 |   0 | 989 |-2.458050e+01 |      --      |    Inf | unknown
 5729s|  5800 |  5801 |  9987k|1715.8 |   319M |  69 |1502 | 501 |1558 |  74k|  5 |   0 | 989 |-2.458050e+01 |      --      |    Inf | unknown
 5809s|  5900 |  5901 | 10144k|1713.3 |   320M |  69 |1502 | 501 |1505 |  75k|  2 |   0 | 994 |-2.458050e+01 |      --      |    Inf | unknown
 time | node  | left  |LP iter|LP it/n|mem/heur|mdpt |vars |cons |rows |cuts |sepa|confs|strbr|  dualbound   | primalbound  |  gap   | compl. 
 5908s|  6000 |  6001 | 10336k|1716.8 |   321M |  69 |1502 | 501 |1427 |  76k|  4 |   0 |1004 |-2.458050e+01 |      --      |    Inf | unknown
 5984s|  6100 |  6101 | 10480k|1712.2 |   321M |  69 |1502 | 501 |1330 |  77k|  2 |   0 |1007 |-2.458050e+01 |      --      |    Inf | unknown
 6087s|  6200 |  6201 | 10691k|1718.6 |   322M |  69 |1502 | 501 |1521 |  79k|  5 |   0 |1012 |-2.458050e+01 |      --      |    Inf | unknown
 6185s|  6300 |  6301 | 10887k|1722.5 |   324M |  69 |1502 | 501 |1564 |  80k|  2 |   0 |1014 |-2.458050e+01 |      --      |    Inf | unknown
 6290s|  6400 |  6401 | 11088k|1726.9 |   324M |  69 |1502 | 501 |1487 |  81k|  2 |   0 |1020 |-2.458050e+01 |      --      |    Inf | unknown
 6389s|  6500 |  6501 | 11286k|1731.0 |   325M |  69 |1502 | 501 |1296 |  83k|  2 |   0 |1023 |-2.458050e+01 |      --      |    Inf | unknown
 6482s|  6600 |  6601 | 11462k|1731.3 |   326M |  69 |1502 | 501 |1494 |  84k|  2 |   0 |1026 |-2.458050e+01 |      --      |    Inf | unknown
 6575s|  6700 |  6701 | 11650k|1733.5 |   327M |  69 |1502 | 501 |1509 |  85k|  2 |   0 |1036 |-2.458050e+01 |      --      |    Inf | unknown
 6680s|  6800 |  6801 | 11860k|1739.0 |   328M |  69 |1502 | 501 |1516 |  87k|  2 |   0 |1039 |-2.458050e+01 |      --      |    Inf | unknown
 6766s|  6900 |  6901 | 12025k|1737.6 |   328M |  69 |1502 | 501 |1463 |  88k|  2 |   0 |1044 |-2.458050e+01 |      --      |    Inf | unknown
 6849s|  7000 |  7001 | 12184k|1735.5 |   328M |  69 |1502 | 501 |1401 |  89k|  2 |   0 |1046 |-2.458050e+01 |      --      |    Inf | unknown
 6936s|  7100 |  7101 | 12350k|1734.5 |   329M |  69 |1502 | 501 |1576 |  91k|  3 |   0 |1047 |-2.458050e+01 |      --      |    Inf | unknown
 7048s|  7200 |  7201 | 12559k|1739.4 |   331M |  69 |1502 | 501 |1525 |  92k|  2 |   0 |1062 |-2.458050e+01 |      --      |    Inf | unknown
 7132s|  7300 |  7301 | 12720k|1737.6 |   331M |  69 |1502 | 501 |1452 |  93k|  2 |   0 |1063 |-2.458050e+01 |      --      |    Inf | unknown
 7240s|  7400 |  7401 | 12926k|1742.0 |   332M |  69 |1502 | 501 |1464 |  95k|  2 |   0 |1066 |-2.458050e+01 |      --      |    Inf | unknown
 time | node  | left  |LP iter|LP it/n|mem/heur|mdpt |vars |cons |rows |cuts |sepa|confs|strbr|  dualbound   | primalbound  |  gap   | compl. 
 7331s|  7500 |  7501 | 13096k|1741.4 |   332M |  69 |1502 | 501 |1454 |  96k|  2 |   0 |1074 |-2.458050e+01 |      --      |    Inf | unknown
 7430s|  7600 |  7601 | 13277k|1742.3 |   333M |  69 |1502 | 501 |1529 |  97k|  2 |   0 |1077 |-2.458050e+01 |      --      |    Inf | unknown
 7529s|  7700 |  7701 | 13467k|1744.4 |   334M |  69 |1502 | 501 |1550 |  98k|  4 |   0 |1083 |-2.458050e+01 |      --      |    Inf | unknown
 7624s|  7800 |  7801 | 13646k|1744.9 |   334M |  69 |1502 | 501 |1379 | 100k|  2 |   0 |1090 |-2.458050e+01 |      --      |    Inf | unknown
 7708s|  7900 |  7901 | 13810k|1743.6 |   335M |  69 |1502 | 501 |1359 | 101k|  2 |   0 |1090 |-2.458050e+01 |      --      |    Inf | unknown
 7788s|  8000 |  8001 | 13955k|1740.0 |   335M |  69 |1502 | 501 |1589 | 102k|  2 |   0 |1095 |-2.458050e+01 |      --      |    Inf | unknown
 7879s|  8100 |  8101 | 14134k|1740.6 |   336M |  69 |1502 | 501 |1481 | 103k|  5 |   0 |1101 |-2.458050e+01 |      --      |    Inf | unknown
 7958s|  8200 |  8201 | 14281k|1737.3 |   337M |  69 |1502 | 501 |1465 | 104k|  3 |   0 |1103 |-2.458050e+01 |      --      |    Inf | unknown
 8060s|  8300 |  8301 | 14480k|1740.3 |   337M |  69 |1502 | 501 |1447 | 105k|  2 |   0 |1108 |-2.458050e+01 |      --      |    Inf | unknown
 8160s|  8400 |  8401 | 14678k|1743.2 |   337M |  69 |1502 | 501 |1542 | 107k|  2 |   0 |1110 |-2.458050e+01 |      --      |    Inf | unknown
 8246s|  8500 |  8501 | 14840k|1741.8 |   339M |  69 |1502 | 501 |1516 | 108k|  2 |   0 |1113 |-2.458050e+01 |      --      |    Inf | unknown
 8357s|  8600 |  8601 | 15044k|1745.2 |   340M |  69 |1502 | 501 |1458 | 109k|  2 |   0 |1127 |-2.458050e+01 |      --      |    Inf | unknown
 8451s|  8700 |  8701 | 15223k|1745.8 |   341M |  69 |1502 | 501 |1424 | 111k|  2 |   0 |1128 |-2.458050e+01 |      --      |    Inf | unknown
 8542s|  8800 |  8801 | 15402k|1746.2 |   341M |  69 |1502 | 501 |1393 | 112k|  3 |   0 |1128 |-2.458050e+01 |      --      |    Inf | unknown
 8615s|  8900 |  8901 | 15539k|1742.0 |   342M |  69 |1502 | 501 |1494 | 113k|  2 |   0 |1134 |-2.458050e+01 |      --      |    Inf | unknown
 time | node  | left  |LP iter|LP it/n|mem/heur|mdpt |vars |cons |rows |cuts |sepa|confs|strbr|  dualbound   | primalbound  |  gap   | compl. 
 8704s|  9000 |  9001 | 15708k|1741.4 |   343M |  69 |1502 | 501 |1503 | 114k|  2 |   0 |1135 |-2.458050e+01 |      --      |    Inf | unknown
 8802s|  9100 |  9101 | 15922k|1745.7 |   344M |  69 |1502 | 501 |1470 | 116k|  4 |   0 |1138 |-2.458050e+01 |      --      |    Inf | unknown
 8894s|  9200 |  9201 | 16088k|1744.9 |   345M |  69 |1502 | 501 |1412 | 117k|  3 |   0 |1149 |-2.458050e+01 |      --      |    Inf | unknown
 8984s|  9300 |  9301 | 16262k|1744.8 |   345M |  69 |1502 | 501 |1585 | 118k|  4 |   0 |1152 |-2.458050e+01 |      --      |    Inf | unknown
 9044s|  9400 |  9401 | 16371k|1737.9 |   346M |  69 |1502 | 501 |1455 | 119k|  2 |   0 |1152 |-2.458050e+01 |      --      |    Inf | unknown
 9137s|  9500 |  9501 | 16543k|1737.7 |   346M |  69 |1502 | 501 |1448 | 120k|  4 |   0 |1159 |-2.458050e+01 |      --      |    Inf | unknown
 9222s|  9600 |  9601 | 16716k|1737.5 |   346M |  69 |1502 | 501 |1420 | 121k|  2 |   0 |1164 |-2.458050e+01 |      --      |    Inf | unknown
 9311s|  9700 |  9701 | 16881k|1736.7 |   347M |  69 |1502 | 501 |1345 | 122k|  4 |   0 |1165 |-2.458050e+01 |      --      |    Inf | unknown
 9391s|  9800 |  9801 | 17037k|1734.9 |   347M |  69 |1502 | 501 |1537 | 123k|  3 |   0 |1166 |-2.458050e+01 |      --      |    Inf | unknown
 9484s|  9900 |  9901 | 17205k|1734.3 |   349M |  69 |1502 | 501 |1547 | 125k|  3 |   0 |1176 |-2.458050e+01 |      --      |    Inf | unknown
 9571s| 10000 | 10001 | 17374k|1733.9 |   350M |  69 |1502 | 501 |1415 | 126k|  3 |   0 |1179 |-2.458050e+01 |      --      |    Inf | unknown
 9668s| 10100 | 10101 | 17553k|1734.4 |   350M |  69 |1502 | 501 |1396 | 127k|  2 |   0 |1179 |-2.458050e+01 |      --      |    Inf | unknown
 9749s| 10200 | 10201 | 17713k|1733.1 |   350M |  69 |1502 | 501 |1525 | 128k|  2 |   0 |1187 |-2.458050e+01 |      --      |    Inf | unknown
 9844s| 10300 | 10301 | 17897k|1734.2 |   351M |  69 |1502 | 501 |1617 | 130k|  1 |   0 |1187 |-2.458050e+01 |      --      |    Inf | unknown
 9922s| 10400 | 10401 | 18046k|1731.8 |   352M |  69 |1502 | 501 |1559 | 131k|  4 |   0 |1189 |-2.458050e+01 |      --      |    Inf | unknown
 time | node  | left  |LP iter|LP it/n|mem/heur|mdpt |vars |cons |rows |cuts |sepa|confs|strbr|  dualbound   | primalbound  |  gap   | compl. 
  167m| 10500 | 10501 | 18263k|1736.0 |   353M |  69 |1502 | 501 |1416 | 132k|  2 |   0 |1199 |-2.458050e+01 |      --      |    Inf | unknown
  169m| 10600 | 10601 | 18432k|1735.5 |   353M |  69 |1502 | 501 |1339 | 133k|  2 |   0 |1200 |-2.458050e+01 |      --      |    Inf | unknown
  170m| 10700 | 10701 | 18589k|1734.0 |   353M |  69 |1502 | 501 |1518 | 135k|  2 |   0 |1200 |-2.458050e+01 |      --      |    Inf | unknown
  171m| 10800 | 10801 | 18742k|1732.1 |   354M |  69 |1502 | 501 |1572 | 136k|  3 |   0 |1208 |-2.458050e+01 |      --      |    Inf | unknown
  173m| 10900 | 10901 | 18910k|1731.6 |   354M |  69 |1502 | 501 |1477 | 137k|  4 |   0 |1209 |-2.458050e+01 |      --      |    Inf | unknown
  175m| 11000 | 11001 | 19105k|1733.6 |   355M |  69 |1502 | 501 |1358 | 139k|  2 |   0 |1209 |-2.458050e+01 |      --      |    Inf | unknown
  176m| 11100 | 11101 | 19262k|1732.2 |   356M |  69 |1502 | 501 |1526 | 140k|  2 |   0 |1215 |-2.458050e+01 |      --      |    Inf | unknown
  178m| 11200 | 11201 | 19450k|1733.5 |   357M |  69 |1502 | 501 |1547 | 141k|  2 |   0 |1221 |-2.458050e+01 |      --      |    Inf | unknown
  179m| 11300 | 11301 | 19640k|1734.9 |   357M |  69 |1502 | 501 |1488 | 143k|  2 |   0 |1221 |-2.458050e+01 |      --      |    Inf | unknown

SCIP Status        : solving was interrupted [time limit reached]
Solving Time (sec) : 10800.00
Solving Nodes      : 11336
Primal Bound       : +1.00000000000000e+20 (0 solutions)
Dual Bound         : -2.45805044460558e+01
Gap                : infinite

