Solver command line: ['/cvmfs/soft.computecanada.ca/easybuild/software/2023/x86-64-v4/Compiler/gcc12/scipoptsuite/9.0.0/bin/scip', '/tmp/tmpb7bq1_pf.pyomo', '-AMPL']

SCIP version 9.0.0 [precision: 8 byte] [memory: block] [mode: optimized] [LP solver: Soplex 7.0.0] [GitHash: 7205bedd94]
Copyright (c) 2002-2024 Zuse Institute Berlin (ZIB)

External libraries: 
  Readline 8.1         GNU library for command line editing (gnu.org/s/readline)
  Soplex 7.0.0         Linear Programming Solver developed at Zuse Institute Berlin (soplex.zib.de) [GitHash: 6657fb3b]
  CppAD 20180000.0     Algorithmic Differentiation of C++ algorithms developed by B. Bell (github.com/coin-or/CppAD)
  ZLIB 1.2.13          General purpose compression library by J. Gailly and M. Adler (zlib.net)
  GMP 6.2.1            GNU Multiple Precision Arithmetic Library developed by T. Granlund (gmplib.org)
  ZIMPL 3.5.3          Zuse Institute Mathematical Programming Language developed by T. Koch (zimpl.zib.de)
  AMPL/MP 690e9e7      AMPL .nl file reader library (github.com/ampl/mp)
  PaPILO 2.2.0         parallel presolve for integer and linear optimization (github.com/scipopt/papilo) (built with TBB) [GitHash: df30ae49]
  bliss 0.77           Computing Graph Automorphisms by T. Junttila and P. Kaski (users.aalto.fi/~tjunttil/bliss)
  sassy 1.1            Symmetry preprocessor by Markus Anders (github.com/markusa4/sassy)
  Ipopt 3.14.14        Interior Point Optimizer developed by A. Waechter et.al. (github.com/coin-or/Ipopt)

reading user parameter file <scip.set>
===========================

limits/time = 10800

read problem </tmp/tmpb7bq1_pf.pyomo.nl>
============

original problem has 501 variables (0 bin, 500 int, 0 impl, 1 cont) and 501 constraints

solve problem
=============

presolving:
   (0.1s) symmetry computation started: requiring (bin +, int +, cont +), (fixed: bin -, int -, cont -)
   (0.2s) no symmetry present (symcode time: 0.01)
presolving (1 rounds: 1 fast, 1 medium, 1 exhaustive):
 0 deleted vars, 0 deleted constraints, 0 added constraints, 1 tightened bounds, 0 added holes, 0 changed sides, 0 changed coefficients
 0 implications, 0 cliques
presolved problem has 501 variables (0 bin, 500 int, 0 impl, 1 cont) and 501 constraints
    500 constraints of type <linear>
      1 constraints of type <nonlinear>
Presolving Time: 0.16

 time | node  | left  |LP iter|LP it/n|mem/heur|mdpt |vars |cons |rows |cuts |sepa|confs|strbr|  dualbound   | primalbound  |  gap   | compl. 
  1.3s|     1 |     0 |   365 |     - |   138M |   0 |1502 | 501 |1501 |   0 |  0 |   0 |   0 |-2.477245e+01 |      --      |    Inf | unknown
  8.4s|     1 |     0 |  8626 |     - |   139M |   0 |1502 | 501 |1866 | 365 |  1 |   0 |   0 |-2.477245e+01 |      --      |    Inf | unknown
 17.0s|     1 |     0 | 19784 |     - |   151M |   0 |1502 | 501 |2226 | 725 |  2 |   0 |   0 |-2.468908e+01 |      --      |    Inf | unknown
 23.4s|     1 |     0 | 30363 |     - |   167M |   0 |1502 | 501 |2408 | 907 |  3 |   0 |   0 |-2.461341e+01 |      --      |    Inf | unknown
 27.9s|     1 |     0 | 38882 |     - |   177M |   0 |1502 | 501 |2466 | 965 |  4 |   0 |   0 |-2.459101e+01 |      --      |    Inf | unknown
 29.1s|     1 |     0 | 39730 |     - |   191M |   0 |1502 | 501 |2481 | 980 |  5 |   0 |   0 |-2.459030e+01 |      --      |    Inf | unknown
 30.2s|     1 |     0 | 40132 |     - |   209M |   0 |1502 | 501 |2488 | 987 |  6 |   0 |   0 |-2.459003e+01 |      --      |    Inf | unknown
 31.1s|     1 |     0 | 40310 |     - |   213M |   0 |1502 | 501 |2492 | 991 |  7 |   0 |   0 |-2.458990e+01 |      --      |    Inf | unknown
 32.1s|     1 |     0 | 40688 |     - |   225M |   0 |1502 | 501 |2493 | 992 |  8 |   0 |   0 |-2.458977e+01 |      --      |    Inf | unknown
 33.0s|     1 |     0 | 40815 |     - |   246M |   0 |1502 | 501 |2494 | 993 |  9 |   0 |   0 |-2.458966e+01 |      --      |    Inf | unknown
 33.8s|     1 |     0 | 40893 |     - |   253M |   0 |1502 | 501 |2496 | 995 | 10 |   0 |   0 |-2.458961e+01 |      --      |    Inf | unknown
 34.3s|     1 |     0 | 40955 |     - |   253M |   0 |1502 | 501 |1370 | 996 | 11 |   0 |   0 |-2.458960e+01 |      --      |    Inf | unknown
 34.7s|     1 |     0 | 40983 |     - |   253M |   0 |1502 | 501 |1372 | 998 | 12 |   0 |   0 |-2.458960e+01 |      --      |    Inf | unknown
 35.2s|     1 |     0 | 41003 |     - |   253M |   0 |1502 | 501 |1374 |1000 | 13 |   0 |   0 |-2.458960e+01 |      --      |    Inf | unknown
 35.6s|     1 |     0 | 41032 |     - |   253M |   0 |1502 | 501 |1375 |1001 | 14 |   0 |   0 |-2.458959e+01 |      --      |    Inf | unknown
 time | node  | left  |LP iter|LP it/n|mem/heur|mdpt |vars |cons |rows |cuts |sepa|confs|strbr|  dualbound   | primalbound  |  gap   | compl. 
 78.9s|     1 |     2 | 54315 |     - |   254M |   0 |1502 | 501 |1375 |1001 | 14 |   0 |  22 |-2.458896e+01 |      --      |    Inf | unknown
  311s|   100 |   101 |253421 |2145.3 |   263M |  19 |1502 | 501 |1260 |2467 |  2 |   0 | 307 |-2.458896e+01 |      --      |    Inf | unknown
  432s|   200 |   201 |409792 |1853.1 |   264M |  33 |1502 | 501 |1330 |3320 |  2 |   0 | 365 |-2.458896e+01 |      --      |    Inf | unknown
  529s|   300 |   301 |526754 |1624.5 |   265M |  35 |1502 | 501 |1287 |4212 |  2 |   0 | 415 |-2.458896e+01 |      --      |    Inf | unknown
  602s|   400 |   401 |639407 |1499.7 |   259M |  35 |1502 | 501 |1305 |5123 |  2 |   0 | 428 |-2.458896e+01 |      --      |    Inf | unknown
  700s|   500 |   501 |758654 |1438.1 |   255M |  35 |1502 | 501 |1289 |6067 |  2 |   0 | 451 |-2.457686e+01 |      --      |    Inf | unknown
  804s|   600 |   601 |916553 |1461.6 |   256M |  35 |1502 | 501 |1409 |7320 |  4 |   0 | 480 |-2.457686e+01 |      --      |    Inf | unknown
  922s|   700 |   701 |  1090k|1501.9 |   258M |  35 |1502 | 501 |1283 |8751 |  2 |   0 | 519 |-2.457406e+01 |      --      |    Inf | unknown
 1017s|   800 |   801 |  1233k|1492.6 |   259M |  35 |1502 | 501 |1267 |9832 |  2 |   0 | 531 |-2.457397e+01 |      --      |    Inf | unknown
 1118s|   900 |   901 |  1387k|1498.3 |   259M |  39 |1502 | 501 |1340 |  11k|  2 |   0 | 546 |-2.457334e+01 |      --      |    Inf | unknown
 1208s|  1000 |  1001 |  1548k|1509.1 |   260M |  55 |1502 | 501 |1500 |  12k|  3 |   0 | 558 |-2.457334e+01 |      --      |    Inf | unknown
 1298s|  1100 |  1101 |  1715k|1524.0 |   264M |  55 |1502 | 501 |1289 |  13k|  4 |   0 | 560 |-2.457289e+01 |      --      |    Inf | unknown
 1382s|  1200 |  1201 |  1845k|1504.8 |   266M |  55 |1502 | 501 |1391 |  14k|  2 |   0 | 560 |-2.457289e+01 |      --      |    Inf | unknown
 1469s|  1300 |  1301 |  2008k|1514.7 |   267M |  57 |1502 | 501 |1432 |  16k|  2 |   0 | 572 |-2.457289e+01 |      --      |    Inf | unknown
 1563s|  1400 |  1401 |  2179k|1528.7 |   268M |  57 |1502 | 501 |1313 |  17k|  2 |   0 | 589 |-2.457289e+01 |      --      |    Inf | unknown
 time | node  | left  |LP iter|LP it/n|mem/heur|mdpt |vars |cons |rows |cuts |sepa|confs|strbr|  dualbound   | primalbound  |  gap   | compl. 
 1648s|  1500 |  1501 |  2322k|1522.2 |   269M |  57 |1502 | 501 |1450 |  18k|  4 |   0 | 612 |-2.457289e+01 |      --      |    Inf | unknown
 1737s|  1600 |  1601 |  2491k|1532.3 |   272M |  57 |1502 | 501 |1500 |  19k|  4 |   0 | 620 |-2.457289e+01 |      --      |    Inf | unknown
 1832s|  1700 |  1701 |  2654k|1538.2 |   272M |  57 |1502 | 501 |1392 |  20k|  4 |   0 | 643 |-2.457289e+01 |      --      |    Inf | unknown
 1911s|  1800 |  1801 |  2797k|1532.1 |   273M |  57 |1502 | 501 |1504 |  21k|  4 |   0 | 646 |-2.457289e+01 |      --      |    Inf | unknown
 1997s|  1900 |  1901 |  2935k|1524.3 |   274M |  57 |1502 | 501 |1460 |  22k|  4 |   0 | 673 |-2.457289e+01 |      --      |    Inf | unknown
 2100s|  2000 |  2001 |  3131k|1545.9 |   276M |  57 |1502 | 501 |1324 |  24k|  2 |   0 | 674 |-2.457289e+01 |      --      |    Inf | unknown
 2203s|  2100 |  2101 |  3305k|1555.1 |   279M |  57 |1502 | 501 |1420 |  25k|  2 |   0 | 692 |-2.457289e+01 |      --      |    Inf | unknown
 2298s|  2200 |  2201 |  3480k|1563.9 |   280M |  57 |1502 | 501 |1510 |  26k|  2 |   0 | 698 |-2.457289e+01 |      --      |    Inf | unknown
 2400s|  2300 |  2301 |  3654k|1571.8 |   281M |  57 |1502 | 501 |1375 |  28k|  3 |   0 | 717 |-2.457289e+01 |      --      |    Inf | unknown
 2491s|  2400 |  2401 |  3825k|1577.4 |   282M |  57 |1502 | 501 |1428 |  29k|  2 |   0 | 722 |-2.457289e+01 |      --      |    Inf | unknown
 2582s|  2500 |  2501 |  3982k|1577.0 |   284M |  57 |1502 | 501 |1449 |  30k|  1 |   0 | 736 |-2.457289e+01 |      --      |    Inf | unknown
 2667s|  2600 |  2601 |  4144k|1578.9 |   285M |  57 |1502 | 501 |1376 |  31k|  2 |   0 | 739 |-2.457289e+01 |      --      |    Inf | unknown
 2761s|  2700 |  2701 |  4305k|1580.1 |   286M |  57 |1502 | 501 |1383 |  32k|  2 |   0 | 760 |-2.457289e+01 |      --      |    Inf | unknown
 2850s|  2800 |  2801 |  4479k|1585.6 |   287M |  57 |1502 | 501 |1505 |  34k|  2 |   0 | 764 |-2.457289e+01 |      --      |    Inf | unknown
 2947s|  2900 |  2901 |  4645k|1588.3 |   289M |  57 |1502 | 501 |1239 |  35k|  2 |   0 | 779 |-2.457289e+01 |      --      |    Inf | unknown
 time | node  | left  |LP iter|LP it/n|mem/heur|mdpt |vars |cons |rows |cuts |sepa|confs|strbr|  dualbound   | primalbound  |  gap   | compl. 
 3039s|  3000 |  3001 |  4816k|1592.5 |   289M |  57 |1502 | 501 |1470 |  36k|  2 |   0 | 782 |-2.457289e+01 |      --      |    Inf | unknown
 3131s|  3100 |  3101 |  4971k|1590.9 |   291M |  57 |1502 | 501 |1425 |  38k|  2 |   0 | 793 |-2.457289e+01 |      --      |    Inf | unknown
 3228s|  3200 |  3201 |  5145k|1595.7 |   291M |  57 |1502 | 501 |1334 |  39k|  2 |   0 | 808 |-2.457289e+01 |      --      |    Inf | unknown
 3310s|  3300 |  3301 |  5301k|1594.6 |   293M |  57 |1502 | 501 |1412 |  40k|  2 |   0 | 809 |-2.457289e+01 |      --      |    Inf | unknown
 3405s|  3400 |  3401 |  5469k|1597.2 |   294M |  67 |1502 | 501 |1420 |  42k|  5 |   0 | 822 |-2.457289e+01 |      --      |    Inf | unknown
 3491s|  3500 |  3501 |  5626k|1596.2 |   295M |  67 |1502 | 501 |1446 |  43k|  2 |   0 | 825 |-2.457289e+01 |      --      |    Inf | unknown
 3570s|  3600 |  3601 |  5766k|1590.8 |   296M |  67 |1502 | 501 |1435 |  44k|  2 |   0 | 836 |-2.457289e+01 |      --      |    Inf | unknown
 3653s|  3700 |  3701 |  5917k|1588.6 |   298M |  69 |1502 | 501 |1531 |  45k|  3 |   0 | 847 |-2.457289e+01 |      --      |    Inf | unknown
 3742s|  3800 |  3801 |  6075k|1588.4 |   298M |  69 |1502 | 501 |1551 |  46k|  4 |   0 | 847 |-2.457289e+01 |      --      |    Inf | unknown
 3844s|  3900 |  3901 |  6271k|1598.0 |   299M |  69 |1502 | 501 |1446 |  48k|  3 |   0 | 858 |-2.457244e+01 |      --      |    Inf | unknown
 3940s|  4000 |  4001 |  6442k|1600.7 |   301M |  69 |1502 | 501 |1330 |  49k|  2 |   0 | 860 |-2.457244e+01 |      --      |    Inf | unknown
 4031s|  4100 |  4101 |  6604k|1601.3 |   303M |  69 |1502 | 501 |1331 |  51k|  2 |   0 | 875 |-2.457244e+01 |      --      |    Inf | unknown
 4123s|  4200 |  4201 |  6772k|1603.1 |   303M |  69 |1502 | 501 |1547 |  52k|  2 |   0 | 879 |-2.457244e+01 |      --      |    Inf | unknown
 4224s|  4300 |  4301 |  6957k|1608.7 |   304M |  69 |1502 | 501 |1435 |  53k|  2 |   0 | 885 |-2.457244e+01 |      --      |    Inf | unknown
 4340s|  4400 |  4401 |  7170k|1620.8 |   305M |  69 |1502 | 501 |1346 |  55k|  2 |   0 | 895 |-2.457244e+01 |      --      |    Inf | unknown
 time | node  | left  |LP iter|LP it/n|mem/heur|mdpt |vars |cons |rows |cuts |sepa|confs|strbr|  dualbound   | primalbound  |  gap   | compl. 
 4432s|  4500 |  4501 |  7356k|1626.0 |   308M |  69 |1502 | 501 |1302 |  56k|  2 |   0 | 899 |-2.456455e+01 |      --      |    Inf | unknown
 4532s|  4600 |  4601 |  7544k|1631.6 |   308M |  69 |1502 | 501 |1528 |  57k|  2 |   0 | 918 |-2.456455e+01 |      --      |    Inf | unknown
 4630s|  4700 |  4701 |  7724k|1635.2 |   309M |  69 |1502 | 501 |1446 |  59k|  2 |   0 | 922 |-2.456455e+01 |      --      |    Inf | unknown
 4725s|  4800 |  4801 |  7910k|1639.8 |   309M |  69 |1502 | 501 |1486 |  60k|  4 |   0 | 927 |-2.456455e+01 |      --      |    Inf | unknown
 4819s|  4900 |  4901 |  8088k|1642.7 |   310M |  73 |1502 | 501 |1328 |  61k|  2 |   0 | 930 |-2.456455e+01 |      --      |    Inf | unknown
 4902s|  5000 |  5001 |  8244k|1641.0 |   311M |  73 |1502 | 501 |1538 |  62k|  2 |   0 | 933 |-2.456165e+01 |      --      |    Inf | unknown
 4997s|  5100 |  5101 |  8418k|1642.9 |   312M |  73 |1502 | 501 |1504 |  64k|  5 |   0 | 946 |-2.456165e+01 |      --      |    Inf | unknown
 5105s|  5200 |  5201 |  8628k|1651.8 |   312M |  73 |1502 | 501 |1549 |  65k|  5 |   0 | 946 |-2.456165e+01 |      --      |    Inf | unknown
 5206s|  5300 |  5301 |  8815k|1655.9 |   313M |  73 |1502 | 501 |1542 |  66k|  2 |   0 | 959 |-2.456165e+01 |      --      |    Inf | unknown
 5310s|  5400 |  5401 |  9017k|1662.5 |   315M |  73 |1502 | 501 |1394 |  68k|  2 |   0 | 963 |-2.456165e+01 |      --      |    Inf | unknown
 5395s|  5500 |  5501 |  9189k|1663.7 |   315M |  73 |1502 | 501 |1525 |  69k|  2 |   0 | 969 |-2.456165e+01 |      --      |    Inf | unknown
 5496s|  5600 |  5601 |  9376k|1667.3 |   316M |  73 |1502 | 501 |1497 |  70k|  2 |   0 | 982 |-2.456165e+01 |      --      |    Inf | unknown
 5608s|  5700 |  5701 |  9600k|1677.4 |   316M |  73 |1502 | 501 |1369 |  71k|  4 |   0 | 983 |-2.456165e+01 |      --      |    Inf | unknown
 5710s|  5800 |  5801 |  9787k|1680.7 |   317M |  73 |1502 | 501 |1523 |  73k|  2 |   0 | 990 |-2.456165e+01 |      --      |    Inf | unknown
 5812s|  5900 |  5901 |  9974k|1684.0 |   318M |  73 |1502 | 501 |1360 |  74k|  2 |   0 | 997 |-2.456165e+01 |      --      |    Inf | unknown
 time | node  | left  |LP iter|LP it/n|mem/heur|mdpt |vars |cons |rows |cuts |sepa|confs|strbr|  dualbound   | primalbound  |  gap   | compl. 
 5901s|  6000 |  6001 | 10148k|1684.8 |   319M |  73 |1502 | 501 |1390 |  75k|  5 |   0 |1000 |-2.456165e+01 |      --      |    Inf | unknown
 5987s|  6100 |  6101 | 10300k|1682.1 |   319M |  73 |1502 | 501 |1471 |  77k|  3 |   0 |1012 |-2.456165e+01 |      --      |    Inf | unknown
 6089s|  6200 |  6201 | 10496k|1686.7 |   320M |  73 |1502 | 501 |1369 |  78k|  2 |   0 |1016 |-2.456165e+01 |      --      |    Inf | unknown
 6172s|  6300 |  6301 | 10649k|1684.2 |   321M |  73 |1502 | 501 |1608 |  79k|  2 |   0 |1017 |-2.456165e+01 |      --      |    Inf | unknown
 6264s|  6400 |  6401 | 10820k|1684.5 |   322M |  73 |1502 | 501 |1504 |  80k|  2 |   0 |1021 |-2.456165e+01 |      --      |    Inf | unknown
 6365s|  6500 |  6501 | 11023k|1689.8 |   323M |  73 |1502 | 501 |1398 |  82k|  2 |   0 |1021 |-2.456165e+01 |      --      |    Inf | unknown
 6462s|  6600 |  6601 | 11204k|1691.8 |   323M |  73 |1502 | 501 |1608 |  83k|  2 |   0 |1035 |-2.456165e+01 |      --      |    Inf | unknown
 6549s|  6700 |  6701 | 11372k|1691.5 |   325M |  73 |1502 | 501 |1490 |  84k|  4 |   0 |1036 |-2.456165e+01 |      --      |    Inf | unknown
 6646s|  6800 |  6801 | 11555k|1693.5 |   325M |  73 |1502 | 501 |1417 |  85k|  4 |   0 |1041 |-2.456165e+01 |      --      |    Inf | unknown
 6741s|  6900 |  6901 | 11727k|1694.0 |   325M |  73 |1502 | 501 |1652 |  87k|  5 |   0 |1049 |-2.456165e+01 |      --      |    Inf | unknown
 6829s|  7000 |  7001 | 11898k|1694.2 |   325M |  73 |1502 | 501 |1437 |  88k|  2 |   0 |1052 |-2.456165e+01 |      --      |    Inf | unknown
 6924s|  7100 |  7101 | 12085k|1696.7 |   326M |  73 |1502 | 501 |1505 |  89k|  2 |   0 |1058 |-2.456165e+01 |      --      |    Inf | unknown
 7024s|  7200 |  7201 | 12279k|1700.0 |   328M |  73 |1502 | 501 |1503 |  91k|  2 |   0 |1063 |-2.456165e+01 |      --      |    Inf | unknown
 7126s|  7300 |  7301 | 12479k|1704.1 |   328M |  73 |1502 | 501 |1460 |  92k|  2 |   0 |1066 |-2.456165e+01 |      --      |    Inf | unknown
 7214s|  7400 |  7401 | 12643k|1703.2 |   328M |  73 |1502 | 501 |1625 |  93k|  2 |   0 |1077 |-2.456165e+01 |      --      |    Inf | unknown
 time | node  | left  |LP iter|LP it/n|mem/heur|mdpt |vars |cons |rows |cuts |sepa|confs|strbr|  dualbound   | primalbound  |  gap   | compl. 
 7318s|  7500 |  7501 | 12839k|1706.7 |   328M |  73 |1502 | 501 |1522 |  95k|  2 |   0 |1080 |-2.456165e+01 |      --      |    Inf | unknown
 7427s|  7600 |  7601 | 13052k|1712.2 |   331M |  73 |1502 | 501 |1375 |  96k|  2 |   0 |1086 |-2.456165e+01 |      --      |    Inf | unknown
 7534s|  7700 |  7701 | 13254k|1716.2 |   331M |  73 |1502 | 501 |1559 |  98k|  3 |   0 |1092 |-2.456165e+01 |      --      |    Inf | unknown
 7630s|  7800 |  7801 | 13443k|1718.5 |   331M |  73 |1502 | 501 |1441 |  99k|  2 |   0 |1093 |-2.456165e+01 |      --      |    Inf | unknown
 7748s|  7900 |  7901 | 13672k|1725.7 |   332M |  73 |1502 | 501 |1369 | 101k|  5 |   0 |1099 |-2.456165e+01 |      --      |    Inf | unknown
 7845s|  8000 |  8001 | 13863k|1728.0 |   334M |  73 |1502 | 501 |1567 | 102k|  2 |   0 |1101 |-2.456165e+01 |      --      |    Inf | unknown
 7935s|  8100 |  8101 | 14037k|1728.1 |   334M |  73 |1502 | 501 |1456 | 103k|  2 |   0 |1106 |-2.456165e+01 |      --      |    Inf | unknown
 8025s|  8200 |  8201 | 14209k|1728.1 |   334M |  73 |1502 | 501 |1590 | 104k|  2 |   0 |1111 |-2.456165e+01 |      --      |    Inf | unknown
 8106s|  8300 |  8301 | 14357k|1725.1 |   335M |  73 |1502 | 501 |1475 | 105k|  2 |   0 |1113 |-2.456165e+01 |      --      |    Inf | unknown
 8203s|  8400 |  8401 | 14548k|1727.3 |   335M |  73 |1502 | 501 |1304 | 106k|  2 |   0 |1118 |-2.456165e+01 |      --      |    Inf | unknown
 8299s|  8500 |  8501 | 14731k|1728.5 |   336M |  73 |1502 | 501 |1662 | 108k|  4 |   0 |1126 |-2.456165e+01 |      --      |    Inf | unknown
 8379s|  8600 |  8601 | 14882k|1726.0 |   336M |  73 |1502 | 501 |1431 | 109k|  4 |   0 |1129 |-2.456165e+01 |      --      |    Inf | unknown
 8465s|  8700 |  8701 | 15045k|1724.8 |   337M |  73 |1502 | 501 |1321 | 110k|  2 |   0 |1132 |-2.456165e+01 |      --      |    Inf | unknown
 8552s|  8800 |  8801 | 15201k|1723.0 |   337M |  73 |1502 | 501 |1491 | 111k|  4 |   0 |1137 |-2.456165e+01 |      --      |    Inf | unknown
 8657s|  8900 |  8901 | 15403k|1726.3 |   339M |  73 |1502 | 501 |1508 | 112k|  2 |   0 |1139 |-2.456165e+01 |      --      |    Inf | unknown
 time | node  | left  |LP iter|LP it/n|mem/heur|mdpt |vars |cons |rows |cuts |sepa|confs|strbr|  dualbound   | primalbound  |  gap   | compl. 
 8747s|  9000 |  9001 | 15594k|1728.4 |   340M |  73 |1502 | 501 |1555 | 113k|  2 |   0 |1142 |-2.456165e+01 |      --      |    Inf | unknown
 8838s|  9100 |  9101 | 15755k|1727.1 |   341M |  73 |1502 | 501 |1569 | 115k|  1 |   0 |1152 |-2.456165e+01 |      --      |    Inf | unknown
 8932s|  9200 |  9201 | 15939k|1728.3 |   341M |  73 |1502 | 501 |1358 | 116k|  2 |   0 |1154 |-2.456165e+01 |      --      |    Inf | unknown
 9016s|  9300 |  9301 | 16107k|1727.8 |   341M |  73 |1502 | 501 |1486 | 117k|  2 |   0 |1156 |-2.456165e+01 |      --      |    Inf | unknown
 9116s|  9400 |  9401 | 16286k|1728.5 |   343M |  73 |1502 | 501 |1442 | 118k|  2 |   0 |1163 |-2.456165e+01 |      --      |    Inf | unknown
 9201s|  9500 |  9501 | 16458k|1728.4 |   343M |  73 |1502 | 501 |1382 | 119k|  2 |   0 |1166 |-2.456165e+01 |      --      |    Inf | unknown
 9256s|  9600 |  9601 | 16549k|1719.8 |   344M |  73 |1502 | 501 |1404 | 120k|  2 |   0 |1170 |-2.456165e+01 |      --      |    Inf | unknown
 9336s|  9700 |  9701 | 16702k|1717.8 |   344M |  73 |1502 | 501 |1412 | 121k|  2 |   0 |1173 |-2.456165e+01 |      --      |    Inf | unknown
 9450s|  9800 |  9801 | 16906k|1721.1 |   345M |  73 |1502 | 501 |1340 | 122k|  2 |   0 |1179 |-2.456165e+01 |      --      |    Inf | unknown
 9537s|  9900 |  9901 | 17079k|1721.3 |   347M |  73 |1502 | 501 |1556 | 124k|  2 |   0 |1182 |-2.456165e+01 |      --      |    Inf | unknown
 9641s| 10000 | 10001 | 17282k|1724.3 |   347M |  73 |1502 | 501 |1437 | 125k|  2 |   0 |1183 |-2.456165e+01 |      --      |    Inf | unknown
 9712s| 10100 | 10101 | 17399k|1718.8 |   347M |  73 |1502 | 501 |1526 | 126k|  2 |   0 |1191 |-2.456165e+01 |      --      |    Inf | unknown
 9822s| 10200 | 10201 | 17610k|1722.7 |   347M |  73 |1502 | 501 |1503 | 127k|  2 |   0 |1193 |-2.456165e+01 |      --      |    Inf | unknown
 9910s| 10300 | 10301 | 17777k|1722.2 |   347M |  73 |1502 | 501 |1408 | 128k|  2 |   0 |1193 |-2.456165e+01 |      --      |    Inf | unknown
  167m| 10400 | 10401 | 17968k|1724.0 |   349M |  73 |1502 | 501 |1572 | 130k|  2 |   0 |1201 |-2.456165e+01 |      --      |    Inf | unknown
 time | node  | left  |LP iter|LP it/n|mem/heur|mdpt |vars |cons |rows |cuts |sepa|confs|strbr|  dualbound   | primalbound  |  gap   | compl. 
  168m| 10500 | 10501 | 18169k|1726.7 |   349M |  73 |1502 | 501 |1548 | 131k|  4 |   0 |1203 |-2.456165e+01 |      --      |    Inf | unknown
  170m| 10600 | 10601 | 18316k|1724.3 |   350M |  73 |1502 | 501 |1409 | 132k|  5 |   0 |1203 |-2.456165e+01 |      --      |    Inf | unknown
  171m| 10700 | 10701 | 18472k|1722.7 |   350M |  73 |1502 | 501 |1514 | 133k|  2 |   0 |1208 |-2.456165e+01 |      --      |    Inf | unknown
  173m| 10800 | 10801 | 18618k|1720.3 |   350M |  73 |1502 | 501 |1457 | 134k|  3 |   0 |1211 |-2.456165e+01 |      --      |    Inf | unknown
  174m| 10900 | 10901 | 18784k|1719.8 |   352M |  73 |1502 | 501 |1514 | 135k|  4 |   0 |1213 |-2.456165e+01 |      --      |    Inf | unknown
  175m| 11000 | 11001 | 18955k|1719.7 |   352M |  73 |1502 | 501 |1530 | 136k|  2 |   0 |1219 |-2.456165e+01 |      --      |    Inf | unknown
  177m| 11100 | 11101 | 19128k|1719.8 |   352M |  73 |1502 | 501 |1448 | 138k|  4 |   0 |1219 |-2.456165e+01 |      --      |    Inf | unknown
  178m| 11200 | 11201 | 19292k|1719.1 |   353M |  73 |1502 | 501 |1588 | 139k|  5 |   0 |1221 |-2.456165e+01 |      --      |    Inf | unknown
  180m| 11300 | 11301 | 19456k|1718.4 |   353M |  73 |1502 | 501 |1536 | 140k|  2 |   0 |1226 |-2.456165e+01 |      --      |    Inf | unknown

SCIP Status        : solving was interrupted [time limit reached]
Solving Time (sec) : 10800.00
Solving Nodes      : 11313
Primal Bound       : +1.00000000000000e+20 (0 solutions)
Dual Bound         : -2.45616511371293e+01
Gap                : infinite

