Solver command line: ['/cvmfs/soft.computecanada.ca/easybuild/software/2023/x86-64-v4/Compiler/gcc12/scipoptsuite/9.0.0/bin/scip', '/tmp/tmpv9gufnhh.pyomo', '-AMPL']

SCIP version 9.0.0 [precision: 8 byte] [memory: block] [mode: optimized] [LP solver: Soplex 7.0.0] [GitHash: 7205bedd94]
Copyright (c) 2002-2024 Zuse Institute Berlin (ZIB)

External libraries: 
  Readline 8.1         GNU library for command line editing (gnu.org/s/readline)
  Soplex 7.0.0         Linear Programming Solver developed at Zuse Institute Berlin (soplex.zib.de) [GitHash: 6657fb3b]
  CppAD 20180000.0     Algorithmic Differentiation of C++ algorithms developed by B. Bell (github.com/coin-or/CppAD)
  ZLIB 1.2.13          General purpose compression library by J. Gailly and M. Adler (zlib.net)
  GMP 6.2.1            GNU Multiple Precision Arithmetic Library developed by T. Granlund (gmplib.org)
  ZIMPL 3.5.3          Zuse Institute Mathematical Programming Language developed by T. Koch (zimpl.zib.de)
  AMPL/MP 690e9e7      AMPL .nl file reader library (github.com/ampl/mp)
  PaPILO 2.2.0         parallel presolve for integer and linear optimization (github.com/scipopt/papilo) (built with TBB) [GitHash: df30ae49]
  bliss 0.77           Computing Graph Automorphisms by T. Junttila and P. Kaski (users.aalto.fi/~tjunttil/bliss)
  sassy 1.1            Symmetry preprocessor by Markus Anders (github.com/markusa4/sassy)
  Ipopt 3.14.14        Interior Point Optimizer developed by A. Waechter et.al. (github.com/coin-or/Ipopt)

reading user parameter file <scip.set>
===========================

limits/time = 10800

read problem </tmp/tmpv9gufnhh.pyomo.nl>
============

original problem has 501 variables (0 bin, 500 int, 0 impl, 1 cont) and 501 constraints

solve problem
=============

presolving:
   (0.1s) symmetry computation started: requiring (bin +, int +, cont +), (fixed: bin -, int -, cont -)
   (0.2s) no symmetry present (symcode time: 0.01)
presolving (1 rounds: 1 fast, 1 medium, 1 exhaustive):
 0 deleted vars, 0 deleted constraints, 0 added constraints, 1 tightened bounds, 0 added holes, 0 changed sides, 0 changed coefficients
 0 implications, 0 cliques
presolved problem has 501 variables (0 bin, 500 int, 0 impl, 1 cont) and 501 constraints
    500 constraints of type <linear>
      1 constraints of type <nonlinear>
Presolving Time: 0.17

 time | node  | left  |LP iter|LP it/n|mem/heur|mdpt |vars |cons |rows |cuts |sepa|confs|strbr|  dualbound   | primalbound  |  gap   | compl. 
  1.4s|     1 |     0 |   343 |     - |   138M |   0 |1502 | 501 |1501 |   0 |  0 |   0 |   0 |-2.477245e+01 |      --      |    Inf | unknown
  8.3s|     1 |     0 |  7727 |     - |   139M |   0 |1502 | 501 |1844 | 343 |  1 |   0 |   0 |-2.477245e+01 |      --      |    Inf | unknown
 17.9s|     1 |     0 | 18994 |     - |   150M |   0 |1502 | 501 |2220 | 719 |  2 |   0 |   0 |-2.469791e+01 |      --      |    Inf | unknown
 25.1s|     1 |     0 | 29697 |     - |   164M |   0 |1502 | 501 |2410 | 909 |  3 |   0 |   0 |-2.461420e+01 |      --      |    Inf | unknown
 29.1s|     1 |     0 | 36240 |     - |   174M |   0 |1502 | 501 |2466 | 965 |  4 |   0 |   0 |-2.459385e+01 |      --      |    Inf | unknown
 30.3s|     1 |     0 | 36848 |     - |   191M |   0 |1502 | 501 |2481 | 980 |  5 |   0 |   0 |-2.459328e+01 |      --      |    Inf | unknown
 31.5s|     1 |     0 | 37238 |     - |   207M |   0 |1502 | 501 |2493 | 992 |  6 |   0 |   0 |-2.459310e+01 |      --      |    Inf | unknown
 32.6s|     1 |     0 | 37449 |     - |   211M |   0 |1502 | 501 |2495 | 994 |  7 |   0 |   0 |-2.459296e+01 |      --      |    Inf | unknown
 33.5s|     1 |     0 | 37523 |     - |   223M |   0 |1502 | 501 |2496 | 995 |  8 |   0 |   0 |-2.459291e+01 |      --      |    Inf | unknown
 34.4s|     1 |     0 | 37638 |     - |   244M |   0 |1502 | 501 |2497 | 996 |  9 |   0 |   0 |-2.459287e+01 |      --      |    Inf | unknown
 35.4s|     1 |     0 | 37759 |     - |   253M |   0 |1502 | 501 |2500 | 999 | 10 |   0 |   0 |-2.459282e+01 |      --      |    Inf | unknown
 35.9s|     1 |     0 | 37814 |     - |   253M |   0 |1502 | 501 |1396 |1000 | 11 |   0 |   0 |-2.459281e+01 |      --      |    Inf | unknown
 36.5s|     1 |     0 | 37842 |     - |   253M |   0 |1502 | 501 |1397 |1001 | 12 |   0 |   0 |-2.459281e+01 |      --      |    Inf | unknown
 37.1s|     1 |     0 | 37878 |     - |   253M |   0 |1502 | 501 |1398 |1002 | 13 |   0 |   0 |-2.459280e+01 |      --      |    Inf | unknown
 37.6s|     1 |     0 | 37923 |     - |   254M |   0 |1502 | 501 |1399 |1003 | 14 |   0 |   0 |-2.459280e+01 |      --      |    Inf | unknown
 time | node  | left  |LP iter|LP it/n|mem/heur|mdpt |vars |cons |rows |cuts |sepa|confs|strbr|  dualbound   | primalbound  |  gap   | compl. 
 88.8s|     1 |     2 | 54678 |     - |   254M |   0 |1502 | 501 |1399 |1003 | 14 |   0 |  21 |-2.459237e+01 |      --      |    Inf | unknown
  320s|   100 |   101 |215886 |1797.6 |   263M |  25 |1502 | 501 |1217 |2193 |  2 |   0 | 315 |-2.459237e+01 |      --      |    Inf | unknown
  442s|   200 |   201 |374494 |1691.3 |   264M |  33 |1502 | 501 |1291 |3231 |  2 |   0 | 383 |-2.459237e+01 |      --      |    Inf | unknown
  545s|   300 |   301 |500729 |1547.8 |   265M |  33 |1502 | 501 |1313 |4231 |  2 |   0 | 450 |-2.458139e+01 |      --      |    Inf | unknown
  618s|   400 |   401 |623468 |1467.5 |   262M |  37 |1502 | 501 |1253 |4943 |  2 |   0 | 468 |-2.458000e+01 |      --      |    Inf | unknown
  687s|   500 |   501 |722025 |1370.9 |   262M |  45 |1502 | 501 |1284 |5701 |  2 |   0 | 470 |-2.458000e+01 |      --      |    Inf | unknown
  759s|   600 |   601 |826791 |1317.0 |   263M |  45 |1502 | 501 |1309 |6401 |  3 |   0 | 507 |-2.457988e+01 |      --      |    Inf | unknown
  855s|   700 |   701 |978946 |1346.2 |   265M |  45 |1502 | 501 |1426 |7343 |  2 |   0 | 516 |-2.457988e+01 |      --      |    Inf | unknown
  935s|   800 |   801 |  1078k|1302.1 |   266M |  45 |1502 | 501 |1303 |8181 |  2 |   0 | 531 |-2.457959e+01 |      --      |    Inf | unknown
 1015s|   900 |   901 |  1190k|1281.7 |   267M |  45 |1502 | 501 |1265 |8971 |  2 |   0 | 537 |-2.457847e+01 |      --      |    Inf | unknown
 1081s|  1000 |  1001 |  1306k|1269.6 |   268M |  53 |1502 | 501 |1513 |9721 |  2 |   0 | 538 |-2.457822e+01 |      --      |    Inf | unknown
 1167s|  1100 |  1101 |  1423k|1260.7 |   269M |  53 |1502 | 501 |1329 |  10k|  2 |   0 | 563 |-2.457786e+01 |      --      |    Inf | unknown
 1243s|  1200 |  1201 |  1555k|1266.0 |   271M |  53 |1502 | 501 |1468 |  11k|  2 |   0 | 567 |-2.457786e+01 |      --      |    Inf | unknown
 1315s|  1300 |  1301 |  1691k|1272.6 |   272M |  53 |1502 | 501 |1356 |  12k|  2 |   0 | 568 |-2.457694e+01 |      --      |    Inf | unknown
 1389s|  1400 |  1401 |  1837k|1286.4 |   275M |  53 |1502 | 501 |1350 |  13k|  2 |   0 | 570 |-2.457680e+01 |      --      |    Inf | unknown
 time | node  | left  |LP iter|LP it/n|mem/heur|mdpt |vars |cons |rows |cuts |sepa|confs|strbr|  dualbound   | primalbound  |  gap   | compl. 
 1458s|  1500 |  1501 |  1951k|1276.6 |   276M |  53 |1502 | 501 |1304 |  14k|  1 |   0 | 578 |-2.457674e+01 |      --      |    Inf | unknown
 1540s|  1600 |  1601 |  2106k|1293.6 |   277M |  53 |1502 | 501 |1300 |  15k|  2 |   0 | 580 |-2.457674e+01 |      --      |    Inf | unknown
 1630s|  1700 |  1701 |  2264k|1310.4 |   278M |  53 |1502 | 501 |1400 |  16k|  2 |   0 | 599 |-2.457629e+01 |      --      |    Inf | unknown
 1698s|  1800 |  1801 |  2383k|1303.8 |   278M |  53 |1502 | 501 |1442 |  17k|  4 |   0 | 603 |-2.457561e+01 |      --      |    Inf | unknown
 1809s|  1900 |  1901 |  2579k|1338.3 |   280M |  53 |1502 | 501 |1572 |  19k|  2 |   0 | 625 |-2.457561e+01 |      --      |    Inf | unknown
 1885s|  2000 |  2001 |  2714k|1338.8 |   281M |  53 |1502 | 501 |1435 |  20k|  2 |   0 | 630 |-2.457415e+01 |      --      |    Inf | unknown
 1999s|  2100 |  2101 |  2921k|1373.7 |   283M |  55 |1502 | 501 |1239 |  21k|  2 |   0 | 648 |-2.457295e+01 |      --      |    Inf | unknown
 2090s|  2200 |  2201 |  3084k|1385.4 |   284M |  55 |1502 | 501 |1465 |  23k|  4 |   0 | 665 |-2.457295e+01 |      --      |    Inf | unknown
 2179s|  2300 |  2301 |  3245k|1395.4 |   287M |  55 |1502 | 501 |1538 |  24k|  2 |   0 | 677 |-2.457295e+01 |      --      |    Inf | unknown
 2283s|  2400 |  2401 |  3432k|1415.0 |   288M |  55 |1502 | 501 |1371 |  25k|  4 |   0 | 692 |-2.457207e+01 |      --      |    Inf | unknown
 2377s|  2500 |  2501 |  3602k|1426.3 |   289M |  55 |1502 | 501 |1396 |  27k|  2 |   0 | 700 |-2.457207e+01 |      --      |    Inf | unknown
 2487s|  2600 |  2601 |  3798k|1446.9 |   290M |  55 |1502 | 501 |1387 |  28k|  3 |   0 | 724 |-2.457207e+01 |      --      |    Inf | unknown
 2574s|  2700 |  2701 |  3958k|1452.8 |   292M |  59 |1502 | 501 |1366 |  29k|  2 |   0 | 730 |-2.457110e+01 |      --      |    Inf | unknown
 2647s|  2800 |  2801 |  4088k|1447.1 |   293M |  59 |1502 | 501 |1419 |  30k|  2 |   0 | 739 |-2.457110e+01 |      --      |    Inf | unknown
 2765s|  2900 |  2901 |  4326k|1479.2 |   293M |  59 |1502 | 501 |1336 |  32k|  5 |   0 | 753 |-2.457110e+01 |      --      |    Inf | unknown
 time | node  | left  |LP iter|LP it/n|mem/heur|mdpt |vars |cons |rows |cuts |sepa|confs|strbr|  dualbound   | primalbound  |  gap   | compl. 
 2862s|  3000 |  3001 |  4513k|1492.4 |   295M |  59 |1502 | 501 |1317 |  33k|  2 |   0 | 765 |-2.457037e+01 |      --      |    Inf | unknown
 2973s|  3100 |  3101 |  4720k|1511.0 |   297M |  59 |1502 | 501 |1405 |  35k|  2 |   0 | 771 |-2.457037e+01 |      --      |    Inf | unknown
 3055s|  3200 |  3201 |  4864k|1508.7 |   298M |  59 |1502 | 501 |1408 |  36k|  2 |   0 | 781 |-2.457037e+01 |      --      |    Inf | unknown
 3156s|  3300 |  3301 |  5045k|1517.8 |   298M |  59 |1502 | 501 |1591 |  38k|  2 |   0 | 790 |-2.456858e+01 |      --      |    Inf | unknown
 3253s|  3400 |  3401 |  5232k|1528.4 |   299M |  61 |1502 | 501 |1257 |  39k|  2 |   0 | 797 |-2.456858e+01 |      --      |    Inf | unknown
 3341s|  3500 |  3501 |  5401k|1532.8 |   301M |  63 |1502 | 501 |1359 |  40k|  5 |   0 | 806 |-2.456515e+01 |      --      |    Inf | unknown
 3439s|  3600 |  3601 |  5588k|1542.2 |   302M |  63 |1502 | 501 |1272 |  41k|  2 |   0 | 810 |-2.456515e+01 |      --      |    Inf | unknown
 3532s|  3700 |  3701 |  5758k|1546.5 |   302M |  63 |1502 | 501 |1281 |  43k|  2 |   0 | 823 |-2.456515e+01 |      --      |    Inf | unknown
 3619s|  3800 |  3801 |  5927k|1550.2 |   303M |  63 |1502 | 501 |1360 |  44k|  4 |   0 | 824 |-2.456515e+01 |      --      |    Inf | unknown
 3724s|  3900 |  3901 |  6125k|1561.3 |   305M |  63 |1502 | 501 |1435 |  45k|  4 |   0 | 835 |-2.456515e+01 |      --      |    Inf | unknown
 3829s|  4000 |  4001 |  6320k|1571.1 |   306M |  63 |1502 | 501 |1330 |  46k|  2 |   0 | 838 |-2.456515e+01 |      --      |    Inf | unknown
 3900s|  4100 |  4101 |  6441k|1562.1 |   308M |  63 |1502 | 501 |1292 |  47k|  2 |   0 | 851 |-2.456455e+01 |      --      |    Inf | unknown
 3999s|  4200 |  4201 |  6629k|1569.8 |   309M |  63 |1502 | 501 |1292 |  49k|  2 |   0 | 859 |-2.456455e+01 |      --      |    Inf | unknown
 4094s|  4300 |  4301 |  6807k|1574.6 |   310M |  63 |1502 | 501 |1402 |  50k|  5 |   0 | 863 |-2.456455e+01 |      --      |    Inf | unknown
 4195s|  4400 |  4401 |  6995k|1581.5 |   311M |  63 |1502 | 501 |1390 |  51k|  2 |   0 | 879 |-2.456455e+01 |      --      |    Inf | unknown
 time | node  | left  |LP iter|LP it/n|mem/heur|mdpt |vars |cons |rows |cuts |sepa|confs|strbr|  dualbound   | primalbound  |  gap   | compl. 
 4282s|  4500 |  4501 |  7161k|1583.3 |   311M |  63 |1502 | 501 |1356 |  52k|  1 |   0 | 880 |-2.456384e+01 |      --      |    Inf | unknown
 4375s|  4600 |  4601 |  7331k|1585.8 |   311M |  63 |1502 | 501 |1432 |  54k|  2 |   0 | 900 |-2.456384e+01 |      --      |    Inf | unknown
 4475s|  4700 |  4701 |  7528k|1594.1 |   312M |  63 |1502 | 501 |1401 |  55k|  2 |   0 | 906 |-2.456384e+01 |      --      |    Inf | unknown
 4577s|  4800 |  4801 |  7721k|1601.1 |   314M |  63 |1502 | 501 |1441 |  56k|  4 |   0 | 911 |-2.456312e+01 |      --      |    Inf | unknown
 4696s|  4900 |  4901 |  7944k|1613.9 |   315M |  63 |1502 | 501 |1494 |  58k|  5 |   0 | 926 |-2.456312e+01 |      --      |    Inf | unknown
 4785s|  5000 |  5001 |  8113k|1615.5 |   316M |  63 |1502 | 501 |1567 |  59k|  2 |   0 | 926 |-2.456312e+01 |      --      |    Inf | unknown
 4866s|  5100 |  5101 |  8269k|1614.3 |   316M |  63 |1502 | 501 |1454 |  60k|  2 |   0 | 940 |-2.456293e+01 |      --      |    Inf | unknown
 4965s|  5200 |  5201 |  8455k|1619.1 |   318M |  63 |1502 | 501 |1576 |  61k|  2 |   0 | 944 |-2.456293e+01 |      --      |    Inf | unknown
 5058s|  5300 |  5301 |  8635k|1622.5 |   318M |  69 |1502 | 501 |1427 |  62k|  1 |   0 | 951 |-2.456293e+01 |      --      |    Inf | unknown
 5155s|  5400 |  5401 |  8819k|1626.5 |   319M |  69 |1502 | 501 |1384 |  64k|  2 |   0 | 957 |-2.456293e+01 |      --      |    Inf | unknown
 5247s|  5500 |  5501 |  9000k|1629.8 |   319M |  69 |1502 | 501 |1355 |  65k|  4 |   0 | 962 |-2.456293e+01 |      --      |    Inf | unknown
 5344s|  5600 |  5601 |  9182k|1633.2 |   320M |  69 |1502 | 501 |1526 |  66k|  4 |   0 | 976 |-2.456293e+01 |      --      |    Inf | unknown
 5430s|  5700 |  5701 |  9351k|1634.2 |   320M |  69 |1502 | 501 |1456 |  67k|  2 |   0 | 982 |-2.456293e+01 |      --      |    Inf | unknown
 5516s|  5800 |  5801 |  9522k|1635.6 |   321M |  69 |1502 | 501 |1458 |  68k|  4 |   0 | 986 |-2.456293e+01 |      --      |    Inf | unknown
 5599s|  5900 |  5901 |  9676k|1634.0 |   322M |  69 |1502 | 501 |1389 |  69k|  2 |   0 | 993 |-2.456293e+01 |      --      |    Inf | unknown
 time | node  | left  |LP iter|LP it/n|mem/heur|mdpt |vars |cons |rows |cuts |sepa|confs|strbr|  dualbound   | primalbound  |  gap   | compl. 
 5682s|  6000 |  6001 |  9824k|1631.4 |   322M |  69 |1502 | 501 |1486 |  70k|  2 |   0 |1006 |-2.456293e+01 |      --      |    Inf | unknown
 5783s|  6100 |  6101 | 10028k|1638.1 |   323M |  69 |1502 | 501 |1554 |  71k|  4 |   0 |1009 |-2.456293e+01 |      --      |    Inf | unknown
 5885s|  6200 |  6201 | 10217k|1642.1 |   325M |  69 |1502 | 501 |1546 |  73k|  2 |   0 |1018 |-2.456293e+01 |      --      |    Inf | unknown
 5977s|  6300 |  6301 | 10388k|1643.2 |   326M |  69 |1502 | 501 |1432 |  74k|  2 |   0 |1024 |-2.456293e+01 |      --      |    Inf | unknown
 6054s|  6400 |  6401 | 10530k|1639.8 |   327M |  69 |1502 | 501 |1382 |  75k|  2 |   0 |1024 |-2.456293e+01 |      --      |    Inf | unknown
 6139s|  6500 |  6501 | 10696k|1640.1 |   328M |  69 |1502 | 501 |1548 |  76k|  2 |   0 |1030 |-2.456293e+01 |      --      |    Inf | unknown
 6225s|  6600 |  6601 | 10858k|1639.8 |   329M |  69 |1502 | 501 |1475 |  77k|  2 |   0 |1037 |-2.456293e+01 |      --      |    Inf | unknown
 6325s|  6700 |  6701 | 11046k|1643.4 |   331M |  69 |1502 | 501 |1497 |  79k|  2 |   0 |1041 |-2.456293e+01 |      --      |    Inf | unknown
 6424s|  6800 |  6801 | 11235k|1646.9 |   331M |  69 |1502 | 501 |1345 |  80k|  2 |   0 |1051 |-2.456293e+01 |      --      |    Inf | unknown
 6497s|  6900 |  6901 | 11373k|1643.0 |   331M |  69 |1502 | 501 |1514 |  81k|  2 |   0 |1051 |-2.456293e+01 |      --      |    Inf | unknown
 6578s|  7000 |  7001 | 11532k|1642.4 |   331M |  69 |1502 | 501 |1512 |  82k|  2 |   0 |1052 |-2.456293e+01 |      --      |    Inf | unknown
 6702s|  7100 |  7101 | 11767k|1652.3 |   333M |  69 |1502 | 501 |1575 |  84k|  3 |   0 |1066 |-2.456293e+01 |      --      |    Inf | unknown
 6779s|  7200 |  7201 | 11910k|1649.2 |   334M |  69 |1502 | 501 |1463 |  85k|  2 |   0 |1066 |-2.456293e+01 |      --      |    Inf | unknown
 6881s|  7300 |  7301 | 12109k|1653.9 |   334M |  69 |1502 | 501 |1384 |  86k|  2 |   0 |1074 |-2.456293e+01 |      --      |    Inf | unknown
 6962s|  7400 |  7401 | 12250k|1650.6 |   334M |  69 |1502 | 501 |1505 |  87k|  2 |   0 |1085 |-2.456293e+01 |      --      |    Inf | unknown
 time | node  | left  |LP iter|LP it/n|mem/heur|mdpt |vars |cons |rows |cuts |sepa|confs|strbr|  dualbound   | primalbound  |  gap   | compl. 
 7066s|  7500 |  7501 | 12439k|1653.7 |   335M |  69 |1502 | 501 |1537 |  89k|  2 |   0 |1091 |-2.456293e+01 |      --      |    Inf | unknown
 7158s|  7600 |  7601 | 12611k|1654.7 |   337M |  69 |1502 | 501 |1400 |  90k|  2 |   0 |1094 |-2.456293e+01 |      --      |    Inf | unknown
 7266s|  7700 |  7701 | 12818k|1660.0 |   337M |  69 |1502 | 501 |1407 |  91k|  2 |   0 |1103 |-2.456293e+01 |      --      |    Inf | unknown
 7367s|  7800 |  7801 | 13016k|1664.1 |   337M |  69 |1502 | 501 |1589 |  93k|  4 |   0 |1107 |-2.456293e+01 |      --      |    Inf | unknown
 7453s|  7900 |  7901 | 13175k|1663.2 |   338M |  69 |1502 | 501 |1485 |  94k|  1 |   0 |1111 |-2.456293e+01 |      --      |    Inf | unknown
 7541s|  8000 |  8001 | 13347k|1663.9 |   339M |  69 |1502 | 501 |1422 |  95k|  2 |   0 |1117 |-2.456293e+01 |      --      |    Inf | unknown
 7623s|  8100 |  8101 | 13501k|1662.3 |   340M |  69 |1502 | 501 |1392 |  96k|  2 |   0 |1117 |-2.456293e+01 |      --      |    Inf | unknown
 7715s|  8200 |  8201 | 13679k|1663.8 |   341M |  69 |1502 | 501 |1389 |  97k|  4 |   0 |1120 |-2.456293e+01 |      --      |    Inf | unknown
 7795s|  8300 |  8301 | 13827k|1661.6 |   341M |  69 |1502 | 501 |1484 |  99k|  1 |   0 |1127 |-2.456293e+01 |      --      |    Inf | unknown
 7876s|  8400 |  8401 | 13979k|1659.9 |   342M |  69 |1502 | 501 |1465 | 100k|  2 |   0 |1130 |-2.456293e+01 |      --      |    Inf | unknown
 7977s|  8500 |  8501 | 14190k|1665.2 |   343M |  69 |1502 | 501 |1329 | 101k|  2 |   0 |1131 |-2.456293e+01 |      --      |    Inf | unknown
 8079s|  8600 |  8601 | 14387k|1668.8 |   344M |  69 |1502 | 501 |1345 | 102k|  1 |   0 |1140 |-2.456293e+01 |      --      |    Inf | unknown
 8174s|  8700 |  8701 | 14576k|1671.2 |   344M |  69 |1502 | 501 |1613 | 104k|  1 |   0 |1142 |-2.456293e+01 |      --      |    Inf | unknown
 8276s|  8800 |  8801 | 14763k|1673.6 |   344M |  69 |1502 | 501 |1559 | 105k|  5 |   0 |1152 |-2.456293e+01 |      --      |    Inf | unknown
 8373s|  8900 |  8901 | 14953k|1676.1 |   346M |  69 |1502 | 501 |1499 | 107k|  4 |   0 |1158 |-2.456293e+01 |      --      |    Inf | unknown
 time | node  | left  |LP iter|LP it/n|mem/heur|mdpt |vars |cons |rows |cuts |sepa|confs|strbr|  dualbound   | primalbound  |  gap   | compl. 
 8475s|  9000 |  9001 | 15161k|1680.5 |   346M |  69 |1502 | 501 |1458 | 108k|  2 |   0 |1158 |-2.456293e+01 |      --      |    Inf | unknown
 8564s|  9100 |  9101 | 15332k|1681.0 |   348M |  69 |1502 | 501 |1322 | 109k|  2 |   0 |1163 |-2.456293e+01 |      --      |    Inf | unknown
 8648s|  9200 |  9201 | 15491k|1679.9 |   348M |  69 |1502 | 501 |1521 | 110k|  2 |   0 |1164 |-2.456293e+01 |      --      |    Inf | unknown
 8721s|  9300 |  9301 | 15623k|1676.0 |   350M |  69 |1502 | 501 |1388 | 111k|  2 |   0 |1166 |-2.456293e+01 |      --      |    Inf | unknown
 8809s|  9400 |  9401 | 15803k|1677.3 |   350M |  69 |1502 | 501 |1387 | 112k|  2 |   0 |1171 |-2.456293e+01 |      --      |    Inf | unknown
 8889s|  9500 |  9501 | 15958k|1676.1 |   351M |  69 |1502 | 501 |1415 | 113k|  4 |   0 |1173 |-2.456293e+01 |      --      |    Inf | unknown
 8960s|  9600 |  9601 | 16089k|1672.2 |   351M |  71 |1502 | 501 |1590 | 114k|  1 |   0 |1177 |-2.456230e+01 |      --      |    Inf | unknown
 9047s|  9700 |  9701 | 16256k|1672.2 |   352M |  71 |1502 | 501 |1516 | 115k|  4 |   0 |1179 |-2.456230e+01 |      --      |    Inf | unknown
 9136s|  9800 |  9801 | 16426k|1672.5 |   353M |  71 |1502 | 501 |1310 | 116k|  1 |   0 |1184 |-2.456230e+01 |      --      |    Inf | unknown
 9227s|  9900 |  9901 | 16603k|1673.5 |   353M |  71 |1502 | 501 |1600 | 117k|  2 |   0 |1184 |-2.456230e+01 |      --      |    Inf | unknown
 9325s| 10000 | 10001 | 16788k|1675.3 |   353M |  71 |1502 | 501 |1558 | 119k|  2 |   0 |1191 |-2.456229e+01 |      --      |    Inf | unknown
 9411s| 10100 | 10101 | 16956k|1675.3 |   353M |  71 |1502 | 501 |1500 | 120k|  4 |   0 |1196 |-2.456229e+01 |      --      |    Inf | unknown
 9499s| 10200 | 10201 | 17123k|1675.2 |   353M |  71 |1502 | 501 |1368 | 121k|  3 |   0 |1196 |-2.456229e+01 |      --      |    Inf | unknown
 9567s| 10300 | 10301 | 17255k|1671.8 |   355M |  73 |1502 | 501 |1514 | 122k|  1 |   0 |1200 |-2.456229e+01 |      --      |    Inf | unknown
 9663s| 10400 | 10401 | 17440k|1673.5 |   355M |  73 |1502 | 501 |1354 | 123k|  2 |   0 |1209 |-2.456118e+01 |      --      |    Inf | unknown
 time | node  | left  |LP iter|LP it/n|mem/heur|mdpt |vars |cons |rows |cuts |sepa|confs|strbr|  dualbound   | primalbound  |  gap   | compl. 
 9769s| 10500 | 10501 | 17649k|1677.5 |   355M |  73 |1502 | 501 |1628 | 125k|  3 |   0 |1212 |-2.456118e+01 |      --      |    Inf | unknown
 9846s| 10600 | 10601 | 17798k|1675.6 |   355M |  73 |1502 | 501 |1602 | 126k|  3 |   0 |1213 |-2.456113e+01 |      --      |    Inf | unknown
 9943s| 10700 | 10701 | 17985k|1677.5 |   357M |  73 |1502 | 501 |1437 | 127k|  2 |   0 |1221 |-2.456090e+01 |      --      |    Inf | unknown
  167m| 10800 | 10801 | 18105k|1673.1 |   357M |  73 |1502 | 501 |1462 | 128k|  2 |   0 |1231 |-2.456090e+01 |      --      |    Inf | unknown
  168m| 10900 | 10901 | 18275k|1673.4 |   358M |  73 |1502 | 501 |1351 | 129k|  2 |   0 |1232 |-2.456064e+01 |      --      |    Inf | unknown
  170m| 11000 | 11001 | 18449k|1673.9 |   358M |  73 |1502 | 501 |1342 | 131k|  2 |   0 |1232 |-2.456064e+01 |      --      |    Inf | unknown
  171m| 11100 | 11101 | 18606k|1673.0 |   358M |  75 |1502 | 501 |1524 | 132k|  2 |   0 |1239 |-2.456064e+01 |      --      |    Inf | unknown
  173m| 11200 | 11201 | 18809k|1676.2 |   359M |  75 |1502 | 501 |1459 | 133k|  4 |   0 |1242 |-2.456033e+01 |      --      |    Inf | unknown
  174m| 11300 | 11301 | 18966k|1675.2 |   359M |  75 |1502 | 501 |1533 | 134k|  5 |   0 |1243 |-2.456033e+01 |      --      |    Inf | unknown
  176m| 11400 | 11401 | 19179k|1679.2 |   360M |  75 |1502 | 501 |1497 | 136k|  3 |   0 |1252 |-2.456033e+01 |      --      |    Inf | unknown
  178m| 11500 | 11501 | 19354k|1679.8 |   361M |  75 |1502 | 501 |1540 | 137k|  2 |   0 |1255 |-2.456033e+01 |      --      |    Inf | unknown
  179m| 11600 | 11601 | 19524k|1680.0 |   361M |  75 |1502 | 501 |1379 | 138k|  2 |   0 |1256 |-2.455993e+01 |      --      |    Inf | unknown

SCIP Status        : solving was interrupted [time limit reached]
Solving Time (sec) : 10800.02
Solving Nodes      : 11681
Primal Bound       : +1.00000000000000e+20 (0 solutions)
Dual Bound         : -2.45599317740283e+01
Gap                : infinite

