Solver command line: ['/cvmfs/soft.computecanada.ca/easybuild/software/2023/x86-64-v4/Compiler/gcc12/scipoptsuite/9.0.0/bin/scip', '/tmp/tmpvrv600kn.pyomo', '-AMPL']

SCIP version 9.0.0 [precision: 8 byte] [memory: block] [mode: optimized] [LP solver: Soplex 7.0.0] [GitHash: 7205bedd94]
Copyright (c) 2002-2024 Zuse Institute Berlin (ZIB)

External libraries: 
  Readline 8.1         GNU library for command line editing (gnu.org/s/readline)
  Soplex 7.0.0         Linear Programming Solver developed at Zuse Institute Berlin (soplex.zib.de) [GitHash: 6657fb3b]
  CppAD 20180000.0     Algorithmic Differentiation of C++ algorithms developed by B. Bell (github.com/coin-or/CppAD)
  ZLIB 1.2.13          General purpose compression library by J. Gailly and M. Adler (zlib.net)
  GMP 6.2.1            GNU Multiple Precision Arithmetic Library developed by T. Granlund (gmplib.org)
  ZIMPL 3.5.3          Zuse Institute Mathematical Programming Language developed by T. Koch (zimpl.zib.de)
  AMPL/MP 690e9e7      AMPL .nl file reader library (github.com/ampl/mp)
  PaPILO 2.2.0         parallel presolve for integer and linear optimization (github.com/scipopt/papilo) (built with TBB) [GitHash: df30ae49]
  bliss 0.77           Computing Graph Automorphisms by T. Junttila and P. Kaski (users.aalto.fi/~tjunttil/bliss)
  sassy 1.1            Symmetry preprocessor by Markus Anders (github.com/markusa4/sassy)
  Ipopt 3.14.14        Interior Point Optimizer developed by A. Waechter et.al. (github.com/coin-or/Ipopt)

reading user parameter file <scip.set>
===========================

limits/time = 10800

read problem </tmp/tmpvrv600kn.pyomo.nl>
============

original problem has 501 variables (0 bin, 500 int, 0 impl, 1 cont) and 501 constraints

solve problem
=============

presolving:
   (0.1s) symmetry computation started: requiring (bin +, int +, cont +), (fixed: bin -, int -, cont -)
   (0.2s) no symmetry present (symcode time: 0.01)
presolving (1 rounds: 1 fast, 1 medium, 1 exhaustive):
 0 deleted vars, 0 deleted constraints, 0 added constraints, 1 tightened bounds, 0 added holes, 0 changed sides, 0 changed coefficients
 0 implications, 0 cliques
presolved problem has 501 variables (0 bin, 500 int, 0 impl, 1 cont) and 501 constraints
    500 constraints of type <linear>
      1 constraints of type <nonlinear>
Presolving Time: 0.17

 time | node  | left  |LP iter|LP it/n|mem/heur|mdpt |vars |cons |rows |cuts |sepa|confs|strbr|  dualbound   | primalbound  |  gap   | compl. 
  1.4s|     1 |     0 |   368 |     - |   138M |   0 |1502 | 501 |1501 |   0 |  0 |   0 |   0 |-2.477245e+01 |      --      |    Inf | unknown
  7.9s|     1 |     0 |  6572 |     - |   139M |   0 |1502 | 501 |1869 | 368 |  1 |   0 |   0 |-2.477245e+01 |      --      |    Inf | unknown
 17.2s|     1 |     0 | 17768 |     - |   155M |   0 |1502 | 501 |2247 | 746 |  2 |   0 |   0 |-2.470112e+01 |      --      |    Inf | unknown
 23.8s|     1 |     0 | 28398 |     - |   166M |   0 |1502 | 501 |2452 | 951 |  3 |   0 |   0 |-2.461259e+01 |      --      |    Inf | unknown
 27.6s|     1 |     0 | 35082 |     - |   176M |   0 |1502 | 501 |2516 |1015 |  4 |   0 |   0 |-2.458817e+01 |      --      |    Inf | unknown
 29.8s|     1 |     0 | 38173 |     - |   191M |   0 |1502 | 501 |2538 |1037 |  5 |   0 |   0 |-2.458519e+01 |      --      |    Inf | unknown
 30.7s|     1 |     0 | 38446 |     - |   208M |   0 |1502 | 501 |2542 |1041 |  6 |   0 |   0 |-2.458501e+01 |      --      |    Inf | unknown
 31.6s|     1 |     0 | 38698 |     - |   213M |   0 |1502 | 501 |2545 |1044 |  7 |   0 |   0 |-2.458492e+01 |      --      |    Inf | unknown
 32.6s|     1 |     0 | 38858 |     - |   224M |   0 |1502 | 501 |2546 |1045 |  8 |   0 |   0 |-2.458488e+01 |      --      |    Inf | unknown
 33.7s|     1 |     0 | 39113 |     - |   245M |   0 |1502 | 501 |2547 |1046 |  9 |   0 |   0 |-2.458485e+01 |      --      |    Inf | unknown
 34.7s|     1 |     0 | 39250 |     - |   252M |   0 |1502 | 501 |2549 |1048 | 10 |   0 |   0 |-2.458483e+01 |      --      |    Inf | unknown
 35.3s|     1 |     0 | 39340 |     - |   252M |   0 |1502 | 501 |1405 |1049 | 11 |   0 |   0 |-2.458482e+01 |      --      |    Inf | unknown
 35.9s|     1 |     0 | 39369 |     - |   252M |   0 |1502 | 501 |1407 |1051 | 12 |   0 |   0 |-2.458482e+01 |      --      |    Inf | unknown
 36.5s|     1 |     0 | 39386 |     - |   252M |   0 |1502 | 501 |1409 |1053 | 13 |   0 |   0 |-2.458482e+01 |      --      |    Inf | unknown
 37.1s|     1 |     0 | 39402 |     - |   253M |   0 |1502 | 501 |1411 |1055 | 14 |   0 |   0 |-2.458482e+01 |      --      |    Inf | unknown
 time | node  | left  |LP iter|LP it/n|mem/heur|mdpt |vars |cons |rows |cuts |sepa|confs|strbr|  dualbound   | primalbound  |  gap   | compl. 
 37.7s|     1 |     0 | 39422 |     - |   253M |   0 |1502 | 501 |1412 |1056 | 15 |   0 |   0 |-2.458482e+01 |      --      |    Inf | unknown
 82.1s|     1 |     2 | 49292 |     - |   253M |   0 |1502 | 501 |1412 |1056 | 15 |   0 |  24 |-2.458432e+01 |      --      |    Inf | unknown
  327s|   100 |   101 |252605 |2153.4 |   264M |  17 |1502 | 501 |1328 |2571 |  3 |   0 | 336 |-2.458421e+01 |      --      |    Inf | unknown
  475s|   200 |   201 |429935 |1962.4 |   265M |  33 |1502 | 501 |1314 |3656 |  2 |   0 | 420 |-2.458421e+01 |      --      |    Inf | unknown
  591s|   300 |   301 |578176 |1801.9 |   265M |  33 |1502 | 501 |1318 |4977 |  2 |   0 | 463 |-2.458421e+01 |      --      |    Inf | unknown
  683s|   400 |   401 |726029 |1720.8 |   259M |  33 |1502 | 501 |1301 |5986 |  2 |   0 | 488 |-2.458421e+01 |      --      |    Inf | unknown
  783s|   500 |   501 |860725 |1645.9 |   260M |  33 |1502 | 501 |1377 |6972 |  3 |   0 | 519 |-2.458421e+01 |      --      |    Inf | unknown
  870s|   600 |   601 |  1002k|1607.8 |   261M |  33 |1502 | 501 |1303 |7819 |  2 |   0 | 523 |-2.458421e+01 |      --      |    Inf | unknown
  957s|   700 |   701 |  1101k|1519.0 |   263M |  33 |1502 | 501 |1251 |8847 |  2 |   0 | 546 |-2.458421e+01 |      --      |    Inf | unknown
 1039s|   800 |   801 |  1228k|1488.6 |   264M |  35 |1502 | 501 |1367 |9676 |  2 |   0 | 551 |-2.458421e+01 |      --      |    Inf | unknown
 1133s|   900 |   901 |  1360k|1469.9 |   265M |  35 |1502 | 501 |1313 |  10k|  2 |   0 | 570 |-2.455915e+01 |      --      |    Inf | unknown
 1207s|  1000 |  1001 |  1485k|1447.7 |   266M |  35 |1502 | 501 |1273 |  11k|  2 |   0 | 579 |-2.455875e+01 |      --      |    Inf | unknown
 1291s|  1100 |  1101 |  1634k|1451.6 |   266M |  35 |1502 | 501 |1419 |  12k|  2 |   0 | 584 |-2.455875e+01 |      --      |    Inf | unknown
 1369s|  1200 |  1201 |  1776k|1449.1 |   268M |  39 |1502 | 501 |1345 |  14k|  2 |   0 | 587 |-2.455875e+01 |      --      |    Inf | unknown
 1438s|  1300 |  1301 |  1897k|1430.6 |   269M |  39 |1502 | 501 |1290 |  14k|  2 |   0 | 587 |-2.455860e+01 |      --      |    Inf | unknown
 time | node  | left  |LP iter|LP it/n|mem/heur|mdpt |vars |cons |rows |cuts |sepa|confs|strbr|  dualbound   | primalbound  |  gap   | compl. 
 1518s|  1400 |  1401 |  2043k|1432.7 |   269M |  39 |1502 | 501 |1376 |  15k|  2 |   0 | 592 |-2.455860e+01 |      --      |    Inf | unknown
 1605s|  1500 |  1501 |  2197k|1439.4 |   270M |  43 |1502 | 501 |1481 |  17k|  2 |   0 | 600 |-2.455860e+01 |      --      |    Inf | unknown
 1687s|  1600 |  1601 |  2342k|1440.4 |   272M |  45 |1502 | 501 |1419 |  18k|  2 |   0 | 609 |-2.455860e+01 |      --      |    Inf | unknown
 1779s|  1700 |  1701 |  2499k|1447.8 |   273M |  45 |1502 | 501 |1379 |  19k|  2 |   0 | 625 |-2.455779e+01 |      --      |    Inf | unknown
 1850s|  1800 |  1801 |  2616k|1432.3 |   275M |  45 |1502 | 501 |1304 |  20k|  2 |   0 | 630 |-2.455768e+01 |      --      |    Inf | unknown
 1941s|  1900 |  1901 |  2775k|1441.1 |   276M |  45 |1502 | 501 |1441 |  21k|  2 |   0 | 643 |-2.455678e+01 |      --      |    Inf | unknown
 2015s|  2000 |  2001 |  2899k|1430.6 |   276M |  45 |1502 | 501 |1329 |  22k|  2 |   0 | 653 |-2.455654e+01 |      --      |    Inf | unknown
 2105s|  2100 |  2101 |  3053k|1436.2 |   279M |  45 |1502 | 501 |1374 |  23k|  2 |   0 | 660 |-2.455639e+01 |      --      |    Inf | unknown
 2203s|  2200 |  2201 |  3220k|1446.6 |   280M |  45 |1502 | 501 |1419 |  25k|  4 |   0 | 673 |-2.455639e+01 |      --      |    Inf | unknown
 2308s|  2300 |  2301 |  3406k|1464.6 |   281M |  45 |1502 | 501 |1412 |  26k|  4 |   0 | 691 |-2.455496e+01 |      --      |    Inf | unknown
 2400s|  2400 |  2401 |  3567k|1470.7 |   283M |  49 |1502 | 501 |1276 |  27k|  2 |   0 | 702 |-2.455344e+01 |      --      |    Inf | unknown
 2480s|  2500 |  2501 |  3709k|1468.7 |   284M |  49 |1502 | 501 |1493 |  29k|  2 |   0 | 707 |-2.455344e+01 |      --      |    Inf | unknown
 2564s|  2600 |  2601 |  3844k|1464.1 |   285M |  51 |1502 | 501 |1356 |  30k|  2 |   0 | 729 |-2.455270e+01 |      --      |    Inf | unknown
 2650s|  2700 |  2701 |  4002k|1468.3 |   286M |  51 |1502 | 501 |1293 |  31k|  2 |   0 | 731 |-2.455270e+01 |      --      |    Inf | unknown
 2745s|  2800 |  2801 |  4169k|1475.7 |   288M |  53 |1502 | 501 |1307 |  32k|  2 |   0 | 750 |-2.455235e+01 |      --      |    Inf | unknown
 time | node  | left  |LP iter|LP it/n|mem/heur|mdpt |vars |cons |rows |cuts |sepa|confs|strbr|  dualbound   | primalbound  |  gap   | compl. 
 2840s|  2900 |  2901 |  4349k|1486.6 |   289M |  53 |1502 | 501 |1455 |  34k|  2 |   0 | 758 |-2.455235e+01 |      --      |    Inf | unknown
 2929s|  3000 |  3001 |  4506k|1489.6 |   292M |  55 |1502 | 501 |1348 |  35k|  2 |   0 | 774 |-2.455185e+01 |      --      |    Inf | unknown
 3019s|  3100 |  3101 |  4661k|1491.5 |   293M |  55 |1502 | 501 |1511 |  36k|  2 |   0 | 786 |-2.455185e+01 |      --      |    Inf | unknown
 3098s|  3200 |  3201 |  4806k|1490.3 |   294M |  62 |1502 | 501 |1450 |  37k|  2 |   0 | 790 |-2.455185e+01 |      --      |    Inf | unknown
 3187s|  3300 |  3301 |  4953k|1489.5 |   294M |  69 |1502 | 501 |1518 |  39k|  3 |   0 | 806 |-2.455185e+01 |      --      |    Inf | unknown
 3252s|  3400 |  3401 |  5066k|1479.1 |   296M |  69 |1502 | 501 |1338 |  39k|  2 |   0 | 810 |-2.455185e+01 |      --      |    Inf | unknown
 3332s|  3500 |  3501 |  5215k|1479.2 |   296M |  69 |1502 | 501 |1469 |  40k|  3 |   0 | 811 |-2.455185e+01 |      --      |    Inf | unknown
 3424s|  3600 |  3601 |  5366k|1480.2 |   297M |  69 |1502 | 501 |1625 |  42k|  2 |   0 | 832 |-2.455185e+01 |      --      |    Inf | unknown
 3498s|  3700 |  3701 |  5495k|1475.0 |   297M |  69 |1502 | 501 |1606 |  42k|  2 |   0 | 835 |-2.455185e+01 |      --      |    Inf | unknown
 3567s|  3800 |  3801 |  5618k|1468.7 |   298M |  69 |1502 | 501 |1327 |  43k|  2 |   0 | 840 |-2.455185e+01 |      --      |    Inf | unknown
 3652s|  3900 |  3901 |  5778k|1471.9 |   300M |  69 |1502 | 501 |1378 |  45k|  2 |   0 | 852 |-2.455185e+01 |      --      |    Inf | unknown
 3741s|  4000 |  4001 |  5945k|1476.9 |   300M |  69 |1502 | 501 |1525 |  46k|  5 |   0 | 855 |-2.455185e+01 |      --      |    Inf | unknown
 3807s|  4100 |  4101 |  6058k|1468.5 |   302M |  69 |1502 | 501 |1523 |  47k|  2 |   0 | 861 |-2.455185e+01 |      --      |    Inf | unknown
 3889s|  4200 |  4201 |  6214k|1470.6 |   302M |  69 |1502 | 501 |1505 |  48k|  4 |   0 | 866 |-2.455185e+01 |      --      |    Inf | unknown
 3957s|  4300 |  4301 |  6328k|1462.9 |   302M |  69 |1502 | 501 |1395 |  49k|  3 |   0 | 867 |-2.455185e+01 |      --      |    Inf | unknown
 time | node  | left  |LP iter|LP it/n|mem/heur|mdpt |vars |cons |rows |cuts |sepa|confs|strbr|  dualbound   | primalbound  |  gap   | compl. 
 4048s|  4400 |  4401 |  6486k|1465.7 |   304M |  69 |1502 | 501 |1453 |  50k|  3 |   0 | 888 |-2.455185e+01 |      --      |    Inf | unknown
 4138s|  4500 |  4501 |  6645k|1468.3 |   305M |  69 |1502 | 501 |1592 |  51k|  2 |   0 | 902 |-2.455185e+01 |      --      |    Inf | unknown
 4216s|  4600 |  4601 |  6780k|1465.8 |   306M |  69 |1502 | 501 |1506 |  52k|  4 |   0 | 907 |-2.455185e+01 |      --      |    Inf | unknown
 4300s|  4700 |  4701 |  6940k|1468.7 |   307M |  69 |1502 | 501 |1505 |  53k|  2 |   0 | 914 |-2.455185e+01 |      --      |    Inf | unknown
 4379s|  4800 |  4801 |  7087k|1468.6 |   308M |  69 |1502 | 501 |1343 |  54k|  1 |   0 | 921 |-2.455185e+01 |      --      |    Inf | unknown
 4463s|  4900 |  4901 |  7237k|1469.4 |   309M |  69 |1502 | 501 |1467 |  56k|  2 |   0 | 922 |-2.455185e+01 |      --      |    Inf | unknown
 4550s|  5000 |  5001 |  7384k|1469.2 |   309M |  69 |1502 | 501 |1534 |  57k|  2 |   0 | 941 |-2.455185e+01 |      --      |    Inf | unknown
 4640s|  5100 |  5101 |  7551k|1473.3 |   310M |  69 |1502 | 501 |1436 |  58k|  4 |   0 | 958 |-2.455185e+01 |      --      |    Inf | unknown
 4726s|  5200 |  5201 |  7704k|1474.3 |   310M |  69 |1502 | 501 |1455 |  59k|  2 |   0 | 962 |-2.455185e+01 |      --      |    Inf | unknown
 4820s|  5300 |  5301 |  7883k|1480.3 |   312M |  69 |1502 | 501 |1314 |  60k|  2 |   0 | 970 |-2.455185e+01 |      --      |    Inf | unknown
 4912s|  5400 |  5401 |  8048k|1483.5 |   312M |  69 |1502 | 501 |1536 |  62k|  3 |   0 | 983 |-2.455185e+01 |      --      |    Inf | unknown
 5009s|  5500 |  5501 |  8235k|1490.4 |   313M |  69 |1502 | 501 |1589 |  63k|  4 |   0 | 987 |-2.455185e+01 |      --      |    Inf | unknown
 5085s|  5600 |  5601 |  8372k|1488.4 |   313M |  69 |1502 | 501 |1471 |  64k|  2 |   0 | 992 |-2.455185e+01 |      --      |    Inf | unknown
 5176s|  5700 |  5701 |  8543k|1492.2 |   314M |  69 |1502 | 501 |1337 |  65k|  4 |   0 |1006 |-2.455185e+01 |      --      |    Inf | unknown
 5269s|  5800 |  5801 |  8725k|1497.9 |   316M |  69 |1502 | 501 |1429 |  66k|  4 |   0 |1007 |-2.455185e+01 |      --      |    Inf | unknown
 time | node  | left  |LP iter|LP it/n|mem/heur|mdpt |vars |cons |rows |cuts |sepa|confs|strbr|  dualbound   | primalbound  |  gap   | compl. 
 5361s|  5900 |  5901 |  8884k|1499.4 |   316M |  69 |1502 | 501 |1470 |  68k|  4 |   0 |1014 |-2.455185e+01 |      --      |    Inf | unknown
 5448s|  6000 |  6001 |  9045k|1501.2 |   316M |  69 |1502 | 501 |1478 |  69k|  2 |   0 |1023 |-2.455185e+01 |      --      |    Inf | unknown
 5543s|  6100 |  6101 |  9214k|1504.3 |   317M |  69 |1502 | 501 |1408 |  70k|  2 |   0 |1026 |-2.455185e+01 |      --      |    Inf | unknown
 5649s|  6200 |  6201 |  9406k|1511.1 |   318M |  69 |1502 | 501 |1316 |  71k|  2 |   0 |1038 |-2.455185e+01 |      --      |    Inf | unknown
 5752s|  6300 |  6301 |  9607k|1518.9 |   319M |  69 |1502 | 501 |1544 |  73k|  3 |   0 |1046 |-2.455185e+01 |      --      |    Inf | unknown
 5849s|  6400 |  6401 |  9799k|1525.2 |   319M |  69 |1502 | 501 |1488 |  74k|  2 |   0 |1051 |-2.455185e+01 |      --      |    Inf | unknown
 5962s|  6500 |  6501 | 10016k|1535.2 |   320M |  69 |1502 | 501 |1426 |  76k|  2 |   0 |1057 |-2.455185e+01 |      --      |    Inf | unknown
 6059s|  6600 |  6601 | 10199k|1539.7 |   323M |  69 |1502 | 501 |1417 |  77k|  2 |   0 |1059 |-2.455185e+01 |      --      |    Inf | unknown
 6156s|  6700 |  6701 | 10376k|1543.0 |   323M |  69 |1502 | 501 |1495 |  78k|  4 |   0 |1070 |-2.455185e+01 |      --      |    Inf | unknown
 6264s|  6800 |  6801 | 10587k|1551.4 |   325M |  69 |1502 | 501 |1593 |  80k|  4 |   0 |1075 |-2.455185e+01 |      --      |    Inf | unknown
 6365s|  6900 |  6901 | 10774k|1556.1 |   325M |  69 |1502 | 501 |1533 |  81k|  2 |   0 |1080 |-2.455185e+01 |      --      |    Inf | unknown
 6463s|  7000 |  7001 | 10959k|1560.3 |   328M |  69 |1502 | 501 |1388 |  83k|  2 |   0 |1095 |-2.455185e+01 |      --      |    Inf | unknown
 6569s|  7100 |  7101 | 11169k|1567.9 |   328M |  69 |1502 | 501 |1406 |  84k|  2 |   0 |1098 |-2.455185e+01 |      --      |    Inf | unknown
 6653s|  7200 |  7201 | 11317k|1566.6 |   328M |  69 |1502 | 501 |1497 |  85k|  2 |   0 |1103 |-2.455185e+01 |      --      |    Inf | unknown
 6757s|  7300 |  7301 | 11526k|1573.8 |   330M |  69 |1502 | 501 |1547 |  87k|  4 |   0 |1107 |-2.455185e+01 |      --      |    Inf | unknown
 time | node  | left  |LP iter|LP it/n|mem/heur|mdpt |vars |cons |rows |cuts |sepa|confs|strbr|  dualbound   | primalbound  |  gap   | compl. 
 6855s|  7400 |  7401 | 11704k|1576.6 |   331M |  69 |1502 | 501 |1521 |  88k|  2 |   0 |1111 |-2.455185e+01 |      --      |    Inf | unknown
 6944s|  7500 |  7501 | 11880k|1579.0 |   331M |  69 |1502 | 501 |1371 |  89k|  2 |   0 |1117 |-2.455185e+01 |      --      |    Inf | unknown
 7041s|  7600 |  7601 | 12068k|1582.9 |   332M |  69 |1502 | 501 |1575 |  91k|  4 |   0 |1120 |-2.455185e+01 |      --      |    Inf | unknown
 7156s|  7700 |  7701 | 12291k|1591.4 |   333M |  69 |1502 | 501 |1561 |  92k|  2 |   0 |1127 |-2.455185e+01 |      --      |    Inf | unknown
 7254s|  7800 |  7801 | 12485k|1595.9 |   334M |  69 |1502 | 501 |1419 |  94k|  2 |   0 |1130 |-2.455185e+01 |      --      |    Inf | unknown
 7349s|  7900 |  7901 | 12656k|1597.3 |   334M |  69 |1502 | 501 |1517 |  95k|  2 |   0 |1131 |-2.455185e+01 |      --      |    Inf | unknown
 7457s|  8000 |  8001 | 12873k|1604.4 |   335M |  69 |1502 | 501 |1372 |  96k|  1 |   0 |1140 |-2.455185e+01 |      --      |    Inf | unknown
 7534s|  8100 |  8101 | 13003k|1600.8 |   336M |  69 |1502 | 501 |1490 |  97k|  2 |   0 |1144 |-2.455185e+01 |      --      |    Inf | unknown
 7643s|  8200 |  8201 | 13220k|1607.6 |   337M |  69 |1502 | 501 |1520 |  99k|  4 |   0 |1145 |-2.455185e+01 |      --      |    Inf | unknown
 7746s|  8300 |  8301 | 13428k|1613.3 |   338M |  69 |1502 | 501 |1354 | 100k|  2 |   0 |1148 |-2.455185e+01 |      --      |    Inf | unknown
 7834s|  8400 |  8401 | 13592k|1613.6 |   339M |  69 |1502 | 501 |1364 | 102k|  3 |   0 |1148 |-2.455185e+01 |      --      |    Inf | unknown
 7938s|  8500 |  8501 | 13785k|1617.4 |   339M |  69 |1502 | 501 |1504 | 103k|  2 |   0 |1160 |-2.455185e+01 |      --      |    Inf | unknown
 8020s|  8600 |  8601 | 13928k|1615.2 |   339M |  69 |1502 | 501 |1555 | 104k|  2 |   0 |1166 |-2.455185e+01 |      --      |    Inf | unknown
 8106s|  8700 |  8701 | 14093k|1615.6 |   340M |  69 |1502 | 501 |1495 | 105k|  2 |   0 |1168 |-2.455185e+01 |      --      |    Inf | unknown
 8205s|  8800 |  8801 | 14271k|1617.4 |   340M |  69 |1502 | 501 |1464 | 107k|  4 |   0 |1174 |-2.455185e+01 |      --      |    Inf | unknown
 time | node  | left  |LP iter|LP it/n|mem/heur|mdpt |vars |cons |rows |cuts |sepa|confs|strbr|  dualbound   | primalbound  |  gap   | compl. 
 8296s|  8900 |  8901 | 14447k|1619.0 |   342M |  69 |1502 | 501 |1359 | 108k|  2 |   0 |1180 |-2.455185e+01 |      --      |    Inf | unknown
 8392s|  9000 |  9001 | 14627k|1621.1 |   343M |  69 |1502 | 501 |1627 | 109k|  3 |   0 |1183 |-2.455185e+01 |      --      |    Inf | unknown
 8479s|  9100 |  9101 | 14785k|1620.7 |   345M |  69 |1502 | 501 |1572 | 111k|  5 |   0 |1189 |-2.455185e+01 |      --      |    Inf | unknown
 8581s|  9200 |  9201 | 14981k|1624.4 |   345M |  69 |1502 | 501 |1411 | 112k|  2 |   0 |1198 |-2.455185e+01 |      --      |    Inf | unknown
 8671s|  9300 |  9301 | 15150k|1625.0 |   345M |  69 |1502 | 501 |1356 | 113k|  2 |   0 |1198 |-2.455185e+01 |      --      |    Inf | unknown
 8780s|  9400 |  9401 | 15362k|1630.3 |   345M |  69 |1502 | 501 |1506 | 115k|  2 |   0 |1201 |-2.455185e+01 |      --      |    Inf | unknown
 8866s|  9500 |  9501 | 15516k|1629.3 |   347M |  69 |1502 | 501 |1524 | 116k|  4 |   0 |1203 |-2.455185e+01 |      --      |    Inf | unknown
 8960s|  9600 |  9601 | 15702k|1631.7 |   347M |  69 |1502 | 501 |1505 | 117k|  5 |   0 |1203 |-2.455185e+01 |      --      |    Inf | unknown
 9061s|  9700 |  9701 | 15895k|1634.8 |   348M |  69 |1502 | 501 |1473 | 118k|  2 |   0 |1212 |-2.455185e+01 |      --      |    Inf | unknown
 9153s|  9800 |  9801 | 16065k|1635.5 |   348M |  69 |1502 | 501 |1305 | 119k|  2 |   0 |1215 |-2.455185e+01 |      --      |    Inf | unknown
 9230s|  9900 |  9901 | 16213k|1634.0 |   348M |  69 |1502 | 501 |1473 | 120k|  2 |   0 |1216 |-2.455185e+01 |      --      |    Inf | unknown
 9318s| 10000 | 10001 | 16371k|1633.3 |   350M |  69 |1502 | 501 |1566 | 122k|  3 |   0 |1229 |-2.455185e+01 |      --      |    Inf | unknown
 9391s| 10100 | 10101 | 16506k|1630.6 |   350M |  69 |1502 | 501 |1426 | 123k|  2 |   0 |1233 |-2.455185e+01 |      --      |    Inf | unknown
 9479s| 10200 | 10201 | 16679k|1631.5 |   351M |  69 |1502 | 501 |1448 | 124k|  2 |   0 |1234 |-2.455185e+01 |      --      |    Inf | unknown
 9562s| 10300 | 10301 | 16834k|1630.7 |   352M |  69 |1502 | 501 |1518 | 125k|  2 |   0 |1234 |-2.455185e+01 |      --      |    Inf | unknown
 time | node  | left  |LP iter|LP it/n|mem/heur|mdpt |vars |cons |rows |cuts |sepa|confs|strbr|  dualbound   | primalbound  |  gap   | compl. 
 9654s| 10400 | 10401 | 16996k|1630.6 |   353M |  69 |1502 | 501 |1553 | 126k|  2 |   0 |1242 |-2.455185e+01 |      --      |    Inf | unknown
 9730s| 10500 | 10501 | 17135k|1628.3 |   353M |  69 |1502 | 501 |1531 | 127k|  2 |   0 |1244 |-2.455185e+01 |      --      |    Inf | unknown
 9828s| 10600 | 10601 | 17327k|1631.2 |   354M |  69 |1502 | 501 |1521 | 128k|  4 |   0 |1247 |-2.455185e+01 |      --      |    Inf | unknown
 9931s| 10700 | 10701 | 17516k|1633.5 |   354M |  69 |1502 | 501 |1292 | 130k|  2 |   0 |1256 |-2.455185e+01 |      --      |    Inf | unknown
  167m| 10800 | 10801 | 17704k|1635.8 |   355M |  69 |1502 | 501 |1541 | 131k|  4 |   0 |1260 |-2.455185e+01 |      --      |    Inf | unknown
  169m| 10900 | 10901 | 17891k|1638.0 |   356M |  69 |1502 | 501 |1532 | 132k|  2 |   0 |1265 |-2.455185e+01 |      --      |    Inf | unknown
  170m| 11000 | 11001 | 18041k|1636.7 |   356M |  69 |1502 | 501 |1577 | 133k|  2 |   0 |1270 |-2.455185e+01 |      --      |    Inf | unknown
  172m| 11100 | 11101 | 18265k|1642.1 |   357M |  69 |1502 | 501 |1480 | 135k|  3 |   0 |1273 |-2.455185e+01 |      --      |    Inf | unknown
  173m| 11200 | 11201 | 18430k|1642.2 |   357M |  69 |1502 | 501 |1540 | 136k|  2 |   0 |1276 |-2.455185e+01 |      --      |    Inf | unknown
  175m| 11300 | 11301 | 18632k|1645.6 |   358M |  69 |1502 | 501 |1572 | 137k|  2 |   0 |1280 |-2.455185e+01 |      --      |    Inf | unknown
  177m| 11400 | 11401 | 18819k|1647.5 |   358M |  69 |1502 | 501 |1455 | 139k|  2 |   0 |1282 |-2.455185e+01 |      --      |    Inf | unknown
  179m| 11500 | 11501 | 19016k|1650.3 |   360M |  69 |1502 | 501 |1424 | 140k|  2 |   0 |1282 |-2.455185e+01 |      --      |    Inf | unknown

SCIP Status        : solving was interrupted [time limit reached]
Solving Time (sec) : 10800.00
Solving Nodes      : 11543
Primal Bound       : +1.00000000000000e+20 (0 solutions)
Dual Bound         : -2.45518540130745e+01
Gap                : infinite

