Solver command line: ['/cvmfs/soft.computecanada.ca/easybuild/software/2023/x86-64-v4/Compiler/gcc12/scipoptsuite/9.0.0/bin/scip', '/tmp/tmpijq8in82.pyomo', '-AMPL']

SCIP version 9.0.0 [precision: 8 byte] [memory: block] [mode: optimized] [LP solver: Soplex 7.0.0] [GitHash: 7205bedd94]
Copyright (c) 2002-2024 Zuse Institute Berlin (ZIB)

External libraries: 
  Readline 8.1         GNU library for command line editing (gnu.org/s/readline)
  Soplex 7.0.0         Linear Programming Solver developed at Zuse Institute Berlin (soplex.zib.de) [GitHash: 6657fb3b]
  CppAD 20180000.0     Algorithmic Differentiation of C++ algorithms developed by B. Bell (github.com/coin-or/CppAD)
  ZLIB 1.2.13          General purpose compression library by J. Gailly and M. Adler (zlib.net)
  GMP 6.2.1            GNU Multiple Precision Arithmetic Library developed by T. Granlund (gmplib.org)
  ZIMPL 3.5.3          Zuse Institute Mathematical Programming Language developed by T. Koch (zimpl.zib.de)
  AMPL/MP 690e9e7      AMPL .nl file reader library (github.com/ampl/mp)
  PaPILO 2.2.0         parallel presolve for integer and linear optimization (github.com/scipopt/papilo) (built with TBB) [GitHash: df30ae49]
  bliss 0.77           Computing Graph Automorphisms by T. Junttila and P. Kaski (users.aalto.fi/~tjunttil/bliss)
  sassy 1.1            Symmetry preprocessor by Markus Anders (github.com/markusa4/sassy)
  Ipopt 3.14.14        Interior Point Optimizer developed by A. Waechter et.al. (github.com/coin-or/Ipopt)

reading user parameter file <scip.set>
===========================

limits/time = 10800

read problem </tmp/tmpijq8in82.pyomo.nl>
============

original problem has 501 variables (0 bin, 500 int, 0 impl, 1 cont) and 501 constraints

solve problem
=============

presolving:
   (0.1s) symmetry computation started: requiring (bin +, int +, cont +), (fixed: bin -, int -, cont -)
   (0.2s) no symmetry present (symcode time: 0.01)
presolving (1 rounds: 1 fast, 1 medium, 1 exhaustive):
 0 deleted vars, 0 deleted constraints, 0 added constraints, 1 tightened bounds, 0 added holes, 0 changed sides, 0 changed coefficients
 0 implications, 0 cliques
presolved problem has 501 variables (0 bin, 500 int, 0 impl, 1 cont) and 501 constraints
    500 constraints of type <linear>
      1 constraints of type <nonlinear>
Presolving Time: 0.16

 time | node  | left  |LP iter|LP it/n|mem/heur|mdpt |vars |cons |rows |cuts |sepa|confs|strbr|  dualbound   | primalbound  |  gap   | compl. 
  1.4s|     1 |     0 |   359 |     - |   138M |   0 |1502 | 501 |1501 |   0 |  0 |   0 |   0 |-2.477245e+01 |      --      |    Inf | unknown
  9.9s|     1 |     0 | 10409 |     - |   139M |   0 |1502 | 501 |1860 | 359 |  1 |   0 |   0 |-2.477245e+01 |      --      |    Inf | unknown
 18.1s|     1 |     0 | 21437 |     - |   151M |   0 |1502 | 501 |2189 | 688 |  2 |   0 |   0 |-2.472088e+01 |      --      |    Inf | unknown
 22.8s|     1 |     0 | 31411 |     - |   167M |   0 |1502 | 501 |2398 | 897 |  3 |   0 |   0 |-2.462815e+01 |      --      |    Inf | unknown
 24.8s|     1 |     0 | 34182 |     - |   177M |   0 |1502 | 501 |2479 | 978 |  4 |   0 |   0 |-2.459898e+01 |      --      |    Inf | unknown
 25.9s|     1 |     0 | 34827 |     - |   191M |   0 |1502 | 501 |2504 |1003 |  5 |   0 |   0 |-2.459697e+01 |      --      |    Inf | unknown
 26.9s|     1 |     0 | 35077 |     - |   204M |   0 |1502 | 501 |2510 |1009 |  6 |   0 |   0 |-2.459666e+01 |      --      |    Inf | unknown
 27.9s|     1 |     0 | 35206 |     - |   212M |   0 |1502 | 501 |2512 |1011 |  7 |   0 |   0 |-2.459654e+01 |      --      |    Inf | unknown
 28.7s|     1 |     0 | 35348 |     - |   224M |   0 |1502 | 501 |2514 |1013 |  8 |   0 |   0 |-2.459645e+01 |      --      |    Inf | unknown
 29.6s|     1 |     0 | 35433 |     - |   227M |   0 |1502 | 501 |2515 |1014 |  9 |   0 |   0 |-2.459642e+01 |      --      |    Inf | unknown
 30.5s|     1 |     0 | 35531 |     - |   252M |   0 |1502 | 501 |2516 |1015 | 10 |   0 |   0 |-2.459640e+01 |      --      |    Inf | unknown
 31.1s|     1 |     0 | 35579 |     - |   252M |   0 |1502 | 501 |1421 |1016 | 11 |   0 |   0 |-2.459639e+01 |      --      |    Inf | unknown
 31.6s|     1 |     0 | 35606 |     - |   252M |   0 |1502 | 501 |1422 |1017 | 12 |   0 |   0 |-2.459639e+01 |      --      |    Inf | unknown
 32.1s|     1 |     0 | 35632 |     - |   252M |   0 |1502 | 501 |1423 |1018 | 13 |   0 |   0 |-2.459638e+01 |      --      |    Inf | unknown
 32.6s|     1 |     0 | 35666 |     - |   252M |   0 |1502 | 501 |1426 |1021 | 14 |   0 |   0 |-2.459638e+01 |      --      |    Inf | unknown
 time | node  | left  |LP iter|LP it/n|mem/heur|mdpt |vars |cons |rows |cuts |sepa|confs|strbr|  dualbound   | primalbound  |  gap   | compl. 
 84.6s|     1 |     2 | 53093 |     - |   252M |   0 |1502 | 501 |1426 |1021 | 14 |   0 |  29 |-2.459596e+01 |      --      |    Inf | unknown
  297s|   100 |   101 |219234 |1854.2 |   263M |  19 |1502 | 501 |1264 |2172 |  2 |   0 | 300 |-2.459596e+01 |      --      |    Inf | unknown
  436s|   200 |   201 |384076 |1750.8 |   264M |  31 |1502 | 501 |1311 |3263 |  2 |   0 | 378 |-2.458621e+01 |      --      |    Inf | unknown
  545s|   300 |   301 |504590 |1568.3 |   265M |  33 |1502 | 501 |1277 |4259 |  2 |   0 | 447 |-2.458323e+01 |      --      |    Inf | unknown
  629s|   400 |   401 |623253 |1472.6 |   260M |  35 |1502 | 501 |1249 |5071 |  2 |   0 | 482 |-2.458312e+01 |      --      |    Inf | unknown
  718s|   500 |   501 |744123 |1419.8 |   257M |  35 |1502 | 501 |1296 |5996 |  2 |   0 | 486 |-2.458312e+01 |      --      |    Inf | unknown
  806s|   600 |   601 |863697 |1382.4 |   258M |  39 |1502 | 501 |1322 |6765 |  2 |   0 | 514 |-2.458179e+01 |      --      |    Inf | unknown
  898s|   700 |   701 |  1003k|1384.2 |   258M |  41 |1502 | 501 |1328 |7685 |  2 |   0 | 528 |-2.458072e+01 |      --      |    Inf | unknown
  974s|   800 |   801 |  1119k|1356.8 |   260M |  41 |1502 | 501 |1311 |8472 |  2 |   0 | 539 |-2.458072e+01 |      --      |    Inf | unknown
 1063s|   900 |   901 |  1272k|1375.9 |   261M |  41 |1502 | 501 |1358 |9589 |  2 |   0 | 562 |-2.458049e+01 |      --      |    Inf | unknown
 1153s|  1000 |  1001 |  1412k|1378.4 |   261M |  43 |1502 | 501 |1448 |  10k|  2 |   0 | 575 |-2.457985e+01 |      --      |    Inf | unknown
 1263s|  1100 |  1101 |  1607k|1429.8 |   262M |  43 |1502 | 501 |1298 |  12k|  3 |   0 | 601 |-2.457985e+01 |      --      |    Inf | unknown
 1343s|  1200 |  1201 |  1757k|1435.8 |   263M |  43 |1502 | 501 |1385 |  13k|  2 |   0 | 601 |-2.457975e+01 |      --      |    Inf | unknown
 1428s|  1300 |  1301 |  1907k|1440.8 |   264M |  43 |1502 | 501 |1471 |  14k|  2 |   0 | 604 |-2.457975e+01 |      --      |    Inf | unknown
 1520s|  1400 |  1401 |  2075k|1458.4 |   266M |  45 |1502 | 501 |1311 |  15k|  2 |   0 | 612 |-2.457957e+01 |      --      |    Inf | unknown
 time | node  | left  |LP iter|LP it/n|mem/heur|mdpt |vars |cons |rows |cuts |sepa|confs|strbr|  dualbound   | primalbound  |  gap   | compl. 
 1609s|  1500 |  1501 |  2248k|1476.0 |   267M |  45 |1502 | 501 |1366 |  16k|  2 |   0 | 617 |-2.457929e+01 |      --      |    Inf | unknown
 1703s|  1600 |  1601 |  2418k|1490.4 |   268M |  45 |1502 | 501 |1379 |  18k|  3 |   0 | 628 |-2.457929e+01 |      --      |    Inf | unknown
 1780s|  1700 |  1701 |  2554k|1482.8 |   269M |  45 |1502 | 501 |1364 |  19k|  2 |   0 | 631 |-2.457718e+01 |      --      |    Inf | unknown
 1892s|  1800 |  1801 |  2752k|1510.1 |   270M |  45 |1502 | 501 |1549 |  20k|  2 |   0 | 658 |-2.457686e+01 |      --      |    Inf | unknown
 1978s|  1900 |  1901 |  2915k|1516.4 |   271M |  47 |1502 | 501 |1440 |  21k|  2 |   0 | 660 |-2.457493e+01 |      --      |    Inf | unknown
 2067s|  2000 |  2001 |  3061k|1513.5 |   273M |  49 |1502 | 501 |1488 |  23k|  2 |   0 | 683 |-2.457447e+01 |      --      |    Inf | unknown
 2167s|  2100 |  2101 |  3251k|1531.9 |   276M |  53 |1502 | 501 |1341 |  24k|  2 |   0 | 687 |-2.457375e+01 |      --      |    Inf | unknown
 2283s|  2200 |  2201 |  3462k|1558.4 |   276M |  53 |1502 | 501 |1231 |  26k|  2 |   0 | 701 |-2.457355e+01 |      --      |    Inf | unknown
 2372s|  2300 |  2301 |  3622k|1560.3 |   277M |  53 |1502 | 501 |1358 |  27k|  2 |   0 | 710 |-2.457321e+01 |      --      |    Inf | unknown
 2471s|  2400 |  2401 |  3799k|1569.1 |   279M |  53 |1502 | 501 |1344 |  28k|  2 |   0 | 718 |-2.457321e+01 |      --      |    Inf | unknown
 2569s|  2500 |  2501 |  3984k|1580.3 |   281M |  53 |1502 | 501 |1411 |  29k|  2 |   0 | 733 |-2.457259e+01 |      --      |    Inf | unknown
 2680s|  2600 |  2601 |  4171k|1591.4 |   282M |  53 |1502 | 501 |1376 |  31k|  2 |   0 | 742 |-2.457191e+01 |      --      |    Inf | unknown
 2779s|  2700 |  2701 |  4357k|1601.1 |   283M |  53 |1502 | 501 |1540 |  32k|  2 |   0 | 753 |-2.457191e+01 |      --      |    Inf | unknown
 2856s|  2800 |  2801 |  4489k|1591.4 |   284M |  53 |1502 | 501 |1394 |  33k|  5 |   0 | 757 |-2.457173e+01 |      --      |    Inf | unknown
 2956s|  2900 |  2901 |  4669k|1598.5 |   286M |  53 |1502 | 501 |1340 |  35k|  4 |   0 | 766 |-2.457158e+01 |      --      |    Inf | unknown
 time | node  | left  |LP iter|LP it/n|mem/heur|mdpt |vars |cons |rows |cuts |sepa|confs|strbr|  dualbound   | primalbound  |  gap   | compl. 
 3055s|  3000 |  3001 |  4850k|1605.6 |   287M |  53 |1502 | 501 |1385 |  36k|  2 |   0 | 773 |-2.457107e+01 |      --      |    Inf | unknown
 3144s|  3100 |  3101 |  5007k|1604.2 |   288M |  55 |1502 | 501 |1317 |  37k|  2 |   0 | 780 |-2.457107e+01 |      --      |    Inf | unknown
 3247s|  3200 |  3201 |  5176k|1607.1 |   288M |  55 |1502 | 501 |1472 |  39k|  2 |   0 | 790 |-2.457107e+01 |      --      |    Inf | unknown
 3344s|  3300 |  3301 |  5354k|1612.1 |   290M |  55 |1502 | 501 |1479 |  40k|  2 |   0 | 793 |-2.457093e+01 |      --      |    Inf | unknown
 3454s|  3400 |  3401 |  5547k|1621.7 |   291M |  55 |1502 | 501 |1438 |  41k|  4 |   0 | 813 |-2.457093e+01 |      --      |    Inf | unknown
 3534s|  3500 |  3501 |  5693k|1617.1 |   291M |  55 |1502 | 501 |1454 |  42k|  2 |   0 | 816 |-2.457093e+01 |      --      |    Inf | unknown
 3622s|  3600 |  3601 |  5848k|1615.1 |   292M |  57 |1502 | 501 |1356 |  44k|  2 |   0 | 827 |-2.457027e+01 |      --      |    Inf | unknown
 3714s|  3700 |  3701 |  6015k|1616.7 |   294M |  57 |1502 | 501 |1497 |  45k|  2 |   0 | 834 |-2.456906e+01 |      --      |    Inf | unknown
 3821s|  3800 |  3801 |  6216k|1626.9 |   295M |  59 |1502 | 501 |1437 |  46k|  2 |   0 | 838 |-2.456906e+01 |      --      |    Inf | unknown
 3909s|  3900 |  3901 |  6370k|1624.6 |   297M |  59 |1502 | 501 |1306 |  47k|  2 |   0 | 851 |-2.456906e+01 |      --      |    Inf | unknown
 3994s|  4000 |  4001 |  6523k|1622.4 |   298M |  59 |1502 | 501 |1331 |  49k|  2 |   0 | 853 |-2.456880e+01 |      --      |    Inf | unknown
 4109s|  4100 |  4101 |  6745k|1636.9 |   300M |  59 |1502 | 501 |1433 |  50k|  2 |   0 | 866 |-2.456880e+01 |      --      |    Inf | unknown
 4198s|  4200 |  4201 |  6904k|1635.7 |   301M |  59 |1502 | 501 |1477 |  51k|  2 |   0 | 867 |-2.456880e+01 |      --      |    Inf | unknown
 4310s|  4300 |  4301 |  7111k|1646.0 |   302M |  59 |1502 | 501 |1554 |  53k|  2 |   0 | 882 |-2.456880e+01 |      --      |    Inf | unknown
 4412s|  4400 |  4401 |  7302k|1652.0 |   303M |  59 |1502 | 501 |1377 |  54k|  2 |   0 | 889 |-2.456856e+01 |      --      |    Inf | unknown
 time | node  | left  |LP iter|LP it/n|mem/heur|mdpt |vars |cons |rows |cuts |sepa|confs|strbr|  dualbound   | primalbound  |  gap   | compl. 
 4495s|  4500 |  4501 |  7461k|1650.7 |   304M |  59 |1502 | 501 |1401 |  55k|  5 |   0 | 893 |-2.456856e+01 |      --      |    Inf | unknown
 4618s|  4600 |  4601 |  7680k|1662.3 |   307M |  59 |1502 | 501 |1507 |  56k|  4 |   0 | 905 |-2.456856e+01 |      --      |    Inf | unknown
 4713s|  4700 |  4701 |  7869k|1667.2 |   308M |  61 |1502 | 501 |1501 |  58k|  4 |   0 | 908 |-2.456820e+01 |      --      |    Inf | unknown
 4788s|  4800 |  4801 |  8003k|1660.2 |   308M |  61 |1502 | 501 |1477 |  59k|  4 |   0 | 916 |-2.456813e+01 |      --      |    Inf | unknown
 4882s|  4900 |  4901 |  8174k|1661.4 |   309M |  61 |1502 | 501 |1365 |  60k|  4 |   0 | 919 |-2.456813e+01 |      --      |    Inf | unknown
 4977s|  5000 |  5001 |  8348k|1663.0 |   309M |  65 |1502 | 501 |1353 |  61k|  2 |   0 | 922 |-2.456804e+01 |      --      |    Inf | unknown
 5064s|  5100 |  5101 |  8503k|1660.7 |   310M |  65 |1502 | 501 |1296 |  62k|  2 |   0 | 935 |-2.456768e+01 |      --      |    Inf | unknown
 5158s|  5200 |  5201 |  8678k|1662.5 |   311M |  65 |1502 | 501 |1575 |  63k|  4 |   0 | 936 |-2.456768e+01 |      --      |    Inf | unknown
 5232s|  5300 |  5301 |  8814k|1656.6 |   311M |  65 |1502 | 501 |1357 |  64k|  2 |   0 | 937 |-2.456725e+01 |      --      |    Inf | unknown
 5320s|  5400 |  5401 |  8976k|1656.1 |   312M |  65 |1502 | 501 |1516 |  66k|  3 |   0 | 943 |-2.456680e+01 |      --      |    Inf | unknown
 5412s|  5500 |  5501 |  9143k|1656.3 |   314M |  65 |1502 | 501 |1545 |  67k|  2 |   0 | 945 |-2.456680e+01 |      --      |    Inf | unknown
 5513s|  5600 |  5601 |  9327k|1659.5 |   314M |  65 |1502 | 501 |1504 |  68k|  2 |   0 | 955 |-2.456676e+01 |      --      |    Inf | unknown
 5616s|  5700 |  5701 |  9531k|1666.2 |   314M |  69 |1502 | 501 |1517 |  70k|  2 |   0 | 959 |-2.456655e+01 |      --      |    Inf | unknown
 5710s|  5800 |  5801 |  9709k|1668.2 |   315M |  69 |1502 | 501 |1337 |  71k|  2 |   0 | 961 |-2.456655e+01 |      --      |    Inf | unknown
 5819s|  5900 |  5901 |  9922k|1676.0 |   316M |  69 |1502 | 501 |1361 |  72k|  2 |   0 | 969 |-2.456638e+01 |      --      |    Inf | unknown
 time | node  | left  |LP iter|LP it/n|mem/heur|mdpt |vars |cons |rows |cuts |sepa|confs|strbr|  dualbound   | primalbound  |  gap   | compl. 
 5913s|  6000 |  6001 | 10090k|1676.0 |   316M |  69 |1502 | 501 |1624 |  74k|  1 |   0 | 972 |-2.456638e+01 |      --      |    Inf | unknown
 6011s|  6100 |  6101 | 10284k|1680.5 |   317M |  69 |1502 | 501 |1496 |  75k|  2 |   0 | 978 |-2.456611e+01 |      --      |    Inf | unknown
 6101s|  6200 |  6201 | 10447k|1679.6 |   317M |  69 |1502 | 501 |1395 |  76k|  2 |   0 | 979 |-2.456611e+01 |      --      |    Inf | unknown
 6180s|  6300 |  6301 | 10598k|1676.8 |   318M |  69 |1502 | 501 |1309 |  77k|  2 |   0 | 985 |-2.456589e+01 |      --      |    Inf | unknown
 6288s|  6400 |  6401 | 10803k|1682.7 |   320M |  69 |1502 | 501 |1601 |  79k|  1 |   0 | 992 |-2.456589e+01 |      --      |    Inf | unknown
 6376s|  6500 |  6501 | 10963k|1681.5 |   320M |  69 |1502 | 501 |1588 |  80k|  2 |   0 | 994 |-2.456573e+01 |      --      |    Inf | unknown
 6471s|  6600 |  6601 | 11144k|1683.4 |   322M |  69 |1502 | 501 |1393 |  81k|  2 |   0 |1006 |-2.456572e+01 |      --      |    Inf | unknown
 6561s|  6700 |  6701 | 11312k|1683.3 |   322M |  69 |1502 | 501 |1412 |  82k|  2 |   0 |1006 |-2.456572e+01 |      --      |    Inf | unknown
 6657s|  6800 |  6801 | 11495k|1685.5 |   324M |  69 |1502 | 501 |1333 |  84k|  2 |   0 |1011 |-2.456569e+01 |      --      |    Inf | unknown
 6738s|  6900 |  6901 | 11640k|1682.1 |   324M |  69 |1502 | 501 |1521 |  85k|  2 |   0 |1020 |-2.456569e+01 |      --      |    Inf | unknown
 6832s|  7000 |  7001 | 11814k|1683.0 |   324M |  69 |1502 | 501 |1511 |  86k|  2 |   0 |1023 |-2.456559e+01 |      --      |    Inf | unknown
 6931s|  7100 |  7101 | 12010k|1686.8 |   325M |  69 |1502 | 501 |1321 |  87k|  2 |   0 |1026 |-2.456559e+01 |      --      |    Inf | unknown
 7011s|  7200 |  7201 | 12156k|1683.7 |   326M |  69 |1502 | 501 |1425 |  89k|  2 |   0 |1032 |-2.456521e+01 |      --      |    Inf | unknown
 7097s|  7300 |  7301 | 12326k|1684.0 |   327M |  69 |1502 | 501 |1569 |  90k|  2 |   0 |1033 |-2.456521e+01 |      --      |    Inf | unknown
 7191s|  7400 |  7401 | 12499k|1684.5 |   327M |  69 |1502 | 501 |1525 |  91k|  2 |   0 |1039 |-2.456512e+01 |      --      |    Inf | unknown
 time | node  | left  |LP iter|LP it/n|mem/heur|mdpt |vars |cons |rows |cuts |sepa|confs|strbr|  dualbound   | primalbound  |  gap   | compl. 
 7275s|  7500 |  7501 | 12654k|1682.7 |   328M |  69 |1502 | 501 |1402 |  92k|  2 |   0 |1048 |-2.456504e+01 |      --      |    Inf | unknown
 7371s|  7600 |  7601 | 12850k|1686.3 |   328M |  69 |1502 | 501 |1424 |  93k|  3 |   0 |1049 |-2.456504e+01 |      --      |    Inf | unknown
 7450s|  7700 |  7701 | 12996k|1683.4 |   329M |  69 |1502 | 501 |1316 |  95k|  2 |   0 |1052 |-2.456478e+01 |      --      |    Inf | unknown
 7542s|  7800 |  7801 | 13159k|1682.7 |   330M |  69 |1502 | 501 |1584 |  96k|  2 |   0 |1062 |-2.456478e+01 |      --      |    Inf | unknown
 7642s|  7900 |  7901 | 13351k|1685.7 |   330M |  69 |1502 | 501 |1533 |  97k|  2 |   0 |1063 |-2.456466e+01 |      --      |    Inf | unknown
 7731s|  8000 |  8001 | 13532k|1687.3 |   331M |  69 |1502 | 501 |1400 |  99k|  2 |   0 |1067 |-2.456466e+01 |      --      |    Inf | unknown
 7812s|  8100 |  8101 | 13677k|1684.4 |   332M |  69 |1502 | 501 |1369 | 100k|  2 |   0 |1073 |-2.456424e+01 |      --      |    Inf | unknown
 7899s|  8200 |  8201 | 13834k|1682.9 |   333M |  69 |1502 | 501 |1532 | 101k|  2 |   0 |1075 |-2.456424e+01 |      --      |    Inf | unknown
 8003s|  8300 |  8301 | 14035k|1686.9 |   333M |  69 |1502 | 501 |1535 | 102k|  2 |   0 |1079 |-2.456406e+01 |      --      |    Inf | unknown
 8110s|  8400 |  8401 | 14232k|1690.3 |   334M |  69 |1502 | 501 |1362 | 104k|  2 |   0 |1093 |-2.456397e+01 |      --      |    Inf | unknown
 8198s|  8500 |  8501 | 14396k|1689.7 |   334M |  69 |1502 | 501 |1382 | 105k|  1 |   0 |1094 |-2.456397e+01 |      --      |    Inf | unknown
 8296s|  8600 |  8601 | 14579k|1691.4 |   335M |  69 |1502 | 501 |1256 | 106k|  2 |   0 |1095 |-2.456379e+01 |      --      |    Inf | unknown
 8391s|  8700 |  8701 | 14750k|1691.6 |   336M |  69 |1502 | 501 |1602 | 108k|  4 |   0 |1106 |-2.456379e+01 |      --      |    Inf | unknown
 8500s|  8800 |  8801 | 14961k|1696.3 |   337M |  69 |1502 | 501 |1433 | 109k|  2 |   0 |1112 |-2.456321e+01 |      --      |    Inf | unknown
 8599s|  8900 |  8901 | 15143k|1697.7 |   338M |  69 |1502 | 501 |1412 | 110k|  3 |   0 |1114 |-2.456321e+01 |      --      |    Inf | unknown
 time | node  | left  |LP iter|LP it/n|mem/heur|mdpt |vars |cons |rows |cuts |sepa|confs|strbr|  dualbound   | primalbound  |  gap   | compl. 
 8689s|  9000 |  9001 | 15312k|1697.6 |   339M |  69 |1502 | 501 |1267 | 111k|  2 |   0 |1123 |-2.456306e+01 |      --      |    Inf | unknown
 8772s|  9100 |  9101 | 15461k|1695.3 |   341M |  69 |1502 | 501 |1537 | 113k|  2 |   0 |1126 |-2.456306e+01 |      --      |    Inf | unknown
 8849s|  9200 |  9201 | 15605k|1692.5 |   341M |  69 |1502 | 501 |1505 | 114k|  3 |   0 |1129 |-2.456296e+01 |      --      |    Inf | unknown
 8939s|  9300 |  9301 | 15773k|1692.5 |   342M |  69 |1502 | 501 |1419 | 115k|  5 |   0 |1129 |-2.456282e+01 |      --      |    Inf | unknown
 9029s|  9400 |  9401 | 15941k|1692.3 |   343M |  69 |1502 | 501 |1433 | 116k|  3 |   0 |1134 |-2.456282e+01 |      --      |    Inf | unknown
 9117s|  9500 |  9501 | 16106k|1691.8 |   343M |  69 |1502 | 501 |1303 | 117k|  2 |   0 |1136 |-2.456281e+01 |      --      |    Inf | unknown
 9203s|  9600 |  9601 | 16261k|1690.4 |   343M |  69 |1502 | 501 |1597 | 119k|  2 |   0 |1140 |-2.456281e+01 |      --      |    Inf | unknown
 9305s|  9700 |  9701 | 16465k|1694.0 |   344M |  69 |1502 | 501 |1426 | 120k|  1 |   0 |1145 |-2.456256e+01 |      --      |    Inf | unknown
 9407s|  9800 |  9801 | 16655k|1696.1 |   345M |  69 |1502 | 501 |1446 | 121k|  4 |   0 |1148 |-2.456256e+01 |      --      |    Inf | unknown
 9501s|  9900 |  9901 | 16842k|1697.8 |   346M |  71 |1502 | 501 |1312 | 122k|  2 |   0 |1149 |-2.456219e+01 |      --      |    Inf | unknown
 9582s| 10000 | 10001 | 16992k|1695.8 |   346M |  71 |1502 | 501 |1497 | 124k|  3 |   0 |1155 |-2.456219e+01 |      --      |    Inf | unknown
 9673s| 10100 | 10101 | 17162k|1695.9 |   346M |  71 |1502 | 501 |1510 | 125k|  2 |   0 |1155 |-2.456219e+01 |      --      |    Inf | unknown
 9771s| 10200 | 10201 | 17349k|1697.6 |   346M |  71 |1502 | 501 |1405 | 126k|  3 |   0 |1157 |-2.456145e+01 |      --      |    Inf | unknown
 9860s| 10300 | 10301 | 17512k|1696.9 |   348M |  71 |1502 | 501 |1607 | 127k|  5 |   0 |1163 |-2.456145e+01 |      --      |    Inf | unknown
 9965s| 10400 | 10401 | 17720k|1700.7 |   348M |  71 |1502 | 501 |1504 | 129k|  2 |   0 |1169 |-2.456145e+01 |      --      |    Inf | unknown
 time | node  | left  |LP iter|LP it/n|mem/heur|mdpt |vars |cons |rows |cuts |sepa|confs|strbr|  dualbound   | primalbound  |  gap   | compl. 
  168m| 10500 | 10501 | 17887k|1700.4 |   349M |  71 |1502 | 501 |1365 | 130k|  2 |   0 |1170 |-2.456145e+01 |      --      |    Inf | unknown
  169m| 10600 | 10601 | 18059k|1700.6 |   349M |  71 |1502 | 501 |1278 | 131k|  3 |   0 |1179 |-2.456132e+01 |      --      |    Inf | unknown
  170m| 10700 | 10701 | 18224k|1700.0 |   350M |  71 |1502 | 501 |1556 | 132k|  2 |   0 |1180 |-2.456132e+01 |      --      |    Inf | unknown
  172m| 10800 | 10801 | 18387k|1699.4 |   350M |  71 |1502 | 501 |1485 | 134k|  3 |   0 |1180 |-2.456132e+01 |      --      |    Inf | unknown
  173m| 10900 | 10901 | 18555k|1699.2 |   350M |  71 |1502 | 501 |1311 | 135k|  1 |   0 |1186 |-2.456132e+01 |      --      |    Inf | unknown
  175m| 11000 | 11001 | 18708k|1697.7 |   350M |  71 |1502 | 501 |1514 | 136k|  2 |   0 |1191 |-2.456129e+01 |      --      |    Inf | unknown
  176m| 11100 | 11101 | 18833k|1693.7 |   351M |  71 |1502 | 501 |1318 | 137k|  2 |   0 |1192 |-2.456129e+01 |      --      |    Inf | unknown
  177m| 11200 | 11201 | 18984k|1692.0 |   353M |  71 |1502 | 501 |1319 | 138k|  2 |   0 |1192 |-2.456129e+01 |      --      |    Inf | unknown
  179m| 11300 | 11301 | 19135k|1690.4 |   353M |  71 |1502 | 501 |1516 | 139k|  2 |   0 |1197 |-2.456129e+01 |      --      |    Inf | unknown

SCIP Status        : solving was interrupted [time limit reached]
Solving Time (sec) : 10800.03
Solving Nodes      : 11392
Primal Bound       : +1.00000000000000e+20 (0 solutions)
Dual Bound         : -2.45612818499711e+01
Gap                : infinite

