Solver command line: ['/cvmfs/soft.computecanada.ca/easybuild/software/2023/x86-64-v4/Compiler/gcc12/scipoptsuite/9.0.0/bin/scip', '/tmp/tmpz8sxietb.pyomo', '-AMPL']

SCIP version 9.0.0 [precision: 8 byte] [memory: block] [mode: optimized] [LP solver: Soplex 7.0.0] [GitHash: 7205bedd94]
Copyright (c) 2002-2024 Zuse Institute Berlin (ZIB)

External libraries: 
  Readline 8.1         GNU library for command line editing (gnu.org/s/readline)
  Soplex 7.0.0         Linear Programming Solver developed at Zuse Institute Berlin (soplex.zib.de) [GitHash: 6657fb3b]
  CppAD 20180000.0     Algorithmic Differentiation of C++ algorithms developed by B. Bell (github.com/coin-or/CppAD)
  ZLIB 1.2.13          General purpose compression library by J. Gailly and M. Adler (zlib.net)
  GMP 6.2.1            GNU Multiple Precision Arithmetic Library developed by T. Granlund (gmplib.org)
  ZIMPL 3.5.3          Zuse Institute Mathematical Programming Language developed by T. Koch (zimpl.zib.de)
  AMPL/MP 690e9e7      AMPL .nl file reader library (github.com/ampl/mp)
  PaPILO 2.2.0         parallel presolve for integer and linear optimization (github.com/scipopt/papilo) (built with TBB) [GitHash: df30ae49]
  bliss 0.77           Computing Graph Automorphisms by T. Junttila and P. Kaski (users.aalto.fi/~tjunttil/bliss)
  sassy 1.1            Symmetry preprocessor by Markus Anders (github.com/markusa4/sassy)
  Ipopt 3.14.14        Interior Point Optimizer developed by A. Waechter et.al. (github.com/coin-or/Ipopt)

reading user parameter file <scip.set>
===========================

limits/time = 10800

read problem </tmp/tmpz8sxietb.pyomo.nl>
============

original problem has 501 variables (0 bin, 500 int, 0 impl, 1 cont) and 501 constraints

solve problem
=============

1/1 feasible solution given by solution candidate storage, new primal bound 0.000000e+00

presolving:
   (0.1s) symmetry computation started: requiring (bin +, int +, cont +), (fixed: bin -, int -, cont -)
   (0.2s) no symmetry present (symcode time: 0.02)
presolving (1 rounds: 1 fast, 1 medium, 1 exhaustive):
 0 deleted vars, 0 deleted constraints, 0 added constraints, 1 tightened bounds, 0 added holes, 0 changed sides, 0 changed coefficients
 0 implications, 0 cliques
presolved problem has 501 variables (0 bin, 500 int, 0 impl, 1 cont) and 501 constraints
    500 constraints of type <linear>
      1 constraints of type <nonlinear>
Presolving Time: 0.18
transformed 1/1 original solutions to the transformed problem space

 time | node  | left  |LP iter|LP it/n|mem/heur|mdpt |vars |cons |rows |cuts |sepa|confs|strbr|  dualbound   | primalbound  |  gap   | compl. 
  3.2s|     1 |     0 |  4204 |     - |   133M |   0 |1502 | 501 |2500 |   0 |  0 |   0 |   0 |-2.477245e+01 | 0.000000e+00 |    Inf | unknown
  7.5s|     1 |     0 |  7359 |     - |   139M |   0 |1502 | 501 |3001 | 501 |  1 |   0 |   0 |-2.477245e+01 | 0.000000e+00 |    Inf | unknown
 13.1s|     1 |     0 | 19695 |     - |   159M |   0 |1502 | 501 |3491 | 991 |  2 |   0 |   0 |-2.477245e+01 | 0.000000e+00 |    Inf | unknown
 17.7s|     1 |     0 | 32436 |     - |   168M |   0 |1502 | 501 |3952 |1452 |  3 |   0 |   0 |-2.477245e+01 | 0.000000e+00 |    Inf | unknown
 23.4s|     1 |     0 | 45780 |     - |   171M |   0 |1502 | 501 |4386 |1886 |  4 |   0 |   0 |-2.477245e+01 | 0.000000e+00 |    Inf | unknown
 29.6s|     1 |     0 | 59541 |     - |   182M |   0 |1502 | 501 |4761 |2261 |  5 |   0 |   0 |-2.473786e+01 | 0.000000e+00 |    Inf | unknown
 30.6s|     1 |     0 | 59541 |     - |   182M |   0 |1502 | 501 |4761 |2261 |  5 |   0 |   0 |-2.473786e+01 | 0.000000e+00 |    Inf | unknown
 36.5s|     1 |     0 | 70389 |     - |   194M |   0 |1502 | 501 |5010 |2510 |  6 |   0 |   0 |-2.463022e+01 | 0.000000e+00 |    Inf | unknown
 37.5s|     1 |     0 | 70389 |     - |   194M |   0 |1502 | 501 |5010 |2510 |  6 |   0 |   0 |-2.463022e+01 | 0.000000e+00 |    Inf | unknown
 40.3s|     1 |     0 | 74505 |     - |   210M |   0 |1502 | 501 |5091 |2591 |  7 |   0 |   0 |-2.459690e+01 | 0.000000e+00 |    Inf | unknown
 41.1s|     1 |     0 | 74505 |     - |   210M |   0 |1502 | 501 |5091 |2591 |  7 |   0 |   0 |-2.459690e+01 | 0.000000e+00 |    Inf | unknown
 42.5s|     1 |     0 | 75121 |     - |   229M |   0 |1502 | 501 |5110 |2610 |  8 |   0 |   0 |-2.459338e+01 | 0.000000e+00 |    Inf | unknown
 44.5s|     1 |     0 | 75294 |     - |   243M |   0 |1502 | 501 |5117 |2617 |  9 |   0 |   0 |-2.459315e+01 | 0.000000e+00 |    Inf | unknown
 46.2s|     1 |     0 | 75335 |     - |   246M |   0 |1502 | 501 |3124 |2623 | 10 |   0 |   0 |-2.459312e+01 | 0.000000e+00 |    Inf | unknown
 47.7s|     1 |     0 | 75394 |     - |   247M |   0 |1502 | 501 |3127 |2626 | 11 |   0 |   0 |-2.459305e+01 | 0.000000e+00 |    Inf | unknown
 time | node  | left  |LP iter|LP it/n|mem/heur|mdpt |vars |cons |rows |cuts |sepa|confs|strbr|  dualbound   | primalbound  |  gap   | compl. 
 49.2s|     1 |     0 | 75421 |     - |   247M |   0 |1502 | 501 |3129 |2628 | 12 |   0 |   0 |-2.459304e+01 | 0.000000e+00 |    Inf | unknown
 50.6s|     1 |     0 | 75455 |     - |   247M |   0 |1502 | 501 |3132 |2631 | 13 |   0 |   0 |-2.459303e+01 | 0.000000e+00 |    Inf | unknown
 52.1s|     1 |     0 | 75466 |     - |   248M |   0 |1502 | 501 |3133 |2632 | 14 |   0 |   0 |-2.459303e+01 | 0.000000e+00 |    Inf | unknown
 53.5s|     1 |     0 | 75472 |     - |   248M |   0 |1502 | 501 |3134 |2633 | 15 |   0 |   0 |-2.459303e+01 | 0.000000e+00 |    Inf | unknown
 55.1s|     1 |     0 | 75473 |     - |   248M |   0 |1502 | 501 |1187 |2634 | 16 |   0 |   0 |-2.459303e+01 | 0.000000e+00 |    Inf | unknown
  207s|     1 |     0 |247879 |     - |   249M |   0 |1502 | 501 |1187 |2634 | 17 |   0 |   0 |-2.459303e+01 | 0.000000e+00 |    Inf | unknown
  228s|     1 |     2 |264529 |     - |   249M |   0 |1502 | 501 |1187 |2634 | 18 |   0 |  22 |-2.459227e+01 | 0.000000e+00 |    Inf | unknown
  498s|   100 |   101 |503375 |4322.2 |   257M |  17 |1502 | 501 |1335 |4095 |  2 |   0 | 357 |-2.459227e+01 | 0.000000e+00 |    Inf | unknown
  635s|   200 |   201 |674118 |3008.3 |   258M |  37 |1502 | 501 |1339 |4732 |  2 |   0 | 421 |-2.459227e+01 | 0.000000e+00 |    Inf | unknown
  743s|   300 |   301 |818855 |2486.2 |   259M |  37 |1502 | 501 |1372 |5572 |  2 |   0 | 443 |-2.459227e+01 | 0.000000e+00 |    Inf | unknown
  820s|   400 |   401 |927686 |2135.9 |   255M |  37 |1502 | 501 |1332 |6248 |  2 |   0 | 448 |-2.459227e+01 | 0.000000e+00 |    Inf | unknown
  917s|   500 |   501 |  1071k|1996.3 |   254M |  37 |1502 | 501 |1340 |7259 |  2 |   0 | 488 |-2.459227e+01 | 0.000000e+00 |    Inf | unknown
 1051s|   600 |   601 |  1187k|1856.8 |   255M |  37 |1502 | 501 |1365 |7949 |  2 |   0 | 490 |-2.459227e+01 | 0.000000e+00 |    Inf | unknown
 1151s|   700 |   701 |  1334k|1800.6 |   256M |  37 |1502 | 501 |1335 |8981 |  2 |   0 | 522 |-2.459227e+01 | 0.000000e+00 |    Inf | unknown
 1240s|   800 |   801 |  1491k|1771.8 |   257M |  37 |1502 | 501 |1400 |9936 |  2 |   0 | 530 |-2.459227e+01 | 0.000000e+00 |    Inf | unknown
 time | node  | left  |LP iter|LP it/n|mem/heur|mdpt |vars |cons |rows |cuts |sepa|confs|strbr|  dualbound   | primalbound  |  gap   | compl. 
 1336s|   900 |   901 |  1638k|1739.0 |   258M |  37 |1502 | 501 |1401 |  11k|  3 |   0 | 557 |-2.459227e+01 | 0.000000e+00 |    Inf | unknown
 1424s|  1000 |  1001 |  1789k|1715.8 |   259M |  37 |1502 | 501 |1387 |  12k|  2 |   0 | 564 |-2.459227e+01 | 0.000000e+00 |    Inf | unknown
 1521s|  1100 |  1101 |  1959k|1714.4 |   259M |  37 |1502 | 501 |1372 |  13k|  2 |   0 | 566 |-2.459227e+01 | 0.000000e+00 |    Inf | unknown
 1609s|  1200 |  1201 |  2090k|1680.5 |   260M |  37 |1502 | 501 |1376 |  14k|  5 |   0 | 567 |-2.459227e+01 | 0.000000e+00 |    Inf | unknown
 1701s|  1300 |  1301 |  2242k|1668.6 |   263M |  37 |1502 | 501 |1437 |  15k|  3 |   0 | 570 |-2.459227e+01 | 0.000000e+00 |    Inf | unknown
 1784s|  1400 |  1401 |  2374k|1643.2 |   264M |  37 |1502 | 501 |1380 |  16k|  2 |   0 | 575 |-2.459227e+01 | 0.000000e+00 |    Inf | unknown
 1871s|  1500 |  1501 |  2514k|1627.3 |   265M |  37 |1502 | 501 |1459 |  17k|  3 |   0 | 578 |-2.459227e+01 | 0.000000e+00 |    Inf | unknown
 1955s|  1600 |  1601 |  2646k|1607.8 |   266M |  37 |1502 | 501 |1333 |  18k|  2 |   0 | 587 |-2.459227e+01 | 0.000000e+00 |    Inf | unknown
 2050s|  1700 |  1701 |  2787k|1596.5 |   266M |  37 |1502 | 501 |1412 |  19k|  2 |   0 | 597 |-2.459227e+01 | 0.000000e+00 |    Inf | unknown
 2163s|  1800 |  1801 |  2956k|1601.2 |   266M |  37 |1502 | 501 |1408 |  20k|  2 |   0 | 610 |-2.459227e+01 | 0.000000e+00 |    Inf | unknown
 2261s|  1900 |  1901 |  3100k|1592.9 |   267M |  37 |1502 | 501 |1408 |  21k|  2 |   0 | 616 |-2.459227e+01 | 0.000000e+00 |    Inf | unknown
 2361s|  2000 |  2001 |  3234k|1580.2 |   268M |  37 |1502 | 501 |1534 |  22k|  2 |   0 | 628 |-2.459227e+01 | 0.000000e+00 |    Inf | unknown
 2440s|  2100 |  2101 |  3360k|1565.2 |   268M |  69 |1502 | 501 |1475 |  23k|  2 |   0 | 635 |-2.459227e+01 | 0.000000e+00 |    Inf | unknown
 2541s|  2200 |  2201 |  3522k|1567.4 |   271M |  69 |1502 | 501 |1509 |  24k|  3 |   0 | 642 |-2.459227e+01 | 0.000000e+00 |    Inf | unknown
 2632s|  2300 |  2301 |  3663k|1560.7 |   273M |  69 |1502 | 501 |1383 |  26k|  2 |   0 | 654 |-2.459227e+01 | 0.000000e+00 |    Inf | unknown
 time | node  | left  |LP iter|LP it/n|mem/heur|mdpt |vars |cons |rows |cuts |sepa|confs|strbr|  dualbound   | primalbound  |  gap   | compl. 
 2723s|  2400 |  2401 |  3791k|1548.9 |   275M |  69 |1502 | 501 |1561 |  27k|  3 |   0 | 671 |-2.459227e+01 | 0.000000e+00 |    Inf | unknown
 2804s|  2500 |  2501 |  3932k|1543.5 |   276M |  69 |1502 | 503 |1449 |  28k|  1 |   2 | 672 |-2.459227e+01 | 0.000000e+00 |    Inf | unknown
 2898s|  2600 |  2601 |  4095k|1546.7 |   277M |  69 |1502 | 506 |1369 |  28k|  2 |   6 | 683 |-2.459227e+01 | 0.000000e+00 |    Inf | unknown
 2986s|  2700 |  2701 |  4239k|1542.8 |   279M |  69 |1502 | 508 |1374 |  29k|  2 |   8 | 693 |-2.459227e+01 | 0.000000e+00 |    Inf | unknown
 3080s|  2800 |  2801 |  4396k|1543.9 |   281M |  69 |1502 | 507 |1311 |  30k|  2 |   9 | 703 |-2.459227e+01 | 0.000000e+00 |    Inf | unknown
 3168s|  2900 |  2901 |  4543k|1541.3 |   282M |  69 |1502 | 505 |1509 |  31k|  2 |  11 | 714 |-2.459227e+01 | 0.000000e+00 |    Inf | unknown
 3260s|  3000 |  3001 |  4707k|1544.6 |   283M |  69 |1502 | 510 |1407 |  32k|  2 |  17 | 727 |-2.459227e+01 | 0.000000e+00 |    Inf | unknown
 3363s|  3100 |  3101 |  4905k|1558.5 |   284M |  69 |1502 | 508 |1449 |  33k|  2 |  17 | 737 |-2.459227e+01 | 0.000000e+00 |    Inf | unknown
 3433s|  3200 |  3201 |  5018k|1545.3 |   284M |  69 |1502 | 504 |1342 |  34k|  2 |  18 | 737 |-2.459227e+01 | 0.000000e+00 |    Inf | unknown
 3493s|  3300 |  3301 |  5119k|1528.8 |   286M |  69 |1502 | 502 |1497 |  34k|  1 |  18 | 746 |-2.459227e+01 | 0.000000e+00 |    Inf | unknown
 3576s|  3400 |  3401 |  5249k|1522.2 |   287M |  77 |1502 | 503 |1421 |  35k|  2 |  19 | 760 |-2.459227e+01 | 0.000000e+00 |    Inf | unknown
 3648s|  3500 |  3501 |  5380k|1516.2 |   289M |  77 |1502 | 503 |1333 |  36k|  2 |  20 | 761 |-2.459227e+01 | 0.000000e+00 |    Inf | unknown
 3727s|  3600 |  3601 |  5519k|1512.7 |   289M |  77 |1502 | 502 |1469 |  37k|  2 |  20 | 767 |-2.459227e+01 | 0.000000e+00 |    Inf | unknown
 3811s|  3700 |  3701 |  5667k|1511.7 |   290M |  77 |1502 | 502 |1378 |  38k|  2 |  21 | 774 |-2.459227e+01 | 0.000000e+00 |    Inf | unknown
 3885s|  3800 |  3801 |  5780k|1501.7 |   291M |  77 |1502 | 504 |1483 |  39k|  2 |  23 | 775 |-2.459227e+01 | 0.000000e+00 |    Inf | unknown
 time | node  | left  |LP iter|LP it/n|mem/heur|mdpt |vars |cons |rows |cuts |sepa|confs|strbr|  dualbound   | primalbound  |  gap   | compl. 
 3960s|  3900 |  3901 |  5910k|1496.6 |   291M |  77 |1502 | 506 |1392 |  40k|  2 |  25 | 786 |-2.459227e+01 | 0.000000e+00 |    Inf | unknown
 4041s|  4000 |  4001 |  6052k|1494.7 |   294M |  77 |1502 | 506 |1530 |  41k|  5 |  26 | 792 |-2.459227e+01 | 0.000000e+00 |    Inf | unknown
 4124s|  4100 |  4101 |  6193k|1492.6 |   296M |  77 |1502 | 504 |1337 |  42k|  2 |  26 | 796 |-2.459227e+01 | 0.000000e+00 |    Inf | unknown
 4198s|  4200 |  4201 |  6310k|1484.8 |   297M |  77 |1502 | 506 |1489 |  43k|  2 |  28 | 812 |-2.459227e+01 | 0.000000e+00 |    Inf | unknown
 4289s|  4300 |  4301 |  6483k|1490.5 |   298M |  77 |1502 | 503 |1341 |  44k|  2 |  28 | 814 |-2.459227e+01 | 0.000000e+00 |    Inf | unknown
 4371s|  4400 |  4401 |  6631k|1490.4 |   298M |  77 |1502 | 501 |1474 |  45k|  2 |  28 | 815 |-2.459227e+01 | 0.000000e+00 |    Inf | unknown
 4448s|  4500 |  4501 |  6748k|1483.2 |   300M |  77 |1502 | 501 |1322 |  46k|  2 |  28 | 824 |-2.459227e+01 | 0.000000e+00 |    Inf | unknown
 4515s|  4600 |  4601 |  6869k|1477.4 |   301M |  77 |1502 | 502 |1485 |  47k|  2 |  29 | 825 |-2.459227e+01 | 0.000000e+00 |    Inf | unknown
 4590s|  4700 |  4701 |  7006k|1475.1 |   302M |  77 |1502 | 502 |1379 |  47k|  2 |  29 | 829 |-2.459227e+01 | 0.000000e+00 |    Inf | unknown
 4665s|  4800 |  4801 |  7138k|1471.8 |   302M |  77 |1502 | 501 |1532 |  48k|  2 |  29 | 833 |-2.459227e+01 | 0.000000e+00 |    Inf | unknown
 4734s|  4900 |  4901 |  7260k|1466.5 |   303M |  77 |1502 | 503 |1337 |  49k|  2 |  31 | 833 |-2.459227e+01 | 0.000000e+00 |    Inf | unknown
 4808s|  5000 |  5001 |  7390k|1463.3 |   303M |  77 |1502 | 504 |1486 |  50k|  2 |  32 | 840 |-2.459227e+01 | 0.000000e+00 |    Inf | unknown
 4887s|  5100 |  5101 |  7532k|1462.5 |   304M |  77 |1502 | 502 |1298 |  51k|  2 |  32 | 847 |-2.459227e+01 | 0.000000e+00 |    Inf | unknown
 4946s|  5200 |  5201 |  7627k|1452.6 |   305M |  77 |1502 | 504 |1423 |  51k|  2 |  34 | 848 |-2.459227e+01 | 0.000000e+00 |    Inf | unknown
 5051s|  5300 |  5301 |  7829k|1463.3 |   306M |  77 |1502 | 503 |1371 |  53k|  2 |  34 | 850 |-2.459227e+01 | 0.000000e+00 |    Inf | unknown
 time | node  | left  |LP iter|LP it/n|mem/heur|mdpt |vars |cons |rows |cuts |sepa|confs|strbr|  dualbound   | primalbound  |  gap   | compl. 
 5152s|  5400 |  5401 |  8021k|1471.8 |   308M |  77 |1502 | 502 |1507 |  54k|  2 |  35 | 854 |-2.459227e+01 | 0.000000e+00 |    Inf | unknown
 5217s|  5500 |  5501 |  8129k|1464.7 |   308M |  77 |1502 | 502 |1382 |  55k|  2 |  35 | 860 |-2.459227e+01 | 0.000000e+00 |    Inf | unknown
 5314s|  5600 |  5601 |  8304k|1469.8 |   310M |  77 |1502 | 503 |1535 |  56k|  4 |  37 | 871 |-2.459227e+01 | 0.000000e+00 |    Inf | unknown
 5400s|  5700 |  5701 |  8467k|1472.6 |   310M |  77 |1502 | 503 |1351 |  57k|  2 |  37 | 873 |-2.459227e+01 | 0.000000e+00 |    Inf | unknown
 5478s|  5800 |  5801 |  8594k|1469.0 |   310M |  77 |1502 | 501 |1514 |  58k|  2 |  37 | 875 |-2.459227e+01 | 0.000000e+00 |    Inf | unknown
 5573s|  5900 |  5901 |  8765k|1473.2 |   311M |  77 |1502 | 502 |1369 |  59k|  2 |  38 | 881 |-2.459227e+01 | 0.000000e+00 |    Inf | unknown
 5663s|  6000 |  6001 |  8922k|1474.8 |   311M |  77 |1502 | 502 |1516 |  60k|  2 |  38 | 882 |-2.459227e+01 | 0.000000e+00 |    Inf | unknown
 5759s|  6100 |  6101 |  9097k|1479.3 |   313M |  77 |1502 | 502 |1358 |  61k|  2 |  39 | 891 |-2.459227e+01 | 0.000000e+00 |    Inf | unknown
 5850s|  6200 |  6201 |  9261k|1481.8 |   313M |  77 |1502 | 502 |1508 |  62k|  4 |  39 | 891 |-2.459227e+01 | 0.000000e+00 |    Inf | unknown
 5932s|  6300 |  6301 |  9412k|1482.4 |   314M |  77 |1502 | 502 |1332 |  63k|  1 |  40 | 902 |-2.459227e+01 | 0.000000e+00 |    Inf | unknown
 6015s|  6400 |  6401 |  9568k|1483.5 |   314M |  77 |1502 | 502 |1481 |  64k|  2 |  40 | 903 |-2.459227e+01 | 0.000000e+00 |    Inf | unknown
 6106s|  6500 |  6501 |  9732k|1485.9 |   315M |  77 |1502 | 501 |1354 |  65k|  2 |  40 | 904 |-2.459227e+01 | 0.000000e+00 |    Inf | unknown
 6187s|  6600 |  6601 |  9866k|1483.7 |   317M |  77 |1502 | 503 |1524 |  66k|  4 |  42 | 909 |-2.459227e+01 | 0.000000e+00 |    Inf | unknown
 6278s|  6700 |  6701 | 10038k|1487.2 |   318M |  77 |1502 | 504 |1302 |  67k|  2 |  43 | 914 |-2.459227e+01 | 0.000000e+00 |    Inf | unknown
 6372s|  6800 |  6801 | 10215k|1491.4 |   319M |  77 |1502 | 502 |1503 |  68k|  2 |  43 | 916 |-2.459227e+01 | 0.000000e+00 |    Inf | unknown
 time | node  | left  |LP iter|LP it/n|mem/heur|mdpt |vars |cons |rows |cuts |sepa|confs|strbr|  dualbound   | primalbound  |  gap   | compl. 
 6448s|  6900 |  6901 | 10335k|1487.2 |   320M |  77 |1502 | 503 |1362 |  69k|  2 |  44 | 923 |-2.459227e+01 | 0.000000e+00 |    Inf | unknown
 6544s|  7000 |  7001 | 10504k|1490.1 |   320M |  77 |1502 | 503 |1554 |  70k|  2 |  44 | 925 |-2.459227e+01 | 0.000000e+00 |    Inf | unknown
 6653s|  7100 |  7101 | 10717k|1499.1 |   322M |  77 |1502 | 504 |1339 |  71k|  2 |  46 | 930 |-2.459227e+01 | 0.000000e+00 |    Inf | unknown
 6743s|  7200 |  7201 | 10878k|1500.7 |   322M |  77 |1502 | 503 |1451 |  72k|  2 |  46 | 931 |-2.459227e+01 | 0.000000e+00 |    Inf | unknown
 6831s|  7300 |  7301 | 11025k|1500.2 |   323M |  77 |1502 | 506 |1391 |  73k|  5 |  49 | 934 |-2.459227e+01 | 0.000000e+00 |    Inf | unknown
 6924s|  7400 |  7401 | 11193k|1502.7 |   324M |  77 |1502 | 505 |1482 |  74k|  2 |  50 | 938 |-2.459227e+01 | 0.000000e+00 |    Inf | unknown
 7021s|  7500 |  7501 | 11386k|1508.4 |   324M |  77 |1502 | 504 |1352 |  75k|  2 |  50 | 939 |-2.459227e+01 | 0.000000e+00 |    Inf | unknown
 7094s|  7600 |  7601 | 11500k|1503.5 |   324M |  77 |1502 | 504 |1469 |  76k|  2 |  50 | 948 |-2.459227e+01 | 0.000000e+00 |    Inf | unknown
 7190s|  7700 |  7701 | 11677k|1507.0 |   326M |  77 |1502 | 504 |1380 |  77k|  3 |  53 | 954 |-2.459227e+01 | 0.000000e+00 |    Inf | unknown
 7265s|  7800 |  7801 | 11814k|1505.2 |   326M |  77 |1502 | 504 |1555 |  78k|  2 |  54 | 955 |-2.459227e+01 | 0.000000e+00 |    Inf | unknown
 7363s|  7900 |  7901 | 11986k|1508.0 |   327M |  77 |1502 | 503 |1365 |  79k|  2 |  54 | 961 |-2.459227e+01 | 0.000000e+00 |    Inf | unknown
 7437s|  8000 |  8001 | 12104k|1503.8 |   328M |  77 |1502 | 504 |1456 |  80k|  2 |  55 | 968 |-2.459227e+01 | 0.000000e+00 |    Inf | unknown
 7537s|  8100 |  8101 | 12293k|1508.6 |   328M |  77 |1502 | 505 |1301 |  81k|  2 |  58 | 971 |-2.459227e+01 | 0.000000e+00 |    Inf | unknown
 7630s|  8200 |  8201 | 12457k|1510.2 |   330M |  77 |1502 | 504 |1368 |  83k|  2 |  58 | 975 |-2.459227e+01 | 0.000000e+00 |    Inf | unknown
 7710s|  8300 |  8301 | 12590k|1508.1 |   330M |  77 |1502 | 504 |1318 |  84k|  2 |  60 | 982 |-2.459227e+01 | 0.000000e+00 |    Inf | unknown
 time | node  | left  |LP iter|LP it/n|mem/heur|mdpt |vars |cons |rows |cuts |sepa|confs|strbr|  dualbound   | primalbound  |  gap   | compl. 
 7803s|  8400 |  8401 | 12770k|1511.4 |   330M |  77 |1502 | 503 |1489 |  85k|  2 |  60 | 982 |-2.459227e+01 | 0.000000e+00 |    Inf | unknown
 7910s|  8500 |  8501 | 12971k|1517.4 |   331M |  77 |1502 | 501 |1309 |  86k|  2 |  60 | 986 |-2.459227e+01 | 0.000000e+00 |    Inf | unknown
 7993s|  8600 |  8601 | 13104k|1515.2 |   331M |  77 |1502 | 501 |1496 |  87k|  4 |  60 | 991 |-2.459227e+01 | 0.000000e+00 |    Inf | unknown
 8097s|  8700 |  8701 | 13297k|1519.9 |   333M |  77 |1502 | 503 |1303 |  88k|  2 |  62 | 991 |-2.459227e+01 | 0.000000e+00 |    Inf | unknown
 8194s|  8800 |  8801 | 13476k|1523.0 |   333M |  77 |1502 | 503 |1510 |  89k|  2 |  62 | 995 |-2.459227e+01 | 0.000000e+00 |    Inf | unknown
 8286s|  8900 |  8901 | 13636k|1523.9 |   334M |  77 |1502 | 501 |1230 |  90k|  2 |  62 | 996 |-2.459227e+01 | 0.000000e+00 |    Inf | unknown
 8389s|  9000 |  9001 | 13814k|1526.8 |   334M |  77 |1502 | 501 |1584 |  92k|  2 |  62 |1004 |-2.459227e+01 | 0.000000e+00 |    Inf | unknown
 8497s|  9100 |  9101 | 14025k|1533.2 |   338M |  77 |1502 | 503 |1325 |  93k|  2 |  64 |1008 |-2.459227e+01 | 0.000000e+00 |    Inf | unknown
 8595s|  9200 |  9201 | 14216k|1537.2 |   339M |  77 |1502 | 502 |1465 |  94k|  2 |  65 |1010 |-2.459227e+01 | 0.000000e+00 |    Inf | unknown
 8699s|  9300 |  9301 | 14399k|1540.4 |   339M |  77 |1502 | 502 |1348 |  96k|  2 |  65 |1018 |-2.459227e+01 | 0.000000e+00 |    Inf | unknown
 8812s|  9400 |  9401 | 14610k|1546.5 |   340M |  77 |1502 | 502 |1257 |  97k|  2 |  66 |1023 |-2.459227e+01 | 0.000000e+00 |    Inf | unknown
 8952s|  9500 |  9501 | 14863k|1556.7 |   342M |  77 |1502 | 503 |1542 |  99k|  4 |  67 |1028 |-2.459080e+01 | 0.000000e+00 |    Inf | unknown
 9066s|  9600 |  9601 | 15051k|1560.1 |   343M |  77 |1502 | 502 |1406 | 101k|  2 |  67 |1034 |-2.458739e+01 | 0.000000e+00 |    Inf | unknown
 9191s|  9700 |  9701 | 15257k|1565.3 |   344M |  77 |1502 | 503 |1573 | 102k|  3 |  68 |1037 |-2.458529e+01 | 0.000000e+00 |    Inf | unknown
 9317s|  9800 |  9801 | 15494k|1573.5 |   345M |  77 |1502 | 502 |1424 | 104k|  4 |  68 |1050 |-2.458237e+01 | 0.000000e+00 |    Inf | unknown
 time | node  | left  |LP iter|LP it/n|mem/heur|mdpt |vars |cons |rows |cuts |sepa|confs|strbr|  dualbound   | primalbound  |  gap   | compl. 
 9443s|  9900 |  9901 | 15737k|1582.2 |   346M |  77 |1502 | 502 |1532 | 105k|  2 |  70 |1053 |-2.458004e+01 | 0.000000e+00 |    Inf | unknown
 9529s| 10000 | 10001 | 15880k|1580.6 |   347M |  77 |1502 | 502 |1468 | 107k|  2 |  70 |1056 |-2.457761e+01 | 0.000000e+00 |    Inf | unknown
 9638s| 10100 | 10101 | 16078k|1584.6 |   347M |  77 |1502 | 503 |1629 | 108k|  4 |  72 |1062 |-2.457425e+01 | 0.000000e+00 |    Inf | unknown
 9751s| 10200 | 10201 | 16276k|1588.5 |   347M |  77 |1502 | 504 |1500 | 109k|  5 |  73 |1066 |-2.457046e+01 | 0.000000e+00 |    Inf | unknown
 9856s| 10300 | 10301 | 16463k|1591.3 |   349M |  77 |1502 | 502 |1628 | 111k|  2 |  73 |1068 |-2.456922e+01 | 0.000000e+00 |    Inf | unknown
 9960s| 10400 | 10401 | 16638k|1592.8 |   349M |  77 |1502 | 503 |1358 | 112k|  2 |  74 |1074 |-2.456737e+01 | 0.000000e+00 |    Inf | unknown
  168m| 10500 | 10501 | 16872k|1599.9 |   349M |  77 |1502 | 502 |1495 | 113k|  2 |  74 |1076 |-2.456528e+01 | 0.000000e+00 |    Inf | unknown
  170m| 10600 | 10601 | 17098k|1606.1 |   350M |  77 |1502 | 502 |1426 | 115k|  2 |  75 |1079 |-2.456401e+01 | 0.000000e+00 |    Inf | unknown
  172m| 10700 | 10701 | 17275k|1607.7 |   352M |  77 |1502 | 502 |1533 | 116k|  2 |  75 |1079 |-2.456180e+01 | 0.000000e+00 |    Inf | unknown
  173m| 10800 | 10801 | 17447k|1608.7 |   352M |  77 |1502 | 503 |1389 | 117k|  1 |  77 |1088 |-2.456006e+01 | 0.000000e+00 |    Inf | unknown
  175m| 10900 | 10901 | 17639k|1611.5 |   352M |  77 |1502 | 502 |1536 | 118k|  2 |  77 |1090 |-2.455973e+01 | 0.000000e+00 |    Inf | unknown
  176m| 11000 | 11001 | 17795k|1611.1 |   352M |  77 |1502 | 501 |1426 | 119k|  2 |  77 |1090 |-2.455926e+01 | 0.000000e+00 |    Inf | unknown
  178m| 11100 | 11101 | 17995k|1614.6 |   353M |  77 |1502 | 502 |1620 | 121k|  2 |  78 |1092 |-2.455859e+01 | 0.000000e+00 |    Inf | unknown

SCIP Status        : solving was interrupted [time limit reached]
Solving Time (sec) : 10800.00
Solving Nodes      : 11199
Primal Bound       : +0.00000000000000e+00 (1 solutions)
Dual Bound         : -2.45574917138060e+01
Gap                : infinite

