Solver command line: ['/cvmfs/soft.computecanada.ca/easybuild/software/2023/x86-64-v4/Compiler/gcc12/scipoptsuite/9.0.0/bin/scip', '/tmp/tmp7il75qat.pyomo', '-AMPL']

SCIP version 9.0.0 [precision: 8 byte] [memory: block] [mode: optimized] [LP solver: Soplex 7.0.0] [GitHash: 7205bedd94]
Copyright (c) 2002-2024 Zuse Institute Berlin (ZIB)

External libraries: 
  Readline 8.1         GNU library for command line editing (gnu.org/s/readline)
  Soplex 7.0.0         Linear Programming Solver developed at Zuse Institute Berlin (soplex.zib.de) [GitHash: 6657fb3b]
  CppAD 20180000.0     Algorithmic Differentiation of C++ algorithms developed by B. Bell (github.com/coin-or/CppAD)
  ZLIB 1.2.13          General purpose compression library by J. Gailly and M. Adler (zlib.net)
  GMP 6.2.1            GNU Multiple Precision Arithmetic Library developed by T. Granlund (gmplib.org)
  ZIMPL 3.5.3          Zuse Institute Mathematical Programming Language developed by T. Koch (zimpl.zib.de)
  AMPL/MP 690e9e7      AMPL .nl file reader library (github.com/ampl/mp)
  PaPILO 2.2.0         parallel presolve for integer and linear optimization (github.com/scipopt/papilo) (built with TBB) [GitHash: df30ae49]
  bliss 0.77           Computing Graph Automorphisms by T. Junttila and P. Kaski (users.aalto.fi/~tjunttil/bliss)
  sassy 1.1            Symmetry preprocessor by Markus Anders (github.com/markusa4/sassy)
  Ipopt 3.14.14        Interior Point Optimizer developed by A. Waechter et.al. (github.com/coin-or/Ipopt)

reading user parameter file <scip.set>
===========================

limits/time = 10800

read problem </tmp/tmp7il75qat.pyomo.nl>
============

original problem has 501 variables (0 bin, 500 int, 0 impl, 1 cont) and 501 constraints

solve problem
=============

1/1 feasible solution given by solution candidate storage, new primal bound 0.000000e+00

presolving:
   (0.1s) symmetry computation started: requiring (bin +, int +, cont +), (fixed: bin -, int -, cont -)
   (0.2s) no symmetry present (symcode time: 0.02)
presolving (1 rounds: 1 fast, 1 medium, 1 exhaustive):
 0 deleted vars, 0 deleted constraints, 0 added constraints, 1 tightened bounds, 0 added holes, 0 changed sides, 0 changed coefficients
 0 implications, 0 cliques
presolved problem has 501 variables (0 bin, 500 int, 0 impl, 1 cont) and 501 constraints
    500 constraints of type <linear>
      1 constraints of type <nonlinear>
Presolving Time: 0.18
transformed 1/1 original solutions to the transformed problem space

 time | node  | left  |LP iter|LP it/n|mem/heur|mdpt |vars |cons |rows |cuts |sepa|confs|strbr|  dualbound   | primalbound  |  gap   | compl. 
  3.2s|     1 |     0 |  5008 |     - |   133M |   0 |1502 | 501 |2500 |   0 |  0 |   0 |   0 |-2.477245e+01 | 0.000000e+00 |    Inf | unknown
  6.5s|     1 |     0 |  6737 |     - |   140M |   0 |1502 | 501 |3000 | 500 |  1 |   0 |   0 |-2.477245e+01 | 0.000000e+00 |    Inf | unknown
 11.3s|     1 |     0 |  9186 |     - |   165M |   0 |1502 | 501 |3494 | 994 |  2 |   0 |   0 |-2.477245e+01 | 0.000000e+00 |    Inf | unknown
 22.0s|     1 |     0 | 19868 |     - |   175M |   0 |1502 | 501 |3954 |1454 |  3 |   0 |   0 |-2.476909e+01 | 0.000000e+00 |    Inf | unknown
 23.1s|     1 |     0 | 19868 |     - |   175M |   0 |1502 | 501 |3954 |1454 |  3 |   0 |   0 |-2.476909e+01 | 0.000000e+00 |    Inf | unknown
 30.0s|     1 |     0 | 30645 |     - |   187M |   0 |1502 | 501 |4271 |1771 |  4 |   0 |   0 |-2.468053e+01 | 0.000000e+00 |    Inf | unknown
 31.0s|     1 |     0 | 30645 |     - |   188M |   0 |1502 | 501 |4271 |1771 |  4 |   0 |   0 |-2.468053e+01 | 0.000000e+00 |    Inf | unknown
 38.2s|     1 |     0 | 41079 |     - |   204M |   0 |1502 | 501 |4432 |1932 |  5 |   0 |   0 |-2.460643e+01 | 0.000000e+00 |    Inf | unknown
 39.0s|     1 |     0 | 41079 |     - |   204M |   0 |1502 | 501 |4432 |1932 |  5 |   0 |   0 |-2.460643e+01 | 0.000000e+00 |    Inf | unknown
 41.1s|     1 |     0 | 43046 |     - |   224M |   0 |1502 | 501 |4483 |1983 |  6 |   0 |   0 |-2.459141e+01 | 0.000000e+00 |    Inf | unknown
 41.9s|     1 |     0 | 43046 |     - |   224M |   0 |1502 | 501 |4483 |1983 |  6 |   0 |   0 |-2.459141e+01 | 0.000000e+00 |    Inf | unknown
 43.3s|     1 |     0 | 43489 |     - |   232M |   0 |1502 | 501 |4499 |1999 |  7 |   0 |   0 |-2.459014e+01 | 0.000000e+00 |    Inf | unknown
 44.1s|     1 |     0 | 43489 |     - |   232M |   0 |1502 | 501 |4499 |1999 |  7 |   0 |   0 |-2.459014e+01 | 0.000000e+00 |    Inf | unknown
 45.4s|     1 |     0 | 43677 |     - |   247M |   0 |1502 | 501 |4507 |2007 |  8 |   0 |   0 |-2.458988e+01 | 0.000000e+00 |    Inf | unknown
 47.5s|     1 |     0 | 43772 |     - |   269M |   0 |1502 | 501 |4510 |2010 |  9 |   0 |   0 |-2.458980e+01 | 0.000000e+00 |    Inf | unknown
 time | node  | left  |LP iter|LP it/n|mem/heur|mdpt |vars |cons |rows |cuts |sepa|confs|strbr|  dualbound   | primalbound  |  gap   | compl. 
 49.4s|     1 |     0 | 43872 |     - |   272M |   0 |1502 | 501 |4511 |2011 | 10 |   0 |   0 |-2.458974e+01 | 0.000000e+00 |    Inf | unknown
 50.9s|     1 |     0 | 43926 |     - |   273M |   0 |1502 | 501 |2024 |2012 | 11 |   0 |   0 |-2.458973e+01 | 0.000000e+00 |    Inf | unknown
 52.4s|     1 |     0 | 43956 |     - |   273M |   0 |1502 | 501 |2025 |2013 | 12 |   0 |   0 |-2.458973e+01 | 0.000000e+00 |    Inf | unknown
 53.9s|     1 |     0 | 43979 |     - |   273M |   0 |1502 | 501 |2027 |2015 | 13 |   0 |   0 |-2.458972e+01 | 0.000000e+00 |    Inf | unknown
 55.4s|     1 |     0 | 43995 |     - |   273M |   0 |1502 | 501 |2028 |2016 | 14 |   0 |   0 |-2.458972e+01 | 0.000000e+00 |    Inf | unknown
 56.9s|     1 |     0 | 44019 |     - |   273M |   0 |1502 | 501 |2029 |2017 | 15 |   0 |   0 |-2.458972e+01 | 0.000000e+00 |    Inf | unknown
 58.4s|     1 |     0 | 44039 |     - |   274M |   0 |1502 | 501 |2030 |2018 | 16 |   0 |   0 |-2.458971e+01 | 0.000000e+00 |    Inf | unknown
  338s|     1 |     2 |513247 |     - |   274M |   0 |1502 | 501 |2030 |2018 | 16 |   0 |  26 |-2.458908e+01 | 0.000000e+00 |    Inf | unknown
  589s|   100 |   101 |709286 |6719.7 |   281M |  27 |1502 | 501 |1240 |3508 |  2 |   0 | 348 |-2.458359e+01 | 0.000000e+00 |    Inf | unknown
  707s|   200 |   201 |857626 |4088.4 |   281M |  33 |1502 | 501 |1262 |4416 |  2 |   0 | 407 |-2.458108e+01 | 0.000000e+00 |    Inf | unknown
  801s|   300 |   301 |966766 |3086.0 |   282M |  33 |1502 | 501 |1323 |5114 |  2 |   0 | 447 |-2.457863e+01 | 0.000000e+00 |    Inf | unknown
  879s|   400 |   401 |  1084k|2607.2 |   277M |  49 |1502 | 501 |1311 |5818 |  2 |   0 | 465 |-2.457591e+01 | 0.000000e+00 |    Inf | unknown
  972s|   500 |   501 |  1210k|2338.3 |   276M |  49 |1502 | 501 |1346 |6701 |  2 |   0 | 476 |-2.457591e+01 | 0.000000e+00 |    Inf | unknown
 1032s|   600 |   601 |  1299k|2096.1 |   278M |  57 |1502 | 503 |1336 |7194 |  2 |   3 | 494 |-2.457591e+01 | 0.000000e+00 |    Inf | unknown
 1102s|   700 |   701 |  1420k|1968.6 |   279M |  57 |1502 | 505 |1444 |7723 |  2 |   5 | 498 |-2.457591e+01 | 0.000000e+00 |    Inf | unknown
 time | node  | left  |LP iter|LP it/n|mem/heur|mdpt |vars |cons |rows |cuts |sepa|confs|strbr|  dualbound   | primalbound  |  gap   | compl. 
 1181s|   800 |   801 |  1546k|1880.6 |   280M |  57 |1502 | 507 |1373 |8450 |  3 |   9 | 509 |-2.457591e+01 | 0.000000e+00 |    Inf | unknown
 1270s|   900 |   901 |  1665k|1803.9 |   281M |  57 |1502 | 505 |1345 |9203 |  2 |   9 | 525 |-2.457591e+01 | 0.000000e+00 |    Inf | unknown
 1344s|  1000 |  1001 |  1789k|1747.0 |   282M |  57 |1502 | 505 |1417 |9992 |  3 |  12 | 528 |-2.457591e+01 | 0.000000e+00 |    Inf | unknown
 1431s|  1100 |  1101 |  1919k|1706.8 |   283M |  57 |1502 | 504 |1300 |  10k|  2 |  12 | 554 |-2.457591e+01 | 0.000000e+00 |    Inf | unknown
 1517s|  1200 |  1201 |  2038k|1663.2 |   284M |  57 |1502 | 504 |1376 |  11k|  4 |  14 | 556 |-2.457591e+01 | 0.000000e+00 |    Inf | unknown
 1601s|  1300 |  1301 |  2168k|1635.6 |   285M |  57 |1502 | 504 |1374 |  12k|  2 |  15 | 558 |-2.457591e+01 | 0.000000e+00 |    Inf | unknown
 1717s|  1400 |  1401 |  2348k|1647.2 |   285M |  57 |1502 | 502 |1403 |  13k|  4 |  15 | 559 |-2.457591e+01 | 0.000000e+00 |    Inf | unknown
 1805s|  1500 |  1501 |  2502k|1640.4 |   288M |  57 |1502 | 504 |1365 |  14k|  2 |  18 | 562 |-2.457591e+01 | 0.000000e+00 |    Inf | unknown
 1905s|  1600 |  1601 |  2672k|1644.1 |   289M |  57 |1502 | 504 |1519 |  15k|  2 |  18 | 569 |-2.457591e+01 | 0.000000e+00 |    Inf | unknown
 2010s|  1700 |  1701 |  2836k|1643.4 |   291M |  57 |1502 | 503 |1276 |  16k|  2 |  18 | 572 |-2.457591e+01 | 0.000000e+00 |    Inf | unknown
 2103s|  1800 |  1801 |  2995k|1640.7 |   292M |  57 |1502 | 505 |1438 |  17k|  2 |  22 | 582 |-2.457591e+01 | 0.000000e+00 |    Inf | unknown
 2191s|  1900 |  1901 |  3128k|1624.2 |   293M |  57 |1502 | 505 |1412 |  18k|  2 |  22 | 588 |-2.457591e+01 | 0.000000e+00 |    Inf | unknown
 2309s|  2000 |  2001 |  3302k|1630.3 |   295M |  57 |1502 | 504 |1267 |  19k|  2 |  23 | 602 |-2.457591e+01 | 0.000000e+00 |    Inf | unknown
 2412s|  2100 |  2101 |  3475k|1635.0 |   297M |  57 |1502 | 503 |1343 |  21k|  2 |  24 | 609 |-2.457591e+01 | 0.000000e+00 |    Inf | unknown
 2510s|  2200 |  2201 |  3639k|1635.2 |   298M |  57 |1502 | 502 |1402 |  22k|  2 |  24 | 620 |-2.457591e+01 | 0.000000e+00 |    Inf | unknown
 time | node  | left  |LP iter|LP it/n|mem/heur|mdpt |vars |cons |rows |cuts |sepa|confs|strbr|  dualbound   | primalbound  |  gap   | compl. 
 2617s|  2300 |  2301 |  3816k|1641.0 |   299M |  57 |1502 | 502 |1315 |  23k|  2 |  25 | 624 |-2.457591e+01 | 0.000000e+00 |    Inf | unknown
 2731s|  2400 |  2401 |  3988k|1644.2 |   302M |  57 |1502 | 502 |1373 |  25k|  2 |  25 | 646 |-2.457591e+01 | 0.000000e+00 |    Inf | unknown
 2837s|  2500 |  2501 |  4176k|1653.7 |   303M |  57 |1502 | 501 |1519 |  26k|  4 |  25 | 652 |-2.457591e+01 | 0.000000e+00 |    Inf | unknown
 2945s|  2600 |  2601 |  4355k|1659.0 |   303M |  57 |1502 | 503 |1289 |  27k|  2 |  27 | 669 |-2.457591e+01 | 0.000000e+00 |    Inf | unknown
 3045s|  2700 |  2701 |  4530k|1662.4 |   304M |  69 |1502 | 503 |1345 |  28k|  2 |  27 | 674 |-2.457486e+01 | 0.000000e+00 |    Inf | unknown
 3157s|  2800 |  2801 |  4720k|1670.9 |   307M |  69 |1502 | 503 |1530 |  30k|  2 |  28 | 687 |-2.457486e+01 | 0.000000e+00 |    Inf | unknown
 3276s|  2900 |  2901 |  4923k|1683.3 |   307M |  69 |1502 | 504 |1488 |  31k|  2 |  30 | 704 |-2.457324e+01 | 0.000000e+00 |    Inf | unknown
 3382s|  3000 |  3001 |  5097k|1685.2 |   309M |  69 |1502 | 504 |1437 |  32k|  2 |  30 | 711 |-2.457324e+01 | 0.000000e+00 |    Inf | unknown
 3509s|  3100 |  3101 |  5324k|1703.8 |   310M |  69 |1502 | 502 |1290 |  34k|  2 |  31 | 730 |-2.457130e+01 | 0.000000e+00 |    Inf | unknown
 3621s|  3200 |  3201 |  5524k|1713.3 |   311M |  69 |1502 | 503 |1576 |  35k|  3 |  32 | 741 |-2.457130e+01 | 0.000000e+00 |    Inf | unknown
 3719s|  3300 |  3301 |  5696k|1713.4 |   313M |  69 |1502 | 503 |1449 |  37k|  2 |  32 | 749 |-2.457037e+01 | 0.000000e+00 |    Inf | unknown
 3829s|  3400 |  3401 |  5902k|1723.7 |   314M |  69 |1502 | 502 |1369 |  38k|  2 |  32 | 760 |-2.457017e+01 | 0.000000e+00 |    Inf | unknown
 3948s|  3500 |  3501 |  6104k|1732.0 |   315M |  69 |1502 | 502 |1317 |  39k|  2 |  33 | 769 |-2.457017e+01 | 0.000000e+00 |    Inf | unknown
 4051s|  3600 |  3601 |  6270k|1730.2 |   315M |  69 |1502 | 503 |1311 |  40k|  2 |  35 | 783 |-2.456836e+01 | 0.000000e+00 |    Inf | unknown
 4155s|  3700 |  3701 |  6464k|1735.7 |   317M |  69 |1502 | 503 |1511 |  42k|  2 |  35 | 784 |-2.456836e+01 | 0.000000e+00 |    Inf | unknown
 time | node  | left  |LP iter|LP it/n|mem/heur|mdpt |vars |cons |rows |cuts |sepa|confs|strbr|  dualbound   | primalbound  |  gap   | compl. 
 4260s|  3800 |  3801 |  6638k|1735.9 |   318M |  69 |1502 | 504 |1458 |  43k|  2 |  36 | 797 |-2.456693e+01 | 0.000000e+00 |    Inf | unknown
 4351s|  3900 |  3901 |  6794k|1731.4 |   319M |  69 |1502 | 505 |1437 |  44k|  2 |  39 | 800 |-2.456525e+01 | 0.000000e+00 |    Inf | unknown
 4449s|  4000 |  4001 |  6969k|1731.7 |   320M |  69 |1502 | 504 |1337 |  45k|  4 |  39 | 810 |-2.456343e+01 | 0.000000e+00 |    Inf | unknown
 4536s|  4100 |  4101 |  7121k|1726.7 |   322M |  69 |1502 | 503 |1445 |  46k|  2 |  40 | 810 |-2.456343e+01 | 0.000000e+00 |    Inf | unknown
 4627s|  4200 |  4201 |  7269k|1720.8 |   322M |  69 |1502 | 503 |1487 |  47k|  2 |  41 | 817 |-2.456255e+01 | 0.000000e+00 |    Inf | unknown
 4720s|  4300 |  4301 |  7432k|1718.7 |   324M |  69 |1502 | 502 |1402 |  48k|  4 |  41 | 823 |-2.456168e+01 | 0.000000e+00 |    Inf | unknown
 4835s|  4400 |  4401 |  7635k|1725.8 |   324M |  69 |1502 | 502 |1433 |  50k|  3 |  42 | 824 |-2.456168e+01 | 0.000000e+00 |    Inf | unknown
 4948s|  4500 |  4501 |  7819k|1728.3 |   325M |  69 |1502 | 502 |1390 |  51k|  3 |  42 | 844 |-2.456088e+01 | 0.000000e+00 |    Inf | unknown
 5047s|  4600 |  4601 |  7992k|1728.4 |   327M |  69 |1502 | 501 |1576 |  52k|  1 |  42 | 848 |-2.456078e+01 | 0.000000e+00 |    Inf | unknown
 5159s|  4700 |  4701 |  8185k|1732.5 |   328M |  69 |1502 | 502 |1500 |  53k|  3 |  43 | 856 |-2.456078e+01 | 0.000000e+00 |    Inf | unknown
 5291s|  4800 |  4801 |  8404k|1742.2 |   329M |  69 |1502 | 502 |1453 |  55k|  2 |  43 | 867 |-2.456078e+01 | 0.000000e+00 |    Inf | unknown
 5400s|  4900 |  4901 |  8596k|1745.9 |   331M |  69 |1502 | 501 |1363 |  56k|  4 |  43 | 869 |-2.456078e+01 | 0.000000e+00 |    Inf | unknown
 5504s|  5000 |  5001 |  8775k|1746.7 |   333M |  69 |1502 | 502 |1489 |  58k|  1 |  44 | 873 |-2.456078e+01 | 0.000000e+00 |    Inf | unknown
 5621s|  5100 |  5101 |  8981k|1752.7 |   333M |  69 |1502 | 503 |1513 |  59k|  5 |  45 | 885 |-2.456078e+01 | 0.000000e+00 |    Inf | unknown
 5743s|  5200 |  5201 |  9184k|1758.1 |   334M |  69 |1502 | 503 |1431 |  60k|  3 |  45 | 896 |-2.456078e+01 | 0.000000e+00 |    Inf | unknown
 time | node  | left  |LP iter|LP it/n|mem/heur|mdpt |vars |cons |rows |cuts |sepa|confs|strbr|  dualbound   | primalbound  |  gap   | compl. 
 5866s|  5300 |  5301 |  9412k|1768.0 |   335M |  69 |1502 | 502 |1370 |  62k|  2 |  46 | 899 |-2.456078e+01 | 0.000000e+00 |    Inf | unknown
 5991s|  5400 |  5401 |  9638k|1777.2 |   336M |  69 |1502 | 502 |1367 |  63k|  2 |  46 | 908 |-2.456078e+01 | 0.000000e+00 |    Inf | unknown
 6080s|  5500 |  5501 |  9784k|1771.3 |   337M |  69 |1502 | 503 |1493 |  64k|  2 |  47 | 910 |-2.456078e+01 | 0.000000e+00 |    Inf | unknown
 6195s|  5600 |  5601 |  9991k|1776.7 |   337M |  69 |1502 | 502 |1490 |  65k|  2 |  47 | 919 |-2.456078e+01 | 0.000000e+00 |    Inf | unknown
 6305s|  5700 |  5701 | 10198k|1781.7 |   338M |  69 |1502 | 503 |1365 |  67k|  2 |  49 | 922 |-2.456078e+01 | 0.000000e+00 |    Inf | unknown
 6408s|  5800 |  5801 | 10373k|1781.2 |   338M |  69 |1502 | 502 |1415 |  68k|  2 |  49 | 933 |-2.456078e+01 | 0.000000e+00 |    Inf | unknown
 6518s|  5900 |  5901 | 10585k|1787.1 |   340M |  69 |1502 | 502 |1564 |  69k|  5 |  49 | 936 |-2.456078e+01 | 0.000000e+00 |    Inf | unknown
 6634s|  6000 |  6001 | 10798k|1792.7 |   341M |  69 |1502 | 503 |1571 |  71k|  4 |  51 | 942 |-2.456078e+01 | 0.000000e+00 |    Inf | unknown
 6736s|  6100 |  6101 | 10971k|1791.7 |   342M |  69 |1502 | 503 |1343 |  72k|  2 |  51 | 944 |-2.456023e+01 | 0.000000e+00 |    Inf | unknown
 6858s|  6200 |  6201 | 11207k|1800.8 |   342M |  69 |1502 | 502 |1350 |  73k|  2 |  51 | 952 |-2.456012e+01 | 0.000000e+00 |    Inf | unknown
 6979s|  6300 |  6301 | 11431k|1807.8 |   343M |  69 |1502 | 502 |1330 |  75k|  3 |  52 | 960 |-2.456012e+01 | 0.000000e+00 |    Inf | unknown
 7096s|  6400 |  6401 | 11626k|1810.0 |   344M |  69 |1502 | 503 |1564 |  76k|  2 |  53 | 966 |-2.456003e+01 | 0.000000e+00 |    Inf | unknown
 7202s|  6500 |  6501 | 11826k|1813.0 |   345M |  69 |1502 | 502 |1465 |  78k|  5 |  53 | 971 |-2.456003e+01 | 0.000000e+00 |    Inf | unknown
 7301s|  6600 |  6601 | 12011k|1813.6 |   346M |  69 |1502 | 503 |1336 |  79k|  2 |  55 | 974 |-2.455913e+01 | 0.000000e+00 |    Inf | unknown
 7423s|  6700 |  6701 | 12228k|1818.8 |   348M |  69 |1502 | 503 |1373 |  80k|  2 |  55 | 983 |-2.455913e+01 | 0.000000e+00 |    Inf | unknown
 time | node  | left  |LP iter|LP it/n|mem/heur|mdpt |vars |cons |rows |cuts |sepa|confs|strbr|  dualbound   | primalbound  |  gap   | compl. 
 7530s|  6800 |  6801 | 12420k|1820.4 |   348M |  69 |1502 | 501 |1645 |  82k|  5 |  55 | 986 |-2.455882e+01 | 0.000000e+00 |    Inf | unknown
 7642s|  6900 |  6901 | 12619k|1822.8 |   348M |  69 |1502 | 502 |1532 |  83k|  3 |  56 | 990 |-2.455882e+01 | 0.000000e+00 |    Inf | unknown
 7769s|  7000 |  7001 | 12848k|1829.5 |   349M |  69 |1502 | 503 |1419 |  85k|  5 |  57 | 995 |-2.455882e+01 | 0.000000e+00 |    Inf | unknown
 7875s|  7100 |  7101 | 13044k|1831.3 |   351M |  69 |1502 | 502 |1423 |  86k|  2 |  57 |1000 |-2.455882e+01 | 0.000000e+00 |    Inf | unknown
 7992s|  7200 |  7201 | 13260k|1835.8 |   352M |  69 |1502 | 502 |1448 |  87k|  2 |  58 |1005 |-2.455882e+01 | 0.000000e+00 |    Inf | unknown
 8099s|  7300 |  7301 | 13425k|1833.3 |   352M |  69 |1502 | 503 |1467 |  89k|  2 |  59 |1010 |-2.455882e+01 | 0.000000e+00 |    Inf | unknown
 8224s|  7400 |  7401 | 13650k|1839.0 |   353M |  69 |1502 | 502 |1446 |  90k|  4 |  59 |1017 |-2.455830e+01 | 0.000000e+00 |    Inf | unknown
 8345s|  7500 |  7501 | 13866k|1843.2 |   354M |  69 |1502 | 502 |1438 |  91k|  2 |  60 |1021 |-2.455830e+01 | 0.000000e+00 |    Inf | unknown
 8471s|  7600 |  7601 | 14086k|1847.9 |   354M |  69 |1502 | 504 |1312 |  93k|  2 |  62 |1032 |-2.455766e+01 | 0.000000e+00 |    Inf | unknown
 8578s|  7700 |  7701 | 14268k|1847.5 |   354M |  69 |1502 | 504 |1542 |  94k|  3 |  62 |1036 |-2.455766e+01 | 0.000000e+00 |    Inf | unknown
 8699s|  7800 |  7801 | 14476k|1850.5 |   355M |  69 |1502 | 504 |1485 |  96k|  4 |  63 |1041 |-2.455761e+01 | 0.000000e+00 |    Inf | unknown
 8810s|  7900 |  7901 | 14664k|1851.0 |   357M |  69 |1502 | 503 |1407 |  97k|  2 |  64 |1049 |-2.455761e+01 | 0.000000e+00 |    Inf | unknown
 8920s|  8000 |  8001 | 14862k|1852.5 |   357M |  71 |1502 | 502 |1405 |  98k|  4 |  64 |1058 |-2.455694e+01 | 0.000000e+00 |    Inf | unknown
 9039s|  8100 |  8101 | 15079k|1856.4 |   358M |  71 |1502 | 501 |1604 |  99k|  1 |  64 |1061 |-2.455694e+01 | 0.000000e+00 |    Inf | unknown
 9141s|  8200 |  8201 | 15255k|1855.3 |   358M |  71 |1502 | 503 |1437 | 100k|  2 |  66 |1065 |-2.455694e+01 | 0.000000e+00 |    Inf | unknown
 time | node  | left  |LP iter|LP it/n|mem/heur|mdpt |vars |cons |rows |cuts |sepa|confs|strbr|  dualbound   | primalbound  |  gap   | compl. 
 9253s|  8300 |  8301 | 15448k|1856.1 |   359M |  71 |1502 | 505 |1399 | 102k|  2 |  68 |1070 |-2.455664e+01 | 0.000000e+00 |    Inf | unknown
 9373s|  8400 |  8401 | 15657k|1859.0 |   360M |  71 |1502 | 504 |1631 | 103k|  3 |  68 |1075 |-2.455664e+01 | 0.000000e+00 |    Inf | unknown
 9488s|  8500 |  8501 | 15850k|1859.8 |   360M |  71 |1502 | 504 |1548 | 104k|  2 |  70 |1084 |-2.455664e+01 | 0.000000e+00 |    Inf | unknown
 9593s|  8600 |  8601 | 16025k|1858.5 |   360M |  71 |1502 | 503 |1446 | 105k|  2 |  72 |1097 |-2.455664e+01 | 0.000000e+00 |    Inf | unknown
 9712s|  8700 |  8701 | 16241k|1862.0 |   361M |  73 |1502 | 503 |1363 | 107k|  2 |  72 |1101 |-2.455656e+01 | 0.000000e+00 |    Inf | unknown
 9818s|  8800 |  8801 | 16429k|1862.2 |   362M |  73 |1502 | 504 |1496 | 108k|  2 |  73 |1106 |-2.455656e+01 | 0.000000e+00 |    Inf | unknown
 9916s|  8900 |  8901 | 16610k|1861.6 |   364M |  73 |1502 | 502 |1401 | 109k|  2 |  73 |1109 |-2.455656e+01 | 0.000000e+00 |    Inf | unknown
  167m|  9000 |  9001 | 16791k|1861.0 |   365M |  73 |1502 | 501 |1572 | 110k|  2 |  73 |1111 |-2.455656e+01 | 0.000000e+00 |    Inf | unknown
  169m|  9100 |  9101 | 16996k|1863.1 |   367M |  73 |1502 | 502 |1507 | 111k|  1 |  74 |1111 |-2.455656e+01 | 0.000000e+00 |    Inf | unknown
  171m|  9200 |  9201 | 17191k|1864.0 |   367M |  73 |1502 | 503 |1366 | 113k|  3 |  75 |1121 |-2.455656e+01 | 0.000000e+00 |    Inf | unknown
  172m|  9300 |  9301 | 17346k|1860.7 |   369M |  73 |1502 | 502 |1522 | 114k|  2 |  75 |1124 |-2.455656e+01 | 0.000000e+00 |    Inf | unknown
  174m|  9400 |  9401 | 17539k|1861.5 |   369M |  73 |1502 | 502 |1403 | 115k|  2 |  76 |1125 |-2.455656e+01 | 0.000000e+00 |    Inf | unknown
  176m|  9500 |  9501 | 17701k|1858.8 |   369M |  73 |1502 | 503 |1526 | 116k|  2 |  77 |1134 |-2.455656e+01 | 0.000000e+00 |    Inf | unknown
  178m|  9600 |  9601 | 17889k|1859.1 |   370M |  73 |1502 | 502 |1514 | 117k|  2 |  77 |1135 |-2.455656e+01 | 0.000000e+00 |    Inf | unknown
  180m|  9700 |  9701 | 18112k|1862.9 |   371M |  73 |1502 | 501 |1387 | 119k|  2 |  77 |1136 |-2.455656e+01 | 0.000000e+00 |    Inf | unknown

SCIP Status        : solving was interrupted [time limit reached]
Solving Time (sec) : 10800.00
Solving Nodes      : 9707
Primal Bound       : +0.00000000000000e+00 (1 solutions)
Dual Bound         : -2.45565621986587e+01
Gap                : infinite

