Solver command line: ['/cvmfs/soft.computecanada.ca/easybuild/software/2023/x86-64-v4/Compiler/gcc12/scipoptsuite/9.0.0/bin/scip', '/tmp/tmphvcm5pti.pyomo', '-AMPL']

SCIP version 9.0.0 [precision: 8 byte] [memory: block] [mode: optimized] [LP solver: Soplex 7.0.0] [GitHash: 7205bedd94]
Copyright (c) 2002-2024 Zuse Institute Berlin (ZIB)

External libraries: 
  Readline 8.1         GNU library for command line editing (gnu.org/s/readline)
  Soplex 7.0.0         Linear Programming Solver developed at Zuse Institute Berlin (soplex.zib.de) [GitHash: 6657fb3b]
  CppAD 20180000.0     Algorithmic Differentiation of C++ algorithms developed by B. Bell (github.com/coin-or/CppAD)
  ZLIB 1.2.13          General purpose compression library by J. Gailly and M. Adler (zlib.net)
  GMP 6.2.1            GNU Multiple Precision Arithmetic Library developed by T. Granlund (gmplib.org)
  ZIMPL 3.5.3          Zuse Institute Mathematical Programming Language developed by T. Koch (zimpl.zib.de)
  AMPL/MP 690e9e7      AMPL .nl file reader library (github.com/ampl/mp)
  PaPILO 2.2.0         parallel presolve for integer and linear optimization (github.com/scipopt/papilo) (built with TBB) [GitHash: df30ae49]
  bliss 0.77           Computing Graph Automorphisms by T. Junttila and P. Kaski (users.aalto.fi/~tjunttil/bliss)
  sassy 1.1            Symmetry preprocessor by Markus Anders (github.com/markusa4/sassy)
  Ipopt 3.14.14        Interior Point Optimizer developed by A. Waechter et.al. (github.com/coin-or/Ipopt)

reading user parameter file <scip.set>
===========================

limits/time = 10800

read problem </tmp/tmphvcm5pti.pyomo.nl>
============

original problem has 501 variables (0 bin, 500 int, 0 impl, 1 cont) and 501 constraints

solve problem
=============

1/1 feasible solution given by solution candidate storage, new primal bound 0.000000e+00

presolving:
   (0.1s) symmetry computation started: requiring (bin +, int +, cont +), (fixed: bin -, int -, cont -)
   (0.2s) no symmetry present (symcode time: 0.02)
presolving (1 rounds: 1 fast, 1 medium, 1 exhaustive):
 0 deleted vars, 0 deleted constraints, 0 added constraints, 1 tightened bounds, 0 added holes, 0 changed sides, 0 changed coefficients
 0 implications, 0 cliques
presolved problem has 501 variables (0 bin, 500 int, 0 impl, 1 cont) and 501 constraints
    500 constraints of type <linear>
      1 constraints of type <nonlinear>
Presolving Time: 0.18
transformed 1/1 original solutions to the transformed problem space

 time | node  | left  |LP iter|LP it/n|mem/heur|mdpt |vars |cons |rows |cuts |sepa|confs|strbr|  dualbound   | primalbound  |  gap   | compl. 
  3.1s|     1 |     0 |  4566 |     - |   133M |   0 |1502 | 501 |2500 |   0 |  0 |   0 |   0 |-2.477245e+01 | 0.000000e+00 |    Inf | unknown
  7.2s|     1 |     0 |  7655 |     - |   139M |   0 |1502 | 501 |3000 | 500 |  1 |   0 |   0 |-2.477245e+01 | 0.000000e+00 |    Inf | unknown
 12.7s|     1 |     0 | 19860 |     - |   157M |   0 |1502 | 501 |3495 | 995 |  2 |   0 |   0 |-2.477245e+01 | 0.000000e+00 |    Inf | unknown
 16.6s|     1 |     0 | 32288 |     - |   167M |   0 |1502 | 501 |3960 |1460 |  3 |   0 |   0 |-2.477245e+01 | 0.000000e+00 |    Inf | unknown
 21.5s|     1 |     0 | 44602 |     - |   169M |   0 |1502 | 501 |4396 |1896 |  4 |   0 |   0 |-2.477245e+01 | 0.000000e+00 |    Inf | unknown
 27.5s|     1 |     0 | 57853 |     - |   182M |   0 |1502 | 501 |4779 |2279 |  5 |   0 |   0 |-2.476009e+01 | 0.000000e+00 |    Inf | unknown
 28.5s|     1 |     0 | 57853 |     - |   182M |   0 |1502 | 501 |4779 |2279 |  5 |   0 |   0 |-2.476009e+01 | 0.000000e+00 |    Inf | unknown
 34.4s|     1 |     0 | 68745 |     - |   193M |   0 |1502 | 501 |5054 |2554 |  6 |   0 |   0 |-2.466179e+01 | 0.000000e+00 |    Inf | unknown
 35.3s|     1 |     0 | 68745 |     - |   193M |   0 |1502 | 501 |5054 |2554 |  6 |   0 |   0 |-2.466179e+01 | 0.000000e+00 |    Inf | unknown
 39.0s|     1 |     0 | 74891 |     - |   208M |   0 |1502 | 501 |5173 |2673 |  7 |   0 |   0 |-2.460932e+01 | 0.000000e+00 |    Inf | unknown
 39.9s|     1 |     0 | 74891 |     - |   208M |   0 |1502 | 501 |5173 |2673 |  7 |   0 |   0 |-2.460932e+01 | 0.000000e+00 |    Inf | unknown
 41.4s|     1 |     0 | 75749 |     - |   227M |   0 |1502 | 501 |5204 |2704 |  8 |   0 |   0 |-2.460493e+01 | 0.000000e+00 |    Inf | unknown
 42.2s|     1 |     0 | 75749 |     - |   227M |   0 |1502 | 501 |5204 |2704 |  8 |   0 |   0 |-2.460493e+01 | 0.000000e+00 |    Inf | unknown
 43.5s|     1 |     0 | 76031 |     - |   232M |   0 |1502 | 501 |5218 |2718 |  9 |   0 |   0 |-2.460452e+01 | 0.000000e+00 |    Inf | unknown
 45.4s|     1 |     0 | 76173 |     - |   246M |   0 |1502 | 501 |5223 |2723 | 10 |   0 |   0 |-2.460439e+01 | 0.000000e+00 |    Inf | unknown
 time | node  | left  |LP iter|LP it/n|mem/heur|mdpt |vars |cons |rows |cuts |sepa|confs|strbr|  dualbound   | primalbound  |  gap   | compl. 
 46.8s|     1 |     0 | 76215 |     - |   246M |   0 |1502 | 501 |2738 |2725 | 11 |   0 |   0 |-2.460438e+01 | 0.000000e+00 |    Inf | unknown
 48.2s|     1 |     0 | 76262 |     - |   247M |   0 |1502 | 501 |2740 |2727 | 12 |   0 |   0 |-2.460437e+01 | 0.000000e+00 |    Inf | unknown
 49.7s|     1 |     0 | 76299 |     - |   247M |   0 |1502 | 501 |2741 |2728 | 13 |   0 |   0 |-2.460435e+01 | 0.000000e+00 |    Inf | unknown
  507s|     1 |     2 |847965 |     - |   247M |   0 |1502 | 501 |2741 |2728 | 14 |   0 |  22 |-2.460357e+01 | 0.000000e+00 |    Inf | unknown
  758s|   100 |   101 |  1049k|9831.1 |   255M |  17 |1502 | 501 |1185 |4032 |  2 |   0 | 337 |-2.460357e+01 | 0.000000e+00 |    Inf | unknown
  906s|   200 |   201 |  1217k|5734.6 |   256M |  25 |1502 | 501 |1236 |5133 |  2 |   0 | 413 |-2.460357e+01 | 0.000000e+00 |    Inf | unknown
 1048s|   300 |   301 |  1429k|4524.6 |   258M |  25 |1502 | 501 |1298 |6970 |  4 |   0 | 449 |-2.460357e+01 | 0.000000e+00 |    Inf | unknown
 1155s|   400 |   401 |  1573k|3752.2 |   253M |  37 |1502 | 501 |1267 |8048 |  2 |   0 | 487 |-2.460357e+01 | 0.000000e+00 |    Inf | unknown
 1250s|   500 |   501 |  1731k|3317.1 |   254M |  37 |1502 | 501 |1320 |9504 |  3 |   0 | 496 |-2.460357e+01 | 0.000000e+00 |    Inf | unknown
 1346s|   600 |   601 |  1851k|2962.9 |   255M |  37 |1502 | 501 |1164 |  10k|  2 |   0 | 525 |-2.460357e+01 | 0.000000e+00 |    Inf | unknown
 1449s|   700 |   701 |  1990k|2739.2 |   256M |  37 |1502 | 501 |1310 |  11k|  2 |   0 | 537 |-2.460357e+01 | 0.000000e+00 |    Inf | unknown
 1550s|   800 |   801 |  2155k|2602.0 |   257M |  37 |1502 | 501 |1262 |  12k|  4 |   0 | 556 |-2.460357e+01 | 0.000000e+00 |    Inf | unknown
 1686s|   900 |   901 |  2368k|2549.2 |   258M |  37 |1502 | 501 |1369 |  14k|  2 |   0 | 571 |-2.460357e+01 | 0.000000e+00 |    Inf | unknown
 1796s|  1000 |  1001 |  2532k|2459.0 |   259M |  37 |1502 | 501 |1340 |  15k|  2 |   0 | 572 |-2.460357e+01 | 0.000000e+00 |    Inf | unknown
 1889s|  1100 |  1101 |  2681k|2370.7 |   262M |  37 |1502 | 501 |1279 |  17k|  2 |   0 | 575 |-2.460357e+01 | 0.000000e+00 |    Inf | unknown
 time | node  | left  |LP iter|LP it/n|mem/heur|mdpt |vars |cons |rows |cuts |sepa|confs|strbr|  dualbound   | primalbound  |  gap   | compl. 
 1987s|  1200 |  1201 |  2830k|2297.1 |   262M |  37 |1502 | 501 |1318 |  18k|  2 |   0 | 584 |-2.460357e+01 | 0.000000e+00 |    Inf | unknown
 2091s|  1300 |  1301 |  3003k|2253.7 |   264M |  37 |1502 | 501 |1288 |  19k|  2 |   0 | 600 |-2.460357e+01 | 0.000000e+00 |    Inf | unknown
 2178s|  1400 |  1401 |  3144k|2193.4 |   265M |  37 |1502 | 501 |1210 |  20k|  2 |   0 | 605 |-2.459883e+01 | 0.000000e+00 |    Inf | unknown
 2265s|  1500 |  1501 |  3293k|2146.0 |   265M |  37 |1502 | 501 |1233 |  21k|  2 |   0 | 616 |-2.459883e+01 | 0.000000e+00 |    Inf | unknown
 2345s|  1600 |  1601 |  3423k|2093.3 |   266M |  37 |1502 | 501 |1246 |  22k|  2 |   0 | 623 |-2.459883e+01 | 0.000000e+00 |    Inf | unknown
 2434s|  1700 |  1701 |  3579k|2061.8 |   267M |  49 |1502 | 501 |1446 |  24k|  2 |   0 | 631 |-2.459883e+01 | 0.000000e+00 |    Inf | unknown
 2527s|  1800 |  1801 |  3738k|2035.6 |   268M |  49 |1502 | 501 |1343 |  25k|  2 |   0 | 636 |-2.459883e+01 | 0.000000e+00 |    Inf | unknown
 2635s|  1900 |  1901 |  3912k|2019.9 |   269M |  49 |1502 | 501 |1374 |  26k|  2 |   0 | 658 |-2.459883e+01 | 0.000000e+00 |    Inf | unknown
 2737s|  2000 |  2001 |  4092k|2009.1 |   271M |  49 |1502 | 501 |1386 |  28k|  2 |   0 | 662 |-2.459883e+01 | 0.000000e+00 |    Inf | unknown
 2830s|  2100 |  2101 |  4248k|1987.6 |   272M |  49 |1502 | 501 |1364 |  29k|  1 |   0 | 676 |-2.459883e+01 | 0.000000e+00 |    Inf | unknown
 2926s|  2200 |  2201 |  4408k|1970.2 |   274M |  49 |1502 | 501 |1316 |  30k|  2 |   0 | 680 |-2.459883e+01 | 0.000000e+00 |    Inf | unknown
 3018s|  2300 |  2301 |  4550k|1946.2 |   276M |  49 |1502 | 501 |1280 |  31k|  2 |   0 | 703 |-2.459883e+01 | 0.000000e+00 |    Inf | unknown
 3105s|  2400 |  2401 |  4700k|1927.6 |   276M |  49 |1502 | 501 |1414 |  33k|  2 |   0 | 708 |-2.459883e+01 | 0.000000e+00 |    Inf | unknown
 3194s|  2500 |  2501 |  4847k|1909.4 |   277M |  53 |1502 | 501 |1446 |  34k|  2 |   0 | 715 |-2.459883e+01 | 0.000000e+00 |    Inf | unknown
 3284s|  2600 |  2601 |  5005k|1896.5 |   278M |  53 |1502 | 501 |1430 |  35k|  3 |   0 | 727 |-2.459883e+01 | 0.000000e+00 |    Inf | unknown
 time | node  | left  |LP iter|LP it/n|mem/heur|mdpt |vars |cons |rows |cuts |sepa|confs|strbr|  dualbound   | primalbound  |  gap   | compl. 
 3378s|  2700 |  2701 |  5151k|1880.3 |   280M |  53 |1502 | 501 |1487 |  36k|  2 |   0 | 728 |-2.459883e+01 | 0.000000e+00 |    Inf | unknown
 3483s|  2800 |  2801 |  5338k|1880.1 |   282M |  53 |1502 | 501 |1370 |  37k|  2 |   0 | 744 |-2.459883e+01 | 0.000000e+00 |    Inf | unknown
 3561s|  2900 |  2901 |  5467k|1859.5 |   283M |  53 |1502 | 501 |1527 |  38k|  2 |   0 | 746 |-2.459883e+01 | 0.000000e+00 |    Inf | unknown
 3671s|  3000 |  3001 |  5651k|1859.1 |   284M |  53 |1502 | 501 |1485 |  40k|  2 |   0 | 767 |-2.459883e+01 | 0.000000e+00 |    Inf | unknown
 3768s|  3100 |  3101 |  5824k|1854.9 |   286M |  53 |1502 | 505 |1356 |  41k|  2 |   4 | 769 |-2.459883e+01 | 0.000000e+00 |    Inf | unknown
 3841s|  3200 |  3201 |  5950k|1836.2 |   286M |  53 |1502 | 506 |1384 |  42k|  1 |   6 | 769 |-2.459883e+01 | 0.000000e+00 |    Inf | unknown
 3929s|  3300 |  3301 |  6095k|1824.6 |   287M |  53 |1502 | 507 |1338 |  42k|  3 |  10 | 780 |-2.459883e+01 | 0.000000e+00 |    Inf | unknown
 4011s|  3400 |  3401 |  6233k|1811.6 |   288M |  53 |1502 | 507 |1404 |  43k|  2 |  13 | 786 |-2.459883e+01 | 0.000000e+00 |    Inf | unknown
 4118s|  3500 |  3501 |  6424k|1814.4 |   288M |  53 |1502 | 508 |1507 |  45k|  2 |  17 | 790 |-2.459883e+01 | 0.000000e+00 |    Inf | unknown
 4219s|  3600 |  3601 |  6578k|1806.6 |   290M |  53 |1502 | 507 |1376 |  46k|  2 |  19 | 805 |-2.459883e+01 | 0.000000e+00 |    Inf | unknown
 4303s|  3700 |  3701 |  6718k|1795.8 |   292M |  53 |1502 | 507 |1459 |  47k|  5 |  22 | 817 |-2.459883e+01 | 0.000000e+00 |    Inf | unknown
 4430s|  3800 |  3801 |  6974k|1815.8 |   293M |  53 |1502 | 505 |1275 |  48k|  2 |  26 | 826 |-2.459883e+01 | 0.000000e+00 |    Inf | unknown
 4520s|  3900 |  3901 |  7118k|1806.1 |   294M |  53 |1502 | 504 |1529 |  49k|  2 |  26 | 831 |-2.459883e+01 | 0.000000e+00 |    Inf | unknown
 4627s|  4000 |  4001 |  7321k|1811.7 |   294M |  53 |1502 | 502 |1369 |  50k|  2 |  26 | 838 |-2.459883e+01 | 0.000000e+00 |    Inf | unknown
 4719s|  4100 |  4101 |  7474k|1804.9 |   297M |  53 |1502 | 502 |1511 |  51k|  4 |  27 | 840 |-2.459883e+01 | 0.000000e+00 |    Inf | unknown
 time | node  | left  |LP iter|LP it/n|mem/heur|mdpt |vars |cons |rows |cuts |sepa|confs|strbr|  dualbound   | primalbound  |  gap   | compl. 
 4800s|  4200 |  4201 |  7617k|1795.9 |   297M |  53 |1502 | 503 |1469 |  53k|  2 |  28 | 850 |-2.459883e+01 | 0.000000e+00 |    Inf | unknown
 4910s|  4300 |  4301 |  7813k|1799.8 |   298M |  53 |1502 | 503 |1488 |  54k|  2 |  29 | 856 |-2.459883e+01 | 0.000000e+00 |    Inf | unknown
 4991s|  4400 |  4401 |  7956k|1791.3 |   299M |  53 |1502 | 502 |1506 |  55k|  2 |  29 | 859 |-2.459883e+01 | 0.000000e+00 |    Inf | unknown
 5098s|  4500 |  4501 |  8148k|1794.1 |   300M |  53 |1502 | 502 |1378 |  56k|  2 |  29 | 863 |-2.459883e+01 | 0.000000e+00 |    Inf | unknown
 5186s|  4600 |  4601 |  8314k|1791.2 |   303M |  53 |1502 | 502 |1536 |  57k|  2 |  31 | 866 |-2.459883e+01 | 0.000000e+00 |    Inf | unknown
 5296s|  4700 |  4701 |  8509k|1794.6 |   303M |  53 |1502 | 502 |1385 |  59k|  2 |  31 | 873 |-2.459883e+01 | 0.000000e+00 |    Inf | unknown
 5401s|  4800 |  4801 |  8686k|1794.3 |   304M |  53 |1502 | 502 |1576 |  60k|  2 |  32 | 878 |-2.459883e+01 | 0.000000e+00 |    Inf | unknown
 5502s|  4900 |  4901 |  8869k|1794.8 |   305M |  53 |1502 | 502 |1466 |  61k|  2 |  32 | 888 |-2.459883e+01 | 0.000000e+00 |    Inf | unknown
 5609s|  5000 |  5001 |  9048k|1794.8 |   307M |  53 |1502 | 503 |1403 |  63k|  4 |  33 | 891 |-2.459883e+01 | 0.000000e+00 |    Inf | unknown
 5711s|  5100 |  5101 |  9221k|1793.5 |   308M |  53 |1502 | 503 |1440 |  64k|  2 |  34 | 904 |-2.459883e+01 | 0.000000e+00 |    Inf | unknown
 5829s|  5200 |  5201 |  9443k|1801.7 |   309M |  53 |1502 | 505 |1194 |  66k|  2 |  36 | 904 |-2.459883e+01 | 0.000000e+00 |    Inf | unknown
 5925s|  5300 |  5301 |  9608k|1799.0 |   311M |  53 |1502 | 503 |1441 |  67k|  5 |  36 | 906 |-2.459883e+01 | 0.000000e+00 |    Inf | unknown
 6027s|  5400 |  5401 |  9794k|1799.9 |   311M |  53 |1502 | 503 |1353 |  68k|  3 |  36 | 910 |-2.459883e+01 | 0.000000e+00 |    Inf | unknown
 6119s|  5500 |  5501 |  9948k|1795.2 |   312M |  53 |1502 | 502 |1408 |  69k|  2 |  37 | 916 |-2.459883e+01 | 0.000000e+00 |    Inf | unknown
 6204s|  5600 |  5601 | 10098k|1790.1 |   313M |  73 |1502 | 502 |1439 |  70k|  3 |  37 | 922 |-2.459883e+01 | 0.000000e+00 |    Inf | unknown
 time | node  | left  |LP iter|LP it/n|mem/heur|mdpt |vars |cons |rows |cuts |sepa|confs|strbr|  dualbound   | primalbound  |  gap   | compl. 
 6287s|  5700 |  5701 | 10255k|1786.1 |   313M |  73 |1502 | 504 |1394 |  71k|  1 |  39 | 922 |-2.459883e+01 | 0.000000e+00 |    Inf | unknown
 6386s|  5800 |  5801 | 10431k|1785.7 |   315M |  73 |1502 | 503 |1574 |  72k|  2 |  39 | 934 |-2.459883e+01 | 0.000000e+00 |    Inf | unknown
 6469s|  5900 |  5901 | 10584k|1781.3 |   315M |  75 |1502 | 502 |1474 |  73k|  4 |  40 | 934 |-2.459883e+01 | 0.000000e+00 |    Inf | unknown
 6570s|  6000 |  6001 | 10767k|1782.2 |   315M |  75 |1502 | 502 |1633 |  75k|  4 |  40 | 941 |-2.459883e+01 | 0.000000e+00 |    Inf | unknown
 6657s|  6100 |  6101 | 10917k|1777.5 |   316M |  75 |1502 | 504 |1416 |  76k|  2 |  42 | 950 |-2.459749e+01 | 0.000000e+00 |    Inf | unknown
 6755s|  6200 |  6201 | 11092k|1777.2 |   317M |  75 |1502 | 503 |1296 |  77k|  2 |  42 | 957 |-2.459749e+01 | 0.000000e+00 |    Inf | unknown
 6843s|  6300 |  6301 | 11250k|1773.9 |   318M |  75 |1502 | 505 |1497 |  78k|  3 |  44 | 957 |-2.459749e+01 | 0.000000e+00 |    Inf | unknown
 6947s|  6400 |  6401 | 11444k|1776.6 |   319M |  75 |1502 | 503 |1382 |  79k|  2 |  44 | 962 |-2.459749e+01 | 0.000000e+00 |    Inf | unknown
 7035s|  6500 |  6501 | 11588k|1771.4 |   319M |  75 |1502 | 504 |1492 |  81k|  4 |  45 | 968 |-2.459620e+01 | 0.000000e+00 |    Inf | unknown
 7120s|  6600 |  6601 | 11743k|1768.0 |   321M |  75 |1502 | 503 |1368 |  82k|  1 |  46 | 970 |-2.459620e+01 | 0.000000e+00 |    Inf | unknown
 7192s|  6700 |  6701 | 11868k|1760.3 |   322M |  75 |1502 | 502 |1448 |  82k|  2 |  46 | 975 |-2.459620e+01 | 0.000000e+00 |    Inf | unknown
 7293s|  6800 |  6801 | 12053k|1761.6 |   324M |  75 |1502 | 502 |1417 |  83k|  4 |  46 | 976 |-2.459620e+01 | 0.000000e+00 |    Inf | unknown
 7395s|  6900 |  6901 | 12237k|1762.8 |   324M |  75 |1502 | 501 |1581 |  85k|  4 |  46 | 984 |-2.459620e+01 | 0.000000e+00 |    Inf | unknown
 7493s|  7000 |  7001 | 12413k|1762.8 |   325M |  75 |1502 | 502 |1447 |  86k|  2 |  47 | 987 |-2.459533e+01 | 0.000000e+00 |    Inf | unknown
 7593s|  7100 |  7101 | 12616k|1766.5 |   326M |  75 |1502 | 502 |1330 |  87k|  2 |  47 | 989 |-2.459533e+01 | 0.000000e+00 |    Inf | unknown
 time | node  | left  |LP iter|LP it/n|mem/heur|mdpt |vars |cons |rows |cuts |sepa|confs|strbr|  dualbound   | primalbound  |  gap   | compl. 
 7677s|  7200 |  7201 | 12756k|1761.5 |   327M |  75 |1502 | 501 |1461 |  88k|  3 |  47 | 997 |-2.459533e+01 | 0.000000e+00 |    Inf | unknown
 7778s|  7300 |  7301 | 12940k|1762.5 |   329M |  75 |1502 | 502 |1436 |  89k|  2 |  48 |1000 |-2.459533e+01 | 0.000000e+00 |    Inf | unknown
 7873s|  7400 |  7401 | 13107k|1761.2 |   329M |  75 |1502 | 502 |1594 |  91k|  2 |  48 |1001 |-2.459478e+01 | 0.000000e+00 |    Inf | unknown
 7973s|  7500 |  7501 | 13277k|1760.4 |   330M |  75 |1502 | 503 |1373 |  92k|  2 |  49 |1006 |-2.459411e+01 | 0.000000e+00 |    Inf | unknown
 8053s|  7600 |  7601 | 13422k|1756.4 |   330M |  75 |1502 | 502 |1624 |  93k|  2 |  49 |1009 |-2.459411e+01 | 0.000000e+00 |    Inf | unknown
 8143s|  7700 |  7701 | 13593k|1755.7 |   332M |  75 |1502 | 504 |1535 |  94k|  1 |  51 |1013 |-2.459411e+01 | 0.000000e+00 |    Inf | unknown
 8241s|  7800 |  7801 | 13773k|1756.3 |   332M |  75 |1502 | 505 |1684 |  95k|  4 |  53 |1018 |-2.459411e+01 | 0.000000e+00 |    Inf | unknown
 8326s|  7900 |  7901 | 13925k|1753.2 |   333M |  75 |1502 | 504 |1491 |  97k|  2 |  54 |1021 |-2.459362e+01 | 0.000000e+00 |    Inf | unknown
 8437s|  8000 |  8001 | 14133k|1757.4 |   334M |  75 |1502 | 505 |1367 |  98k|  4 |  56 |1023 |-2.459362e+01 | 0.000000e+00 |    Inf | unknown
 8524s|  8100 |  8101 | 14294k|1755.6 |   335M |  75 |1502 | 504 |1572 | 100k|  2 |  57 |1024 |-2.459362e+01 | 0.000000e+00 |    Inf | unknown
 8634s|  8200 |  8201 | 14490k|1758.1 |   335M |  75 |1502 | 502 |1433 | 101k|  4 |  57 |1030 |-2.459362e+01 | 0.000000e+00 |    Inf | unknown
 8723s|  8300 |  8301 | 14641k|1755.1 |   336M |  75 |1502 | 503 |1515 | 102k|  2 |  58 |1037 |-2.459351e+01 | 0.000000e+00 |    Inf | unknown
 8826s|  8400 |  8401 | 14835k|1757.3 |   336M |  75 |1502 | 502 |1462 | 103k|  4 |  58 |1039 |-2.459351e+01 | 0.000000e+00 |    Inf | unknown
 8922s|  8500 |  8501 | 15000k|1756.0 |   338M |  75 |1502 | 503 |1572 | 105k|  3 |  59 |1046 |-2.459351e+01 | 0.000000e+00 |    Inf | unknown
 9019s|  8600 |  8601 | 15179k|1756.4 |   338M |  75 |1502 | 505 |1412 | 106k|  2 |  62 |1048 |-2.459351e+01 | 0.000000e+00 |    Inf | unknown
 time | node  | left  |LP iter|LP it/n|mem/heur|mdpt |vars |cons |rows |cuts |sepa|confs|strbr|  dualbound   | primalbound  |  gap   | compl. 
 9112s|  8700 |  8701 | 15362k|1757.2 |   339M |  75 |1502 | 504 |1517 | 107k|  4 |  62 |1050 |-2.459240e+01 | 0.000000e+00 |    Inf | unknown
 9202s|  8800 |  8801 | 15518k|1755.0 |   340M |  75 |1502 | 502 |1511 | 108k|  2 |  62 |1056 |-2.459240e+01 | 0.000000e+00 |    Inf | unknown
 9305s|  8900 |  8901 | 15703k|1756.0 |   342M |  75 |1502 | 501 |1392 | 110k|  2 |  62 |1060 |-2.459240e+01 | 0.000000e+00 |    Inf | unknown
 9388s|  9000 |  9001 | 15847k|1752.6 |   342M |  75 |1502 | 502 |1480 | 111k|  2 |  63 |1061 |-2.459240e+01 | 0.000000e+00 |    Inf | unknown
 9493s|  9100 |  9101 | 16044k|1755.0 |   343M |  75 |1502 | 503 |1435 | 112k|  2 |  64 |1065 |-2.459237e+01 | 0.000000e+00 |    Inf | unknown
 9583s|  9200 |  9201 | 16204k|1753.2 |   345M |  75 |1502 | 502 |1539 | 113k|  3 |  64 |1066 |-2.459237e+01 | 0.000000e+00 |    Inf | unknown
 9687s|  9300 |  9301 | 16379k|1753.2 |   346M |  75 |1502 | 504 |1481 | 114k|  3 |  66 |1070 |-2.459237e+01 | 0.000000e+00 |    Inf | unknown
 9796s|  9400 |  9401 | 16582k|1756.2 |   348M |  75 |1502 | 504 |1609 | 116k|  2 |  66 |1073 |-2.459237e+01 | 0.000000e+00 |    Inf | unknown
 9920s|  9500 |  9501 | 16802k|1760.8 |   348M |  75 |1502 | 505 |1481 | 117k|  2 |  68 |1075 |-2.459175e+01 | 0.000000e+00 |    Inf | unknown
  167m|  9600 |  9601 | 16960k|1759.0 |   350M |  75 |1502 | 504 |1397 | 118k|  2 |  69 |1077 |-2.459175e+01 | 0.000000e+00 |    Inf | unknown
  168m|  9700 |  9701 | 17142k|1759.6 |   350M |  75 |1502 | 502 |1501 | 119k|  2 |  69 |1078 |-2.459175e+01 | 0.000000e+00 |    Inf | unknown
  170m|  9800 |  9801 | 17336k|1761.4 |   352M |  75 |1502 | 503 |1387 | 120k|  1 |  70 |1083 |-2.459175e+01 | 0.000000e+00 |    Inf | unknown
  172m|  9900 |  9901 | 17498k|1760.0 |   352M |  75 |1502 | 502 |1436 | 122k|  2 |  70 |1088 |-2.459130e+01 | 0.000000e+00 |    Inf | unknown
  174m| 10000 | 10001 | 17697k|1762.3 |   352M |  75 |1502 | 502 |1414 | 123k|  2 |  71 |1088 |-2.459130e+01 | 0.000000e+00 |    Inf | unknown
  175m| 10100 | 10101 | 17895k|1764.5 |   353M |  75 |1502 | 503 |1536 | 124k|  3 |  72 |1097 |-2.459130e+01 | 0.000000e+00 |    Inf | unknown
 time | node  | left  |LP iter|LP it/n|mem/heur|mdpt |vars |cons |rows |cuts |sepa|confs|strbr|  dualbound   | primalbound  |  gap   | compl. 
  177m| 10200 | 10201 | 18079k|1765.2 |   353M |  75 |1502 | 502 |1454 | 126k|  4 |  72 |1098 |-2.459130e+01 | 0.000000e+00 |    Inf | unknown
  179m| 10300 | 10301 | 18275k|1767.1 |   355M |  75 |1502 | 503 |1541 | 127k|  4 |  73 |1102 |-2.459099e+01 | 0.000000e+00 |    Inf | unknown

SCIP Status        : solving was interrupted [time limit reached]
Solving Time (sec) : 10800.01
Solving Nodes      : 10348
Primal Bound       : +0.00000000000000e+00 (1 solutions)
Dual Bound         : -2.45909911753722e+01
Gap                : infinite

