Solver command line: ['/cvmfs/soft.computecanada.ca/easybuild/software/2023/x86-64-v4/Compiler/gcc12/scipoptsuite/9.0.0/bin/scip', '/tmp/tmpa9kgj8fr.pyomo', '-AMPL']

SCIP version 9.0.0 [precision: 8 byte] [memory: block] [mode: optimized] [LP solver: Soplex 7.0.0] [GitHash: 7205bedd94]
Copyright (c) 2002-2024 Zuse Institute Berlin (ZIB)

External libraries: 
  Readline 8.1         GNU library for command line editing (gnu.org/s/readline)
  Soplex 7.0.0         Linear Programming Solver developed at Zuse Institute Berlin (soplex.zib.de) [GitHash: 6657fb3b]
  CppAD 20180000.0     Algorithmic Differentiation of C++ algorithms developed by B. Bell (github.com/coin-or/CppAD)
  ZLIB 1.2.13          General purpose compression library by J. Gailly and M. Adler (zlib.net)
  GMP 6.2.1            GNU Multiple Precision Arithmetic Library developed by T. Granlund (gmplib.org)
  ZIMPL 3.5.3          Zuse Institute Mathematical Programming Language developed by T. Koch (zimpl.zib.de)
  AMPL/MP 690e9e7      AMPL .nl file reader library (github.com/ampl/mp)
  PaPILO 2.2.0         parallel presolve for integer and linear optimization (github.com/scipopt/papilo) (built with TBB) [GitHash: df30ae49]
  bliss 0.77           Computing Graph Automorphisms by T. Junttila and P. Kaski (users.aalto.fi/~tjunttil/bliss)
  sassy 1.1            Symmetry preprocessor by Markus Anders (github.com/markusa4/sassy)
  Ipopt 3.14.14        Interior Point Optimizer developed by A. Waechter et.al. (github.com/coin-or/Ipopt)

reading user parameter file <scip.set>
===========================

limits/time = 10800

read problem </tmp/tmpa9kgj8fr.pyomo.nl>
============

original problem has 501 variables (0 bin, 500 int, 0 impl, 1 cont) and 501 constraints

solve problem
=============

1/1 feasible solution given by solution candidate storage, new primal bound 0.000000e+00

presolving:
   (0.1s) symmetry computation started: requiring (bin +, int +, cont +), (fixed: bin -, int -, cont -)
   (0.2s) no symmetry present (symcode time: 0.02)
presolving (1 rounds: 1 fast, 1 medium, 1 exhaustive):
 0 deleted vars, 0 deleted constraints, 0 added constraints, 1 tightened bounds, 0 added holes, 0 changed sides, 0 changed coefficients
 0 implications, 0 cliques
presolved problem has 501 variables (0 bin, 500 int, 0 impl, 1 cont) and 501 constraints
    500 constraints of type <linear>
      1 constraints of type <nonlinear>
Presolving Time: 0.18
transformed 1/1 original solutions to the transformed problem space

 time | node  | left  |LP iter|LP it/n|mem/heur|mdpt |vars |cons |rows |cuts |sepa|confs|strbr|  dualbound   | primalbound  |  gap   | compl. 
  3.3s|     1 |     0 |  4407 |     - |   133M |   0 |1502 | 501 |2500 |   0 |  0 |   0 |   0 |-2.477245e+01 | 0.000000e+00 |    Inf | unknown
  7.1s|     1 |     0 |  6834 |     - |   140M |   0 |1502 | 501 |3001 | 501 |  1 |   0 |   0 |-2.477245e+01 | 0.000000e+00 |    Inf | unknown
 13.1s|     1 |     0 | 19976 |     - |   166M |   0 |1502 | 501 |3496 | 996 |  2 |   0 |   0 |-2.477245e+01 | 0.000000e+00 |    Inf | unknown
 17.4s|     1 |     0 | 32633 |     - |   168M |   0 |1502 | 501 |3964 |1464 |  3 |   0 |   0 |-2.477245e+01 | 0.000000e+00 |    Inf | unknown
 22.8s|     1 |     0 | 45926 |     - |   170M |   0 |1502 | 501 |4395 |1895 |  4 |   0 |   0 |-2.477245e+01 | 0.000000e+00 |    Inf | unknown
 29.0s|     1 |     0 | 59519 |     - |   181M |   0 |1502 | 501 |4768 |2268 |  5 |   0 |   0 |-2.475185e+01 | 0.000000e+00 |    Inf | unknown
 30.0s|     1 |     0 | 59519 |     - |   181M |   0 |1502 | 501 |4768 |2268 |  5 |   0 |   0 |-2.475185e+01 | 0.000000e+00 |    Inf | unknown
 36.1s|     1 |     0 | 70405 |     - |   192M |   0 |1502 | 501 |5039 |2539 |  6 |   0 |   0 |-2.464565e+01 | 0.000000e+00 |    Inf | unknown
 36.9s|     1 |     0 | 70405 |     - |   192M |   0 |1502 | 501 |5039 |2539 |  6 |   0 |   0 |-2.464565e+01 | 0.000000e+00 |    Inf | unknown
 40.7s|     1 |     0 | 76743 |     - |   208M |   0 |1502 | 501 |5152 |2652 |  7 |   0 |   0 |-2.459725e+01 | 0.000000e+00 |    Inf | unknown
 41.5s|     1 |     0 | 76743 |     - |   208M |   0 |1502 | 501 |5152 |2652 |  7 |   0 |   0 |-2.459725e+01 | 0.000000e+00 |    Inf | unknown
 43.4s|     1 |     0 | 78326 |     - |   226M |   0 |1502 | 501 |5194 |2694 |  8 |   0 |   0 |-2.458543e+01 | 0.000000e+00 |    Inf | unknown
 44.2s|     1 |     0 | 78326 |     - |   226M |   0 |1502 | 501 |5194 |2694 |  8 |   0 |   0 |-2.458543e+01 | 0.000000e+00 |    Inf | unknown
 45.4s|     1 |     0 | 78497 |     - |   241M |   0 |1502 | 501 |5200 |2700 |  9 |   0 |   0 |-2.458514e+01 | 0.000000e+00 |    Inf | unknown
 46.2s|     1 |     0 | 78497 |     - |   241M |   0 |1502 | 501 |5200 |2700 |  9 |   0 |   0 |-2.458514e+01 | 0.000000e+00 |    Inf | unknown
 time | node  | left  |LP iter|LP it/n|mem/heur|mdpt |vars |cons |rows |cuts |sepa|confs|strbr|  dualbound   | primalbound  |  gap   | compl. 
 47.3s|     1 |     0 | 78544 |     - |   244M |   0 |1502 | 501 |5203 |2703 | 10 |   0 |   0 |-2.458508e+01 | 0.000000e+00 |    Inf | unknown
 48.7s|     1 |     0 | 78605 |     - |   245M |   0 |1502 | 501 |2716 |2704 | 11 |   0 |   0 |-2.458498e+01 | 0.000000e+00 |    Inf | unknown
 50.2s|     1 |     0 | 78637 |     - |   245M |   0 |1502 | 501 |2718 |2706 | 12 |   0 |   0 |-2.458496e+01 | 0.000000e+00 |    Inf | unknown
 51.6s|     1 |     0 | 78659 |     - |   246M |   0 |1502 | 501 |2719 |2707 | 13 |   0 |   0 |-2.458495e+01 | 0.000000e+00 |    Inf | unknown
 53.0s|     1 |     0 | 78671 |     - |   246M |   0 |1502 | 501 |2720 |2708 | 14 |   0 |   0 |-2.458495e+01 | 0.000000e+00 |    Inf | unknown
 54.5s|     1 |     0 | 78677 |     - |   246M |   0 |1502 | 501 |2721 |2709 | 15 |   0 |   0 |-2.458495e+01 | 0.000000e+00 |    Inf | unknown
 55.9s|     1 |     0 | 78679 |     - |   246M |   0 |1502 | 501 |2722 |2710 | 16 |   0 |   0 |-2.458495e+01 | 0.000000e+00 |    Inf | unknown
  532s|     1 |     2 |882218 |     - |   247M |   0 |1502 | 501 |2722 |2710 | 17 |   0 |  22 |-2.458424e+01 | 0.000000e+00 |    Inf | unknown
  816s|   100 |   101 |  1107k|10388.3 |   254M |  17 |1502 | 501 |1246 |4108 |  2 |   0 | 360 |-2.458415e+01 | 0.000000e+00 |    Inf | unknown
  953s|   200 |   201 |  1280k|6041.8 |   255M |  37 |1502 | 501 |1384 |5084 |  2 |   0 | 434 |-2.458415e+01 | 0.000000e+00 |    Inf | unknown
 1064s|   300 |   301 |  1433k|4529.9 |   256M |  37 |1502 | 501 |1427 |6140 |  2 |   0 | 459 |-2.458415e+01 | 0.000000e+00 |    Inf | unknown
 1175s|   400 |   401 |  1605k|3825.9 |   253M |  37 |1502 | 501 |1379 |7376 |  4 |   0 | 493 |-2.458415e+01 | 0.000000e+00 |    Inf | unknown
 1278s|   500 |   501 |  1758k|3365.7 |   254M |  37 |1502 | 501 |1389 |8373 |  2 |   0 | 507 |-2.458415e+01 | 0.000000e+00 |    Inf | unknown
 1377s|   600 |   601 |  1897k|3036.3 |   255M |  37 |1502 | 501 |1370 |9487 |  2 |   0 | 525 |-2.458415e+01 | 0.000000e+00 |    Inf | unknown
 1474s|   700 |   701 |  2041k|2807.6 |   256M |  37 |1502 | 501 |1370 |  10k|  3 |   0 | 544 |-2.458415e+01 | 0.000000e+00 |    Inf | unknown
 time | node  | left  |LP iter|LP it/n|mem/heur|mdpt |vars |cons |rows |cuts |sepa|confs|strbr|  dualbound   | primalbound  |  gap   | compl. 
 1587s|   800 |   801 |  2198k|2652.6 |   257M |  37 |1502 | 501 |1364 |  11k|  2 |   0 | 556 |-2.458415e+01 | 0.000000e+00 |    Inf | unknown
 1689s|   900 |   901 |  2331k|2505.4 |   258M |  37 |1502 | 501 |1403 |  12k|  1 |   0 | 578 |-2.458415e+01 | 0.000000e+00 |    Inf | unknown
 1784s|  1000 |  1001 |  2503k|2427.1 |   258M |  37 |1502 | 501 |1507 |  14k|  2 |   0 | 580 |-2.458415e+01 | 0.000000e+00 |    Inf | unknown
 1883s|  1100 |  1101 |  2634k|2325.9 |   260M |  37 |1502 | 501 |1372 |  14k|  2 |   0 | 581 |-2.458415e+01 | 0.000000e+00 |    Inf | unknown
 1986s|  1200 |  1201 |  2782k|2254.8 |   262M |  37 |1502 | 501 |1442 |  16k|  2 |   0 | 582 |-2.458415e+01 | 0.000000e+00 |    Inf | unknown
 2109s|  1300 |  1301 |  2988k|2240.0 |   263M |  37 |1502 | 501 |1462 |  17k|  2 |   0 | 590 |-2.458415e+01 | 0.000000e+00 |    Inf | unknown
 2208s|  1400 |  1401 |  3126k|2178.2 |   264M |  37 |1502 | 501 |1381 |  18k|  2 |   0 | 598 |-2.458415e+01 | 0.000000e+00 |    Inf | unknown
 2315s|  1500 |  1501 |  3311k|2156.5 |   265M |  37 |1502 | 501 |1384 |  19k|  2 |   0 | 603 |-2.458415e+01 | 0.000000e+00 |    Inf | unknown
 2419s|  1600 |  1601 |  3478k|2126.3 |   265M |  37 |1502 | 501 |1418 |  20k|  1 |   0 | 627 |-2.458415e+01 | 0.000000e+00 |    Inf | unknown
 2507s|  1700 |  1701 |  3616k|2082.4 |   267M |  37 |1502 | 501 |1378 |  21k|  2 |   0 | 629 |-2.458415e+01 | 0.000000e+00 |    Inf | unknown
 2596s|  1800 |  1801 |  3755k|2043.9 |   268M |  37 |1502 | 501 |1433 |  22k|  3 |   0 | 638 |-2.458415e+01 | 0.000000e+00 |    Inf | unknown
 2670s|  1900 |  1901 |  3875k|1999.3 |   268M |  37 |1502 | 501 |1382 |  23k|  2 |   0 | 642 |-2.458415e+01 | 0.000000e+00 |    Inf | unknown
 2762s|  2000 |  2001 |  4030k|1977.0 |   269M |  37 |1502 | 501 |1399 |  24k|  2 |   0 | 646 |-2.458415e+01 | 0.000000e+00 |    Inf | unknown
 2843s|  2100 |  2101 |  4160k|1944.9 |   269M |  37 |1502 | 501 |1467 |  25k|  2 |   0 | 651 |-2.458415e+01 | 0.000000e+00 |    Inf | unknown
 2936s|  2200 |  2201 |  4326k|1931.5 |   272M |  37 |1502 | 501 |1420 |  27k|  4 |   0 | 663 |-2.458415e+01 | 0.000000e+00 |    Inf | unknown
 time | node  | left  |LP iter|LP it/n|mem/heur|mdpt |vars |cons |rows |cuts |sepa|confs|strbr|  dualbound   | primalbound  |  gap   | compl. 
 3023s|  2300 |  2301 |  4454k|1903.5 |   272M |  37 |1502 | 501 |1381 |  28k|  1 |   0 | 669 |-2.458415e+01 | 0.000000e+00 |    Inf | unknown
 3123s|  2400 |  2401 |  4615k|1891.1 |   273M |  37 |1502 | 501 |1355 |  29k|  4 |   0 | 674 |-2.458415e+01 | 0.000000e+00 |    Inf | unknown
 3212s|  2500 |  2501 |  4761k|1874.0 |   274M |  65 |1502 | 501 |1350 |  30k|  2 |   0 | 679 |-2.458415e+01 | 0.000000e+00 |    Inf | unknown
 3258s|  2600 |  2601 |  4824k|1826.1 |   275M |  71 |1502 | 503 |1378 |  30k|  2 |   2 | 682 |-2.458415e+01 | 0.000000e+00 |    Inf | unknown
 3349s|  2700 |  2701 |  4975k|1814.3 |   277M |  71 |1502 | 506 |1456 |  32k|  2 |   6 | 687 |-2.458415e+01 | 0.000000e+00 |    Inf | unknown
 3445s|  2800 |  2801 |  5150k|1811.8 |   277M |  71 |1502 | 509 |1350 |  33k|  2 |  11 | 690 |-2.457161e+01 | 0.000000e+00 |    Inf | unknown
 3531s|  2900 |  2901 |  5285k|1796.1 |   279M |  71 |1502 | 508 |1232 |  34k|  2 |  13 | 699 |-2.457161e+01 | 0.000000e+00 |    Inf | unknown
 3623s|  3000 |  3001 |  5437k|1786.7 |   279M |  71 |1502 | 506 |1401 |  35k|  1 |  13 | 704 |-2.457161e+01 | 0.000000e+00 |    Inf | unknown
 3726s|  3100 |  3101 |  5611k|1785.3 |   282M |  71 |1502 | 506 |1381 |  36k|  2 |  18 | 711 |-2.457161e+01 | 0.000000e+00 |    Inf | unknown
 3847s|  3200 |  3201 |  5836k|1799.9 |   283M |  71 |1502 | 505 |1273 |  37k|  2 |  19 | 726 |-2.457126e+01 | 0.000000e+00 |    Inf | unknown
 3961s|  3300 |  3301 |  6041k|1807.5 |   284M |  71 |1502 | 502 |1400 |  39k|  2 |  20 | 733 |-2.457088e+01 | 0.000000e+00 |    Inf | unknown
 4067s|  3400 |  3401 |  6220k|1807.1 |   285M |  71 |1502 | 502 |1368 |  40k|  2 |  20 | 751 |-2.456676e+01 | 0.000000e+00 |    Inf | unknown
 4168s|  3500 |  3501 |  6403k|1807.6 |   286M |  71 |1502 | 504 |1302 |  41k|  2 |  22 | 761 |-2.456676e+01 | 0.000000e+00 |    Inf | unknown
 4246s|  3600 |  3601 |  6528k|1792.2 |   287M |  71 |1502 | 504 |1517 |  42k|  2 |  22 | 764 |-2.456676e+01 | 0.000000e+00 |    Inf | unknown
 4330s|  3700 |  3701 |  6660k|1779.4 |   288M |  71 |1502 | 504 |1429 |  43k|  2 |  23 | 775 |-2.456602e+01 | 0.000000e+00 |    Inf | unknown
 time | node  | left  |LP iter|LP it/n|mem/heur|mdpt |vars |cons |rows |cuts |sepa|confs|strbr|  dualbound   | primalbound  |  gap   | compl. 
 4431s|  3800 |  3801 |  6817k|1773.8 |   289M |  71 |1502 | 504 |1424 |  44k|  2 |  23 | 796 |-2.456602e+01 | 0.000000e+00 |    Inf | unknown
 4515s|  3900 |  3901 |  6951k|1762.8 |   290M |  71 |1502 | 502 |1461 |  45k|  3 |  23 | 799 |-2.456602e+01 | 0.000000e+00 |    Inf | unknown
 4606s|  4000 |  4001 |  7092k|1753.8 |   292M |  71 |1502 | 502 |1475 |  46k|  2 |  23 | 806 |-2.456602e+01 | 0.000000e+00 |    Inf | unknown
 4704s|  4100 |  4101 |  7251k|1749.9 |   295M |  71 |1502 | 504 |1378 |  47k|  2 |  26 | 825 |-2.456445e+01 | 0.000000e+00 |    Inf | unknown
 4796s|  4200 |  4201 |  7396k|1742.7 |   296M |  71 |1502 | 504 |1313 |  48k|  2 |  26 | 834 |-2.456445e+01 | 0.000000e+00 |    Inf | unknown
 4881s|  4300 |  4301 |  7539k|1735.5 |   297M |  71 |1502 | 506 |1473 |  49k|  2 |  28 | 836 |-2.456445e+01 | 0.000000e+00 |    Inf | unknown
 4961s|  4400 |  4401 |  7657k|1722.9 |   298M |  71 |1502 | 506 |1372 |  50k|  2 |  29 | 843 |-2.456443e+01 | 0.000000e+00 |    Inf | unknown
 5053s|  4500 |  4501 |  7808k|1718.1 |   300M |  71 |1502 | 506 |1293 |  52k|  2 |  31 | 856 |-2.456443e+01 | 0.000000e+00 |    Inf | unknown
 5134s|  4600 |  4601 |  7951k|1711.9 |   300M |  71 |1502 | 505 |1515 |  52k|  2 |  32 | 857 |-2.456443e+01 | 0.000000e+00 |    Inf | unknown
 5251s|  4700 |  4701 |  8134k|1714.4 |   301M |  71 |1502 | 504 |1558 |  54k|  2 |  32 | 870 |-2.456443e+01 | 0.000000e+00 |    Inf | unknown
 5349s|  4800 |  4801 |  8312k|1715.7 |   303M |  71 |1502 | 504 |1489 |  55k|  2 |  34 | 876 |-2.456427e+01 | 0.000000e+00 |    Inf | unknown
 5441s|  4900 |  4901 |  8474k|1713.8 |   304M |  71 |1502 | 503 |1452 |  56k|  2 |  34 | 878 |-2.456427e+01 | 0.000000e+00 |    Inf | unknown
 5529s|  5000 |  5001 |  8613k|1707.3 |   306M |  71 |1502 | 503 |1508 |  57k|  2 |  35 | 888 |-2.456427e+01 | 0.000000e+00 |    Inf | unknown
 5609s|  5100 |  5101 |  8753k|1701.3 |   307M |  71 |1502 | 506 |1408 |  59k|  2 |  39 | 889 |-2.456352e+01 | 0.000000e+00 |    Inf | unknown
 5712s|  5200 |  5201 |  8945k|1705.5 |   307M |  71 |1502 | 505 |1287 |  60k|  2 |  39 | 892 |-2.456352e+01 | 0.000000e+00 |    Inf | unknown
 time | node  | left  |LP iter|LP it/n|mem/heur|mdpt |vars |cons |rows |cuts |sepa|confs|strbr|  dualbound   | primalbound  |  gap   | compl. 
 5812s|  5300 |  5301 |  9114k|1705.2 |   307M |  71 |1502 | 504 |1595 |  61k|  2 |  39 | 896 |-2.456352e+01 | 0.000000e+00 |    Inf | unknown
 5916s|  5400 |  5401 |  9308k|1709.5 |   309M |  71 |1502 | 502 |1464 |  62k|  2 |  40 | 899 |-2.456214e+01 | 0.000000e+00 |    Inf | unknown
 6017s|  5500 |  5501 |  9498k|1713.0 |   310M |  71 |1502 | 502 |1379 |  64k|  2 |  40 | 904 |-2.456214e+01 | 0.000000e+00 |    Inf | unknown
 6105s|  5600 |  5601 |  9647k|1709.1 |   310M |  71 |1502 | 501 |1540 |  65k|  2 |  40 | 904 |-2.456214e+01 | 0.000000e+00 |    Inf | unknown
 6208s|  5700 |  5701 |  9813k|1708.2 |   311M |  71 |1502 | 502 |1505 |  66k|  5 |  41 | 922 |-2.456214e+01 | 0.000000e+00 |    Inf | unknown
 6316s|  5800 |  5801 | 10021k|1714.6 |   312M |  71 |1502 | 504 |1434 |  67k|  2 |  43 | 923 |-2.456190e+01 | 0.000000e+00 |    Inf | unknown
 6411s|  5900 |  5901 | 10184k|1713.1 |   313M |  71 |1502 | 505 |1362 |  68k|  4 |  45 | 925 |-2.456190e+01 | 0.000000e+00 |    Inf | unknown
 6499s|  6000 |  6001 | 10325k|1708.0 |   314M |  71 |1502 | 505 |1448 |  69k|  2 |  46 | 931 |-2.456190e+01 | 0.000000e+00 |    Inf | unknown
 6601s|  6100 |  6101 | 10511k|1710.6 |   314M |  71 |1502 | 505 |1413 |  70k|  2 |  47 | 935 |-2.456190e+01 | 0.000000e+00 |    Inf | unknown
 6700s|  6200 |  6201 | 10686k|1711.2 |   314M |  71 |1502 | 503 |1364 |  71k|  2 |  48 | 946 |-2.456123e+01 | 0.000000e+00 |    Inf | unknown
 6779s|  6300 |  6301 | 10805k|1703.0 |   315M |  71 |1502 | 503 |1470 |  72k|  2 |  48 | 956 |-2.456123e+01 | 0.000000e+00 |    Inf | unknown
 6879s|  6400 |  6401 | 10997k|1706.3 |   316M |  71 |1502 | 504 |1531 |  73k|  2 |  50 | 957 |-2.456123e+01 | 0.000000e+00 |    Inf | unknown
 6979s|  6500 |  6501 | 11185k|1709.0 |   316M |  73 |1502 | 501 |1390 |  74k|  2 |  50 | 961 |-2.456123e+01 | 0.000000e+00 |    Inf | unknown
 7084s|  6600 |  6601 | 11366k|1710.5 |   317M |  73 |1502 | 503 |1530 |  75k|  2 |  52 | 963 |-2.456123e+01 | 0.000000e+00 |    Inf | unknown
 7194s|  6700 |  6701 | 11568k|1715.1 |   319M |  73 |1502 | 505 |1525 |  77k|  4 |  54 | 968 |-2.456123e+01 | 0.000000e+00 |    Inf | unknown
 time | node  | left  |LP iter|LP it/n|mem/heur|mdpt |vars |cons |rows |cuts |sepa|confs|strbr|  dualbound   | primalbound  |  gap   | compl. 
 7311s|  6800 |  6801 | 11794k|1723.2 |   320M |  73 |1502 | 501 |1530 |  78k|  2 |  54 | 970 |-2.456123e+01 | 0.000000e+00 |    Inf | unknown
 7406s|  6900 |  6901 | 11955k|1721.5 |   321M |  73 |1502 | 502 |1502 |  79k|  5 |  55 | 974 |-2.456123e+01 | 0.000000e+00 |    Inf | unknown
 7496s|  7000 |  7001 | 12116k|1719.9 |   322M |  73 |1502 | 504 |1317 |  80k|  2 |  57 | 978 |-2.456041e+01 | 0.000000e+00 |    Inf | unknown
 7591s|  7100 |  7101 | 12287k|1719.9 |   322M |  73 |1502 | 503 |1565 |  82k|  2 |  57 | 978 |-2.456041e+01 | 0.000000e+00 |    Inf | unknown
 7683s|  7200 |  7201 | 12441k|1717.4 |   323M |  77 |1502 | 502 |1436 |  82k|  2 |  58 | 987 |-2.456041e+01 | 0.000000e+00 |    Inf | unknown
 7750s|  7300 |  7301 | 12552k|1709.0 |   323M |  77 |1502 | 503 |1531 |  83k|  2 |  59 | 988 |-2.456041e+01 | 0.000000e+00 |    Inf | unknown
 7853s|  7400 |  7401 | 12753k|1713.0 |   325M |  77 |1502 | 503 |1477 |  85k|  2 |  59 | 990 |-2.456041e+01 | 0.000000e+00 |    Inf | unknown
 7955s|  7500 |  7501 | 12942k|1715.4 |   326M |  77 |1502 | 502 |1535 |  85k|  3 |  60 | 995 |-2.456019e+01 | 0.000000e+00 |    Inf | unknown
 8053s|  7600 |  7601 | 13091k|1712.4 |   326M |  77 |1502 | 502 |1502 |  87k|  2 |  60 | 996 |-2.455939e+01 | 0.000000e+00 |    Inf | unknown
 8147s|  7700 |  7701 | 13256k|1711.6 |   327M |  77 |1502 | 504 |1574 |  88k|  4 |  62 |1003 |-2.455939e+01 | 0.000000e+00 |    Inf | unknown
 8259s|  7800 |  7801 | 13472k|1717.3 |   327M |  77 |1502 | 501 |1436 |  89k|  2 |  62 |1007 |-2.455939e+01 | 0.000000e+00 |    Inf | unknown
 8328s|  7900 |  7901 | 13573k|1708.4 |   329M |  77 |1502 | 502 |1438 |  90k|  1 |  63 |1007 |-2.455939e+01 | 0.000000e+00 |    Inf | unknown
 8427s|  8000 |  8001 | 13751k|1709.3 |   329M |  77 |1502 | 503 |1448 |  91k|  2 |  64 |1014 |-2.455939e+01 | 0.000000e+00 |    Inf | unknown
 8530s|  8100 |  8101 | 13936k|1711.1 |   330M |  77 |1502 | 502 |1629 |  92k|  5 |  64 |1020 |-2.455939e+01 | 0.000000e+00 |    Inf | unknown
L8590s|  8164 |  8165 | 14048k|1711.4 |    alns|  77 |1502 | 501 |1475 |  93k|  2 |  64 |1020 |-2.455939e+01 |-6.047994e-01 |3960.75%| unknown
 time | node  | left  |LP iter|LP it/n|mem/heur|mdpt |vars |cons |rows |cuts |sepa|confs|strbr|  dualbound   | primalbound  |  gap   | compl. 
 8636s|  8200 |  8201 | 14129k|1713.7 |   330M |  77 |1502 | 501 |1477 |  94k|  2 |  65 |1020 |-2.455939e+01 |-6.047994e-01 |3960.75%| unknown
 8700s|  8300 |  8301 | 14226k|1704.8 |   330M |  77 |1502 | 501 |1539 |  95k|  2 |  65 |1030 |-2.455939e+01 |-6.047994e-01 |3960.75%| unknown
 8803s|  8400 |  8401 | 14409k|1706.3 |   333M |  77 |1502 | 504 |1479 |  96k|  4 |  68 |1036 |-2.455939e+01 |-6.047994e-01 |3960.75%| unknown
 8900s|  8500 |  8501 | 14591k|1707.6 |   334M |  77 |1502 | 504 |1572 |  97k|  2 |  68 |1036 |-2.455939e+01 |-6.047994e-01 |3960.75%| unknown
 8997s|  8600 |  8601 | 14760k|1707.4 |   334M |  77 |1502 | 502 |1422 |  98k|  2 |  68 |1041 |-2.455939e+01 |-6.047994e-01 |3960.75%| unknown
 9074s|  8700 |  8701 | 14886k|1702.3 |   334M |  77 |1502 | 503 |1568 |  99k|  2 |  70 |1046 |-2.455939e+01 |-6.047994e-01 |3960.75%| unknown
 9175s|  8800 |  8801 | 15085k|1705.5 |   336M |  77 |1502 | 503 |1436 | 100k|  2 |  70 |1046 |-2.455939e+01 |-6.047994e-01 |3960.75%| unknown
 9277s|  8900 |  8901 | 15273k|1707.4 |   336M |  77 |1502 | 503 |1617 | 101k|  4 |  72 |1054 |-2.455939e+01 |-6.047994e-01 |3960.75%| unknown
 9374s|  9000 |  9001 | 15432k|1706.2 |   336M |  77 |1502 | 505 |1420 | 102k|  2 |  74 |1059 |-2.455939e+01 |-6.047994e-01 |3960.75%| unknown
 9467s|  9100 |  9101 | 15601k|1706.0 |   337M |  77 |1502 | 507 |1515 | 104k|  1 |  76 |1060 |-2.455876e+01 |-6.047994e-01 |3960.65%| unknown
 9582s|  9200 |  9201 | 15816k|1710.8 |   338M |  77 |1502 | 504 |1546 | 105k|  1 |  77 |1066 |-2.455876e+01 |-6.047994e-01 |3960.65%| unknown
 9670s|  9300 |  9301 | 15959k|1707.8 |   340M |  77 |1502 | 504 |1594 | 106k|  5 |  77 |1070 |-2.455876e+01 |-6.047994e-01 |3960.65%| unknown
 9785s|  9400 |  9401 | 16163k|1711.3 |   341M |  77 |1502 | 505 |1458 | 107k|  2 |  80 |1075 |-2.455876e+01 |-6.047994e-01 |3960.65%| unknown
 9880s|  9500 |  9501 | 16337k|1711.6 |   342M |  77 |1502 | 505 |1523 | 108k|  2 |  80 |1078 |-2.455821e+01 |-6.047994e-01 |3960.56%| unknown
 9979s|  9600 |  9601 | 16515k|1712.3 |   343M |  77 |1502 | 505 |1370 | 109k|  2 |  82 |1080 |-2.455784e+01 |-6.047994e-01 |3960.49%| unknown
 time | node  | left  |LP iter|LP it/n|mem/heur|mdpt |vars |cons |rows |cuts |sepa|confs|strbr|  dualbound   | primalbound  |  gap   | compl. 
  168m|  9700 |  9701 | 16664k|1710.1 |   343M |  77 |1502 | 504 |1478 | 111k|  2 |  83 |1081 |-2.455739e+01 |-6.047994e-01 |3960.42%| unknown
  170m|  9800 |  9801 | 16902k|1716.9 |   344M |  77 |1502 | 505 |1458 | 112k|  4 |  85 |1089 |-2.455730e+01 |-6.047994e-01 |3960.40%| unknown
  171m|  9900 |  9901 | 17079k|1717.4 |   344M |  77 |1502 | 503 |1535 | 113k|  2 |  85 |1092 |-2.455730e+01 |-6.047994e-01 |3960.40%| unknown
  173m| 10000 | 10001 | 17246k|1717.0 |   345M |  77 |1502 | 505 |1493 | 115k|  2 |  87 |1096 |-2.455730e+01 |-6.047994e-01 |3960.40%| unknown
  175m| 10100 | 10101 | 17413k|1716.4 |   346M |  77 |1502 | 504 |1586 | 116k|  2 |  88 |1102 |-2.455730e+01 |-6.047994e-01 |3960.40%| unknown
  177m| 10200 | 10201 | 17666k|1724.5 |   347M |  77 |1502 | 501 |1461 | 117k|  2 |  88 |1104 |-2.455730e+01 |-6.047994e-01 |3960.40%| unknown
  179m| 10300 | 10301 | 17841k|1724.7 |   349M |  77 |1502 | 503 |1555 | 119k|  1 |  90 |1110 |-2.455730e+01 |-6.047994e-01 |3960.40%| unknown

SCIP Status        : solving was interrupted [time limit reached]
Solving Time (sec) : 10800.00
Solving Nodes      : 10383
Primal Bound       : -6.04799390207376e-01 (2 solutions)
Dual Bound         : -2.45573045159403e+01
Gap                : 3960.40 %

