Solver command line: ['/cvmfs/soft.computecanada.ca/easybuild/software/2023/x86-64-v4/Compiler/gcc12/scipoptsuite/9.0.0/bin/scip', '/tmp/tmpi6xqj4uf.pyomo', '-AMPL']

SCIP version 9.0.0 [precision: 8 byte] [memory: block] [mode: optimized] [LP solver: Soplex 7.0.0] [GitHash: 7205bedd94]
Copyright (c) 2002-2024 Zuse Institute Berlin (ZIB)

External libraries: 
  Readline 8.1         GNU library for command line editing (gnu.org/s/readline)
  Soplex 7.0.0         Linear Programming Solver developed at Zuse Institute Berlin (soplex.zib.de) [GitHash: 6657fb3b]
  CppAD 20180000.0     Algorithmic Differentiation of C++ algorithms developed by B. Bell (github.com/coin-or/CppAD)
  ZLIB 1.2.13          General purpose compression library by J. Gailly and M. Adler (zlib.net)
  GMP 6.2.1            GNU Multiple Precision Arithmetic Library developed by T. Granlund (gmplib.org)
  ZIMPL 3.5.3          Zuse Institute Mathematical Programming Language developed by T. Koch (zimpl.zib.de)
  AMPL/MP 690e9e7      AMPL .nl file reader library (github.com/ampl/mp)
  PaPILO 2.2.0         parallel presolve for integer and linear optimization (github.com/scipopt/papilo) (built with TBB) [GitHash: df30ae49]
  bliss 0.77           Computing Graph Automorphisms by T. Junttila and P. Kaski (users.aalto.fi/~tjunttil/bliss)
  sassy 1.1            Symmetry preprocessor by Markus Anders (github.com/markusa4/sassy)
  Ipopt 3.14.14        Interior Point Optimizer developed by A. Waechter et.al. (github.com/coin-or/Ipopt)

reading user parameter file <scip.set>
===========================

limits/time = 10800

read problem </tmp/tmpi6xqj4uf.pyomo.nl>
============

original problem has 501 variables (0 bin, 500 int, 0 impl, 1 cont) and 501 constraints

solve problem
=============

1/1 feasible solution given by solution candidate storage, new primal bound 0.000000e+00

presolving:
   (0.1s) symmetry computation started: requiring (bin +, int +, cont +), (fixed: bin -, int -, cont -)
   (0.2s) no symmetry present (symcode time: 0.02)
presolving (1 rounds: 1 fast, 1 medium, 1 exhaustive):
 0 deleted vars, 0 deleted constraints, 0 added constraints, 1 tightened bounds, 0 added holes, 0 changed sides, 0 changed coefficients
 0 implications, 0 cliques
presolved problem has 501 variables (0 bin, 500 int, 0 impl, 1 cont) and 501 constraints
    500 constraints of type <linear>
      1 constraints of type <nonlinear>
Presolving Time: 0.18
transformed 1/1 original solutions to the transformed problem space

 time | node  | left  |LP iter|LP it/n|mem/heur|mdpt |vars |cons |rows |cuts |sepa|confs|strbr|  dualbound   | primalbound  |  gap   | compl. 
  3.6s|     1 |     0 |  4475 |     - |   133M |   0 |1502 | 501 |2500 |   0 |  0 |   0 |   0 |-2.477245e+01 | 0.000000e+00 |    Inf | unknown
  7.0s|     1 |     0 |  6414 |     - |   141M |   0 |1502 | 501 |3000 | 500 |  1 |   0 |   0 |-2.477245e+01 | 0.000000e+00 |    Inf | unknown
 10.9s|     1 |     0 |  7987 |     - |   166M |   0 |1502 | 501 |3494 | 994 |  2 |   0 |   0 |-2.477245e+01 | 0.000000e+00 |    Inf | unknown
 21.6s|     1 |     0 | 18695 |     - |   177M |   0 |1502 | 501 |3969 |1469 |  3 |   0 |   0 |-2.476440e+01 | 0.000000e+00 |    Inf | unknown
 22.7s|     1 |     0 | 18695 |     - |   178M |   0 |1502 | 501 |3969 |1469 |  3 |   0 |   0 |-2.476440e+01 | 0.000000e+00 |    Inf | unknown
 29.8s|     1 |     0 | 29497 |     - |   190M |   0 |1502 | 501 |4275 |1775 |  4 |   0 |   0 |-2.468391e+01 | 0.000000e+00 |    Inf | unknown
 30.7s|     1 |     0 | 29497 |     - |   190M |   0 |1502 | 501 |4275 |1775 |  4 |   0 |   0 |-2.468391e+01 | 0.000000e+00 |    Inf | unknown
 37.8s|     1 |     0 | 40022 |     - |   205M |   0 |1502 | 501 |4432 |1932 |  5 |   0 |   0 |-2.460498e+01 | 0.000000e+00 |    Inf | unknown
 38.6s|     1 |     0 | 40022 |     - |   205M |   0 |1502 | 501 |4432 |1932 |  5 |   0 |   0 |-2.460498e+01 | 0.000000e+00 |    Inf | unknown
 40.5s|     1 |     0 | 41597 |     - |   225M |   0 |1502 | 501 |4470 |1970 |  6 |   0 |   0 |-2.459298e+01 | 0.000000e+00 |    Inf | unknown
 41.4s|     1 |     0 | 41597 |     - |   225M |   0 |1502 | 501 |4470 |1970 |  6 |   0 |   0 |-2.459298e+01 | 0.000000e+00 |    Inf | unknown
 42.7s|     1 |     0 | 41891 |     - |   231M |   0 |1502 | 501 |4482 |1982 |  7 |   0 |   0 |-2.459238e+01 | 0.000000e+00 |    Inf | unknown
 44.5s|     1 |     0 | 42005 |     - |   251M |   0 |1502 | 501 |4484 |1984 |  8 |   0 |   0 |-2.459225e+01 | 0.000000e+00 |    Inf | unknown
 46.4s|     1 |     0 | 42083 |     - |   272M |   0 |1502 | 501 |4486 |1986 |  9 |   0 |   0 |-2.459218e+01 | 0.000000e+00 |    Inf | unknown
 48.6s|     1 |     0 | 42178 |     - |   276M |   0 |1502 | 501 |4489 |1989 | 10 |   0 |   0 |-2.459212e+01 | 0.000000e+00 |    Inf | unknown
 time | node  | left  |LP iter|LP it/n|mem/heur|mdpt |vars |cons |rows |cuts |sepa|confs|strbr|  dualbound   | primalbound  |  gap   | compl. 
 50.1s|     1 |     0 | 42233 |     - |   277M |   0 |1502 | 501 |2005 |1992 | 11 |   0 |   0 |-2.459211e+01 | 0.000000e+00 |    Inf | unknown
 51.6s|     1 |     0 | 42284 |     - |   277M |   0 |1502 | 501 |2006 |1993 | 12 |   0 |   0 |-2.459209e+01 | 0.000000e+00 |    Inf | unknown
 53.0s|     1 |     0 | 42299 |     - |   277M |   0 |1502 | 501 |2007 |1994 | 13 |   0 |   0 |-2.459209e+01 | 0.000000e+00 |    Inf | unknown
 54.5s|     1 |     0 | 42305 |     - |   278M |   0 |1502 | 501 |2008 |1995 | 14 |   0 |   0 |-2.459209e+01 | 0.000000e+00 |    Inf | unknown
 56.0s|     1 |     0 | 42319 |     - |   278M |   0 |1502 | 501 |2009 |1996 | 15 |   0 |   0 |-2.459209e+01 | 0.000000e+00 |    Inf | unknown
 57.5s|     1 |     0 | 42324 |     - |   278M |   0 |1502 | 501 |2010 |1997 | 16 |   0 |   0 |-2.459209e+01 | 0.000000e+00 |    Inf | unknown
  329s|     1 |     2 |486891 |     - |   278M |   0 |1502 | 501 |2010 |1997 | 16 |   0 |  40 |-2.459139e+01 | 0.000000e+00 |    Inf | unknown
  590s|   100 |   101 |682652 |6468.0 |   286M |  17 |1502 | 501 |1270 |3367 |  2 |   0 | 368 |-2.459139e+01 | 0.000000e+00 |    Inf | unknown
  722s|   200 |   201 |843687 |4026.9 |   286M |  29 |1502 | 501 |1252 |4444 |  2 |   0 | 451 |-2.458676e+01 | 0.000000e+00 |    Inf | unknown
  832s|   300 |   301 |974437 |3117.4 |   288M |  31 |1502 | 501 |1281 |5365 |  2 |   0 | 497 |-2.458445e+01 | 0.000000e+00 |    Inf | unknown
  914s|   400 |   401 |  1111k|2680.7 |   282M |  33 |1502 | 501 |1319 |6409 |  2 |   0 | 507 |-2.458445e+01 | 0.000000e+00 |    Inf | unknown
 1025s|   500 |   501 |  1262k|2445.0 |   279M |  33 |1502 | 501 |1267 |7521 |  2 |   0 | 540 |-2.458445e+01 | 0.000000e+00 |    Inf | unknown
 1112s|   600 |   601 |  1392k|2254.1 |   280M |  33 |1502 | 501 |1272 |8540 |  2 |   0 | 549 |-2.458327e+01 | 0.000000e+00 |    Inf | unknown
 1221s|   700 |   701 |  1538k|2141.1 |   281M |  37 |1502 | 501 |1335 |9565 |  2 |   0 | 581 |-2.458327e+01 | 0.000000e+00 |    Inf | unknown
 1321s|   800 |   801 |  1701k|2076.7 |   282M |  37 |1502 | 501 |1352 |  10k|  2 |   0 | 594 |-2.458327e+01 | 0.000000e+00 |    Inf | unknown
 time | node  | left  |LP iter|LP it/n|mem/heur|mdpt |vars |cons |rows |cuts |sepa|confs|strbr|  dualbound   | primalbound  |  gap   | compl. 
 1433s|   900 |   901 |  1848k|2009.3 |   283M |  37 |1502 | 501 |1375 |  12k|  2 |   0 | 614 |-2.458327e+01 | 0.000000e+00 |    Inf | unknown
 1529s|  1000 |  1001 |  1991k|1950.9 |   284M |  37 |1502 | 501 |1356 |  13k|  4 |   0 | 625 |-2.458327e+01 | 0.000000e+00 |    Inf | unknown
 1639s|  1100 |  1101 |  2180k|1945.6 |   286M |  37 |1502 | 501 |1363 |  15k|  2 |   0 | 627 |-2.458327e+01 | 0.000000e+00 |    Inf | unknown
 1741s|  1200 |  1201 |  2326k|1904.7 |   288M |  37 |1502 | 501 |1413 |  16k|  3 |   0 | 627 |-2.458327e+01 | 0.000000e+00 |    Inf | unknown
 1836s|  1300 |  1301 |  2490k|1884.9 |   289M |  37 |1502 | 501 |1355 |  17k|  2 |   0 | 629 |-2.458327e+01 | 0.000000e+00 |    Inf | unknown
 1937s|  1400 |  1401 |  2660k|1871.2 |   290M |  37 |1502 | 501 |1332 |  18k|  5 |   0 | 636 |-2.458327e+01 | 0.000000e+00 |    Inf | unknown
 2032s|  1500 |  1501 |  2795k|1836.5 |   291M |  37 |1502 | 501 |1444 |  19k|  2 |   0 | 647 |-2.458327e+01 | 0.000000e+00 |    Inf | unknown
 2131s|  1600 |  1601 |  2958k|1823.8 |   292M |  37 |1502 | 501 |1312 |  21k|  3 |   0 | 652 |-2.458327e+01 | 0.000000e+00 |    Inf | unknown
 2228s|  1700 |  1701 |  3117k|1810.0 |   292M |  37 |1502 | 501 |1419 |  22k|  4 |   0 | 658 |-2.458327e+01 | 0.000000e+00 |    Inf | unknown
 2315s|  1800 |  1801 |  3256k|1786.4 |   293M |  37 |1502 | 501 |1376 |  23k|  4 |   0 | 668 |-2.458327e+01 | 0.000000e+00 |    Inf | unknown
 2421s|  1900 |  1901 |  3440k|1789.2 |   294M |  41 |1502 | 501 |1408 |  24k|  2 |   0 | 677 |-2.458327e+01 | 0.000000e+00 |    Inf | unknown
 2526s|  2000 |  2001 |  3614k|1787.2 |   296M |  41 |1502 | 501 |1317 |  25k|  2 |   0 | 693 |-2.458327e+01 | 0.000000e+00 |    Inf | unknown
 2618s|  2100 |  2101 |  3768k|1775.4 |   297M |  51 |1502 | 501 |1320 |  27k|  2 |   0 | 702 |-2.458255e+01 | 0.000000e+00 |    Inf | unknown
 2706s|  2200 |  2201 |  3913k|1760.4 |   298M |  51 |1502 | 501 |1304 |  28k|  2 |   0 | 724 |-2.458255e+01 | 0.000000e+00 |    Inf | unknown
 2791s|  2300 |  2301 |  4049k|1742.9 |   300M |  51 |1502 | 501 |1284 |  29k|  2 |   0 | 732 |-2.458235e+01 | 0.000000e+00 |    Inf | unknown
 time | node  | left  |LP iter|LP it/n|mem/heur|mdpt |vars |cons |rows |cuts |sepa|confs|strbr|  dualbound   | primalbound  |  gap   | compl. 
 2866s|  2400 |  2401 |  4167k|1719.6 |   300M |  51 |1502 | 501 |1381 |  30k|  2 |   0 | 736 |-2.458235e+01 | 0.000000e+00 |    Inf | unknown
 2967s|  2500 |  2501 |  4319k|1711.4 |   302M |  51 |1502 | 501 |1229 |  30k|  2 |   0 | 755 |-2.458235e+01 | 0.000000e+00 |    Inf | unknown
 3059s|  2600 |  2601 |  4457k|1699.0 |   303M |  51 |1502 | 503 |1456 |  32k|  2 |   2 | 759 |-2.458167e+01 | 0.000000e+00 |    Inf | unknown
 3181s|  2700 |  2701 |  4683k|1719.5 |   304M |  51 |1502 | 506 |1372 |  33k|  3 |   5 | 770 |-2.458167e+01 | 0.000000e+00 |    Inf | unknown
 3292s|  2800 |  2801 |  4880k|1728.5 |   306M |  51 |1502 | 507 |1375 |  34k|  3 |   9 | 785 |-2.458167e+01 | 0.000000e+00 |    Inf | unknown
 3401s|  2900 |  2901 |  5074k|1735.9 |   308M |  51 |1502 | 508 |1514 |  36k|  1 |  12 | 787 |-2.458098e+01 | 0.000000e+00 |    Inf | unknown
 3537s|  3000 |  3001 |  5313k|1757.8 |   309M |  51 |1502 | 507 |1500 |  37k|  2 |  15 | 822 |-2.458098e+01 | 0.000000e+00 |    Inf | unknown
 3673s|  3100 |  3101 |  5588k|1789.8 |   310M |  53 |1502 | 506 |1363 |  38k|  2 |  19 | 834 |-2.458098e+01 | 0.000000e+00 |    Inf | unknown
 3783s|  3200 |  3201 |  5782k|1794.4 |   312M |  53 |1502 | 505 |1541 |  40k|  2 |  20 | 845 |-2.458098e+01 | 0.000000e+00 |    Inf | unknown
 3886s|  3300 |  3301 |  5959k|1793.8 |   313M |  53 |1502 | 502 |1365 |  41k|  2 |  20 | 862 |-2.458098e+01 | 0.000000e+00 |    Inf | unknown
 3979s|  3400 |  3401 |  6124k|1789.5 |   314M |  53 |1502 | 501 |1477 |  42k|  2 |  20 | 868 |-2.458098e+01 | 0.000000e+00 |    Inf | unknown
 4082s|  3500 |  3501 |  6308k|1790.9 |   315M |  57 |1502 | 501 |1421 |  43k|  2 |  20 | 876 |-2.458098e+01 | 0.000000e+00 |    Inf | unknown
 4195s|  3600 |  3601 |  6504k|1795.5 |   317M |  57 |1502 | 502 |1553 |  45k|  2 |  21 | 882 |-2.458098e+01 | 0.000000e+00 |    Inf | unknown
 4303s|  3700 |  3701 |  6699k|1799.6 |   318M |  57 |1502 | 504 |1581 |  46k|  2 |  23 | 888 |-2.458098e+01 | 0.000000e+00 |    Inf | unknown
 4420s|  3800 |  3801 |  6914k|1809.0 |   320M |  57 |1502 | 505 |1471 |  48k|  3 |  24 | 892 |-2.458098e+01 | 0.000000e+00 |    Inf | unknown
 time | node  | left  |LP iter|LP it/n|mem/heur|mdpt |vars |cons |rows |cuts |sepa|confs|strbr|  dualbound   | primalbound  |  gap   | compl. 
 4515s|  3900 |  3901 |  7065k|1801.3 |   321M |  57 |1502 | 502 |1406 |  49k|  2 |  24 | 903 |-2.458098e+01 | 0.000000e+00 |    Inf | unknown
 4606s|  4000 |  4001 |  7227k|1796.8 |   322M |  60 |1502 | 504 |1569 |  50k|  2 |  26 | 907 |-2.458098e+01 | 0.000000e+00 |    Inf | unknown
 4705s|  4100 |  4101 |  7416k|1799.0 |   324M |  61 |1502 | 502 |1282 |  51k|  4 |  27 | 911 |-2.458098e+01 | 0.000000e+00 |    Inf | unknown
 4795s|  4200 |  4201 |  7569k|1792.7 |   325M |  61 |1502 | 503 |1312 |  53k|  2 |  28 | 916 |-2.458098e+01 | 0.000000e+00 |    Inf | unknown
 4891s|  4300 |  4301 |  7741k|1790.9 |   327M |  61 |1502 | 502 |1355 |  54k|  2 |  28 | 916 |-2.458098e+01 | 0.000000e+00 |    Inf | unknown
 4983s|  4400 |  4401 |  7893k|1784.7 |   327M |  61 |1502 | 502 |1367 |  55k|  2 |  28 | 924 |-2.458098e+01 | 0.000000e+00 |    Inf | unknown
 5089s|  4500 |  4501 |  8088k|1788.4 |   329M |  61 |1502 | 502 |1497 |  57k|  3 |  29 | 928 |-2.458098e+01 | 0.000000e+00 |    Inf | unknown
 5191s|  4600 |  4601 |  8278k|1790.8 |   331M |  61 |1502 | 502 |1419 |  58k|  2 |  29 | 933 |-2.458098e+01 | 0.000000e+00 |    Inf | unknown
 5289s|  4700 |  4701 |  8451k|1789.6 |   332M |  61 |1502 | 503 |1445 |  59k|  1 |  31 | 936 |-2.458098e+01 | 0.000000e+00 |    Inf | unknown
 5381s|  4800 |  4801 |  8610k|1785.5 |   332M |  61 |1502 | 505 |1502 |  60k|  3 |  33 | 939 |-2.458098e+01 | 0.000000e+00 |    Inf | unknown
 5499s|  4900 |  4901 |  8824k|1792.6 |   333M |  61 |1502 | 504 |1383 |  62k|  4 |  34 | 941 |-2.458098e+01 | 0.000000e+00 |    Inf | unknown
 5601s|  5000 |  5001 |  9000k|1791.9 |   335M |  63 |1502 | 503 |1395 |  63k|  2 |  35 | 947 |-2.458098e+01 | 0.000000e+00 |    Inf | unknown
 5701s|  5100 |  5101 |  9185k|1793.1 |   335M |  63 |1502 | 503 |1369 |  64k|  4 |  35 | 954 |-2.457948e+01 | 0.000000e+00 |    Inf | unknown
 5810s|  5200 |  5201 |  9373k|1794.7 |   336M |  63 |1502 | 503 |1365 |  66k|  2 |  36 | 961 |-2.457948e+01 | 0.000000e+00 |    Inf | unknown
 5902s|  5300 |  5301 |  9534k|1791.3 |   336M |  65 |1502 | 504 |1402 |  67k|  2 |  38 | 964 |-2.457948e+01 | 0.000000e+00 |    Inf | unknown
 time | node  | left  |LP iter|LP it/n|mem/heur|mdpt |vars |cons |rows |cuts |sepa|confs|strbr|  dualbound   | primalbound  |  gap   | compl. 
 5999s|  5400 |  5401 |  9709k|1790.5 |   337M |  65 |1502 | 504 |1379 |  68k|  5 |  38 | 967 |-2.457876e+01 | 0.000000e+00 |    Inf | unknown
 6105s|  5500 |  5501 |  9900k|1792.8 |   339M |  65 |1502 | 501 |1401 |  69k|  2 |  39 | 975 |-2.457876e+01 | 0.000000e+00 |    Inf | unknown
 6195s|  5600 |  5601 | 10053k|1788.0 |   339M |  65 |1502 | 502 |1362 |  70k|  4 |  40 | 977 |-2.457755e+01 | 0.000000e+00 |    Inf | unknown
 6296s|  5700 |  5701 | 10233k|1788.3 |   340M |  65 |1502 | 504 |1566 |  71k|  2 |  42 | 985 |-2.457755e+01 | 0.000000e+00 |    Inf | unknown
 6392s|  5800 |  5801 | 10396k|1785.4 |   340M |  65 |1502 | 504 |1609 |  73k|  4 |  42 | 992 |-2.457676e+01 | 0.000000e+00 |    Inf | unknown
 6487s|  5900 |  5901 | 10561k|1783.3 |   342M |  65 |1502 | 505 |1501 |  74k|  2 |  44 | 996 |-2.457579e+01 | 0.000000e+00 |    Inf | unknown
 6599s|  6000 |  6001 | 10770k|1788.3 |   342M |  65 |1502 | 503 |1523 |  75k|  4 |  44 |1002 |-2.457579e+01 | 0.000000e+00 |    Inf | unknown
 6709s|  6100 |  6101 | 10951k|1788.6 |   342M |  65 |1502 | 505 |1464 |  77k|  2 |  46 |1005 |-2.457513e+01 | 0.000000e+00 |    Inf | unknown
 6803s|  6200 |  6201 | 11120k|1787.0 |   343M |  65 |1502 | 504 |1483 |  78k|  2 |  47 |1007 |-2.457513e+01 | 0.000000e+00 |    Inf | unknown
 6919s|  6300 |  6301 | 11337k|1793.2 |   345M |  65 |1502 | 502 |1512 |  79k|  2 |  47 |1010 |-2.457461e+01 | 0.000000e+00 |    Inf | unknown
 7010s|  6400 |  6401 | 11502k|1791.0 |   346M |  65 |1502 | 502 |1455 |  80k|  4 |  48 |1014 |-2.457402e+01 | 0.000000e+00 |    Inf | unknown
 7093s|  6500 |  6501 | 11641k|1784.8 |   346M |  65 |1502 | 504 |1443 |  82k|  2 |  50 |1017 |-2.457402e+01 | 0.000000e+00 |    Inf | unknown
 7200s|  6600 |  6601 | 11843k|1788.3 |   347M |  65 |1502 | 504 |1362 |  83k|  2 |  51 |1019 |-2.457398e+01 | 0.000000e+00 |    Inf | unknown
 7308s|  6700 |  6701 | 12030k|1789.5 |   348M |  65 |1502 | 502 |1410 |  84k|  4 |  51 |1028 |-2.457398e+01 | 0.000000e+00 |    Inf | unknown
 7408s|  6800 |  6801 | 12210k|1789.8 |   349M |  65 |1502 | 503 |1397 |  85k|  2 |  52 |1032 |-2.457370e+01 | 0.000000e+00 |    Inf | unknown
 time | node  | left  |LP iter|LP it/n|mem/heur|mdpt |vars |cons |rows |cuts |sepa|confs|strbr|  dualbound   | primalbound  |  gap   | compl. 
 7508s|  6900 |  6901 | 12387k|1789.4 |   349M |  65 |1502 | 503 |1309 |  87k|  4 |  53 |1036 |-2.457370e+01 | 0.000000e+00 |    Inf | unknown
 7601s|  7000 |  7001 | 12553k|1787.5 |   350M |  65 |1502 | 504 |1388 |  88k|  2 |  55 |1039 |-2.457370e+01 | 0.000000e+00 |    Inf | unknown
 7705s|  7100 |  7101 | 12741k|1788.8 |   350M |  65 |1502 | 504 |1372 |  89k|  2 |  55 |1040 |-2.457359e+01 | 0.000000e+00 |    Inf | unknown
 7816s|  7200 |  7201 | 12947k|1792.6 |   352M |  65 |1502 | 504 |1309 |  90k|  2 |  56 |1045 |-2.457359e+01 | 0.000000e+00 |    Inf | unknown
 7917s|  7300 |  7301 | 13124k|1792.3 |   352M |  65 |1502 | 502 |1334 |  92k|  4 |  56 |1047 |-2.457303e+01 | 0.000000e+00 |    Inf | unknown
 8029s|  7400 |  7401 | 13325k|1795.2 |   353M |  65 |1502 | 504 |1487 |  93k|  2 |  58 |1051 |-2.457303e+01 | 0.000000e+00 |    Inf | unknown
 8132s|  7500 |  7501 | 13517k|1796.9 |   354M |  65 |1502 | 504 |1504 |  95k|  2 |  61 |1053 |-2.457275e+01 | 0.000000e+00 |    Inf | unknown
 8242s|  7600 |  7601 | 13711k|1798.8 |   355M |  65 |1502 | 502 |1490 |  96k|  3 |  61 |1055 |-2.457237e+01 | 0.000000e+00 |    Inf | unknown
 8353s|  7700 |  7701 | 13920k|1802.5 |   356M |  65 |1502 | 503 |1580 |  97k|  3 |  62 |1057 |-2.457237e+01 | 0.000000e+00 |    Inf | unknown
 8468s|  7800 |  7801 | 14122k|1805.3 |   356M |  65 |1502 | 503 |1501 |  99k|  1 |  64 |1067 |-2.457225e+01 | 0.000000e+00 |    Inf | unknown
 8581s|  7900 |  7901 | 14323k|1807.9 |   357M |  65 |1502 | 502 |1502 | 100k|  3 |  64 |1070 |-2.457225e+01 | 0.000000e+00 |    Inf | unknown
 8682s|  8000 |  8001 | 14514k|1809.2 |   359M |  65 |1502 | 503 |1486 | 102k|  2 |  65 |1072 |-2.457192e+01 | 0.000000e+00 |    Inf | unknown
 8780s|  8100 |  8101 | 14692k|1808.9 |   359M |  65 |1502 | 503 |1510 | 103k|  2 |  66 |1075 |-2.457182e+01 | 0.000000e+00 |    Inf | unknown
 8886s|  8200 |  8201 | 14878k|1809.5 |   360M |  65 |1502 | 504 |1361 | 104k|  2 |  68 |1078 |-2.457182e+01 | 0.000000e+00 |    Inf | unknown
 8996s|  8300 |  8301 | 15081k|1812.2 |   360M |  65 |1502 | 504 |1410 | 106k|  2 |  68 |1086 |-2.457118e+01 | 0.000000e+00 |    Inf | unknown
 time | node  | left  |LP iter|LP it/n|mem/heur|mdpt |vars |cons |rows |cuts |sepa|confs|strbr|  dualbound   | primalbound  |  gap   | compl. 
 9103s|  8400 |  8401 | 15276k|1813.8 |   362M |  65 |1502 | 502 |1450 | 107k|  3 |  69 |1088 |-2.457118e+01 | 0.000000e+00 |    Inf | unknown
 9199s|  8500 |  8501 | 15439k|1811.6 |   363M |  65 |1502 | 503 |1478 | 109k|  2 |  70 |1090 |-2.457081e+01 | 0.000000e+00 |    Inf | unknown
 9309s|  8600 |  8601 | 15646k|1814.6 |   363M |  67 |1502 | 503 |1459 | 110k|  1 |  71 |1094 |-2.457081e+01 | 0.000000e+00 |    Inf | unknown
 9427s|  8700 |  8701 | 15859k|1818.3 |   365M |  67 |1502 | 502 |1406 | 112k|  5 |  71 |1096 |-2.457081e+01 | 0.000000e+00 |    Inf | unknown
 9515s|  8800 |  8801 | 16011k|1814.9 |   366M |  67 |1502 | 503 |1626 | 113k|  2 |  72 |1098 |-2.457081e+01 | 0.000000e+00 |    Inf | unknown
 9628s|  8900 |  8901 | 16226k|1818.7 |   366M |  69 |1502 | 502 |1594 | 114k|  2 |  72 |1101 |-2.457081e+01 | 0.000000e+00 |    Inf | unknown
 9733s|  9000 |  9001 | 16410k|1818.9 |   367M |  69 |1502 | 502 |1415 | 115k|  2 |  73 |1109 |-2.457041e+01 | 0.000000e+00 |    Inf | unknown
 9826s|  9100 |  9101 | 16576k|1817.2 |   368M |  69 |1502 | 503 |1454 | 116k|  1 |  74 |1110 |-2.457041e+01 | 0.000000e+00 |    Inf | unknown
 9929s|  9200 |  9201 | 16768k|1818.3 |   369M |  69 |1502 | 502 |1387 | 118k|  5 |  74 |1111 |-2.456988e+01 | 0.000000e+00 |    Inf | unknown
  167m|  9300 |  9301 | 16915k|1814.5 |   371M |  69 |1502 | 503 |1510 | 119k|  2 |  75 |1115 |-2.456988e+01 | 0.000000e+00 |    Inf | unknown
  169m|  9400 |  9401 | 17088k|1813.7 |   371M |  69 |1502 | 503 |1516 | 120k|  2 |  76 |1118 |-2.456988e+01 | 0.000000e+00 |    Inf | unknown
  170m|  9500 |  9501 | 17277k|1814.4 |   371M |  69 |1502 | 503 |1403 | 121k|  2 |  76 |1120 |-2.456988e+01 | 0.000000e+00 |    Inf | unknown
  172m|  9600 |  9601 | 17477k|1816.3 |   372M |  69 |1502 | 503 |1429 | 122k|  2 |  78 |1124 |-2.456988e+01 | 0.000000e+00 |    Inf | unknown
  174m|  9700 |  9701 | 17639k|1814.4 |   373M |  69 |1502 | 502 |1606 | 123k|  4 |  78 |1124 |-2.456988e+01 | 0.000000e+00 |    Inf | unknown
  175m|  9800 |  9801 | 17828k|1815.1 |   374M |  69 |1502 | 502 |1588 | 124k|  2 |  79 |1129 |-2.456988e+01 | 0.000000e+00 |    Inf | unknown
 time | node  | left  |LP iter|LP it/n|mem/heur|mdpt |vars |cons |rows |cuts |sepa|confs|strbr|  dualbound   | primalbound  |  gap   | compl. 
  177m|  9900 |  9901 | 17997k|1813.8 |   374M |  69 |1502 | 504 |1512 | 125k|  2 |  81 |1132 |-2.456988e+01 | 0.000000e+00 |    Inf | unknown
  179m| 10000 | 10001 | 18185k|1814.5 |   374M |  69 |1502 | 504 |1466 | 126k|  2 |  82 |1132 |-2.456988e+01 | 0.000000e+00 |    Inf | unknown

SCIP Status        : solving was interrupted [time limit reached]
Solving Time (sec) : 10800.00
Solving Nodes      : 10084
Primal Bound       : +0.00000000000000e+00 (1 solutions)
Dual Bound         : -2.45698805837716e+01
Gap                : infinite

