Solver command line: ['/cvmfs/soft.computecanada.ca/easybuild/software/2023/x86-64-v4/Compiler/gcc12/scipoptsuite/9.0.0/bin/scip', '/tmp/tmpeulth4yb.pyomo', '-AMPL']

SCIP version 9.0.0 [precision: 8 byte] [memory: block] [mode: optimized] [LP solver: Soplex 7.0.0] [GitHash: 7205bedd94]
Copyright (c) 2002-2024 Zuse Institute Berlin (ZIB)

External libraries: 
  Readline 8.1         GNU library for command line editing (gnu.org/s/readline)
  Soplex 7.0.0         Linear Programming Solver developed at Zuse Institute Berlin (soplex.zib.de) [GitHash: 6657fb3b]
  CppAD 20180000.0     Algorithmic Differentiation of C++ algorithms developed by B. Bell (github.com/coin-or/CppAD)
  ZLIB 1.2.13          General purpose compression library by J. Gailly and M. Adler (zlib.net)
  GMP 6.2.1            GNU Multiple Precision Arithmetic Library developed by T. Granlund (gmplib.org)
  ZIMPL 3.5.3          Zuse Institute Mathematical Programming Language developed by T. Koch (zimpl.zib.de)
  AMPL/MP 690e9e7      AMPL .nl file reader library (github.com/ampl/mp)
  PaPILO 2.2.0         parallel presolve for integer and linear optimization (github.com/scipopt/papilo) (built with TBB) [GitHash: df30ae49]
  bliss 0.77           Computing Graph Automorphisms by T. Junttila and P. Kaski (users.aalto.fi/~tjunttil/bliss)
  sassy 1.1            Symmetry preprocessor by Markus Anders (github.com/markusa4/sassy)
  Ipopt 3.14.14        Interior Point Optimizer developed by A. Waechter et.al. (github.com/coin-or/Ipopt)

reading user parameter file <scip.set>
===========================

limits/time = 10800

read problem </tmp/tmpeulth4yb.pyomo.nl>
============

original problem has 501 variables (0 bin, 500 int, 0 impl, 1 cont) and 501 constraints

solve problem
=============

1/1 feasible solution given by solution candidate storage, new primal bound 0.000000e+00

presolving:
   (0.1s) symmetry computation started: requiring (bin +, int +, cont +), (fixed: bin -, int -, cont -)
   (0.2s) no symmetry present (symcode time: 0.02)
presolving (1 rounds: 1 fast, 1 medium, 1 exhaustive):
 0 deleted vars, 0 deleted constraints, 0 added constraints, 1 tightened bounds, 0 added holes, 0 changed sides, 0 changed coefficients
 0 implications, 0 cliques
presolved problem has 501 variables (0 bin, 500 int, 0 impl, 1 cont) and 501 constraints
    500 constraints of type <linear>
      1 constraints of type <nonlinear>
Presolving Time: 0.18
transformed 1/1 original solutions to the transformed problem space

 time | node  | left  |LP iter|LP it/n|mem/heur|mdpt |vars |cons |rows |cuts |sepa|confs|strbr|  dualbound   | primalbound  |  gap   | compl. 
  3.7s|     1 |     0 |  4037 |     - |   133M |   0 |1502 | 501 |2500 |   0 |  0 |   0 |   0 |-2.477245e+01 | 0.000000e+00 |    Inf | unknown
  7.4s|     1 |     0 |  5650 |     - |   143M |   0 |1502 | 501 |3000 | 500 |  1 |   0 |   0 |-2.477245e+01 | 0.000000e+00 |    Inf | unknown
 11.5s|     1 |     0 |  7141 |     - |   168M |   0 |1502 | 501 |3492 | 992 |  2 |   0 |   0 |-2.477245e+01 | 0.000000e+00 |    Inf | unknown
 22.5s|     1 |     0 | 18025 |     - |   178M |   0 |1502 | 501 |3956 |1456 |  3 |   0 |   0 |-2.476074e+01 | 0.000000e+00 |    Inf | unknown
 23.6s|     1 |     0 | 18025 |     - |   178M |   0 |1502 | 501 |3956 |1456 |  3 |   0 |   0 |-2.476074e+01 | 0.000000e+00 |    Inf | unknown
 30.6s|     1 |     0 | 28702 |     - |   190M |   0 |1502 | 501 |4249 |1749 |  4 |   0 |   0 |-2.468516e+01 | 0.000000e+00 |    Inf | unknown
 31.5s|     1 |     0 | 28702 |     - |   191M |   0 |1502 | 501 |4249 |1749 |  4 |   0 |   0 |-2.468516e+01 | 0.000000e+00 |    Inf | unknown
 38.2s|     1 |     0 | 39176 |     - |   202M |   0 |1502 | 501 |4389 |1889 |  5 |   0 |   0 |-2.461765e+01 | 0.000000e+00 |    Inf | unknown
 39.1s|     1 |     0 | 39176 |     - |   203M |   0 |1502 | 501 |4389 |1889 |  5 |   0 |   0 |-2.461765e+01 | 0.000000e+00 |    Inf | unknown
 41.7s|     1 |     0 | 42318 |     - |   223M |   0 |1502 | 501 |4424 |1924 |  6 |   0 |   0 |-2.460715e+01 | 0.000000e+00 |    Inf | unknown
 42.5s|     1 |     0 | 42318 |     - |   223M |   0 |1502 | 501 |4424 |1924 |  6 |   0 |   0 |-2.460715e+01 | 0.000000e+00 |    Inf | unknown
 44.1s|     1 |     0 | 43215 |     - |   241M |   0 |1502 | 501 |4438 |1938 |  7 |   0 |   0 |-2.460649e+01 | 0.000000e+00 |    Inf | unknown
 44.9s|     1 |     0 | 43215 |     - |   241M |   0 |1502 | 501 |4438 |1938 |  7 |   0 |   0 |-2.460649e+01 | 0.000000e+00 |    Inf | unknown
 46.1s|     1 |     0 | 43532 |     - |   245M |   0 |1502 | 501 |4445 |1945 |  8 |   0 |   0 |-2.460630e+01 | 0.000000e+00 |    Inf | unknown
 47.9s|     1 |     0 | 43661 |     - |   266M |   0 |1502 | 501 |4446 |1946 |  9 |   0 |   0 |-2.460622e+01 | 0.000000e+00 |    Inf | unknown
 time | node  | left  |LP iter|LP it/n|mem/heur|mdpt |vars |cons |rows |cuts |sepa|confs|strbr|  dualbound   | primalbound  |  gap   | compl. 
 49.8s|     1 |     0 | 43912 |     - |   270M |   0 |1502 | 501 |4450 |1950 | 10 |   0 |   0 |-2.460616e+01 | 0.000000e+00 |    Inf | unknown
 51.3s|     1 |     0 | 44069 |     - |   270M |   0 |1502 | 501 |1969 |1952 | 11 |   0 |   0 |-2.460615e+01 | 0.000000e+00 |    Inf | unknown
 52.8s|     1 |     0 | 44206 |     - |   271M |   0 |1502 | 501 |1971 |1954 | 12 |   0 |   0 |-2.460613e+01 | 0.000000e+00 |    Inf | unknown
 54.2s|     1 |     0 | 44227 |     - |   271M |   0 |1502 | 501 |1972 |1955 | 13 |   0 |   0 |-2.460613e+01 | 0.000000e+00 |    Inf | unknown
 55.6s|     1 |     0 | 44268 |     - |   271M |   0 |1502 | 501 |1973 |1956 | 14 |   0 |   0 |-2.460613e+01 | 0.000000e+00 |    Inf | unknown
 57.1s|     1 |     0 | 44282 |     - |   271M |   0 |1502 | 501 |1974 |1957 | 15 |   0 |   0 |-2.460613e+01 | 0.000000e+00 |    Inf | unknown
  307s|     1 |     2 |501694 |     - |   271M |   0 |1502 | 501 |1974 |1957 | 16 |   0 |  20 |-2.460567e+01 | 0.000000e+00 |    Inf | unknown
  569s|   100 |   101 |718347 |6808.7 |   279M |  18 |1502 | 501 |1273 |3492 |  2 |   0 | 358 |-2.460562e+01 | 0.000000e+00 |    Inf | unknown
L 598s|   122 |   123 |750021 |5832.6 |    alns|  21 |1502 | 501 |1269 |3743 |  2 |   0 | 384 |-2.460562e+01 |-2.582911e+00 | 852.63%| unknown
  696s|   200 |   201 |878134 |4190.2 |   280M |  31 |1502 | 501 |1292 |4403 |  2 |   0 | 431 |-2.460562e+01 |-2.582911e+00 | 852.63%| unknown
  802s|   300 |   301 |  1000k|3199.0 |   281M |  33 |1502 | 501 |1327 |5362 |  2 |   0 | 469 |-2.460107e+01 |-2.582911e+00 | 852.46%| unknown
  896s|   400 |   401 |  1154k|2782.2 |   273M |  37 |1502 | 501 |1315 |6344 |  2 |   0 | 481 |-2.460107e+01 |-2.582911e+00 | 852.46%| unknown
 1003s|   500 |   501 |  1303k|2523.4 |   274M |  37 |1502 | 501 |1383 |7335 |  2 |   0 | 516 |-2.459705e+01 |-2.582911e+00 | 852.30%| unknown
 1087s|   600 |   601 |  1404k|2270.2 |   275M |  37 |1502 | 501 |1320 |8115 |  2 |   0 | 525 |-2.459366e+01 |-2.582911e+00 | 852.17%| unknown
 1179s|   700 |   701 |  1549k|2154.0 |   276M |  37 |1502 | 501 |1387 |9203 |  1 |   0 | 541 |-2.458674e+01 |-2.582911e+00 | 851.90%| unknown
 time | node  | left  |LP iter|LP it/n|mem/heur|mdpt |vars |cons |rows |cuts |sepa|confs|strbr|  dualbound   | primalbound  |  gap   | compl. 
 1294s|   800 |   801 |  1721k|2099.0 |   277M |  37 |1502 | 501 |1396 |  10k|  2 |   0 | 550 |-2.458674e+01 |-2.582911e+00 | 851.90%| unknown
 1400s|   900 |   901 |  1885k|2048.0 |   278M |  37 |1502 | 501 |1381 |  11k|  2 |   0 | 578 |-2.458674e+01 |-2.582911e+00 | 851.90%| unknown
 1504s|  1000 |  1001 |  2045k|2003.3 |   279M |  37 |1502 | 501 |1376 |  12k|  2 |   0 | 583 |-2.458674e+01 |-2.582911e+00 | 851.90%| unknown
 1590s|  1100 |  1101 |  2162k|1927.2 |   280M |  37 |1502 | 501 |1377 |  13k|  2 |   0 | 585 |-2.458674e+01 |-2.582911e+00 | 851.90%| unknown
 1706s|  1200 |  1201 |  2332k|1908.6 |   283M |  37 |1502 | 501 |1358 |  15k|  2 |   0 | 585 |-2.458674e+01 |-2.582911e+00 | 851.90%| unknown
 1800s|  1300 |  1301 |  2489k|1882.2 |   284M |  37 |1502 | 501 |1394 |  16k|  3 |   0 | 594 |-2.458674e+01 |-2.582911e+00 | 851.90%| unknown
 1918s|  1400 |  1401 |  2657k|1868.2 |   286M |  37 |1502 | 501 |1305 |  17k|  2 |   0 | 606 |-2.458674e+01 |-2.582911e+00 | 851.90%| unknown
 2031s|  1500 |  1501 |  2836k|1862.5 |   287M |  37 |1502 | 501 |1395 |  18k|  2 |   0 | 615 |-2.458674e+01 |-2.582911e+00 | 851.90%| unknown
 2118s|  1600 |  1601 |  2979k|1835.3 |   289M |  37 |1502 | 501 |1364 |  20k|  2 |   0 | 622 |-2.458674e+01 |-2.582911e+00 | 851.90%| unknown
 2220s|  1700 |  1701 |  3143k|1824.0 |   290M |  45 |1502 | 501 |1282 |  21k|  2 |   0 | 625 |-2.458674e+01 |-2.582911e+00 | 851.90%| unknown
 2310s|  1800 |  1801 |  3290k|1804.3 |   291M |  45 |1502 | 501 |1442 |  22k|  4 |   0 | 638 |-2.458534e+01 |-2.582911e+00 | 851.85%| unknown
 2410s|  1900 |  1901 |  3454k|1795.9 |   293M |  45 |1502 | 501 |1386 |  23k|  2 |   0 | 646 |-2.458501e+01 |-2.582911e+00 | 851.83%| unknown
 2503s|  2000 |  2001 |  3617k|1787.3 |   295M |  45 |1502 | 501 |1507 |  25k|  2 |   0 | 650 |-2.458501e+01 |-2.582911e+00 | 851.83%| unknown
 2610s|  2100 |  2101 |  3783k|1781.5 |   297M |  45 |1502 | 501 |1305 |  26k|  2 |   0 | 671 |-2.458399e+01 |-2.582911e+00 | 851.79%| unknown
 2713s|  2200 |  2201 |  3943k|1773.1 |   299M |  45 |1502 | 501 |1305 |  27k|  2 |   0 | 675 |-2.458349e+01 |-2.582911e+00 | 851.77%| unknown
 time | node  | left  |LP iter|LP it/n|mem/heur|mdpt |vars |cons |rows |cuts |sepa|confs|strbr|  dualbound   | primalbound  |  gap   | compl. 
 2814s|  2300 |  2301 |  4084k|1757.6 |   300M |  45 |1502 | 501 |1233 |  28k|  2 |   0 | 685 |-2.458343e+01 |-2.582911e+00 | 851.77%| unknown
 2912s|  2400 |  2401 |  4241k|1749.8 |   301M |  45 |1502 | 501 |1522 |  29k|  2 |   0 | 692 |-2.458343e+01 |-2.582911e+00 | 851.77%| unknown
 2993s|  2500 |  2501 |  4369k|1730.7 |   303M |  53 |1502 | 502 |1449 |  30k|  4 |   1 | 692 |-2.458315e+01 |-2.582911e+00 | 851.76%| unknown
 3087s|  2600 |  2601 |  4536k|1728.3 |   305M |  61 |1502 | 507 |1447 |  31k|  2 |   7 | 703 |-2.458315e+01 |-2.582911e+00 | 851.76%| unknown
 3205s|  2700 |  2701 |  4752k|1744.4 |   306M |  61 |1502 | 508 |1410 |  33k|  2 |  10 | 710 |-2.458276e+01 |-2.582911e+00 | 851.75%| unknown
 3306s|  2800 |  2801 |  4920k|1742.1 |   307M |  61 |1502 | 506 |1381 |  34k|  2 |  13 | 731 |-2.458276e+01 |-2.582911e+00 | 851.75%| unknown
 3414s|  2900 |  2901 |  5105k|1745.8 |   309M |  61 |1502 | 506 |1525 |  35k|  1 |  14 | 742 |-2.458276e+01 |-2.582911e+00 | 851.75%| unknown
 3518s|  3000 |  3001 |  5311k|1756.4 |   311M |  61 |1502 | 508 |1565 |  36k|  2 |  18 | 747 |-2.458276e+01 |-2.582911e+00 | 851.75%| unknown
 3633s|  3100 |  3101 |  5510k|1763.9 |   312M |  61 |1502 | 508 |1536 |  37k|  4 |  21 | 776 |-2.458224e+01 |-2.582911e+00 | 851.73%| unknown
 3768s|  3200 |  3201 |  5771k|1790.4 |   313M |  61 |1502 | 503 |1587 |  38k|  2 |  22 | 791 |-2.458224e+01 |-2.582911e+00 | 851.73%| unknown
 3858s|  3300 |  3301 |  5928k|1783.6 |   314M |  61 |1502 | 503 |1417 |  40k|  2 |  24 | 792 |-2.458164e+01 |-2.582911e+00 | 851.70%| unknown
 3962s|  3400 |  3401 |  6110k|1784.7 |   316M |  61 |1502 | 505 |1366 |  41k|  2 |  26 | 815 |-2.458120e+01 |-2.582911e+00 | 851.69%| unknown
 4047s|  3500 |  3501 |  6247k|1772.8 |   318M |  61 |1502 | 504 |1275 |  42k|  2 |  26 | 823 |-2.458065e+01 |-2.582911e+00 | 851.66%| unknown
 4132s|  3600 |  3601 |  6395k|1764.7 |   318M |  61 |1502 | 505 |1431 |  43k|  2 |  28 | 824 |-2.458065e+01 |-2.582911e+00 | 851.66%| unknown
 4223s|  3700 |  3701 |  6551k|1759.1 |   319M |  65 |1502 | 504 |1464 |  44k|  2 |  29 | 837 |-2.458065e+01 |-2.582911e+00 | 851.66%| unknown
 time | node  | left  |LP iter|LP it/n|mem/heur|mdpt |vars |cons |rows |cuts |sepa|confs|strbr|  dualbound   | primalbound  |  gap   | compl. 
 4307s|  3800 |  3801 |  6697k|1751.3 |   320M |  65 |1502 | 502 |1366 |  45k|  2 |  29 | 845 |-2.457886e+01 |-2.582911e+00 | 851.60%| unknown
 4425s|  3900 |  3901 |  6908k|1760.4 |   322M |  65 |1502 | 504 |1427 |  46k|  2 |  31 | 855 |-2.457886e+01 |-2.582911e+00 | 851.60%| unknown
 4525s|  4000 |  4001 |  7081k|1759.9 |   323M |  65 |1502 | 503 |1352 |  48k|  2 |  31 | 862 |-2.457886e+01 |-2.582911e+00 | 851.60%| unknown
 4605s|  4100 |  4101 |  7224k|1751.7 |   326M |  65 |1502 | 501 |1328 |  48k|  2 |  31 | 864 |-2.457886e+01 |-2.582911e+00 | 851.60%| unknown
 4703s|  4200 |  4201 |  7393k|1750.2 |   326M |  65 |1502 | 502 |1379 |  50k|  2 |  32 | 879 |-2.457846e+01 |-2.582911e+00 | 851.58%| unknown
 4789s|  4300 |  4301 |  7546k|1745.1 |   327M |  65 |1502 | 502 |1364 |  51k|  2 |  32 | 883 |-2.457846e+01 |-2.582911e+00 | 851.58%| unknown
 4890s|  4400 |  4401 |  7729k|1747.1 |   328M |  65 |1502 | 501 |1269 |  52k|  2 |  32 | 888 |-2.457834e+01 |-2.582911e+00 | 851.58%| unknown
 4979s|  4500 |  4501 |  7876k|1740.9 |   328M |  65 |1502 | 502 |1507 |  53k|  3 |  33 | 893 |-2.457834e+01 |-2.582911e+00 | 851.58%| unknown
 5079s|  4600 |  4601 |  8056k|1742.2 |   330M |  65 |1502 | 502 |1524 |  54k|  2 |  33 | 895 |-2.457809e+01 |-2.582911e+00 | 851.57%| unknown
 5176s|  4700 |  4701 |  8214k|1738.7 |   331M |  65 |1502 | 504 |1445 |  55k|  2 |  35 | 910 |-2.457807e+01 |-2.582911e+00 | 851.56%| unknown
 5258s|  4800 |  4801 |  8358k|1732.5 |   333M |  65 |1502 | 505 |1513 |  56k|  2 |  37 | 910 |-2.457807e+01 |-2.582911e+00 | 851.56%| unknown
 5360s|  4900 |  4901 |  8541k|1734.5 |   333M |  65 |1502 | 504 |1514 |  58k|  2 |  39 | 914 |-2.457807e+01 |-2.582911e+00 | 851.56%| unknown
 5477s|  5000 |  5001 |  8742k|1739.9 |   335M |  65 |1502 | 502 |1480 |  59k|  2 |  39 | 930 |-2.457676e+01 |-2.582911e+00 | 851.51%| unknown
 5563s|  5100 |  5101 |  8885k|1733.9 |   335M |  65 |1502 | 504 |1551 |  60k|  2 |  41 | 930 |-2.457676e+01 |-2.582911e+00 | 851.51%| unknown
 5658s|  5200 |  5201 |  9061k|1734.4 |   336M |  65 |1502 | 504 |1446 |  61k|  1 |  42 | 936 |-2.457676e+01 |-2.582911e+00 | 851.51%| unknown
 time | node  | left  |LP iter|LP it/n|mem/heur|mdpt |vars |cons |rows |cuts |sepa|confs|strbr|  dualbound   | primalbound  |  gap   | compl. 
 5758s|  5300 |  5301 |  9239k|1735.2 |   338M |  65 |1502 | 502 |1417 |  62k|  2 |  42 | 939 |-2.457676e+01 |-2.582911e+00 | 851.51%| unknown
 5867s|  5400 |  5401 |  9424k|1737.3 |   338M |  65 |1502 | 503 |1501 |  64k|  2 |  43 | 947 |-2.457553e+01 |-2.582911e+00 | 851.47%| unknown
 5966s|  5500 |  5501 |  9619k|1741.2 |   339M |  65 |1502 | 504 |1429 |  65k|  2 |  45 | 951 |-2.457553e+01 |-2.582911e+00 | 851.47%| unknown
 6069s|  5600 |  5601 |  9807k|1743.8 |   339M |  65 |1502 | 503 |1383 |  66k|  2 |  45 | 952 |-2.457553e+01 |-2.582911e+00 | 851.47%| unknown
 6178s|  5700 |  5701 | 10004k|1747.7 |   341M |  65 |1502 | 504 |1384 |  67k|  2 |  46 | 957 |-2.457553e+01 |-2.582911e+00 | 851.47%| unknown
 6291s|  5800 |  5801 | 10218k|1754.5 |   341M |  65 |1502 | 503 |1416 |  68k|  3 |  47 | 961 |-2.457553e+01 |-2.582911e+00 | 851.47%| unknown
 6392s|  5900 |  5901 | 10389k|1753.8 |   342M |  65 |1502 | 502 |1394 |  69k|  2 |  47 | 972 |-2.457553e+01 |-2.582911e+00 | 851.47%| unknown
 6486s|  6000 |  6001 | 10550k|1751.3 |   342M |  65 |1502 | 504 |1332 |  71k|  2 |  49 | 976 |-2.457553e+01 |-2.582911e+00 | 851.47%| unknown
 6603s|  6100 |  6101 | 10756k|1756.4 |   342M |  65 |1502 | 504 |1332 |  72k|  2 |  50 | 983 |-2.457553e+01 |-2.582911e+00 | 851.47%| unknown
 6700s|  6200 |  6201 | 10928k|1755.8 |   344M |  65 |1502 | 502 |1368 |  73k|  2 |  50 | 992 |-2.457553e+01 |-2.582911e+00 | 851.47%| unknown
 6805s|  6300 |  6301 | 11117k|1757.9 |   344M |  65 |1502 | 502 |1531 |  74k|  5 |  51 | 993 |-2.457553e+01 |-2.582911e+00 | 851.47%| unknown
 6920s|  6400 |  6401 | 11322k|1762.4 |   345M |  65 |1502 | 502 |1528 |  76k|  3 |  52 |1001 |-2.457510e+01 |-2.582911e+00 | 851.45%| unknown
 7026s|  6500 |  6501 | 11507k|1763.8 |   345M |  65 |1502 | 501 |1502 |  77k|  1 |  52 |1003 |-2.457510e+01 |-2.582911e+00 | 851.45%| unknown
 7142s|  6600 |  6601 | 11716k|1768.8 |   348M |  65 |1502 | 502 |1356 |  78k|  2 |  53 |1008 |-2.457494e+01 |-2.582911e+00 | 851.44%| unknown
 7240s|  6700 |  6701 | 11893k|1768.8 |   348M |  65 |1502 | 503 |1406 |  79k|  2 |  54 |1012 |-2.457414e+01 |-2.582911e+00 | 851.41%| unknown
 time | node  | left  |LP iter|LP it/n|mem/heur|mdpt |vars |cons |rows |cuts |sepa|confs|strbr|  dualbound   | primalbound  |  gap   | compl. 
 7339s|  6800 |  6801 | 12080k|1770.3 |   349M |  65 |1502 | 502 |1409 |  81k|  2 |  54 |1015 |-2.457414e+01 |-2.582911e+00 | 851.41%| unknown
 7469s|  6900 |  6901 | 12320k|1779.4 |   350M |  65 |1502 | 502 |1338 |  82k|  2 |  55 |1022 |-2.457410e+01 |-2.582911e+00 | 851.41%| unknown
 7567s|  7000 |  7001 | 12494k|1778.8 |   350M |  65 |1502 | 502 |1286 |  83k|  2 |  55 |1024 |-2.457410e+01 |-2.582911e+00 | 851.41%| unknown
 7665s|  7100 |  7101 | 12664k|1777.7 |   351M |  65 |1502 | 502 |1323 |  85k|  2 |  56 |1034 |-2.457405e+01 |-2.582911e+00 | 851.41%| unknown
 7767s|  7200 |  7201 | 12857k|1779.8 |   352M |  65 |1502 | 503 |1575 |  86k|  2 |  57 |1036 |-2.457405e+01 |-2.582911e+00 | 851.41%| unknown
 7872s|  7300 |  7301 | 13032k|1779.5 |   352M |  65 |1502 | 503 |1571 |  87k|  2 |  57 |1043 |-2.457384e+01 |-2.582911e+00 | 851.40%| unknown
 7973s|  7400 |  7401 | 13203k|1778.6 |   354M |  65 |1502 | 504 |1588 |  88k|  3 |  59 |1050 |-2.457384e+01 |-2.582911e+00 | 851.40%| unknown
 8094s|  7500 |  7501 | 13427k|1784.7 |   355M |  65 |1502 | 503 |1536 |  90k|  2 |  59 |1051 |-2.457384e+01 |-2.582911e+00 | 851.40%| unknown
 8210s|  7600 |  7601 | 13627k|1787.5 |   356M |  65 |1502 | 505 |1524 |  91k|  2 |  61 |1060 |-2.457384e+01 |-2.582911e+00 | 851.40%| unknown
 8308s|  7700 |  7701 | 13801k|1786.8 |   357M |  65 |1502 | 504 |1466 |  92k|  2 |  62 |1064 |-2.457384e+01 |-2.582911e+00 | 851.40%| unknown
 8421s|  7800 |  7801 | 14012k|1791.0 |   357M |  65 |1502 | 503 |1390 |  94k|  2 |  63 |1065 |-2.457384e+01 |-2.582911e+00 | 851.40%| unknown
 8519s|  7900 |  7901 | 14183k|1790.0 |   359M |  65 |1502 | 502 |1427 |  95k|  4 |  63 |1072 |-2.457384e+01 |-2.582911e+00 | 851.40%| unknown
 8619s|  8000 |  8001 | 14356k|1789.2 |   359M |  65 |1502 | 503 |1328 |  96k|  2 |  64 |1074 |-2.457384e+01 |-2.582911e+00 | 851.40%| unknown
 8738s|  8100 |  8101 | 14580k|1794.8 |   360M |  65 |1502 | 502 |1359 |  97k|  2 |  64 |1079 |-2.457340e+01 |-2.582911e+00 | 851.38%| unknown
 8865s|  8200 |  8201 | 14799k|1799.7 |   361M |  65 |1502 | 501 |1336 |  99k|  2 |  64 |1084 |-2.457340e+01 |-2.582911e+00 | 851.38%| unknown
 time | node  | left  |LP iter|LP it/n|mem/heur|mdpt |vars |cons |rows |cuts |sepa|confs|strbr|  dualbound   | primalbound  |  gap   | compl. 
 8977s|  8300 |  8301 | 15002k|1802.4 |   362M |  65 |1502 | 503 |1340 | 100k|  2 |  66 |1087 |-2.457340e+01 |-2.582911e+00 | 851.38%| unknown
 9084s|  8400 |  8401 | 15189k|1803.3 |   363M |  65 |1502 | 505 |1499 | 102k|  1 |  68 |1094 |-2.457335e+01 |-2.582911e+00 | 851.38%| unknown
 9187s|  8500 |  8501 | 15370k|1803.3 |   363M |  65 |1502 | 505 |1538 | 103k|  2 |  68 |1095 |-2.457335e+01 |-2.582911e+00 | 851.38%| unknown
 9294s|  8600 |  8601 | 15568k|1805.4 |   363M |  65 |1502 | 503 |1408 | 104k|  3 |  70 |1099 |-2.457317e+01 |-2.582911e+00 | 851.37%| unknown
 9406s|  8700 |  8701 | 15774k|1808.3 |   363M |  65 |1502 | 505 |1347 | 105k|  2 |  72 |1103 |-2.457317e+01 |-2.582911e+00 | 851.37%| unknown
 9512s|  8800 |  8801 | 15964k|1809.3 |   365M |  65 |1502 | 503 |1498 | 107k|  2 |  72 |1105 |-2.457317e+01 |-2.582911e+00 | 851.37%| unknown
 9617s|  8900 |  8901 | 16145k|1809.3 |   366M |  69 |1502 | 503 |1577 | 108k|  2 |  74 |1109 |-2.457317e+01 |-2.582911e+00 | 851.37%| unknown
 9720s|  9000 |  9001 | 16341k|1811.0 |   368M |  69 |1502 | 505 |1534 | 109k|  4 |  76 |1109 |-2.457317e+01 |-2.582911e+00 | 851.37%| unknown
 9839s|  9100 |  9101 | 16537k|1812.6 |   369M |  75 |1502 | 504 |1501 | 111k|  3 |  77 |1115 |-2.457317e+01 |-2.582911e+00 | 851.37%| unknown
 9934s|  9200 |  9201 | 16706k|1811.3 |   372M |  75 |1502 | 503 |1396 | 112k|  4 |  78 |1117 |-2.457317e+01 |-2.582911e+00 | 851.37%| unknown
  167m|  9300 |  9301 | 16890k|1811.7 |   372M |  75 |1502 | 502 |1539 | 113k|  2 |  78 |1120 |-2.457317e+01 |-2.582911e+00 | 851.37%| unknown
  169m|  9400 |  9401 | 17099k|1814.6 |   374M |  75 |1502 | 501 |1480 | 115k|  4 |  78 |1132 |-2.457317e+01 |-2.582911e+00 | 851.37%| unknown
  171m|  9500 |  9501 | 17242k|1810.6 |   374M |  75 |1502 | 502 |1522 | 116k|  3 |  79 |1134 |-2.457317e+01 |-2.582911e+00 | 851.37%| unknown
  172m|  9600 |  9601 | 17439k|1812.2 |   375M |  75 |1502 | 503 |1438 | 117k|  4 |  80 |1135 |-2.457317e+01 |-2.582911e+00 | 851.37%| unknown
  174m|  9700 |  9701 | 17647k|1814.9 |   376M |  75 |1502 | 502 |1442 | 118k|  3 |  80 |1139 |-2.457299e+01 |-2.582911e+00 | 851.37%| unknown
 time | node  | left  |LP iter|LP it/n|mem/heur|mdpt |vars |cons |rows |cuts |sepa|confs|strbr|  dualbound   | primalbound  |  gap   | compl. 
  176m|  9800 |  9801 | 17857k|1817.9 |   376M |  75 |1502 | 502 |1376 | 120k|  4 |  81 |1142 |-2.457299e+01 |-2.582911e+00 | 851.37%| unknown
  178m|  9900 |  9901 | 18057k|1819.7 |   377M |  75 |1502 | 503 |1574 | 121k|  4 |  82 |1149 |-2.457299e+01 |-2.582911e+00 | 851.37%| unknown
  180m| 10000 | 10001 | 18243k|1820.1 |   377M |  77 |1502 | 503 |1430 | 122k|  2 |  82 |1152 |-2.457299e+01 |-2.582911e+00 | 851.37%| unknown

SCIP Status        : solving was interrupted [time limit reached]
Solving Time (sec) : 10800.04
Solving Nodes      : 10027
Primal Bound       : -2.58291078333723e+00 (2 solutions)
Dual Bound         : -2.45729878573565e+01
Gap                : 851.37 %

