Solver command line: ['/cvmfs/soft.computecanada.ca/easybuild/software/2023/x86-64-v4/Compiler/gcc12/scipoptsuite/9.0.0/bin/scip', '/tmp/tmp1u7xom95.pyomo', '-AMPL']

SCIP version 9.0.0 [precision: 8 byte] [memory: block] [mode: optimized] [LP solver: Soplex 7.0.0] [GitHash: 7205bedd94]
Copyright (c) 2002-2024 Zuse Institute Berlin (ZIB)

External libraries: 
  Readline 8.1         GNU library for command line editing (gnu.org/s/readline)
  Soplex 7.0.0         Linear Programming Solver developed at Zuse Institute Berlin (soplex.zib.de) [GitHash: 6657fb3b]
  CppAD 20180000.0     Algorithmic Differentiation of C++ algorithms developed by B. Bell (github.com/coin-or/CppAD)
  ZLIB 1.2.13          General purpose compression library by J. Gailly and M. Adler (zlib.net)
  GMP 6.2.1            GNU Multiple Precision Arithmetic Library developed by T. Granlund (gmplib.org)
  ZIMPL 3.5.3          Zuse Institute Mathematical Programming Language developed by T. Koch (zimpl.zib.de)
  AMPL/MP 690e9e7      AMPL .nl file reader library (github.com/ampl/mp)
  PaPILO 2.2.0         parallel presolve for integer and linear optimization (github.com/scipopt/papilo) (built with TBB) [GitHash: df30ae49]
  bliss 0.77           Computing Graph Automorphisms by T. Junttila and P. Kaski (users.aalto.fi/~tjunttil/bliss)
  sassy 1.1            Symmetry preprocessor by Markus Anders (github.com/markusa4/sassy)
  Ipopt 3.14.14        Interior Point Optimizer developed by A. Waechter et.al. (github.com/coin-or/Ipopt)

reading user parameter file <scip.set>
===========================

limits/time = 10800

read problem </tmp/tmp1u7xom95.pyomo.nl>
============

original problem has 501 variables (0 bin, 500 int, 0 impl, 1 cont) and 501 constraints

solve problem
=============

1/1 feasible solution given by solution candidate storage, new primal bound 0.000000e+00

presolving:
   (0.1s) symmetry computation started: requiring (bin +, int +, cont +), (fixed: bin -, int -, cont -)
   (0.2s) no symmetry present (symcode time: 0.02)
presolving (1 rounds: 1 fast, 1 medium, 1 exhaustive):
 0 deleted vars, 0 deleted constraints, 0 added constraints, 1 tightened bounds, 0 added holes, 0 changed sides, 0 changed coefficients
 0 implications, 0 cliques
presolved problem has 501 variables (0 bin, 500 int, 0 impl, 1 cont) and 501 constraints
    500 constraints of type <linear>
      1 constraints of type <nonlinear>
Presolving Time: 0.18
transformed 1/1 original solutions to the transformed problem space

 time | node  | left  |LP iter|LP it/n|mem/heur|mdpt |vars |cons |rows |cuts |sepa|confs|strbr|  dualbound   | primalbound  |  gap   | compl. 
  3.4s|     1 |     0 |  4261 |     - |   133M |   0 |1502 | 501 |2500 |   0 |  0 |   0 |   0 |-2.477245e+01 | 0.000000e+00 |    Inf | unknown
  6.6s|     1 |     0 |  5767 |     - |   147M |   0 |1502 | 501 |3000 | 500 |  1 |   0 |   0 |-2.477245e+01 | 0.000000e+00 |    Inf | unknown
 12.1s|     1 |     0 |  8729 |     - |   169M |   0 |1502 | 501 |3491 | 991 |  2 |   0 |   0 |-2.477245e+01 | 0.000000e+00 |    Inf | unknown
 22.9s|     1 |     0 | 19524 |     - |   179M |   0 |1502 | 501 |3945 |1445 |  3 |   0 |   0 |-2.475084e+01 | 0.000000e+00 |    Inf | unknown
 24.0s|     1 |     0 | 19524 |     - |   179M |   0 |1502 | 501 |3945 |1445 |  3 |   0 |   0 |-2.475084e+01 | 0.000000e+00 |    Inf | unknown
 31.1s|     1 |     0 | 30213 |     - |   191M |   0 |1502 | 501 |4234 |1734 |  4 |   0 |   0 |-2.466545e+01 | 0.000000e+00 |    Inf | unknown
 32.0s|     1 |     0 | 30213 |     - |   192M |   0 |1502 | 501 |4234 |1734 |  4 |   0 |   0 |-2.466545e+01 | 0.000000e+00 |    Inf | unknown
 38.8s|     1 |     0 | 40603 |     - |   204M |   0 |1502 | 501 |4367 |1867 |  5 |   0 |   0 |-2.460768e+01 | 0.000000e+00 |    Inf | unknown
 39.6s|     1 |     0 | 40603 |     - |   205M |   0 |1502 | 501 |4367 |1867 |  5 |   0 |   0 |-2.460768e+01 | 0.000000e+00 |    Inf | unknown
 42.8s|     1 |     0 | 44556 |     - |   226M |   0 |1502 | 501 |4402 |1902 |  6 |   0 |   0 |-2.459966e+01 | 0.000000e+00 |    Inf | unknown
 43.6s|     1 |     0 | 44556 |     - |   226M |   0 |1502 | 501 |4402 |1902 |  6 |   0 |   0 |-2.459966e+01 | 0.000000e+00 |    Inf | unknown
 45.1s|     1 |     0 | 45037 |     - |   248M |   0 |1502 | 501 |4409 |1909 |  7 |   0 |   0 |-2.459934e+01 | 0.000000e+00 |    Inf | unknown
 47.1s|     1 |     0 | 45255 |     - |   252M |   0 |1502 | 501 |4411 |1911 |  8 |   0 |   0 |-2.459923e+01 | 0.000000e+00 |    Inf | unknown
 49.1s|     1 |     0 | 45572 |     - |   275M |   0 |1502 | 501 |4412 |1912 |  9 |   0 |   0 |-2.459912e+01 | 0.000000e+00 |    Inf | unknown
 51.0s|     1 |     0 | 45792 |     - |   278M |   0 |1502 | 501 |4414 |1914 | 10 |   0 |   0 |-2.459905e+01 | 0.000000e+00 |    Inf | unknown
 time | node  | left  |LP iter|LP it/n|mem/heur|mdpt |vars |cons |rows |cuts |sepa|confs|strbr|  dualbound   | primalbound  |  gap   | compl. 
 52.5s|     1 |     0 | 45885 |     - |   279M |   0 |1502 | 501 |1933 |1917 | 11 |   0 |   0 |-2.459903e+01 | 0.000000e+00 |    Inf | unknown
 54.0s|     1 |     0 | 45946 |     - |   279M |   0 |1502 | 501 |1934 |1918 | 12 |   0 |   0 |-2.459902e+01 | 0.000000e+00 |    Inf | unknown
 55.5s|     1 |     0 | 46004 |     - |   279M |   0 |1502 | 501 |1935 |1919 | 13 |   0 |   0 |-2.459902e+01 | 0.000000e+00 |    Inf | unknown
 57.0s|     1 |     0 | 46037 |     - |   279M |   0 |1502 | 501 |1936 |1920 | 14 |   0 |   0 |-2.459902e+01 | 0.000000e+00 |    Inf | unknown
 58.5s|     1 |     0 | 46076 |     - |   279M |   0 |1502 | 501 |1937 |1921 | 15 |   0 |   0 |-2.459901e+01 | 0.000000e+00 |    Inf | unknown
 60.0s|     1 |     0 | 46082 |     - |   280M |   0 |1502 | 501 |1938 |1922 | 16 |   0 |   0 |-2.459901e+01 | 0.000000e+00 |    Inf | unknown
  324s|     1 |     2 |521402 |     - |   280M |   0 |1502 | 501 |1938 |1922 | 16 |   0 |  29 |-2.459829e+01 | 0.000000e+00 |    Inf | unknown
  581s|   100 |   101 |724591 |6853.6 |   287M |  19 |1502 | 501 |1278 |3318 |  2 |   0 | 346 |-2.459818e+01 | 0.000000e+00 |    Inf | unknown
  724s|   200 |   201 |891443 |4248.0 |   288M |  29 |1502 | 501 |1262 |4284 |  2 |   0 | 408 |-2.458622e+01 | 0.000000e+00 |    Inf | unknown
  851s|   300 |   301 |  1026k|3279.4 |   289M |  33 |1502 | 501 |1425 |5251 |  2 |   0 | 471 |-2.458556e+01 | 0.000000e+00 |    Inf | unknown
  940s|   400 |   401 |  1165k|2805.6 |   284M |  35 |1502 | 501 |1271 |6204 |  2 |   0 | 481 |-2.458412e+01 | 0.000000e+00 |    Inf | unknown
 1035s|   500 |   501 |  1279k|2471.7 |   285M |  35 |1502 | 501 |1275 |7026 |  2 |   0 | 505 |-2.458338e+01 | 0.000000e+00 |    Inf | unknown
 1138s|   600 |   601 |  1424k|2300.6 |   286M |  39 |1502 | 501 |1276 |8166 |  2 |   0 | 527 |-2.458314e+01 | 0.000000e+00 |    Inf | unknown
 1219s|   700 |   701 |  1564k|2172.6 |   286M |  39 |1502 | 501 |1361 |9007 |  4 |   0 | 530 |-2.458314e+01 | 0.000000e+00 |    Inf | unknown
 1320s|   800 |   801 |  1667k|2028.7 |   287M |  41 |1502 | 501 |1379 |9836 |  2 |   0 | 546 |-2.458065e+01 | 0.000000e+00 |    Inf | unknown
 time | node  | left  |LP iter|LP it/n|mem/heur|mdpt |vars |cons |rows |cuts |sepa|confs|strbr|  dualbound   | primalbound  |  gap   | compl. 
 1423s|   900 |   901 |  1829k|1983.6 |   288M |  43 |1502 | 501 |1434 |  11k|  4 |   0 | 556 |-2.457927e+01 | 0.000000e+00 |    Inf | unknown
 1530s|  1000 |  1001 |  1970k|1926.5 |   289M |  43 |1502 | 501 |1293 |  12k|  2 |   0 | 577 |-2.457927e+01 | 0.000000e+00 |    Inf | unknown
 1616s|  1100 |  1101 |  2104k|1872.8 |   290M |  45 |1502 | 501 |1378 |  13k|  2 |   0 | 579 |-2.457855e+01 | 0.000000e+00 |    Inf | unknown
 1712s|  1200 |  1201 |  2255k|1842.6 |   293M |  45 |1502 | 501 |1376 |  14k|  2 |   0 | 580 |-2.457622e+01 | 0.000000e+00 |    Inf | unknown
 1791s|  1300 |  1301 |  2391k|1805.8 |   294M |  49 |1502 | 502 |1425 |  15k|  2 |   1 | 580 |-2.457396e+01 | 0.000000e+00 |    Inf | unknown
 1903s|  1400 |  1401 |  2589k|1817.8 |   295M |  51 |1502 | 505 |1386 |  17k|  3 |   4 | 594 |-2.457199e+01 | 0.000000e+00 |    Inf | unknown
 1997s|  1500 |  1501 |  2751k|1804.6 |   296M |  53 |1502 | 506 |1342 |  17k|  3 |   7 | 596 |-2.457075e+01 | 0.000000e+00 |    Inf | unknown
 2102s|  1600 |  1601 |  2922k|1798.9 |   297M |  53 |1502 | 504 |1435 |  18k|  2 |   8 | 617 |-2.457075e+01 | 0.000000e+00 |    Inf | unknown
 2201s|  1700 |  1701 |  3093k|1793.6 |   300M |  55 |1502 | 502 |1352 |  19k|  2 |   8 | 625 |-2.457014e+01 | 0.000000e+00 |    Inf | unknown
 2289s|  1800 |  1801 |  3236k|1773.4 |   300M |  55 |1502 | 502 |1389 |  20k|  2 |   9 | 640 |-2.457014e+01 | 0.000000e+00 |    Inf | unknown
 2390s|  1900 |  1901 |  3406k|1769.6 |   302M |  55 |1502 | 504 |1457 |  21k|  3 |  12 | 644 |-2.457014e+01 | 0.000000e+00 |    Inf | unknown
 2469s|  2000 |  2001 |  3535k|1745.5 |   303M |  57 |1502 | 504 |1326 |  22k|  2 |  12 | 652 |-2.456912e+01 | 0.000000e+00 |    Inf | unknown
 2541s|  2100 |  2101 |  3648k|1716.4 |   305M |  59 |1502 | 505 |1377 |  23k|  2 |  14 | 656 |-2.456781e+01 | 0.000000e+00 |    Inf | unknown
 2622s|  2200 |  2201 |  3780k|1698.4 |   307M |  59 |1502 | 503 |1492 |  24k|  3 |  14 | 660 |-2.456781e+01 | 0.000000e+00 |    Inf | unknown
 2714s|  2300 |  2301 |  3929k|1689.2 |   308M |  59 |1502 | 503 |1266 |  25k|  2 |  16 | 668 |-2.456781e+01 | 0.000000e+00 |    Inf | unknown
 time | node  | left  |LP iter|LP it/n|mem/heur|mdpt |vars |cons |rows |cuts |sepa|confs|strbr|  dualbound   | primalbound  |  gap   | compl. 
 2803s|  2400 |  2401 |  4085k|1683.6 |   308M |  61 |1502 | 504 |1398 |  26k|  2 |  17 | 673 |-2.456743e+01 | 0.000000e+00 |    Inf | unknown
 2901s|  2500 |  2501 |  4228k|1673.6 |   309M |  61 |1502 | 506 |1353 |  27k|  4 |  19 | 691 |-2.456743e+01 | 0.000000e+00 |    Inf | unknown
 2997s|  2600 |  2601 |  4394k|1673.0 |   310M |  61 |1502 | 506 |1475 |  28k|  2 |  21 | 697 |-2.456687e+01 | 0.000000e+00 |    Inf | unknown
 3097s|  2700 |  2701 |  4569k|1675.8 |   313M |  61 |1502 | 507 |1333 |  29k|  2 |  23 | 708 |-2.456634e+01 | 0.000000e+00 |    Inf | unknown
 3180s|  2800 |  2801 |  4708k|1665.6 |   314M |  61 |1502 | 507 |1479 |  30k|  2 |  25 | 713 |-2.456634e+01 | 0.000000e+00 |    Inf | unknown
 3280s|  2900 |  2901 |  4872k|1665.0 |   315M |  61 |1502 | 506 |1515 |  32k|  4 |  26 | 722 |-2.456609e+01 | 0.000000e+00 |    Inf | unknown
 3394s|  3000 |  3001 |  5057k|1671.1 |   316M |  61 |1502 | 505 |1560 |  33k|  2 |  28 | 737 |-2.456609e+01 | 0.000000e+00 |    Inf | unknown
 3478s|  3100 |  3101 |  5201k|1663.7 |   318M |  61 |1502 | 503 |1254 |  34k|  2 |  29 | 740 |-2.456609e+01 | 0.000000e+00 |    Inf | unknown
 3580s|  3200 |  3201 |  5379k|1667.3 |   320M |  61 |1502 | 504 |1360 |  35k|  2 |  30 | 750 |-2.456594e+01 | 0.000000e+00 |    Inf | unknown
 3674s|  3300 |  3301 |  5546k|1667.3 |   320M |  61 |1502 | 503 |1387 |  36k|  2 |  31 | 752 |-2.456594e+01 | 0.000000e+00 |    Inf | unknown
 3763s|  3400 |  3401 |  5694k|1661.7 |   321M |  63 |1502 | 503 |1305 |  37k|  2 |  32 | 762 |-2.456542e+01 | 0.000000e+00 |    Inf | unknown
 3870s|  3500 |  3501 |  5875k|1665.9 |   322M |  63 |1502 | 502 |1421 |  38k|  2 |  32 | 767 |-2.456542e+01 | 0.000000e+00 |    Inf | unknown
 3981s|  3600 |  3601 |  6065k|1672.4 |   322M |  63 |1502 | 502 |1453 |  40k|  2 |  32 | 779 |-2.456542e+01 | 0.000000e+00 |    Inf | unknown
 4084s|  3700 |  3701 |  6239k|1674.5 |   324M |  63 |1502 | 502 |1403 |  41k|  3 |  33 | 782 |-2.456528e+01 | 0.000000e+00 |    Inf | unknown
 4195s|  3800 |  3801 |  6427k|1679.6 |   325M |  63 |1502 | 502 |1377 |  42k|  3 |  33 | 796 |-2.456528e+01 | 0.000000e+00 |    Inf | unknown
 time | node  | left  |LP iter|LP it/n|mem/heur|mdpt |vars |cons |rows |cuts |sepa|confs|strbr|  dualbound   | primalbound  |  gap   | compl. 
 4310s|  3900 |  3901 |  6622k|1686.7 |   326M |  63 |1502 | 503 |1502 |  43k|  4 |  34 | 804 |-2.456528e+01 | 0.000000e+00 |    Inf | unknown
 4434s|  4000 |  4001 |  6831k|1696.7 |   328M |  63 |1502 | 503 |1479 |  44k|  5 |  35 | 815 |-2.456513e+01 | 0.000000e+00 |    Inf | unknown
 4559s|  4100 |  4101 |  7055k|1710.0 |   330M |  63 |1502 | 503 |1520 |  46k|  2 |  36 | 824 |-2.456513e+01 | 0.000000e+00 |    Inf | unknown
 4656s|  4200 |  4201 |  7216k|1707.6 |   330M |  63 |1502 | 502 |1488 |  47k|  2 |  36 | 827 |-2.456513e+01 | 0.000000e+00 |    Inf | unknown
 4773s|  4300 |  4301 |  7406k|1712.2 |   332M |  63 |1502 | 504 |1479 |  48k|  3 |  38 | 834 |-2.456513e+01 | 0.000000e+00 |    Inf | unknown
 4879s|  4400 |  4401 |  7586k|1714.2 |   332M |  63 |1502 | 504 |1541 |  50k|  2 |  39 | 841 |-2.456485e+01 | 0.000000e+00 |    Inf | unknown
 4986s|  4500 |  4501 |  7769k|1716.7 |   334M |  63 |1502 | 504 |1512 |  51k|  2 |  39 | 848 |-2.456485e+01 | 0.000000e+00 |    Inf | unknown
 5099s|  4600 |  4601 |  7972k|1723.4 |   334M |  63 |1502 | 504 |1478 |  52k|  2 |  41 | 852 |-2.456485e+01 | 0.000000e+00 |    Inf | unknown
 5222s|  4700 |  4701 |  8201k|1735.6 |   335M |  63 |1502 | 503 |1517 |  54k|  2 |  41 | 864 |-2.456470e+01 | 0.000000e+00 |    Inf | unknown
 5317s|  4800 |  4801 |  8358k|1732.2 |   336M |  63 |1502 | 501 |1471 |  55k|  3 |  41 | 866 |-2.456470e+01 | 0.000000e+00 |    Inf | unknown
 5401s|  4900 |  4901 |  8511k|1728.0 |   337M |  63 |1502 | 503 |1424 |  56k|  2 |  43 | 873 |-2.456470e+01 | 0.000000e+00 |    Inf | unknown
 5503s|  5000 |  5001 |  8687k|1728.7 |   338M |  63 |1502 | 503 |1557 |  57k|  4 |  43 | 880 |-2.456464e+01 | 0.000000e+00 |    Inf | unknown
 5598s|  5100 |  5101 |  8859k|1728.5 |   338M |  63 |1502 | 501 |1510 |  58k|  2 |  43 | 880 |-2.456464e+01 | 0.000000e+00 |    Inf | unknown
 5713s|  5200 |  5201 |  9063k|1734.5 |   339M |  63 |1502 | 503 |1470 |  59k|  2 |  45 | 887 |-2.456464e+01 | 0.000000e+00 |    Inf | unknown
 5827s|  5300 |  5301 |  9254k|1737.7 |   340M |  63 |1502 | 502 |1558 |  61k|  2 |  46 | 893 |-2.456464e+01 | 0.000000e+00 |    Inf | unknown
 time | node  | left  |LP iter|LP it/n|mem/heur|mdpt |vars |cons |rows |cuts |sepa|confs|strbr|  dualbound   | primalbound  |  gap   | compl. 
 5924s|  5400 |  5401 |  9422k|1736.7 |   341M |  63 |1502 | 502 |1388 |  62k|  2 |  47 | 903 |-2.456428e+01 | 0.000000e+00 |    Inf | unknown
 6038s|  5500 |  5501 |  9622k|1741.4 |   343M |  63 |1502 | 504 |1202 |  63k|  2 |  49 | 905 |-2.456428e+01 | 0.000000e+00 |    Inf | unknown
 6125s|  5600 |  5601 |  9771k|1737.0 |   343M |  63 |1502 | 503 |1254 |  65k|  2 |  49 | 908 |-2.456428e+01 | 0.000000e+00 |    Inf | unknown
 6241s|  5700 |  5701 |  9972k|1741.8 |   344M |  63 |1502 | 504 |1296 |  66k|  2 |  50 | 917 |-2.456414e+01 | 0.000000e+00 |    Inf | unknown
 6338s|  5800 |  5801 | 10152k|1742.9 |   345M |  63 |1502 | 503 |1302 |  67k|  2 |  51 | 917 |-2.456414e+01 | 0.000000e+00 |    Inf | unknown
 6438s|  5900 |  5901 | 10312k|1740.4 |   347M |  63 |1502 | 502 |1331 |  68k|  2 |  51 | 927 |-2.456414e+01 | 0.000000e+00 |    Inf | unknown
 6552s|  6000 |  6001 | 10523k|1746.5 |   347M |  65 |1502 | 503 |1354 |  70k|  2 |  52 | 931 |-2.456394e+01 | 0.000000e+00 |    Inf | unknown
 6658s|  6100 |  6101 | 10708k|1748.2 |   347M |  65 |1502 | 503 |1257 |  71k|  2 |  53 | 940 |-2.456394e+01 | 0.000000e+00 |    Inf | unknown
 6758s|  6200 |  6201 | 10893k|1749.8 |   348M |  69 |1502 | 505 |1558 |  72k|  1 |  56 | 943 |-2.456363e+01 | 0.000000e+00 |    Inf | unknown
 6862s|  6300 |  6301 | 11073k|1750.6 |   349M |  69 |1502 | 506 |1599 |  73k|  1 |  58 | 946 |-2.456334e+01 | 0.000000e+00 |    Inf | unknown
 6969s|  6400 |  6401 | 11249k|1750.9 |   350M |  69 |1502 | 506 |1407 |  75k|  2 |  59 | 953 |-2.456330e+01 | 0.000000e+00 |    Inf | unknown
 7079s|  6500 |  6501 | 11437k|1752.8 |   351M |  69 |1502 | 502 |1311 |  76k|  2 |  59 | 957 |-2.456330e+01 | 0.000000e+00 |    Inf | unknown
 7181s|  6600 |  6601 | 11624k|1754.5 |   353M |  69 |1502 | 503 |1383 |  77k|  2 |  60 | 961 |-2.456283e+01 | 0.000000e+00 |    Inf | unknown
 7280s|  6700 |  6701 | 11807k|1755.8 |   354M |  69 |1502 | 503 |1499 |  78k|  2 |  61 | 964 |-2.456283e+01 | 0.000000e+00 |    Inf | unknown
 7363s|  6800 |  6801 | 11954k|1751.5 |   355M |  69 |1502 | 502 |1353 |  79k|  2 |  61 | 966 |-2.456265e+01 | 0.000000e+00 |    Inf | unknown
 time | node  | left  |LP iter|LP it/n|mem/heur|mdpt |vars |cons |rows |cuts |sepa|confs|strbr|  dualbound   | primalbound  |  gap   | compl. 
 7454s|  6900 |  6901 | 12115k|1749.5 |   355M |  69 |1502 | 503 |1318 |  80k|  2 |  62 | 973 |-2.456265e+01 | 0.000000e+00 |    Inf | unknown
 7563s|  7000 |  7001 | 12306k|1751.7 |   356M |  69 |1502 | 503 |1419 |  82k|  3 |  63 | 975 |-2.456255e+01 | 0.000000e+00 |    Inf | unknown
 7658s|  7100 |  7101 | 12474k|1750.8 |   356M |  69 |1502 | 502 |1492 |  83k|  2 |  63 | 979 |-2.456255e+01 | 0.000000e+00 |    Inf | unknown
 7756s|  7200 |  7201 | 12645k|1750.1 |   357M |  69 |1502 | 503 |1471 |  84k|  2 |  64 | 987 |-2.456247e+01 | 0.000000e+00 |    Inf | unknown
 7870s|  7300 |  7301 | 12852k|1754.6 |   357M |  69 |1502 | 503 |1491 |  85k|  2 |  65 | 989 |-2.456225e+01 | 0.000000e+00 |    Inf | unknown
 7963s|  7400 |  7401 | 13015k|1752.9 |   358M |  69 |1502 | 502 |1450 |  86k|  2 |  65 | 994 |-2.456225e+01 | 0.000000e+00 |    Inf | unknown
 8055s|  7500 |  7501 | 13170k|1750.1 |   359M |  69 |1502 | 504 |1318 |  87k|  2 |  67 |1000 |-2.456214e+01 | 0.000000e+00 |    Inf | unknown
 8158s|  7600 |  7601 | 13359k|1752.0 |   359M |  69 |1502 | 504 |1464 |  89k|  4 |  67 |1001 |-2.456214e+01 | 0.000000e+00 |    Inf | unknown
 8266s|  7700 |  7701 | 13549k|1754.0 |   361M |  69 |1502 | 504 |1456 |  90k|  2 |  68 |1009 |-2.456169e+01 | 0.000000e+00 |    Inf | unknown
 8358s|  7800 |  7801 | 13703k|1751.2 |   361M |  69 |1502 | 503 |1483 |  91k|  2 |  69 |1013 |-2.456169e+01 | 0.000000e+00 |    Inf | unknown
 8469s|  7900 |  7901 | 13906k|1754.7 |   361M |  69 |1502 | 503 |1368 |  92k|  2 |  70 |1017 |-2.456155e+01 | 0.000000e+00 |    Inf | unknown
 8563s|  8000 |  8001 | 14070k|1753.3 |   362M |  69 |1502 | 503 |1507 |  93k|  2 |  70 |1020 |-2.456155e+01 | 0.000000e+00 |    Inf | unknown
 8665s|  8100 |  8101 | 14246k|1753.3 |   362M |  69 |1502 | 503 |1530 |  94k|  2 |  71 |1021 |-2.456151e+01 | 0.000000e+00 |    Inf | unknown
 8773s|  8200 |  8201 | 14443k|1756.0 |   364M |  69 |1502 | 503 |1396 |  96k|  2 |  72 |1026 |-2.456133e+01 | 0.000000e+00 |    Inf | unknown
 8885s|  8300 |  8301 | 14642k|1758.8 |   365M |  69 |1502 | 503 |1463 |  97k|  4 |  72 |1035 |-2.456133e+01 | 0.000000e+00 |    Inf | unknown
 time | node  | left  |LP iter|LP it/n|mem/heur|mdpt |vars |cons |rows |cuts |sepa|confs|strbr|  dualbound   | primalbound  |  gap   | compl. 
 8987s|  8400 |  8401 | 14820k|1759.1 |   365M |  69 |1502 | 504 |1401 |  98k|  3 |  74 |1035 |-2.456123e+01 | 0.000000e+00 |    Inf | unknown
 9089s|  8500 |  8501 | 15004k|1760.0 |   365M |  69 |1502 | 504 |1610 |  99k|  2 |  74 |1040 |-2.456123e+01 | 0.000000e+00 |    Inf | unknown
 9206s|  8600 |  8601 | 15200k|1762.4 |   366M |  69 |1502 | 504 |1458 | 100k|  2 |  75 |1045 |-2.456121e+01 | 0.000000e+00 |    Inf | unknown
 9310s|  8700 |  8701 | 15387k|1763.6 |   367M |  69 |1502 | 502 |1371 | 102k|  2 |  75 |1049 |-2.456121e+01 | 0.000000e+00 |    Inf | unknown
 9428s|  8800 |  8801 | 15605k|1768.3 |   368M |  69 |1502 | 503 |1472 | 103k|  4 |  77 |1052 |-2.456118e+01 | 0.000000e+00 |    Inf | unknown
 9536s|  8900 |  8901 | 15791k|1769.4 |   368M |  69 |1502 | 504 |1579 | 104k|  3 |  78 |1059 |-2.456118e+01 | 0.000000e+00 |    Inf | unknown
 9646s|  9000 |  9001 | 15979k|1770.6 |   369M |  69 |1502 | 502 |1578 | 105k|  4 |  78 |1062 |-2.456115e+01 | 0.000000e+00 |    Inf | unknown
 9769s|  9100 |  9101 | 16207k|1776.2 |   372M |  69 |1502 | 502 |1506 | 107k|  2 |  79 |1065 |-2.456115e+01 | 0.000000e+00 |    Inf | unknown
 9879s|  9200 |  9201 | 16405k|1778.4 |   373M |  69 |1502 | 502 |1364 | 108k|  2 |  79 |1067 |-2.456094e+01 | 0.000000e+00 |    Inf | unknown
 9986s|  9300 |  9301 | 16586k|1778.7 |   374M |  69 |1502 | 501 |1312 | 110k|  3 |  79 |1075 |-2.456094e+01 | 0.000000e+00 |    Inf | unknown
  168m|  9400 |  9401 | 16798k|1782.4 |   375M |  69 |1502 | 503 |1590 | 111k|  2 |  81 |1082 |-2.456087e+01 | 0.000000e+00 |    Inf | unknown
  170m|  9500 |  9501 | 16993k|1784.1 |   376M |  71 |1502 | 503 |1516 | 112k|  2 |  81 |1083 |-2.456087e+01 | 0.000000e+00 |    Inf | unknown
  172m|  9600 |  9601 | 17199k|1787.0 |   377M |  71 |1502 | 501 |1453 | 114k|  4 |  81 |1092 |-2.456087e+01 | 0.000000e+00 |    Inf | unknown
  174m|  9700 |  9701 | 17357k|1784.8 |   377M |  71 |1502 | 502 |1512 | 115k|  2 |  82 |1094 |-2.456087e+01 | 0.000000e+00 |    Inf | unknown
  176m|  9800 |  9801 | 17565k|1787.9 |   378M |  71 |1502 | 503 |1506 | 117k|  2 |  83 |1097 |-2.456058e+01 | 0.000000e+00 |    Inf | unknown
 time | node  | left  |LP iter|LP it/n|mem/heur|mdpt |vars |cons |rows |cuts |sepa|confs|strbr|  dualbound   | primalbound  |  gap   | compl. 
  178m|  9900 |  9901 | 17767k|1790.3 |   379M |  71 |1502 | 502 |1403 | 118k|  2 |  83 |1104 |-2.456058e+01 | 0.000000e+00 |    Inf | unknown
  180m| 10000 | 10001 | 17966k|1792.2 |   380M |  71 |1502 | 502 |1545 | 119k|  2 |  84 |1105 |-2.456058e+01 | 0.000000e+00 |    Inf | unknown

SCIP Status        : solving was interrupted [time limit reached]
Solving Time (sec) : 10800.00
Solving Nodes      : 10033
Primal Bound       : +0.00000000000000e+00 (1 solutions)
Dual Bound         : -2.45605820791737e+01
Gap                : infinite

