Solver command line: ['/cvmfs/soft.computecanada.ca/easybuild/software/2023/x86-64-v4/Compiler/gcc12/scipoptsuite/9.0.0/bin/scip', '/tmp/tmp_x449a_e.pyomo', '-AMPL']

SCIP version 9.0.0 [precision: 8 byte] [memory: block] [mode: optimized] [LP solver: Soplex 7.0.0] [GitHash: 7205bedd94]
Copyright (c) 2002-2024 Zuse Institute Berlin (ZIB)

External libraries: 
  Readline 8.1         GNU library for command line editing (gnu.org/s/readline)
  Soplex 7.0.0         Linear Programming Solver developed at Zuse Institute Berlin (soplex.zib.de) [GitHash: 6657fb3b]
  CppAD 20180000.0     Algorithmic Differentiation of C++ algorithms developed by B. Bell (github.com/coin-or/CppAD)
  ZLIB 1.2.13          General purpose compression library by J. Gailly and M. Adler (zlib.net)
  GMP 6.2.1            GNU Multiple Precision Arithmetic Library developed by T. Granlund (gmplib.org)
  ZIMPL 3.5.3          Zuse Institute Mathematical Programming Language developed by T. Koch (zimpl.zib.de)
  AMPL/MP 690e9e7      AMPL .nl file reader library (github.com/ampl/mp)
  PaPILO 2.2.0         parallel presolve for integer and linear optimization (github.com/scipopt/papilo) (built with TBB) [GitHash: df30ae49]
  bliss 0.77           Computing Graph Automorphisms by T. Junttila and P. Kaski (users.aalto.fi/~tjunttil/bliss)
  sassy 1.1            Symmetry preprocessor by Markus Anders (github.com/markusa4/sassy)
  Ipopt 3.14.14        Interior Point Optimizer developed by A. Waechter et.al. (github.com/coin-or/Ipopt)

reading user parameter file <scip.set>
===========================

limits/time = 10800

read problem </tmp/tmp_x449a_e.pyomo.nl>
============

original problem has 501 variables (0 bin, 500 int, 0 impl, 1 cont) and 501 constraints

solve problem
=============

1/1 feasible solution given by solution candidate storage, new primal bound 0.000000e+00

presolving:
   (0.1s) symmetry computation started: requiring (bin +, int +, cont +), (fixed: bin -, int -, cont -)
   (0.2s) no symmetry present (symcode time: 0.02)
presolving (1 rounds: 1 fast, 1 medium, 1 exhaustive):
 0 deleted vars, 0 deleted constraints, 0 added constraints, 1 tightened bounds, 0 added holes, 0 changed sides, 0 changed coefficients
 0 implications, 0 cliques
presolved problem has 501 variables (0 bin, 500 int, 0 impl, 1 cont) and 501 constraints
    500 constraints of type <linear>
      1 constraints of type <nonlinear>
Presolving Time: 0.18
transformed 1/1 original solutions to the transformed problem space

 time | node  | left  |LP iter|LP it/n|mem/heur|mdpt |vars |cons |rows |cuts |sepa|confs|strbr|  dualbound   | primalbound  |  gap   | compl. 
  4.7s|     1 |     0 |  4176 |     - |   133M |   0 |1502 | 501 |2500 |   0 |  0 |   0 |   0 |-2.477245e+01 | 0.000000e+00 |    Inf | unknown
  7.9s|     1 |     0 |  5822 |     - |   148M |   0 |1502 | 501 |3000 | 500 |  1 |   0 |   0 |-2.477245e+01 | 0.000000e+00 |    Inf | unknown
 12.2s|     1 |     0 |  7801 |     - |   166M |   0 |1502 | 501 |3495 | 995 |  2 |   0 |   0 |-2.477245e+01 | 0.000000e+00 |    Inf | unknown
 22.9s|     1 |     0 | 18601 |     - |   176M |   0 |1502 | 501 |3950 |1450 |  3 |   0 |   0 |-2.476043e+01 | 0.000000e+00 |    Inf | unknown
 24.0s|     1 |     0 | 18601 |     - |   176M |   0 |1502 | 501 |3950 |1450 |  3 |   0 |   0 |-2.476043e+01 | 0.000000e+00 |    Inf | unknown
 31.2s|     1 |     0 | 29459 |     - |   188M |   0 |1502 | 501 |4253 |1753 |  4 |   0 |   0 |-2.466616e+01 | 0.000000e+00 |    Inf | unknown
 32.1s|     1 |     0 | 29459 |     - |   189M |   0 |1502 | 501 |4253 |1753 |  4 |   0 |   0 |-2.466616e+01 | 0.000000e+00 |    Inf | unknown
 39.3s|     1 |     0 | 40018 |     - |   199M |   0 |1502 | 501 |4395 |1895 |  5 |   0 |   0 |-2.460481e+01 | 0.000000e+00 |    Inf | unknown
 40.2s|     1 |     0 | 40018 |     - |   200M |   0 |1502 | 501 |4395 |1895 |  5 |   0 |   0 |-2.460481e+01 | 0.000000e+00 |    Inf | unknown
 43.0s|     1 |     0 | 43531 |     - |   221M |   0 |1502 | 501 |4444 |1944 |  6 |   0 |   0 |-2.459329e+01 | 0.000000e+00 |    Inf | unknown
 43.8s|     1 |     0 | 43531 |     - |   221M |   0 |1502 | 501 |4444 |1944 |  6 |   0 |   0 |-2.459329e+01 | 0.000000e+00 |    Inf | unknown
 45.4s|     1 |     0 | 44309 |     - |   241M |   0 |1502 | 501 |4459 |1959 |  7 |   0 |   0 |-2.459260e+01 | 0.000000e+00 |    Inf | unknown
 46.1s|     1 |     0 | 44309 |     - |   241M |   0 |1502 | 501 |4459 |1959 |  7 |   0 |   0 |-2.459260e+01 | 0.000000e+00 |    Inf | unknown
 47.6s|     1 |     0 | 44924 |     - |   246M |   0 |1502 | 501 |4467 |1967 |  8 |   0 |   0 |-2.459236e+01 | 0.000000e+00 |    Inf | unknown
 49.5s|     1 |     0 | 45147 |     - |   266M |   0 |1502 | 501 |4469 |1969 |  9 |   0 |   0 |-2.459232e+01 | 0.000000e+00 |    Inf | unknown
 time | node  | left  |LP iter|LP it/n|mem/heur|mdpt |vars |cons |rows |cuts |sepa|confs|strbr|  dualbound   | primalbound  |  gap   | compl. 
 51.2s|     1 |     0 | 45276 |     - |   270M |   0 |1502 | 501 |4471 |1971 | 10 |   0 |   0 |-2.459229e+01 | 0.000000e+00 |    Inf | unknown
 52.7s|     1 |     0 | 45300 |     - |   270M |   0 |1502 | 501 |1983 |1972 | 11 |   0 |   0 |-2.459229e+01 | 0.000000e+00 |    Inf | unknown
 54.1s|     1 |     0 | 45325 |     - |   271M |   0 |1502 | 501 |1984 |1973 | 12 |   0 |   0 |-2.459229e+01 | 0.000000e+00 |    Inf | unknown
 55.6s|     1 |     0 | 45367 |     - |   271M |   0 |1502 | 501 |1985 |1974 | 13 |   0 |   0 |-2.459228e+01 | 0.000000e+00 |    Inf | unknown
 57.1s|     1 |     0 | 45390 |     - |   271M |   0 |1502 | 501 |1986 |1975 | 14 |   0 |   0 |-2.459228e+01 | 0.000000e+00 |    Inf | unknown
 58.5s|     1 |     0 | 45397 |     - |   271M |   0 |1502 | 501 |1987 |1976 | 15 |   0 |   0 |-2.459228e+01 | 0.000000e+00 |    Inf | unknown
 60.0s|     1 |     0 | 45402 |     - |   271M |   0 |1502 | 501 |1988 |1977 | 16 |   0 |   0 |-2.459228e+01 | 0.000000e+00 |    Inf | unknown
  336s|     1 |     2 |519038 |     - |   271M |   0 |1502 | 501 |1988 |1977 | 16 |   0 |  38 |-2.459164e+01 | 0.000000e+00 |    Inf | unknown
  579s|   100 |   101 |709210 |6705.1 |   279M |  23 |1502 | 501 |1339 |3055 |  2 |   0 | 328 |-2.459140e+01 | 0.000000e+00 |    Inf | unknown
  711s|   200 |   201 |858794 |4087.4 |   280M |  29 |1502 | 501 |1331 |4165 |  2 |   0 | 409 |-2.459134e+01 | 0.000000e+00 |    Inf | unknown
  821s|   300 |   301 |998843 |3188.8 |   281M |  33 |1502 | 501 |1271 |4993 |  2 |   0 | 468 |-2.459134e+01 | 0.000000e+00 |    Inf | unknown
  911s|   400 |   401 |  1137k|2736.8 |   273M |  33 |1502 | 501 |1436 |5931 |  2 |   0 | 480 |-2.459134e+01 | 0.000000e+00 |    Inf | unknown
 1042s|   500 |   501 |  1278k|2470.3 |   275M |  33 |1502 | 501 |1238 |6980 |  2 |   0 | 511 |-2.459134e+01 | 0.000000e+00 |    Inf | unknown
 1137s|   600 |   601 |  1412k|2282.5 |   276M |  39 |1502 | 501 |1215 |8077 |  2 |   0 | 518 |-2.459109e+01 | 0.000000e+00 |    Inf | unknown
 1214s|   700 |   701 |  1527k|2119.6 |   276M |  41 |1502 | 501 |1335 |8803 |  2 |   0 | 538 |-2.459109e+01 | 0.000000e+00 |    Inf | unknown
 time | node  | left  |LP iter|LP it/n|mem/heur|mdpt |vars |cons |rows |cuts |sepa|confs|strbr|  dualbound   | primalbound  |  gap   | compl. 
 1308s|   800 |   801 |  1654k|2013.7 |   277M |  43 |1502 | 501 |1269 |9969 |  2 |   0 | 559 |-2.459071e+01 | 0.000000e+00 |    Inf | unknown
 1390s|   900 |   901 |  1777k|1926.4 |   278M |  43 |1502 | 501 |1270 |  10k|  2 |   0 | 559 |-2.459071e+01 | 0.000000e+00 |    Inf | unknown
 1482s|  1000 |  1001 |  1901k|1857.8 |   279M |  49 |1502 | 501 |1465 |  11k|  2 |   0 | 586 |-2.459071e+01 | 0.000000e+00 |    Inf | unknown
 1560s|  1100 |  1101 |  2017k|1794.1 |   281M |  49 |1502 | 501 |1393 |  12k|  2 |   0 | 592 |-2.459002e+01 | 0.000000e+00 |    Inf | unknown
 1675s|  1200 |  1201 |  2186k|1785.8 |   282M |  49 |1502 | 501 |1425 |  13k|  2 |   0 | 596 |-2.458823e+01 | 0.000000e+00 |    Inf | unknown
 1782s|  1300 |  1301 |  2349k|1774.1 |   284M |  49 |1502 | 501 |1426 |  15k|  2 |   0 | 597 |-2.458800e+01 | 0.000000e+00 |    Inf | unknown
 1898s|  1400 |  1401 |  2541k|1784.3 |   286M |  49 |1502 | 501 |1292 |  16k|  2 |   0 | 608 |-2.458759e+01 | 0.000000e+00 |    Inf | unknown
 1983s|  1500 |  1501 |  2685k|1761.3 |   286M |  49 |1502 | 501 |1336 |  17k|  2 |   0 | 610 |-2.458759e+01 | 0.000000e+00 |    Inf | unknown
 2103s|  1600 |  1601 |  2876k|1770.5 |   288M |  49 |1502 | 505 |1311 |  18k|  2 |   5 | 629 |-2.458690e+01 | 0.000000e+00 |    Inf | unknown
 2192s|  1700 |  1701 |  3022k|1752.4 |   289M |  49 |1502 | 508 |1442 |  19k|  2 |  10 | 634 |-2.458534e+01 | 0.000000e+00 |    Inf | unknown
 2315s|  1800 |  1801 |  3222k|1766.1 |   291M |  49 |1502 | 510 |1464 |  21k|  2 |  16 | 662 |-2.458501e+01 | 0.000000e+00 |    Inf | unknown
 2444s|  1900 |  1901 |  3457k|1796.7 |   292M |  49 |1502 | 507 |1450 |  22k|  2 |  18 | 667 |-2.458501e+01 | 0.000000e+00 |    Inf | unknown
 2551s|  2000 |  2001 |  3640k|1798.4 |   293M |  49 |1502 | 505 |1432 |  23k|  2 |  20 | 684 |-2.458452e+01 | 0.000000e+00 |    Inf | unknown
 2663s|  2100 |  2101 |  3834k|1805.3 |   295M |  49 |1502 | 504 |1397 |  24k|  2 |  21 | 688 |-2.458297e+01 | 0.000000e+00 |    Inf | unknown
 2770s|  2200 |  2201 |  4004k|1800.6 |   298M |  49 |1502 | 504 |1353 |  26k|  1 |  21 | 711 |-2.458101e+01 | 0.000000e+00 |    Inf | unknown
 time | node  | left  |LP iter|LP it/n|mem/heur|mdpt |vars |cons |rows |cuts |sepa|confs|strbr|  dualbound   | primalbound  |  gap   | compl. 
 2877s|  2300 |  2301 |  4207k|1810.3 |   299M |  49 |1502 | 502 |1527 |  27k|  2 |  21 | 712 |-2.458101e+01 | 0.000000e+00 |    Inf | unknown
 2979s|  2400 |  2401 |  4364k|1800.5 |   299M |  49 |1502 | 501 |1515 |  28k|  2 |  21 | 732 |-2.457771e+01 | 0.000000e+00 |    Inf | unknown
 3065s|  2500 |  2501 |  4507k|1785.7 |   300M |  49 |1502 | 501 |1482 |  29k|  4 |  21 | 733 |-2.457743e+01 | 0.000000e+00 |    Inf | unknown
 3178s|  2600 |  2601 |  4697k|1790.0 |   302M |  49 |1502 | 502 |1520 |  31k|  3 |  22 | 749 |-2.457732e+01 | 0.000000e+00 |    Inf | unknown
 3277s|  2700 |  2701 |  4863k|1785.3 |   303M |  51 |1502 | 503 |1377 |  32k|  2 |  23 | 751 |-2.457732e+01 | 0.000000e+00 |    Inf | unknown
 3379s|  2800 |  2801 |  5033k|1782.1 |   304M |  51 |1502 | 503 |1545 |  33k|  1 |  24 | 766 |-2.457732e+01 | 0.000000e+00 |    Inf | unknown
 3465s|  2900 |  2901 |  5178k|1770.6 |   305M |  51 |1502 | 504 |1489 |  35k|  5 |  26 | 769 |-2.457685e+01 | 0.000000e+00 |    Inf | unknown
 3582s|  3000 |  3001 |  5379k|1778.8 |   307M |  51 |1502 | 504 |1416 |  36k|  2 |  26 | 779 |-2.457685e+01 | 0.000000e+00 |    Inf | unknown
 3689s|  3100 |  3101 |  5558k|1779.0 |   308M |  51 |1502 | 501 |1413 |  37k|  4 |  26 | 785 |-2.457583e+01 | 0.000000e+00 |    Inf | unknown
 3798s|  3200 |  3201 |  5744k|1781.4 |   309M |  51 |1502 | 503 |1539 |  38k|  2 |  28 | 794 |-2.457583e+01 | 0.000000e+00 |    Inf | unknown
 3910s|  3300 |  3301 |  5933k|1784.8 |   310M |  55 |1502 | 504 |1419 |  40k|  2 |  29 | 804 |-2.457583e+01 | 0.000000e+00 |    Inf | unknown
 4011s|  3400 |  3401 |  6091k|1778.8 |   310M |  55 |1502 | 503 |1508 |  41k|  2 |  30 | 811 |-2.457583e+01 | 0.000000e+00 |    Inf | unknown
 4109s|  3500 |  3501 |  6255k|1774.8 |   312M |  55 |1502 | 502 |1419 |  42k|  2 |  30 | 823 |-2.457583e+01 | 0.000000e+00 |    Inf | unknown
 4192s|  3600 |  3601 |  6401k|1765.9 |   312M |  57 |1502 | 501 |1505 |  43k|  1 |  30 | 824 |-2.457578e+01 | 0.000000e+00 |    Inf | unknown
 4310s|  3700 |  3701 |  6600k|1772.1 |   314M |  57 |1502 | 503 |1547 |  44k|  3 |  33 | 832 |-2.457578e+01 | 0.000000e+00 |    Inf | unknown
 time | node  | left  |LP iter|LP it/n|mem/heur|mdpt |vars |cons |rows |cuts |sepa|confs|strbr|  dualbound   | primalbound  |  gap   | compl. 
 4421s|  3800 |  3801 |  6787k|1774.6 |   315M |  63 |1502 | 503 |1405 |  46k|  2 |  33 | 834 |-2.457578e+01 | 0.000000e+00 |    Inf | unknown
 4543s|  3900 |  3901 |  6997k|1783.0 |   318M |  63 |1502 | 502 |1467 |  47k|  2 |  34 | 846 |-2.457578e+01 | 0.000000e+00 |    Inf | unknown
 4642s|  4000 |  4001 |  7171k|1782.1 |   318M |  63 |1502 | 502 |1391 |  48k|  3 |  34 | 851 |-2.457575e+01 | 0.000000e+00 |    Inf | unknown
 4744s|  4100 |  4101 |  7341k|1779.9 |   320M |  63 |1502 | 501 |1452 |  49k|  5 |  34 | 857 |-2.457575e+01 | 0.000000e+00 |    Inf | unknown
 4828s|  4200 |  4201 |  7481k|1770.9 |   320M |  63 |1502 | 503 |1363 |  50k|  2 |  36 | 859 |-2.457575e+01 | 0.000000e+00 |    Inf | unknown
 4915s|  4300 |  4301 |  7626k|1763.6 |   320M |  63 |1502 | 504 |1449 |  51k|  2 |  37 | 859 |-2.457575e+01 | 0.000000e+00 |    Inf | unknown
 5010s|  4400 |  4401 |  7781k|1758.7 |   322M |  63 |1502 | 504 |1440 |  52k|  2 |  37 | 869 |-2.457486e+01 | 0.000000e+00 |    Inf | unknown
 5112s|  4500 |  4501 |  7968k|1761.1 |   323M |  63 |1502 | 503 |1563 |  54k|  5 |  39 | 872 |-2.457486e+01 | 0.000000e+00 |    Inf | unknown
 5199s|  4600 |  4601 |  8106k|1752.9 |   324M |  69 |1502 | 504 |1328 |  55k|  1 |  40 | 881 |-2.457448e+01 | 0.000000e+00 |    Inf | unknown
 5304s|  4700 |  4701 |  8285k|1753.6 |   325M |  69 |1502 | 504 |1339 |  56k|  2 |  40 | 887 |-2.457448e+01 | 0.000000e+00 |    Inf | unknown
 5384s|  4800 |  4801 |  8423k|1745.9 |   327M |  69 |1502 | 503 |1454 |  57k|  2 |  41 | 889 |-2.457429e+01 | 0.000000e+00 |    Inf | unknown
 5492s|  4900 |  4901 |  8615k|1749.4 |   328M |  69 |1502 | 502 |1493 |  58k|  3 |  41 | 899 |-2.457429e+01 | 0.000000e+00 |    Inf | unknown
 5589s|  5000 |  5001 |  8776k|1746.5 |   329M |  69 |1502 | 502 |1452 |  59k|  1 |  41 | 904 |-2.457382e+01 | 0.000000e+00 |    Inf | unknown
 5691s|  5100 |  5101 |  8957k|1747.8 |   329M |  69 |1502 | 502 |1412 |  60k|  2 |  42 | 909 |-2.457382e+01 | 0.000000e+00 |    Inf | unknown
 5790s|  5200 |  5201 |  9121k|1745.8 |   331M |  69 |1502 | 503 |1582 |  61k|  2 |  43 | 915 |-2.457286e+01 | 0.000000e+00 |    Inf | unknown
 time | node  | left  |LP iter|LP it/n|mem/heur|mdpt |vars |cons |rows |cuts |sepa|confs|strbr|  dualbound   | primalbound  |  gap   | compl. 
 5870s|  5300 |  5301 |  9248k|1736.7 |   332M |  69 |1502 | 505 |1450 |  62k|  2 |  45 | 915 |-2.457286e+01 | 0.000000e+00 |    Inf | unknown
 5981s|  5400 |  5401 |  9445k|1741.1 |   332M |  69 |1502 | 505 |1526 |  64k|  2 |  46 | 925 |-2.457247e+01 | 0.000000e+00 |    Inf | unknown
 6090s|  5500 |  5501 |  9630k|1743.1 |   333M |  69 |1502 | 505 |1396 |  65k|  3 |  47 | 925 |-2.457238e+01 | 0.000000e+00 |    Inf | unknown
 6204s|  5600 |  5601 |  9825k|1746.7 |   334M |  69 |1502 | 503 |1317 |  66k|  2 |  47 | 932 |-2.457238e+01 | 0.000000e+00 |    Inf | unknown
 6299s|  5700 |  5701 |  9984k|1744.1 |   334M |  69 |1502 | 502 |1522 |  67k|  2 |  47 | 939 |-2.457189e+01 | 0.000000e+00 |    Inf | unknown
 6396s|  5800 |  5801 | 10166k|1745.3 |   336M |  69 |1502 | 502 |1452 |  69k|  2 |  48 | 941 |-2.457189e+01 | 0.000000e+00 |    Inf | unknown
 6515s|  5900 |  5901 | 10365k|1749.5 |   337M |  69 |1502 | 502 |1468 |  70k|  2 |  48 | 956 |-2.457184e+01 | 0.000000e+00 |    Inf | unknown
 6618s|  6000 |  6001 | 10535k|1748.7 |   338M |  69 |1502 | 502 |1378 |  71k|  2 |  49 | 959 |-2.457184e+01 | 0.000000e+00 |    Inf | unknown
 6714s|  6100 |  6101 | 10706k|1748.0 |   338M |  69 |1502 | 502 |1609 |  72k|  2 |  49 | 966 |-2.457155e+01 | 0.000000e+00 |    Inf | unknown
 6820s|  6200 |  6201 | 10891k|1749.6 |   339M |  69 |1502 | 503 |1543 |  74k|  3 |  50 | 972 |-2.457155e+01 | 0.000000e+00 |    Inf | unknown
 6920s|  6300 |  6301 | 11065k|1749.6 |   340M |  69 |1502 | 503 |1477 |  75k|  2 |  51 | 973 |-2.457064e+01 | 0.000000e+00 |    Inf | unknown
 7033s|  6400 |  6401 | 11251k|1751.3 |   341M |  69 |1502 | 503 |1319 |  76k|  2 |  52 | 986 |-2.457037e+01 | 0.000000e+00 |    Inf | unknown
 7141s|  6500 |  6501 | 11426k|1751.3 |   343M |  69 |1502 | 504 |1301 |  77k|  2 |  53 | 990 |-2.457037e+01 | 0.000000e+00 |    Inf | unknown
 7252s|  6600 |  6601 | 11620k|1754.0 |   343M |  69 |1502 | 503 |1533 |  79k|  2 |  53 | 995 |-2.456991e+01 | 0.000000e+00 |    Inf | unknown
 7359s|  6700 |  6701 | 11807k|1755.7 |   345M |  69 |1502 | 503 |1421 |  80k|  2 |  54 | 999 |-2.456991e+01 | 0.000000e+00 |    Inf | unknown
 time | node  | left  |LP iter|LP it/n|mem/heur|mdpt |vars |cons |rows |cuts |sepa|confs|strbr|  dualbound   | primalbound  |  gap   | compl. 
 7468s|  6800 |  6801 | 11992k|1757.2 |   345M |  69 |1502 | 503 |1471 |  81k|  2 |  55 |1001 |-2.456982e+01 | 0.000000e+00 |    Inf | unknown
 7568s|  6900 |  6901 | 12166k|1756.9 |   346M |  69 |1502 | 502 |1391 |  82k|  4 |  55 |1008 |-2.456982e+01 | 0.000000e+00 |    Inf | unknown
 7680s|  7000 |  7001 | 12360k|1759.5 |   346M |  69 |1502 | 502 |1619 |  84k|  4 |  56 |1012 |-2.456903e+01 | 0.000000e+00 |    Inf | unknown
 7795s|  7100 |  7101 | 12554k|1762.1 |   348M |  69 |1502 | 503 |1558 |  85k|  2 |  57 |1022 |-2.456900e+01 | 0.000000e+00 |    Inf | unknown
 7907s|  7200 |  7201 | 12756k|1765.6 |   349M |  69 |1502 | 502 |1422 |  87k|  2 |  57 |1029 |-2.456900e+01 | 0.000000e+00 |    Inf | unknown
 8025s|  7300 |  7301 | 12971k|1770.9 |   350M |  69 |1502 | 502 |1467 |  88k|  2 |  58 |1031 |-2.456809e+01 | 0.000000e+00 |    Inf | unknown
 8148s|  7400 |  7401 | 13179k|1775.2 |   350M |  69 |1502 | 503 |1609 |  90k|  2 |  59 |1039 |-2.456809e+01 | 0.000000e+00 |    Inf | unknown
 8255s|  7500 |  7501 | 13371k|1777.1 |   352M |  69 |1502 | 503 |1653 |  91k|  3 |  60 |1040 |-2.456769e+01 | 0.000000e+00 |    Inf | unknown
 8371s|  7600 |  7601 | 13589k|1782.3 |   352M |  69 |1502 | 503 |1464 |  92k|  2 |  61 |1045 |-2.456703e+01 | 0.000000e+00 |    Inf | unknown
 8497s|  7700 |  7701 | 13811k|1788.1 |   353M |  69 |1502 | 503 |1415 |  94k|  2 |  62 |1045 |-2.456703e+01 | 0.000000e+00 |    Inf | unknown
 8617s|  7800 |  7801 | 14029k|1793.1 |   353M |  69 |1502 | 502 |1328 |  95k|  2 |  62 |1056 |-2.456656e+01 | 0.000000e+00 |    Inf | unknown
 8705s|  7900 |  7901 | 14184k|1790.0 |   355M |  69 |1502 | 502 |1559 |  96k|  2 |  63 |1059 |-2.456656e+01 | 0.000000e+00 |    Inf | unknown
 8827s|  8000 |  8001 | 14393k|1793.7 |   356M |  69 |1502 | 502 |1584 |  98k|  2 |  63 |1064 |-2.456634e+01 | 0.000000e+00 |    Inf | unknown
 8941s|  8100 |  8101 | 14595k|1796.5 |   356M |  69 |1502 | 501 |1544 |  99k|  3 |  63 |1074 |-2.456634e+01 | 0.000000e+00 |    Inf | unknown
 9065s|  8200 |  8201 | 14824k|1802.6 |   357M |  69 |1502 | 502 |1506 | 100k|  2 |  64 |1080 |-2.456634e+01 | 0.000000e+00 |    Inf | unknown
 time | node  | left  |LP iter|LP it/n|mem/heur|mdpt |vars |cons |rows |cuts |sepa|confs|strbr|  dualbound   | primalbound  |  gap   | compl. 
 9163s|  8300 |  8301 | 14998k|1801.8 |   357M |  69 |1502 | 503 |1496 | 101k|  2 |  65 |1084 |-2.456634e+01 | 0.000000e+00 |    Inf | unknown
 9282s|  8400 |  8401 | 15206k|1805.1 |   359M |  69 |1502 | 502 |1573 | 103k|  2 |  65 |1092 |-2.456634e+01 | 0.000000e+00 |    Inf | unknown
 9402s|  8500 |  8501 | 15427k|1809.9 |   359M |  69 |1502 | 502 |1517 | 104k|  2 |  66 |1093 |-2.456634e+01 | 0.000000e+00 |    Inf | unknown
 9514s|  8600 |  8601 | 15623k|1811.6 |   359M |  69 |1502 | 502 |1403 | 106k|  3 |  66 |1103 |-2.456548e+01 | 0.000000e+00 |    Inf | unknown
 9613s|  8700 |  8701 | 15796k|1810.7 |   360M |  69 |1502 | 502 |1571 | 107k|  2 |  67 |1107 |-2.456548e+01 | 0.000000e+00 |    Inf | unknown
 9723s|  8800 |  8801 | 15994k|1812.6 |   361M |  69 |1502 | 504 |1539 | 108k|  3 |  69 |1110 |-2.456512e+01 | 0.000000e+00 |    Inf | unknown
 9857s|  8900 |  8901 | 16234k|1819.2 |   362M |  69 |1502 | 504 |1498 | 110k|  2 |  70 |1119 |-2.456512e+01 | 0.000000e+00 |    Inf | unknown
 9975s|  9000 |  9001 | 16443k|1822.2 |   365M |  69 |1502 | 503 |1450 | 111k|  2 |  71 |1122 |-2.456494e+01 | 0.000000e+00 |    Inf | unknown
  168m|  9100 |  9101 | 16641k|1823.9 |   366M |  69 |1502 | 505 |1338 | 113k|  4 |  73 |1129 |-2.456494e+01 | 0.000000e+00 |    Inf | unknown
  170m|  9200 |  9201 | 16857k|1827.6 |   368M |  69 |1502 | 504 |1614 | 114k|  4 |  73 |1130 |-2.456494e+01 | 0.000000e+00 |    Inf | unknown
  172m|  9300 |  9301 | 17071k|1831.0 |   368M |  69 |1502 | 502 |1535 | 116k|  4 |  75 |1132 |-2.456494e+01 | 0.000000e+00 |    Inf | unknown
  174m|  9400 |  9401 | 17231k|1828.5 |   368M |  69 |1502 | 503 |1420 | 117k|  2 |  76 |1138 |-2.456494e+01 | 0.000000e+00 |    Inf | unknown
  175m|  9500 |  9501 | 17430k|1830.2 |   369M |  69 |1502 | 503 |1436 | 118k|  3 |  77 |1141 |-2.456494e+01 | 0.000000e+00 |    Inf | unknown
  177m|  9600 |  9601 | 17595k|1828.3 |   371M |  69 |1502 | 503 |1534 | 119k|  3 |  77 |1146 |-2.456494e+01 | 0.000000e+00 |    Inf | unknown
  179m|  9700 |  9701 | 17815k|1832.2 |   372M |  69 |1502 | 503 |1571 | 121k|  4 |  78 |1152 |-2.456494e+01 | 0.000000e+00 |    Inf | unknown

SCIP Status        : solving was interrupted [time limit reached]
Solving Time (sec) : 10800.00
Solving Nodes      : 9747
Primal Bound       : +0.00000000000000e+00 (1 solutions)
Dual Bound         : -2.45649433510902e+01
Gap                : infinite

