Solver command line: ['/cvmfs/soft.computecanada.ca/easybuild/software/2023/x86-64-v4/Compiler/gcc12/scipoptsuite/9.0.0/bin/scip', '/tmp/tmpk0dv3lcr.pyomo', '-AMPL']

SCIP version 9.0.0 [precision: 8 byte] [memory: block] [mode: optimized] [LP solver: Soplex 7.0.0] [GitHash: 7205bedd94]
Copyright (c) 2002-2024 Zuse Institute Berlin (ZIB)

External libraries: 
  Readline 8.1         GNU library for command line editing (gnu.org/s/readline)
  Soplex 7.0.0         Linear Programming Solver developed at Zuse Institute Berlin (soplex.zib.de) [GitHash: 6657fb3b]
  CppAD 20180000.0     Algorithmic Differentiation of C++ algorithms developed by B. Bell (github.com/coin-or/CppAD)
  ZLIB 1.2.13          General purpose compression library by J. Gailly and M. Adler (zlib.net)
  GMP 6.2.1            GNU Multiple Precision Arithmetic Library developed by T. Granlund (gmplib.org)
  ZIMPL 3.5.3          Zuse Institute Mathematical Programming Language developed by T. Koch (zimpl.zib.de)
  AMPL/MP 690e9e7      AMPL .nl file reader library (github.com/ampl/mp)
  PaPILO 2.2.0         parallel presolve for integer and linear optimization (github.com/scipopt/papilo) (built with TBB) [GitHash: df30ae49]
  bliss 0.77           Computing Graph Automorphisms by T. Junttila and P. Kaski (users.aalto.fi/~tjunttil/bliss)
  sassy 1.1            Symmetry preprocessor by Markus Anders (github.com/markusa4/sassy)
  Ipopt 3.14.14        Interior Point Optimizer developed by A. Waechter et.al. (github.com/coin-or/Ipopt)

reading user parameter file <scip.set>
===========================

limits/time = 10800

read problem </tmp/tmpk0dv3lcr.pyomo.nl>
============

original problem has 2001 variables (0 bin, 1000 int, 0 impl, 1001 cont) and 5 constraints

solve problem
=============

presolving:
(round 1, fast)       0 del vars, 0 del conss, 0 add conss, 2001 chg bounds, 1 chg sides, 0 chg coeffs, 0 upgd conss, 0 impls, 0 clqs
   (0.1s) symmetry computation started: requiring (bin +, int +, cont +), (fixed: bin -, int -, cont -)
   (0.1s) no symmetry present (symcode time: 0.00)
presolving (2 rounds: 2 fast, 1 medium, 1 exhaustive):
 0 deleted vars, 0 deleted constraints, 0 added constraints, 2001 tightened bounds, 0 added holes, 1 changed sides, 0 changed coefficients
 0 implications, 0 cliques
presolved problem has 2001 variables (0 bin, 1000 int, 0 impl, 1001 cont) and 5 constraints
      3 constraints of type <linear>
      2 constraints of type <nonlinear>
Presolving Time: 0.11

 time | node  | left  |LP iter|LP it/n|mem/heur|mdpt |vars |cons |rows |cuts |sepa|confs|strbr|  dualbound   | primalbound  |  gap   | compl. 
  6.3s|     1 |     0 |  2000 |     - |   141M |   0 |6003 |   5 |6005 |   0 |  0 |   0 |   0 |-1.825213e+12 |      --      |    Inf | unknown
t 9.7s|     1 |     0 |  2000 |     - |  trysol|   0 |6003 |   5 |6005 |   0 |  0 |   0 |   0 |-1.825213e+12 | 1.001257e+04 |    Inf | unknown
  9.7s|     1 |     0 |  3062 |     - |   143M |   0 |6003 |   5 |7006 |1001 |  1 |   0 |   0 |-1.825213e+12 | 1.001257e+04 |    Inf | unknown
  9.7s|     1 |     0 |  3062 |     - |   144M |   0 |6003 |   5 |7006 |1001 |  1 |   0 |   0 |-1.825213e+12 | 1.001257e+04 |    Inf | unknown
  9.7s|     1 |     0 |  4088 |     - |   145M |   0 |6003 |   5 |8011 |2006 |  2 |   0 |   0 |-1.825213e+12 | 1.001257e+04 |    Inf | unknown
  9.8s|     1 |     0 |  5099 |     - |   147M |   0 |6003 |   5 |9019 |3014 |  3 |   0 |   0 |-1.825213e+12 | 1.001257e+04 |    Inf | unknown
 10.0s|     1 |     0 |  6119 |     - |   149M |   0 |6003 |   5 |  10k|4025 |  4 |   0 |   0 |-1.825213e+12 | 1.001257e+04 |    Inf | unknown
 10.1s|     1 |     0 |  7149 |     - |   151M |   0 |6003 |   5 |  11k|5037 |  5 |   0 |   0 |-1.825213e+12 | 1.001257e+04 |    Inf | unknown
 10.2s|     1 |     0 |  8172 |     - |   152M |   0 |6003 |   5 |  12k|6050 |  6 |   0 |   0 |-1.825213e+12 | 1.001257e+04 |    Inf | unknown
 10.4s|     1 |     0 |  9196 |     - |   155M |   0 |6003 |   5 |  13k|7063 |  7 |   0 |   0 |-1.825213e+12 | 1.001257e+04 |    Inf | unknown
 10.5s|     1 |     0 | 10217 |     - |   156M |   0 |6003 |   5 |  14k|8076 |  8 |   0 |   0 |-1.825213e+12 | 1.001257e+04 |    Inf | unknown
 10.7s|     1 |     0 | 11234 |     - |   158M |   0 |6003 |   5 |  15k|9089 |  9 |   0 |   0 |-1.825213e+12 | 1.001257e+04 |    Inf | unknown
 10.9s|     1 |     0 | 12250 |     - |   161M |   0 |6003 |   5 |  10k|  10k| 10 |   0 |   0 |-1.825213e+12 | 1.001257e+04 |    Inf | unknown
 11.0s|     1 |     0 | 13275 |     - |   162M |   0 |6003 |   5 |  11k|  11k| 11 |   0 |   0 |-1.825213e+12 | 1.001257e+04 |    Inf | unknown
 22.7s|     1 |     0 | 61442 |     - |   163M |   0 |6003 |   5 |  11k|  11k| 11 |   0 |   2 |-1.825213e+12 | 1.001257e+04 |    Inf | unknown
 time | node  | left  |LP iter|LP it/n|mem/heur|mdpt |vars |cons |rows |cuts |sepa|confs|strbr|  dualbound   | primalbound  |  gap   | compl. 
 23.0s|     1 |     0 | 65488 |     - |   165M |   0 |6003 |   5 |  13k|  13k| 12 |   0 |   2 |-1.825213e+12 | 1.001257e+04 |    Inf | unknown
 23.1s|     1 |     0 | 65489 |     - |   165M |   0 |6003 |   5 |  13k|  13k| 13 |   0 |   2 |-1.825213e+12 | 1.001257e+04 |    Inf | unknown
 24.6s|     1 |     2 | 66476 |     - |   165M |   0 |6003 |   5 |  13k|  13k| 13 |   0 |  38 |-1.825213e+12 | 1.001257e+04 |    Inf | unknown
 84.5s|   100 |   101 |143760 |1282.1 |   187M |  10 |6003 |   6 |2223 |  32k|  2 |   1 |  38 |-1.825213e+12 | 1.001257e+04 |    Inf | unknown
  180s|   200 |   201 |222773 |1034.9 |   205M |  12 |6003 |   6 |2828 |  52k|  2 |   1 |  38 |-1.825213e+12 | 1.001257e+04 |    Inf | unknown
  230s|   300 |   301 |284349 | 894.7 |   234M |  14 |6003 |   7 |3427 |  72k|  2 |   2 |  38 |-1.825213e+12 | 1.001257e+04 |    Inf | unknown
  290s|   400 |   401 |356250 | 850.7 |   260M |  14 |6003 |   7 |2920 |  91k|  2 |   2 |  38 |-1.825213e+12 | 1.001257e+04 |    Inf | unknown
  321s|   500 |   501 |423261 | 814.5 |   279M |  15 |6003 |   7 |3302 | 111k|  2 |   2 |  38 |-1.825213e+12 | 1.001257e+04 |    Inf | unknown
  352s|   600 |   601 |477021 | 768.3 |   307M |  15 |6003 |   7 |3238 | 130k|  2 |   2 |  38 |-1.825213e+12 | 1.001257e+04 |    Inf | unknown
  375s|   700 |   699 |544478 | 754.9 |   324M |  16 |6003 |   7 |3456 | 149k|  2 |   2 |  38 |-1.825213e+12 | 1.001257e+04 |    Inf | unknown
  408s|   800 |   799 |598604 | 728.1 |   345M |  16 |6003 |   7 |3345 | 169k|  2 |   2 |  38 |-1.825213e+12 | 1.001257e+04 |    Inf | unknown
  436s|   900 |   893 |668041 | 724.4 |   361M |  16 |6003 |   7 |3889 | 188k|  2 |   2 |  38 |-1.825213e+12 | 1.001257e+04 |    Inf |   0.20%
  483s|  1000 |   993 |739835 | 723.7 |   407M |  16 |6003 |   7 |3271 | 207k|  2 |   2 |  38 |-1.825213e+12 | 1.001257e+04 |    Inf |   0.20%
  552s|  1100 |  1091 |801102 | 713.6 |   424M |  17 |6003 |   7 |3528 | 226k|  2 |   2 |  38 |-1.825213e+12 | 1.001257e+04 |    Inf |   0.27%
  617s|  1200 |  1191 |855072 | 699.1 |   459M |  24 |6003 |   7 |4890 | 246k|  2 |   2 |  38 |-1.825213e+12 | 1.001257e+04 |    Inf |   0.27%
 time | node  | left  |LP iter|LP it/n|mem/heur|mdpt |vars |cons |rows |cuts |sepa|confs|strbr|  dualbound   | primalbound  |  gap   | compl. 
  627s|  1300 |  1291 |881189 | 665.4 |   475M |  24 |6003 |   7 |5690 | 266k|  2 |   2 |  38 |-1.825213e+12 | 1.001257e+04 |    Inf |   0.27%
  641s|  1400 |  1391 |908228 | 637.2 |   494M |  24 |6003 |   7 |5289 | 286k|  2 |   2 |  38 |-1.825213e+12 | 1.001257e+04 |    Inf |   0.27%
  682s|  1500 |  1491 |953394 | 624.8 |   507M |  24 |6003 |   7 |4927 | 306k|  2 |   2 |  38 |-1.825213e+12 | 1.001257e+04 |    Inf |   0.27%
  726s|  1600 |  1591 |999549 | 614.6 |   540M |  24 |6003 |   7 |5489 | 326k|  2 |   2 |  38 |-1.825213e+12 | 1.001257e+04 |    Inf |   0.27%
  748s|  1700 |  1691 |  1027k| 595.0 |   557M |  24 |6003 |   7 |5128 | 346k|  2 |   2 |  38 |-1.825213e+12 | 1.001257e+04 |    Inf |   0.27%
  777s|  1800 |  1791 |  1067k| 584.2 |   592M |  24 |6003 |   7 |4528 | 366k|  2 |   2 |  38 |-1.825213e+12 | 1.001257e+04 |    Inf |   0.27%
  799s|  1900 |  1891 |  1105k| 573.1 |   608M |  31 |6003 |   7 |6841 | 386k|  2 |   2 |  38 |-1.825213e+12 | 1.001257e+04 |    Inf |   0.27%
  859s|  2000 |  1991 |  1147k| 565.7 |   622M |  57 |6003 |   7 |  12k| 407k|  2 |   2 |  38 |-1.825213e+12 | 1.001257e+04 |    Inf |   0.27%
  905s|  2100 |  2089 |  1213k| 569.9 |   633M |  61 |6003 |   7 |  12k| 427k|  2 |   2 |  38 |-1.825213e+12 | 1.001257e+04 |    Inf |   0.27%
  959s|  2200 |  2189 |  1264k| 567.5 |   670M |  62 |6003 |   7 |  12k| 447k|  2 |   2 |  38 |-1.825213e+12 | 1.001257e+04 |    Inf |   0.27%
 1014s|  2300 |  2289 |  1324k| 568.8 |   683M |  63 |6003 |   8 |  12k| 467k|  2 |   3 |  38 |-1.825213e+12 | 1.001257e+04 |    Inf |   0.27%
 1056s|  2400 |  2389 |  1377k| 567.3 |   746M |  63 |6003 |   8 |  13k| 487k|  2 |   3 |  38 |-1.825213e+12 | 1.001257e+04 |    Inf |   0.27%
 1130s|  2500 |  2489 |  1448k| 572.7 |   757M |  63 |6003 |   9 |  12k| 507k|  2 |   4 |  38 |-1.825213e+12 | 1.001257e+04 |    Inf |   0.27%
 1203s|  2600 |  2589 |  1509k| 574.3 |   770M |  64 |6003 |  10 |  12k| 527k|  2 |   5 |  38 |-1.825213e+12 | 1.001257e+04 |    Inf |   0.27%
 1251s|  2700 |  2689 |  1565k| 573.7 |   786M |  64 |6003 |  13 |  13k| 547k|  2 |   8 |  38 |-1.825213e+12 | 1.001257e+04 |    Inf |   0.27%
 time | node  | left  |LP iter|LP it/n|mem/heur|mdpt |vars |cons |rows |cuts |sepa|confs|strbr|  dualbound   | primalbound  |  gap   | compl. 
 1313s|  2800 |  2789 |  1627k| 575.4 |   801M |  64 |6003 |  14 |  13k| 567k|  2 |   9 |  38 |-1.825213e+12 | 1.001257e+04 |    Inf |   0.27%
 1370s|  2900 |  2889 |  1682k| 574.6 |   869M |  64 |6003 |  16 |  12k| 587k|  2 |  11 |  38 |-1.825213e+12 | 1.001257e+04 |    Inf |   0.27%
 1432s|  3000 |  2989 |  1737k| 573.8 |   882M |  64 |6003 |  17 |  13k| 607k|  2 |  12 |  38 |-1.825213e+12 | 1.001257e+04 |    Inf |   0.27%
 1500s|  3100 |  3089 |  1787k| 571.5 |   900M |  64 |6003 |  18 |  13k| 627k|  2 |  13 |  38 |-1.825213e+12 | 1.001257e+04 |    Inf |   0.27%
 1567s|  3200 |  3189 |  1847k| 572.2 |   913M |  64 |6003 |  19 |  12k| 647k|  2 |  14 |  38 |-1.825213e+12 | 1.001257e+04 |    Inf |   0.27%
 1626s|  3300 |  3289 |  1906k| 572.7 |   925M |  64 |6003 |  22 |  12k| 667k|  2 |  17 |  38 |-1.825213e+12 | 1.001257e+04 |    Inf |   0.27%
 1684s|  3400 |  3389 |  1960k| 571.8 |   936M |  65 |6003 |  22 |  12k| 687k|  2 |  17 |  38 |-1.825213e+12 | 1.001257e+04 |    Inf |   0.27%
 1749s|  3500 |  3489 |  2025k| 574.0 |   950M |  66 |6003 |  26 |  13k| 707k|  2 |  21 |  38 |-1.825213e+12 | 1.001257e+04 |    Inf |   0.27%
 1798s|  3600 |  3589 |  2095k| 577.6 |   960M |  67 |6003 |  26 |  13k| 727k|  2 |  21 |  38 |-1.825213e+12 | 1.001257e+04 |    Inf |   0.27%
 1845s|  3700 |  3689 |  2151k| 577.2 |  1042M |  67 |6003 |  27 |  13k| 747k|  2 |  22 |  38 |-1.825213e+12 | 1.001257e+04 |    Inf |   0.27%
 1925s|  3800 |  3789 |  2222k| 580.6 |  1053M |  68 |6003 |  27 |  12k| 767k|  2 |  22 |  38 |-1.825213e+12 | 1.001257e+04 |    Inf |   0.27%
 1961s|  3900 |  3889 |  2268k| 577.5 |  1067M |  68 |6003 |  28 |  12k| 787k|  2 |  23 |  38 |-1.825213e+12 | 1.001257e+04 |    Inf |   0.27%
 2019s|  4000 |  3989 |  2318k| 575.5 |  1080M |  68 |6003 |  28 |  12k| 807k|  2 |  23 |  38 |-1.825213e+12 | 1.001257e+04 |    Inf |   0.27%
 2109s|  4100 |  4089 |  2382k| 577.2 |  1094M |  68 |6003 |  31 |  13k| 827k|  2 |  26 |  38 |-1.825213e+12 | 1.001257e+04 |    Inf |   0.27%
 2182s|  4200 |  4189 |  2444k| 578.1 |  1188M |  68 |6003 |  35 |  12k| 847k|  2 |  30 |  38 |-1.825213e+12 | 1.001257e+04 |    Inf |   0.27%
 time | node  | left  |LP iter|LP it/n|mem/heur|mdpt |vars |cons |rows |cuts |sepa|confs|strbr|  dualbound   | primalbound  |  gap   | compl. 
 2271s|  4300 |  4289 |  2519k| 582.2 |  1198M |  68 |6003 |  35 |  13k| 867k|  2 |  30 |  38 |-1.825213e+12 | 1.001257e+04 |    Inf |   0.27%
 2294s|  4400 |  4389 |  2558k| 577.8 |  1210M |  68 |6003 |  35 |  13k| 887k|  2 |  30 |  38 |-1.825213e+12 | 1.001257e+04 |    Inf |   0.27%
 2347s|  4500 |  4489 |  2607k| 575.9 |  1224M |  68 |6003 |  41 |  13k| 907k|  2 |  36 |  38 |-1.825213e+12 | 1.001257e+04 |    Inf |   0.27%
 2413s|  4600 |  4589 |  2681k| 579.5 |  1237M |  68 |6003 |  41 |  13k| 927k|  2 |  36 |  38 |-1.825213e+12 | 1.001257e+04 |    Inf |   0.27%
 2468s|  4700 |  4689 |  2736k| 578.8 |  1251M |  68 |6003 |  41 |  13k| 947k|  2 |  36 |  38 |-1.825213e+12 | 1.001257e+04 |    Inf |   0.27%
 2538s|  4800 |  4789 |  2788k| 577.5 |  1264M |  68 |6003 |  44 |  13k| 967k|  2 |  39 |  38 |-1.825213e+12 | 1.001257e+04 |    Inf |   0.27%
 2610s|  4900 |  4889 |  2840k| 576.4 |  1373M |  68 |6003 |  46 |  13k| 987k|  2 |  42 |  38 |-1.825213e+12 | 1.001257e+04 |    Inf |   0.27%
 2671s|  5000 |  4989 |  2892k| 575.3 |  1385M |  68 |6003 |  46 |  13k|1007k|  2 |  42 |  38 |-1.825213e+12 | 1.001257e+04 |    Inf |   0.27%
 2726s|  5100 |  5089 |  2952k| 575.7 |  1398M |  68 |6003 |  47 |  13k|1027k|  2 |  43 |  38 |-1.825213e+12 | 1.001257e+04 |    Inf |   0.27%
 2784s|  5200 |  5189 |  2999k| 573.6 |  1414M |  68 |6003 |  48 |  13k|1047k|  2 |  44 |  38 |-1.825213e+12 | 1.001257e+04 |    Inf |   0.27%
 2824s|  5300 |  5289 |  3044k| 571.5 |  1428M |  68 |6003 |  49 |  13k|1067k|  2 |  45 |  38 |-1.825213e+12 | 1.001257e+04 |    Inf |   0.27%
 2890s|  5400 |  5389 |  3104k| 571.9 |  1441M |  68 |6003 |  49 |  13k|1087k|  2 |  45 |  38 |-1.825213e+12 | 1.001257e+04 |    Inf |   0.27%
 2959s|  5500 |  5489 |  3159k| 571.5 |  1452M |  68 |6003 |  50 |  13k|1107k|  2 |  46 |  38 |-1.825213e+12 | 1.001257e+04 |    Inf |   0.27%
 3056s|  5600 |  5589 |  3228k| 573.7 |  1503M |  72 |6003 |  51 |  13k|1127k|  2 |  47 |  38 |-1.825213e+12 | 1.001257e+04 |    Inf |   0.27%
 3128s|  5700 |  5689 |  3295k| 575.2 |  1513M |  72 |6003 |  54 |  13k|1147k|  2 |  50 |  38 |-1.825213e+12 | 1.001257e+04 |    Inf |   0.27%
 time | node  | left  |LP iter|LP it/n|mem/heur|mdpt |vars |cons |rows |cuts |sepa|confs|strbr|  dualbound   | primalbound  |  gap   | compl. 
 3187s|  5800 |  5789 |  3378k| 579.8 |  1604M |  72 |6003 |  55 |  13k|1167k|  2 |  51 |  38 |-1.825213e+12 | 1.001257e+04 |    Inf |   0.27%
 3274s|  5900 |  5889 |  3449k| 582.0 |  1617M |  72 |6003 |  55 |  13k|1187k|  2 |  52 |  38 |-1.825213e+12 | 1.001257e+04 |    Inf |   0.27%
 3355s|  6000 |  5989 |  3531k| 585.9 |  1629M |  72 |6003 |  59 |  13k|1207k|  2 |  56 |  38 |-1.825213e+12 | 1.001257e+04 |    Inf |   0.27%
 3430s|  6100 |  6089 |  3607k| 588.7 |  1641M |  72 |6003 |  59 |  13k|1227k|  2 |  56 |  38 |-1.825213e+12 | 1.001257e+04 |    Inf |   0.27%
 3499s|  6200 |  6189 |  3677k| 590.5 |  1654M |  72 |6003 |  60 |  13k|1247k|  2 |  58 |  38 |-1.825213e+12 | 1.001257e+04 |    Inf |   0.27%
 3595s|  6300 |  6289 |  3740k| 591.2 |  1666M |  72 |6003 |  60 |  13k|1267k|  2 |  58 |  38 |-1.825213e+12 | 1.001257e+04 |    Inf |   0.27%
 3690s|  6400 |  6389 |  3806k| 592.2 |  1677M |  72 |6003 |  59 |  13k|1287k|  2 |  58 |  38 |-1.825213e+12 | 1.001257e+04 |    Inf |   0.27%
 3765s|  6500 |  6489 |  3883k| 594.9 |  1687M |  72 |6003 |  62 |  13k|1307k|  2 |  61 |  38 |-1.825213e+12 | 1.001257e+04 |    Inf |   0.27%
 3866s|  6600 |  6589 |  3966k| 598.5 |  1742M |  72 |6003 |  62 |  13k|1327k|  2 |  61 |  38 |-1.825213e+12 | 1.001257e+04 |    Inf |   0.27%
 3948s|  6700 |  6689 |  4053k| 602.6 |  1755M |  72 |6003 |  61 |  14k|1347k|  2 |  63 |  38 |-1.825213e+12 | 1.001257e+04 |    Inf |   0.27%
 4045s|  6800 |  6789 |  4130k| 605.1 |  1767M |  72 |6003 |  61 |  13k|1367k|  2 |  64 |  38 |-1.825213e+12 | 1.001257e+04 |    Inf |   0.27%
 4135s|  6900 |  6889 |  4213k| 608.3 |  1781M |  73 |6003 |  60 |  13k|1387k|  2 |  66 |  38 |-1.825213e+12 | 1.001257e+04 |    Inf |   0.27%
 4216s|  7000 |  6989 |  4288k| 610.3 |  1887M |  73 |6003 |  60 |  14k|1407k|  2 |  68 |  38 |-1.825213e+12 | 1.001257e+04 |    Inf |   0.27%
 4302s|  7100 |  7089 |  4381k| 614.8 |  1903M |  73 |6003 |  61 |  13k|1427k|  2 |  69 |  38 |-1.825213e+12 | 1.001257e+04 |    Inf |   0.27%
 4384s|  7200 |  7189 |  4464k| 617.9 |  1918M |  89 |6003 |  61 |  18k|1447k|  2 |  69 |  38 |-1.825213e+12 | 1.001257e+04 |    Inf |   0.27%
 time | node  | left  |LP iter|LP it/n|mem/heur|mdpt |vars |cons |rows |cuts |sepa|confs|strbr|  dualbound   | primalbound  |  gap   | compl. 
 4448s|  7300 |  7289 |  4574k| 624.4 |  1927M |  98 |6003 |  62 |  19k|1466k|  2 |  71 |  38 |-1.825213e+12 | 1.001257e+04 |    Inf |   0.27%
 4508s|  7400 |  7389 |  4626k| 623.0 |  1940M |  99 |6003 |  64 |  17k|1486k|  2 |  73 |  38 |-1.825213e+12 | 1.001257e+04 |    Inf |   0.27%
 4582s|  7500 |  7489 |  4701k| 624.8 |  1957M |  99 |6003 |  66 |  18k|1507k|  2 |  75 |  38 |-1.825213e+12 | 1.001257e+04 |    Inf |   0.27%
 4661s|  7600 |  7589 |  4766k| 625.1 |  1970M |  99 |6003 |  64 |  19k|1527k|  2 |  76 |  38 |-1.825213e+12 | 1.001257e+04 |    Inf |   0.27%
 4728s|  7700 |  7689 |  4819k| 623.8 |  1981M |  99 |6003 |  65 |  19k|1547k|  2 |  77 |  38 |-1.825213e+12 | 1.001257e+04 |    Inf |   0.27%
 4788s|  7800 |  7789 |  4884k| 624.2 |  1991M |  99 |6003 |  63 |  20k|1567k|  2 |  79 |  38 |-1.825213e+12 | 1.001257e+04 |    Inf |   0.27%
 4854s|  7900 |  7889 |  4970k| 627.1 |  2004M |  99 |6003 |  60 |  18k|1588k|  2 |  79 |  38 |-1.825213e+12 | 1.001257e+04 |    Inf |   0.27%
 4912s|  8000 |  7989 |  5019k| 625.4 |  2015M |  99 |6003 |  57 |  19k|1608k|  2 |  80 |  38 |-1.825213e+12 | 1.001257e+04 |    Inf |   0.27%
 4962s|  8100 |  8089 |  5068k| 623.7 |  2026M |  99 |6003 |  61 |  19k|1628k|  2 |  85 |  38 |-1.825213e+12 | 1.001257e+04 |    Inf |   0.27%
 5010s|  8200 |  8189 |  5117k| 622.1 |  2039M |  99 |6003 |  62 |  20k|1649k|  2 |  89 |  38 |-1.825213e+12 | 1.001257e+04 |    Inf |   0.27%
 5069s|  8300 |  8289 |  5178k| 622.0 |  2110M |  99 |6003 |  63 |  19k|1669k|  2 |  92 |  38 |-1.825213e+12 | 1.001257e+04 |    Inf |   0.27%
 5118s|  8400 |  8389 |  5226k| 620.2 |  2124M |  99 |6003 |  66 |  20k|1690k|  3 |  95 |  38 |-1.825213e+12 | 1.001257e+04 |    Inf |   0.27%
 5174s|  8500 |  8489 |  5272k| 618.4 |  2140M |  99 |6003 |  71 |  18k|1710k|  2 | 100 |  38 |-1.825213e+12 | 1.001257e+04 |    Inf |   0.27%
 5218s|  8600 |  8585 |  5346k| 619.8 |  2152M | 101 |6003 |  71 |  19k|1730k|  2 | 101 |  38 |-1.825213e+12 | 1.001257e+04 |    Inf |   0.27%
 5286s|  8700 |  8685 |  5401k| 619.0 |  2166M | 101 |6003 |  66 |  20k|1750k|  2 | 102 |  38 |-1.825213e+12 | 1.001257e+04 |    Inf |   0.27%
 time | node  | left  |LP iter|LP it/n|mem/heur|mdpt |vars |cons |rows |cuts |sepa|confs|strbr|  dualbound   | primalbound  |  gap   | compl. 
 5347s|  8800 |  8785 |  5456k| 618.2 |  2175M | 102 |6003 |  65 |  20k|1771k|  2 | 102 |  38 |-1.825213e+12 | 1.001257e+04 |    Inf |   0.27%
 5426s|  8900 |  8885 |  5583k| 625.6 |  2303M | 102 |6003 |  65 |  18k|1790k|  2 | 103 |  38 |-1.825213e+12 | 1.001257e+04 |    Inf |   0.27%
 5482s|  9000 |  8985 |  5653k| 626.3 |  2314M | 102 |6003 |  63 |  14k|1810k|  2 | 104 |  38 |-1.825213e+12 | 1.001257e+04 |    Inf |   0.27%
 5553s|  9100 |  9085 |  5714k| 626.2 |  2325M | 102 |6003 |  61 |  19k|1831k|  2 | 104 |  38 |-1.825213e+12 | 1.001257e+04 |    Inf |   0.27%
 5625s|  9200 |  9185 |  5770k| 625.4 |  2335M | 102 |6003 |  56 |  14k|1851k|  2 | 104 |  38 |-1.825213e+12 | 1.001257e+04 |    Inf |   0.27%
 5685s|  9300 |  9285 |  5830k| 625.1 |  2348M | 102 |6003 |  53 |  16k|1872k|  2 | 104 |  38 |-1.825213e+12 | 1.001257e+04 |    Inf |   0.27%
 5746s|  9400 |  9385 |  5884k| 624.3 |  2360M | 102 |6003 |  52 |  18k|1892k|  2 | 104 |  38 |-1.825213e+12 | 1.001257e+04 |    Inf |   0.27%
 5807s|  9500 |  9485 |  5936k| 623.2 |  2374M | 102 |6003 |  50 |  20k|1912k|  3 | 104 |  38 |-1.825213e+12 | 1.001257e+04 |    Inf |   0.27%
 5867s|  9600 |  9585 |  5993k| 622.7 |  2389M | 102 |6003 |  50 |  17k|1932k|  2 | 104 |  38 |-1.825213e+12 | 1.001257e+04 |    Inf |   0.27%
 5925s|  9700 |  9685 |  6053k| 622.4 |  2403M | 102 |6003 |  51 |  20k|1952k|  2 | 105 |  38 |-1.825213e+12 | 1.001257e+04 |    Inf |   0.27%
 5959s|  9800 |  9785 |  6113k| 622.2 |  2485M | 102 |6003 |  54 |  15k|1973k|  2 | 110 |  38 |-1.825213e+12 | 1.001257e+04 |    Inf |   0.27%
 6032s|  9900 |  9885 |  6179k| 622.5 |  2499M | 102 |6003 |  54 |  19k|1993k|  2 | 111 |  38 |-1.825213e+12 | 1.001257e+04 |    Inf |   0.27%
 6069s| 10000 |  9985 |  6227k| 621.1 |  2508M | 102 |6003 |  57 |  18k|2013k|  2 | 116 |  38 |-1.825213e+12 | 1.001257e+04 |    Inf |   0.27%
 6121s| 10100 | 10085 |  6288k| 621.0 |  2656M | 102 |6003 |  52 |  20k|2033k|  2 | 118 |  38 |-1.825213e+12 | 1.001257e+04 |    Inf |   0.27%
 6181s| 10200 | 10185 |  6357k| 621.6 |  2665M | 102 |6003 |  55 |  18k|2054k|  2 | 121 |  38 |-1.825213e+12 | 1.001257e+04 |    Inf |   0.27%
 time | node  | left  |LP iter|LP it/n|mem/heur|mdpt |vars |cons |rows |cuts |sepa|confs|strbr|  dualbound   | primalbound  |  gap   | compl. 
 6228s| 10300 | 10285 |  6410k| 620.8 |  2676M | 102 |6003 |  58 |  19k|2074k|  2 | 125 |  38 |-1.825213e+12 | 1.001257e+04 |    Inf |   0.27%
 6267s| 10400 | 10385 |  6468k| 620.5 |  2687M | 102 |6003 |  60 |  20k|2094k|  2 | 128 |  38 |-1.825213e+12 | 1.001257e+04 |    Inf |   0.27%
 6300s| 10500 | 10485 |  6514k| 618.9 |  2699M | 102 |6003 |  62 |  17k|2115k|  2 | 130 |  38 |-1.825213e+12 | 1.001257e+04 |    Inf |   0.27%
 6372s| 10600 | 10585 |  6570k| 618.3 |  2713M | 102 |6003 |  63 |  16k|2135k|  2 | 132 |  38 |-1.825213e+12 | 1.001257e+04 |    Inf |   0.27%
 6419s| 10700 | 10685 |  6617k| 616.9 |  2724M | 102 |6003 |  63 |  17k|2155k|  2 | 133 |  38 |-1.825213e+12 | 1.001257e+04 |    Inf |   0.27%
 6472s| 10800 | 10785 |  6671k| 616.2 |  2738M | 102 |6003 |  64 |  18k|2175k|  2 | 135 |  38 |-1.825213e+12 | 1.001257e+04 |    Inf |   0.27%
 6533s| 10900 | 10885 |  6742k| 617.1 |  2750M | 102 |6003 |  64 |  19k|2195k|  2 | 136 |  38 |-1.825213e+12 | 1.001257e+04 |    Inf |   0.27%
 6604s| 11000 | 10985 |  6813k| 617.9 |  2763M | 102 |6003 |  65 |  19k|2215k|  2 | 139 |  38 |-1.825213e+12 | 1.001257e+04 |    Inf |   0.27%
 6639s| 11100 | 11085 |  6879k| 618.3 |  2770M | 102 |6003 |  64 |  20k|2235k|  2 | 142 |  38 |-1.825213e+12 | 1.001257e+04 |    Inf |   0.27%
 6704s| 11200 | 11185 |  6976k| 621.4 |  2783M | 102 |6003 |  60 |  20k|2255k|  2 | 144 |  38 |-1.825213e+12 | 1.001257e+04 |    Inf |   0.27%
 6759s| 11300 | 11285 |  7027k| 620.4 |  2796M | 102 |6003 |  62 |  18k|2276k|  2 | 148 |  38 |-1.825213e+12 | 1.001257e+04 |    Inf |   0.27%
 6798s| 11400 | 11385 |  7074k| 619.2 |  2808M | 102 |6003 |  66 |  19k|2296k|  2 | 152 |  38 |-1.825213e+12 | 1.001257e+04 |    Inf |   0.27%
 6841s| 11500 | 11485 |  7121k| 617.8 |  2821M | 102 |6003 |  70 |  20k|2316k|  3 | 156 |  38 |-1.825213e+12 | 1.001257e+04 |    Inf |   0.27%
 6898s| 11600 | 11585 |  7169k| 616.7 |  2836M | 102 |6003 |  71 |  20k|2337k|  2 | 158 |  38 |-1.825213e+12 | 1.001257e+04 |    Inf |   0.27%
 6965s| 11700 | 11685 |  7218k| 615.6 |  2927M | 102 |6003 |  74 |  19k|2357k|  2 | 161 |  38 |-1.825213e+12 | 1.001257e+04 |    Inf |   0.27%
 time | node  | left  |LP iter|LP it/n|mem/heur|mdpt |vars |cons |rows |cuts |sepa|confs|strbr|  dualbound   | primalbound  |  gap   | compl. 
 7034s| 11800 | 11785 |  7279k| 615.5 |  2943M | 102 |6003 |  74 |  19k|2377k|  2 | 163 |  38 |-1.825213e+12 | 1.001257e+04 |    Inf |   0.27%
 7077s| 11900 | 11885 |  7336k| 615.1 |  2949M | 102 |6003 |  74 |  15k|2398k|  3 | 165 |  38 |-1.825213e+12 | 1.001257e+04 |    Inf |   0.27%
 7106s| 12000 | 11985 |  7387k| 614.3 |  2961M | 102 |6003 |  79 |  19k|2418k|  2 | 172 |  38 |-1.825213e+12 | 1.001257e+04 |    Inf |   0.27%
 7149s| 12100 | 12085 |  7430k| 612.7 |  2971M | 102 |6003 |  83 |  18k|2438k|  2 | 176 |  38 |-1.825213e+12 | 1.001257e+04 |    Inf |   0.27%
 7193s| 12200 | 12185 |  7487k| 612.4 |  2984M | 102 |6003 |  86 |  20k|2459k|  3 | 179 |  38 |-1.825213e+12 | 1.001257e+04 |    Inf |   0.27%
 7249s| 12300 | 12285 |  7545k| 612.1 |  3157M | 102 |6003 |  86 |  19k|2479k|  2 | 181 |  38 |-1.825213e+12 | 1.001257e+04 |    Inf |   0.27%
 7297s| 12400 | 12385 |  7593k| 611.0 |  3158M | 102 |6003 |  88 |  19k|2499k|  2 | 185 |  38 |-1.825213e+12 | 1.001257e+04 |    Inf |   0.27%
 7339s| 12500 | 12485 |  7649k| 610.7 |  3170M | 102 |6003 |  89 |  20k|2520k|  2 | 187 |  38 |-1.825213e+12 | 1.001257e+04 |    Inf |   0.27%
 7405s| 12600 | 12585 |  7735k| 612.6 |  3167M | 102 |6003 |  86 |  20k|2540k|  2 | 187 |  38 |-1.825213e+12 | 1.001257e+04 |    Inf |   0.27%
 7463s| 12700 | 12685 |  7785k| 611.7 |  3178M | 102 |6003 |  87 |  20k|2560k|  2 | 190 |  38 |-1.825213e+12 | 1.001257e+04 |    Inf |   0.27%
 7509s| 12800 | 12785 |  7844k| 611.5 |  3188M | 102 |6003 |  90 |  20k|2580k|  2 | 195 |  38 |-1.825213e+12 | 1.001257e+04 |    Inf |   0.27%
 7569s| 12900 | 12885 |  7915k| 612.3 |  3204M | 102 |6003 |  86 |  19k|2601k|  2 | 197 |  38 |-1.825213e+12 | 1.001257e+04 |    Inf |   0.27%
 7618s| 13000 | 12985 |  7988k| 613.2 |  3215M | 102 |6003 |  83 |  20k|2621k|  2 | 197 |  38 |-1.825213e+12 | 1.001257e+04 |    Inf |   0.27%
 7681s| 13100 | 13085 |  8039k| 612.4 |  3230M | 102 |6003 |  84 |  20k|2641k|  2 | 198 |  38 |-1.825213e+12 | 1.001257e+04 |    Inf |   0.27%
 7735s| 13200 | 13185 |  8095k| 612.1 |  3243M | 102 |6003 |  79 |  20k|2662k|  2 | 202 |  38 |-1.825213e+12 | 1.001257e+04 |    Inf |   0.27%
 time | node  | left  |LP iter|LP it/n|mem/heur|mdpt |vars |cons |rows |cuts |sepa|confs|strbr|  dualbound   | primalbound  |  gap   | compl. 
 7792s| 13300 | 13283 |  8191k| 614.7 |  3259M | 102 |6003 |  76 |  19k|2682k|  2 | 206 |  38 |-1.825213e+12 | 1.001257e+04 |    Inf |   0.27%
 7863s| 13400 | 13383 |  8247k| 614.3 |  3275M | 102 |6003 |  73 |  20k|2702k|  2 | 206 |  38 |-1.825213e+12 | 1.001257e+04 |    Inf |   0.27%
 7911s| 13500 | 13483 |  8297k| 613.5 |  3285M | 102 |6003 |  71 |  19k|2722k|  2 | 206 |  38 |-1.825213e+12 | 1.001257e+04 |    Inf |   0.27%
 7974s| 13600 | 13583 |  8343k| 612.3 |  3296M | 102 |6003 |  71 |  16k|2742k|  2 | 206 |  38 |-1.825213e+12 | 1.001257e+04 |    Inf |   0.27%
 8022s| 13700 | 13683 |  8389k| 611.2 |  3308M | 102 |6003 |  68 |  17k|2762k|  2 | 206 |  38 |-1.825213e+12 | 1.001257e+04 |    Inf |   0.27%
 8092s| 13800 | 13783 |  8453k| 611.4 |  3322M | 107 |6003 |  53 |  18k|2783k|  2 | 208 |  38 |-1.825213e+12 | 1.001257e+04 |    Inf |   0.27%
 8157s| 13900 | 13883 |  8503k| 610.6 |  3335M | 107 |6003 |  45 |  18k|2803k|  2 | 209 |  38 |-1.825213e+12 | 1.001257e+04 |    Inf |   0.27%
 8217s| 14000 | 13983 |  8551k| 609.7 |  3338M | 107 |6003 |  46 |  20k|2823k|  2 | 213 |  38 |-1.825213e+12 | 1.001257e+04 |    Inf |   0.27%
 8271s| 14100 | 14083 |  8614k| 609.8 |  3350M | 107 |6003 |  47 |  20k|2843k|  2 | 216 |  38 |-1.825213e+12 | 1.001257e+04 |    Inf |   0.27%
 8334s| 14200 | 14177 |  8695k| 611.2 |  3362M | 107 |6003 |  48 |  19k|2862k|  2 | 217 |  38 |-1.825213e+12 | 1.001257e+04 |    Inf |   0.27%
 8382s| 14300 | 14277 |  8752k| 610.9 |  3374M | 107 |6003 |  48 |  20k|2882k|  2 | 217 |  38 |-1.825213e+12 | 1.001257e+04 |    Inf |   0.27%
 8448s| 14400 | 14377 |  8802k| 610.1 |  3385M | 107 |6003 |  49 |  20k|2902k|  2 | 219 |  38 |-1.825213e+12 | 1.001257e+04 |    Inf |   0.27%
 8531s| 14500 | 14477 |  8869k| 610.5 |  3396M | 107 |6003 |  45 |  19k|2923k|  2 | 221 |  38 |-1.825213e+12 | 1.001257e+04 |    Inf |   0.27%
 8579s| 14600 | 14577 |  8919k| 609.8 |  3398M | 107 |6003 |  43 |  20k|2943k|  2 | 223 |  38 |-1.825213e+12 | 1.001257e+04 |    Inf |   0.27%
 8652s| 14700 | 14677 |  8976k| 609.6 |  3411M | 108 |6003 |  42 |  19k|2963k|  2 | 223 |  38 |-1.825213e+12 | 1.001257e+04 |    Inf |   0.27%
 time | node  | left  |LP iter|LP it/n|mem/heur|mdpt |vars |cons |rows |cuts |sepa|confs|strbr|  dualbound   | primalbound  |  gap   | compl. 
 8721s| 14800 | 14777 |  9054k| 610.7 |  3423M | 108 |6003 |  42 |  20k|2983k|  2 | 223 |  38 |-1.825213e+12 | 1.001257e+04 |    Inf |   0.27%
 8786s| 14900 | 14877 |  9107k| 610.1 |  3434M | 108 |6003 |  44 |  19k|3003k|  2 | 226 |  38 |-1.825213e+12 | 1.001257e+04 |    Inf |   0.27%
 8848s| 15000 | 14977 |  9166k| 610.0 |  3737M | 108 |6003 |  46 |  20k|3024k|  2 | 230 |  38 |-1.825213e+12 | 1.001257e+04 |    Inf |   0.27%
 8912s| 15100 | 15077 |  9214k| 609.2 |  3747M | 108 |6003 |  48 |  20k|3044k|  2 | 233 |  38 |-1.825213e+12 | 1.001257e+04 |    Inf |   0.27%
 8973s| 15200 | 15177 |  9257k| 608.0 |  3756M | 108 |6003 |  50 |  19k|3064k|  2 | 236 |  38 |-1.825213e+12 | 1.001257e+04 |    Inf |   0.27%
 9026s| 15300 | 15277 |  9307k| 607.3 |  3767M | 108 |6003 |  54 |  21k|3084k|  2 | 240 |  38 |-1.825213e+12 | 1.001257e+04 |    Inf |   0.27%
 9070s| 15400 | 15377 |  9373k| 607.6 |  3779M | 108 |6003 |  56 |  20k|3104k|  2 | 242 |  38 |-1.825213e+12 | 1.001257e+04 |    Inf |   0.27%
 9114s| 15500 | 15477 |  9460k| 609.3 |  3791M | 108 |6003 |  58 |  19k|3124k|  2 | 244 |  38 |-1.825213e+12 | 1.001257e+04 |    Inf |   0.27%
 9172s| 15600 | 15577 |  9515k| 608.9 |  3802M | 108 |6003 |  57 |  19k|3144k|  2 | 245 |  38 |-1.825213e+12 | 1.001257e+04 |    Inf |   0.27%
 9212s| 15700 | 15675 |  9579k| 609.1 |  3816M | 108 |6003 |  57 |  20k|3164k|  2 | 246 |  38 |-1.825213e+12 | 1.001257e+04 |    Inf |   0.27%
 9260s| 15800 | 15775 |  9635k| 608.8 |  3827M | 108 |6003 |  58 |  21k|3184k|  2 | 248 |  38 |-1.825213e+12 | 1.001257e+04 |    Inf |   0.27%
 9312s| 15900 | 15875 |  9692k| 608.5 |  3840M | 108 |6003 |  60 |  19k|3204k|  2 | 251 |  38 |-1.825213e+12 | 1.001257e+04 |    Inf |   0.27%
 9366s| 16000 | 15975 |  9759k| 608.9 |  3851M | 108 |6003 |  60 |  21k|3224k|  2 | 251 |  38 |-1.825213e+12 | 1.001257e+04 |    Inf |   0.27%
 9422s| 16100 | 16075 |  9855k| 611.1 |  3865M | 108 |6003 |  60 |  19k|3245k|  2 | 251 |  38 |-1.825213e+12 | 1.001257e+04 |    Inf |   0.27%
 9486s| 16200 | 16175 |  9916k| 611.1 |  3878M | 108 |6003 |  55 |  19k|3265k|  2 | 251 |  38 |-1.825213e+12 | 1.001257e+04 |    Inf |   0.27%
 time | node  | left  |LP iter|LP it/n|mem/heur|mdpt |vars |cons |rows |cuts |sepa|confs|strbr|  dualbound   | primalbound  |  gap   | compl. 
 9542s| 16300 | 16275 |  9979k| 611.3 |  3891M | 108 |6003 |  50 |  19k|3285k|  2 | 252 |  38 |-1.825213e+12 | 1.001257e+04 |    Inf |   0.27%
 9601s| 16400 | 16375 | 10033k| 610.8 |  3905M | 108 |6003 |  49 |  15k|3305k|  2 | 253 |  38 |-1.825213e+12 | 1.001257e+04 |    Inf |   0.27%
 9661s| 16500 | 16475 | 10090k| 610.6 |  4032M | 108 |6003 |  48 |  19k|3325k|  2 | 254 |  38 |-1.825213e+12 | 1.001257e+04 |    Inf |   0.27%
 9722s| 16600 | 16575 | 10189k| 612.8 |  4046M | 108 |6003 |  44 |  20k|3346k|  2 | 254 |  38 |-1.825213e+12 | 1.001257e+04 |    Inf |   0.27%
 9773s| 16700 | 16669 | 10309k| 616.3 |  4057M | 108 |6003 |  40 |  15k|3365k|  2 | 255 |  38 |-1.825213e+12 | 1.001257e+04 |    Inf |   0.27%
 9837s| 16800 | 16769 | 10372k| 616.4 |  4072M | 108 |6003 |  39 |  20k|3385k|  2 | 255 |  38 |-1.825213e+12 | 1.001257e+04 |    Inf |   0.27%
 9889s| 16900 | 16867 | 10464k| 618.3 |  4086M | 108 |6003 |  39 |  20k|3405k|  2 | 255 |  38 |-1.825213e+12 | 1.001257e+04 |    Inf |   0.27%
 9954s| 17000 | 16963 | 10531k| 618.5 |  4100M | 108 |6003 |  38 |  19k|3425k|  2 | 255 |  38 |-1.825213e+12 | 1.001257e+04 |    Inf |   0.27%
  167m| 17100 | 17055 | 10618k| 620.0 |  4115M | 108 |6003 |  38 |  17k|3444k|  2 | 255 |  38 |-1.825213e+12 | 1.001257e+04 |    Inf |   0.27%
  167m| 17200 | 17155 | 10682k| 620.1 |  4123M | 108 |6003 |  41 |  18k|3464k|  2 | 259 |  38 |-1.825213e+12 | 1.001257e+04 |    Inf |   0.27%
  168m| 17300 | 17239 | 10795k| 623.1 |  4128M | 108 |6003 |  42 |  19k|3481k|  2 | 261 |  38 |-1.825213e+12 | 1.001257e+04 |    Inf |   0.27%
  168m| 17400 | 17339 | 10841k| 622.2 |  4142M | 108 |6003 |  48 |  18k|3501k|  2 | 267 |  38 |-1.825213e+12 | 1.001257e+04 |    Inf |   0.27%
  169m| 17500 | 17429 | 10947k| 624.7 |  4394M | 108 |6003 |  48 |  17k|3519k|  2 | 269 |  38 |-1.825213e+12 | 1.001257e+04 |    Inf |   0.27%
  170m| 17600 | 17529 | 11004k| 624.3 |  4404M | 108 |6003 |  48 |  18k|3539k|  2 | 271 |  38 |-1.825213e+12 | 1.001257e+04 |    Inf |   0.27%
  171m| 17700 | 17629 | 11073k| 624.7 |  4418M | 108 |6003 |  48 |  19k|3559k|  2 | 272 |  38 |-1.825213e+12 | 1.001257e+04 |    Inf |   0.27%
 time | node  | left  |LP iter|LP it/n|mem/heur|mdpt |vars |cons |rows |cuts |sepa|confs|strbr|  dualbound   | primalbound  |  gap   | compl. 
  173m| 17800 | 17723 | 11165k| 626.4 |  4428M | 108 |6003 |  40 |  19k|3578k|  2 | 272 |  38 |-1.825213e+12 | 1.001257e+04 |    Inf |   0.27%
  174m| 17900 | 17823 | 11220k| 625.9 |  4440M | 108 |6003 |  41 |  18k|3598k|  2 | 275 |  38 |-1.825213e+12 | 1.001257e+04 |    Inf |   0.27%
  174m| 18000 | 17923 | 11283k| 626.0 |  4436M | 108 |6003 |  43 |  17k|3619k|  2 | 277 |  38 |-1.825213e+12 | 1.001257e+04 |    Inf |   0.27%
  175m| 18100 | 18023 | 11331k| 625.2 |  4449M | 108 |6003 |  43 |  19k|3639k|  2 | 280 |  38 |-1.825213e+12 | 1.001257e+04 |    Inf |   0.27%
  176m| 18200 | 18123 | 11377k| 624.2 |  4459M | 108 |6003 |  46 |  18k|3659k|  2 | 283 |  38 |-1.825213e+12 | 1.001257e+04 |    Inf |   0.27%
  176m| 18300 | 18215 | 11480k| 626.5 |  4468M | 108 |6003 |  48 |  18k|3678k|  2 | 285 |  38 |-1.825213e+12 | 1.001257e+04 |    Inf |   0.27%
  177m| 18400 | 18315 | 11538k| 626.2 |  4480M | 108 |6003 |  48 |  18k|3698k|  2 | 286 |  38 |-1.825213e+12 | 1.001257e+04 |    Inf |   0.27%
  178m| 18500 | 18411 | 11613k| 626.9 |  4491M | 108 |6003 |  50 |  18k|3717k|  2 | 288 |  38 |-1.825213e+12 | 1.001257e+04 |    Inf |   0.27%
  179m| 18600 | 18503 | 11706k| 628.5 |  4503M | 108 |6003 |  50 |  19k|3736k|  2 | 289 |  38 |-1.825213e+12 | 1.001257e+04 |    Inf |   0.27%
  180m| 18700 | 18603 | 11753k| 627.7 |  4516M | 108 |6003 |  50 |  18k|3756k|  2 | 293 |  38 |-1.825213e+12 | 1.001257e+04 |    Inf |   0.27%

SCIP Status        : solving was interrupted [time limit reached]
Solving Time (sec) : 10800.02
Solving Nodes      : 18723
Primal Bound       : +1.00125728836693e+04 (1 solutions)
Dual Bound         : -1.82521290203818e+12
Gap                : infinite

