Solver command line: ['/cvmfs/soft.computecanada.ca/easybuild/software/2023/x86-64-v4/Compiler/gcc12/scipoptsuite/9.0.0/bin/scip', '/tmp/tmpgi8vrpud.pyomo', '-AMPL']

SCIP version 9.0.0 [precision: 8 byte] [memory: block] [mode: optimized] [LP solver: Soplex 7.0.0] [GitHash: 7205bedd94]
Copyright (c) 2002-2024 Zuse Institute Berlin (ZIB)

External libraries: 
  Readline 8.1         GNU library for command line editing (gnu.org/s/readline)
  Soplex 7.0.0         Linear Programming Solver developed at Zuse Institute Berlin (soplex.zib.de) [GitHash: 6657fb3b]
  CppAD 20180000.0     Algorithmic Differentiation of C++ algorithms developed by B. Bell (github.com/coin-or/CppAD)
  ZLIB 1.2.13          General purpose compression library by J. Gailly and M. Adler (zlib.net)
  GMP 6.2.1            GNU Multiple Precision Arithmetic Library developed by T. Granlund (gmplib.org)
  ZIMPL 3.5.3          Zuse Institute Mathematical Programming Language developed by T. Koch (zimpl.zib.de)
  AMPL/MP 690e9e7      AMPL .nl file reader library (github.com/ampl/mp)
  PaPILO 2.2.0         parallel presolve for integer and linear optimization (github.com/scipopt/papilo) (built with TBB) [GitHash: df30ae49]
  bliss 0.77           Computing Graph Automorphisms by T. Junttila and P. Kaski (users.aalto.fi/~tjunttil/bliss)
  sassy 1.1            Symmetry preprocessor by Markus Anders (github.com/markusa4/sassy)
  Ipopt 3.14.14        Interior Point Optimizer developed by A. Waechter et.al. (github.com/coin-or/Ipopt)

reading user parameter file <scip.set>
===========================

limits/time = 10800

read problem </tmp/tmpgi8vrpud.pyomo.nl>
============

original problem has 2001 variables (0 bin, 1000 int, 0 impl, 1001 cont) and 5 constraints

solve problem
=============

presolving:
(round 1, fast)       0 del vars, 0 del conss, 0 add conss, 2001 chg bounds, 1 chg sides, 0 chg coeffs, 0 upgd conss, 0 impls, 0 clqs
   (0.1s) symmetry computation started: requiring (bin +, int +, cont +), (fixed: bin -, int -, cont -)
   (0.1s) no symmetry present (symcode time: 0.00)
presolving (2 rounds: 2 fast, 1 medium, 1 exhaustive):
 0 deleted vars, 0 deleted constraints, 0 added constraints, 2001 tightened bounds, 0 added holes, 1 changed sides, 0 changed coefficients
 0 implications, 0 cliques
presolved problem has 2001 variables (0 bin, 1000 int, 0 impl, 1001 cont) and 5 constraints
      3 constraints of type <linear>
      2 constraints of type <nonlinear>
Presolving Time: 0.11

 time | node  | left  |LP iter|LP it/n|mem/heur|mdpt |vars |cons |rows |cuts |sepa|confs|strbr|  dualbound   | primalbound  |  gap   | compl. 
  8.9s|     1 |     0 |  2000 |     - |   141M |   0 |6003 |   5 |6005 |   0 |  0 |   0 |   0 |-1.394917e+11 |      --      |    Inf | unknown
L 9.5s|     1 |     0 |  2000 |     - |  subnlp|   0 |6003 |   5 |6005 |   0 |  0 |   0 |   0 |-1.394917e+11 | 7.184599e+03 |    Inf | unknown
  9.5s|     1 |     0 |  3059 |     - |   143M |   0 |6003 |   5 |7006 |1001 |  1 |   0 |   0 |-1.394917e+11 | 7.184599e+03 |    Inf | unknown
  9.5s|     1 |     0 |  3059 |     - |   143M |   0 |6003 |   5 |7006 |1001 |  1 |   0 |   0 |-1.394917e+11 | 7.184599e+03 |    Inf | unknown
  9.5s|     1 |     0 |  4075 |     - |   143M |   0 |6003 |   5 |8008 |2003 |  2 |   0 |   0 |-1.394917e+11 | 7.184599e+03 |    Inf | unknown
  9.6s|     1 |     0 |  5079 |     - |   146M |   0 |6003 |   5 |9011 |3006 |  3 |   0 |   0 |-1.394917e+11 | 7.184599e+03 |    Inf | unknown
  9.7s|     1 |     0 |  6085 |     - |   148M |   0 |6003 |   5 |  10k|4010 |  4 |   0 |   0 |-1.394917e+11 | 7.184599e+03 |    Inf | unknown
  9.7s|     1 |     0 |  7106 |     - |   150M |   0 |6003 |   5 |  11k|5015 |  5 |   0 |   0 |-1.394917e+11 | 7.184599e+03 |    Inf | unknown
  9.8s|     1 |     0 |  8191 |     - |   151M |   0 |6003 |   5 |  12k|6020 |  6 |   0 |   0 |-1.394917e+11 | 7.184599e+03 |    Inf | unknown
(node 1) unresolved numerical troubles in LP 10 -- using pseudo solution instead (loop 1)
 10.8s|     1 |     2 | 17826 |     - |   154M |   0 |6003 |   5 |  13k|7025 |  7 |   0 |   0 |-1.394917e+11 | 7.184599e+03 |    Inf | unknown
  104s|   100 |   101 | 70040 | 537.5 |   200M |  23 |6003 |   6 |  16k|  26k|  2 |   1 |   0 |-1.394917e+11 | 7.184599e+03 |    Inf | unknown
  197s|   200 |   201 |117182 | 504.3 |   227M |  23 |6003 |   6 |  15k|  47k|  2 |   2 |   0 |-1.394917e+11 | 7.184599e+03 |    Inf | unknown
  255s|   300 |   301 |160464 | 480.4 |   245M |  25 |6003 |   8 |  16k|  67k|  2 |   4 |   0 |-1.394917e+11 | 7.184599e+03 |    Inf | unknown
  301s|   400 |   401 |207121 | 476.9 |   271M |  25 |6003 |   9 |  15k|  87k|  2 |   5 |   0 |-1.394917e+11 | 7.184599e+03 |    Inf | unknown
  388s|   500 |   501 |251899 | 471.1 |   304M |  25 |6003 |   9 |  15k| 108k|  2 |   6 |   0 |-1.394917e+11 | 7.184599e+03 |    Inf | unknown
 time | node  | left  |LP iter|LP it/n|mem/heur|mdpt |vars |cons |rows |cuts |sepa|confs|strbr|  dualbound   | primalbound  |  gap   | compl. 
  415s|   600 |   601 |299109 | 471.3 |   329M |  31 |6003 |  10 |  15k| 128k|  2 |   7 |   0 |-1.394917e+11 | 7.184599e+03 |    Inf | unknown
  451s|   700 |   701 |344704 | 469.1 |   342M |  31 |6003 |  11 |  17k| 149k|  2 |   8 |   0 |-1.394917e+11 | 7.184599e+03 |    Inf | unknown
  500s|   800 |   801 |390730 | 468.0 |   376M |  33 |6003 |  13 |  15k| 169k|  2 |  10 |   0 |-1.394917e+11 | 7.184599e+03 |    Inf | unknown
  533s|   900 |   901 |545823 | 588.4 |   389M |  37 |6003 |  15 |  19k| 190k|  2 |  12 |   0 |-1.394917e+11 | 7.184599e+03 |    Inf | unknown
  575s|  1000 |  1001 |859376 | 843.4 |   429M |  49 |6003 |  17 |  19k| 212k|  2 |  14 |   0 |-1.394917e+11 | 7.184599e+03 |    Inf | unknown
  631s|  1100 |  1099 |  1134k|1017.1 |   443M |  57 |6003 |  17 |  21k| 232k|  2 |  14 |   0 |-1.394917e+11 | 7.184599e+03 |    Inf | unknown
  681s|  1200 |  1195 |  1628k|1344.2 |   458M |  59 |6003 |  18 |  19k| 253k|  2 |  15 |   0 |-1.394917e+11 | 7.184599e+03 |    Inf | unknown
  728s|  1300 |  1289 |  2257k|1725.3 |   471M |  64 |6003 |  21 |  23k| 272k|  2 |  18 |   0 |-1.394917e+11 | 7.184599e+03 |    Inf | unknown
  761s|  1400 |  1379 |  2650k|1882.6 |   482M |  71 |6003 |  21 |  22k| 292k|  2 |  18 |   0 |-1.394917e+11 | 7.184599e+03 |    Inf | unknown
  781s|  1500 |  1475 |  2736k|1814.4 |   493M |  79 |6003 |  21 |  20k| 313k|  2 |  18 |   0 |-1.394917e+11 | 7.184599e+03 |    Inf | unknown
  804s|  1600 |  1575 |  2898k|1802.4 |   507M |  81 |6003 |  22 |  22k| 335k|  2 |  19 |   0 |-1.394917e+11 | 7.184599e+03 |    Inf | unknown
  845s|  1700 |  1645 |  3402k|1992.5 |   516M |  81 |6003 |  22 |  22k| 351k|  2 |  19 |   0 |-1.394917e+11 | 7.184599e+03 |    Inf | unknown
  871s|  1800 |  1741 |  3631k|2009.0 |   527M |  83 |6003 |  23 |  24k| 371k|  2 |  20 |   0 |-1.394917e+11 | 7.184599e+03 |    Inf | unknown
  929s|  1900 |  1819 |  4269k|2239.6 |   537M |  83 |6003 |  24 |  22k| 389k|  2 |  21 |   0 |-1.394917e+11 | 7.184599e+03 |    Inf | unknown
  972s|  2000 |  1907 |  4668k|2327.0 |   549M |  83 |6003 |  24 |  22k| 408k|  2 |  21 |   0 |-1.394917e+11 | 7.184599e+03 |    Inf | unknown
 time | node  | left  |LP iter|LP it/n|mem/heur|mdpt |vars |cons |rows |cuts |sepa|confs|strbr|  dualbound   | primalbound  |  gap   | compl. 
 1028s|  2100 |  1999 |  5217k|2477.8 |   710M |  85 |6003 |  24 |  23k| 427k|  2 |  21 |   0 |-1.394917e+11 | 7.184599e+03 |    Inf | unknown
 1088s|  2200 |  2027 |  6161k|2794.2 |   717M |  85 |6003 |  24 |   0 | 434k|  0 |  21 |   0 |-1.394917e+11 | 7.184599e+03 |    Inf | unknown
 1140s|  2300 |  2099 |  6857k|2975.6 |   726M |  87 |6003 |  24 |  23k| 450k|  2 |  21 |   0 |-1.394917e+11 | 7.184599e+03 |    Inf | unknown
 1166s|  2400 |  2181 |  7167k|2980.6 |   737M |  87 |6003 |  25 |  20k| 470k|  3 |  22 |   0 |-1.394917e+11 | 7.184599e+03 |    Inf | unknown
 1224s|  2500 |  2235 |  8019k|3202.2 |   744M |  87 |6003 |  25 |   0 | 483k|  0 |  22 |   0 |-1.394917e+11 | 7.184599e+03 |    Inf | unknown
 1253s|  2600 |  2325 |  8363k|3211.4 |   756M |  93 |6003 |  25 |  26k| 503k|  2 |  22 |   0 |-1.394917e+11 | 7.184599e+03 |    Inf | unknown
 1271s|  2700 |  2425 |  8452k|3125.5 |   767M |  95 |6003 |  27 |  25k| 525k|  2 |  24 |   0 |-1.394917e+11 | 7.184599e+03 |    Inf | unknown
 1301s|  2800 |  2521 |  8719k|3109.2 |   781M |  95 |6003 |  29 |  25k| 545k|  2 |  26 |   0 |-1.394917e+11 | 7.184599e+03 |    Inf | unknown
 1321s|  2900 |  2613 |  8899k|3064.0 |   791M |  95 |6003 |  29 |   0 | 565k|  0 |  26 |   0 |-1.394917e+11 | 7.184599e+03 |    Inf | unknown
 1361s|  3000 |  2685 |  9366k|3117.5 |   798M |  95 |6003 |  30 |  25k| 582k|  1 |  27 |   0 |-1.394917e+11 | 7.184599e+03 |    Inf | unknown
 1402s|  3100 |  2759 |  9708k|3127.4 |   957M |  95 |6003 |  30 |  24k| 598k|  2 |  27 |   0 |-1.394917e+11 | 7.184599e+03 |    Inf | unknown
 1430s|  3200 |  2841 | 10063k|3140.5 |   967M |  95 |6003 |  30 |  24k| 616k|  2 |  27 |   0 |-1.394917e+11 | 7.184599e+03 |    Inf | unknown
 1472s|  3300 |  2929 | 10477k|3170.7 |   979M |  95 |6003 |  30 |  25k| 636k|  2 |  27 |   0 |-1.394917e+11 | 7.184599e+03 |    Inf | unknown
 1506s|  3400 |  3013 | 10890k|3199.0 |   989M |  95 |6003 |  30 |  24k| 654k|  2 |  27 |   0 |-1.394917e+11 | 7.184599e+03 |    Inf | unknown
 1556s|  3500 |  3085 | 11494k|3280.3 |   999M |  95 |6003 |  30 |  24k| 670k|  0 |  27 |   0 |-1.394917e+11 | 7.184599e+03 |    Inf | unknown
 time | node  | left  |LP iter|LP it/n|mem/heur|mdpt |vars |cons |rows |cuts |sepa|confs|strbr|  dualbound   | primalbound  |  gap   | compl. 
 1593s|  3600 |  3177 | 11899k|3301.8 |  1009M |  95 |6003 |  31 |  23k| 689k|  2 |  28 |   0 |-1.394917e+11 | 7.184599e+03 |    Inf | unknown
 1648s|  3700 |  3235 | 12690k|3426.3 |  1018M |  95 |6003 |  30 |  23k| 703k|  2 |  28 |   0 |-1.394917e+11 | 7.184599e+03 |    Inf | unknown
 1686s|  3800 |  3287 | 13269k|3488.5 |  1025M |  95 |6003 |  30 |  23k| 716k|  2 |  28 |   0 |-1.394917e+11 | 7.184599e+03 |    Inf | unknown
 1703s|  3900 |  3387 | 13344k|3418.2 |  1036M |  95 |6003 |  32 |  23k| 736k|  3 |  30 |   0 |-1.394917e+11 | 7.184599e+03 |    Inf | unknown
 1731s|  4000 |  3487 | 13536k|3380.8 |  1048M |  97 |6003 |  32 |  23k| 757k|  1 |  30 |   0 |-1.394917e+11 | 7.184599e+03 |    Inf | unknown
 1777s|  4100 |  3533 | 14185k|3456.6 |  1053M |  97 |6003 |  32 |  25k| 768k|  2 |  30 |   0 |-1.394917e+11 | 7.184599e+03 |    Inf | unknown
 1801s|  4200 |  3633 | 14272k|3395.1 |  1061M | 101 |6003 |  32 |  26k| 789k|  2 |  30 |   0 |-1.394917e+11 | 7.184599e+03 |    Inf | unknown
 1822s|  4300 |  3733 | 14361k|3336.7 |  1289M | 103 |6003 |  32 |  26k| 809k|  2 |  30 |   0 |-1.394917e+11 | 7.184599e+03 |    Inf | unknown
 1832s|  4400 |  3833 | 14443k|3279.6 |  1299M | 103 |6003 |  32 |  25k| 830k|  2 |  30 |   0 |-1.394917e+11 | 7.184599e+03 |    Inf | unknown
 1887s|  4500 |  3899 | 15172k|3368.6 |  1308M | 105 |6003 |  33 |  21k| 845k|  2 |  31 |   0 |-1.394917e+11 | 7.184599e+03 |    Inf | unknown
 1915s|  4600 |  3995 | 15387k|3342.2 |  1319M | 105 |6003 |  33 |  21k| 865k|  2 |  31 |   0 |-1.394917e+11 | 7.184599e+03 |    Inf | unknown
 1926s|  4700 |  4095 | 15475k|3289.8 |  1329M | 105 |6003 |  34 |  27k| 885k|  2 |  32 |   0 |-1.394917e+11 | 7.184599e+03 |    Inf | unknown
 1960s|  4800 |  4193 | 15781k|3285.0 |  1339M | 105 |6003 |  35 |  26k| 905k|  2 |  33 |   0 |-1.394917e+11 | 7.184599e+03 |    Inf | unknown
 2004s|  4900 |  4287 | 16155k|3294.4 |  1348M | 105 |6003 |  35 |  21k| 926k|  2 |  33 |   0 |-1.394917e+11 | 7.184599e+03 |    Inf | unknown
 2015s|  5000 |  4387 | 16234k|3244.2 |  1359M | 105 |6003 |  35 |  27k| 946k|  2 |  33 |   0 |-1.394917e+11 | 7.184599e+03 |    Inf | unknown
 time | node  | left  |LP iter|LP it/n|mem/heur|mdpt |vars |cons |rows |cuts |sepa|confs|strbr|  dualbound   | primalbound  |  gap   | compl. 
 2050s|  5100 |  4481 | 16436k|3220.2 |  1510M | 105 |6003 |  37 |  23k| 966k|  3 |  35 |   0 |-1.394917e+11 | 7.184599e+03 |    Inf | unknown
 2123s|  5200 |  4519 | 17457k|3354.7 |  1516M | 105 |6003 |  37 |   0 | 975k|  0 |  35 |   0 |-1.394917e+11 | 7.184599e+03 |    Inf | unknown
 2175s|  5300 |  4595 | 18043k|3402.0 |  1527M | 109 |6003 |  38 |  25k| 992k|  2 |  36 |   0 |-1.394917e+11 | 7.184599e+03 |    Inf | unknown
 2197s|  5400 |  4693 | 18141k|3357.1 |  1538M | 113 |6003 |  38 |  22k|1012k|  2 |  36 |   0 |-1.394917e+11 | 7.184599e+03 |    Inf | unknown
 2210s|  5500 |  4793 | 18224k|3311.0 |  1547M | 115 |6003 |  39 |  27k|1032k|  2 |  37 |   0 |-1.394917e+11 | 7.184599e+03 |    Inf | unknown
 2255s|  5600 |  4887 | 18531k|3306.7 |  1557M | 115 |6003 |  39 |  21k|1052k|  2 |  37 |   0 |-1.394917e+11 | 7.184599e+03 |    Inf | unknown
 2324s|  5700 |  4915 | 19478k|3414.9 |  1561M | 115 |6003 |  39 |  21k|1059k|  2 |  37 |   0 |-1.394917e+11 | 7.184599e+03 |    Inf | unknown
 2364s|  5800 |  4991 | 19931k|3434.2 |  1569M | 115 |6003 |  39 |  22k|1076k|  2 |  37 |   0 |-1.394917e+11 | 7.184599e+03 |    Inf | unknown
 2431s|  5900 |  5059 | 20731k|3511.5 |  1576M | 115 |6003 |  39 |   0 |1091k|  0 |  37 |   0 |-1.394917e+11 | 7.184599e+03 |    Inf | unknown
 2458s|  6000 |  5115 | 21080k|3511.2 |  1580M | 115 |6003 |  39 |  28k|1102k|  2 |  37 |   0 |-1.394917e+11 | 7.184599e+03 |    Inf | unknown
 2524s|  6100 |  5147 | 21881k|3584.9 |  1641M | 115 |6003 |  40 |  22k|1112k|  2 |  38 |   0 |-1.394917e+11 | 7.184599e+03 |    Inf | unknown
 2586s|  6200 |  5177 | 22735k|3664.9 |  1647M | 115 |6003 |  40 |  23k|1119k|  2 |  38 |   0 |-1.394917e+11 | 7.184599e+03 |    Inf | unknown
 2650s|  6300 |  5249 | 23577k|3740.4 |  1656M | 115 |6003 |  40 |  23k|1136k|  2 |  38 |   0 |-1.394917e+11 | 7.184599e+03 |    Inf | unknown
 2684s|  6400 |  5349 | 23795k|3716.0 |  1665M | 115 |6003 |  40 |  28k|1156k|  2 |  38 |   0 |-1.394917e+11 | 7.184599e+03 |    Inf | unknown
 2722s|  6500 |  5427 | 24289k|3734.8 |  1676M | 115 |6003 |  40 |  25k|1174k|  2 |  38 |   0 |-1.394917e+11 | 7.184599e+03 |    Inf | unknown
 time | node  | left  |LP iter|LP it/n|mem/heur|mdpt |vars |cons |rows |cuts |sepa|confs|strbr|  dualbound   | primalbound  |  gap   | compl. 
 2740s|  6600 |  5527 | 24411k|3696.7 |  1683M | 115 |6003 |  40 |  22k|1194k|  2 |  38 |   0 |-1.394917e+11 | 7.184599e+03 |    Inf | unknown
 2791s|  6700 |  5605 | 25003k|3730.0 |  1692M | 115 |6003 |  40 |  21k|1211k|  3 |  38 |   0 |-1.394917e+11 | 7.184599e+03 |    Inf | unknown
 2803s|  6800 |  5705 | 25079k|3686.2 |  1702M | 115 |6003 |  41 |  26k|1231k|  2 |  39 |   0 |-1.394917e+11 | 7.184599e+03 |    Inf | unknown
 2849s|  6900 |  5781 | 25536k|3699.0 |  1710M | 115 |6003 |  41 |  23k|1247k|  2 |  39 |   0 |-1.394917e+11 | 7.184599e+03 |    Inf | unknown
 2873s|  7000 |  5875 | 25715k|3671.7 |  1719M | 115 |6003 |  41 |  24k|1267k|  2 |  39 |   0 |-1.394917e+11 | 7.184599e+03 |    Inf | unknown
 2898s|  7100 |  5971 | 25813k|3633.8 |  1728M | 115 |6003 |  41 |  23k|1287k|  2 |  39 |   0 |-1.394917e+11 | 7.184599e+03 |    Inf | unknown
 2924s|  7200 |  6065 | 25981k|3606.7 |  1739M | 115 |6003 |  41 |  24k|1307k|  2 |  39 |   0 |-1.394917e+11 | 7.184599e+03 |    Inf | unknown
 2980s|  7300 |  6109 | 26749k|3662.5 |  1744M | 115 |6003 |  41 |  26k|1317k|  2 |  39 |   0 |-1.394917e+11 | 7.184599e+03 |    Inf | unknown
 2997s|  7400 |  6203 | 26885k|3631.3 |  2071M | 121 |6003 |  41 |  23k|1336k|  2 |  39 |   0 |-1.394917e+11 | 7.184599e+03 |    Inf | unknown
 3021s|  7500 |  6303 | 27018k|3600.8 |  2080M | 121 |6003 |  41 |  27k|1357k|  2 |  39 |   0 |-1.394917e+11 | 7.184599e+03 |    Inf | unknown
 3057s|  7600 |  6389 | 27444k|3609.4 |  2089M | 121 |6003 |  42 |  24k|1376k|  2 |  40 |   0 |-1.394917e+11 | 7.184599e+03 |    Inf | unknown
 3097s|  7700 |  6463 | 27949k|3628.1 |  2098M | 121 |6003 |  42 |  27k|1392k|  2 |  40 |   0 |-1.394917e+11 | 7.184599e+03 |    Inf | unknown
 3123s|  7800 |  6561 | 28122k|3603.7 |  2109M | 125 |6003 |  43 |  19k|1412k|  2 |  41 |   0 |-1.394917e+11 | 7.184599e+03 |    Inf | unknown
 3175s|  7900 |  6633 | 28785k|3642.1 |  2116M | 125 |6003 |  43 |  26k|1429k|  0 |  41 |   0 |-1.394917e+11 | 7.184599e+03 |    Inf | unknown
 3227s|  8000 |  6669 | 29481k|3683.6 |  2121M | 125 |6003 |  43 |  26k|1438k|  0 |  41 |   0 |-1.394917e+11 | 7.184599e+03 |    Inf | unknown
 time | node  | left  |LP iter|LP it/n|mem/heur|mdpt |vars |cons |rows |cuts |sepa|confs|strbr|  dualbound   | primalbound  |  gap   | compl. 
 3271s|  8100 |  6755 | 29920k|3692.3 |  2129M | 125 |6003 |  43 |  22k|1456k|  2 |  41 |   0 |-1.394917e+11 | 7.184599e+03 |    Inf | unknown
 3339s|  8200 |  6793 | 30856k|3761.4 |  2138M | 125 |6003 |  43 |   0 |1465k|  0 |  41 |   0 |-1.394917e+11 | 7.184599e+03 |    Inf | unknown
 3398s|  8300 |  6867 | 31653k|3812.1 |  2146M | 125 |6003 |  43 |  26k|1481k|  2 |  41 |   0 |-1.394917e+11 | 7.184599e+03 |    Inf | unknown
 3424s|  8400 |  6951 | 31855k|3790.7 |  2154M | 125 |6003 |  43 |  22k|1498k|  2 |  41 |   0 |-1.394917e+11 | 7.184599e+03 |    Inf | unknown
 3443s|  8500 |  7051 | 31930k|3754.9 |  2161M | 125 |6003 |  43 |  26k|1519k|  2 |  41 |   0 |-1.394917e+11 | 7.184599e+03 |    Inf | unknown
 3476s|  8600 |  7151 | 32044k|3724.6 |  2172M | 125 |6003 |  43 |  22k|1540k|  2 |  41 |   0 |-1.394917e+11 | 7.184599e+03 |    Inf | unknown
 3526s|  8700 |  7227 | 32586k|3744.1 |  2179M | 125 |6003 |  43 |  24k|1556k|  1 |  41 |   0 |-1.394917e+11 | 7.184599e+03 |    Inf | unknown
 3604s|  8800 |  7261 | 33688k|3826.8 |  2182M | 125 |6003 |  43 |  24k|1565k|  0 |  41 |   0 |-1.394917e+11 | 7.184599e+03 |    Inf | unknown
 3627s|  8900 |  7329 | 33998k|3818.6 |  2190M | 125 |6003 |  43 |   0 |1579k|  0 |  41 |   0 |-1.394917e+11 | 7.184599e+03 |    Inf | unknown
 3656s|  9000 |  7415 | 34302k|3809.9 |  2199M | 125 |6003 |  44 |  21k|1598k|  2 |  42 |   0 |-1.394917e+11 | 7.184599e+03 |    Inf | unknown
 3685s|  9100 |  7501 | 34572k|3797.7 |  2208M | 125 |6003 |  44 |  26k|1616k|  0 |  42 |   0 |-1.394917e+11 | 7.184599e+03 |    Inf | unknown
 3725s|  9200 |  7533 | 35123k|3816.4 |  2213M | 125 |6003 |  44 |  26k|1624k|  2 |  42 |   0 |-1.394917e+11 | 7.184599e+03 |    Inf | unknown
 3748s|  9300 |  7633 | 35218k|3785.6 |  2222M | 125 |6003 |  45 |  22k|1644k|  2 |  43 |   0 |-1.394917e+11 | 7.184599e+03 |    Inf | unknown
 3765s|  9400 |  7733 | 35308k|3754.8 |  2233M | 125 |6003 |  45 |  27k|1664k|  2 |  43 |   0 |-1.394917e+11 | 7.184599e+03 |    Inf | unknown
 3792s|  9500 |  7833 | 35426k|3727.7 |  2244M | 125 |6003 |  45 |  19k|1685k|  4 |  43 |   0 |-1.394917e+11 | 7.184599e+03 |    Inf | unknown
 time | node  | left  |LP iter|LP it/n|mem/heur|mdpt |vars |cons |rows |cuts |sepa|confs|strbr|  dualbound   | primalbound  |  gap   | compl. 
 3849s|  9600 |  7895 | 36156k|3764.9 |  2250M | 125 |6003 |  45 |  24k|1699k|  2 |  43 |   0 |-1.394917e+11 | 7.184599e+03 |    Inf | unknown
 3865s|  9700 |  7995 | 36293k|3740.3 |  2259M | 125 |6003 |  45 |  28k|1719k|  2 |  43 |   0 |-1.394917e+11 | 7.184599e+03 |    Inf | unknown
 3923s|  9800 |  8065 | 36907k|3764.8 |  2511M | 125 |6003 |  45 |  21k|1736k|  2 |  43 |   0 |-1.394917e+11 | 7.184599e+03 |    Inf | unknown
 3935s|  9900 |  8165 | 36987k|3734.8 |  2523M | 125 |6003 |  46 |  27k|1756k|  2 |  44 |   0 |-1.394917e+11 | 7.184599e+03 |    Inf | unknown
 3967s| 10000 |  8257 | 37268k|3725.5 |  2533M | 125 |6003 |  46 |  26k|1775k|  2 |  44 |   0 |-1.394917e+11 | 7.184599e+03 |    Inf | unknown
 3979s| 10100 |  8357 | 37364k|3698.2 |  2544M | 127 |6003 |  47 |  29k|1795k|  2 |  45 |   0 |-1.394917e+11 | 7.184599e+03 |    Inf | unknown
 4024s| 10200 |  8437 | 37824k|3707.0 |  2552M | 127 |6003 |  47 |  25k|1813k|  2 |  45 |   0 |-1.394917e+11 | 7.184599e+03 |    Inf | unknown
 4048s| 10300 |  8533 | 37933k|3681.6 |  2562M | 127 |6003 |  47 |  23k|1834k|  2 |  45 |   0 |-1.394917e+11 | 7.184599e+03 |    Inf | unknown
 4068s| 10400 |  8633 | 38077k|3660.0 |  2570M | 127 |6003 |  47 |  28k|1854k|  2 |  45 |   0 |-1.394917e+11 | 7.184599e+03 |    Inf | unknown
 4133s| 10500 |  8677 | 38974k|3710.7 |  2575M | 133 |6003 |  48 |  23k|1865k|  2 |  46 |   0 |-1.394917e+11 | 7.184599e+03 |    Inf | unknown
 4152s| 10600 |  8777 | 39064k|3684.1 |  2586M | 133 |6003 |  48 |  27k|1885k|  2 |  46 |   0 |-1.394917e+11 | 7.184599e+03 |    Inf | unknown
 4195s| 10700 |  8877 | 39240k|3666.1 |  2689M | 133 |6003 |  48 |  30k|1905k|  2 |  46 |   0 |-1.394917e+11 | 7.184599e+03 |    Inf | unknown
 4221s| 10800 |  8971 | 39507k|3656.9 |  2702M | 133 |6003 |  48 |  28k|1925k|  2 |  46 |   0 |-1.394917e+11 | 7.184599e+03 |    Inf | unknown
 4282s| 10900 |  9007 | 40340k|3699.8 |  2707M | 133 |6003 |  47 |  25k|1934k|  0 |  46 |   0 |-1.394917e+11 | 7.184599e+03 |    Inf | unknown
 4300s| 11000 |  9091 | 40518k|3682.3 |  2715M | 133 |6003 |  47 |  23k|1951k|  2 |  46 |   0 |-1.394917e+11 | 7.184599e+03 |    Inf | unknown
 time | node  | left  |LP iter|LP it/n|mem/heur|mdpt |vars |cons |rows |cuts |sepa|confs|strbr|  dualbound   | primalbound  |  gap   | compl. 
 4316s| 11100 |  9191 | 40643k|3660.4 |  2722M | 133 |6003 |  48 |  27k|1972k|  2 |  47 |   0 |-1.394917e+11 | 7.184599e+03 |    Inf | unknown
 4369s| 11200 |  9243 | 41273k|3684.0 |  2729M | 133 |6003 |  48 |  27k|1983k|  0 |  47 |   0 |-1.394917e+11 | 7.184599e+03 |    Inf | unknown
 4387s| 11300 |  9337 | 41451k|3667.1 |  2738M | 133 |6003 |  49 |  24k|2003k|  2 |  48 |   0 |-1.394917e+11 | 7.184599e+03 |    Inf | unknown
 4453s| 11400 |  9401 | 42320k|3711.2 |  2745M | 133 |6003 |  49 |   0 |2018k|  0 |  48 |   0 |-1.394917e+11 | 7.184599e+03 |    Inf | unknown
 4512s| 11500 |  9435 | 43130k|3749.3 |  2749M | 133 |6003 |  49 |  24k|2026k|  2 |  48 |   0 |-1.394917e+11 | 7.184599e+03 |    Inf | unknown
 4566s| 11600 |  9511 | 43726k|3768.4 |  2757M | 133 |6003 |  48 |  23k|2043k|  2 |  48 |   0 |-1.394917e+11 | 7.184599e+03 |    Inf | unknown
 4618s| 11700 |  9553 | 44430k|3796.4 |  2761M | 133 |6003 |  48 |   0 |2053k|  0 |  48 |   0 |-1.394917e+11 | 7.184599e+03 |    Inf | unknown
 4675s| 11800 |  9589 | 45231k|3832.0 |  2766M | 133 |6003 |  49 |  21k|2062k|  2 |  49 |   0 |-1.394917e+11 | 7.184599e+03 |    Inf | unknown
 4690s| 11900 |  9689 | 45310k|3806.5 |  2775M | 133 |6003 |  49 |  26k|2083k|  2 |  49 |   0 |-1.394917e+11 | 7.184599e+03 |    Inf | unknown
 4725s| 12000 |  9787 | 45560k|3795.6 |  2786M | 133 |6003 |  49 |  21k|2103k|  2 |  49 |   0 |-1.394917e+11 | 7.184599e+03 |    Inf | unknown
 4762s| 12100 |  9877 | 45978k|3798.8 |  2796M | 133 |6003 |  48 |  20k|2123k|  2 |  49 |   0 |-1.394917e+11 | 7.184599e+03 |    Inf | unknown
 4801s| 12200 |  9959 | 46473k|3808.2 |  2803M | 133 |6003 |  48 |  28k|2140k|  2 |  49 |   0 |-1.394917e+11 | 7.184599e+03 |    Inf | unknown
 4827s| 12300 | 10055 | 46734k|3798.5 |  3011M | 133 |6003 |  48 |  23k|2160k|  2 |  49 |   0 |-1.394917e+11 | 7.184599e+03 |    Inf | unknown
 4889s| 12400 | 10099 | 47590k|3836.9 |  3018M | 133 |6003 |  48 |  23k|2172k|  2 |  49 |   0 |-1.394917e+11 | 7.184599e+03 |    Inf | unknown
 4934s| 12500 | 10189 | 48037k|3841.9 |  3027M | 133 |6003 |  48 |  21k|2191k|  2 |  49 |   0 |-1.394917e+11 | 7.184599e+03 |    Inf | unknown
 time | node  | left  |LP iter|LP it/n|mem/heur|mdpt |vars |cons |rows |cuts |sepa|confs|strbr|  dualbound   | primalbound  |  gap   | compl. 
 4948s| 12600 | 10289 | 48113k|3817.5 |  3039M | 133 |6003 |  48 |  26k|2212k|  2 |  49 |   0 |-1.394917e+11 | 7.184599e+03 |    Inf | unknown
 5007s| 12700 | 10365 | 48808k|3842.2 |  3047M | 133 |6003 |  48 |  20k|2228k|  2 |  49 |   0 |-1.394917e+11 | 7.184599e+03 |    Inf | unknown
 5040s| 12800 | 10459 | 49112k|3835.9 |  3056M | 133 |6003 |  48 |  20k|2248k|  2 |  49 |   0 |-1.394917e+11 | 7.184599e+03 |    Inf | unknown
 5086s| 12900 | 10533 | 49712k|3852.7 |  3065M | 133 |6003 |  47 |  25k|2264k|  2 |  49 |   0 |-1.394917e+11 | 7.184599e+03 |    Inf | unknown
 5113s| 13000 | 10633 | 49816k|3831.0 |  3074M | 133 |6003 |  48 |  21k|2284k|  2 |  50 |   0 |-1.394917e+11 | 7.184599e+03 |    Inf | unknown
 5152s| 13100 | 10701 | 50299k|3838.7 |  3081M | 133 |6003 |  47 |  25k|2300k|  2 |  50 |   0 |-1.394917e+11 | 7.184599e+03 |    Inf | unknown
 5186s| 13200 | 10765 | 50714k|3841.0 |  3085M | 133 |6003 |  47 |  27k|2313k|  2 |  50 |   0 |-1.394917e+11 | 7.184599e+03 |    Inf | unknown
 5213s| 13300 | 10865 | 50864k|3823.5 |  3096M | 133 |6003 |  47 |  22k|2334k|  1 |  50 |   0 |-1.394917e+11 | 7.184599e+03 |    Inf | unknown
 5278s| 13400 | 10913 | 51781k|3863.3 |  3099M | 133 |6003 |  47 |   0 |2345k|  0 |  50 |   0 |-1.394917e+11 | 7.184599e+03 |    Inf | unknown
 5327s| 13500 | 10961 | 52330k|3875.4 |  3105M | 133 |6003 |  47 |  25k|2355k|  2 |  50 |   0 |-1.394917e+11 | 7.184599e+03 |    Inf | unknown
 5363s| 13600 | 11059 | 52562k|3863.9 |  3467M | 133 |6003 |  46 |  25k|2375k|  2 |  50 |   0 |-1.394917e+11 | 7.184599e+03 |    Inf | unknown
 5381s| 13700 | 11159 | 52667k|3843.4 |  3475M | 133 |6003 |  46 |  26k|2395k|  2 |  50 |   0 |-1.394917e+11 | 7.184599e+03 |    Inf | unknown
 5403s| 13800 | 11255 | 52877k|3830.8 |  3485M | 133 |6003 |  46 |  21k|2415k|  3 |  50 |   0 |-1.394917e+11 | 7.184599e+03 |    Inf | unknown
 5488s| 13900 | 11287 | 54072k|3889.2 |  3491M | 133 |6003 |  46 |  22k|2423k|  2 |  50 |   0 |-1.394917e+11 | 7.184599e+03 |    Inf | unknown
 5544s| 14000 | 11375 | 54796k|3913.1 |  3499M | 133 |6003 |  47 |  24k|2442k|  2 |  51 |   0 |-1.394917e+11 | 7.184599e+03 |    Inf | unknown
 time | node  | left  |LP iter|LP it/n|mem/heur|mdpt |vars |cons |rows |cuts |sepa|confs|strbr|  dualbound   | primalbound  |  gap   | compl. 
 5620s| 14100 | 11391 | 55839k|3959.3 |  3503M | 133 |6003 |  47 |   0 |2447k|  0 |  51 |   0 |-1.394917e+11 | 7.184599e+03 |    Inf | unknown
 5667s| 14200 | 11431 | 56490k|3977.3 |  3507M | 133 |6003 |  47 |  25k|2456k|  2 |  51 |   0 |-1.394917e+11 | 7.184599e+03 |    Inf | unknown
 5753s| 14300 | 11463 | 57679k|4032.6 |  3510M | 133 |6003 |  47 |   0 |2465k|  0 |  51 |   0 |-1.394917e+11 | 7.184599e+03 |    Inf | unknown
 5821s| 14400 | 11481 | 58660k|4072.7 |  3514M | 133 |6003 |  47 |  25k|2470k|  0 |  51 |   0 |-1.394917e+11 | 7.184599e+03 |    Inf | unknown
 5851s| 14500 | 11565 | 58831k|4056.5 |  3522M | 133 |6003 |  47 |  23k|2488k|  2 |  51 |   0 |-1.394917e+11 | 7.184599e+03 |    Inf | unknown
 5867s| 14600 | 11665 | 58910k|4034.1 |  3532M | 133 |6003 |  47 |  26k|2508k|  2 |  51 |   0 |-1.394917e+11 | 7.184599e+03 |    Inf | unknown
 5885s| 14700 | 11755 | 59089k|4018.8 |  3541M | 133 |6003 |  47 |  22k|2527k|  2 |  51 |   0 |-1.394917e+11 | 7.184599e+03 |    Inf | unknown
 5915s| 14800 | 11845 | 59343k|4008.8 |  3551M | 133 |6003 |  48 |  26k|2546k|  0 |  52 |   0 |-1.394917e+11 | 7.184599e+03 |    Inf | unknown
 5971s| 14900 | 11903 | 60070k|4030.7 |  3559M | 133 |6003 |  48 |  24k|2559k|  2 |  52 |   0 |-1.394917e+11 | 7.184599e+03 |    Inf | unknown
 5996s| 15000 | 12003 | 60247k|4015.6 |  3568M | 133 |6003 |  47 |  27k|2579k|  2 |  52 |   0 |-1.394917e+11 | 7.184599e+03 |    Inf | unknown
 6037s| 15100 | 12067 | 60733k|4021.3 |  3576M | 133 |6003 |  47 |  22k|2593k|  2 |  52 |   0 |-1.394917e+11 | 7.184599e+03 |    Inf | unknown
 6134s| 15200 | 12081 | 62099k|4084.6 |  3578M | 133 |6003 |  47 |  25k|2598k|  0 |  52 |   0 |-1.394917e+11 | 7.184599e+03 |    Inf | unknown
 6161s| 15300 | 12169 | 62303k|4071.3 |  3587M | 133 |6003 |  47 |  24k|2616k|  2 |  52 |   0 |-1.394917e+11 | 7.184599e+03 |    Inf | unknown
 6236s| 15400 | 12245 | 63112k|4097.4 |  3593M | 133 |6003 |  47 |  25k|2632k|  0 |  52 |   0 |-1.394917e+11 | 7.184599e+03 |    Inf | unknown
 6280s| 15500 | 12323 | 63551k|4099.3 |  3600M | 133 |6003 |  46 |  23k|2649k|  2 |  52 |   0 |-1.394917e+11 | 7.184599e+03 |    Inf | unknown
 time | node  | left  |LP iter|LP it/n|mem/heur|mdpt |vars |cons |rows |cuts |sepa|confs|strbr|  dualbound   | primalbound  |  gap   | compl. 
 6330s| 15600 | 12351 | 64274k|4119.4 |  3605M | 133 |6003 |  46 |  25k|2656k|  2 |  52 |   0 |-1.394917e+11 | 7.184599e+03 |    Inf | unknown
 6374s| 15700 | 12421 | 64739k|4122.7 |  3611M | 133 |6003 |  45 |   0 |2672k|  0 |  52 |   0 |-1.394917e+11 | 7.184599e+03 |    Inf | unknown
 6440s| 15800 | 12453 | 65598k|4151.0 |  3616M | 133 |6003 |  36 |   0 |2680k|  0 |  52 |   0 |-1.394917e+11 | 7.184599e+03 |    Inf | unknown
 6476s| 15900 | 12503 | 66087k|4155.6 |  3623M | 133 |6003 |  36 |  26k|2691k|  2 |  52 |   0 |-1.394917e+11 | 7.184599e+03 |    Inf | unknown
 6496s| 16000 | 12603 | 66252k|4140.0 |  3631M | 133 |6003 |  37 |  29k|2711k|  2 |  53 |   0 |-1.394917e+11 | 7.184599e+03 |    Inf | unknown
 6528s| 16100 | 12697 | 66550k|4132.8 |  3640M | 133 |6003 |  37 |   0 |2730k|  0 |  53 |   0 |-1.394917e+11 | 7.184599e+03 |    Inf | unknown
 6552s| 16200 | 12791 | 66687k|4115.7 |  3648M | 133 |6003 |  38 |  24k|2749k|  2 |  54 |   0 |-1.394917e+11 | 7.184599e+03 |    Inf | unknown
 6606s| 16300 | 12871 | 67201k|4122.0 |  3656M | 133 |6003 |  37 |  24k|2766k|  0 |  54 |   0 |-1.394917e+11 | 7.184599e+03 |    Inf | unknown
 6666s| 16400 | 12891 | 68036k|4147.8 |  3658M | 133 |6003 |  37 |  23k|2771k|  2 |  54 |   0 |-1.394917e+11 | 7.184599e+03 |    Inf | unknown
 6679s| 16500 | 12991 | 68121k|4127.8 |  3668M | 133 |6003 |  37 |  27k|2792k|  2 |  54 |   0 |-1.394917e+11 | 7.184599e+03 |    Inf | unknown
 6730s| 16600 | 13075 | 68624k|4133.2 |  3677M | 133 |6003 |  37 |  26k|2810k|  2 |  54 |   0 |-1.394917e+11 | 7.184599e+03 |    Inf | unknown
 6778s| 16700 | 13125 | 69097k|4136.8 |  4105M | 133 |6003 |  37 |  26k|2822k|  2 |  54 |   0 |-1.394917e+11 | 7.184599e+03 |    Inf | unknown
 6804s| 16800 | 13221 | 69301k|4124.4 |  4114M | 133 |6003 |  37 |  30k|2842k|  2 |  54 |   0 |-1.394917e+11 | 7.184599e+03 |    Inf | unknown
 6853s| 16900 | 13293 | 69936k|4137.5 |  4123M | 133 |6003 |  37 |   0 |2859k|  0 |  54 |   0 |-1.394917e+11 | 7.184599e+03 |    Inf | unknown
 6899s| 17000 | 13345 | 70544k|4149.0 |  4127M | 133 |6003 |  36 |  27k|2871k|  2 |  54 |   0 |-1.394917e+11 | 7.184599e+03 |    Inf | unknown
 time | node  | left  |LP iter|LP it/n|mem/heur|mdpt |vars |cons |rows |cuts |sepa|confs|strbr|  dualbound   | primalbound  |  gap   | compl. 
 6936s| 17100 | 13407 | 71020k|4152.5 |  4134M | 133 |6003 |  36 |   0 |2884k|  0 |  54 |   0 |-1.394917e+11 | 7.184599e+03 |    Inf | unknown
 6961s| 17200 | 13491 | 71265k|4142.6 |  4142M | 133 |6003 |  37 |  23k|2901k|  2 |  55 |   0 |-1.394917e+11 | 7.184599e+03 |    Inf | unknown
 7006s| 17300 | 13523 | 71884k|4154.4 |  4146M | 133 |6003 |  37 |   0 |2910k|  0 |  55 |   0 |-1.394917e+11 | 7.184599e+03 |    Inf | unknown
 7026s| 17400 | 13619 | 72007k|4137.6 |  4154M | 133 |6003 |  37 |  23k|2930k|  2 |  55 |   0 |-1.394917e+11 | 7.184599e+03 |    Inf | unknown
 7120s| 17500 | 13665 | 73328k|4189.5 |  4161M | 133 |6003 |  37 |   0 |2942k|  0 |  55 |   0 |-1.394917e+11 | 7.184599e+03 |    Inf | unknown
 7174s| 17600 | 13711 | 74063k|4207.4 |  4168M | 133 |6003 |  37 |  27k|2952k|  2 |  55 |   0 |-1.394917e+11 | 7.184599e+03 |    Inf | unknown
 7255s| 17700 | 13753 | 75153k|4245.3 |  4175M | 133 |6003 |  37 |  26k|2963k|  1 |  55 |   0 |-1.394917e+11 | 7.184599e+03 |    Inf | unknown
 7296s| 17800 | 13805 | 75692k|4251.7 |  4181M | 133 |6003 |  37 |  29k|2975k|  2 |  55 |   0 |-1.394917e+11 | 7.184599e+03 |    Inf | unknown
 7369s| 17900 | 13839 | 76695k|4284.0 |  4186M | 133 |6003 |  38 |  26k|2984k|  1 |  56 |   0 |-1.394917e+11 | 7.184599e+03 |    Inf | unknown
 7416s| 18000 | 13889 | 77324k|4295.1 |  4193M | 133 |6003 |  38 |  26k|2996k|  2 |  56 |   0 |-1.394917e+11 | 7.184599e+03 |    Inf | unknown
 7501s| 18100 | 13931 | 78461k|4334.2 |  4198M | 133 |6003 |  38 |  22k|3007k|  2 |  56 |   0 |-1.394917e+11 | 7.184599e+03 |    Inf | unknown
 7521s| 18200 | 14029 | 78564k|4316.0 |  4208M | 133 |6003 |  38 |  26k|3028k|  2 |  56 |   0 |-1.394917e+11 | 7.184599e+03 |    Inf | unknown
 7547s| 18300 | 14115 | 78825k|4306.7 |  4216M | 133 |6003 |  38 |  23k|3046k|  3 |  56 |   0 |-1.394917e+11 | 7.184599e+03 |    Inf | unknown
 7584s| 18400 | 14191 | 79268k|4307.4 |  4227M | 133 |6003 |  38 |  26k|3062k|  2 |  56 |   0 |-1.394917e+11 | 7.184599e+03 |    Inf | unknown
 7617s| 18500 | 14263 | 79592k|4301.6 |  4233M | 133 |6003 |  38 |  24k|3078k|  2 |  56 |   0 |-1.394917e+11 | 7.184599e+03 |    Inf | unknown
 time | node  | left  |LP iter|LP it/n|mem/heur|mdpt |vars |cons |rows |cuts |sepa|confs|strbr|  dualbound   | primalbound  |  gap   | compl. 
 7673s| 18600 | 14319 | 80315k|4317.4 |  4240M | 133 |6003 |  38 |   0 |3090k|  0 |  56 |   0 |-1.394917e+11 | 7.184599e+03 |    Inf | unknown
 7742s| 18700 | 14333 | 81325k|4348.3 |  4241M | 133 |6003 |  36 |   0 |3093k|  0 |  56 |   0 |-1.394917e+11 | 7.184599e+03 |    Inf | unknown
 7805s| 18800 | 14369 | 82232k|4373.4 |  4245M | 133 |6003 |  36 |  24k|3099k|  2 |  56 |   0 |-1.394917e+11 | 7.184599e+03 |    Inf | unknown
 7845s| 18900 | 14459 | 82612k|4370.4 |  4252M | 133 |6003 |  35 |  27k|3118k|  2 |  56 |   0 |-1.394917e+11 | 7.184599e+03 |    Inf | unknown
 7893s| 19000 | 14517 | 83231k|4379.9 |  4261M | 133 |6003 |  35 |  25k|3132k|  2 |  56 |   0 |-1.394917e+11 | 7.184599e+03 |    Inf | unknown
 7907s| 19100 | 14615 | 83356k|4363.6 |  4271M | 133 |6003 |  35 |  28k|3152k|  2 |  56 |   0 |-1.394917e+11 | 7.184599e+03 |    Inf | unknown
 7942s| 19200 | 14715 | 83493k|4348.0 |  4283M | 133 |6003 |  33 |  18k|3172k|  2 |  56 |   0 |-1.394917e+11 | 7.184599e+03 |    Inf | unknown
 7980s| 19300 | 14799 | 83953k|4349.3 |  4292M | 133 |6003 |  33 |   0 |3190k|  0 |  56 |   0 |-1.394917e+11 | 7.184599e+03 |    Inf | unknown
 8014s| 19400 | 14887 | 84364k|4348.1 |  4301M | 133 |6003 |  33 |  30k|3208k|  2 |  56 |   0 |-1.394917e+11 | 7.184599e+03 |    Inf | unknown
 8028s| 19500 | 14987 | 84466k|4331.0 |  4310M | 133 |6003 |  34 |  24k|3228k|  2 |  57 |   0 |-1.394917e+11 | 7.184599e+03 |    Inf | unknown
 8059s| 19600 | 15087 | 84789k|4325.3 |  4321M | 133 |6003 |  35 |  30k|3249k|  2 |  58 |   0 |-1.394917e+11 | 7.184599e+03 |    Inf | unknown
 8081s| 19700 | 15187 | 84922k|4310.2 |  4331M | 133 |6003 |  35 |  19k|3269k|  3 |  58 |   0 |-1.394917e+11 | 7.184599e+03 |    Inf | unknown
 8126s| 19800 | 15271 | 85488k|4317.0 |  4340M | 133 |6003 |  34 |  25k|3288k|  3 |  58 |   0 |-1.394917e+11 | 7.184599e+03 |    Inf | unknown
 8186s| 19900 | 15321 | 86276k|4334.9 |  4350M | 133 |6003 |  34 |  26k|3300k|  2 |  58 |   0 |-1.394917e+11 | 7.184599e+03 |    Inf | unknown
 8222s| 20000 | 15399 | 86679k|4333.4 |  4356M | 133 |6003 |  34 |  20k|3317k|  2 |  58 |   0 |-1.394917e+11 | 7.184599e+03 |    Inf | unknown
 time | node  | left  |LP iter|LP it/n|mem/heur|mdpt |vars |cons |rows |cuts |sepa|confs|strbr|  dualbound   | primalbound  |  gap   | compl. 
 8294s| 20100 | 15429 | 87689k|4362.0 |  4359M | 133 |6003 |  35 |   0 |3325k|  0 |  59 |   0 |-1.394917e+11 | 7.184599e+03 |    Inf | unknown
 8318s| 20200 | 15507 | 87948k|4353.3 |  4369M | 133 |6003 |  35 |  26k|3341k|  2 |  59 |   0 |-1.394917e+11 | 7.184599e+03 |    Inf | unknown
 8371s| 20300 | 15593 | 88430k|4355.6 |  4379M | 133 |6003 |  33 |  25k|3359k|  2 |  59 |   0 |-1.394917e+11 | 7.184599e+03 |    Inf | unknown
 8440s| 20400 | 15645 | 89264k|4375.1 |  4383M | 133 |6003 |  33 |  26k|3372k|  0 |  59 |   0 |-1.394917e+11 | 7.184599e+03 |    Inf | unknown
 8478s| 20500 | 15695 | 89762k|4378.0 |  4388M | 133 |6003 |  33 |  27k|3383k|  2 |  59 |   0 |-1.394917e+11 | 7.184599e+03 |    Inf | unknown
 8559s| 20600 | 15747 | 90542k|4394.7 |  4902M | 133 |6003 |  32 |   0 |3396k|  0 |  59 |   0 |-1.394917e+11 | 7.184599e+03 |    Inf | unknown
 8589s| 20700 | 15825 | 90781k|4385.0 |  4910M | 133 |6003 |  32 |  20k|3413k|  2 |  59 |   0 |-1.394917e+11 | 7.184599e+03 |    Inf | unknown
 8608s| 20800 | 15925 | 90861k|4367.7 |  4920M | 133 |6003 |  32 |  24k|3433k|  2 |  59 |   0 |-1.394917e+11 | 7.184599e+03 |    Inf | unknown
 8622s| 20900 | 16025 | 90978k|4352.4 |  4930M | 133 |6003 |  32 |  28k|3453k|  2 |  59 |   0 |-1.394917e+11 | 7.184599e+03 |    Inf | unknown
 8637s| 21000 | 16125 | 91071k|4336.1 |  4939M | 133 |6003 |  33 |  24k|3474k|  2 |  60 |   0 |-1.394917e+11 | 7.184599e+03 |    Inf | unknown
 8655s| 21100 | 16225 | 91202k|4321.8 |  4950M | 133 |6003 |  33 |  27k|3495k|  2 |  60 |   0 |-1.394917e+11 | 7.184599e+03 |    Inf | unknown
 8691s| 21200 | 16295 | 91600k|4320.2 |  4958M | 133 |6003 |  33 |  23k|3510k|  2 |  60 |   0 |-1.394917e+11 | 7.184599e+03 |    Inf | unknown
 8705s| 21300 | 16395 | 91672k|4303.3 |  4965M | 133 |6003 |  33 |  26k|3530k|  2 |  60 |   0 |-1.394917e+11 | 7.184599e+03 |    Inf | unknown
 8741s| 21400 | 16491 | 91863k|4292.1 |  4974M | 133 |6003 |  33 |  20k|3550k|  2 |  60 |   0 |-1.394917e+11 | 7.184599e+03 |    Inf | unknown
 8766s| 21500 | 16589 | 92023k|4279.6 |  4986M | 133 |6003 |  33 |  25k|3571k|  2 |  60 |   0 |-1.394917e+11 | 7.184599e+03 |    Inf | unknown
 time | node  | left  |LP iter|LP it/n|mem/heur|mdpt |vars |cons |rows |cuts |sepa|confs|strbr|  dualbound   | primalbound  |  gap   | compl. 
 8823s| 21600 | 16645 | 92784k|4295.0 |  4996M | 133 |6003 |  33 |  23k|3584k|  2 |  60 |   0 |-1.394917e+11 | 7.184599e+03 |    Inf | unknown
 8888s| 21700 | 16667 | 93737k|4319.1 |  4998M | 133 |6003 |  31 |  22k|3591k|  2 |  60 |   0 |-1.394917e+11 | 7.184599e+03 |    Inf | unknown
 8915s| 21800 | 16761 | 94033k|4312.9 |  5012M | 133 |6003 |  31 |  27k|3611k|  1 |  60 |   0 |-1.394917e+11 | 7.184599e+03 |    Inf | unknown
 8969s| 21900 | 16823 | 94760k|4326.4 |  5017M | 133 |6003 |  31 |  24k|3625k|  2 |  60 |   0 |-1.394917e+11 | 7.184599e+03 |    Inf | unknown
 9003s| 22000 | 16917 | 95079k|4321.2 |  5027M | 133 |6003 |  31 |  26k|3644k|  2 |  60 |   0 |-1.394917e+11 | 7.184599e+03 |    Inf | unknown
 9047s| 22100 | 17007 | 95616k|4326.0 |  5038M | 133 |6003 |  32 |  26k|3663k|  2 |  61 |   0 |-1.394917e+11 | 7.184599e+03 |    Inf | unknown
 9077s| 22200 | 17105 | 95860k|4317.5 |  5046M | 133 |6003 |  32 |  28k|3683k|  2 |  61 |   0 |-1.394917e+11 | 7.184599e+03 |    Inf | unknown
 9103s| 22300 | 17203 | 96060k|4307.1 |  5055M | 133 |6003 |  32 |  23k|3703k|  0 |  61 |   0 |-1.394917e+11 | 7.184599e+03 |    Inf | unknown
 9172s| 22400 | 17225 | 97064k|4332.7 |  5057M | 133 |6003 |  32 |  23k|3709k|  2 |  61 |   0 |-1.394917e+11 | 7.184599e+03 |    Inf | unknown
 9191s| 22500 | 17319 | 97242k|4321.3 |  5066M | 133 |6003 |  32 |  24k|3728k|  2 |  61 |   0 |-1.394917e+11 | 7.184599e+03 |    Inf | unknown
 9208s| 22600 | 17419 | 97334k|4306.3 |  5076M | 133 |6003 |  32 |  28k|3749k|  2 |  61 |   0 |-1.394917e+11 | 7.184599e+03 |    Inf | unknown
 9307s| 22700 | 17481 | 98530k|4340.0 |  5084M | 133 |6003 |  32 |  26k|3764k|  4 |  61 |   0 |-1.394917e+11 | 7.184599e+03 |    Inf | unknown
 9339s| 22800 | 17535 | 98957k|4339.7 |  5090M | 133 |6003 |  32 |  28k|3775k|  2 |  61 |   0 |-1.394917e+11 | 7.184599e+03 |    Inf | unknown
 9376s| 22900 | 17617 | 99329k|4337.0 |  5098M | 133 |6003 |  32 |  27k|3792k|  2 |  61 |   0 |-1.394917e+11 | 7.184599e+03 |    Inf | unknown
 9448s| 23000 | 17691 | 99997k|4347.2 |  5106M | 133 |6003 |  33 |  30k|3809k|  2 |  62 |   0 |-1.394917e+11 | 7.184599e+03 |    Inf | unknown
 time | node  | left  |LP iter|LP it/n|mem/heur|mdpt |vars |cons |rows |cuts |sepa|confs|strbr|  dualbound   | primalbound  |  gap   | compl. 
 9477s| 23100 | 17791 |100139k|4334.5 |  5121M | 133 |6003 |  33 |  26k|3829k|  2 |  62 |   0 |-1.394917e+11 | 7.184599e+03 |    Inf | unknown
 9498s| 23200 | 17887 |100339k|4324.4 |  5128M | 133 |6003 |  33 |  29k|3849k|  2 |  62 |   0 |-1.394917e+11 | 7.184599e+03 |    Inf | unknown
 9539s| 23300 | 17925 |100919k|4330.8 |  5135M | 133 |6003 |  33 |   0 |3857k|  0 |  62 |   0 |-1.394917e+11 | 7.184599e+03 |    Inf | unknown
 9552s| 23400 | 18019 |101036k|4317.2 |  5144M | 133 |6003 |  34 |  26k|3877k|  2 |  63 |   0 |-1.394917e+11 | 7.184599e+03 |    Inf | unknown
 9580s| 23500 | 18119 |101226k|4307.0 |  5155M | 133 |6003 |  34 |  29k|3898k|  2 |  63 |   0 |-1.394917e+11 | 7.184599e+03 |    Inf | unknown
 9609s| 23600 | 18213 |101546k|4302.3 |  5167M | 133 |6003 |  34 |   0 |3918k|  0 |  63 |   0 |-1.394917e+11 | 7.184599e+03 |    Inf | unknown
 9671s| 23700 | 18283 |102284k|4315.3 |  5175M | 133 |6003 |  34 |   0 |3933k|  0 |  63 |   0 |-1.394917e+11 | 7.184599e+03 |    Inf | unknown
 9731s| 23800 | 18317 |103104k|4331.6 |  5179M | 133 |6003 |  34 |  25k|3942k|  1 |  63 |   0 |-1.394917e+11 | 7.184599e+03 |    Inf | unknown
 9779s| 23900 | 18333 |103804k|4342.8 |  5182M | 133 |6003 |  34 |  24k|3947k|  2 |  63 |   0 |-1.394917e+11 | 7.184599e+03 |    Inf | unknown
 9790s| 24000 | 18433 |103885k|4328.0 |  5189M | 133 |6003 |  34 |  27k|3967k|  2 |  63 |   0 |-1.394917e+11 | 7.184599e+03 |    Inf | unknown
 9812s| 24100 | 18523 |104093k|4318.7 |  5197M | 133 |6003 |  34 |  22k|3986k|  2 |  63 |   0 |-1.394917e+11 | 7.184599e+03 |    Inf | unknown
 9846s| 24200 | 18609 |104503k|4317.8 |  5208M | 133 |6003 |  34 |  23k|4004k|  2 |  63 |   0 |-1.394917e+11 | 7.184599e+03 |    Inf | unknown
 9867s| 24300 | 18701 |104712k|4308.6 |  5220M | 133 |6003 |  34 |  28k|4023k|  2 |  63 |   0 |-1.394917e+11 | 7.184599e+03 |    Inf | unknown
 9900s| 24400 | 18795 |105025k|4303.8 |  5230M | 133 |6003 |  34 |  21k|4043k|  2 |  63 |   0 |-1.394917e+11 | 7.184599e+03 |    Inf | unknown
 9941s| 24500 | 18889 |105524k|4306.6 |  5239M | 133 |6003 |  34 |  26k|4063k|  2 |  63 |   0 |-1.394917e+11 | 7.184599e+03 |    Inf | unknown
 time | node  | left  |LP iter|LP it/n|mem/heur|mdpt |vars |cons |rows |cuts |sepa|confs|strbr|  dualbound   | primalbound  |  gap   | compl. 
 9985s| 24600 | 18947 |106076k|4311.6 |  5245M | 133 |6003 |  34 |  29k|4076k|  2 |  63 |   0 |-1.394917e+11 | 7.184599e+03 |    Inf | unknown
  168m| 24700 | 18989 |106917k|4328.1 |  5856M | 133 |6003 |  34 |   0 |4086k|  0 |  63 |   0 |-1.394917e+11 | 7.184599e+03 |    Inf | unknown
  168m| 24800 | 19061 |107384k|4329.5 |  5863M | 133 |6003 |  34 |  22k|4101k|  2 |  63 |   0 |-1.394917e+11 | 7.184599e+03 |    Inf | unknown
  169m| 24900 | 19141 |107813k|4329.4 |  5874M | 133 |6003 |  34 |   0 |4119k|  0 |  63 |   0 |-1.394917e+11 | 7.184599e+03 |    Inf | unknown
  170m| 25000 | 19183 |108516k|4340.2 |  5879M | 133 |6003 |  34 |  22k|4129k|  2 |  63 |   0 |-1.394917e+11 | 7.184599e+03 |    Inf | unknown
  170m| 25100 | 19283 |108599k|4326.2 |  5889M | 133 |6003 |  34 |  27k|4149k|  2 |  63 |   0 |-1.394917e+11 | 7.184599e+03 |    Inf | unknown
  170m| 25200 | 19383 |108792k|4316.7 |  5898M | 133 |6003 |  35 |  30k|4170k|  2 |  64 |   0 |-1.394917e+11 | 7.184599e+03 |    Inf | unknown
  171m| 25300 | 19465 |109475k|4326.6 |  5907M | 133 |6003 |  35 |   0 |4187k|  0 |  64 |   0 |-1.394917e+11 | 7.184599e+03 |    Inf | unknown
  172m| 25400 | 19529 |110040k|4331.8 |  5912M | 133 |6003 |  35 |  26k|4201k|  2 |  64 |   0 |-1.394917e+11 | 7.184599e+03 |    Inf | unknown
  172m| 25500 | 19629 |110136k|4318.6 |  5923M | 133 |6003 |  36 |  29k|4222k|  2 |  65 |   0 |-1.394917e+11 | 7.184599e+03 |    Inf | unknown
  173m| 25600 | 19717 |110675k|4322.8 |  5931M | 133 |6003 |  36 |  25k|4240k|  1 |  65 |   0 |-1.394917e+11 | 7.184599e+03 |    Inf | unknown
  174m| 25700 | 19743 |111478k|4337.2 |  5935M | 133 |6003 |  36 |  25k|4247k|  2 |  65 |   0 |-1.394917e+11 | 7.184599e+03 |    Inf | unknown
  174m| 25800 | 19843 |111582k|4324.4 |  5943M | 133 |6003 |  36 |  28k|4267k|  2 |  65 |   0 |-1.394917e+11 | 7.184599e+03 |    Inf | unknown
  175m| 25900 | 19927 |111889k|4319.6 |  5950M | 133 |6003 |  36 |  23k|4285k|  2 |  65 |   0 |-1.394917e+11 | 7.184599e+03 |    Inf | unknown
  176m| 26000 | 20023 |112192k|4314.6 |  5960M | 133 |6003 |  35 |  27k|4305k|  2 |  65 |   0 |-1.394917e+11 | 7.184599e+03 |    Inf | unknown
 time | node  | left  |LP iter|LP it/n|mem/heur|mdpt |vars |cons |rows |cuts |sepa|confs|strbr|  dualbound   | primalbound  |  gap   | compl. 
  177m| 26100 | 20099 |112527k|4310.9 |  5968M | 133 |6003 |  28 |  22k|4321k|  2 |  65 |   0 |-1.394917e+11 | 7.184599e+03 |    Inf | unknown
  178m| 26200 | 20195 |113112k|4316.8 |  5976M | 133 |6003 |  28 |  24k|4341k|  2 |  65 |   0 |-1.394917e+11 | 7.184599e+03 |    Inf | unknown
  178m| 26300 | 20289 |113318k|4308.2 |  5988M | 133 |6003 |  28 |  25k|4361k|  3 |  65 |   0 |-1.394917e+11 | 7.184599e+03 |    Inf | unknown
  178m| 26400 | 20389 |113573k|4301.6 |  5996M | 133 |6003 |  28 |  29k|4381k|  2 |  65 |   0 |-1.394917e+11 | 7.184599e+03 |    Inf | unknown
  179m| 26500 | 20477 |113963k|4300.0 |  6004M | 133 |6003 |  28 |  23k|4399k|  2 |  65 |   0 |-1.394917e+11 | 7.184599e+03 |    Inf | unknown
  180m| 26600 | 20565 |114552k|4306.0 |  6013M | 133 |6003 |  29 |  26k|4418k|  0 |  66 |   0 |-1.394917e+11 | 7.184599e+03 |    Inf | unknown

SCIP Status        : solving was interrupted [time limit reached]
Solving Time (sec) : 10800.02
Solving Nodes      : 26630
Primal Bound       : +7.18459914460095e+03 (1 solutions)
Dual Bound         : -1.39491661532027e+11
Gap                : infinite

