Solver command line: ['/cvmfs/soft.computecanada.ca/easybuild/software/2023/x86-64-v4/Compiler/gcc12/scipoptsuite/9.0.0/bin/scip', '/tmp/tmptio0su0o.pyomo', '-AMPL']

SCIP version 9.0.0 [precision: 8 byte] [memory: block] [mode: optimized] [LP solver: Soplex 7.0.0] [GitHash: 7205bedd94]
Copyright (c) 2002-2024 Zuse Institute Berlin (ZIB)

External libraries: 
  Readline 8.1         GNU library for command line editing (gnu.org/s/readline)
  Soplex 7.0.0         Linear Programming Solver developed at Zuse Institute Berlin (soplex.zib.de) [GitHash: 6657fb3b]
  CppAD 20180000.0     Algorithmic Differentiation of C++ algorithms developed by B. Bell (github.com/coin-or/CppAD)
  ZLIB 1.2.13          General purpose compression library by J. Gailly and M. Adler (zlib.net)
  GMP 6.2.1            GNU Multiple Precision Arithmetic Library developed by T. Granlund (gmplib.org)
  ZIMPL 3.5.3          Zuse Institute Mathematical Programming Language developed by T. Koch (zimpl.zib.de)
  AMPL/MP 690e9e7      AMPL .nl file reader library (github.com/ampl/mp)
  PaPILO 2.2.0         parallel presolve for integer and linear optimization (github.com/scipopt/papilo) (built with TBB) [GitHash: df30ae49]
  bliss 0.77           Computing Graph Automorphisms by T. Junttila and P. Kaski (users.aalto.fi/~tjunttil/bliss)
  sassy 1.1            Symmetry preprocessor by Markus Anders (github.com/markusa4/sassy)
  Ipopt 3.14.14        Interior Point Optimizer developed by A. Waechter et.al. (github.com/coin-or/Ipopt)

reading user parameter file <scip.set>
===========================

limits/time = 10800

read problem </tmp/tmptio0su0o.pyomo.nl>
============

original problem has 2001 variables (0 bin, 1000 int, 0 impl, 1001 cont) and 5 constraints

solve problem
=============

presolving:
(round 1, fast)       0 del vars, 0 del conss, 0 add conss, 2001 chg bounds, 1 chg sides, 0 chg coeffs, 0 upgd conss, 0 impls, 0 clqs
   (0.1s) symmetry computation started: requiring (bin +, int +, cont +), (fixed: bin -, int -, cont -)
   (0.1s) no symmetry present (symcode time: 0.00)
presolving (2 rounds: 2 fast, 1 medium, 1 exhaustive):
 0 deleted vars, 0 deleted constraints, 0 added constraints, 2001 tightened bounds, 0 added holes, 1 changed sides, 0 changed coefficients
 0 implications, 0 cliques
presolved problem has 2001 variables (0 bin, 1000 int, 0 impl, 1001 cont) and 5 constraints
      3 constraints of type <linear>
      2 constraints of type <nonlinear>
Presolving Time: 0.12

 time | node  | left  |LP iter|LP it/n|mem/heur|mdpt |vars |cons |rows |cuts |sepa|confs|strbr|  dualbound   | primalbound  |  gap   | compl. 
  7.9s|     1 |     0 |  2000 |     - |   141M |   0 |6003 |   5 |6005 |   0 |  0 |   0 |   0 |-1.981836e+12 |      --      |    Inf | unknown
 13.7s|     1 |     0 |  3112 |     - |   143M |   0 |6003 |   5 |7006 |1001 |  1 |   0 |   0 |-1.981836e+12 |      --      |    Inf | unknown
 13.7s|     1 |     0 |  4184 |     - |   143M |   0 |6003 |   5 |8011 |2006 |  2 |   0 |   0 |-1.981836e+12 |      --      |    Inf | unknown
 13.8s|     1 |     0 |  5212 |     - |   146M |   0 |6003 |   5 |9019 |3014 |  3 |   0 |   0 |-1.981836e+12 |      --      |    Inf | unknown
 13.9s|     1 |     0 |  6258 |     - |   148M |   0 |6003 |   5 |  10k|4024 |  4 |   0 |   0 |-1.981836e+12 |      --      |    Inf | unknown
 14.0s|     1 |     0 |  7333 |     - |   150M |   0 |6003 |   5 |  11k|5035 |  5 |   0 |   0 |-1.981836e+12 |      --      |    Inf | unknown
 14.2s|     1 |     0 |  8419 |     - |   151M |   0 |6003 |   5 |  12k|6047 |  6 |   0 |   0 |-1.981836e+12 |      --      |    Inf | unknown
 14.3s|     1 |     0 |  9484 |     - |   153M |   0 |6003 |   5 |  13k|7060 |  7 |   0 |   0 |-1.981836e+12 |      --      |    Inf | unknown
 14.4s|     1 |     0 | 10651 |     - |   155M |   0 |6003 |   5 |  14k|8074 |  8 |   0 |   0 |-1.981836e+12 |      --      |    Inf | unknown
 15.5s|     1 |     0 | 23315 |     - |   157M |   0 |6003 |   5 |  15k|9088 |  9 |   0 |   0 |-1.981836e+12 |      --      |    Inf | unknown
 15.7s|     1 |     0 | 26191 |     - |   161M |   0 |6003 |   5 |  10k|  10k| 10 |   0 |   0 |-1.981836e+12 |      --      |    Inf | unknown
 15.9s|     1 |     0 | 29008 |     - |   162M |   0 |6003 |   5 |  11k|  11k| 11 |   0 |   0 |-1.981836e+12 |      --      |    Inf | unknown
L58.0s|     1 |     0 | 65561 |     - |    rens|   0 |6003 |   5 |  11k|  11k| 11 |   0 |   0 |-1.981836e+12 | 7.654407e+06 |    Inf | unknown
 58.1s|     1 |     0 | 66069 |     - |   163M |   0 |6003 |   5 |  11k|  11k| 11 |   0 |   0 |-1.981836e+12 | 7.654407e+06 |    Inf | unknown
 58.5s|     1 |     0 | 70574 |     - |   164M |   0 |6003 |   5 |  13k|  13k| 12 |   0 |   0 |-1.981836e+12 | 7.654407e+06 |    Inf | unknown
 time | node  | left  |LP iter|LP it/n|mem/heur|mdpt |vars |cons |rows |cuts |sepa|confs|strbr|  dualbound   | primalbound  |  gap   | compl. 
 59.2s|     1 |     0 | 70575 |     - |   165M |   0 |6003 |   5 |  13k|  13k| 13 |   0 |   0 |-1.981836e+12 | 7.654407e+06 |    Inf | unknown
 61.4s|     1 |     2 | 71570 |     - |   165M |   0 |6003 |   5 |  13k|  13k| 13 |   0 |  37 |-1.981836e+12 | 7.654407e+06 |    Inf | unknown
  139s|   100 |   101 |184847 |1533.5 |   194M |  15 |6003 |   9 |3547 |  31k|  2 |   4 |  37 |-1.981836e+12 | 7.654407e+06 |    Inf | unknown
  194s|   200 |   201 |266907 |1175.3 |   212M |  16 |6003 |  12 |3200 |  51k|  2 |   7 |  37 |-1.981836e+12 | 7.654407e+06 |    Inf | unknown
  239s|   300 |   301 |337781 |1019.2 |   241M |  17 |6003 |  13 |3567 |  71k|  2 |   8 |  37 |-1.981836e+12 | 7.654407e+06 |    Inf | unknown
  287s|   400 |   401 |413394 | 953.3 |   262M |  22 |6003 |  14 |4070 |  89k|  2 |   9 |  37 |-1.981836e+12 | 7.654407e+06 |    Inf | unknown
  358s|   500 |   499 |485124 | 906.0 |   294M |  24 |6003 |  14 |3869 | 106k|  2 |   9 |  37 |-1.981836e+12 | 7.654407e+06 |    Inf | unknown
  434s|   600 |   599 |527634 | 825.7 |   311M |  27 |6003 |  15 |3213 | 126k|  2 |  10 |  37 |-1.981836e+12 | 7.654407e+06 |    Inf | unknown
  479s|   700 |   699 |607940 | 822.5 |   336M |  28 |6003 |  15 |3214 | 145k|  2 |  10 |  37 |-1.981836e+12 | 7.654407e+06 |    Inf | unknown
  523s|   800 |   797 |652698 | 775.6 |   354M |  28 |6003 |  15 |2013 | 164k|  2 |  10 |  37 |-1.981836e+12 | 7.654407e+06 |    Inf | unknown
  556s|   900 |   897 |702195 | 744.3 |   370M |  28 |6003 |  15 |5681 | 184k|  2 |  10 |  37 |-1.981836e+12 | 7.654407e+06 |    Inf | unknown
  612s|  1000 |   997 |768453 | 736.2 |   428M |  43 |6003 |  15 |8015 | 204k|  2 |  10 |  37 |-1.981836e+12 | 7.654407e+06 |    Inf | unknown
  676s|  1100 |  1097 |814947 | 711.5 |   444M |  43 |6003 |  15 |9014 | 224k|  2 |  10 |  37 |-1.981836e+12 | 7.654407e+06 |    Inf | unknown
  762s|  1200 |  1197 |859648 | 689.4 |   470M |  45 |6003 |  16 |9016 | 244k|  2 |  11 |  37 |-1.981836e+12 | 7.654407e+06 |    Inf | unknown
  863s|  1300 |  1297 |912716 | 677.2 |   496M |  67 |6003 |  16 |  13k| 265k|  2 |  11 |  37 |-1.981836e+12 | 7.654407e+06 |    Inf | unknown
 time | node  | left  |LP iter|LP it/n|mem/heur|mdpt |vars |cons |rows |cuts |sepa|confs|strbr|  dualbound   | primalbound  |  gap   | compl. 
  921s|  1400 |  1397 |989439 | 683.6 |   519M |  82 |6003 |  18 |  16k| 287k|  2 |  13 |  37 |-1.981836e+12 | 7.654407e+06 |    Inf | unknown
  987s|  1500 |  1497 |  1147k| 743.3 |   546M |  97 |6003 |  19 |  17k| 309k|  2 |  14 |  37 |-1.981836e+12 | 7.654407e+06 |    Inf | unknown
 1042s|  1600 |  1597 |  1286k| 783.9 |   570M |  97 |6003 |  20 |  18k| 331k|  3 |  15 |  37 |-1.981836e+12 | 7.654407e+06 |    Inf | unknown
 1114s|  1700 |  1697 |  1433k| 824.1 |   599M |  97 |6003 |  40 |  17k| 352k|  2 |  35 |  37 |-1.981836e+12 | 7.654407e+06 |    Inf | unknown
 1201s|  1800 |  1797 |  1486k| 808.1 |   613M |  97 |6003 |  40 |  18k| 372k|  2 |  35 |  37 |-1.981836e+12 | 7.654407e+06 |    Inf | unknown
 1258s|  1900 |  1897 |  1646k| 849.4 |   638M |  98 |6003 |  42 |  17k| 395k|  2 |  37 |  37 |-1.981836e+12 | 7.654407e+06 |    Inf | unknown
 1324s|  2000 |  1997 |  1792k| 880.0 |   681M |  98 |6003 |  44 |  15k| 416k|  2 |  39 |  37 |-1.981836e+12 | 7.654407e+06 |    Inf | unknown
 1374s|  2100 |  2093 |  1928k| 903.2 |   693M |  98 |6003 |  44 |  17k| 437k|  2 |  39 |  37 |-1.981836e+12 | 7.654407e+06 |    Inf | unknown
 1427s|  2200 |  2193 |  2025k| 906.0 |   710M |  98 |6003 |  46 |9215 | 458k|  2 |  41 |  37 |-1.981836e+12 | 7.654407e+06 |    Inf | unknown
 1474s|  2300 |  2293 |  2121k| 908.4 |   780M |  98 |6003 |  47 |  17k| 479k|  2 |  42 |  37 |-1.981836e+12 | 7.654407e+06 |    Inf | unknown
 1543s|  2400 |  2393 |  2285k| 938.9 |   789M |  99 |6003 |  48 |  18k| 501k|  2 |  43 |  37 |-1.981836e+12 | 7.654407e+06 |    Inf | unknown
 1619s|  2500 |  2493 |  2461k| 971.8 |   800M | 102 |6003 |  50 |  19k| 522k|  2 |  45 |  37 |-1.981836e+12 | 7.654407e+06 |    Inf | unknown
 1676s|  2600 |  2593 |  2614k| 993.1 |   812M | 102 |6003 |  51 |  10k| 543k|  2 |  46 |  37 |-1.981836e+12 | 7.654407e+06 |    Inf | unknown
 1733s|  2700 |  2687 |  2778k|1017.1 |   824M | 106 |6003 |  52 |  16k| 564k|  2 |  47 |  37 |-1.981836e+12 | 7.654407e+06 |    Inf | unknown
 1781s|  2800 |  2787 |  2895k|1022.7 |   904M | 106 |6003 |  53 |  10k| 585k|  2 |  48 |  37 |-1.981836e+12 | 7.654407e+06 |    Inf | unknown
 time | node  | left  |LP iter|LP it/n|mem/heur|mdpt |vars |cons |rows |cuts |sepa|confs|strbr|  dualbound   | primalbound  |  gap   | compl. 
 1843s|  2900 |  2887 |  3044k|1038.9 |   916M | 106 |6003 |  54 |  17k| 606k|  2 |  49 |  37 |-1.981836e+12 | 7.654407e+06 |    Inf | unknown
 1910s|  3000 |  2987 |  3176k|1048.3 |   927M | 109 |6003 |  55 |  19k| 627k|  2 |  50 |  37 |-1.981836e+12 | 7.654407e+06 |    Inf | unknown
 1979s|  3100 |  3087 |  3337k|1066.5 |   936M | 121 |6003 |  58 |  20k| 648k|  2 |  53 |  37 |-1.981836e+12 | 7.654407e+06 |    Inf | unknown
 2024s|  3200 |  3187 |  3491k|1081.0 |   948M | 121 |6003 |  59 |  11k| 669k|  2 |  54 |  37 |-1.981836e+12 | 7.654407e+06 |    Inf | unknown
 2072s|  3300 |  3287 |  3618k|1086.8 |  1043M | 121 |6003 |  61 |  17k| 690k|  2 |  56 |  37 |-1.981836e+12 | 7.654407e+06 |    Inf | unknown
 2128s|  3400 |  3387 |  3757k|1095.9 |  1052M | 121 |6003 |  63 |  20k| 711k|  2 |  58 |  37 |-1.981836e+12 | 7.654407e+06 |    Inf | unknown
 2181s|  3500 |  3487 |  3891k|1102.8 |  1063M | 121 |6003 |  64 |9613 | 732k|  2 |  59 |  37 |-1.981836e+12 | 7.654407e+06 |    Inf | unknown
 2235s|  3600 |  3587 |  4038k|1112.8 |  1074M | 121 |6003 |  65 |  19k| 754k|  2 |  60 |  37 |-1.981836e+12 | 7.654407e+06 |    Inf | unknown
 2281s|  3700 |  3687 |  4180k|1121.1 |  1086M | 121 |6003 |  66 |  19k| 775k|  2 |  61 |  37 |-1.981836e+12 | 7.654407e+06 |    Inf | unknown
 2344s|  3800 |  3787 |  4315k|1127.2 |  1129M | 121 |6003 |  68 |  19k| 797k|  2 |  64 |  37 |-1.981836e+12 | 7.654407e+06 |    Inf | unknown
 2378s|  3900 |  3887 |  4472k|1138.6 |  1140M | 121 |6003 |  71 |  10k| 818k|  2 |  67 |  37 |-1.981836e+12 | 7.654407e+06 |    Inf | unknown
 2434s|  4000 |  3987 |  4635k|1150.9 |  1218M | 121 |6003 |  71 |  19k| 839k|  2 |  68 |  37 |-1.981836e+12 | 7.654407e+06 |    Inf | unknown
 2502s|  4100 |  4087 |  4790k|1160.7 |  1228M | 121 |6003 |  71 |  20k| 859k|  2 |  69 |  37 |-1.981836e+12 | 7.654407e+06 |    Inf | unknown
 2568s|  4200 |  4187 |  4934k|1167.3 |  1238M | 121 |6003 |  72 |  20k| 880k|  2 |  70 |  37 |-1.981836e+12 | 7.654407e+06 |    Inf | unknown
 2637s|  4300 |  4287 |  5087k|1175.7 |  1248M | 121 |6003 |  74 |  19k| 900k|  2 |  72 |  37 |-1.981836e+12 | 7.654407e+06 |    Inf | unknown
 time | node  | left  |LP iter|LP it/n|mem/heur|mdpt |vars |cons |rows |cuts |sepa|confs|strbr|  dualbound   | primalbound  |  gap   | compl. 
 2686s|  4400 |  4387 |  5261k|1188.5 |  1260M | 121 |6003 |  76 |  21k| 921k|  2 |  74 |  37 |-1.981836e+12 | 7.654407e+06 |    Inf | unknown
 2748s|  4500 |  4487 |  5414k|1196.0 |  1308M | 121 |6003 |  78 |  20k| 941k|  2 |  76 |  37 |-1.981836e+12 | 7.654407e+06 |    Inf | unknown
 2808s|  4600 |  4587 |  5536k|1196.7 |  1399M | 121 |6003 |  80 |  19k| 962k|  2 |  78 |  37 |-1.981836e+12 | 7.654407e+06 |    Inf | unknown
 2868s|  4700 |  4687 |  5699k|1205.9 |  1408M | 121 |6003 |  81 |  19k| 982k|  2 |  79 |  37 |-1.981836e+12 | 7.654407e+06 |    Inf | unknown
 2938s|  4800 |  4787 |  5846k|1211.4 |  1416M | 121 |6003 |  81 |  19k|1003k|  2 |  79 |  37 |-1.981836e+12 | 7.654407e+06 |    Inf | unknown
 2992s|  4900 |  4887 |  5990k|1216.0 |  1425M | 121 |6003 |  83 |  19k|1023k|  2 |  81 |  37 |-1.981836e+12 | 7.654407e+06 |    Inf | unknown
 3050s|  5000 |  4987 |  6131k|1219.9 |  1437M | 121 |6003 |  85 |  20k|1043k|  2 |  83 |  37 |-1.981836e+12 | 7.654407e+06 |    Inf | unknown
 3125s|  5100 |  5087 |  6265k|1222.3 |  1443M | 121 |6003 |  87 |  20k|1063k|  2 |  85 |  37 |-1.981836e+12 | 7.654407e+06 |    Inf | unknown
 3199s|  5200 |  5187 |  6425k|1229.6 |  1454M | 121 |6003 |  89 |  20k|1084k|  2 |  88 |  37 |-1.981836e+12 | 7.654407e+06 |    Inf | unknown
 3251s|  5300 |  5287 |  6582k|1236.1 |  1510M | 121 |6003 |  90 |  19k|1104k|  2 |  89 |  37 |-1.981836e+12 | 7.654407e+06 |    Inf | unknown
 3320s|  5400 |  5387 |  6723k|1239.2 |  1520M | 121 |6003 |  88 |  21k|1125k|  2 |  90 |  37 |-1.981836e+12 | 7.654407e+06 |    Inf | unknown
 3383s|  5500 |  5487 |  6872k|1243.8 |  1625M | 121 |6003 |  89 |  20k|1145k|  2 |  91 |  37 |-1.981836e+12 | 7.654407e+06 |    Inf | unknown
 3441s|  5600 |  5587 |  6989k|1242.5 |  1635M | 121 |6003 |  90 |9615 |1165k|  2 |  92 |  37 |-1.981836e+12 | 7.654407e+06 |    Inf | unknown
 3527s|  5700 |  5687 |  7151k|1249.0 |  1647M | 121 |6003 |  92 |  20k|1185k|  2 |  94 |  37 |-1.981836e+12 | 7.654407e+06 |    Inf | unknown
 3582s|  5800 |  5787 |  7276k|1249.1 |  1658M | 121 |6003 |  94 |  20k|1206k|  2 |  96 |  37 |-1.981836e+12 | 7.654407e+06 |    Inf | unknown
 time | node  | left  |LP iter|LP it/n|mem/heur|mdpt |vars |cons |rows |cuts |sepa|confs|strbr|  dualbound   | primalbound  |  gap   | compl. 
 3640s|  5900 |  5887 |  7432k|1254.3 |  1668M | 121 |6003 |  95 |  21k|1226k|  2 |  98 |  37 |-1.981836e+12 | 7.654407e+06 |    Inf | unknown
 3704s|  6000 |  5987 |  7584k|1258.9 |  1678M | 121 |6003 |  94 |  20k|1246k|  2 |  98 |  37 |-1.981836e+12 | 7.654407e+06 |    Inf | unknown
 3766s|  6100 |  6087 |  7675k|1253.1 |  1692M | 121 |6003 |  93 |  10k|1266k|  2 | 100 |  37 |-1.981836e+12 | 7.654407e+06 |    Inf | unknown
 3831s|  6200 |  6185 |  7830k|1257.9 |  1703M | 121 |6003 |  94 |  21k|1286k|  2 | 102 |  37 |-1.981836e+12 | 7.654407e+06 |    Inf | unknown
 3901s|  6300 |  6285 |  7988k|1263.0 |  1711M | 121 |6003 |  94 |  19k|1307k|  2 | 104 |  37 |-1.981836e+12 | 7.654407e+06 |    Inf | unknown
 3958s|  6400 |  6385 |  8139k|1266.8 |  1720M | 121 |6003 |  93 |  20k|1327k|  2 | 106 |  37 |-1.981836e+12 | 7.654407e+06 |    Inf | unknown
 4014s|  6500 |  6485 |  8270k|1267.5 |  1731M | 121 |6003 |  91 |  11k|1347k|  2 | 108 |  37 |-1.981836e+12 | 7.654407e+06 |    Inf | unknown
 4051s|  6600 |  6585 |  8339k|1258.8 |  1799M | 121 |6003 |  91 |  17k|1370k|  4 | 108 |  37 |-1.981836e+12 | 7.654407e+06 |    Inf | unknown
 4086s|  6700 |  6685 |  8414k|1251.2 |  1811M | 121 |6003 |  92 |  18k|1391k|  2 | 109 |  37 |-1.981836e+12 | 7.654407e+06 |    Inf | unknown
 4126s|  6800 |  6785 |  8512k|1247.1 |  1823M | 121 |6003 |  92 |  14k|1413k|  2 | 109 |  37 |-1.981836e+12 | 7.654407e+06 |    Inf | unknown
 4154s|  6900 |  6885 |  8660k|1250.5 |  1836M | 121 |6003 |  94 |  15k|1434k|  2 | 111 |  37 |-1.981836e+12 | 7.654407e+06 |    Inf | unknown
 4204s|  7000 |  6985 |  8867k|1262.3 |  1848M | 121 |6003 |  94 |  17k|1455k|  2 | 111 |  37 |-1.981836e+12 | 7.654407e+06 |    Inf | unknown
 4240s|  7100 |  7085 |  8964k|1258.1 |  1858M | 121 |6003 |  96 |  15k|1478k|  2 | 113 |  37 |-1.981836e+12 | 7.654407e+06 |    Inf | unknown
 4278s|  7200 |  7185 |  9074k|1255.9 |  1988M | 121 |6003 |  95 |  15k|1499k|  2 | 114 |  37 |-1.981836e+12 | 7.654407e+06 |    Inf | unknown
 4318s|  7300 |  7285 |  9270k|1265.6 |  1999M | 121 |6003 |  94 |  19k|1520k|  2 | 115 |  37 |-1.981836e+12 | 7.654407e+06 |    Inf | unknown
 time | node  | left  |LP iter|LP it/n|mem/heur|mdpt |vars |cons |rows |cuts |sepa|confs|strbr|  dualbound   | primalbound  |  gap   | compl. 
 4351s|  7400 |  7385 |  9486k|1277.7 |  2012M | 121 |6003 |  94 |  16k|1542k|  2 | 116 |  37 |-1.981836e+12 | 7.654407e+06 |    Inf | unknown
 4406s|  7500 |  7485 |  9668k|1284.9 |  2024M | 121 |6003 |  93 |  16k|1563k|  2 | 117 |  37 |-1.981836e+12 | 7.654407e+06 |    Inf | unknown
 4446s|  7600 |  7585 |  9793k|1284.4 |  2102M | 121 |6003 |  95 |  19k|1585k|  2 | 119 |  37 |-1.981836e+12 | 7.654407e+06 |    Inf | unknown
 4498s|  7700 |  7685 |  9899k|1281.5 |  2113M | 121 |6003 |  94 |  18k|1607k|  2 | 119 |  37 |-1.981836e+12 | 7.654407e+06 |    Inf | unknown
 4525s|  7800 |  7785 | 10014k|1279.9 |  2123M | 121 |6003 |  96 |  15k|1628k|  2 | 121 |  37 |-1.981836e+12 | 7.654407e+06 |    Inf | unknown
 4558s|  7900 |  7885 | 10114k|1276.3 |  2274M | 121 |6003 |  96 |  16k|1650k|  2 | 122 |  37 |-1.981836e+12 | 7.654407e+06 |    Inf | unknown
 4583s|  8000 |  7985 | 10200k|1271.1 |  2290M | 121 |6003 |  96 |  11k|1672k|  2 | 123 |  37 |-1.981836e+12 | 7.654407e+06 |    Inf | unknown
 4611s|  8100 |  8085 | 10284k|1265.8 |  2300M | 121 |6003 |  95 |  15k|1695k|  2 | 123 |  37 |-1.981836e+12 | 7.654407e+06 |    Inf | unknown
 4634s|  8200 |  8185 | 10369k|1260.8 |  2313M | 121 |6003 |  96 |  15k|1717k|  2 | 124 |  37 |-1.981836e+12 | 7.654407e+06 |    Inf | unknown
 4684s|  8300 |  8285 | 10441k|1254.1 |  2325M | 121 |6003 |  94 |  13k|1738k|  2 | 125 |  37 |-1.981836e+12 | 7.654407e+06 |    Inf | unknown
 4710s|  8400 |  8385 | 10525k|1249.2 |  2338M | 121 |6003 |  95 |  15k|1760k|  2 | 127 |  37 |-1.981836e+12 | 7.654407e+06 |    Inf | unknown
 4749s|  8500 |  8485 | 10639k|1248.0 |  2348M | 121 |6003 |  94 |  19k|1782k|  2 | 127 |  37 |-1.981836e+12 | 7.654407e+06 |    Inf | unknown
 4798s|  8600 |  8585 | 10788k|1250.8 |  2362M | 121 |6003 |  91 |  14k|1804k|  2 | 129 |  37 |-1.981836e+12 | 7.654407e+06 |    Inf | unknown
 4827s|  8700 |  8685 | 10867k|1245.5 |  2372M | 121 |6003 |  87 |  14k|1825k|  2 | 129 |  37 |-1.981836e+12 | 7.654407e+06 |    Inf | unknown
 4857s|  8800 |  8785 | 10934k|1238.9 |  2385M | 121 |6003 |  83 |  17k|1847k|  2 | 131 |  37 |-1.981836e+12 | 7.654407e+06 |    Inf | unknown
 time | node  | left  |LP iter|LP it/n|mem/heur|mdpt |vars |cons |rows |cuts |sepa|confs|strbr|  dualbound   | primalbound  |  gap   | compl. 
 4904s|  8900 |  8885 | 11049k|1238.0 |  2398M | 121 |6003 |  81 |  14k|1869k|  4 | 133 |  37 |-1.981836e+12 | 7.654407e+06 |    Inf | unknown
 4933s|  9000 |  8983 | 11189k|1239.8 |  2410M | 121 |6003 |  81 |  13k|1891k|  2 | 133 |  37 |-1.981836e+12 | 7.654407e+06 |    Inf | unknown
 4958s|  9100 |  9079 | 11306k|1239.0 |  2424M | 121 |6003 |  79 |  18k|1913k|  2 | 133 |  37 |-1.981836e+12 | 7.654407e+06 |    Inf | unknown
 4991s|  9200 |  9179 | 11401k|1235.9 |  2434M | 121 |6003 |  80 |  13k|1934k|  2 | 134 |  37 |-1.981836e+12 | 7.654407e+06 |    Inf | unknown
 5028s|  9300 |  9279 | 11492k|1232.3 |  2447M | 121 |6003 |  74 |  16k|1955k|  2 | 135 |  37 |-1.981836e+12 | 7.654407e+06 |    Inf | unknown
 5064s|  9400 |  9379 | 11590k|1229.7 |  2459M | 121 |6003 |  69 |  17k|1976k|  2 | 135 |  37 |-1.981836e+12 | 7.654407e+06 |    Inf | unknown
 5094s|  9500 |  9479 | 11699k|1228.2 |  2472M | 121 |6003 |  71 |  18k|1999k|  2 | 137 |  37 |-1.981836e+12 | 7.654407e+06 |    Inf | unknown
 5131s|  9600 |  9579 | 11775k|1223.3 |  2483M | 121 |6003 |  71 |  13k|2022k|  2 | 139 |  37 |-1.981836e+12 | 7.654407e+06 |    Inf | unknown
 5175s|  9700 |  9679 | 11928k|1226.5 |  2496M | 121 |6003 |  70 |  14k|2043k|  2 | 139 |  37 |-1.981836e+12 | 7.654407e+06 |    Inf | unknown
 5226s|  9800 |  9779 | 12025k|1223.9 |  2510M | 121 |6003 |  72 |  15k|2066k|  2 | 141 |  37 |-1.981836e+12 | 7.654407e+06 |    Inf | unknown
 5247s|  9900 |  9879 | 12102k|1219.2 |  2767M | 121 |6003 |  71 |  15k|2088k|  2 | 142 |  37 |-1.981836e+12 | 7.654407e+06 |    Inf | unknown
 5294s| 10000 |  9979 | 12218k|1218.7 |  2780M | 121 |6003 |  70 |  14k|2111k|  2 | 143 |  37 |-1.981836e+12 | 7.654407e+06 |    Inf | unknown
 5312s| 10100 | 10079 | 12282k|1213.0 |  2789M | 121 |6003 |  70 |  15k|2134k|  3 | 144 |  37 |-1.981836e+12 | 7.654407e+06 |    Inf | unknown
 5355s| 10200 | 10179 | 12372k|1209.9 |  2802M | 121 |6003 |  69 |  14k|2157k|  2 | 145 |  37 |-1.981836e+12 | 7.654407e+06 |    Inf | unknown
 5378s| 10300 | 10279 | 12464k|1207.1 |  2811M | 121 |6003 |  70 |  16k|2180k|  2 | 146 |  37 |-1.981836e+12 | 7.654407e+06 |    Inf | unknown
 time | node  | left  |LP iter|LP it/n|mem/heur|mdpt |vars |cons |rows |cuts |sepa|confs|strbr|  dualbound   | primalbound  |  gap   | compl. 
 5416s| 10400 | 10379 | 12567k|1205.4 |  2825M | 121 |6003 |  67 |  12k|2202k|  2 | 147 |  37 |-1.981836e+12 | 7.654407e+06 |    Inf | unknown
 5450s| 10500 | 10479 | 12670k|1203.7 |  2839M | 121 |6003 |  69 |  16k|2226k|  2 | 149 |  37 |-1.981836e+12 | 7.654407e+06 |    Inf | unknown
 5482s| 10600 | 10579 | 12761k|1201.0 |  2849M | 121 |6003 |  67 |  13k|2249k|  2 | 149 |  37 |-1.981836e+12 | 7.654407e+06 |    Inf | unknown
 5534s| 10700 | 10679 | 12870k|1199.9 |  2862M | 121 |6003 |  68 |  15k|2272k|  2 | 151 |  37 |-1.981836e+12 | 7.654407e+06 |    Inf | unknown
 5570s| 10800 | 10779 | 12958k|1196.9 |  2874M | 121 |6003 |  69 |  14k|2295k|  2 | 153 |  37 |-1.981836e+12 | 7.654407e+06 |    Inf | unknown
 5612s| 10900 | 10879 | 13029k|1192.5 |  2887M | 121 |6003 |  66 |  19k|2316k|  2 | 153 |  37 |-1.981836e+12 | 7.654407e+06 |    Inf | unknown
 5646s| 11000 | 10979 | 13133k|1191.1 |  2896M | 121 |6003 |  65 |  15k|2337k|  2 | 153 |  37 |-1.981836e+12 | 7.654407e+06 |    Inf | unknown
 5676s| 11100 | 11075 | 13248k|1190.7 |  2909M | 121 |6003 |  64 |  15k|2358k|  2 | 155 |  37 |-1.981836e+12 | 7.654407e+06 |    Inf | unknown
 5728s| 11200 | 11173 | 13360k|1190.0 |  3016M | 121 |6003 |  64 |  15k|2381k|  2 | 155 |  37 |-1.981836e+12 | 7.654407e+06 |    Inf | unknown
 5746s| 11300 | 11263 | 13475k|1189.7 |  3026M | 121 |6003 |  66 |  14k|2400k|  2 | 157 |  37 |-1.981836e+12 | 7.654407e+06 |    Inf | unknown
 5780s| 11400 | 11363 | 13615k|1191.5 |  3039M | 121 |6003 |  66 |  14k|2422k|  0 | 159 |  37 |-1.981836e+12 | 7.654407e+06 |    Inf | unknown
 5817s| 11500 | 11451 | 13750k|1192.9 |  3048M | 121 |6003 |  69 |  14k|2440k|  2 | 162 |  37 |-1.981836e+12 | 7.654407e+06 |    Inf | unknown
 5859s| 11600 | 11551 | 13861k|1192.2 |  3259M | 121 |6003 |  69 |  15k|2461k|  2 | 163 |  37 |-1.981836e+12 | 7.654407e+06 |    Inf | unknown
 5887s| 11700 | 11651 | 13964k|1190.8 |  3271M | 121 |6003 |  70 |  15k|2483k|  2 | 164 |  37 |-1.981836e+12 | 7.654407e+06 |    Inf | unknown
 5938s| 11800 | 11751 | 14093k|1191.7 |  3281M | 121 |6003 |  66 |  15k|2504k|  2 | 165 |  37 |-1.981836e+12 | 7.654407e+06 |    Inf | unknown
 time | node  | left  |LP iter|LP it/n|mem/heur|mdpt |vars |cons |rows |cuts |sepa|confs|strbr|  dualbound   | primalbound  |  gap   | compl. 
 5963s| 11900 | 11851 | 14200k|1190.7 |  3293M | 121 |6003 |  69 |  15k|2526k|  2 | 168 |  37 |-1.981836e+12 | 7.654407e+06 |    Inf | unknown
 5984s| 12000 | 11947 | 14322k|1190.9 |  3303M | 121 |6003 |  69 |  18k|2547k|  2 | 168 |  37 |-1.981836e+12 | 7.654407e+06 |    Inf | unknown
 6021s| 12100 | 12047 | 14403k|1187.7 |  3315M | 121 |6003 |  71 |  13k|2568k|  5 | 170 |  37 |-1.981836e+12 | 7.654407e+06 |    Inf | unknown
 6061s| 12200 | 12147 | 14503k|1186.2 |  3326M | 121 |6003 |  71 |  13k|2591k|  2 | 171 |  37 |-1.981836e+12 | 7.654407e+06 |    Inf | unknown
 6104s| 12300 | 12245 | 14597k|1184.2 |  3337M | 121 |6003 |  73 |  14k|2612k|  2 | 173 |  37 |-1.981836e+12 | 7.654407e+06 |    Inf | unknown
 6123s| 12400 | 12341 | 14706k|1183.4 |  3351M | 121 |6003 |  75 |  14k|2633k|  0 | 175 |  37 |-1.981836e+12 | 7.654407e+06 |    Inf | unknown
 6158s| 12500 | 12425 | 14798k|1181.3 |  3362M | 121 |6003 |  73 |  14k|2652k|  2 | 175 |  37 |-1.981836e+12 | 7.654407e+06 |    Inf | unknown
 6200s| 12600 | 12525 | 14878k|1178.3 |  3375M | 121 |6003 |  61 |  13k|2673k|  2 | 177 |  37 |-1.981836e+12 | 7.654407e+06 |    Inf | unknown
 6229s| 12700 | 12619 | 14972k|1176.4 |  3384M | 121 |6003 |  61 |  13k|2693k|  3 | 177 |  37 |-1.981836e+12 | 7.654407e+06 |    Inf | unknown
 6273s| 12800 | 12719 | 15057k|1173.9 |  3398M | 121 |6003 |  61 |  14k|2716k|  2 | 179 |  37 |-1.981836e+12 | 7.654407e+06 |    Inf | unknown
 6298s| 12900 | 12801 | 15183k|1174.6 |  3408M | 121 |6003 |  60 |  15k|2733k|  2 | 181 |  37 |-1.981836e+12 | 7.654407e+06 |    Inf | unknown
 6334s| 13000 | 12897 | 15324k|1176.3 |  3420M | 121 |6003 |  58 |  14k|2753k|  2 | 181 |  37 |-1.981836e+12 | 7.654407e+06 |    Inf | unknown
 6368s| 13100 | 12997 | 15413k|1174.2 |  3431M | 121 |6003 |  58 |  15k|2775k|  2 | 182 |  37 |-1.981836e+12 | 7.654407e+06 |    Inf | unknown
 6423s| 13200 | 13089 | 15515k|1173.0 |  3444M | 121 |6003 |  56 |  15k|2794k|  2 | 184 |  37 |-1.981836e+12 | 7.654407e+06 |    Inf | unknown
 6464s| 13300 | 13189 | 15660k|1175.1 |  3457M | 121 |6003 |  56 |  13k|2815k|  2 | 186 |  37 |-1.981836e+12 | 7.654407e+06 |    Inf | unknown
 time | node  | left  |LP iter|LP it/n|mem/heur|mdpt |vars |cons |rows |cuts |sepa|confs|strbr|  dualbound   | primalbound  |  gap   | compl. 
 6507s| 13400 | 13289 | 15735k|1171.9 |  3469M | 121 |6003 |  56 |  14k|2836k|  2 | 187 |  37 |-1.981836e+12 | 7.654407e+06 |    Inf | unknown
 6549s| 13500 | 13389 | 15822k|1169.7 |  3833M | 121 |6003 |  58 |  13k|2856k|  2 | 189 |  37 |-1.981836e+12 | 7.654407e+06 |    Inf | unknown
 6569s| 13600 | 13489 | 15884k|1165.7 |  3846M | 121 |6003 |  59 |  17k|2878k|  2 | 190 |  37 |-1.981836e+12 | 7.654407e+06 |    Inf | unknown
 6616s| 13700 | 13589 | 15962k|1162.8 |  3860M | 121 |6003 |  61 |  14k|2899k|  2 | 192 |  37 |-1.981836e+12 | 7.654407e+06 |    Inf | unknown
 6644s| 13800 | 13689 | 16038k|1159.9 |  3874M | 121 |6003 |  61 |  14k|2920k|  3 | 193 |  37 |-1.981836e+12 | 7.654407e+06 |    Inf | unknown
 6696s| 13900 | 13787 | 16145k|1159.3 |  3886M | 121 |6003 |  29 |  15k|2940k|  2 | 195 |  37 |-1.981836e+12 | 7.654407e+06 |    Inf | unknown
 6748s| 14000 | 13887 | 16220k|1156.3 |  3898M | 121 |6003 |  31 |  14k|2962k|  2 | 197 |  37 |-1.981836e+12 | 7.654407e+06 |    Inf | unknown
 6780s| 14100 | 13981 | 16389k|1160.2 |  3911M | 121 |6003 |  32 |   0 |2981k|  0 | 198 |  37 |-1.981836e+12 | 7.654407e+06 |    Inf | unknown
 6816s| 14200 | 14075 | 16459k|1156.9 |  3922M | 121 |6003 |  33 |  14k|3001k|  2 | 199 |  37 |-1.981836e+12 | 7.654407e+06 |    Inf | unknown
 6874s| 14300 | 14175 | 16532k|1153.9 |  3934M | 121 |6003 |  35 |  14k|3022k|  2 | 201 |  37 |-1.981836e+12 | 7.654407e+06 |    Inf | unknown
 6912s| 14400 | 14275 | 16618k|1151.8 |  3946M | 121 |6003 |  35 |  16k|3042k|  2 | 202 |  37 |-1.981836e+12 | 7.654407e+06 |    Inf | unknown
 6954s| 14500 | 14375 | 16689k|1148.8 |  3959M | 121 |6003 |  36 |  14k|3064k|  2 | 204 |  37 |-1.981836e+12 | 7.654407e+06 |    Inf | unknown
 7005s| 14600 | 14475 | 16783k|1147.3 |  3970M | 121 |6003 |  38 |  13k|3085k|  2 | 206 |  37 |-1.981836e+12 | 7.654407e+06 |    Inf | unknown
 7052s| 14700 | 14575 | 16873k|1145.7 |  3983M | 121 |6003 |  38 |  15k|3107k|  2 | 206 |  37 |-1.981836e+12 | 7.654407e+06 |    Inf | unknown
 7085s| 14800 | 14675 | 16978k|1145.0 |  3994M | 121 |6003 |  39 |  14k|3128k|  2 | 208 |  37 |-1.981836e+12 | 7.654407e+06 |    Inf | unknown
 time | node  | left  |LP iter|LP it/n|mem/heur|mdpt |vars |cons |rows |cuts |sepa|confs|strbr|  dualbound   | primalbound  |  gap   | compl. 
 7130s| 14900 | 14775 | 17092k|1145.0 |  4006M | 121 |6003 |  39 |  16k|3148k|  2 | 208 |  37 |-1.981836e+12 | 7.654407e+06 |    Inf | unknown
 7166s| 15000 | 14871 | 17212k|1145.4 |  4016M | 121 |6003 |  39 |  17k|3169k|  2 | 208 |  37 |-1.981836e+12 | 7.654407e+06 |    Inf | unknown
 7204s| 15100 | 14965 | 17353k|1147.1 |  4027M | 121 |6003 |  38 |  17k|3189k|  2 | 210 |  37 |-1.981836e+12 | 7.654407e+06 |    Inf | unknown
 7241s| 15200 | 15065 | 17506k|1149.6 |  4044M | 121 |6003 |  39 |  14k|3209k|  2 | 212 |  37 |-1.981836e+12 | 7.654407e+06 |    Inf | unknown
 7267s| 15300 | 15163 | 17615k|1149.3 |  4055M | 121 |6003 |  38 |  19k|3229k|  2 | 212 |  37 |-1.981836e+12 | 7.654407e+06 |    Inf | unknown
 7311s| 15400 | 15263 | 17719k|1148.5 |  4063M | 121 |6003 |  38 |  16k|3250k|  2 | 213 |  37 |-1.981836e+12 | 7.654407e+06 |    Inf | unknown
 7352s| 15500 | 15361 | 17819k|1147.6 |  4212M | 121 |6003 |  40 |  14k|3270k|  2 | 215 |  37 |-1.981836e+12 | 7.654407e+06 |    Inf | unknown
 7383s| 15600 | 15461 | 17909k|1146.0 |  4226M | 121 |6003 |  40 |  16k|3291k|  3 | 216 |  37 |-1.981836e+12 | 7.654407e+06 |    Inf | unknown
 7438s| 15700 | 15561 | 18019k|1145.7 |  4236M | 121 |6003 |  40 |  14k|3312k|  2 | 217 |  37 |-1.981836e+12 | 7.654407e+06 |    Inf | unknown
 7486s| 15800 | 15661 | 18122k|1145.0 |  4250M | 121 |6003 |  42 |  13k|3333k|  2 | 220 |  37 |-1.981836e+12 | 7.654407e+06 |    Inf | unknown
 7520s| 15900 | 15761 | 18207k|1143.1 |  4261M | 121 |6003 |  42 |  17k|3355k|  2 | 220 |  37 |-1.981836e+12 | 7.654407e+06 |    Inf | unknown
 7558s| 16000 | 15861 | 18316k|1142.8 |  4272M | 121 |6003 |  44 |  16k|3377k|  3 | 222 |  37 |-1.981836e+12 | 7.654407e+06 |    Inf | unknown
 7587s| 16100 | 15961 | 18416k|1141.9 |  4284M | 121 |6003 |  45 |  19k|3398k|  2 | 224 |  37 |-1.981836e+12 | 7.654407e+06 |    Inf | unknown
 7632s| 16200 | 16061 | 18548k|1143.0 |  4577M | 121 |6003 |  45 |  17k|3420k|  2 | 224 |  37 |-1.981836e+12 | 7.654407e+06 |    Inf | unknown
 7686s| 16300 | 16161 | 18627k|1140.8 |  4589M | 121 |6003 |  46 |  15k|3441k|  2 | 225 |  37 |-1.981836e+12 | 7.654407e+06 |    Inf | unknown
 time | node  | left  |LP iter|LP it/n|mem/heur|mdpt |vars |cons |rows |cuts |sepa|confs|strbr|  dualbound   | primalbound  |  gap   | compl. 
 7722s| 16400 | 16261 | 18715k|1139.3 |  4599M | 121 |6003 |  47 |  18k|3463k|  2 | 226 |  37 |-1.981836e+12 | 7.654407e+06 |    Inf | unknown
 7776s| 16500 | 16361 | 18818k|1138.6 |  4611M | 121 |6003 |  48 |  16k|3484k|  3 | 228 |  37 |-1.981836e+12 | 7.654407e+06 |    Inf | unknown
 7818s| 16600 | 16461 | 18910k|1137.3 |  4623M | 121 |6003 |  49 |  15k|3505k|  2 | 230 |  37 |-1.981836e+12 | 7.654407e+06 |    Inf | unknown
 7841s| 16700 | 16561 | 19002k|1136.0 |  4633M | 121 |6003 |  51 |  14k|3526k|  2 | 232 |  37 |-1.981836e+12 | 7.654407e+06 |    Inf | unknown
 7874s| 16800 | 16661 | 19152k|1138.1 |  4645M | 121 |6003 |  51 |  19k|3549k|  2 | 232 |  37 |-1.981836e+12 | 7.654407e+06 |    Inf | unknown
 7911s| 16900 | 16761 | 19247k|1137.0 |  4657M | 121 |6003 |  51 |  19k|3570k|  2 | 232 |  37 |-1.981836e+12 | 7.654407e+06 |    Inf | unknown
 7938s| 17000 | 16861 | 19332k|1135.3 |  4666M | 121 |6003 |  53 |  19k|3591k|  2 | 234 |  37 |-1.981836e+12 | 7.654407e+06 |    Inf | unknown
 7991s| 17100 | 16957 | 19478k|1137.2 |  4676M | 121 |6003 |  49 |  11k|3611k|  2 | 234 |  37 |-1.981836e+12 | 7.654407e+06 |    Inf | unknown
 8034s| 17200 | 17057 | 19573k|1136.1 |  4688M | 121 |6003 |  47 |  18k|3633k|  2 | 235 |  37 |-1.981836e+12 | 7.654407e+06 |    Inf | unknown
 8088s| 17300 | 17157 | 19685k|1136.0 |  4699M | 121 |6003 |  48 |  18k|3653k|  2 | 236 |  37 |-1.981836e+12 | 7.654407e+06 |    Inf | unknown
 8149s| 17400 | 17257 | 19809k|1136.6 |  4709M | 121 |6003 |  49 |  14k|3675k|  2 | 237 |  37 |-1.981836e+12 | 7.654407e+06 |    Inf | unknown
 8171s| 17500 | 17357 | 19896k|1135.1 |  4722M | 121 |6003 |  51 |  15k|3696k|  2 | 239 |  37 |-1.981836e+12 | 7.654407e+06 |    Inf | unknown
 8223s| 17600 | 17457 | 20010k|1135.2 |  4733M | 121 |6003 |  51 |  18k|3718k|  2 | 240 |  37 |-1.981836e+12 | 7.654407e+06 |    Inf | unknown
 8265s| 17700 | 17557 | 20098k|1133.7 |  4743M | 121 |6003 |  51 |  11k|3739k|  2 | 241 |  37 |-1.981836e+12 | 7.654407e+06 |    Inf | unknown
 8287s| 17800 | 17657 | 20151k|1130.3 |  4756M | 121 |6003 |  52 |  16k|3761k|  2 | 242 |  37 |-1.981836e+12 | 7.654407e+06 |    Inf | unknown
 time | node  | left  |LP iter|LP it/n|mem/heur|mdpt |vars |cons |rows |cuts |sepa|confs|strbr|  dualbound   | primalbound  |  gap   | compl. 
 8317s| 17900 | 17757 | 20235k|1128.7 |  4766M | 121 |6003 |  53 |  18k|3783k|  2 | 243 |  37 |-1.981836e+12 | 7.654407e+06 |    Inf | unknown
 8360s| 18000 | 17857 | 20352k|1128.9 |  4774M | 121 |6003 |  54 |  18k|3804k|  2 | 244 |  37 |-1.981836e+12 | 7.654407e+06 |    Inf | unknown
 8403s| 18100 | 17957 | 20474k|1129.4 |  4784M | 121 |6003 |  54 |  16k|3826k|  2 | 244 |  37 |-1.981836e+12 | 7.654407e+06 |    Inf | unknown
 8450s| 18200 | 18049 | 20643k|1132.5 |  4795M | 121 |6003 |  54 |  16k|3845k|  2 | 244 |  37 |-1.981836e+12 | 7.654407e+06 |    Inf | unknown
 8504s| 18300 | 18149 | 20751k|1132.2 |  4808M | 121 |6003 |  54 |  16k|3867k|  2 | 246 |  37 |-1.981836e+12 | 7.654407e+06 |    Inf | unknown
 8542s| 18400 | 18249 | 20825k|1130.1 |  4818M | 121 |6003 |  56 |  18k|3888k|  2 | 248 |  37 |-1.981836e+12 | 7.654407e+06 |    Inf | unknown
 8589s| 18500 | 18349 | 20976k|1132.2 |  4828M | 121 |6003 |  55 |  18k|3909k|  2 | 249 |  37 |-1.981836e+12 | 7.654407e+06 |    Inf | unknown
 8649s| 18600 | 18449 | 21139k|1134.8 |  4836M | 121 |6003 |  55 |  19k|3930k|  2 | 250 |  37 |-1.981836e+12 | 7.654407e+06 |    Inf | unknown
 8682s| 18700 | 18549 | 21251k|1134.7 |  4846M | 121 |6003 |  57 |  16k|3953k|  2 | 252 |  37 |-1.981836e+12 | 7.654407e+06 |    Inf | unknown
 8735s| 18800 | 18649 | 21346k|1133.8 |  5022M | 121 |6003 |  57 |  13k|3974k|  2 | 253 |  37 |-1.981836e+12 | 7.654407e+06 |    Inf | unknown
 8787s| 18900 | 18749 | 21482k|1135.0 |  5036M | 121 |6003 |  57 |  19k|3996k|  2 | 254 |  37 |-1.981836e+12 | 7.654407e+06 |    Inf | unknown
 8829s| 19000 | 18849 | 21573k|1133.8 |  5047M | 121 |6003 |  59 |  14k|4017k|  2 | 256 |  37 |-1.981836e+12 | 7.654407e+06 |    Inf | unknown
 8891s| 19100 | 18949 | 21658k|1132.3 |  5058M | 121 |6003 |  56 |  18k|4039k|  2 | 257 |  37 |-1.981836e+12 | 7.654407e+06 |    Inf | unknown
 8940s| 19200 | 19049 | 21759k|1131.6 |  5413M | 121 |6003 |  55 |  16k|4063k|  2 | 257 |  37 |-1.981836e+12 | 7.654407e+06 |    Inf | unknown
 8981s| 19300 | 19149 | 21852k|1130.6 |  5424M | 121 |6003 |  57 |  17k|4084k|  2 | 259 |  37 |-1.981836e+12 | 7.654407e+06 |    Inf | unknown
 time | node  | left  |LP iter|LP it/n|mem/heur|mdpt |vars |cons |rows |cuts |sepa|confs|strbr|  dualbound   | primalbound  |  gap   | compl. 
 9025s| 19400 | 19249 | 21947k|1129.7 |  5435M | 121 |6003 |  58 |  14k|4105k|  2 | 261 |  37 |-1.981836e+12 | 7.654407e+06 |    Inf | unknown
 9062s| 19500 | 19343 | 22068k|1130.1 |  5447M | 121 |6003 |  58 |  15k|4126k|  2 | 261 |  37 |-1.981836e+12 | 7.654407e+06 |    Inf | unknown
 9093s| 19600 | 19443 | 22192k|1130.7 |  5456M | 121 |6003 |  60 |  20k|4147k|  2 | 263 |  37 |-1.981836e+12 | 7.654407e+06 |    Inf | unknown
 9139s| 19700 | 19539 | 22337k|1132.3 |  5467M | 121 |6003 |  59 |  15k|4167k|  2 | 264 |  37 |-1.981836e+12 | 7.654407e+06 |    Inf | unknown
 9177s| 19800 | 19639 | 22448k|1132.1 |  5478M | 121 |6003 |  58 |  19k|4189k|  4 | 265 |  37 |-1.981836e+12 | 7.654407e+06 |    Inf | unknown
 9216s| 19900 | 19739 | 22582k|1133.2 |  5493M | 121 |6003 |  59 |  15k|4210k|  2 | 266 |  37 |-1.981836e+12 | 7.654407e+06 |    Inf | unknown
 9267s| 20000 | 19839 | 22664k|1131.6 |  5505M | 121 |6003 |  61 |  15k|4231k|  2 | 268 |  37 |-1.981836e+12 | 7.654407e+06 |    Inf | unknown
 9307s| 20100 | 19939 | 22785k|1132.0 |  5515M | 121 |6003 |  61 |  17k|4252k|  2 | 269 |  37 |-1.981836e+12 | 7.654407e+06 |    Inf | unknown
 9350s| 20200 | 20039 | 22900k|1132.1 |  5526M | 121 |6003 |  60 |  17k|4274k|  2 | 270 |  37 |-1.981836e+12 | 7.654407e+06 |    Inf | unknown
 9401s| 20300 | 20139 | 23013k|1132.1 |  5537M | 121 |6003 |  62 |  15k|4295k|  2 | 272 |  37 |-1.981836e+12 | 7.654407e+06 |    Inf | unknown
 9420s| 20400 | 20237 | 23147k|1133.1 |  5548M | 121 |6003 |  62 |  17k|4315k|  2 | 273 |  37 |-1.981836e+12 | 7.654407e+06 |    Inf | unknown
 9472s| 20500 | 20337 | 23260k|1133.1 |  5562M | 121 |6003 |  62 |  15k|4336k|  2 | 274 |  37 |-1.981836e+12 | 7.654407e+06 |    Inf | unknown
 9510s| 20600 | 20437 | 23385k|1133.7 |  5573M | 121 |6003 |  62 |  19k|4357k|  2 | 275 |  37 |-1.981836e+12 | 7.654407e+06 |    Inf | unknown
 9539s| 20700 | 20537 | 23516k|1134.5 |  5584M | 121 |6003 |  62 |  16k|4378k|  2 | 276 |  37 |-1.981836e+12 | 7.654407e+06 |    Inf | unknown
 9584s| 20800 | 20635 | 23620k|1134.1 |  5595M | 121 |6003 |  62 |  17k|4400k|  2 | 277 |  37 |-1.981836e+12 | 7.654407e+06 |    Inf | unknown
 time | node  | left  |LP iter|LP it/n|mem/heur|mdpt |vars |cons |rows |cuts |sepa|confs|strbr|  dualbound   | primalbound  |  gap   | compl. 
 9641s| 20900 | 20735 | 23725k|1133.7 |  5606M | 121 |6003 |  63 |  16k|4421k|  3 | 278 |  37 |-1.981836e+12 | 7.654407e+06 |    Inf | unknown
 9686s| 21000 | 20835 | 23861k|1134.7 |  5613M | 121 |6003 |  63 |  17k|4443k|  2 | 279 |  37 |-1.981836e+12 | 7.654407e+06 |    Inf | unknown
 9735s| 21100 | 20935 | 23972k|1134.6 |  5626M | 121 |6003 |  65 |  16k|4464k|  2 | 281 |  37 |-1.981836e+12 | 7.654407e+06 |    Inf | unknown
 9777s| 21200 | 21035 | 24114k|1136.0 |  5636M | 121 |6003 |  66 |  19k|4485k|  2 | 282 |  37 |-1.981836e+12 | 7.654407e+06 |    Inf | unknown
 9805s| 21300 | 21135 | 24221k|1135.7 |  5647M | 121 |6003 |  66 |  15k|4507k|  2 | 283 |  37 |-1.981836e+12 | 7.654407e+06 |    Inf | unknown
 9845s| 21400 | 21235 | 24327k|1135.3 |  5661M | 121 |6003 |  68 |  16k|4527k|  2 | 285 |  37 |-1.981836e+12 | 7.654407e+06 |    Inf | unknown
 9875s| 21500 | 21335 | 24467k|1136.6 |  5670M | 121 |6003 |  69 |  20k|4549k|  2 | 286 |  37 |-1.981836e+12 | 7.654407e+06 |    Inf | unknown
 9908s| 21600 | 21425 | 24610k|1137.9 |  5681M | 121 |6003 |  68 |  17k|4569k|  2 | 286 |  37 |-1.981836e+12 | 7.654407e+06 |    Inf | unknown
 9962s| 21700 | 21525 | 24723k|1137.8 |  5689M | 121 |6003 |  68 |  20k|4590k|  2 | 287 |  37 |-1.981836e+12 | 7.654407e+06 |    Inf | unknown
 9985s| 21800 | 21625 | 24812k|1136.7 |  5702M | 121 |6003 |  69 |  15k|4615k|  2 | 288 |  37 |-1.981836e+12 | 7.654407e+06 |    Inf | unknown
  167m| 21900 | 21725 | 24930k|1136.9 |  5711M | 121 |6003 |  67 |  19k|4637k|  2 | 289 |  37 |-1.981836e+12 | 7.654407e+06 |    Inf | unknown
  168m| 22000 | 21825 | 25059k|1137.6 |  5723M | 121 |6003 |  65 |  14k|4659k|  3 | 290 |  37 |-1.981836e+12 | 7.654407e+06 |    Inf | unknown
  169m| 22100 | 21923 | 25184k|1138.1 |  5731M | 121 |6003 |  66 |  15k|4679k|  2 | 291 |  37 |-1.981836e+12 | 7.654407e+06 |    Inf | unknown
  170m| 22200 | 22023 | 25302k|1138.3 |  5744M | 121 |6003 |  67 |  15k|4702k|  3 | 293 |  37 |-1.981836e+12 | 7.654407e+06 |    Inf | unknown
  170m| 22300 | 22123 | 25399k|1137.6 |  5757M | 121 |6003 |  68 |  16k|4723k|  2 | 295 |  37 |-1.981836e+12 | 7.654407e+06 |    Inf | unknown
 time | node  | left  |LP iter|LP it/n|mem/heur|mdpt |vars |cons |rows |cuts |sepa|confs|strbr|  dualbound   | primalbound  |  gap   | compl. 
  171m| 22400 | 22223 | 25497k|1136.8 |  5768M | 121 |6003 |  67 |  14k|4745k|  3 | 296 |  37 |-1.981836e+12 | 7.654407e+06 |    Inf | unknown
  172m| 22500 | 22323 | 25589k|1135.9 |  5782M | 121 |6003 |  66 |  17k|4767k|  2 | 297 |  37 |-1.981836e+12 | 7.654407e+06 |    Inf | unknown
  173m| 22600 | 22423 | 25763k|1138.6 |  5793M | 121 |6003 |  67 |  18k|4791k|  3 | 298 |  37 |-1.981836e+12 | 7.654407e+06 |    Inf | unknown
  174m| 22700 | 22523 | 25946k|1141.6 |  5807M | 121 |6003 |  66 |  15k|4814k|  3 | 298 |  37 |-1.981836e+12 | 7.654407e+06 |    Inf | unknown
  174m| 22800 | 22623 | 26068k|1142.0 |  5819M | 121 |6003 |  68 |  15k|4835k|  2 | 300 |  37 |-1.981836e+12 | 7.654407e+06 |    Inf | unknown
  175m| 22900 | 22723 | 26180k|1141.9 |  5831M | 121 |6003 |  66 |  14k|4857k|  2 | 301 |  37 |-1.981836e+12 | 7.654407e+06 |    Inf | unknown
  176m| 23000 | 22823 | 26312k|1142.6 |  5842M | 121 |6003 |  67 |  13k|4881k|  2 | 302 |  37 |-1.981836e+12 | 7.654407e+06 |    Inf | unknown
  176m| 23100 | 22923 | 26380k|1140.6 |  6462M | 121 |6003 |  68 |  18k|4902k|  2 | 303 |  37 |-1.981836e+12 | 7.654407e+06 |    Inf | unknown
  177m| 23200 | 23021 | 26514k|1141.5 |  6473M | 121 |6003 |  66 |  15k|4924k|  2 | 304 |  37 |-1.981836e+12 | 7.654407e+06 |    Inf | unknown
  178m| 23300 | 23121 | 26627k|1141.4 |  6484M | 121 |6003 |  68 |  15k|4947k|  2 | 306 |  37 |-1.981836e+12 | 7.654407e+06 |    Inf | unknown
  178m| 23400 | 23219 | 26782k|1143.2 |  6493M | 121 |6003 |  68 |  15k|4970k|  2 | 307 |  37 |-1.981836e+12 | 7.654407e+06 |    Inf | unknown
  179m| 23500 | 23305 | 26949k|1145.4 |  6504M | 121 |6003 |  67 |   0 |4988k|  0 | 307 |  37 |-1.981836e+12 | 7.654407e+06 |    Inf | unknown
  180m| 23600 | 23385 | 27065k|1145.5 |  6514M | 121 |6003 |  69 |  13k|5007k|  2 | 309 |  37 |-1.981836e+12 | 7.654407e+06 |    Inf | unknown

SCIP Status        : solving was interrupted [time limit reached]
Solving Time (sec) : 10800.02
Solving Nodes      : 23622
Primal Bound       : +7.65440726878941e+06 (1 solutions)
Dual Bound         : -1.98183610853379e+12
Gap                : infinite

