Solver command line: ['/cvmfs/soft.computecanada.ca/easybuild/software/2023/x86-64-v4/Compiler/gcc12/scipoptsuite/9.0.0/bin/scip', '/tmp/tmpd0xvp0q1.pyomo', '-AMPL']

SCIP version 9.0.0 [precision: 8 byte] [memory: block] [mode: optimized] [LP solver: Soplex 7.0.0] [GitHash: 7205bedd94]
Copyright (c) 2002-2024 Zuse Institute Berlin (ZIB)

External libraries: 
  Readline 8.1         GNU library for command line editing (gnu.org/s/readline)
  Soplex 7.0.0         Linear Programming Solver developed at Zuse Institute Berlin (soplex.zib.de) [GitHash: 6657fb3b]
  CppAD 20180000.0     Algorithmic Differentiation of C++ algorithms developed by B. Bell (github.com/coin-or/CppAD)
  ZLIB 1.2.13          General purpose compression library by J. Gailly and M. Adler (zlib.net)
  GMP 6.2.1            GNU Multiple Precision Arithmetic Library developed by T. Granlund (gmplib.org)
  ZIMPL 3.5.3          Zuse Institute Mathematical Programming Language developed by T. Koch (zimpl.zib.de)
  AMPL/MP 690e9e7      AMPL .nl file reader library (github.com/ampl/mp)
  PaPILO 2.2.0         parallel presolve for integer and linear optimization (github.com/scipopt/papilo) (built with TBB) [GitHash: df30ae49]
  bliss 0.77           Computing Graph Automorphisms by T. Junttila and P. Kaski (users.aalto.fi/~tjunttil/bliss)
  sassy 1.1            Symmetry preprocessor by Markus Anders (github.com/markusa4/sassy)
  Ipopt 3.14.14        Interior Point Optimizer developed by A. Waechter et.al. (github.com/coin-or/Ipopt)

reading user parameter file <scip.set>
===========================

limits/time = 10800

read problem </tmp/tmpd0xvp0q1.pyomo.nl>
============

original problem has 2001 variables (0 bin, 1000 int, 0 impl, 1001 cont) and 5 constraints

solve problem
=============

presolving:
(round 1, fast)       0 del vars, 0 del conss, 0 add conss, 2001 chg bounds, 1 chg sides, 0 chg coeffs, 0 upgd conss, 0 impls, 0 clqs
   (0.1s) symmetry computation started: requiring (bin +, int +, cont +), (fixed: bin -, int -, cont -)
   (0.1s) no symmetry present (symcode time: 0.00)
presolving (2 rounds: 2 fast, 1 medium, 1 exhaustive):
 0 deleted vars, 0 deleted constraints, 0 added constraints, 2001 tightened bounds, 0 added holes, 1 changed sides, 0 changed coefficients
 0 implications, 0 cliques
presolved problem has 2001 variables (0 bin, 1000 int, 0 impl, 1001 cont) and 5 constraints
      3 constraints of type <linear>
      2 constraints of type <nonlinear>
Presolving Time: 0.12

(node 1) unresolved numerical troubles in LP 3 -- using pseudo solution instead (loop 1)
 time | node  | left  |LP iter|LP it/n|mem/heur|mdpt |vars |cons |rows |cuts |sepa|confs|strbr|  dualbound   | primalbound  |  gap   | compl. 
p11.9s|     1 |     0 |  3000 |     - |shiftand|   0 |6003 |   5 |6005 |   0 |  0 |   0 |   0 |-8.166144e+10 | 7.369195e+03 |    Inf | unknown
 11.9s|     1 |     2 |  3000 |     - |   141M |   0 |6003 |   5 |6005 |   0 |  0 |   0 |   0 |-8.166144e+10 | 7.369195e+03 |    Inf | unknown
  113s|   100 |   101 |254257 |2548.1 |   190M |  21 |6003 |   6 |9816 |  20k|  2 |   1 |   0 |-8.166144e+10 | 7.369195e+03 |    Inf | unknown
  187s|   200 |   201 |566439 |2836.4 |   205M |  29 |6003 |   8 |7924 |  40k|  1 |   3 |   0 |-8.166144e+10 | 7.369195e+03 |    Inf | unknown
  246s|   300 |   301 |884818 |2952.6 |   233M |  29 |6003 |  11 |7368 |  60k|  2 |   6 |   0 |-8.166144e+10 | 7.369195e+03 |    Inf | unknown
  265s|   400 |   387 |  1147k|2870.6 |   245M |  29 |6003 |  12 |6927 |  78k|  2 |   7 |   0 |-8.166144e+10 | 7.369195e+03 |    Inf | unknown
  312s|   500 |   469 |  1334k|2669.7 |   259M |  29 |6003 |  13 |9579 |  95k|  2 |   8 |   0 |-8.166144e+10 | 7.369195e+03 |    Inf | unknown
  361s|   600 |   545 |  1543k|2573.5 |   304M |  29 |6003 |  14 |7786 | 111k|  1 |   9 |   0 |-8.166144e+10 | 7.369195e+03 |    Inf |   0.21%
  386s|   700 |   611 |  1883k|2692.1 |   314M |  29 |6003 |  13 |9504 | 126k|  2 |   9 |   0 |-8.166144e+10 | 7.369195e+03 |    Inf |   0.39%
  417s|   800 |   677 |  2074k|2593.7 |   343M |  29 |6003 |  13 |6814 | 139k|  2 |   9 |   0 |-8.166144e+10 | 7.369195e+03 |    Inf |   0.47%
  437s|   900 |   749 |  2342k|2603.6 |   353M |  29 |6003 |  15 |8093 | 155k|  2 |  11 |   0 |-8.166144e+10 | 7.369195e+03 |    Inf |   0.60%
  478s|  1000 |   835 |  2686k|2687.2 |   382M |  29 |6003 |  15 |7631 | 173k|  2 |  11 |   0 |-8.166144e+10 | 7.369195e+03 |    Inf |   0.73%
  522s|  1100 |   921 |  2969k|2699.9 |   393M |  30 |6003 |  16 |  10k| 191k|  0 |  12 |   0 |-8.166144e+10 | 7.369195e+03 |    Inf |   0.74%
  546s|  1200 |   993 |  3197k|2664.8 |   434M |  31 |6003 |  16 |   0 | 207k|  0 |  12 |   0 |-8.166144e+10 | 7.369195e+03 |    Inf |   0.82%
  575s|  1300 |  1027 |  3575k|2750.6 |   440M |  31 |6003 |  15 |7418 | 216k|  2 |  12 |   0 |-8.166144e+10 | 7.369195e+03 |    Inf |   0.86%
 time | node  | left  |LP iter|LP it/n|mem/heur|mdpt |vars |cons |rows |cuts |sepa|confs|strbr|  dualbound   | primalbound  |  gap   | compl. 
  620s|  1400 |  1111 |  3774k|2696.9 |   451M |  31 |6003 |  16 |7941 | 234k|  2 |  13 |   0 |-8.166144e+10 | 7.369195e+03 |    Inf |   1.14%
  643s|  1500 |  1171 |  4050k|2700.8 |   473M |  31 |6003 |  16 |   0 | 247k|  0 |  13 |   0 |-8.166144e+10 | 7.369195e+03 |    Inf |   1.25%
  664s|  1600 |  1211 |  4437k|2774.0 |   479M |  31 |6003 |  17 |   0 | 256k|  0 |  14 |   0 |-8.166144e+10 | 7.369195e+03 |    Inf |   1.61%
  674s|  1700 |  1217 |  4739k|2788.2 |   481M |  45 |6003 |  17 |7363 | 258k|  0 |  14 |   0 |-8.166144e+10 | 7.369195e+03 |    Inf |   1.80%
  689s|  1800 |  1275 |  5095k|2831.3 |   490M |  49 |6003 |  17 |   0 | 272k|  0 |  14 |   0 |-8.166144e+10 | 7.369195e+03 |    Inf |   2.01%
  698s|  1900 |  1275 |  5360k|2822.0 |   490M |  77 |6003 |  16 |   0 | 272k|  0 |  14 |   0 |-8.166144e+10 | 7.369195e+03 |    Inf |   2.01%
  711s|  2000 |  1279 |  5692k|2846.6 |   491M |  77 |6003 |  16 |   0 | 274k|  0 |  14 |   0 |-8.166144e+10 | 7.369195e+03 |    Inf |   2.01%
  737s|  2100 |  1281 |  6265k|2984.2 |   492M |  79 |6003 |  16 |  13k| 276k|  0 |  14 |   0 |-8.166144e+10 | 7.369195e+03 |    Inf |   2.01%
  773s|  2200 |  1305 |  7068k|3213.6 |   497M |  79 |6003 |  16 |  14k| 284k|  2 |  14 |   0 |-8.166144e+10 | 7.369195e+03 |    Inf |   2.01%
  809s|  2300 |  1319 |  7737k|3364.7 |   499M |  79 |6003 |  16 |  13k| 289k|  0 |  14 |   0 |-8.166144e+10 | 7.369195e+03 |    Inf |   2.01%
  851s|  2400 |  1351 |  8524k|3552.4 |   503M |  79 |6003 |  17 |  12k| 296k|  0 |  15 |   0 |-8.166144e+10 | 7.369195e+03 |    Inf |   2.01%
  866s|  2500 |  1353 |  8892k|3557.8 |   503M |  81 |6003 |  17 |   0 | 298k|  0 |  15 |   0 |-8.166144e+10 | 7.369195e+03 |    Inf |   2.01%
  886s|  2600 |  1357 |  9355k|3599.0 |   505M |  81 |6003 |  17 |   0 | 300k|  0 |  15 |   0 |-8.166144e+10 | 7.369195e+03 |    Inf |   2.01%
  908s|  2700 |  1407 |  9784k|3624.6 |   511M |  81 |6003 |  17 |  14k| 311k|  1 |  15 |   0 |-8.166144e+10 | 7.369195e+03 |    Inf |   2.01%
  943s|  2800 |  1421 | 10265k|3666.9 |   514M |  81 |6003 |  17 |   0 | 315k|  0 |  15 |   0 |-8.166144e+10 | 7.369195e+03 |    Inf |   2.01%
 time | node  | left  |LP iter|LP it/n|mem/heur|mdpt |vars |cons |rows |cuts |sepa|confs|strbr|  dualbound   | primalbound  |  gap   | compl. 
  960s|  2900 |  1427 | 10664k|3678.1 |   516M |  81 |6003 |  13 |  12k| 317k|  0 |  15 |   0 |-8.166144e+10 | 7.369195e+03 |    Inf |   2.01%
  984s|  3000 |  1431 | 11240k|3747.4 |   517M |  81 |6003 |  13 |  12k| 319k|  0 |  15 |   0 |-8.166144e+10 | 7.369195e+03 |    Inf |   2.01%
 1003s|  3100 |  1435 | 11716k|3780.0 |   519M |  81 |6003 |  13 |   0 | 321k|  0 |  15 |   0 |-8.166144e+10 | 7.369195e+03 |    Inf |   2.01%
 1035s|  3200 |  1467 | 12368k|3865.6 |   523M |  85 |6003 |  14 |  13k| 330k|  0 |  16 |   0 |-8.166144e+10 | 7.369195e+03 |    Inf |   2.01%
 1046s|  3300 |  1499 | 12626k|3826.8 |   528M |  87 |6003 |  14 |   0 | 338k|  0 |  16 |   0 |-8.166144e+10 | 7.369195e+03 |    Inf |   2.01%
 1067s|  3400 |  1505 | 13098k|3853.0 |   530M |  88 |6003 |  14 |  14k| 340k|  0 |  16 |   0 |-8.166144e+10 | 7.369195e+03 |    Inf |   2.01%
 1092s|  3500 |  1505 | 13606k|3888.2 |   530M |  95 |6003 |  14 |   0 | 342k|  0 |  16 |   0 |-8.166144e+10 | 7.369195e+03 |    Inf |   2.01%
 1112s|  3600 |  1521 | 14058k|3905.7 |   534M |  97 |6003 |  14 |  15k| 347k|  0 |  16 |   0 |-8.166144e+10 | 7.369195e+03 |    Inf |   2.01%
 1136s|  3700 |  1531 | 14558k|3935.3 |   534M |  97 |6003 |  14 |  14k| 349k|  0 |  16 |   0 |-8.166144e+10 | 7.369195e+03 |    Inf |   2.01%
 1161s|  3800 |  1547 | 15077k|3968.2 |   537M |  97 |6003 |  14 |  13k| 354k|  2 |  16 |   0 |-8.166144e+10 | 7.369195e+03 |    Inf |   2.01%
 1200s|  3900 |  1555 | 15824k|4058.2 |   539M |  97 |6003 |  14 |  13k| 358k|  0 |  16 |   0 |-8.166144e+10 | 7.369195e+03 |    Inf |   2.01%
 1225s|  4000 |  1561 | 16366k|4092.3 |   540M |  97 |6003 |  14 |   0 | 360k|  0 |  16 |   0 |-8.166144e+10 | 7.369195e+03 |    Inf |   2.01%
 1240s|  4100 |  1563 | 16735k|4082.4 |   540M |  97 |6003 |  14 |  13k| 360k|  0 |  16 |   0 |-8.166144e+10 | 7.369195e+03 |    Inf |   2.01%
 1254s|  4200 |  1567 | 17097k|4071.2 |   541M |  97 |6003 |  14 |   0 | 362k|  0 |  16 |   0 |-8.166144e+10 | 7.369195e+03 |    Inf |   2.01%
 1298s|  4300 |  1623 | 17807k|4141.7 |   547M |  97 |6003 |  14 |   0 | 374k|  0 |  16 |   0 |-8.166144e+10 | 7.369195e+03 |    Inf |   2.01%
 time | node  | left  |LP iter|LP it/n|mem/heur|mdpt |vars |cons |rows |cuts |sepa|confs|strbr|  dualbound   | primalbound  |  gap   | compl. 
 1330s|  4400 |  1629 | 18347k|4170.5 |   547M |  97 |6003 |  14 |   0 | 377k|  0 |  16 |   0 |-8.166144e+10 | 7.369195e+03 |    Inf |   2.01%
 1366s|  4500 |  1641 | 19067k|4237.6 |   551M |  97 |6003 |  14 |  15k| 381k|  2 |  16 |   0 |-8.166144e+10 | 7.369195e+03 |    Inf |   2.01%
 1381s|  4600 |  1643 | 19447k|4228.2 |   553M |  97 |6003 |  14 |   0 | 382k|  0 |  16 |   0 |-8.166144e+10 | 7.369195e+03 |    Inf |   2.01%
 1400s|  4700 |  1647 | 19876k|4229.5 |   553M |  97 |6003 |  14 |  13k| 384k|  0 |  16 |   0 |-8.166144e+10 | 7.369195e+03 |    Inf |   2.01%
 1413s|  4800 |  1649 | 20196k|4208.0 |   553M |  97 |6003 |  14 |   0 | 385k|  0 |  16 |   0 |-8.166144e+10 | 7.369195e+03 |    Inf |   2.01%
 1423s|  4900 |  1653 | 20477k|4179.4 |   554M |  97 |6003 |  14 |   0 | 385k|  0 |  16 |   0 |-8.166144e+10 | 7.369195e+03 |    Inf |   2.01%
 1433s|  5000 |  1653 | 20766k|4153.7 |   554M |  97 |6003 |  14 |   0 | 385k|  0 |  16 |   0 |-8.166144e+10 | 7.369195e+03 |    Inf |   2.01%
 1444s|  5100 |  1653 | 21076k|4133.0 |   554M |  97 |6003 |  13 |   0 | 386k|  0 |  16 |   0 |-8.166144e+10 | 7.369195e+03 |    Inf |   2.01%
 1455s|  5200 |  1653 | 21380k|4112.0 |   554M |  97 |6003 |  13 |   0 | 386k|  0 |  16 |   0 |-8.166144e+10 | 7.369195e+03 |    Inf |   2.01%
 1467s|  5300 |  1655 | 21707k|4096.2 |   555M |  97 |6003 |  13 |   0 | 387k|  0 |  16 |   0 |-8.166144e+10 | 7.369195e+03 |    Inf |   2.01%
 1487s|  5400 |  1659 | 22205k|4112.5 |   557M |  97 |6003 |  13 |  13k| 390k|  1 |  16 |   0 |-8.166144e+10 | 7.369195e+03 |    Inf |   2.01%
 1503s|  5500 |  1663 | 22604k|4110.3 |   559M |  97 |6003 |  13 |  13k| 391k|  0 |  16 |   0 |-8.166144e+10 | 7.369195e+03 |    Inf |   2.01%
 1513s|  5600 |  1663 | 22893k|4088.5 |   559M |  97 |6003 |  13 |  13k| 391k|  0 |  16 |   0 |-8.166144e+10 | 7.369195e+03 |    Inf |   2.01%
 1540s|  5700 |  1701 | 23460k|4116.3 |   563M |  97 |6003 |  13 |  13k| 401k|  2 |  16 |   0 |-8.166144e+10 | 7.369195e+03 |    Inf |   2.01%
 1578s|  5800 |  1727 | 24220k|4176.4 |   567M |  97 |6003 |  14 |   0 | 407k|  0 |  17 |   0 |-8.166144e+10 | 7.369195e+03 |    Inf |   2.01%
 time | node  | left  |LP iter|LP it/n|mem/heur|mdpt |vars |cons |rows |cuts |sepa|confs|strbr|  dualbound   | primalbound  |  gap   | compl. 
 1594s|  5900 |  1729 | 24507k|4154.1 |   567M |  97 |6003 |  14 |   0 | 407k|  0 |  17 |   0 |-8.166144e+10 | 7.369195e+03 |    Inf |   2.01%
 1605s|  6000 |  1729 | 24799k|4133.6 |   567M |  97 |6003 |  14 |   0 | 408k|  0 |  17 |   0 |-8.166144e+10 | 7.369195e+03 |    Inf |   2.01%
 1615s|  6100 |  1731 | 25095k|4114.3 |   568M |  97 |6003 |  14 |  13k| 408k|  0 |  17 |   0 |-8.166144e+10 | 7.369195e+03 |    Inf |   2.01%
 1626s|  6200 |  1733 | 25400k|4097.1 |   568M |  97 |6003 |  14 |  12k| 409k|  0 |  17 |   0 |-8.166144e+10 | 7.369195e+03 |    Inf |   2.01%
 1649s|  6300 |  1735 | 25902k|4111.8 |   569M |  97 |6003 |  14 |  13k| 410k|  0 |  17 |   0 |-8.166144e+10 | 7.369195e+03 |    Inf |   2.01%
 1703s|  6400 |  1765 | 26931k|4208.4 |   573M |  97 |6003 |  13 |  15k| 419k|  0 |  17 |   0 |-8.166144e+10 | 7.369195e+03 |    Inf |   2.01%
 1729s|  6500 |  1789 | 27541k|4237.5 |   576M |  97 |6003 |  13 |  14k| 424k|  2 |  17 |   0 |-8.166144e+10 | 7.369195e+03 |    Inf |   2.01%
 1751s|  6600 |  1819 | 28036k|4248.3 |   581M |  97 |6003 |  14 |   0 | 432k|  0 |  18 |   0 |-8.166144e+10 | 7.369195e+03 |    Inf |   2.02%
 1813s|  6700 |  1873 | 29249k|4366.0 |   585M |  97 |6003 |  14 |  15k| 445k|  0 |  18 |   0 |-8.166144e+10 | 7.369195e+03 |    Inf |   2.02%
 1832s|  6800 |  1893 | 29681k|4365.2 |   590M |  97 |6003 |  14 |   0 | 450k|  0 |  18 |   0 |-8.166144e+10 | 7.369195e+03 |    Inf |   2.02%
 1840s|  6900 |  1893 | 29938k|4339.2 |   590M |  97 |6003 |  14 |   0 | 450k|  0 |  18 |   0 |-8.166144e+10 | 7.369195e+03 |    Inf |   2.04%
 1859s|  7000 |  1905 | 30362k|4337.8 |   591M |  97 |6003 |  14 |  13k| 453k|  2 |  18 |   0 |-8.166144e+10 | 7.369195e+03 |    Inf |   2.04%
 1903s|  7100 |  1933 | 31248k|4401.5 |   594M |  97 |6003 |  14 |   0 | 462k|  0 |  18 |   0 |-8.166144e+10 | 7.369195e+03 |    Inf |   2.04%
 1935s|  7200 |  1937 | 31762k|4411.8 |   595M |  97 |6003 |  14 |  13k| 463k|  0 |  18 |   0 |-8.166144e+10 | 7.369195e+03 |    Inf |   2.04%
 1945s|  7300 |  1937 | 32057k|4391.8 |   595M |  97 |6003 |  13 |   0 | 463k|  0 |  18 |   0 |-8.166144e+10 | 7.369195e+03 |    Inf |   2.04%
 time | node  | left  |LP iter|LP it/n|mem/heur|mdpt |vars |cons |rows |cuts |sepa|confs|strbr|  dualbound   | primalbound  |  gap   | compl. 
 1957s|  7400 |  1939 | 32369k|4374.6 |   595M |  97 |6003 |  13 |   0 | 464k|  0 |  18 |   0 |-8.166144e+10 | 7.369195e+03 |    Inf |   2.05%
 1978s|  7500 |  1955 | 32852k|4380.7 |   598M |  97 |6003 |  13 |  10k| 469k|  2 |  18 |   0 |-8.166144e+10 | 7.369195e+03 |    Inf |   2.05%
 2005s|  7600 |  1975 | 33484k|4406.2 |   602M |  97 |6003 |  13 |   0 | 474k|  0 |  18 |   0 |-8.166144e+10 | 7.369195e+03 |    Inf |   2.05%
 2037s|  7700 |  1991 | 34151k|4435.5 |   604M |  97 |6003 |  14 |   0 | 479k|  0 |  19 |   0 |-8.166144e+10 | 7.369195e+03 |    Inf |   2.05%
 2068s|  7800 |  2023 | 34861k|4469.8 |   609M |  97 |6003 |  14 |   0 | 487k|  0 |  19 |   0 |-8.166144e+10 | 7.369195e+03 |    Inf |   2.05%
 2082s|  7900 |  2027 | 35219k|4458.4 |   609M |  97 |6003 |  14 |  13k| 488k|  2 |  19 |   0 |-8.166144e+10 | 7.369195e+03 |    Inf |   2.05%
 2136s|  8000 |  2067 | 36243k|4530.8 |   612M |  97 |6003 |  14 |  13k| 497k|  0 |  19 |   0 |-8.166144e+10 | 7.369195e+03 |    Inf |   2.05%
 2176s|  8100 |  2097 | 37119k|4582.9 |   617M |  97 |6003 |  14 |   0 | 506k|  0 |  19 |   0 |-8.166144e+10 | 7.369195e+03 |    Inf |   2.05%
 2201s|  8200 |  2111 | 37660k|4593.0 |   618M |  97 |6003 |  14 |   0 | 509k|  0 |  19 |   0 |-8.166144e+10 | 7.369195e+03 |    Inf |   2.05%
 2223s|  8300 |  2121 | 38103k|4591.2 |   620M |  97 |6003 |  14 |   0 | 512k|  0 |  19 |   0 |-8.166144e+10 | 7.369195e+03 |    Inf |   2.05%
 2245s|  8400 |  2153 | 38572k|4592.2 |   624M |  97 |6003 |  14 |   0 | 520k|  0 |  19 |   0 |-8.166144e+10 | 7.369195e+03 |    Inf |   2.05%
 2262s|  8500 |  2157 | 39012k|4590.0 |   625M |  97 |6003 |  13 |   0 | 521k|  0 |  19 |   0 |-8.166144e+10 | 7.369195e+03 |    Inf |   2.33%
 2279s|  8600 |  2159 | 39331k|4573.8 |   626M |  97 |6003 |  13 |  14k| 522k|  0 |  19 |   0 |-8.166144e+10 | 7.369195e+03 |    Inf |   2.33%
 2296s|  8700 |  2159 | 39734k|4567.5 |   626M |  97 |6003 |  13 |  14k| 523k|  0 |  19 |   0 |-8.166144e+10 | 7.369195e+03 |    Inf |   2.33%
 2309s|  8800 |  2165 | 40045k|4550.9 |   628M |  97 |6003 |  13 |  14k| 525k|  0 |  19 |   0 |-8.166144e+10 | 7.369195e+03 |    Inf |   2.33%
 time | node  | left  |LP iter|LP it/n|mem/heur|mdpt |vars |cons |rows |cuts |sepa|confs|strbr|  dualbound   | primalbound  |  gap   | compl. 
 2358s|  8900 |  2205 | 40906k|4596.5 |   631M |  97 |6003 |  13 |   0 | 535k|  0 |  19 |   0 |-8.166144e+10 | 7.369195e+03 |    Inf |   2.33%
 2381s|  9000 |  2211 | 41407k|4601.2 |   633M |  97 |6003 |  13 |  13k| 537k|  0 |  19 |   0 |-8.166144e+10 | 7.369195e+03 |    Inf |   2.33%
 2396s|  9100 |  2213 | 41781k|4591.7 |   633M |  97 |6003 |  13 |  13k| 538k|  0 |  19 |   0 |-8.166144e+10 | 7.369195e+03 |    Inf |   2.33%
 2430s|  9200 |  2241 | 42525k|4622.6 |   638M |  97 |6003 |  13 |  13k| 547k|  0 |  19 |   0 |-8.166144e+10 | 7.369195e+03 |    Inf |   2.33%
 2445s|  9300 |  2243 | 42902k|4613.4 |   640M |  97 |6003 |  13 |  13k| 547k|  0 |  19 |   0 |-8.166144e+10 | 7.369195e+03 |    Inf |   2.33%
 2458s|  9400 |  2245 | 43239k|4600.2 |   640M |  97 |6003 |  13 |  13k| 549k|  0 |  19 |   0 |-8.166144e+10 | 7.369195e+03 |    Inf |   2.33%
 2476s|  9500 |  2253 | 43681k|4598.3 |   642M |  97 |6003 |  13 |  15k| 552k|  1 |  19 |   0 |-8.166144e+10 | 7.369195e+03 |    Inf |   2.33%
 2496s|  9600 |  2257 | 44136k|4597.9 |   643M |  97 |6003 |  13 |  15k| 553k|  0 |  19 |   0 |-8.166144e+10 | 7.369195e+03 |    Inf |   2.33%
 2524s|  9700 |  2269 | 44737k|4612.3 |   645M |  97 |6003 |  13 |   0 | 557k|  0 |  19 |   0 |-8.166144e+10 | 7.369195e+03 |    Inf |   2.47%
 2538s|  9800 |  2269 | 45116k|4604.0 |   645M |  97 |6003 |  13 |   0 | 558k|  0 |  19 |   0 |-8.166144e+10 | 7.369195e+03 |    Inf |   2.48%
 2552s|  9900 |  2301 | 45474k|4593.6 |   652M |  97 |6003 |  13 |   0 | 565k|  0 |  19 |   0 |-8.166144e+10 | 7.369195e+03 |    Inf |   2.49%
 2564s| 10000 |  2309 | 45779k|4578.2 |   652M |  97 |6003 |  13 |  14k| 567k|  3 |  19 |   0 |-8.166144e+10 | 7.369195e+03 |    Inf |   2.49%
 2606s| 10100 |  2353 | 46528k|4607.0 |   937M |  97 |6003 |  15 |  14k| 576k|  0 |  21 |   0 |-8.166144e+10 | 7.369195e+03 |    Inf |   2.49%
 2630s| 10200 |  2369 | 46960k|4604.2 |   939M |  97 |6003 |  15 |  10k| 580k|  2 |  21 |   0 |-8.166144e+10 | 7.369195e+03 |    Inf |   2.50%
 2661s| 10300 |  2389 | 47607k|4622.4 |   941M |  97 |6003 |  15 |   0 | 587k|  0 |  21 |   0 |-8.166144e+10 | 7.369195e+03 |    Inf |   2.50%
 time | node  | left  |LP iter|LP it/n|mem/heur|mdpt |vars |cons |rows |cuts |sepa|confs|strbr|  dualbound   | primalbound  |  gap   | compl. 
 2707s| 10400 |  2433 | 48519k|4665.6 |   944M |  97 |6003 |  15 |  15k| 596k|  0 |  21 |   0 |-8.166144e+10 | 7.369195e+03 |    Inf |   2.50%
 2733s| 10500 |  2449 | 49099k|4676.4 |   946M |  97 |6003 |  15 |  14k| 601k|  2 |  21 |   0 |-8.166144e+10 | 7.369195e+03 |    Inf |   2.50%
 2773s| 10600 |  2465 | 49913k|4709.1 |   949M |  97 |6003 |  14 |   0 | 607k|  0 |  21 |   0 |-8.166144e+10 | 7.369195e+03 |    Inf |   2.50%
 2782s| 10700 |  2497 | 50136k|4685.9 |   954M |  97 |6003 |  14 |  12k| 613k|  0 |  21 |   0 |-8.166144e+10 | 7.369195e+03 |    Inf |   2.50%
 2795s| 10800 |  2497 | 50470k|4673.5 |   955M |  97 |6003 |  14 |  14k| 614k|  0 |  21 |   0 |-8.166144e+10 | 7.369195e+03 |    Inf |   2.50%
 2807s| 10900 |  2501 | 50801k|4661.0 |   956M |  97 |6003 |  13 |   0 | 615k|  0 |  21 |   0 |-8.166144e+10 | 7.369195e+03 |    Inf |   2.50%
 2846s| 11000 |  2507 | 51310k|4664.9 |   957M |  97 |6003 |  13 |  13k| 617k|  0 |  21 |   0 |-8.166144e+10 | 7.369195e+03 |    Inf |   2.50%
 2869s| 11100 |  2509 | 51820k|4668.7 |   958M |  97 |6003 |  13 |  14k| 619k|  0 |  21 |   0 |-8.166144e+10 | 7.369195e+03 |    Inf |   2.50%
 2898s| 11200 |  2519 | 52408k|4679.5 |   961M |  97 |6003 |  13 |   0 | 623k|  0 |  21 |   0 |-8.166144e+10 | 7.369195e+03 |    Inf |   2.50%
 2918s| 11300 |  2525 | 52843k|4676.6 |   963M |  97 |6003 |  13 |   0 | 625k|  0 |  21 |   0 |-8.166144e+10 | 7.369195e+03 |    Inf |   2.50%
 2928s| 11400 |  2525 | 53139k|4661.6 |   963M |  97 |6003 |  13 |   0 | 625k|  0 |  21 |   0 |-8.166144e+10 | 7.369195e+03 |    Inf |   2.50%
 2939s| 11500 |  2525 | 53439k|4647.1 |   963M |  97 |6003 |  13 |   0 | 625k|  0 |  21 |   0 |-8.166144e+10 | 7.369195e+03 |    Inf |   2.50%
 2957s| 11600 |  2529 | 53849k|4642.4 |   963M |  97 |6003 |  13 |  13k| 626k|  2 |  21 |   0 |-8.166144e+10 | 7.369195e+03 |    Inf |   2.50%
 3011s| 11700 |  2561 | 54800k|4684.0 |   967M |  97 |6003 |  13 |   0 | 634k|  0 |  21 |   0 |-8.166144e+10 | 7.369195e+03 |    Inf |   2.50%
 3066s| 11800 |  2609 | 55879k|4735.7 |   975M |  97 |6003 |  15 |   0 | 647k|  0 |  23 |   0 |-8.166144e+10 | 7.369195e+03 |    Inf |   2.50%
 time | node  | left  |LP iter|LP it/n|mem/heur|mdpt |vars |cons |rows |cuts |sepa|confs|strbr|  dualbound   | primalbound  |  gap   | compl. 
 3088s| 11900 |  2611 | 56357k|4736.1 |   977M |  97 |6003 |  15 |  14k| 648k|  1 |  23 |   0 |-8.166144e+10 | 7.369195e+03 |    Inf |   2.50%
 3115s| 12000 |  2627 | 56937k|4745.0 |   978M |  97 |6003 |  15 |   0 | 653k|  0 |  23 |   0 |-8.166144e+10 | 7.369195e+03 |    Inf |   2.50%
 3142s| 12100 |  2631 | 57517k|4753.7 |   978M |  97 |6003 |  15 |  13k| 655k|  0 |  23 |   0 |-8.166144e+10 | 7.369195e+03 |    Inf |   2.50%
 3165s| 12200 |  2645 | 58027k|4756.5 |   980M |  97 |6003 |  13 |  15k| 658k|  0 |  23 |   0 |-8.166144e+10 | 7.369195e+03 |    Inf |   2.50%
 3196s| 12300 |  2659 | 58651k|4768.7 |   985M |  97 |6003 |  13 |  14k| 662k|  0 |  23 |   0 |-8.166144e+10 | 7.369195e+03 |    Inf |   2.50%
 3234s| 12400 |  2685 | 59297k|4782.3 |   988M |  97 |6003 |  13 |   0 | 670k|  0 |  23 |   0 |-8.166144e+10 | 7.369195e+03 |    Inf |   2.50%
 3263s| 12500 |  2719 | 59923k|4794.1 |   991M |  97 |6003 |  13 |9754 | 679k|  2 |  23 |   0 |-8.166144e+10 | 7.369195e+03 |    Inf |   2.50%
 3273s| 12600 |  2757 | 60146k|4773.7 |   996M |  97 |6003 |  13 |   0 | 687k|  0 |  23 |   0 |-8.166144e+10 | 7.369195e+03 |    Inf |   2.50%
 3283s| 12700 |  2785 | 60379k|4754.5 |  1002M |  97 |6003 |  13 |  13k| 693k|  0 |  23 |   0 |-8.166144e+10 | 7.369195e+03 |    Inf |   2.50%
 3293s| 12800 |  2785 | 60667k|4739.8 |  1002M |  97 |6003 |  13 |  12k| 693k|  0 |  23 |   0 |-8.166144e+10 | 7.369195e+03 |    Inf |   2.50%
 3307s| 12900 |  2787 | 61014k|4730.0 |  1002M |  97 |6003 |  13 |  14k| 694k|  0 |  23 |   0 |-8.166144e+10 | 7.369195e+03 |    Inf |   2.50%
 3322s| 13000 |  2789 | 61356k|4720.0 |  1002M |  97 |6003 |  13 |   0 | 695k|  0 |  23 |   0 |-8.166144e+10 | 7.369195e+03 |    Inf |   2.50%
 3339s| 13100 |  2791 | 61772k|4715.6 |  1004M |  97 |6003 |  13 |   0 | 697k|  0 |  23 |   0 |-8.166144e+10 | 7.369195e+03 |    Inf |   2.50%
 3354s| 13200 |  2793 | 62160k|4709.4 |  1004M |  97 |6003 |  13 |  13k| 698k|  2 |  23 |   0 |-8.166144e+10 | 7.369195e+03 |    Inf |   2.50%
 3368s| 13300 |  2793 | 62511k|4700.3 |  1004M |  97 |6003 |  13 |   0 | 699k|  0 |  23 |   0 |-8.166144e+10 | 7.369195e+03 |    Inf |   2.50%
 time | node  | left  |LP iter|LP it/n|mem/heur|mdpt |vars |cons |rows |cuts |sepa|confs|strbr|  dualbound   | primalbound  |  gap   | compl. 
 3389s| 13400 |  2801 | 62989k|4700.9 |  1006M |  97 |6003 |  13 |  13k| 702k|  2 |  23 |   0 |-8.166144e+10 | 7.369195e+03 |    Inf |   2.50%
 3421s| 13500 |  2813 | 63644k|4714.6 |  1008M |  97 |6003 |  13 |   0 | 706k|  0 |  23 |   0 |-8.166144e+10 | 7.369195e+03 |    Inf |   2.50%
 3449s| 13600 |  2825 | 64238k|4723.6 |  1008M |  97 |6003 |  13 |  15k| 709k|  0 |  23 |   0 |-8.166144e+10 | 7.369195e+03 |    Inf |   2.50%
 3471s| 13700 |  2841 | 64758k|4727.1 |  1010M |  97 |6003 |  13 |   0 | 711k|  0 |  23 |   0 |-8.166144e+10 | 7.369195e+03 |    Inf |   2.50%
 3505s| 13800 |  2863 | 65482k|4745.3 |  1013M |  97 |6003 |  13 |  14k| 716k|  2 |  23 |   0 |-8.166144e+10 | 7.369195e+03 |    Inf |   2.50%
 3535s| 13900 |  2881 | 66102k|4755.8 |  1015M |  97 |6003 |  13 |   0 | 721k|  0 |  23 |   0 |-8.166144e+10 | 7.369195e+03 |    Inf |   2.50%
 3555s| 14000 |  2893 | 66583k|4756.2 |  1017M | 103 |6003 |  13 |  13k| 723k|  0 |  23 |   0 |-8.166144e+10 | 7.369195e+03 |    Inf |   2.50%
 3581s| 14100 |  2907 | 67170k|4764.0 |  1019M | 103 |6003 |  13 |   0 | 727k|  0 |  23 |   0 |-8.166144e+10 | 7.369195e+03 |    Inf |   2.50%
 3626s| 14200 |  2931 | 68065k|4793.5 |  1021M | 103 |6003 |  13 |   0 | 733k|  0 |  23 |   0 |-8.166144e+10 | 7.369195e+03 |    Inf |   2.50%
 3664s| 14300 |  2945 | 68867k|4816.1 |  1024M | 103 |6003 |  13 |   0 | 738k|  0 |  23 |   0 |-8.166144e+10 | 7.369195e+03 |    Inf |   2.50%
 3690s| 14400 |  2953 | 69413k|4820.6 |  1026M | 103 |6003 |  13 |   0 | 741k|  0 |  23 |   0 |-8.166144e+10 | 7.369195e+03 |    Inf |   2.50%
 3717s| 14500 |  2959 | 70006k|4828.2 |  1028M | 103 |6003 |  13 |   0 | 744k|  0 |  23 |   0 |-8.166144e+10 | 7.369195e+03 |    Inf |   2.50%
 3762s| 14600 |  3029 | 70758k|4846.6 |  1036M | 103 |6003 |  14 |  11k| 760k|  0 |  24 |   0 |-8.166144e+10 | 7.369195e+03 |    Inf |   2.55%
 3777s| 14700 |  3033 | 71128k|4838.8 |  1039M | 103 |6003 |  14 |   0 | 761k|  0 |  24 |   0 |-8.166144e+10 | 7.369195e+03 |    Inf |   2.55%
 3796s| 14800 |  3061 | 71557k|4835.2 |  1042M | 103 |6003 |  15 |   0 | 768k|  0 |  25 |   0 |-8.166144e+10 | 7.369195e+03 |    Inf |   2.55%
 time | node  | left  |LP iter|LP it/n|mem/heur|mdpt |vars |cons |rows |cuts |sepa|confs|strbr|  dualbound   | primalbound  |  gap   | compl. 
 3824s| 14900 |  3069 | 72098k|4839.0 |  1043M | 103 |6003 |  15 |   0 | 770k|  0 |  25 |   0 |-8.166144e+10 | 7.369195e+03 |    Inf |   2.55%
 3882s| 15000 |  3151 | 73050k|4870.2 |  1055M | 103 |6003 |  16 |  15k| 788k|  2 |  26 |   0 |-8.166144e+10 | 7.369195e+03 |    Inf |   2.55%
 3927s| 15100 |  3173 | 73863k|4891.8 |  1060M | 103 |6003 |  18 |   0 | 795k|  0 |  28 |   0 |-8.166144e+10 | 7.369195e+03 |    Inf |   2.55%
 3990s| 15200 |  3191 | 75018k|4935.6 |  1062M | 103 |6003 |  18 |   0 | 800k|  0 |  28 |   0 |-8.166144e+10 | 7.369195e+03 |    Inf |   2.55%
 4097s| 15300 |  3257 | 77025k|5034.6 |  1067M | 103 |6003 |  19 |  14k| 816k|  2 |  29 |   0 |-8.166144e+10 | 7.369195e+03 |    Inf |   2.55%
 4143s| 15400 |  3271 | 77885k|5057.7 |  1069M | 103 |6003 |  19 |  13k| 820k|  0 |  29 |   0 |-8.166144e+10 | 7.369195e+03 |    Inf |   2.55%
 4178s| 15500 |  3281 | 78588k|5070.4 |  1072M | 103 |6003 |  19 |  16k| 825k|  0 |  29 |   0 |-8.166144e+10 | 7.369195e+03 |    Inf |   2.55%
 4207s| 15600 |  3293 | 79057k|5068.0 |  1073M | 103 |6003 |  19 |  13k| 828k|  0 |  29 |   0 |-8.166144e+10 | 7.369195e+03 |    Inf |   2.55%
 4229s| 15700 |  3303 | 79558k|5067.6 |  1077M | 103 |6003 |  19 |  14k| 831k|  0 |  29 |   0 |-8.166144e+10 | 7.369195e+03 |    Inf |   2.55%
 4248s| 15800 |  3315 | 79957k|5060.8 |  1079M | 103 |6003 |  17 |   0 | 834k|  0 |  29 |   0 |-8.166144e+10 | 7.369195e+03 |    Inf |   2.55%
 4259s| 15900 |  3319 | 80247k|5047.2 |  1079M | 103 |6003 |  13 |   0 | 834k|  0 |  29 |   0 |-8.166144e+10 | 7.369195e+03 |    Inf |   2.55%
 4282s| 16000 |  3333 | 80779k|5048.9 |  1080M | 103 |6003 |  13 |   0 | 838k|  0 |  29 |   0 |-8.166144e+10 | 7.369195e+03 |    Inf |   2.55%
 4294s| 16100 |  3367 | 81059k|5034.9 |  1084M | 103 |6003 |  13 |  10k| 846k|  2 |  29 |   0 |-8.166144e+10 | 7.369195e+03 |    Inf |   2.55%
 4304s| 16200 |  3375 | 81340k|5021.2 |  1084M | 103 |6003 |  13 |  11k| 848k|  0 |  29 |   0 |-8.166144e+10 | 7.369195e+03 |    Inf |   2.55%
 4314s| 16300 |  3379 | 81624k|5007.9 |  1084M | 103 |6003 |  13 |  12k| 850k|  0 |  29 |   0 |-8.166144e+10 | 7.369195e+03 |    Inf |   2.55%
 time | node  | left  |LP iter|LP it/n|mem/heur|mdpt |vars |cons |rows |cuts |sepa|confs|strbr|  dualbound   | primalbound  |  gap   | compl. 
 4325s| 16400 |  3379 | 81918k|4995.2 |  1086M | 103 |6003 |  13 |   0 | 850k|  0 |  29 |   0 |-8.166144e+10 | 7.369195e+03 |    Inf |   2.55%
 4335s| 16500 |  3381 | 82206k|4982.4 |  1086M | 103 |6003 |  13 |   0 | 851k|  0 |  29 |   0 |-8.166144e+10 | 7.369195e+03 |    Inf |   2.55%
 4346s| 16600 |  3391 | 82505k|4970.4 |  1087M | 103 |6003 |  13 |   0 | 853k|  0 |  29 |   0 |-8.166144e+10 | 7.369195e+03 |    Inf |   2.55%
 4359s| 16700 |  3391 | 82844k|4960.9 |  1089M | 103 |6003 |  13 |   0 | 854k|  0 |  29 |   0 |-8.166144e+10 | 7.369195e+03 |    Inf |   2.55%
 4391s| 16800 |  3423 | 83547k|4973.2 |  1092M | 103 |6003 |  15 |   0 | 862k|  0 |  31 |   0 |-8.166144e+10 | 7.369195e+03 |    Inf |   2.55%
 4426s| 16900 |  3465 | 84261k|4986.0 |  1098M | 103 |6003 |  15 |   0 | 872k|  0 |  31 |   0 |-8.166144e+10 | 7.369195e+03 |    Inf |   2.55%
 4461s| 17000 |  3499 | 84929k|4996.0 |  1102M | 103 |6003 |  15 |  17k| 880k|  2 |  31 |   0 |-8.166144e+10 | 7.369195e+03 |    Inf |   2.55%
 4500s| 17100 |  3555 | 85670k|5010.2 |  1108M | 103 |6003 |  17 |   0 | 894k|  0 |  33 |   0 |-8.166144e+10 | 7.369195e+03 |    Inf |   2.55%
 4533s| 17200 |  3561 | 86368k|5021.6 |  1109M | 103 |6003 |  17 |  15k| 897k|  0 |  33 |   0 |-8.166144e+10 | 7.369195e+03 |    Inf |   2.55%
 4587s| 17300 |  3585 | 87379k|5051.0 |  1113M | 103 |6003 |  17 |  16k| 904k|  1 |  33 |   0 |-8.166144e+10 | 7.369195e+03 |    Inf |   2.55%
 4612s| 17400 |  3595 | 87839k|5048.4 |  1115M | 103 |6003 |  17 |   0 | 907k|  0 |  33 |   0 |-8.166144e+10 | 7.369195e+03 |    Inf |   2.55%
 4624s| 17500 |  3599 | 88154k|5037.6 |  1115M | 103 |6003 |  15 |   0 | 908k|  0 |  33 |   0 |-8.166144e+10 | 7.369195e+03 |    Inf |   2.55%
 4650s| 17600 |  3605 | 88725k|5041.4 |  1116M | 103 |6003 |  15 |   0 | 910k|  0 |  33 |   0 |-8.166144e+10 | 7.369195e+03 |    Inf |   2.55%
 4692s| 17700 |  3617 | 89556k|5059.9 |  1119M | 103 |6003 |  15 |  16k| 914k|  2 |  33 |   0 |-8.166144e+10 | 7.369195e+03 |    Inf |   2.55%
 4709s| 17800 |  3631 | 89936k|5052.8 |  1123M | 103 |6003 |  13 |   0 | 918k|  0 |  33 |   0 |-8.166144e+10 | 7.369195e+03 |    Inf |   2.55%
 time | node  | left  |LP iter|LP it/n|mem/heur|mdpt |vars |cons |rows |cuts |sepa|confs|strbr|  dualbound   | primalbound  |  gap   | compl. 
 4771s| 17900 |  3673 | 91142k|5091.9 |  1127M | 103 |6003 |  14 |  15k| 929k|  1 |  34 |   0 |-8.166144e+10 | 7.369195e+03 |    Inf |   2.55%
 4803s| 18000 |  3683 | 91808k|5100.7 |  1130M | 103 |6003 |  14 |   0 | 933k|  0 |  34 |   0 |-8.166144e+10 | 7.369195e+03 |    Inf |   2.55%
 4828s| 18100 |  3721 | 92275k|5098.3 |  1135M | 103 |6003 |  14 |  12k| 942k|  1 |  34 |   0 |-8.166144e+10 | 7.369195e+03 |    Inf |   2.55%
 4853s| 18200 |  3727 | 92830k|5100.7 |  1136M | 103 |6003 |  14 |  14k| 945k|  0 |  34 |   0 |-8.166144e+10 | 7.369195e+03 |    Inf |   2.55%
 4892s| 18300 |  3735 | 93442k|5106.3 |  1138M | 103 |6003 |  14 |  13k| 947k|  0 |  34 |   0 |-8.166144e+10 | 7.369195e+03 |    Inf |   2.55%
 4925s| 18400 |  3745 | 94114k|5115.1 |  1141M | 103 |6003 |  13 |   0 | 950k|  0 |  34 |   0 |-8.166144e+10 | 7.369195e+03 |    Inf |   2.55%
 4939s| 18500 |  3747 | 94473k|5106.8 |  1142M | 103 |6003 |  13 |   0 | 950k|  0 |  34 |   0 |-8.166144e+10 | 7.369195e+03 |    Inf |   2.55%
 4995s| 18600 |  3783 | 95554k|5137.5 |  1146M | 103 |6003 |  13 |  14k| 960k|  2 |  34 |   0 |-8.166144e+10 | 7.369195e+03 |    Inf |   2.55%
 5037s| 18700 |  3803 | 96419k|5156.3 |  1149M | 103 |6003 |  14 |  14k| 966k|  2 |  35 |   0 |-8.166144e+10 | 7.369195e+03 |    Inf |   2.55%
 5107s| 18800 |  3817 | 97663k|5195.0 |  1151M | 103 |6003 |  14 |   0 | 972k|  0 |  35 |   0 |-8.166144e+10 | 7.369195e+03 |    Inf |   2.55%
 5132s| 18900 |  3827 | 98175k|5194.6 |  1153M | 103 |6003 |  14 |   0 | 975k|  0 |  35 |   0 |-8.166144e+10 | 7.369195e+03 |    Inf |   2.55%
 5148s| 19000 |  3829 | 98567k|5187.9 |  1153M | 103 |6003 |  14 |   0 | 975k|  0 |  35 |   0 |-8.166144e+10 | 7.369195e+03 |    Inf |   2.55%
 5171s| 19100 |  3843 | 99053k|5186.2 |  1155M | 103 |6003 |  13 |   0 | 979k|  0 |  35 |   0 |-8.166144e+10 | 7.369195e+03 |    Inf |   2.55%
 5196s| 19200 |  3859 | 99620k|5188.7 |  1156M | 103 |6003 |  13 |   0 | 983k|  0 |  35 |   0 |-8.166144e+10 | 7.369195e+03 |    Inf |   2.57%
 5227s| 19300 |  3893 |100286k|5196.3 |  1160M | 103 |6003 |  13 |  13k| 990k|  0 |  35 |   0 |-8.166144e+10 | 7.369195e+03 |    Inf |   2.57%
 time | node  | left  |LP iter|LP it/n|mem/heur|mdpt |vars |cons |rows |cuts |sepa|confs|strbr|  dualbound   | primalbound  |  gap   | compl. 
 5242s| 19400 |  3903 |100659k|5188.8 |  1162M | 103 |6003 |  13 |  13k| 992k|  2 |  35 |   0 |-8.166144e+10 | 7.369195e+03 |    Inf |   2.57%
 5279s| 19500 |  3939 |101295k|5194.8 |  1166M | 103 |6003 |  14 |  11k|1002k|  2 |  36 |   0 |-8.166144e+10 | 7.369195e+03 |    Inf |   2.57%
 5305s| 19600 |  3959 |101835k|5195.9 |  1169M | 103 |6003 |  14 |   0 |1008k|  0 |  36 |   0 |-8.166144e+10 | 7.369195e+03 |    Inf |   2.57%
 5320s| 19700 |  3981 |102247k|5190.4 |  1173M | 103 |6003 |  14 |  10k|1013k|  2 |  36 |   0 |-8.166144e+10 | 7.369195e+03 |    Inf |   2.57%
 5344s| 19800 |  4005 |102730k|5188.6 |  1177M | 103 |6003 |  15 |   0 |1020k|  0 |  37 |   0 |-8.166144e+10 | 7.369195e+03 |    Inf |   2.57%
 5391s| 19900 |  4035 |103483k|5200.3 |  1182M | 103 |6003 |  15 |   0 |1029k|  0 |  37 |   0 |-8.166144e+10 | 7.369195e+03 |    Inf |   2.57%
 5433s| 20000 |  4065 |104300k|5215.2 |  1187M | 103 |6003 |  15 |  13k|1037k|  1 |  37 |   0 |-8.166144e+10 | 7.369195e+03 |    Inf |   2.57%
 5486s| 20100 |  4113 |105329k|5240.4 |  1193M | 103 |6003 |  15 |  14k|1049k|  2 |  37 |   0 |-8.166144e+10 | 7.369195e+03 |    Inf |   2.57%
 5525s| 20200 |  4131 |106125k|5253.9 |  1195M | 103 |6003 |  16 |  14k|1054k|  2 |  38 |   0 |-8.166144e+10 | 7.369195e+03 |    Inf |   2.57%
 5545s| 20300 |  4137 |106592k|5251.0 |  1196M | 103 |6003 |  16 |   0 |1056k|  0 |  38 |   0 |-8.166144e+10 | 7.369195e+03 |    Inf |   2.57%
 5568s| 20400 |  4147 |107125k|5251.4 |  1198M | 103 |6003 |  16 |  15k|1060k|  1 |  38 |   0 |-8.166144e+10 | 7.369195e+03 |    Inf |   2.57%
 5595s| 20500 |  4153 |107678k|5252.7 |  1198M | 103 |6003 |  16 |  13k|1061k|  0 |  38 |   0 |-8.166144e+10 | 7.369195e+03 |    Inf |   2.57%
 5639s| 20600 |  4159 |108549k|5269.5 |  1201M | 103 |6003 |  14 |   0 |1065k|  0 |  38 |   0 |-8.166144e+10 | 7.369195e+03 |    Inf |   2.57%
 5657s| 20700 |  4185 |108937k|5262.8 |  1202M | 103 |6003 |  13 |   0 |1070k|  0 |  38 |   0 |-8.166144e+10 | 7.369195e+03 |    Inf |   2.57%
 5669s| 20800 |  4191 |109245k|5252.3 |  1204M | 103 |6003 |  13 |  11k|1071k|  1 |  38 |   0 |-8.166144e+10 | 7.369195e+03 |    Inf |   2.57%
 time | node  | left  |LP iter|LP it/n|mem/heur|mdpt |vars |cons |rows |cuts |sepa|confs|strbr|  dualbound   | primalbound  |  gap   | compl. 
 5697s| 20900 |  4207 |109896k|5258.3 |  1209M | 103 |6003 |  13 |  12k|1078k|  0 |  38 |   0 |-8.166144e+10 | 7.369195e+03 |    Inf |   2.57%
 5709s| 21000 |  4211 |110215k|5248.5 |  1209M | 103 |6003 |  13 |   0 |1078k|  0 |  38 |   0 |-8.166144e+10 | 7.369195e+03 |    Inf |   2.57%
 5721s| 21100 |  4213 |110531k|5238.6 |  1209M | 103 |6003 |  13 |   0 |1078k|  0 |  38 |   0 |-8.166144e+10 | 7.369195e+03 |    Inf |   2.57%
 5736s| 21200 |  4217 |110878k|5230.3 |  1209M | 103 |6003 |  13 |   0 |1079k|  0 |  38 |   0 |-8.166144e+10 | 7.369195e+03 |    Inf |   2.57%
 5784s| 21300 |  4253 |111867k|5252.1 |  1213M | 103 |6003 |  14 |  13k|1088k|  0 |  39 |   0 |-8.166144e+10 | 7.369195e+03 |    Inf |   2.57%
 5849s| 21400 |  4299 |112948k|5278.1 |  1218M | 103 |6003 |  15 |  13k|1098k|  0 |  40 |   0 |-8.166144e+10 | 7.369195e+03 |    Inf |   2.57%
 5872s| 21500 |  4303 |113457k|5277.2 |  1219M | 103 |6003 |  15 |   0 |1101k|  0 |  40 |   0 |-8.166144e+10 | 7.369195e+03 |    Inf |   2.57%
 5893s| 21600 |  4313 |113926k|5274.5 |  1221M | 103 |6003 |  15 |   0 |1104k|  0 |  40 |   0 |-8.166144e+10 | 7.369195e+03 |    Inf |   2.57%
 5911s| 21700 |  4317 |114351k|5269.8 |  1221M | 103 |6003 |  15 |   0 |1105k|  0 |  40 |   0 |-8.166144e+10 | 7.369195e+03 |    Inf |   2.57%
 5929s| 21800 |  4345 |114795k|5266.0 |  1226M | 103 |6003 |  15 |   0 |1112k|  0 |  41 |   0 |-8.166144e+10 | 7.369195e+03 |    Inf |   2.57%
 5944s| 21900 |  4349 |115156k|5258.4 |  1226M | 103 |6003 |  15 |  13k|1113k|  1 |  41 |   0 |-8.166144e+10 | 7.369195e+03 |    Inf |   2.57%
 5959s| 22000 |  4349 |115534k|5251.7 |  1228M | 103 |6003 |  15 |   0 |1113k|  0 |  41 |   0 |-8.166144e+10 | 7.369195e+03 |    Inf |   2.57%
 5976s| 22100 |  4355 |115940k|5246.3 |  1229M | 103 |6003 |  15 |   0 |1116k|  0 |  41 |   0 |-8.166144e+10 | 7.369195e+03 |    Inf |   2.57%
 6024s| 22200 |  4361 |116470k|5246.6 |  1233M | 103 |6003 |  13 |  12k|1118k|  0 |  41 |   0 |-8.166144e+10 | 7.369195e+03 |    Inf |   2.57%
 6039s| 22300 |  4367 |116843k|5239.8 |  1234M | 103 |6003 |  13 |  13k|1120k|  0 |  41 |   0 |-8.166144e+10 | 7.369195e+03 |    Inf |   2.57%
 time | node  | left  |LP iter|LP it/n|mem/heur|mdpt |vars |cons |rows |cuts |sepa|confs|strbr|  dualbound   | primalbound  |  gap   | compl. 
 6051s| 22400 |  4369 |117179k|5231.4 |  1234M | 103 |6003 |  13 |   0 |1120k|  0 |  41 |   0 |-8.166144e+10 | 7.369195e+03 |    Inf |   2.57%
 6062s| 22500 |  4373 |117480k|5221.5 |  1235M | 103 |6003 |  13 |   0 |1121k|  0 |  41 |   0 |-8.166144e+10 | 7.369195e+03 |    Inf |   2.64%
 6078s| 22600 |  4411 |117852k|5214.9 |  1241M | 103 |6003 |  13 |  14k|1130k|  2 |  41 |   0 |-8.166144e+10 | 7.369195e+03 |    Inf |   2.64%
 6123s| 22700 |  4441 |118720k|5230.1 |  1245M | 103 |6003 |  13 |  16k|1138k|  2 |  41 |   0 |-8.166144e+10 | 7.369195e+03 |    Inf |   2.64%
 6147s| 22800 |  4455 |119204k|5228.4 |  1247M | 103 |6003 |  14 |   0 |1142k|  0 |  42 |   0 |-8.166144e+10 | 7.369195e+03 |    Inf |   2.64%
 6185s| 22900 |  4463 |119935k|5237.5 |  1248M | 105 |6003 |  14 |   0 |1144k|  0 |  42 |   0 |-8.166144e+10 | 7.369195e+03 |    Inf |   2.64%
 6222s| 23000 |  4473 |120660k|5246.2 |  1250M | 105 |6003 |  14 |  15k|1148k|  2 |  42 |   0 |-8.166144e+10 | 7.369195e+03 |    Inf |   2.64%
 6245s| 23100 |  4483 |121003k|5238.4 |  1250M | 105 |6003 |  14 |  13k|1150k|  0 |  42 |   0 |-8.166144e+10 | 7.369195e+03 |    Inf |   2.64%
 6300s| 23200 |  4513 |122093k|5262.8 |  1256M | 105 |6003 |  13 |  17k|1158k|  2 |  42 |   0 |-8.166144e+10 | 7.369195e+03 |    Inf |   2.64%
 6334s| 23300 |  4537 |122769k|5269.2 |  1258M | 105 |6003 |  13 |  14k|1164k|  0 |  42 |   0 |-8.166144e+10 | 7.369195e+03 |    Inf |   2.64%
 6361s| 23400 |  4543 |123320k|5270.3 |  1258M | 105 |6003 |  13 |  13k|1165k|  0 |  42 |   0 |-8.166144e+10 | 7.369195e+03 |    Inf |   2.64%
 6390s| 23500 |  4567 |123934k|5273.9 |  1261M | 105 |6003 |  14 |   0 |1171k|  0 |  43 |   0 |-8.166144e+10 | 7.369195e+03 |    Inf |   2.64%
 6440s| 23600 |  4611 |124886k|5291.9 |  1267M | 105 |6003 |  14 |   0 |1182k|  0 |  43 |   0 |-8.166144e+10 | 7.369195e+03 |    Inf |   2.64%
 6463s| 23700 |  4619 |125352k|5289.3 |  1794M | 105 |6003 |  14 |   0 |1183k|  0 |  43 |   0 |-8.166144e+10 | 7.369195e+03 |    Inf |   2.64%
 6522s| 23800 |  4661 |126209k|5303.1 |  1799M | 105 |6003 |  14 |  12k|1193k|  0 |  43 |   0 |-8.166144e+10 | 7.369195e+03 |    Inf |   2.64%
 time | node  | left  |LP iter|LP it/n|mem/heur|mdpt |vars |cons |rows |cuts |sepa|confs|strbr|  dualbound   | primalbound  |  gap   | compl. 
 6543s| 23900 |  4683 |126642k|5299.0 |  1801M | 105 |6003 |  14 |  14k|1198k|  0 |  43 |   0 |-8.166144e+10 | 7.369195e+03 |    Inf |   2.64%
 6555s| 24000 |  4689 |126962k|5290.3 |  1803M | 105 |6003 |  14 |  12k|1200k|  2 |  43 |   0 |-8.166144e+10 | 7.369195e+03 |    Inf |   2.64%
 6614s| 24100 |  4701 |128051k|5313.5 |  1806M | 105 |6003 |  14 |  12k|1204k|  2 |  43 |   0 |-8.166144e+10 | 7.369195e+03 |    Inf |   2.64%
 6625s| 24200 |  4713 |128367k|5304.6 |  1808M | 105 |6003 |  14 |  13k|1206k|  0 |  43 |   0 |-8.166144e+10 | 7.369195e+03 |    Inf |   2.64%
 6637s| 24300 |  4717 |128679k|5295.6 |  1808M | 105 |6003 |  13 |  13k|1207k|  0 |  43 |   0 |-8.166144e+10 | 7.369195e+03 |    Inf |   2.64%
 6656s| 24400 |  4721 |129092k|5290.8 |  1809M | 105 |6003 |  13 |   0 |1209k|  0 |  43 |   0 |-8.166144e+10 | 7.369195e+03 |    Inf |   2.64%
 6705s| 24500 |  4781 |129946k|5304.1 |  1814M | 105 |6003 |  14 |   0 |1221k|  0 |  44 |   0 |-8.166144e+10 | 7.369195e+03 |    Inf |   2.64%
 6717s| 24600 |  4783 |130257k|5295.2 |  1814M | 105 |6003 |  14 |   0 |1222k|  0 |  44 |   0 |-8.166144e+10 | 7.369195e+03 |    Inf |   2.64%
 6729s| 24700 |  4787 |130583k|5286.9 |  1814M | 105 |6003 |  14 |  13k|1222k|  0 |  44 |   0 |-8.166144e+10 | 7.369195e+03 |    Inf |   2.64%
 6742s| 24800 |  4789 |130920k|5279.2 |  1815M | 105 |6003 |  14 |   0 |1222k|  0 |  44 |   0 |-8.166144e+10 | 7.369195e+03 |    Inf |   2.64%
 6756s| 24900 |  4793 |131269k|5272.0 |  1815M | 105 |6003 |  14 |  16k|1222k|  0 |  44 |   0 |-8.166144e+10 | 7.369195e+03 |    Inf |   2.79%
 6771s| 25000 |  4799 |131641k|5265.8 |  1817M | 105 |6003 |  13 |  13k|1223k|  0 |  44 |   0 |-8.166144e+10 | 7.369195e+03 |    Inf |   2.79%
 6798s| 25100 |  4823 |132173k|5266.0 |  1820M | 105 |6003 |  14 |  14k|1229k|  0 |  45 |   0 |-8.166144e+10 | 7.369195e+03 |    Inf |   2.79%
 6840s| 25200 |  4847 |133003k|5278.0 |  1823M | 105 |6003 |  14 |   0 |1236k|  0 |  45 |   0 |-8.166144e+10 | 7.369195e+03 |    Inf |   2.79%
 6862s| 25300 |  4851 |133490k|5276.4 |  1823M | 105 |6003 |  14 |   0 |1238k|  0 |  45 |   0 |-8.166144e+10 | 7.369195e+03 |    Inf |   2.79%
 time | node  | left  |LP iter|LP it/n|mem/heur|mdpt |vars |cons |rows |cuts |sepa|confs|strbr|  dualbound   | primalbound  |  gap   | compl. 
 6885s| 25400 |  4895 |133870k|5270.6 |  1830M | 105 |6003 |  15 |   0 |1247k|  0 |  46 |   0 |-8.166144e+10 | 7.369195e+03 |    Inf |   2.79%
 6903s| 25500 |  4895 |134299k|5266.8 |  1830M | 105 |6003 |  15 |   0 |1249k|  0 |  46 |   0 |-8.166144e+10 | 7.369195e+03 |    Inf |   2.79%
 6930s| 25600 |  4901 |134833k|5267.1 |  1832M | 105 |6003 |  14 |   0 |1251k|  0 |  46 |   0 |-8.166144e+10 | 7.369195e+03 |    Inf |   2.79%
 6978s| 25700 |  4961 |135656k|5278.6 |  1837M | 105 |6003 |  15 |  15k|1264k|  1 |  47 |   0 |-8.166144e+10 | 7.369195e+03 |    Inf |   2.79%
 7002s| 25800 |  4973 |136134k|5276.7 |  1841M | 105 |6003 |  15 |  14k|1268k|  0 |  47 |   0 |-8.166144e+10 | 7.369195e+03 |    Inf |   2.79%
 7023s| 25900 |  4977 |136597k|5274.2 |  1842M | 105 |6003 |  14 |   0 |1270k|  0 |  47 |   0 |-8.166144e+10 | 7.369195e+03 |    Inf |   2.79%
 7042s| 26000 |  4983 |137057k|5271.6 |  1843M | 105 |6003 |  14 |   0 |1272k|  0 |  47 |   0 |-8.166144e+10 | 7.369195e+03 |    Inf |   2.79%
 7067s| 26100 |  4993 |137486k|5267.8 |  1843M | 105 |6003 |  14 |   0 |1275k|  0 |  47 |   0 |-8.166144e+10 | 7.369195e+03 |    Inf |   2.79%
 7078s| 26200 |  4997 |137785k|5259.1 |  1844M | 105 |6003 |  14 |  15k|1275k|  0 |  47 |   0 |-8.166144e+10 | 7.369195e+03 |    Inf |   2.81%
 7093s| 26300 |  4999 |138165k|5253.6 |  1845M | 105 |6003 |  14 |  16k|1275k|  0 |  47 |   0 |-8.166144e+10 | 7.369195e+03 |    Inf |   2.81%
 7109s| 26400 |  5005 |138538k|5247.8 |  1846M | 105 |6003 |  14 |   0 |1278k|  0 |  47 |   0 |-8.166144e+10 | 7.369195e+03 |    Inf |   2.81%
 7120s| 26500 |  5009 |138862k|5240.2 |  1849M | 105 |6003 |  13 |9000 |1279k|  2 |  47 |   0 |-8.166144e+10 | 7.369195e+03 |    Inf |   2.84%
 7139s| 26600 |  5031 |139150k|5231.3 |  1851M | 105 |6003 |  13 |   0 |1284k|  0 |  47 |   0 |-8.166144e+10 | 7.369195e+03 |    Inf |   2.84%
 7169s| 26700 |  5061 |139742k|5233.9 |  1858M | 105 |6003 |  13 |  17k|1291k|  2 |  47 |   0 |-8.166144e+10 | 7.369195e+03 |    Inf |   2.84%
 7214s| 26800 |  5093 |140560k|5244.9 |  1863M | 105 |6003 |  13 |   0 |1300k|  0 |  47 |   0 |-8.166144e+10 | 7.369195e+03 |    Inf |   2.84%
 time | node  | left  |LP iter|LP it/n|mem/heur|mdpt |vars |cons |rows |cuts |sepa|confs|strbr|  dualbound   | primalbound  |  gap   | compl. 
 7230s| 26900 |  5101 |140948k|5239.8 |  1863M | 105 |6003 |  13 |  13k|1302k|  0 |  47 |   0 |-8.166144e+10 | 7.369195e+03 |    Inf |   2.84%
 7243s| 27000 |  5103 |141301k|5233.5 |  1864M | 105 |6003 |  13 |  13k|1303k|  0 |  47 |   0 |-8.166144e+10 | 7.369195e+03 |    Inf |   2.84%
 7255s| 27100 |  5109 |141605k|5225.4 |  1864M | 105 |6003 |  13 |  12k|1304k|  0 |  47 |   0 |-8.166144e+10 | 7.369195e+03 |    Inf |   2.84%
 7266s| 27200 |  5111 |141918k|5217.7 |  1864M | 105 |6003 |  13 |  14k|1304k|  2 |  47 |   0 |-8.166144e+10 | 7.369195e+03 |    Inf |   2.84%
 7278s| 27300 |  5113 |142225k|5209.9 |  1864M | 105 |6003 |  13 |  12k|1304k|  0 |  47 |   0 |-8.166144e+10 | 7.369195e+03 |    Inf |   2.84%
 7288s| 27400 |  5137 |142496k|5200.7 |  1868M | 105 |6003 |  13 |   0 |1310k|  0 |  47 |   0 |-8.166144e+10 | 7.369195e+03 |    Inf |   2.98%
 7297s| 27500 |  5139 |142773k|5191.9 |  1868M | 105 |6003 |  13 |7796 |1310k|  0 |  47 |   0 |-8.166144e+10 | 7.369195e+03 |    Inf |   2.99%
 7317s| 27600 |  5141 |143186k|5188.0 |  1868M | 105 |6003 |  13 |  20k|1311k|  0 |  47 |   0 |-8.166144e+10 | 7.369195e+03 |    Inf |   2.99%
 7359s| 27700 |  5153 |143864k|5193.8 |  1868M | 105 |6003 |  13 |   0 |1315k|  0 |  47 |   0 |-8.166144e+10 | 7.369195e+03 |    Inf |   2.99%
 7370s| 27800 |  5153 |144161k|5185.8 |  1868M | 105 |6003 |  13 |   0 |1315k|  0 |  47 |   0 |-8.166144e+10 | 7.369195e+03 |    Inf |   2.99%
 7378s| 27900 |  5155 |144433k|5176.9 |  1868M | 105 |6003 |  13 |7863 |1315k|  0 |  47 |   0 |-8.166144e+10 | 7.369195e+03 |    Inf |   3.00%
 7392s| 28000 |  5157 |144792k|5171.3 |  1868M | 105 |6003 |  13 |  18k|1315k|  0 |  47 |   0 |-8.166144e+10 | 7.369195e+03 |    Inf |   3.07%
 7430s| 28100 |  5195 |145533k|5179.2 |  1874M | 105 |6003 |  13 |  14k|1324k|  2 |  47 |   0 |-8.166144e+10 | 7.369195e+03 |    Inf |   3.07%
 7458s| 28200 |  5205 |146109k|5181.3 |  1877M | 105 |6003 |  13 |   0 |1328k|  0 |  47 |   0 |-8.166144e+10 | 7.369195e+03 |    Inf |   3.07%
 7474s| 28300 |  5217 |146485k|5176.3 |  1877M | 105 |6003 |  13 |   0 |1331k|  0 |  47 |   0 |-8.166144e+10 | 7.369195e+03 |    Inf |   3.07%
 time | node  | left  |LP iter|LP it/n|mem/heur|mdpt |vars |cons |rows |cuts |sepa|confs|strbr|  dualbound   | primalbound  |  gap   | compl. 
 7493s| 28400 |  5219 |146917k|5173.3 |  1879M | 105 |6003 |  13 |   0 |1332k|  0 |  47 |   0 |-8.166144e+10 | 7.369195e+03 |    Inf |   3.07%
 7506s| 28500 |  5225 |147250k|5166.8 |  1879M | 105 |6003 |  13 |  13k|1333k|  2 |  47 |   0 |-8.166144e+10 | 7.369195e+03 |    Inf |   3.07%
 7526s| 28600 |  5235 |147713k|5164.9 |  1881M | 105 |6003 |  13 |  14k|1336k|  0 |  47 |   0 |-8.166144e+10 | 7.369195e+03 |    Inf |   3.07%
 7563s| 28700 |  5237 |148431k|5172.0 |  1881M | 105 |6003 |  13 |  13k|1337k|  0 |  47 |   0 |-8.166144e+10 | 7.369195e+03 |    Inf |   3.07%
 7576s| 28800 |  5277 |148756k|5165.3 |  1887M | 105 |6003 |  13 |  13k|1346k|  2 |  47 |   0 |-8.166144e+10 | 7.369195e+03 |    Inf |   3.08%
 7602s| 28900 |  5289 |149307k|5166.5 |  1890M | 105 |6003 |  14 |   0 |1349k|  0 |  48 |   0 |-8.166144e+10 | 7.369195e+03 |    Inf |   3.08%
 7625s| 29000 |  5303 |149821k|5166.4 |  1891M | 105 |6003 |  14 |9139 |1353k|  2 |  48 |   0 |-8.166144e+10 | 7.369195e+03 |    Inf |   3.08%
 7641s| 29100 |  5327 |150222k|5162.4 |  1894M | 105 |6003 |  15 |  13k|1358k|  0 |  49 |   0 |-8.166144e+10 | 7.369195e+03 |    Inf |   3.08%
 7658s| 29200 |  5331 |150652k|5159.4 |  1895M | 105 |6003 |  15 |  13k|1360k|  0 |  49 |   0 |-8.166144e+10 | 7.369195e+03 |    Inf |   3.08%
 7670s| 29300 |  5333 |150962k|5152.4 |  1895M | 105 |6003 |  14 |  12k|1360k|  0 |  49 |   0 |-8.166144e+10 | 7.369195e+03 |    Inf |   3.08%
 7682s| 29400 |  5335 |151288k|5146.0 |  1895M | 105 |6003 |  14 |   0 |1360k|  0 |  49 |   0 |-8.166144e+10 | 7.369195e+03 |    Inf |   3.08%
 7695s| 29500 |  5347 |151615k|5139.6 |  1897M | 105 |6003 |  13 |  14k|1362k|  0 |  49 |   0 |-8.166144e+10 | 7.369195e+03 |    Inf |   3.08%
 7707s| 29600 |  5349 |151934k|5133.0 |  1898M | 105 |6003 |  13 |   0 |1363k|  0 |  49 |   0 |-8.166144e+10 | 7.369195e+03 |    Inf |   3.08%
 7761s| 29700 |  5385 |152914k|5148.7 |  1900M | 105 |6003 |  13 |  13k|1371k|  0 |  49 |   0 |-8.166144e+10 | 7.369195e+03 |    Inf |   3.08%
 7776s| 29800 |  5389 |153288k|5144.0 |  1902M | 105 |6003 |  13 |  13k|1372k|  0 |  49 |   0 |-8.166144e+10 | 7.369195e+03 |    Inf |   3.08%
 time | node  | left  |LP iter|LP it/n|mem/heur|mdpt |vars |cons |rows |cuts |sepa|confs|strbr|  dualbound   | primalbound  |  gap   | compl. 
 7791s| 29900 |  5391 |153657k|5139.1 |  1903M | 105 |6003 |  13 |   0 |1373k|  0 |  49 |   0 |-8.166144e+10 | 7.369195e+03 |    Inf |   3.08%
 7802s| 30000 |  5395 |153962k|5132.2 |  1903M | 105 |6003 |  13 |   0 |1373k|  0 |  49 |   0 |-8.166144e+10 | 7.369195e+03 |    Inf |   3.09%
 7837s| 30100 |  5411 |154711k|5140.0 |  1906M | 105 |6003 |  13 |   0 |1379k|  0 |  49 |   0 |-8.166144e+10 | 7.369195e+03 |    Inf |   3.09%
 7875s| 30200 |  5453 |155457k|5147.7 |  1911M | 105 |6003 |  14 |   0 |1388k|  0 |  50 |   0 |-8.166144e+10 | 7.369195e+03 |    Inf |   3.09%
 7898s| 30300 |  5497 |155920k|5146.0 |  1915M | 105 |6003 |  14 |  14k|1398k|  2 |  50 |   0 |-8.166144e+10 | 7.369195e+03 |    Inf |   3.09%
 7927s| 30400 |  5505 |156504k|5148.3 |  1917M | 105 |6003 |  14 |   0 |1401k|  0 |  50 |   0 |-8.166144e+10 | 7.369195e+03 |    Inf |   3.09%
 7979s| 30500 |  5517 |157406k|5161.0 |  1919M | 135 |6003 |  15 |   0 |1405k|  0 |  51 |   0 |-8.166144e+10 | 7.369195e+03 |    Inf |   3.09%
 7991s| 30600 |  5519 |157717k|5154.3 |  1920M | 135 |6003 |  15 |  12k|1406k|  0 |  51 |   0 |-8.166144e+10 | 7.369195e+03 |    Inf |   3.09%
 8024s| 30700 |  5555 |158381k|5159.1 |  1922M | 135 |6003 |  15 |  12k|1413k|  0 |  51 |   0 |-8.166144e+10 | 7.369195e+03 |    Inf |   3.09%
 8034s| 30800 |  5561 |158678k|5152.0 |  1924M | 135 |6003 |  14 |  13k|1414k|  2 |  51 |   0 |-8.166144e+10 | 7.369195e+03 |    Inf |   3.09%
 8065s| 30900 |  5589 |159322k|5156.2 |  1929M | 135 |6003 |  14 |  13k|1422k|  0 |  51 |   0 |-8.166144e+10 | 7.369195e+03 |    Inf |   3.09%
 8102s| 31000 |  5613 |160090k|5164.3 |  1931M | 135 |6003 |  16 |   0 |1431k|  0 |  53 |   0 |-8.166144e+10 | 7.369195e+03 |    Inf |   3.09%
 8117s| 31100 |  5665 |160401k|5157.7 |  1939M | 135 |6003 |  16 |  14k|1442k|  0 |  53 |   0 |-8.166144e+10 | 7.369195e+03 |    Inf |   3.09%
 8158s| 31200 |  5691 |161216k|5167.3 |  1943M | 135 |6003 |  17 |  15k|1450k|  0 |  54 |   0 |-8.166144e+10 | 7.369195e+03 |    Inf |   3.09%
 8197s| 31300 |  5719 |161902k|5172.7 |  2151M | 135 |6003 |  17 |   0 |1457k|  0 |  54 |   0 |-8.166144e+10 | 7.369195e+03 |    Inf |   3.09%
 time | node  | left  |LP iter|LP it/n|mem/heur|mdpt |vars |cons |rows |cuts |sepa|confs|strbr|  dualbound   | primalbound  |  gap   | compl. 
 8281s| 31400 |  5767 |163346k|5202.2 |  2155M | 135 |6003 |  17 |  16k|1470k|  2 |  54 |   0 |-8.166144e+10 | 7.369195e+03 |    Inf |   3.09%
 8346s| 31500 |  5831 |164476k|5221.6 |  2161M | 135 |6003 |  19 |  14k|1484k|  0 |  56 |   0 |-8.166144e+10 | 7.369195e+03 |    Inf |   3.09%
 8397s| 31600 |  5847 |165424k|5235.1 |  2163M | 135 |6003 |  19 |  16k|1489k|  0 |  56 |   0 |-8.166144e+10 | 7.369195e+03 |    Inf |   3.09%
 8450s| 31700 |  5871 |166397k|5249.2 |  2169M | 135 |6003 |  19 |   0 |1497k|  0 |  56 |   0 |-8.166144e+10 | 7.369195e+03 |    Inf |   3.09%
 8488s| 31800 |  5943 |167084k|5254.3 |  2175M | 135 |6003 |  19 |  14k|1512k|  2 |  56 |   0 |-8.166144e+10 | 7.369195e+03 |    Inf |   3.09%
 8513s| 31900 |  5951 |167604k|5254.1 |  2178M | 135 |6003 |  18 |  13k|1514k|  1 |  56 |   0 |-8.166144e+10 | 7.369195e+03 |    Inf |   3.09%
 8548s| 32000 |  5963 |168304k|5259.6 |  2180M | 135 |6003 |  16 |   0 |1518k|  0 |  56 |   0 |-8.166144e+10 | 7.369195e+03 |    Inf |   3.09%
 8581s| 32100 |  5985 |168989k|5264.6 |  2184M | 135 |6003 |  16 |   0 |1524k|  0 |  56 |   0 |-8.166144e+10 | 7.369195e+03 |    Inf |   3.09%
 8618s| 32200 |  5995 |169741k|5271.6 |  2186M | 135 |6003 |  14 |   0 |1528k|  0 |  56 |   0 |-8.166144e+10 | 7.369195e+03 |    Inf |   3.09%
 8644s| 32300 |  6013 |170316k|5273.1 |  2189M | 135 |6003 |  14 |  14k|1533k|  2 |  56 |   0 |-8.166144e+10 | 7.369195e+03 |    Inf |   3.09%
 8689s| 32400 |  6091 |171164k|5283.0 |  2198M | 135 |6003 |  14 |  13k|1550k|  2 |  56 |   0 |-8.166144e+10 | 7.369195e+03 |    Inf |   3.09%
 8734s| 32500 |  6127 |172056k|5294.1 |  2202M | 135 |6003 |  14 |  15k|1559k|  0 |  56 |   0 |-8.166144e+10 | 7.369195e+03 |    Inf |   3.09%
 8763s| 32600 |  6157 |172660k|5296.4 |  2206M | 135 |6003 |  14 |  12k|1565k|  2 |  56 |   0 |-8.166144e+10 | 7.369195e+03 |    Inf |   3.09%
 8783s| 32700 |  6177 |173103k|5293.8 |  2208M | 135 |6003 |  16 |  13k|1570k|  0 |  58 |   0 |-8.166144e+10 | 7.369195e+03 |    Inf |   3.09%
 8805s| 32800 |  6181 |173610k|5293.1 |  2211M | 135 |6003 |  16 |   0 |1572k|  0 |  58 |   0 |-8.166144e+10 | 7.369195e+03 |    Inf |   3.09%
 time | node  | left  |LP iter|LP it/n|mem/heur|mdpt |vars |cons |rows |cuts |sepa|confs|strbr|  dualbound   | primalbound  |  gap   | compl. 
 8824s| 32900 |  6191 |174076k|5291.2 |  2212M | 135 |6003 |  15 |  14k|1575k|  2 |  58 |   0 |-8.166144e+10 | 7.369195e+03 |    Inf |   3.09%
 8846s| 33000 |  6193 |174551k|5289.6 |  2213M | 135 |6003 |  15 |  15k|1577k|  0 |  58 |   0 |-8.166144e+10 | 7.369195e+03 |    Inf |   3.09%
 8879s| 33100 |  6215 |175247k|5294.6 |  2217M | 135 |6003 |  13 |   0 |1582k|  0 |  58 |   0 |-8.166144e+10 | 7.369195e+03 |    Inf |   3.09%
 8908s| 33200 |  6231 |175852k|5296.9 |  2219M | 135 |6003 |  13 |  14k|1586k|  0 |  58 |   0 |-8.166144e+10 | 7.369195e+03 |    Inf |   3.09%
 8948s| 33300 |  6251 |176606k|5303.6 |  2220M | 135 |6003 |  13 |   0 |1592k|  0 |  58 |   0 |-8.166144e+10 | 7.369195e+03 |    Inf |   3.09%
 8968s| 33400 |  6263 |177081k|5301.9 |  2221M | 135 |6003 |  13 |   0 |1595k|  0 |  58 |   0 |-8.166144e+10 | 7.369195e+03 |    Inf |   3.09%
 8986s| 33500 |  6267 |177495k|5298.5 |  2222M | 135 |6003 |  13 |  14k|1596k|  0 |  58 |   0 |-8.166144e+10 | 7.369195e+03 |    Inf |   3.09%
 9013s| 33600 |  6279 |178052k|5299.3 |  2223M | 135 |6003 |  13 |   0 |1600k|  0 |  58 |   0 |-8.166144e+10 | 7.369195e+03 |    Inf |   3.09%
 9082s| 33700 |  6305 |179222k|5318.3 |  2226M | 135 |6003 |  13 |8967 |1607k|  2 |  58 |   0 |-8.166144e+10 | 7.369195e+03 |    Inf |   3.09%
 9125s| 33800 |  6349 |180046k|5326.9 |  2231M | 135 |6003 |  15 |   0 |1618k|  0 |  60 |   0 |-8.166144e+10 | 7.369195e+03 |    Inf |   3.09%
 9150s| 33900 |  6405 |180573k|5326.8 |  2236M | 135 |6003 |  15 |  12k|1630k|  0 |  60 |   0 |-8.166144e+10 | 7.369195e+03 |    Inf |   3.09%
 9171s| 34000 |  6409 |181047k|5325.0 |  2237M | 135 |6003 |  15 |  13k|1632k|  0 |  60 |   0 |-8.166144e+10 | 7.369195e+03 |    Inf |   3.09%
 9190s| 34100 |  6445 |181480k|5322.1 |  2241M | 135 |6003 |  15 |   0 |1640k|  0 |  60 |   0 |-8.166144e+10 | 7.369195e+03 |    Inf |   3.09%
 9202s| 34200 |  6469 |181768k|5315.0 |  2247M | 135 |6003 |  15 |   0 |1647k|  0 |  60 |   0 |-8.166144e+10 | 7.369195e+03 |    Inf |   3.12%
 9221s| 34300 |  6527 |182170k|5311.2 |  2253M | 135 |6003 |  15 |  12k|1659k|  0 |  60 |   0 |-8.166144e+10 | 7.369195e+03 |    Inf |   3.13%
 time | node  | left  |LP iter|LP it/n|mem/heur|mdpt |vars |cons |rows |cuts |sepa|confs|strbr|  dualbound   | primalbound  |  gap   | compl. 
 9238s| 34400 |  6541 |182597k|5308.2 |  2257M | 135 |6003 |  14 |  12k|1663k|  0 |  60 |   0 |-8.166144e+10 | 7.369195e+03 |    Inf |   3.13%
 9260s| 34500 |  6575 |183030k|5305.3 |  2261M | 135 |6003 |  14 |  13k|1671k|  1 |  60 |   0 |-8.166144e+10 | 7.369195e+03 |    Inf |   3.13%
 9276s| 34600 |  6581 |183430k|5301.6 |  2263M | 135 |6003 |  14 |  12k|1673k|  0 |  60 |   0 |-8.166144e+10 | 7.369195e+03 |    Inf |   3.13%
 9296s| 34700 |  6585 |183913k|5300.2 |  2265M | 135 |6003 |  14 |  13k|1674k|  1 |  60 |   0 |-8.166144e+10 | 7.369195e+03 |    Inf |   3.13%
 9318s| 34800 |  6595 |184383k|5298.5 |  2265M | 135 |6003 |  14 |  12k|1677k|  0 |  60 |   0 |-8.166144e+10 | 7.369195e+03 |    Inf |   3.13%
 9330s| 34900 |  6617 |184684k|5291.9 |  2270M | 135 |6003 |  13 |  11k|1683k|  9 |  60 |   0 |-8.166144e+10 | 7.369195e+03 |    Inf |   3.13%
 9359s| 35000 |  6633 |185310k|5294.7 |  2273M | 135 |6003 |  13 |   0 |1687k|  0 |  60 |   0 |-8.166144e+10 | 7.369195e+03 |    Inf |   3.13%
 9407s| 35100 |  6649 |186244k|5306.2 |  2274M | 135 |6003 |  13 |   0 |1692k|  0 |  60 |   0 |-8.166144e+10 | 7.369195e+03 |    Inf |   3.13%
 9469s| 35200 |  6671 |187422k|5324.6 |  2277M | 135 |6003 |  13 |  15k|1699k|  2 |  60 |   0 |-8.166144e+10 | 7.369195e+03 |    Inf |   3.13%
 9519s| 35300 |  6693 |188300k|5334.4 |  2279M | 135 |6003 |  14 |  12k|1704k|  0 |  61 |   0 |-8.166144e+10 | 7.369195e+03 |    Inf |   3.13%
 9541s| 35400 |  6721 |188762k|5332.4 |  2282M | 135 |6003 |  14 |  11k|1711k|  2 |  61 |   0 |-8.166144e+10 | 7.369195e+03 |    Inf |   3.13%
 9554s| 35500 |  6737 |189081k|5326.3 |  2285M | 135 |6003 |  14 |   0 |1714k|  0 |  61 |   0 |-8.166144e+10 | 7.369195e+03 |    Inf |   3.13%
 9575s| 35600 |  6751 |189512k|5323.5 |  2288M | 135 |6003 |  14 |9690 |1717k|  2 |  61 |   0 |-8.166144e+10 | 7.369195e+03 |    Inf |   3.13%
 9601s| 35700 |  6799 |190034k|5323.2 |  2295M | 135 |6003 |  14 |  11k|1728k|  2 |  61 |   0 |-8.166144e+10 | 7.369195e+03 |    Inf |   3.13%
 9627s| 35800 |  6813 |190562k|5323.1 |  2297M | 135 |6003 |  14 |   0 |1731k|  0 |  61 |   0 |-8.166144e+10 | 7.369195e+03 |    Inf |   3.13%
 time | node  | left  |LP iter|LP it/n|mem/heur|mdpt |vars |cons |rows |cuts |sepa|confs|strbr|  dualbound   | primalbound  |  gap   | compl. 
 9646s| 35900 |  6817 |191013k|5320.8 |  2298M | 135 |6003 |  14 |  14k|1733k|  0 |  61 |   0 |-8.166144e+10 | 7.369195e+03 |    Inf |   3.13%
 9674s| 36000 |  6829 |191606k|5322.5 |  2301M | 135 |6003 |  14 |  14k|1737k|  1 |  61 |   0 |-8.166144e+10 | 7.369195e+03 |    Inf |   3.13%
 9697s| 36100 |  6835 |192113k|5321.8 |  2303M | 135 |6003 |  13 |   0 |1739k|  0 |  61 |   0 |-8.166144e+10 | 7.369195e+03 |    Inf |   3.13%
 9723s| 36200 |  6845 |192666k|5322.4 |  2305M | 135 |6003 |  13 |  14k|1742k|  0 |  61 |   0 |-8.166144e+10 | 7.369195e+03 |    Inf |   3.13%
 9751s| 36300 |  6855 |193201k|5322.4 |  2307M | 135 |6003 |  13 |  13k|1745k|  0 |  61 |   0 |-8.166144e+10 | 7.369195e+03 |    Inf |   3.13%
 9797s| 36400 |  6873 |194065k|5331.6 |  2310M | 135 |6003 |  13 |  17k|1751k|  2 |  61 |   0 |-8.166144e+10 | 7.369195e+03 |    Inf |   3.13%
 9811s| 36500 |  6885 |194386k|5325.7 |  2311M | 135 |6003 |  14 |   0 |1755k|  0 |  62 |   0 |-8.166144e+10 | 7.369195e+03 |    Inf |   3.13%
 9825s| 36600 |  6885 |194747k|5321.1 |  2311M | 135 |6003 |  14 |   0 |1756k|  0 |  62 |   0 |-8.166144e+10 | 7.369195e+03 |    Inf |   3.13%
 9854s| 36700 |  6889 |195359k|5323.2 |  2313M | 135 |6003 |  14 |   0 |1758k|  0 |  62 |   0 |-8.166144e+10 | 7.369195e+03 |    Inf |   3.13%
 9874s| 36800 |  6891 |195808k|5321.0 |  2313M | 135 |6003 |  14 |  13k|1758k|  0 |  62 |   0 |-8.166144e+10 | 7.369195e+03 |    Inf |   3.13%
 9889s| 36900 |  6899 |196171k|5316.4 |  2315M | 135 |6003 |  13 |   0 |1761k|  0 |  62 |   0 |-8.166144e+10 | 7.369195e+03 |    Inf |   3.13%
 9911s| 37000 |  6935 |196657k|5315.2 |  2319M | 135 |6003 |  13 |  14k|1769k|  2 |  62 |   0 |-8.166144e+10 | 7.369195e+03 |    Inf |   3.13%
 9932s| 37100 |  6943 |197126k|5313.5 |  2321M | 135 |6003 |  13 |  15k|1772k|  0 |  62 |   0 |-8.166144e+10 | 7.369195e+03 |    Inf |   3.13%
 9953s| 37200 |  6945 |197599k|5311.9 |  2321M | 135 |6003 |  13 |  14k|1774k|  0 |  62 |   0 |-8.166144e+10 | 7.369195e+03 |    Inf |   3.13%
 9977s| 37300 |  6977 |198093k|5310.9 |  2327M | 135 |6003 |  13 |  12k|1781k|  2 |  62 |   0 |-8.166144e+10 | 7.369195e+03 |    Inf |   3.13%
 time | node  | left  |LP iter|LP it/n|mem/heur|mdpt |vars |cons |rows |cuts |sepa|confs|strbr|  dualbound   | primalbound  |  gap   | compl. 
  167m| 37400 |  7001 |198691k|5312.7 |  2331M | 135 |6003 |  14 |   0 |1787k|  0 |  63 |   0 |-8.166144e+10 | 7.369195e+03 |    Inf |   3.13%
  167m| 37500 |  7013 |199201k|5312.1 |  2333M | 135 |6003 |  14 |  14k|1790k|  0 |  63 |   0 |-8.166144e+10 | 7.369195e+03 |    Inf |   3.13%
  168m| 37600 |  7021 |199745k|5312.5 |  2333M | 135 |6003 |  14 |   0 |1793k|  0 |  63 |   0 |-8.166144e+10 | 7.369195e+03 |    Inf |   3.13%
  168m| 37700 |  7033 |200382k|5315.3 |  2335M | 135 |6003 |  14 |  14k|1796k|  0 |  63 |   0 |-8.166144e+10 | 7.369195e+03 |    Inf |   3.13%
  169m| 37800 |  7043 |200953k|5316.3 |  2337M | 135 |6003 |  13 |  15k|1799k|  0 |  63 |   0 |-8.166144e+10 | 7.369195e+03 |    Inf |   3.13%
  169m| 37900 |  7047 |201451k|5315.4 |  2338M | 135 |6003 |  13 |  13k|1801k|  2 |  63 |   0 |-8.166144e+10 | 7.369195e+03 |    Inf |   3.13%
  169m| 38000 |  7071 |201809k|5310.9 |  2342M | 135 |6003 |  13 |  11k|1807k|  2 |  63 |   0 |-8.166144e+10 | 7.369195e+03 |    Inf |   3.13%
  170m| 38100 |  7081 |202186k|5306.8 |  2344M | 135 |6003 |  13 |   0 |1809k|  0 |  63 |   0 |-8.166144e+10 | 7.369195e+03 |    Inf |   3.13%
  170m| 38200 |  7097 |202779k|5308.4 |  2345M | 135 |6003 |  13 |  14k|1814k|  1 |  63 |   0 |-8.166144e+10 | 7.369195e+03 |    Inf |   3.13%
  171m| 38300 |  7129 |203556k|5314.9 |  2350M | 135 |6003 |  15 |  14k|1823k|  0 |  65 |   0 |-8.166144e+10 | 7.369195e+03 |    Inf |   3.13%
  171m| 38400 |  7153 |203954k|5311.4 |  2354M | 135 |6003 |  15 |  12k|1829k|  2 |  65 |   0 |-8.166144e+10 | 7.369195e+03 |    Inf |   3.13%
  172m| 38500 |  7189 |204661k|5316.0 |  2359M | 135 |6003 |  15 |  14k|1836k|  2 |  65 |   0 |-8.166144e+10 | 7.369195e+03 |    Inf |   3.13%
  172m| 38600 |  7197 |205247k|5317.4 |  2360M | 135 |6003 |  15 |  15k|1839k|  0 |  65 |   0 |-8.166144e+10 | 7.369195e+03 |    Inf |   3.13%
  173m| 38700 |  7199 |205751k|5316.7 |  2362M | 135 |6003 |  15 |   0 |1840k|  0 |  65 |   0 |-8.166144e+10 | 7.369195e+03 |    Inf |   3.13%
  173m| 38800 |  7233 |206018k|5309.8 |  2366M | 135 |6003 |  15 |   0 |1847k|  0 |  65 |   0 |-8.166144e+10 | 7.369195e+03 |    Inf |   3.13%
 time | node  | left  |LP iter|LP it/n|mem/heur|mdpt |vars |cons |rows |cuts |sepa|confs|strbr|  dualbound   | primalbound  |  gap   | compl. 
  173m| 38900 |  7237 |206337k|5304.4 |  2366M | 135 |6003 |  14 |   0 |1847k|  0 |  65 |   0 |-8.166144e+10 | 7.369195e+03 |    Inf |   3.13%
  173m| 39000 |  7241 |206690k|5299.8 |  2367M | 135 |6003 |  14 |9710 |1848k|  0 |  65 |   0 |-8.166144e+10 | 7.369195e+03 |    Inf |   3.16%
  174m| 39100 |  7253 |207270k|5301.1 |  2367M | 135 |6003 |  14 |  14k|1851k|  2 |  65 |   0 |-8.166144e+10 | 7.369195e+03 |    Inf |   3.16%
  175m| 39200 |  7299 |208862k|5328.2 |  2372M | 135 |6003 |  14 |  14k|1862k|  0 |  65 |   0 |-8.166144e+10 | 7.369195e+03 |    Inf |   3.16%
  176m| 39300 |  7307 |209501k|5330.9 |  2373M | 135 |6003 |  14 |   0 |1864k|  0 |  65 |   0 |-8.166144e+10 | 7.369195e+03 |    Inf |   3.16%
  176m| 39400 |  7313 |210166k|5334.3 |  2373M | 135 |6003 |  14 |  14k|1866k|  0 |  65 |   0 |-8.166144e+10 | 7.369195e+03 |    Inf |   3.16%
  177m| 39500 |  7323 |210868k|5338.5 |  2376M | 135 |6003 |  14 |  17k|1871k|  2 |  65 |   0 |-8.166144e+10 | 7.369195e+03 |    Inf |   3.16%
  177m| 39600 |  7343 |211414k|5338.8 |  2377M | 135 |6003 |  15 |   0 |1876k|  0 |  66 |   0 |-8.166144e+10 | 7.369195e+03 |    Inf |   3.16%
  178m| 39700 |  7361 |212045k|5341.3 |  2378M | 135 |6003 |  15 |   0 |1881k|  0 |  66 |   0 |-8.166144e+10 | 7.369195e+03 |    Inf |   3.16%
  178m| 39800 |  7413 |212298k|5334.2 |  2387M | 135 |6003 |  16 |   0 |1892k|  0 |  67 |   0 |-8.166144e+10 | 7.369195e+03 |    Inf |   3.16%
  178m| 39900 |  7417 |212610k|5328.7 |  2388M | 135 |6003 |  16 |   0 |1892k|  0 |  67 |   0 |-8.166144e+10 | 7.369195e+03 |    Inf |   3.16%
  179m| 40000 |  7427 |212967k|5324.3 |  2389M | 135 |6003 |  16 |   0 |1894k|  0 |  67 |   0 |-8.166144e+10 | 7.369195e+03 |    Inf |   3.16%
  179m| 40100 |  7431 |213293k|5319.1 |  2389M | 135 |6003 |  16 |   0 |1894k|  0 |  67 |   0 |-8.166144e+10 | 7.369195e+03 |    Inf |   3.16%
  179m| 40200 |  7439 |213679k|5315.5 |  2391M | 135 |6003 |  16 |  14k|1895k|  0 |  67 |   0 |-8.166144e+10 | 7.369195e+03 |    Inf |   3.16%
  179m| 40300 |  7449 |214161k|5314.3 |  2392M | 135 |6003 |  15 |  13k|1898k|  0 |  67 |   0 |-8.166144e+10 | 7.369195e+03 |    Inf |   3.16%
 time | node  | left  |LP iter|LP it/n|mem/heur|mdpt |vars |cons |rows |cuts |sepa|confs|strbr|  dualbound   | primalbound  |  gap   | compl. 
  180m| 40400 |  7455 |214566k|5311.1 |  2394M | 135 |6003 |  15 |   0 |1900k|  0 |  67 |   0 |-8.166144e+10 | 7.369195e+03 |    Inf |   3.16%

SCIP Status        : solving was interrupted [time limit reached]
Solving Time (sec) : 10800.00
Solving Nodes      : 40478
Primal Bound       : +7.36919547832767e+03 (1 solutions)
Dual Bound         : -8.16614424589856e+10
Gap                : infinite

