Solver command line: ['/cvmfs/soft.computecanada.ca/easybuild/software/2023/x86-64-v4/Compiler/gcc12/scipoptsuite/9.0.0/bin/scip', '/tmp/tmp554ymp1b.pyomo', '-AMPL']

SCIP version 9.0.0 [precision: 8 byte] [memory: block] [mode: optimized] [LP solver: Soplex 7.0.0] [GitHash: 7205bedd94]
Copyright (c) 2002-2024 Zuse Institute Berlin (ZIB)

External libraries: 
  Readline 8.1         GNU library for command line editing (gnu.org/s/readline)
  Soplex 7.0.0         Linear Programming Solver developed at Zuse Institute Berlin (soplex.zib.de) [GitHash: 6657fb3b]
  CppAD 20180000.0     Algorithmic Differentiation of C++ algorithms developed by B. Bell (github.com/coin-or/CppAD)
  ZLIB 1.2.13          General purpose compression library by J. Gailly and M. Adler (zlib.net)
  GMP 6.2.1            GNU Multiple Precision Arithmetic Library developed by T. Granlund (gmplib.org)
  ZIMPL 3.5.3          Zuse Institute Mathematical Programming Language developed by T. Koch (zimpl.zib.de)
  AMPL/MP 690e9e7      AMPL .nl file reader library (github.com/ampl/mp)
  PaPILO 2.2.0         parallel presolve for integer and linear optimization (github.com/scipopt/papilo) (built with TBB) [GitHash: df30ae49]
  bliss 0.77           Computing Graph Automorphisms by T. Junttila and P. Kaski (users.aalto.fi/~tjunttil/bliss)
  sassy 1.1            Symmetry preprocessor by Markus Anders (github.com/markusa4/sassy)
  Ipopt 3.14.14        Interior Point Optimizer developed by A. Waechter et.al. (github.com/coin-or/Ipopt)

reading user parameter file <scip.set>
===========================

limits/time = 10800

read problem </tmp/tmp554ymp1b.pyomo.nl>
============

original problem has 2001 variables (0 bin, 1000 int, 0 impl, 1001 cont) and 5 constraints

solve problem
=============

presolving:
(round 1, fast)       0 del vars, 0 del conss, 0 add conss, 2001 chg bounds, 1 chg sides, 0 chg coeffs, 0 upgd conss, 0 impls, 0 clqs
   (0.1s) symmetry computation started: requiring (bin +, int +, cont +), (fixed: bin -, int -, cont -)
   (0.1s) no symmetry present (symcode time: 0.00)
presolving (2 rounds: 2 fast, 1 medium, 1 exhaustive):
 0 deleted vars, 0 deleted constraints, 0 added constraints, 2001 tightened bounds, 0 added holes, 1 changed sides, 0 changed coefficients
 0 implications, 0 cliques
presolved problem has 2001 variables (0 bin, 1000 int, 0 impl, 1001 cont) and 5 constraints
      3 constraints of type <linear>
      2 constraints of type <nonlinear>
Presolving Time: 0.12

 time | node  | left  |LP iter|LP it/n|mem/heur|mdpt |vars |cons |rows |cuts |sepa|confs|strbr|  dualbound   | primalbound  |  gap   | compl. 
  7.3s|     1 |     0 |  2004 |     - |   141M |   0 |6003 |   5 |6005 |   0 |  0 |   0 |   0 |-3.924364e+11 |      --      |    Inf | unknown
L 7.6s|     1 |     0 |  2004 |     - |  subnlp|   0 |6003 |   5 |6005 |   0 |  0 |   0 |   0 |-3.924364e+11 | 8.095591e+03 |    Inf | unknown
  7.6s|     1 |     0 |  3061 |     - |   143M |   0 |6003 |   5 |7006 |1001 |  1 |   0 |   0 |-3.924364e+11 | 8.095591e+03 |    Inf | unknown
  7.6s|     1 |     0 |  3061 |     - |   143M |   0 |6003 |   5 |7006 |1001 |  1 |   0 |   0 |-3.924364e+11 | 8.095591e+03 |    Inf | unknown
  7.7s|     1 |     0 |  4067 |     - |   145M |   0 |6003 |   5 |8008 |2003 |  2 |   0 |   0 |-3.924364e+11 | 8.095591e+03 |    Inf | unknown
  7.7s|     1 |     0 |  5076 |     - |   147M |   0 |6003 |   5 |9011 |3006 |  3 |   0 |   0 |-3.924364e+11 | 8.095591e+03 |    Inf | unknown
  7.8s|     1 |     0 |  6092 |     - |   149M |   0 |6003 |   5 |  10k|4010 |  4 |   0 |   0 |-3.924364e+11 | 8.095591e+03 |    Inf | unknown
  7.9s|     1 |     0 |  7108 |     - |   150M |   0 |6003 |   5 |  11k|5015 |  5 |   0 |   0 |-3.924364e+11 | 8.095591e+03 |    Inf | unknown
  8.0s|     1 |     0 |  8125 |     - |   151M |   0 |6003 |   5 |  12k|6019 |  6 |   0 |   0 |-3.924364e+11 | 8.095591e+03 |    Inf | unknown
  8.0s|     1 |     0 |  9134 |     - |   154M |   0 |6003 |   5 |  13k|7023 |  7 |   0 |   0 |-3.924364e+11 | 8.095591e+03 |    Inf | unknown
  8.4s|     1 |     0 | 18518 |     - |   156M |   0 |6003 |   5 |  14k|8027 |  8 |   0 |   0 |-3.924364e+11 | 8.095591e+03 |    Inf | unknown
  8.5s|     1 |     0 | 20432 |     - |   158M |   0 |6003 |   5 |  15k|9918 |  9 |   0 |   0 |-3.924364e+11 | 8.095591e+03 |    Inf | unknown
  8.6s|     1 |     0 | 21450 |     - |   162M |   0 |6003 |   5 |  17k|  11k| 10 |   0 |   0 |-3.924364e+11 | 8.095591e+03 |    Inf | unknown
  8.8s|     1 |     0 | 23357 |     - |   165M |   0 |6003 |   5 |  19k|  13k| 11 |   0 |   0 |-3.924364e+11 | 8.095591e+03 |    Inf | unknown
  9.4s|     1 |     0 | 34839 |     - |   167M |   0 |6003 |   5 |  21k|  15k| 12 |   0 |   0 |-3.924364e+11 | 8.095591e+03 |    Inf | unknown
(node 1) unresolved numerical troubles in LP 18 -- using pseudo solution instead (loop 1)
 time | node  | left  |LP iter|LP it/n|mem/heur|mdpt |vars |cons |rows |cuts |sepa|confs|strbr|  dualbound   | primalbound  |  gap   | compl. 
 10.3s|     1 |     2 | 46588 |     - |   171M |   0 |6003 |   5 |  23k|  17k| 13 |   0 |   0 |-3.924364e+11 | 8.095591e+03 |    Inf | unknown
 59.5s|   100 |    25 |501002 |4600.2 |   184M |  39 |6003 |   7 |  28k|  26k|  3 |   2 |   0 |-3.920459e+11 | 8.095591e+03 |    Inf |   2.22%
  132s|   200 |    29 |  1098k|5290.9 |   188M |  67 |6003 |   7 |  33k|  36k|  2 |   2 |   0 |-3.920143e+11 | 8.095591e+03 |    Inf |   2.22%
  172s|   300 |    55 |  1478k|4792.9 |   189M |  75 |6003 |   7 |   0 |  49k|  0 |   2 |   0 |-3.920143e+11 | 8.095591e+03 |    Inf |   2.48%
  264s|   400 |    65 |  2554k|6288.6 |   194M |  83 |6003 |   8 |  34k|  57k|  2 |   3 |   0 |-3.920143e+11 | 8.095591e+03 |    Inf |   2.48%
  381s|   500 |    57 |  3847k|7620.0 |   197M | 115 |6003 |   8 |   0 |  62k|  0 |   3 |   0 |-3.920143e+11 | 8.095591e+03 |    Inf |   2.49%
  416s|   600 |    87 |  4085k|6743.8 |   205M | 115 |6003 |   8 |  33k|  75k|  4 |   3 |   0 |-3.920143e+11 | 8.095591e+03 |    Inf |   2.49%
  468s|   700 |    65 |  4614k|6536.7 |   205M | 115 |6003 |   8 |  27k|  81k|  2 |   3 |   0 |-3.920143e+11 | 8.095591e+03 |    Inf |   2.50%
  500s|   800 |    59 |  5047k|6260.1 |   205M | 115 |6003 |   8 |   0 |  89k|  0 |   3 |   0 |-3.920140e+11 | 8.095591e+03 |    Inf |   2.50%
  546s|   900 |    39 |  5759k|6355.7 |   205M | 115 |6003 |   8 |  24k|  97k|  2 |   3 |   0 |-3.919402e+11 | 8.095591e+03 |    Inf |   2.57%
  638s|  1000 |    43 |  6990k|6951.5 |   206M | 115 |6003 |   8 |  25k| 104k|  2 |   3 |   0 |-3.919402e+11 | 8.095591e+03 |    Inf |   2.57%
  679s|  1100 |    39 |  7545k|6824.0 |   206M | 115 |6003 |   8 |   0 | 112k|  0 |   3 |   0 |-3.919139e+11 | 8.095591e+03 |    Inf |   2.57%
  693s|  1200 |    43 |  7593k|6295.2 |   207M | 115 |6003 |   8 |   0 | 123k|  0 |   3 |   0 |-3.918085e+11 | 8.095591e+03 |    Inf |   2.58%
  713s|  1300 |    47 |  7754k|5934.8 |   208M | 115 |6003 |   9 |   0 | 132k|  0 |   4 |   0 |-3.918085e+11 | 8.095591e+03 |    Inf |   2.58%
  744s|  1400 |    53 |  7980k|5671.7 |   210M | 115 |6003 |   9 |  37k| 144k|  2 |   4 |   0 |-3.918085e+11 | 8.095591e+03 |    Inf |   2.58%
 time | node  | left  |LP iter|LP it/n|mem/heur|mdpt |vars |cons |rows |cuts |sepa|confs|strbr|  dualbound   | primalbound  |  gap   | compl. 
  769s|  1500 |    45 |  8207k|5444.8 |   213M | 115 |6003 |   9 |   0 | 153k|  0 |   4 |   0 |-3.918085e+11 | 8.095591e+03 |    Inf |   2.58%
  817s|  1600 |    83 |  8623k|5364.6 |   220M | 168 |6003 |  11 |   0 | 167k|  0 |   6 |   0 |-3.918085e+11 | 8.095591e+03 |    Inf |   2.58%
  848s|  1700 |    35 |  8907k|5216.2 |   219M | 168 |6003 |  11 |  37k| 171k|  2 |   6 |   0 |-3.918085e+11 | 8.095591e+03 |    Inf |   2.58%
  860s|  1800 |    35 |  9000k|4977.9 |   219M | 168 |6003 |  11 |  33k| 181k|  2 |   6 |   0 |-3.918085e+11 | 8.095591e+03 |    Inf |   2.58%
  889s|  1900 |    39 |  9258k|4851.4 |   219M | 168 |6003 |  12 |  33k| 192k|  2 |   7 |   0 |-3.918085e+11 | 8.095591e+03 |    Inf |   2.58%
  933s|  2000 |    61 |  9729k|4844.4 |   220M | 168 |6003 |  13 |   0 | 206k|  0 |   8 |   0 |-3.918085e+11 | 8.095591e+03 |    Inf |   2.58%
  978s|  2100 |    59 | 10254k|4863.7 |   220M | 168 |6003 |  13 |   0 | 215k|  0 |   8 |   0 |-3.918085e+11 | 8.095591e+03 |    Inf |   2.58%
 1009s|  2200 |    71 | 10542k|4773.5 |   222M | 168 |6003 |  13 |  42k| 226k|  2 |   8 |   0 |-3.918085e+11 | 8.095591e+03 |    Inf |   2.58%
 1031s|  2300 |    79 | 10648k|4612.1 |   226M | 168 |6003 |  13 |  45k| 237k|  2 |   8 |   0 |-3.918085e+11 | 8.095591e+03 |    Inf |   2.58%
 1049s|  2400 |    73 | 10778k|4473.7 |   229M | 178 |6003 |  14 |   0 | 247k|  0 |   9 |   0 |-3.918085e+11 | 8.095591e+03 |    Inf |   2.58%
 1087s|  2500 |    47 | 11192k|4460.6 |   229M | 178 |6003 |  14 |  39k| 254k|  2 |   9 |   0 |-3.918085e+11 | 8.095591e+03 |    Inf |   2.58%
 1124s|  2600 |    73 | 11492k|4404.4 |   229M | 178 |6003 |  14 |   0 | 267k|  0 |   9 |   0 |-3.918085e+11 | 8.095591e+03 |    Inf |   2.58%
 1153s|  2700 |    59 | 11761k|4341.0 |   231M | 178 |6003 |  15 |  42k| 276k|  2 |  10 |   0 |-3.918085e+11 | 8.095591e+03 |    Inf |   2.58%
 1186s|  2800 |     9 | 12084k|4301.0 |   220M | 178 |6003 |  13 |   0 | 280k|  0 |  10 |   0 |-3.918045e+11 | 8.095591e+03 |    Inf |   2.58%
 1317s|  2900 |    19 | 13608k|4678.5 |   219M | 178 |6003 |  13 |   0 | 287k|  0 |  10 |   0 |-3.918045e+11 | 8.095591e+03 |    Inf |   2.58%
 time | node  | left  |LP iter|LP it/n|mem/heur|mdpt |vars |cons |rows |cuts |sepa|confs|strbr|  dualbound   | primalbound  |  gap   | compl. 
 1393s|  3000 |     9 | 14775k|4911.7 |   219M | 178 |6003 |  13 |  27k| 291k|  2 |  10 |   0 |-3.917884e+11 | 8.095591e+03 |    Inf |   2.86%
 1435s|  3100 |    35 | 15204k|4891.6 |   219M | 178 |6003 |  14 |   0 | 304k|  0 |  11 |   0 |-3.917884e+11 | 8.095591e+03 |    Inf |   2.86%
 1456s|  3200 |    63 | 15370k|4790.7 |   219M | 178 |6003 |  14 |   0 | 317k|  0 |  11 |   0 |-3.917884e+11 | 8.095591e+03 |    Inf |   2.86%
 1480s|  3300 |    67 | 15590k|4711.9 |   221M | 178 |6003 |  15 |  33k| 327k|  2 |  12 |   0 |-3.917884e+11 | 8.095591e+03 |    Inf |   2.86%
 1508s|  3400 |    97 | 15806k|4636.8 |   224M | 178 |6003 |  15 |   0 | 341k|  0 |  12 |   0 |-3.917884e+11 | 8.095591e+03 |    Inf |   2.86%
 1537s|  3500 |    93 | 16042k|4571.7 |   224M | 178 |6003 |  16 |   0 | 350k|  0 |  13 |   0 |-3.917884e+11 | 8.095591e+03 |    Inf |   2.86%
 1591s|  3600 |    93 | 16694k|4626.1 |   226M | 178 |6003 |  16 |  35k| 357k|  2 |  13 |   0 |-3.917884e+11 | 8.095591e+03 |    Inf |   2.86%
 1634s|  3700 |   111 | 17174k|4630.8 |   229M | 178 |6003 |  16 |   0 | 367k|  0 |  13 |   0 |-3.917884e+11 | 8.095591e+03 |    Inf |   2.86%
 1656s|  3800 |    91 | 17362k|4558.2 |   233M | 178 |6003 |  16 |   0 | 375k|  0 |  13 |   0 |-3.917884e+11 | 8.095591e+03 |    Inf |   2.86%
 1701s|  3900 |    99 | 17794k|4552.1 |   233M | 178 |6003 |  16 |  36k| 386k|  2 |  13 |   0 |-3.917884e+11 | 8.095591e+03 |    Inf |   2.86%
 1717s|  4000 |    69 | 17942k|4475.4 |   233M | 178 |6003 |  16 |  34k| 393k|  2 |  13 |   0 |-3.917884e+11 | 8.095591e+03 |    Inf |   2.86%
 1754s|  4100 |    79 | 18287k|4450.4 |   234M | 178 |6003 |  16 |  43k| 405k|  2 |  13 |   0 |-3.917884e+11 | 8.095591e+03 |    Inf |   2.86%
 1797s|  4200 |   109 | 18631k|4426.3 |   234M | 181 |6003 |  16 |  46k| 419k|  2 |  13 |   0 |-3.917884e+11 | 8.095591e+03 |    Inf |   2.86%
 1826s|  4300 |   133 | 18847k|4373.5 |   238M | 218 |6003 |  17 |   0 | 431k|  0 |  14 |   0 |-3.917884e+11 | 8.095591e+03 |    Inf |   2.86%
 1842s|  4400 |   111 | 18975k|4303.3 |   240M | 218 |6003 |  17 |  42k| 440k|  2 |  14 |   0 |-3.917884e+11 | 8.095591e+03 |    Inf |   2.86%
 time | node  | left  |LP iter|LP it/n|mem/heur|mdpt |vars |cons |rows |cuts |sepa|confs|strbr|  dualbound   | primalbound  |  gap   | compl. 
 1859s|  4500 |   155 | 19085k|4232.0 |   241M | 218 |6003 |  17 |   0 | 454k|  0 |  14 |   0 |-3.917884e+11 | 8.095591e+03 |    Inf |   2.86%
 1900s|  4600 |   185 | 19403k|4209.3 |   245M | 218 |6003 |  18 |   0 | 467k|  0 |  15 |   0 |-3.917884e+11 | 8.095591e+03 |    Inf |   2.86%
 1937s|  4700 |   159 | 19750k|4193.4 |   248M | 218 |6003 |  19 |  47k| 475k|  0 |  16 |   0 |-3.917884e+11 | 8.095591e+03 |    Inf |   2.86%
 1962s|  4800 |   153 | 19935k|4144.6 |   248M | 218 |6003 |  19 |   0 | 484k|  0 |  16 |   0 |-3.917884e+11 | 8.095591e+03 |    Inf |   2.86%
 1985s|  4900 |   175 | 20107k|4095.0 |   251M | 220 |6003 |  19 |  50k| 497k|  2 |  16 |   0 |-3.917884e+11 | 8.095591e+03 |    Inf |   2.86%
 2017s|  5000 |   189 | 20333k|4058.4 |   255M | 269 |6003 |  20 |  47k| 508k|  2 |  17 |   0 |-3.917884e+11 | 8.095591e+03 |    Inf |   2.86%
 2057s|  5100 |   235 | 20654k|4041.7 |   260M | 269 |6003 |  20 |  54k| 523k|  2 |  17 |   0 |-3.917884e+11 | 8.095591e+03 |    Inf |   2.86%
 2076s|  5200 |   235 | 20810k|3994.1 |   263M | 285 |6003 |  21 |  53k| 533k|  2 |  18 |   0 |-3.917884e+11 | 8.095591e+03 |    Inf |   2.86%
 2118s|  5300 |   225 | 21161k|3985.0 |   265M | 285 |6003 |  21 |  53k| 542k|  2 |  18 |   0 |-3.917884e+11 | 8.095591e+03 |    Inf |   2.86%
 2144s|  5400 |   171 | 21378k|3951.3 |   266M | 285 |6003 |  21 |  47k| 547k|  2 |  18 |   0 |-3.917884e+11 | 8.095591e+03 |    Inf |   2.86%
 2156s|  5500 |   191 | 21447k|3892.0 |   267M | 285 |6003 |  20 |  51k| 559k|  2 |  18 |   0 |-3.917884e+11 | 8.095591e+03 |    Inf |   2.86%
 2159s|  5600 |   111 | 21460k|3824.8 |   267M | 285 |6003 |  20 |   0 | 561k|  0 |  18 |   0 |-3.917884e+11 | 8.095591e+03 |    Inf |   2.86%
 2180s|  5700 |   149 | 21615k|3784.9 |   263M | 285 |6003 |  20 |  37k| 575k|  2 |  18 |   0 |-3.917884e+11 | 8.095591e+03 |    Inf |   2.86%
 2205s|  5800 |   199 | 21762k|3744.9 |   264M | 286 |6003 |  20 |  54k| 590k|  2 |  18 |   0 |-3.917884e+11 | 8.095591e+03 |    Inf |   2.86%
 2233s|  5900 |   203 | 21998k|3721.4 |   266M | 311 |6003 |  21 |   0 | 600k|  0 |  19 |   0 |-3.917884e+11 | 8.095591e+03 |    Inf |   2.86%
 time | node  | left  |LP iter|LP it/n|mem/heur|mdpt |vars |cons |rows |cuts |sepa|confs|strbr|  dualbound   | primalbound  |  gap   | compl. 
 2253s|  6000 |   233 | 22132k|3681.7 |   268M | 311 |6003 |  21 |  41k| 613k|  2 |  19 |   0 |-3.917884e+11 | 8.095591e+03 |    Inf |   2.86%
 2266s|  6100 |   219 | 22214k|3634.8 |   270M | 311 |6003 |  21 |   0 | 622k|  0 |  19 |   0 |-3.917884e+11 | 8.095591e+03 |    Inf |   2.86%
 2286s|  6200 |   247 | 22356k|3599.1 |   273M | 311 |6003 |  22 |  48k| 634k|  2 |  20 |   0 |-3.917884e+11 | 8.095591e+03 |    Inf |   2.86%
 2349s|  6300 |   261 | 22984k|3641.7 |   277M | 311 |6003 |  23 |  43k| 646k|  2 |  21 |   0 |-3.917884e+11 | 8.095591e+03 |    Inf |   2.86%
 2375s|  6400 |   267 | 23175k|3614.6 |   281M | 311 |6003 |  23 |   0 | 657k|  0 |  21 |   0 |-3.917884e+11 | 8.095591e+03 |    Inf |   2.86%
 2394s|  6500 |   311 | 23296k|3577.6 |   284M | 311 |6003 |  23 |   0 | 671k|  0 |  21 |   0 |-3.917884e+11 | 8.095591e+03 |    Inf |   2.86%
 2413s|  6600 |   299 | 23434k|3544.3 |   289M | 311 |6003 |  24 |   0 | 680k|  0 |  22 |   0 |-3.917884e+11 | 8.095591e+03 |    Inf |   2.86%
 2419s|  6700 |   239 | 23475k|3497.5 |   290M | 311 |6003 |  24 |   0 | 684k|  0 |  22 |   0 |-3.917884e+11 | 8.095591e+03 |    Inf |   2.86%
 2449s|  6800 |   241 | 23746k|3485.9 |   290M | 311 |6003 |  25 |  41k| 694k|  2 |  23 |   0 |-3.917884e+11 | 8.095591e+03 |    Inf |   2.86%
 2467s|  6900 |   285 | 23867k|3453.0 |   292M | 311 |6003 |  25 |  42k| 709k|  2 |  23 |   0 |-3.917884e+11 | 8.095591e+03 |    Inf |   2.86%
 2484s|  7000 |   293 | 24005k|3423.3 |   296M | 311 |6003 |  25 |   0 | 719k|  0 |  23 |   0 |-3.917884e+11 | 8.095591e+03 |    Inf |   2.86%
 2494s|  7100 |   261 | 24049k|3381.3 |   298M | 311 |6003 |  26 |   0 | 726k|  0 |  24 |   0 |-3.917884e+11 | 8.095591e+03 |    Inf |   2.86%
 2507s|  7200 |   223 | 24106k|3342.3 |   300M | 311 |6003 |  26 |  35k| 733k|  2 |  24 |   0 |-3.917884e+11 | 8.095591e+03 |    Inf |   2.86%
 2518s|  7300 |   213 | 24179k|3306.5 |   300M | 311 |6003 |  26 |   0 | 742k|  0 |  24 |   0 |-3.917884e+11 | 8.095591e+03 |    Inf |   2.86%
 2526s|  7400 |   177 | 24217k|3266.9 |   300M | 311 |6003 |  27 |   0 | 748k|  0 |  25 |   0 |-3.917884e+11 | 8.095591e+03 |    Inf |   2.86%
 time | node  | left  |LP iter|LP it/n|mem/heur|mdpt |vars |cons |rows |cuts |sepa|confs|strbr|  dualbound   | primalbound  |  gap   | compl. 
 2550s|  7500 |   183 | 24410k|3249.1 |   296M | 311 |6003 |  27 |   0 | 759k|  0 |  25 |   0 |-3.917884e+11 | 8.095591e+03 |    Inf |   2.86%
 2557s|  7600 |   131 | 24471k|3214.3 |   293M | 311 |6003 |  26 |   0 | 763k|  0 |  25 |   0 |-3.917884e+11 | 8.095591e+03 |    Inf |   2.86%
 2570s|  7700 |   111 | 24566k|3185.0 |   274M | 311 |6003 |  26 |  53k| 771k|  2 |  25 |   0 |-3.917884e+11 | 8.095591e+03 |    Inf |   2.86%
 2635s|  7800 |    87 | 25084k|3210.5 |   274M | 311 |6003 |  28 |  45k| 779k|  2 |  27 |   0 |-3.917884e+11 | 8.095591e+03 |    Inf |   2.86%
 2682s|  7900 |   121 | 25522k|3225.4 |   274M | 311 |6003 |  28 |   0 | 792k|  0 |  27 |   0 |-3.917884e+11 | 8.095591e+03 |    Inf |   2.86%
 2760s|  8000 |    87 | 26285k|3280.5 |   273M | 311 |6003 |  29 |   0 | 796k|  0 |  28 |   0 |-3.917884e+11 | 8.095591e+03 |    Inf |   2.86%
 2788s|  8100 |    55 | 26468k|3262.5 |   265M | 311 |6003 |  29 |  32k| 803k|  2 |  28 |   0 |-3.917884e+11 | 8.095591e+03 |    Inf |   2.86%
 2800s|  8200 |    69 | 26537k|3231.2 |   264M | 311 |6003 |  29 |  36k| 814k|  2 |  28 |   0 |-3.917884e+11 | 8.095591e+03 |    Inf |   2.86%
 2818s|  8300 |    95 | 26675k|3208.8 |   264M | 311 |6003 |  29 |   0 | 827k|  0 |  28 |   0 |-3.917884e+11 | 8.095591e+03 |    Inf |   2.86%
 2836s|  8400 |    81 | 26812k|3186.9 |   264M | 311 |6003 |  29 |  41k| 835k|  2 |  28 |   0 |-3.917884e+11 | 8.095591e+03 |    Inf |   2.86%
 2845s|  8500 |    43 | 26902k|3160.0 |   264M | 311 |6003 |  30 |  29k| 841k|  0 |  29 |   0 |-3.917884e+11 | 8.095591e+03 |    Inf |   2.86%
 2927s|  8600 |    51 | 28023k|3253.6 |   264M | 311 |6003 |  30 |   0 | 849k|  0 |  29 |   0 |-3.917884e+11 | 8.095591e+03 |    Inf |   2.86%
 2973s|  8700 |    49 | 28507k|3271.9 |   264M | 311 |6003 |  30 |   0 | 858k|  0 |  29 |   0 |-3.917884e+11 | 8.095591e+03 |    Inf |   2.86%
 3045s|  8800 |    43 | 29323k|3327.4 |   261M | 311 |6003 |  31 |  33k| 867k|  2 |  30 |   0 |-3.917884e+11 | 8.095591e+03 |    Inf |   2.86%
 3084s|  8900 |    35 | 29705k|3333.0 |   262M | 311 |6003 |  30 |   0 | 878k|  0 |  30 |   0 |-3.917884e+11 | 8.095591e+03 |    Inf |   2.86%
 time | node  | left  |LP iter|LP it/n|mem/heur|mdpt |vars |cons |rows |cuts |sepa|confs|strbr|  dualbound   | primalbound  |  gap   | compl. 
 3161s|  9000 |    33 | 30704k|3406.9 |   257M | 311 |6003 |  30 |   0 | 882k|  0 |  30 |   0 |-3.917884e+11 | 8.095591e+03 |    Inf |   2.86%
 3187s|  9100 |    59 | 30986k|3400.5 |   257M | 311 |6003 |  30 |   0 | 893k|  0 |  30 |   0 |-3.917884e+11 | 8.095591e+03 |    Inf |   2.86%
 3219s|  9200 |    85 | 31271k|3394.5 |   258M | 311 |6003 |  30 |   0 | 905k|  0 |  30 |   0 |-3.917884e+11 | 8.095591e+03 |    Inf |   2.86%
 3229s|  9300 |    65 | 31352k|3366.7 |   258M | 311 |6003 |  31 |  34k| 913k|  0 |  31 |   0 |-3.917884e+11 | 8.095591e+03 |    Inf |   2.86%
 3248s|  9400 |    47 | 31588k|3355.9 |   258M | 311 |6003 |  31 |   0 | 920k|  0 |  31 |   0 |-3.917884e+11 | 8.095591e+03 |    Inf |   2.86%
 3296s|  9500 |    47 | 32316k|3397.3 |   258M | 311 |6003 |  31 |   0 | 920k|  0 |  31 |   0 |-3.917884e+11 | 8.095591e+03 |    Inf |   2.86%
 3344s|  9600 |    49 | 33043k|3437.6 |   258M | 311 |6003 |  31 |   0 | 920k|  0 |  31 |   0 |-3.917884e+11 | 8.095591e+03 |    Inf |   2.86%
 3384s|  9700 |    39 | 33633k|3463.0 |   258M | 311 |6003 |  31 |  34k| 920k|  2 |  31 |   0 |-3.917884e+11 | 8.095591e+03 |    Inf |   2.86%
 3443s|  9800 |    23 | 34385k|3504.4 |   257M | 311 |6003 |  31 |   0 | 926k|  0 |  31 |   0 |-3.917884e+11 | 8.095591e+03 |    Inf |   2.86%
 3486s|  9900 |    67 | 34825k|3513.5 |   257M | 311 |6003 |  31 |  39k| 939k|  2 |  31 |   0 |-3.917884e+11 | 8.095591e+03 |    Inf |   2.86%
 3515s| 10000 |    89 | 35109k|3506.7 |   257M | 311 |6003 |  32 |  39k| 952k|  2 |  32 |   0 |-3.917884e+11 | 8.095591e+03 |    Inf |   2.86%
 3559s| 10100 |   119 | 35567k|3517.4 |   259M | 311 |6003 |  33 |  41k| 966k|  2 |  33 |   0 |-3.917884e+11 | 8.095591e+03 |    Inf |   2.86%
 3580s| 10200 |   131 | 35737k|3499.6 |   261M | 311 |6003 |  33 |   0 | 977k|  0 |  33 |   0 |-3.917884e+11 | 8.095591e+03 |    Inf |   2.86%
 3609s| 10300 |   165 | 35963k|3487.5 |   264M | 311 |6003 |  33 |   0 | 991k|  0 |  33 |   0 |-3.917884e+11 | 8.095591e+03 |    Inf |   2.86%
 3628s| 10400 |   181 | 36070k|3464.3 |   268M | 311 |6003 |  32 |   0 |1002k|  0 |  33 |   0 |-3.917884e+11 | 8.095591e+03 |    Inf |   2.86%
 time | node  | left  |LP iter|LP it/n|mem/heur|mdpt |vars |cons |rows |cuts |sepa|confs|strbr|  dualbound   | primalbound  |  gap   | compl. 
 3665s| 10500 |   197 | 36368k|3459.7 |   269M | 311 |6003 |  32 |  47k|1014k|  2 |  33 |   0 |-3.917884e+11 | 8.095591e+03 |    Inf |   2.86%
 3691s| 10600 |   223 | 36594k|3448.3 |   272M | 311 |6003 |  32 |   0 |1027k|  0 |  33 |   0 |-3.917884e+11 | 8.095591e+03 |    Inf |   2.86%
 3771s| 10700 |   203 | 37266k|3478.9 |   273M | 311 |6003 |  32 |   0 |1034k|  0 |  33 |   0 |-3.917884e+11 | 8.095591e+03 |    Inf |   2.86%
 3802s| 10800 |   229 | 37545k|3472.6 |   277M | 311 |6003 |  32 |  40k|1048k|  2 |  33 |   0 |-3.917884e+11 | 8.095591e+03 |    Inf |   2.86%
 3818s| 10900 |   219 | 37666k|3451.8 |   278M | 311 |6003 |  32 |   0 |1057k|  0 |  33 |   0 |-3.917884e+11 | 8.095591e+03 |    Inf |   2.86%
 3865s| 11000 |   219 | 38117k|3461.4 |   279M | 311 |6003 |  32 |  49k|1066k|  2 |  34 |   0 |-3.917884e+11 | 8.095591e+03 |    Inf |   2.86%
 3888s| 11100 |   255 | 38259k|3443.0 |   282M | 311 |6003 |  32 |  51k|1080k|  2 |  34 |   0 |-3.917884e+11 | 8.095591e+03 |    Inf |   2.86%
 3916s| 11200 |   297 | 38497k|3433.5 |   287M | 311 |6003 |  32 |  42k|1094k|  2 |  34 |   0 |-3.917884e+11 | 8.095591e+03 |    Inf |   2.86%
 3959s| 11300 |   301 | 38950k|3443.3 |   290M | 311 |6003 |  32 |   0 |1105k|  0 |  34 |   0 |-3.917884e+11 | 8.095591e+03 |    Inf |   2.86%
 3979s| 11400 |   307 | 39105k|3426.6 |   292M | 311 |6003 |  32 |   0 |1115k|  0 |  34 |   0 |-3.917884e+11 | 8.095591e+03 |    Inf |   2.86%
 3997s| 11500 |   347 | 39199k|3405.0 |   295M | 311 |6003 |  32 |  51k|1129k|  2 |  34 |   0 |-3.917884e+11 | 8.095591e+03 |    Inf |   2.86%
 4037s| 11600 |   373 | 39524k|3403.6 |   298M | 326 |6003 |  32 |   0 |1142k|  0 |  34 |   0 |-3.917884e+11 | 8.095591e+03 |    Inf |   2.86%
 4057s| 11700 |   399 | 39652k|3385.5 |   302M | 326 |6003 |  32 |  37k|1155k|  2 |  34 |   0 |-3.917884e+11 | 8.095591e+03 |    Inf |   2.86%
 4088s| 11800 |   387 | 39942k|3381.4 |   303M | 326 |6003 |  32 |  44k|1164k|  2 |  34 |   0 |-3.917884e+11 | 8.095591e+03 |    Inf |   2.86%
 4102s| 11900 |   365 | 40058k|3362.7 |   303M | 326 |6003 |  32 |   0 |1172k|  0 |  34 |   0 |-3.917884e+11 | 8.095591e+03 |    Inf |   2.86%
 time | node  | left  |LP iter|LP it/n|mem/heur|mdpt |vars |cons |rows |cuts |sepa|confs|strbr|  dualbound   | primalbound  |  gap   | compl. 
 4113s| 12000 |   363 | 40117k|3339.6 |   303M | 326 |6003 |  32 |   0 |1182k|  0 |  34 |   0 |-3.917884e+11 | 8.095591e+03 |    Inf |   2.86%
 4180s| 12100 |   401 | 40686k|3359.1 |   305M | 326 |6003 |  32 |   0 |1195k|  0 |  36 |   0 |-3.917884e+11 | 8.095591e+03 |    Inf |   2.86%
 4203s| 12200 |   399 | 40866k|3346.3 |   308M | 326 |6003 |  34 |  50k|1205k|  2 |  38 |   0 |-3.917884e+11 | 8.095591e+03 |    Inf |   2.86%
 4240s| 12300 |   403 | 41165k|3343.4 |   310M | 326 |6003 |  35 |  48k|1215k|  2 |  39 |   0 |-3.917884e+11 | 8.095591e+03 |    Inf |   2.86%
 4278s| 12400 |   439 | 41447k|3339.1 |   314M | 326 |6003 |  35 |  55k|1228k|  2 |  39 |   0 |-3.917884e+11 | 8.095591e+03 |    Inf |   2.86%
 4349s| 12500 |   411 | 42107k|3365.2 |   315M | 326 |6003 |  35 |   0 |1234k|  0 |  39 |   0 |-3.917884e+11 | 8.095591e+03 |    Inf |   2.86%
 4364s| 12600 |   459 | 42209k|3346.6 |   319M | 326 |6003 |  35 |   0 |1249k|  0 |  39 |   0 |-3.917884e+11 | 8.095591e+03 |    Inf |   2.86%
 4386s| 12700 |   395 | 42398k|3335.2 |   320M | 326 |6003 |  36 |   0 |1253k|  0 |  40 |   0 |-3.917884e+11 | 8.095591e+03 |    Inf |   2.86%
 4448s| 12800 |   383 | 42952k|3352.4 |   320M | 326 |6003 |  36 |  50k|1262k|  2 |  40 |   0 |-3.917884e+11 | 8.095591e+03 |    Inf |   2.86%
 4466s| 12900 |   319 | 43089k|3337.0 |   321M | 326 |6003 |  37 |   0 |1265k|  0 |  41 |   0 |-3.917884e+11 | 8.095591e+03 |    Inf |   2.86%
 4475s| 13000 |   279 | 43153k|3316.2 |   321M | 326 |6003 |  37 |   0 |1272k|  0 |  41 |   0 |-3.917884e+11 | 8.095591e+03 |    Inf |   2.86%
 4528s| 13100 |   323 | 43649k|3328.8 |   322M | 326 |6003 |  37 |   0 |1286k|  0 |  41 |   0 |-3.917884e+11 | 8.095591e+03 |    Inf |   2.86%
 4541s| 13200 |   285 | 43755k|3311.6 |   322M | 326 |6003 |  37 |   0 |1293k|  0 |  43 |   0 |-3.917884e+11 | 8.095591e+03 |    Inf |   2.86%
 4555s| 13300 |   277 | 43849k|3293.8 |   323M | 326 |6003 |  37 |  49k|1302k|  2 |  44 |   0 |-3.917884e+11 | 8.095591e+03 |    Inf |   2.86%
 4599s| 13400 |   313 | 44215k|3296.5 |   323M | 326 |6003 |  36 |  55k|1315k|  2 |  44 |   0 |-3.917884e+11 | 8.095591e+03 |    Inf |   2.86%
 time | node  | left  |LP iter|LP it/n|mem/heur|mdpt |vars |cons |rows |cuts |sepa|confs|strbr|  dualbound   | primalbound  |  gap   | compl. 
 4672s| 13500 |   347 | 44896k|3322.5 |   327M | 326 |6003 |  36 |   0 |1325k|  0 |  44 |   0 |-3.917884e+11 | 8.095591e+03 |    Inf |   2.86%
 4719s| 13600 |   351 | 45594k|3349.4 |   327M | 326 |6003 |  36 |  32k|1325k|  0 |  44 |   0 |-3.917884e+11 | 8.095591e+03 |    Inf |   2.86%
 4763s| 13700 |   353 | 46255k|3373.2 |   327M | 376 |6003 |  36 |  32k|1325k|  0 |  44 |   0 |-3.917884e+11 | 8.095591e+03 |    Inf |   2.86%
 4804s| 13800 |   353 | 46878k|3393.9 |   327M | 427 |6003 |  34 |   0 |1325k|  0 |  44 |   0 |-3.917884e+11 | 8.095591e+03 |    Inf |   2.86%
 4848s| 13900 |   355 | 47485k|3413.2 |   327M | 478 |6003 |  22 |   0 |1325k|  0 |  44 |   0 |-3.917884e+11 | 8.095591e+03 |    Inf |   2.86%
 4893s| 14000 |   357 | 48080k|3431.3 |   327M | 528 |6003 |  22 |  32k|1325k|  0 |  44 |   0 |-3.917884e+11 | 8.095591e+03 |    Inf |   2.86%
 4943s| 14100 |   323 | 48532k|3439.1 |   329M | 529 |6003 |  22 |  54k|1332k|  2 |  44 |   0 |-3.917884e+11 | 8.095591e+03 |    Inf |   2.86%
 4987s| 14200 |   301 | 48919k|3442.1 |   331M | 529 |6003 |  22 |   0 |1340k|  0 |  44 |   0 |-3.917884e+11 | 8.095591e+03 |    Inf |   2.86%
 4997s| 14300 |   291 | 48978k|3422.1 |   331M | 529 |6003 |  22 |  49k|1349k|  2 |  44 |   0 |-3.917884e+11 | 8.095591e+03 |    Inf |   2.86%
 5066s| 14400 |   303 | 49583k|3440.3 |   331M | 529 |6003 |  22 |   0 |1360k|  0 |  44 |   0 |-3.917884e+11 | 8.095591e+03 |    Inf |   2.86%
 5077s| 14500 |   259 | 49638k|3420.5 |   330M | 529 |6003 |  22 |   0 |1366k|  0 |  44 |   0 |-3.917884e+11 | 8.095591e+03 |    Inf |   2.86%
 5115s| 14600 |   313 | 49944k|3417.9 |   331M | 529 |6003 |  22 |   0 |1381k|  0 |  44 |   0 |-3.917884e+11 | 8.095591e+03 |    Inf |   2.86%
 5164s| 14700 |   275 | 50354k|3422.6 |   331M | 529 |6003 |  22 |  50k|1387k|  2 |  44 |   0 |-3.917884e+11 | 8.095591e+03 |    Inf |   2.86%
 5212s| 14800 |   301 | 50751k|3426.3 |   331M | 529 |6003 |  22 |  54k|1400k|  2 |  44 |   0 |-3.917884e+11 | 8.095591e+03 |    Inf |   2.86%
 5255s| 14900 |   281 | 51082k|3425.5 |   331M | 529 |6003 |  24 |   0 |1409k|  0 |  46 |   0 |-3.917884e+11 | 8.095591e+03 |    Inf |   2.86%
 time | node  | left  |LP iter|LP it/n|mem/heur|mdpt |vars |cons |rows |cuts |sepa|confs|strbr|  dualbound   | primalbound  |  gap   | compl. 
 5299s| 15000 |   277 | 51463k|3428.1 |   331M | 529 |6003 |  24 |   0 |1418k|  0 |  46 |   0 |-3.917884e+11 | 8.095591e+03 |    Inf |   2.86%
 5329s| 15100 |   237 | 51742k|3423.9 |   331M | 529 |6003 |  22 |   0 |1425k|  0 |  46 |   0 |-3.917884e+11 | 8.095591e+03 |    Inf |   2.86%
 5385s| 15200 |   237 | 52287k|3437.2 |   331M | 529 |6003 |  22 |   0 |1435k|  0 |  46 |   0 |-3.917884e+11 | 8.095591e+03 |    Inf |   2.86%
 5400s| 15300 |   197 | 52396k|3421.8 |   331M | 529 |6003 |  22 |  49k|1441k|  2 |  46 |   0 |-3.917884e+11 | 8.095591e+03 |    Inf |   2.86%
 5446s| 15400 |   213 | 52792k|3425.3 |   331M | 529 |6003 |  22 |   0 |1453k|  0 |  46 |   0 |-3.917884e+11 | 8.095591e+03 |    Inf |   2.86%
 5462s| 15500 |   207 | 52855k|3407.3 |   331M | 529 |6003 |  23 |  51k|1462k|  2 |  47 |   0 |-3.917884e+11 | 8.095591e+03 |    Inf |   2.86%
 5501s| 15600 |   259 | 53159k|3405.0 |   331M | 529 |6003 |  23 |   0 |1478k|  0 |  47 |   0 |-3.917884e+11 | 8.095591e+03 |    Inf |   2.86%
 5522s| 15700 |   177 | 53324k|3393.8 |   331M | 529 |6003 |  22 |   0 |1479k|  0 |  47 |   0 |-3.917884e+11 | 8.095591e+03 |    Inf |   2.86%
 5548s| 15800 |   205 | 53544k|3386.2 |   331M | 529 |6003 |  22 |  47k|1493k|  2 |  47 |   0 |-3.917884e+11 | 8.095591e+03 |    Inf |   2.86%
 5563s| 15900 |   225 | 53654k|3371.8 |   332M | 529 |6003 |  18 |  45k|1505k|  2 |  47 |   0 |-3.917884e+11 | 8.095591e+03 |    Inf |   2.86%
 5592s| 16000 |   249 | 53898k|3366.0 |   332M | 529 |6003 |  18 |   0 |1518k|  0 |  47 |   0 |-3.917884e+11 | 8.095591e+03 |    Inf |   2.86%
 5597s| 16100 |   191 | 53925k|3346.8 |   332M | 529 |6003 |  18 |  45k|1522k|  2 |  47 |   0 |-3.917884e+11 | 8.095591e+03 |    Inf |   2.86%
 5621s| 16200 |   163 | 54139k|3339.4 |   332M | 529 |6003 |  19 |   0 |1529k|  0 |  48 |   0 |-3.917884e+11 | 8.095591e+03 |    Inf |   2.86%
 5654s| 16300 |   185 | 54446k|3337.7 |   332M | 529 |6003 |  19 |  43k|1541k|  2 |  48 |   0 |-3.917884e+11 | 8.095591e+03 |    Inf |   2.86%
 5672s| 16400 |   137 | 54620k|3328.0 |   332M | 529 |6003 |  19 |   0 |1547k|  0 |  48 |   0 |-3.917884e+11 | 8.095591e+03 |    Inf |   2.86%
 time | node  | left  |LP iter|LP it/n|mem/heur|mdpt |vars |cons |rows |cuts |sepa|confs|strbr|  dualbound   | primalbound  |  gap   | compl. 
 5722s| 16500 |   147 | 55113k|3337.7 |   332M | 529 |6003 |  19 |   0 |1558k|  0 |  48 |   0 |-3.917884e+11 | 8.095591e+03 |    Inf |   2.86%
 5809s| 16600 |   177 | 55967k|3369.0 |   332M | 529 |6003 |  20 |  49k|1570k|  2 |  49 |   0 |-3.917884e+11 | 8.095591e+03 |    Inf |   2.86%
 5857s| 16700 |   219 | 56373k|3373.1 |   333M | 529 |6003 |  20 |  58k|1584k|  2 |  49 |   0 |-3.917884e+11 | 8.095591e+03 |    Inf |   2.86%
 5899s| 16800 |   203 | 56776k|3377.1 |   333M | 529 |6003 |  20 |  48k|1591k|  2 |  49 |   0 |-3.917884e+11 | 8.095591e+03 |    Inf |   2.86%
 5983s| 16900 |   221 | 57604k|3406.1 |   333M | 529 |6003 |  20 |  52k|1601k|  2 |  49 |   0 |-3.917884e+11 | 8.095591e+03 |    Inf |   2.86%
 6074s| 17000 |   269 | 58405k|3433.1 |   333M | 529 |6003 |  20 |  61k|1614k|  2 |  49 |   0 |-3.917884e+11 | 8.095591e+03 |    Inf |   2.86%
 6130s| 17100 |   269 | 58932k|3443.9 |   333M | 529 |6003 |  20 |  46k|1624k|  2 |  49 |   0 |-3.917884e+11 | 8.095591e+03 |    Inf |   2.86%
 6187s| 17200 |   273 | 59496k|3456.6 |   334M | 529 |6003 |  19 |  50k|1634k|  0 |  49 |   0 |-3.917884e+11 | 8.095591e+03 |    Inf |   2.86%
 6274s| 17300 |   273 | 60404k|3489.2 |   334M | 529 |6003 |  20 |  49k|1641k|  2 |  50 |   0 |-3.917884e+11 | 8.095591e+03 |    Inf |   2.86%
 6339s| 17400 |   269 | 61006k|3503.7 |   334M | 529 |6003 |  20 |  53k|1650k|  1 |  50 |   0 |-3.917884e+11 | 8.095591e+03 |    Inf |   2.86%
 6388s| 17500 |   275 | 61470k|3510.2 |   337M | 529 |6003 |  20 |   0 |1660k|  0 |  50 |   0 |-3.917884e+11 | 8.095591e+03 |    Inf |   2.86%
 6436s| 17600 |   285 | 61872k|3513.1 |   339M | 529 |6003 |  20 |   0 |1670k|  0 |  50 |   0 |-3.917884e+11 | 8.095591e+03 |    Inf |   2.86%
 6475s| 17700 |   267 | 62183k|3510.8 |   343M | 529 |6003 |  20 |   0 |1678k|  0 |  50 |   0 |-3.917884e+11 | 8.095591e+03 |    Inf |   2.86%
 6514s| 17800 |   241 | 62510k|3509.4 |   343M | 529 |6003 |  21 |  52k|1686k|  2 |  51 |   0 |-3.917884e+11 | 8.095591e+03 |    Inf |   2.86%
 6602s| 17900 |   231 | 63331k|3535.7 |   344M | 529 |6003 |  21 |   0 |1692k|  0 |  51 |   0 |-3.917884e+11 | 8.095591e+03 |    Inf |   2.86%
 time | node  | left  |LP iter|LP it/n|mem/heur|mdpt |vars |cons |rows |cuts |sepa|confs|strbr|  dualbound   | primalbound  |  gap   | compl. 
 6678s| 18000 |   207 | 64056k|3556.4 |   344M | 529 |6003 |  22 |  59k|1698k|  0 |  52 |   0 |-3.917884e+11 | 8.095591e+03 |    Inf |   2.86%
 6763s| 18100 |   177 | 64771k|3576.2 |   344M | 529 |6003 |  23 |  45k|1703k|  2 |  53 |   0 |-3.917884e+11 | 8.095591e+03 |    Inf |   2.86%
 6836s| 18200 |   201 | 65471k|3595.0 |   345M | 529 |6003 |  22 |  50k|1715k|  2 |  53 |   0 |-3.917884e+11 | 8.095591e+03 |    Inf |   2.86%
 6911s| 18300 |   205 | 66252k|3618.0 |   348M | 529 |6003 |  22 |  48k|1724k|  2 |  53 |   0 |-3.917884e+11 | 8.095591e+03 |    Inf |   2.86%
 7026s| 18400 |   233 | 67414k|3661.5 |   352M | 529 |6003 |  22 |   0 |1736k|  0 |  53 |   0 |-3.917884e+11 | 8.095591e+03 |    Inf |   2.86%
 7142s| 18500 |   221 | 68542k|3702.7 |   352M | 529 |6003 |  21 |   0 |1742k|  0 |  53 |   0 |-3.917884e+11 | 8.095591e+03 |    Inf |   2.86%
 7172s| 18600 |   201 | 68811k|3697.3 |   354M | 529 |6003 |  21 |   0 |1750k|  0 |  53 |   0 |-3.917884e+11 | 8.095591e+03 |    Inf |   2.86%
 7209s| 18700 |   185 | 69159k|3696.1 |   355M | 529 |6003 |  21 |   0 |1758k|  0 |  53 |   0 |-3.917884e+11 | 8.095591e+03 |    Inf |   2.86%
 7265s| 18800 |   175 | 69708k|3705.7 |   355M | 529 |6003 |  22 |  49k|1766k|  2 |  54 |   0 |-3.917884e+11 | 8.095591e+03 |    Inf |   2.86%
 7320s| 18900 |   171 | 70192k|3711.7 |   354M | 529 |6003 |  22 |  55k|1775k|  2 |  54 |   0 |-3.917884e+11 | 8.095591e+03 |    Inf |   2.86%
 7359s| 19000 |   115 | 70549k|3710.9 |   342M | 529 |6003 |  22 |  44k|1780k|  2 |  55 |   0 |-3.917884e+11 | 8.095591e+03 |    Inf |   2.86%
 7414s| 19100 |   129 | 71074k|3719.0 |   343M | 529 |6003 |  22 |  47k|1792k|  2 |  55 |   0 |-3.917884e+11 | 8.095591e+03 |    Inf |   2.86%
 7451s| 19200 |   115 | 71409k|3717.1 |   343M | 529 |6003 |  22 |  46k|1801k|  2 |  55 |   0 |-3.917884e+11 | 8.095591e+03 |    Inf |   2.86%
 7470s| 19300 |   149 | 71524k|3703.8 |   343M | 529 |6003 |  22 |  54k|1814k|  2 |  55 |   0 |-3.917884e+11 | 8.095591e+03 |    Inf |   2.86%
 7479s| 19400 |   109 | 71573k|3687.2 |   343M | 529 |6003 |  21 |  36k|1821k|  2 |  55 |   0 |-3.917884e+11 | 8.095591e+03 |    Inf |   2.86%
 time | node  | left  |LP iter|LP it/n|mem/heur|mdpt |vars |cons |rows |cuts |sepa|confs|strbr|  dualbound   | primalbound  |  gap   | compl. 
 7539s| 19500 |   155 | 72019k|3691.2 |   343M | 529 |6003 |  21 |  39k|1837k|  2 |  55 |   0 |-3.917884e+11 | 8.095591e+03 |    Inf |   2.86%
 7576s| 19600 |   181 | 72331k|3688.3 |   343M | 529 |6003 |  21 |  43k|1849k|  2 |  55 |   0 |-3.917884e+11 | 8.095591e+03 |    Inf |   2.86%
 7595s| 19700 |   173 | 72452k|3675.7 |   343M | 529 |6003 |  20 |  45k|1859k|  2 |  55 |   0 |-3.917884e+11 | 8.095591e+03 |    Inf |   2.86%
 7627s| 19800 |   201 | 72703k|3669.8 |   343M | 529 |6003 |  20 |   0 |1872k|  0 |  55 |   0 |-3.917884e+11 | 8.095591e+03 |    Inf |   2.86%
 7645s| 19900 |   227 | 72844k|3658.4 |   343M | 529 |6003 |  20 |  42k|1884k|  2 |  55 |   0 |-3.917884e+11 | 8.095591e+03 |    Inf |   2.86%
 7658s| 20000 |   219 | 72912k|3643.5 |   343M | 529 |6003 |  21 |   0 |1893k|  0 |  56 |   0 |-3.917884e+11 | 8.095591e+03 |    Inf |   2.86%
 7684s| 20100 |   257 | 73131k|3636.3 |   344M | 529 |6003 |  21 |  41k|1908k|  3 |  56 |   0 |-3.917884e+11 | 8.095591e+03 |    Inf |   2.86%
 7701s| 20200 |   249 | 73264k|3624.9 |   344M | 529 |6003 |  22 |  46k|1917k|  2 |  57 |   0 |-3.917884e+11 | 8.095591e+03 |    Inf |   2.86%
 7723s| 20300 |   293 | 73438k|3615.6 |   348M | 529 |6003 |  22 |   0 |1932k|  0 |  57 |   0 |-3.917884e+11 | 8.095591e+03 |    Inf |   2.86%
 7767s| 20400 |   293 | 73831k|3617.1 |   350M | 529 |6003 |  22 |   0 |1942k|  0 |  57 |   0 |-3.917884e+11 | 8.095591e+03 |    Inf |   2.86%
 7786s| 20500 |   253 | 74008k|3608.1 |   351M | 529 |6003 |  22 |  39k|1948k|  2 |  57 |   0 |-3.917884e+11 | 8.095591e+03 |    Inf |   2.86%
 7811s| 20600 |   287 | 74210k|3600.4 |   351M | 529 |6003 |  22 |  52k|1961k|  0 |  58 |   0 |-3.917884e+11 | 8.095591e+03 |    Inf |   2.86%
 7863s| 20700 |   289 | 74713k|3607.3 |   353M | 529 |6003 |  22 |  41k|1972k|  2 |  58 |   0 |-3.917884e+11 | 8.095591e+03 |    Inf |   2.86%
 7895s| 20800 |   285 | 74989k|3603.3 |   354M | 529 |6003 |  22 |  42k|1982k|  2 |  58 |   0 |-3.917884e+11 | 8.095591e+03 |    Inf |   2.86%
 7908s| 20900 |   293 | 75073k|3590.0 |   355M | 529 |6003 |  22 |   0 |1993k|  0 |  58 |   0 |-3.917884e+11 | 8.095591e+03 |    Inf |   2.86%
 time | node  | left  |LP iter|LP it/n|mem/heur|mdpt |vars |cons |rows |cuts |sepa|confs|strbr|  dualbound   | primalbound  |  gap   | compl. 
 7948s| 21000 |   303 | 75438k|3590.3 |   356M | 529 |6003 |  22 |  39k|2004k|  2 |  58 |   0 |-3.917884e+11 | 8.095591e+03 |    Inf |   2.86%
 7986s| 21100 |   299 | 75801k|3590.5 |   360M | 529 |6003 |  22 |   0 |2014k|  0 |  58 |   0 |-3.917884e+11 | 8.095591e+03 |    Inf |   2.86%
 8038s| 21200 |   297 | 76278k|3596.1 |   360M | 529 |6003 |  22 |  48k|2023k|  2 |  58 |   0 |-3.917884e+11 | 8.095591e+03 |    Inf |   2.86%
 8082s| 21300 |   301 | 76636k|3596.0 |   360M | 529 |6003 |  21 |  46k|2034k|  2 |  58 |   0 |-3.917884e+11 | 8.095591e+03 |    Inf |   2.86%
 8093s| 21400 |   291 | 76694k|3581.9 |   362M | 529 |6003 |  21 |  47k|2043k|  2 |  58 |   0 |-3.917884e+11 | 8.095591e+03 |    Inf |   2.86%
 8109s| 21500 |   281 | 76830k|3571.6 |   362M | 529 |6003 |  21 |   0 |2052k|  0 |  58 |   0 |-3.917884e+11 | 8.095591e+03 |    Inf |   2.86%
 8156s| 21600 |   275 | 77282k|3575.9 |   364M | 529 |6003 |  22 |  44k|2063k|  2 |  59 |   0 |-3.917884e+11 | 8.095591e+03 |    Inf |   2.86%
 8202s| 21700 |   275 | 77699k|3578.7 |   364M | 529 |6003 |  22 |  48k|2072k|  1 |  59 |   0 |-3.917884e+11 | 8.095591e+03 |    Inf |   2.86%
 8222s| 21800 |   209 | 77892k|3571.1 |   364M | 529 |6003 |  22 |  50k|2076k|  2 |  59 |   0 |-3.917884e+11 | 8.095591e+03 |    Inf |   2.86%
 8242s| 21900 |   183 | 78073k|3563.1 |   364M | 529 |6003 |  22 |   0 |2083k|  0 |  59 |   0 |-3.917884e+11 | 8.095591e+03 |    Inf |   2.86%
 8322s| 22000 |   197 | 78857k|3582.5 |   364M | 529 |6003 |  22 |  54k|2094k|  2 |  59 |   0 |-3.917884e+11 | 8.095591e+03 |    Inf |   2.86%
 8359s| 22100 |   181 | 79182k|3581.0 |   364M | 529 |6003 |  22 |   0 |2102k|  0 |  59 |   0 |-3.917884e+11 | 8.095591e+03 |    Inf |   2.86%
 8404s| 22200 |   171 | 79579k|3582.8 |   364M | 529 |6003 |  22 |  47k|2110k|  2 |  59 |   0 |-3.917884e+11 | 8.095591e+03 |    Inf |   2.86%
 8446s| 22300 |   169 | 79959k|3583.8 |   365M | 529 |6003 |  23 |   0 |2121k|  0 |  60 |   0 |-3.917884e+11 | 8.095591e+03 |    Inf |   2.86%
 8482s| 22400 |   177 | 80275k|3581.9 |   365M | 529 |6003 |  23 |  48k|2132k|  3 |  60 |   0 |-3.917884e+11 | 8.095591e+03 |    Inf |   2.86%
 time | node  | left  |LP iter|LP it/n|mem/heur|mdpt |vars |cons |rows |cuts |sepa|confs|strbr|  dualbound   | primalbound  |  gap   | compl. 
 8540s| 22500 |   159 | 80804k|3589.4 |   365M | 529 |6003 |  22 |   0 |2140k|  0 |  60 |   0 |-3.917884e+11 | 8.095591e+03 |    Inf |   2.86%
 8556s| 22600 |   167 | 80917k|3578.5 |   365M | 529 |6003 |  22 |  48k|2151k|  2 |  60 |   0 |-3.917884e+11 | 8.095591e+03 |    Inf |   2.86%
 8575s| 22700 |   187 | 81029k|3567.7 |   365M | 529 |6003 |  22 |  51k|2163k|  2 |  60 |   0 |-3.917884e+11 | 8.095591e+03 |    Inf |   2.86%
 8601s| 22800 |   191 | 81217k|3560.3 |   367M | 529 |6003 |  22 |  52k|2174k|  2 |  60 |   0 |-3.917884e+11 | 8.095591e+03 |    Inf |   2.86%
 8605s| 22900 |   125 | 81238k|3545.7 |   367M | 529 |6003 |  22 |   0 |2177k|  0 |  60 |   0 |-3.917884e+11 | 8.095591e+03 |    Inf |   2.86%
 8638s| 23000 |    97 | 81558k|3544.2 |   367M | 529 |6003 |  21 |   0 |2185k|  0 |  60 |   0 |-3.917884e+11 | 8.095591e+03 |    Inf |   2.86%
 8668s| 23100 |   123 | 81809k|3539.7 |   367M | 529 |6003 |  21 |  44k|2199k|  2 |  60 |   0 |-3.917884e+11 | 8.095591e+03 |    Inf |   2.86%
 8681s| 23200 |   141 | 81885k|3527.8 |   367M | 529 |6003 |  21 |   0 |2210k|  0 |  60 |   0 |-3.917884e+11 | 8.095591e+03 |    Inf |   2.86%
 8703s| 23300 |   115 | 82078k|3520.9 |   367M | 529 |6003 |  22 |   0 |2218k|  0 |  61 |   0 |-3.917884e+11 | 8.095591e+03 |    Inf |   2.86%
 8725s| 23400 |   115 | 82266k|3513.9 |   367M | 529 |6003 |  22 |  54k|2228k|  2 |  61 |   0 |-3.917884e+11 | 8.095591e+03 |    Inf |   2.86%
 8770s| 23500 |    67 | 82698k|3517.3 |   350M | 529 |6003 |  22 |  31k|2232k|  2 |  61 |   0 |-3.917884e+11 | 8.095591e+03 |    Inf |   2.86%
 8805s| 23600 |    81 | 83055k|3517.5 |   350M | 529 |6003 |  22 |   0 |2244k|  0 |  61 |   0 |-3.917884e+11 | 8.095591e+03 |    Inf |   2.86%
 8839s| 23700 |    65 | 83418k|3518.0 |   350M | 529 |6003 |  22 |   0 |2251k|  0 |  61 |   0 |-3.917884e+11 | 8.095591e+03 |    Inf |   2.86%
 8903s| 23800 |    95 | 84002k|3527.7 |   350M | 529 |6003 |  22 |  45k|2265k|  2 |  61 |   0 |-3.917884e+11 | 8.095591e+03 |    Inf |   2.86%
 8926s| 23900 |    97 | 84195k|3521.1 |   350M | 529 |6003 |  22 |  44k|2276k|  2 |  61 |   0 |-3.917884e+11 | 8.095591e+03 |    Inf |   2.86%
 time | node  | left  |LP iter|LP it/n|mem/heur|mdpt |vars |cons |rows |cuts |sepa|confs|strbr|  dualbound   | primalbound  |  gap   | compl. 
 8947s| 24000 |   141 | 84362k|3513.3 |   350M | 529 |6003 |  22 |  47k|2290k|  2 |  61 |   0 |-3.917884e+11 | 8.095591e+03 |    Inf |   2.86%
 8982s| 24100 |   185 | 84627k|3509.8 |   350M | 529 |6003 |  22 |  45k|2305k|  2 |  61 |   0 |-3.917884e+11 | 8.095591e+03 |    Inf |   2.86%
 9007s| 24200 |   201 | 84812k|3502.9 |   350M | 529 |6003 |  22 |  45k|2317k|  2 |  61 |   0 |-3.917884e+11 | 8.095591e+03 |    Inf |   2.86%
 9035s| 24300 |   181 | 85064k|3498.9 |   350M | 529 |6003 |  23 |   0 |2325k|  0 |  62 |   0 |-3.917884e+11 | 8.095591e+03 |    Inf |   2.86%
 9067s| 24400 |   193 | 85355k|3496.5 |   350M | 529 |6003 |  23 |   0 |2336k|  0 |  62 |   0 |-3.917884e+11 | 8.095591e+03 |    Inf |   2.86%
 9100s| 24500 |   195 | 85656k|3494.5 |   350M | 529 |6003 |  23 |   0 |2346k|  0 |  62 |   0 |-3.917884e+11 | 8.095591e+03 |    Inf |   2.86%
 9144s| 24600 |   183 | 86078k|3497.4 |   350M | 529 |6003 |  24 |  46k|2355k|  2 |  63 |   0 |-3.917884e+11 | 8.095591e+03 |    Inf |   2.86%
 9171s| 24700 |   211 | 86284k|3491.6 |   350M | 529 |6003 |  24 |  47k|2368k|  2 |  63 |   0 |-3.917884e+11 | 8.095591e+03 |    Inf |   2.86%
 9210s| 24800 |   195 | 86662k|3492.7 |   351M | 529 |6003 |  24 |  45k|2377k|  2 |  63 |   0 |-3.917884e+11 | 8.095591e+03 |    Inf |   2.86%
 9243s| 24900 |   197 | 86936k|3489.8 |   351M | 529 |6003 |  24 |  46k|2388k|  2 |  63 |   0 |-3.917884e+11 | 8.095591e+03 |    Inf |   2.86%
 9286s| 25000 |   211 | 87298k|3490.2 |   351M | 529 |6003 |  24 |  50k|2400k|  2 |  63 |   0 |-3.917884e+11 | 8.095591e+03 |    Inf |   2.86%
 9314s| 25100 |   193 | 87540k|3486.0 |   351M | 529 |6003 |  24 |  44k|2409k|  2 |  64 |   0 |-3.917884e+11 | 8.095591e+03 |    Inf |   2.86%
 9343s| 25200 |   163 | 87762k|3481.0 |   351M | 529 |6003 |  24 |   0 |2416k|  0 |  64 |   0 |-3.917884e+11 | 8.095591e+03 |    Inf |   2.86%
 9345s| 25300 |    69 | 87769k|3467.5 |   351M | 529 |6003 |  25 |  52k|2416k|  2 |  65 |   0 |-3.917884e+11 | 8.095591e+03 |    Inf |   2.86%
 9398s| 25400 |    87 | 88213k|3471.3 |   351M | 529 |6003 |  25 |  55k|2428k|  2 |  65 |   0 |-3.917884e+11 | 8.095591e+03 |    Inf |   2.86%
 time | node  | left  |LP iter|LP it/n|mem/heur|mdpt |vars |cons |rows |cuts |sepa|confs|strbr|  dualbound   | primalbound  |  gap   | compl. 
 9481s| 25500 |    65 | 88905k|3484.8 |   351M | 529 |6003 |  26 |   0 |2436k|  0 |  66 |   0 |-3.917884e+11 | 8.095591e+03 |    Inf |   2.86%
 9506s| 25600 |    59 | 89148k|3480.7 |   351M | 529 |6003 |  26 |  36k|2446k|  2 |  66 |   0 |-3.917884e+11 | 8.095591e+03 |    Inf |   2.86%
 9541s| 25700 |    87 | 89490k|3480.5 |   351M | 529 |6003 |  26 |  40k|2459k|  2 |  66 |   0 |-3.917884e+11 | 8.095591e+03 |    Inf |   2.86%
 9551s| 25800 |    81 | 89562k|3469.8 |   351M | 529 |6003 |  26 |   0 |2469k|  0 |  66 |   0 |-3.917884e+11 | 8.095591e+03 |    Inf |   2.86%
 9586s| 25900 |    63 | 89883k|3468.8 |   352M | 529 |6003 |  25 |   0 |2477k|  0 |  66 |   0 |-3.917884e+11 | 8.095591e+03 |    Inf |   2.86%
 9608s| 26000 |    69 | 90042k|3461.6 |   351M | 529 |6003 |  25 |  49k|2488k|  2 |  66 |   0 |-3.917884e+11 | 8.095591e+03 |    Inf |   2.86%
 9626s| 26100 |    39 | 90187k|3453.8 |   351M | 529 |6003 |  25 |   0 |2495k|  0 |  66 |   0 |-3.917884e+11 | 8.095591e+03 |    Inf |   2.86%
 9658s| 26200 |    73 | 90429k|3449.9 |   351M | 529 |6003 |  25 |   0 |2508k|  0 |  66 |   0 |-3.917884e+11 | 8.095591e+03 |    Inf |   2.86%
 9681s| 26300 |    87 | 90639k|3444.8 |   351M | 529 |6003 |  25 |   0 |2520k|  0 |  66 |   0 |-3.917884e+11 | 8.095591e+03 |    Inf |   2.86%
 9695s| 26400 |    93 | 90738k|3435.5 |   351M | 529 |6003 |  25 |   0 |2531k|  0 |  66 |   0 |-3.917884e+11 | 8.095591e+03 |    Inf |   2.86%
 9717s| 26500 |    59 | 90918k|3429.3 |   351M | 529 |6003 |  25 |   0 |2538k|  0 |  66 |   0 |-3.917884e+11 | 8.095591e+03 |    Inf |   2.86%
 9769s| 26600 |    69 | 91393k|3434.2 |   352M | 529 |6003 |  25 |  48k|2549k|  2 |  66 |   0 |-3.917884e+11 | 8.095591e+03 |    Inf |   2.86%
 9867s| 26700 |    85 | 92328k|3456.4 |   352M | 529 |6003 |  25 |   0 |2561k|  0 |  66 |   0 |-3.917884e+11 | 8.095591e+03 |    Inf |   2.86%
 9920s| 26800 |    71 | 92813k|3461.6 |   352M | 529 |6003 |  25 |   0 |2570k|  0 |  66 |   0 |-3.917884e+11 | 8.095591e+03 |    Inf |   2.86%
 9989s| 26900 |    83 | 93441k|3472.1 |   352M | 529 |6003 |  26 |   0 |2581k|  0 |  67 |   0 |-3.917884e+11 | 8.095591e+03 |    Inf |   2.86%
 time | node  | left  |LP iter|LP it/n|mem/heur|mdpt |vars |cons |rows |cuts |sepa|confs|strbr|  dualbound   | primalbound  |  gap   | compl. 
  167m| 27000 |    95 | 93827k|3473.5 |   352M | 529 |6003 |  26 |   0 |2592k|  0 |  67 |   0 |-3.917884e+11 | 8.095591e+03 |    Inf |   2.86%
  168m| 27100 |    69 | 94341k|3479.7 |   352M | 529 |6003 |  29 |   0 |2600k|  0 |  71 |   0 |-3.917884e+11 | 8.095591e+03 |    Inf |   2.86%
  168m| 27200 |    59 | 94399k|3469.0 |   352M | 529 |6003 |  29 |  50k|2609k|  2 |  71 |   0 |-3.917884e+11 | 8.095591e+03 |    Inf |   2.86%
  169m| 27300 |    33 | 94564k|3462.4 |   352M | 529 |6003 |  29 |   0 |2617k|  0 |  71 |   0 |-3.917884e+11 | 8.095591e+03 |    Inf |   2.86%
  169m| 27400 |    67 | 94872k|3461.0 |   337M | 529 |6003 |  29 |  41k|2631k|  2 |  71 |   0 |-3.917884e+11 | 8.095591e+03 |    Inf |   2.86%
  170m| 27500 |   115 | 95019k|3453.7 |   337M | 529 |6003 |  29 |   0 |2646k|  0 |  71 |   0 |-3.917884e+11 | 8.095591e+03 |    Inf |   2.86%
  170m| 27600 |   151 | 95224k|3448.6 |   337M | 529 |6003 |  26 |  44k|2659k|  2 |  71 |   0 |-3.917884e+11 | 8.095591e+03 |    Inf |   2.86%
  170m| 27700 |   185 | 95359k|3441.1 |   337M | 529 |6003 |  26 |   0 |2673k|  0 |  71 |   0 |-3.917884e+11 | 8.095591e+03 |    Inf |   2.86%
  171m| 27800 |   237 | 95516k|3434.3 |   337M | 529 |6003 |  26 |   0 |2688k|  0 |  71 |   0 |-3.917884e+11 | 8.095591e+03 |    Inf |   2.86%
  171m| 27900 |   221 | 95633k|3426.2 |   337M | 529 |6003 |  28 |  43k|2697k|  2 |  73 |   0 |-3.917884e+11 | 8.095591e+03 |    Inf |   2.86%
  171m| 28000 |   185 | 95722k|3417.2 |   337M | 529 |6003 |  28 |  45k|2703k|  2 |  73 |   0 |-3.917884e+11 | 8.095591e+03 |    Inf |   2.86%
  171m| 28100 |   151 | 95828k|3408.8 |   337M | 529 |6003 |  27 |   0 |2710k|  0 |  73 |   0 |-3.917884e+11 | 8.095591e+03 |    Inf |   2.86%
  172m| 28200 |   115 | 95891k|3398.9 |   337M | 529 |6003 |  26 |   0 |2716k|  0 |  73 |   0 |-3.917884e+11 | 8.095591e+03 |    Inf |   2.86%
  172m| 28300 |   111 | 96113k|3394.8 |   337M | 529 |6003 |  25 |  42k|2726k|  2 |  73 |   0 |-3.917884e+11 | 8.095591e+03 |    Inf |   2.86%
  172m| 28400 |    73 | 96182k|3385.2 |   337M | 529 |6003 |  26 |   0 |2733k|  0 |  74 |   0 |-3.917884e+11 | 8.095591e+03 |    Inf |   2.86%
 time | node  | left  |LP iter|LP it/n|mem/heur|mdpt |vars |cons |rows |cuts |sepa|confs|strbr|  dualbound   | primalbound  |  gap   | compl. 
  173m| 28500 |   113 | 96530k|3385.6 |   337M | 529 |6003 |  26 |   0 |2747k|  0 |  74 |   0 |-3.917884e+11 | 8.095591e+03 |    Inf |   2.86%
  173m| 28600 |   111 | 96756k|3381.6 |   338M | 529 |6003 |  26 |  39k|2758k|  2 |  74 |   0 |-3.917884e+11 | 8.095591e+03 |    Inf |   2.86%
  174m| 28700 |    99 | 97003k|3378.4 |   338M | 529 |6003 |  26 |   0 |2767k|  0 |  74 |   0 |-3.917884e+11 | 8.095591e+03 |    Inf |   2.86%
  174m| 28800 |   127 | 97405k|3380.7 |   338M | 529 |6003 |  25 |  44k|2781k|  2 |  74 |   0 |-3.917884e+11 | 8.095591e+03 |    Inf |   2.86%
  175m| 28900 |   137 | 97567k|3374.6 |   338M | 529 |6003 |  25 |   0 |2792k|  0 |  74 |   0 |-3.917884e+11 | 8.095591e+03 |    Inf |   2.86%
  175m| 29000 |    85 | 97828k|3371.9 |   338M | 529 |6003 |  27 |   0 |2797k|  0 |  76 |   0 |-3.917884e+11 | 8.095591e+03 |    Inf |   2.86%
  176m| 29100 |   109 | 98039k|3367.6 |   338M | 529 |6003 |  27 |  43k|2810k|  2 |  76 |   0 |-3.917884e+11 | 8.095591e+03 |    Inf |   2.86%
  176m| 29200 |   103 | 98220k|3362.3 |   338M | 529 |6003 |  27 |   0 |2820k|  0 |  76 |   0 |-3.917884e+11 | 8.095591e+03 |    Inf |   2.86%
  176m| 29300 |   105 | 98551k|3362.1 |   338M | 529 |6003 |  27 |  39k|2830k|  2 |  76 |   0 |-3.917884e+11 | 8.095591e+03 |    Inf |   2.86%
  177m| 29400 |   141 | 98935k|3363.7 |   339M | 529 |6003 |  27 |   0 |2844k|  0 |  76 |   0 |-3.917884e+11 | 8.095591e+03 |    Inf |   2.86%
  178m| 29500 |   149 | 99272k|3363.7 |   339M | 529 |6003 |  28 |  49k|2855k|  1 |  77 |   0 |-3.917884e+11 | 8.095591e+03 |    Inf |   2.86%
  179m| 29600 |   143 | 99747k|3368.4 |   339M | 529 |6003 |  28 |   0 |2864k|  0 |  77 |   0 |-3.917884e+11 | 8.095591e+03 |    Inf |   2.86%
  179m| 29700 |   115 |100007k|3365.8 |   339M | 529 |6003 |  29 |  42k|2872k|  2 |  78 |   0 |-3.917884e+11 | 8.095591e+03 |    Inf |   2.86%
  180m| 29800 |   117 |100239k|3362.3 |   339M | 529 |6003 |  30 |   0 |2882k|  0 |  79 |   0 |-3.917884e+11 | 8.095591e+03 |    Inf |   2.86%
  180m| 29900 |   139 |100427k|3357.4 |   339M | 529 |6003 |  30 |  41k|2895k|  2 |  79 |   0 |-3.917884e+11 | 8.095591e+03 |    Inf |   2.86%

SCIP Status        : solving was interrupted [time limit reached]
Solving Time (sec) : 10800.00
Solving Nodes      : 29920
Primal Bound       : +8.09559052996581e+03 (1 solutions)
Dual Bound         : -3.91788443645636e+11
Gap                : infinite

