Solver command line: ['/cvmfs/soft.computecanada.ca/easybuild/software/2023/x86-64-v4/Compiler/gcc12/scipoptsuite/9.0.0/bin/scip', '/tmp/tmpxdeuupze.pyomo', '-AMPL']

SCIP version 9.0.0 [precision: 8 byte] [memory: block] [mode: optimized] [LP solver: Soplex 7.0.0] [GitHash: 7205bedd94]
Copyright (c) 2002-2024 Zuse Institute Berlin (ZIB)

External libraries: 
  Readline 8.1         GNU library for command line editing (gnu.org/s/readline)
  Soplex 7.0.0         Linear Programming Solver developed at Zuse Institute Berlin (soplex.zib.de) [GitHash: 6657fb3b]
  CppAD 20180000.0     Algorithmic Differentiation of C++ algorithms developed by B. Bell (github.com/coin-or/CppAD)
  ZLIB 1.2.13          General purpose compression library by J. Gailly and M. Adler (zlib.net)
  GMP 6.2.1            GNU Multiple Precision Arithmetic Library developed by T. Granlund (gmplib.org)
  ZIMPL 3.5.3          Zuse Institute Mathematical Programming Language developed by T. Koch (zimpl.zib.de)
  AMPL/MP 690e9e7      AMPL .nl file reader library (github.com/ampl/mp)
  PaPILO 2.2.0         parallel presolve for integer and linear optimization (github.com/scipopt/papilo) (built with TBB) [GitHash: df30ae49]
  bliss 0.77           Computing Graph Automorphisms by T. Junttila and P. Kaski (users.aalto.fi/~tjunttil/bliss)
  sassy 1.1            Symmetry preprocessor by Markus Anders (github.com/markusa4/sassy)
  Ipopt 3.14.14        Interior Point Optimizer developed by A. Waechter et.al. (github.com/coin-or/Ipopt)

reading user parameter file <scip.set>
===========================

limits/time = 10800

read problem </tmp/tmpxdeuupze.pyomo.nl>
============

original problem has 3 variables (0 bin, 1 int, 0 impl, 2 cont) and 5 constraints

solve problem
=============

  [nonlinear] <objcons>: (((-1)*<x0>+3.89844))^2+50*((<i1>+(-(<x0>)^2)))^2-<nlobjvar> <= 0;
violation: right hand side is violated by 35.594876498527
all 1 solutions given by solution candidate storage are infeasible

presolving:
(round 1, fast)       0 del vars, 3 del conss, 0 add conss, 4 chg bounds, 1 chg sides, 0 chg coeffs, 0 upgd conss, 0 impls, 0 clqs
   (0.0s) symmetry computation started: requiring (bin +, int +, cont +), (fixed: bin -, int -, cont -)
   (0.0s) no symmetry present (symcode time: 0.00)
presolving (2 rounds: 2 fast, 1 medium, 1 exhaustive):
 0 deleted vars, 3 deleted constraints, 0 added constraints, 4 tightened bounds, 0 added holes, 1 changed sides, 0 changed coefficients
 0 implications, 0 cliques
presolved problem has 3 variables (0 bin, 1 int, 0 impl, 2 cont) and 2 constraints
      2 constraints of type <nonlinear>
Presolving Time: 0.00

 time | node  | left  |LP iter|LP it/n|mem/heur|mdpt |vars |cons |rows |cuts |sepa|confs|strbr|  dualbound   | primalbound  |  gap   | compl. 
t 0.0s|     1 |     0 |     5 |     - |  trysol|   0 |   8 |   2 |  12 |   0 |  0 |   0 |   0 |-1.673177e+03 | 3.178134e+01 |    Inf | unknown
  0.0s|     1 |     0 |    11 |     - |   676k |   0 |   8 |   2 |  12 |   0 |  0 |   0 |   0 |-1.451238e+03 | 3.178134e+01 |    Inf | unknown
  0.0s|     1 |     0 |    14 |     - |   687k |   0 |   8 |   2 |  14 |   2 |  1 |   0 |   0 |-1.342775e+03 | 3.178134e+01 |    Inf | unknown
  0.0s|     1 |     0 |    14 |     - |   687k |   0 |   8 |   2 |   9 |   2 |  1 |   0 |   0 |-1.342775e+03 | 3.178134e+01 |    Inf | unknown
  0.0s|     1 |     0 |    17 |     - |   687k |   0 |   8 |   2 |  12 |   5 |  2 |   0 |   0 |-7.043726e+02 | 3.178134e+01 |    Inf | unknown
  0.0s|     1 |     0 |    17 |     - |   687k |   0 |   8 |   2 |  12 |   5 |  2 |   0 |   0 |-7.043726e+02 | 3.178134e+01 |    Inf | unknown
  0.0s|     1 |     0 |    20 |     - |   703k |   0 |   8 |   2 |  14 |   7 |  3 |   0 |   0 |-5.375211e+02 | 3.178134e+01 |    Inf | unknown
  0.0s|     1 |     0 |    20 |     - |   703k |   0 |   8 |   2 |  14 |   7 |  3 |   0 |   0 |-5.375211e+02 | 3.178134e+01 |    Inf | unknown
  0.0s|     1 |     0 |    22 |     - |   703k |   0 |   8 |   2 |  16 |   9 |  4 |   0 |   0 |-4.433142e+02 | 3.178134e+01 |    Inf | unknown
  0.0s|     1 |     0 |    22 |     - |   711k |   0 |   8 |   2 |  16 |   9 |  4 |   0 |   0 |-4.433142e+02 | 3.178134e+01 |    Inf | unknown
  0.0s|     1 |     0 |    25 |     - |   713k |   0 |   8 |   2 |  18 |  11 |  5 |   0 |   0 |-4.246757e+02 | 3.178134e+01 |    Inf | unknown
  0.0s|     1 |     0 |    26 |     - |   713k |   0 |   8 |   2 |  19 |  12 |  6 |   0 |   0 |-4.246596e+02 | 3.178134e+01 |    Inf | unknown
  0.0s|     1 |     0 |    88 |     - |   713k |   0 |   8 |   2 |  19 |  12 |  7 |   0 |   0 |-4.246596e+02 | 3.178134e+01 |    Inf | unknown
  0.0s|     1 |     0 |    90 |     - |   713k |   0 |   8 |   2 |  20 |  13 |  8 |   0 |   0 |-3.931939e+02 | 3.178134e+01 |    Inf | unknown
  0.0s|     1 |     0 |    90 |     - |   713k |   0 |   8 |   2 |  20 |  13 |  8 |   0 |   0 |-3.931939e+02 | 3.178134e+01 |    Inf | unknown
 time | node  | left  |LP iter|LP it/n|mem/heur|mdpt |vars |cons |rows |cuts |sepa|confs|strbr|  dualbound   | primalbound  |  gap   | compl. 
  0.0s|     1 |     0 |    91 |     - |   718k |   0 |   8 |   2 |  21 |  14 |  9 |   0 |   0 |-3.920020e+02 | 3.178134e+01 |    Inf | unknown
  0.0s|     1 |     0 |    92 |     - |   718k |   0 |   8 |   2 |  19 |  15 | 10 |   0 |   0 |-3.917644e+02 | 3.178134e+01 |    Inf | unknown
  0.0s|     1 |     0 |    93 |     - |   727k |   0 |   8 |   2 |  20 |  16 | 11 |   0 |   0 |-3.914431e+02 | 3.178134e+01 |    Inf | unknown
  0.0s|     1 |     2 |    93 |     - |   727k |   0 |   8 |   2 |  20 |  16 | 12 |   0 |   0 |-3.914431e+02 | 3.178134e+01 |    Inf | unknown
d 0.1s|     6 |     7 |   141 |  20.0 |nlpdivin|   3 |   8 |   2 |  19 |  45 |  5 |   0 |   0 |-2.424954e+02 | 3.164944e+01 |    Inf | unknown
  0.1s|   100 |    47 |   270 |   2.3 |   874k |  21 |   8 |   2 |   0 | 127 |  0 |   0 |   0 |-3.404822e+01 | 3.164944e+01 |    Inf |  82.04%
  0.1s|   200 |    29 |   304 |   1.3 |   899k |  21 |   8 |   2 |   0 | 144 |  0 |   0 |   0 | 3.164944e+01 | 3.164944e+01 |   0.00%|  99.86%
  0.1s|   300 |    59 |   304 |   0.9 |   899k |  28 |   8 |   2 |  33 | 144 |  1 |   0 |   0 | 3.164944e+01 | 3.164944e+01 |   0.00%|  99.86%
  0.1s|   400 |    67 |   304 |   0.7 |   907k |  28 |   8 |   2 |   0 | 144 |  0 |   0 |   0 | 3.164944e+01 | 3.164944e+01 |   0.00%|  99.86%
  0.1s|   500 |    71 |   304 |   0.5 |   923k |  28 |   8 |   2 |  33 | 144 |  1 |   0 |   0 | 3.164944e+01 | 3.164944e+01 |   0.00%|  99.86%
d 0.1s|   534 |    69 |   304 |   0.5 |adaptive|  28 |   8 |   2 |  33 | 144 |  1 |   0 |   0 | 3.164944e+01 | 3.164944e+01 |   0.00%|  99.86%
  0.1s|   600 |    71 |   306 |   0.4 |   927k |  28 |   8 |   2 |   0 | 145 |  0 |   0 |   0 | 3.164944e+01 | 3.164944e+01 |   0.00%|  99.88%
  0.1s|   700 |    57 |   306 |   0.4 |   927k |  28 |   8 |   2 |   0 | 145 |  0 |   0 |   0 | 3.164944e+01 | 3.164944e+01 |   0.00%|  99.88%
  0.1s|   800 |    97 |   309 |   0.3 |   927k |  31 |   8 |   2 |  33 | 145 |  1 |   0 |   0 | 3.164944e+01 | 3.164944e+01 |   0.00%|  99.88%
  0.1s|   900 |    91 |   309 |   0.3 |   927k |  31 |   8 |   2 |   0 | 145 |  0 |   0 |   0 | 3.164944e+01 | 3.164944e+01 |   0.00%|  99.88%
 time | node  | left  |LP iter|LP it/n|mem/heur|mdpt |vars |cons |rows |cuts |sepa|confs|strbr|  dualbound   | primalbound  |  gap   | compl. 
  0.1s|  1000 |    85 |   309 |   0.3 |   927k |  31 |   8 |   2 |   0 | 145 |  0 |   0 |   0 | 3.164944e+01 | 3.164944e+01 |   0.00%|  99.88%
  0.1s|  1100 |   117 |   310 |   0.2 |   929k |  31 |   8 |   2 |  33 | 145 |  1 |   0 |   0 | 3.164944e+01 | 3.164944e+01 |   0.00%|  99.88%
  0.2s|  1200 |   103 |   310 |   0.2 |   929k |  31 |   8 |   2 |   0 | 145 |  0 |   0 |   0 | 3.164944e+01 | 3.164944e+01 |   0.00%|  99.89%
  0.2s|  1300 |    95 |   310 |   0.2 |   929k |  31 |   8 |   2 |   0 | 145 |  0 |   0 |   0 | 3.164944e+01 | 3.164944e+01 |   0.00%|  99.89%
  0.2s|  1400 |   107 |   310 |   0.2 |   929k |  33 |   8 |   2 |   0 | 145 |  0 |   0 |   0 | 3.164944e+01 | 3.164944e+01 |   0.00%|  99.89%
  0.2s|  1500 |   107 |   310 |   0.2 |   929k |  33 |   8 |   2 |  33 | 145 |  1 |   0 |   0 | 3.164944e+01 | 3.164944e+01 |   0.00%|  99.89%
  0.2s|  1600 |    95 |   310 |   0.2 |   929k |  33 |   8 |   2 |  33 | 145 |  1 |   0 |   0 | 3.164944e+01 | 3.164944e+01 |   0.00%|  99.89%
  0.2s|  1700 |   103 |   310 |   0.2 |   929k |  33 |   8 |   2 |   0 | 145 |  0 |   0 |   0 | 3.164944e+01 | 3.164944e+01 |   0.00%|  99.89%
  0.2s|  1800 |    95 |   312 |   0.2 |   929k |  33 |   8 |   2 |  33 | 146 |  1 |   0 |   0 | 3.164944e+01 | 3.164944e+01 |   0.00%|  99.96%
  0.2s|  1900 |    85 |   312 |   0.1 |   929k |  33 |   8 |   2 |   0 | 146 |  0 |   0 |   0 | 3.164944e+01 | 3.164944e+01 |   0.00%|  99.96%
  0.2s|  2000 |    99 |   312 |   0.1 |   929k |  33 |   8 |   2 |  33 | 146 |  1 |   0 |   0 | 3.164944e+01 | 3.164944e+01 |   0.00%|  99.96%
  0.2s|  2100 |    89 |   312 |   0.1 |   929k |  33 |   8 |   2 |   0 | 146 |  0 |   0 |   0 | 3.164944e+01 | 3.164944e+01 |   0.00%|  99.96%
  0.2s|  2200 |    97 |   312 |   0.1 |   929k |  33 |   8 |   2 |   0 | 146 |  0 |   0 |   0 | 3.164944e+01 | 3.164944e+01 |   0.00%|  99.96%
  0.2s|  2300 |    95 |   312 |   0.1 |   929k |  33 |   8 |   2 |  33 | 146 |  1 |   0 |   0 | 3.164944e+01 | 3.164944e+01 |   0.00%|  99.96%
  0.2s|  2400 |    83 |   312 |   0.1 |   929k |  33 |   8 |   2 |  33 | 146 |  1 |   0 |   0 | 3.164944e+01 | 3.164944e+01 |   0.00%|  99.96%
 time | node  | left  |LP iter|LP it/n|mem/heur|mdpt |vars |cons |rows |cuts |sepa|confs|strbr|  dualbound   | primalbound  |  gap   | compl. 
  0.2s|  2500 |    87 |   312 |   0.1 |   929k |  33 |   8 |   2 |  33 | 146 |  1 |   0 |   0 | 3.164944e+01 | 3.164944e+01 |   0.00%|  99.96%
  0.2s|  2600 |    87 |   312 |   0.1 |   929k |  33 |   8 |   2 |  33 | 146 |  1 |   0 |   0 | 3.164944e+01 | 3.164944e+01 |   0.00%|  99.96%
  0.2s|  2700 |    79 |   312 |   0.1 |   929k |  33 |   8 |   2 |   0 | 146 |  0 |   0 |   0 | 3.164944e+01 | 3.164944e+01 |   0.00%|  99.96%
  0.2s|  2800 |    71 |   312 |   0.1 |   929k |  33 |   8 |   2 |   0 | 146 |  0 |   0 |   0 | 3.164944e+01 | 3.164944e+01 |   0.00%|  99.96%
  0.2s|  2900 |    65 |   312 |   0.1 |   932k |  39 |   8 |   2 |   0 | 146 |  0 |   0 |   0 | 3.164944e+01 | 3.164944e+01 |   0.00%|  99.96%
  0.2s|  3000 |    67 |   312 |   0.1 |   932k |  39 |   8 |   2 |  33 | 146 |  1 |   0 |   0 | 3.164944e+01 | 3.164944e+01 |   0.00%|  99.96%
  0.2s|  3100 |    71 |   312 |   0.1 |   932k |  39 |   8 |   2 |   0 | 146 |  0 |   0 |   0 | 3.164944e+01 | 3.164944e+01 |   0.00%|  99.96%
  0.2s|  3200 |    71 |   313 |   0.1 |   932k |  39 |   8 |   2 |  33 | 146 |  1 |   0 |   0 | 3.164944e+01 | 3.164944e+01 |   0.00%|  99.96%
  0.3s|  3300 |    67 |   313 |   0.1 |   932k |  39 |   8 |   2 |  33 | 146 |  1 |   0 |   0 | 3.164944e+01 | 3.164944e+01 |   0.00%|  99.96%
  0.3s|  3400 |    55 |   313 |   0.1 |   932k |  39 |   8 |   2 |   0 | 146 |  0 |   0 |   0 | 3.164944e+01 | 3.164944e+01 |   0.00%|  99.96%
  0.3s|  3500 |    53 |   313 |   0.1 |   932k |  39 |   8 |   2 |   0 | 146 |  0 |   0 |   0 | 3.164944e+01 | 3.164944e+01 |   0.00%|  99.96%
  0.3s|  3600 |    47 |   313 |   0.1 |   932k |  39 |   8 |   2 |  33 | 146 |  1 |   0 |   0 | 3.164944e+01 | 3.164944e+01 |   0.00%|  99.96%
  0.3s|  3700 |    45 |   313 |   0.1 |   932k |  39 |   8 |   2 |   0 | 146 |  0 |   0 |   0 | 3.164944e+01 | 3.164944e+01 |   0.00%|  99.96%
  0.3s|  3800 |    35 |   313 |   0.1 |   932k |  39 |   8 |   2 |  33 | 146 |  1 |   0 |   0 | 3.164944e+01 | 3.164944e+01 |   0.00%|  99.97%
  0.3s|  3900 |    31 |   313 |   0.1 |   932k |  39 |   8 |   2 |   0 | 146 |  0 |   0 |   0 | 3.164944e+01 | 3.164944e+01 |   0.00%|  99.97%
 time | node  | left  |LP iter|LP it/n|mem/heur|mdpt |vars |cons |rows |cuts |sepa|confs|strbr|  dualbound   | primalbound  |  gap   | compl. 
  0.3s|  4000 |    31 |   313 |   0.1 |   932k |  39 |   8 |   2 |  33 | 146 |  1 |   0 |   0 | 3.164944e+01 | 3.164944e+01 |   0.00%|  99.97%
  0.3s|  4100 |    59 |   315 |   0.1 |   932k |  39 |   8 |   2 |  33 | 146 |  1 |   0 |   0 | 3.164944e+01 | 3.164944e+01 |   0.00%|  99.97%
d 0.3s|  4140 |    73 |   315 |   0.1 |adaptive|  39 |   8 |   2 |   0 | 146 |  0 |   0 |   0 | 3.164944e+01 | 3.164944e+01 |   0.00%|  99.97%
  0.3s|  4200 |    93 |   315 |   0.1 |   932k |  39 |   8 |   2 |   0 | 146 |  0 |   0 |   0 | 3.164944e+01 | 3.164944e+01 |   0.00%|  99.97%
  0.3s|  4300 |    81 |   315 |   0.1 |   932k |  39 |   8 |   2 |  33 | 146 |  1 |   0 |   0 | 3.164944e+01 | 3.164944e+01 |   0.00%|  99.97%
  0.3s|  4400 |    83 |   315 |   0.1 |   932k |  39 |   8 |   2 |  33 | 146 |  1 |   0 |   0 | 3.164944e+01 | 3.164944e+01 |   0.00%|  99.97%
  0.3s|  4500 |    75 |   316 |   0.1 |   932k |  39 |   8 |   2 |  33 | 146 |  1 |   0 |   0 | 3.164944e+01 | 3.164944e+01 |   0.00%|  99.97%
  0.3s|  4600 |    67 |   316 |   0.1 |   932k |  39 |   8 |   2 |   0 | 146 |  0 |   0 |   0 | 3.164944e+01 | 3.164944e+01 |   0.00%|  99.97%
  0.3s|  4700 |    51 |   316 |   0.1 |   932k |  39 |   8 |   2 |  33 | 146 |  1 |   0 |   0 | 3.164944e+01 | 3.164944e+01 |   0.00%|  99.97%
  0.4s|  4800 |    55 |   316 |   0.1 |   932k |  39 |   8 |   2 |  33 | 146 |  1 |   0 |   0 | 3.164944e+01 | 3.164944e+01 |   0.00%|  99.97%
  0.4s|  4900 |    57 |   316 |   0.1 |   932k |  39 |   8 |   2 |  33 | 146 |  1 |   0 |   0 | 3.164944e+01 | 3.164944e+01 |   0.00%|  99.97%
  0.4s|  5000 |    51 |   316 |   0.1 |   932k |  39 |   8 |   2 |   0 | 146 |  0 |   0 |   0 | 3.164944e+01 | 3.164944e+01 |   0.00%|  99.97%
  0.4s|  5100 |    51 |   316 |   0.1 |   932k |  39 |   8 |   2 |   0 | 146 |  0 |   0 |   0 | 3.164944e+01 | 3.164944e+01 |   0.00%|  99.97%
  0.4s|  5200 |    43 |   316 |   0.1 |   932k |  39 |   8 |   2 |   0 | 146 |  0 |   0 |   0 | 3.164944e+01 | 3.164944e+01 |   0.00%|  99.97%
  0.4s|  5300 |    59 |   317 |   0.1 |   932k |  39 |   8 |   2 |  33 | 146 |  1 |   0 |   0 | 3.164944e+01 | 3.164944e+01 |   0.00%|  99.97%
 time | node  | left  |LP iter|LP it/n|mem/heur|mdpt |vars |cons |rows |cuts |sepa|confs|strbr|  dualbound   | primalbound  |  gap   | compl. 
  0.4s|  5400 |    39 |   317 |   0.1 |   932k |  39 |   8 |   2 |  33 | 146 |  1 |   0 |   0 | 3.164944e+01 | 3.164944e+01 |   0.00%|  99.97%
  0.4s|  5500 |    47 |   317 |   0.1 |   932k |  39 |   8 |   2 |  33 | 146 |  1 |   0 |   0 | 3.164944e+01 | 3.164944e+01 |   0.00%|  99.97%
  0.4s|  5600 |    55 |   317 |   0.0 |   932k |  39 |   8 |   2 |   0 | 146 |  0 |   0 |   0 | 3.164944e+01 | 3.164944e+01 |   0.00%|  99.97%
d 0.4s|  5654 |    57 |   317 |   0.0 |adaptive|  39 |   8 |   2 |   0 | 146 |  0 |   0 |   0 | 3.164944e+01 | 3.164944e+01 |   0.00%|  99.97%
  0.4s|  5700 |    53 |   317 |   0.0 |   932k |  39 |   8 |   2 |  33 | 146 |  1 |   0 |   0 | 3.164944e+01 | 3.164944e+01 |   0.00%|  99.97%
  0.4s|  5800 |    59 |   317 |   0.0 |   932k |  39 |   8 |   2 |   0 | 146 |  0 |   0 |   0 | 3.164944e+01 | 3.164944e+01 |   0.00%|  99.97%
  0.4s|  5900 |    51 |   317 |   0.0 |   932k |  39 |   8 |   2 |  33 | 146 |  1 |   0 |   0 | 3.164944e+01 | 3.164944e+01 |   0.00%|  99.97%
  0.4s|  6000 |    51 |   317 |   0.0 |   932k |  39 |   8 |   2 |   0 | 146 |  0 |   0 |   0 | 3.164944e+01 | 3.164944e+01 |   0.00%|  99.97%
  0.4s|  6100 |    51 |   317 |   0.0 |   932k |  39 |   8 |   2 |  33 | 146 |  1 |   0 |   0 | 3.164944e+01 | 3.164944e+01 |   0.00%|  99.97%
  0.4s|  6200 |    43 |   317 |   0.0 |   932k |  39 |   8 |   2 |  33 | 146 |  1 |   0 |   0 | 3.164944e+01 | 3.164944e+01 |   0.00%|  99.97%
  0.4s|  6300 |    47 |   317 |   0.0 |   932k |  39 |   8 |   2 |  33 | 146 |  1 |   0 |   0 | 3.164944e+01 | 3.164944e+01 |   0.00%|  99.97%
  0.4s|  6400 |    51 |   317 |   0.0 |   932k |  39 |   8 |   2 |  33 | 146 |  1 |   0 |   0 | 3.164944e+01 | 3.164944e+01 |   0.00%|  99.97%
  0.5s|  6500 |    47 |   317 |   0.0 |   932k |  39 |   8 |   2 |  33 | 146 |  1 |   0 |   0 | 3.164944e+01 | 3.164944e+01 |   0.00%|  99.97%
  0.5s|  6600 |    43 |   317 |   0.0 |   932k |  39 |   8 |   2 |  33 | 146 |  1 |   0 |   0 | 3.164944e+01 | 3.164944e+01 |   0.00%|  99.97%
  0.5s|  6700 |    47 |   317 |   0.0 |   932k |  39 |   8 |   2 |  33 | 146 |  1 |   0 |   0 | 3.164944e+01 | 3.164944e+01 |   0.00%|  99.97%
 time | node  | left  |LP iter|LP it/n|mem/heur|mdpt |vars |cons |rows |cuts |sepa|confs|strbr|  dualbound   | primalbound  |  gap   | compl. 
  0.5s|  6800 |    49 |   317 |   0.0 |   932k |  39 |   8 |   2 |   0 | 146 |  0 |   0 |   0 | 3.164944e+01 | 3.164944e+01 |   0.00%|  99.97%
d 0.5s|  6828 |    45 |   317 |   0.0 |adaptive|  39 |   8 |   2 |   0 | 146 |  0 |   0 |   0 | 3.164944e+01 | 3.164944e+01 |   0.00%|  99.97%
L 0.5s|  6830 |    45 |   317 |   0.0 |  subnlp|  39 |   8 |   2 |  33 | 146 |  1 |   0 |   0 | 3.164944e+01 | 3.164944e+01 |   0.00%|  99.97%
  0.5s|  6900 |    39 |   317 |   0.0 |   932k |  39 |   8 |   2 |   0 | 146 |  0 |   0 |   0 | 3.164944e+01 | 3.164944e+01 |   0.00%|  99.97%
  0.5s|  7000 |    43 |   317 |   0.0 |   932k |  39 |   8 |   2 |   0 | 146 |  0 |   0 |   0 | 3.164944e+01 | 3.164944e+01 |   0.00%|  99.97%
  0.5s|  7100 |    39 |   317 |   0.0 |   932k |  39 |   8 |   2 |   0 | 146 |  0 |   0 |   0 | 3.164944e+01 | 3.164944e+01 |   0.00%|  99.97%
  0.5s|  7200 |    45 |   317 |   0.0 |   932k |  39 |   8 |   2 |  33 | 146 |  1 |   0 |   0 | 3.164944e+01 | 3.164944e+01 |   0.00%|  99.97%
  0.5s|  7300 |    35 |   317 |   0.0 |   932k |  39 |   8 |   2 |  33 | 146 |  1 |   0 |   0 | 3.164944e+01 | 3.164944e+01 |   0.00%|  99.97%
  0.5s|  7400 |    33 |   317 |   0.0 |   932k |  39 |   8 |   2 |   0 | 146 |  0 |   0 |   0 | 3.164944e+01 | 3.164944e+01 |   0.00%|  99.97%
  0.5s|  7500 |    35 |   317 |   0.0 |   932k |  39 |   8 |   2 |   0 | 146 |  0 |   0 |   0 | 3.164944e+01 | 3.164944e+01 |   0.00%|  99.97%
  0.6s|  7600 |    35 |   317 |   0.0 |   932k |  39 |   8 |   2 |   0 | 146 |  0 |   0 |   0 | 3.164944e+01 | 3.164944e+01 |   0.00%|  99.97%
  0.6s|  7700 |    25 |   317 |   0.0 |   932k |  39 |   8 |   2 |  33 | 146 |  1 |   0 |   0 | 3.164944e+01 | 3.164944e+01 |   0.00%|  99.98%
  0.6s|  7800 |    21 |   317 |   0.0 |   932k |  39 |   8 |   2 |   0 | 146 |  0 |   0 |   0 | 3.164944e+01 | 3.164944e+01 |   0.00%|  99.98%
  0.6s|  7900 |    25 |   317 |   0.0 |   932k |  39 |   8 |   2 |   0 | 146 |  0 |   0 |   0 | 3.164944e+01 | 3.164944e+01 |   0.00%|  99.98%
  0.6s|  8000 |    29 |   317 |   0.0 |   932k |  39 |   8 |   2 |  33 | 146 |  1 |   0 |   0 | 3.164944e+01 | 3.164944e+01 |   0.00%|  99.98%
 time | node  | left  |LP iter|LP it/n|mem/heur|mdpt |vars |cons |rows |cuts |sepa|confs|strbr|  dualbound   | primalbound  |  gap   | compl. 
  0.6s|  8100 |    29 |   317 |   0.0 |   932k |  39 |   8 |   2 |  33 | 146 |  1 |   0 |   0 | 3.164944e+01 | 3.164944e+01 |   0.00%|  99.98%
  0.6s|  8200 |    29 |   317 |   0.0 |   932k |  39 |   8 |   2 |  33 | 146 |  1 |   0 |   0 | 3.164944e+01 | 3.164944e+01 |   0.00%|  99.98%
  0.6s|  8300 |    29 |   317 |   0.0 |   932k |  39 |   8 |   2 |   0 | 146 |  0 |   0 |   0 | 3.164944e+01 | 3.164944e+01 |   0.00%|  99.98%
  0.6s|  8400 |    29 |   317 |   0.0 |   932k |  39 |   8 |   2 |   0 | 146 |  0 |   0 |   0 | 3.164944e+01 | 3.164944e+01 |   0.00%|  99.98%
  0.6s|  8500 |    27 |   317 |   0.0 |   932k |  39 |   8 |   2 |   0 | 146 |  0 |   0 |   0 | 3.164944e+01 | 3.164944e+01 |   0.00%|  99.98%
  0.6s|  8600 |    27 |   317 |   0.0 |   932k |  39 |   8 |   2 |   0 | 146 |  0 |   0 |   0 | 3.164944e+01 | 3.164944e+01 |   0.00%|  99.98%
  0.6s|  8700 |    27 |   317 |   0.0 |   932k |  39 |   8 |   2 |   0 | 146 |  0 |   0 |   0 | 3.164944e+01 | 3.164944e+01 |   0.00%|  99.98%
  0.6s|  8800 |    21 |   317 |   0.0 |   932k |  39 |   8 |   2 |   0 | 146 |  0 |   0 |   0 | 3.164944e+01 | 3.164944e+01 |   0.00%|  99.98%
  0.6s|  8900 |    29 |   317 |   0.0 |   932k |  39 |   8 |   2 |   0 | 146 |  0 |   0 |   0 | 3.164944e+01 | 3.164944e+01 |   0.00%|  99.98%
  0.6s|  9000 |    29 |   317 |   0.0 |   932k |  39 |   8 |   2 |  33 | 146 |  1 |   0 |   0 | 3.164944e+01 | 3.164944e+01 |   0.00%|  99.98%
  0.6s|  9100 |    25 |   317 |   0.0 |   932k |  39 |   8 |   2 |   0 | 146 |  0 |   0 |   0 | 3.164944e+01 | 3.164944e+01 |   0.00%|  99.98%
  0.6s|  9200 |    25 |   317 |   0.0 |   932k |  39 |   8 |   2 |   0 | 146 |  0 |   0 |   0 | 3.164944e+01 | 3.164944e+01 |   0.00%|  99.98%
  0.6s|  9300 |    25 |   317 |   0.0 |   932k |  39 |   8 |   2 |   0 | 146 |  0 |   0 |   0 | 3.164944e+01 | 3.164944e+01 |   0.00%|  99.98%
  0.6s|  9400 |    25 |   317 |   0.0 |   932k |  39 |   8 |   2 |   0 | 146 |  0 |   0 |   0 | 3.164944e+01 | 3.164944e+01 |   0.00%|  99.98%
  0.7s|  9500 |    25 |   317 |   0.0 |   932k |  39 |   8 |   2 |  33 | 146 |  1 |   0 |   0 | 3.164944e+01 | 3.164944e+01 |   0.00%|  99.98%
 time | node  | left  |LP iter|LP it/n|mem/heur|mdpt |vars |cons |rows |cuts |sepa|confs|strbr|  dualbound   | primalbound  |  gap   | compl. 
  0.7s|  9600 |    25 |   317 |   0.0 |   932k |  39 |   8 |   2 |   0 | 146 |  0 |   0 |   0 | 3.164944e+01 | 3.164944e+01 |   0.00%|  99.98%
  0.7s|  9700 |    25 |   317 |   0.0 |   932k |  39 |   8 |   2 |  33 | 146 |  1 |   0 |   0 | 3.164944e+01 | 3.164944e+01 |   0.00%|  99.98%
  0.7s|  9800 |    27 |   317 |   0.0 |   932k |  39 |   8 |   2 |   0 | 146 |  0 |   0 |   0 | 3.164944e+01 | 3.164944e+01 |   0.00%|  99.98%
  0.7s|  9900 |    25 |   317 |   0.0 |   932k |  39 |   8 |   2 |  33 | 146 |  1 |   0 |   0 | 3.164944e+01 | 3.164944e+01 |   0.00%|  99.98%
  0.7s| 10000 |    25 |   317 |   0.0 |   932k |  39 |   8 |   2 |  33 | 146 |  1 |   0 |   0 | 3.164944e+01 | 3.164944e+01 |   0.00%|  99.98%
  0.7s| 10100 |    25 |   317 |   0.0 |   932k |  39 |   8 |   2 |   0 | 146 |  0 |   0 |   0 | 3.164944e+01 | 3.164944e+01 |   0.00%|  99.98%
  0.7s| 10200 |    25 |   317 |   0.0 |   932k |  39 |   8 |   2 |  33 | 146 |  1 |   0 |   0 | 3.164944e+01 | 3.164944e+01 |   0.00%|  99.98%
  0.7s| 10300 |    25 |   317 |   0.0 |   932k |  39 |   8 |   2 |  33 | 146 |  1 |   0 |   0 | 3.164944e+01 | 3.164944e+01 |   0.00%|  99.98%
  0.7s| 10400 |    25 |   317 |   0.0 |   932k |  39 |   8 |   2 |  33 | 146 |  1 |   0 |   0 | 3.164944e+01 | 3.164944e+01 |   0.00%|  99.98%
  0.7s| 10500 |    25 |   317 |   0.0 |   932k |  39 |   8 |   2 |  33 | 146 |  1 |   0 |   0 | 3.164944e+01 | 3.164944e+01 |   0.00%|  99.98%
  0.7s| 10600 |    23 |   317 |   0.0 |   932k |  39 |   8 |   2 |   0 | 146 |  0 |   0 |   0 | 3.164944e+01 | 3.164944e+01 |   0.00%|  99.98%
  0.7s| 10700 |    27 |   317 |   0.0 |   932k |  39 |   8 |   2 |   0 | 146 |  0 |   0 |   0 | 3.164944e+01 | 3.164944e+01 |   0.00%|  99.98%
  0.7s| 10800 |    25 |   317 |   0.0 |   932k |  39 |   8 |   2 |   0 | 146 |  0 |   0 |   0 | 3.164944e+01 | 3.164944e+01 |   0.00%|  99.98%
  0.7s| 10900 |    25 |   317 |   0.0 |   932k |  39 |   8 |   2 |  33 | 146 |  1 |   0 |   0 | 3.164944e+01 | 3.164944e+01 |   0.00%|  99.98%
  0.7s| 11000 |    25 |   317 |   0.0 |   932k |  39 |   8 |   2 |   0 | 146 |  0 |   0 |   0 | 3.164944e+01 | 3.164944e+01 |   0.00%|  99.98%
 time | node  | left  |LP iter|LP it/n|mem/heur|mdpt |vars |cons |rows |cuts |sepa|confs|strbr|  dualbound   | primalbound  |  gap   | compl. 
  0.7s| 11100 |    25 |   317 |   0.0 |   932k |  39 |   8 |   2 |   0 | 146 |  0 |   0 |   0 | 3.164944e+01 | 3.164944e+01 |   0.00%|  99.98%
  0.7s| 11200 |    25 |   317 |   0.0 |   932k |  39 |   8 |   2 |  33 | 146 |  1 |   0 |   0 | 3.164944e+01 | 3.164944e+01 |   0.00%|  99.98%
  0.7s| 11300 |    25 |   317 |   0.0 |   932k |  39 |   8 |   2 |  33 | 146 |  1 |   0 |   0 | 3.164944e+01 | 3.164944e+01 |   0.00%|  99.98%
  0.7s| 11400 |    25 |   317 |   0.0 |   932k |  39 |   8 |   2 |  33 | 146 |  1 |   0 |   0 | 3.164944e+01 | 3.164944e+01 |   0.00%|  99.98%
  0.8s| 11500 |    25 |   317 |   0.0 |   932k |  39 |   8 |   2 |  33 | 146 |  1 |   0 |   0 | 3.164944e+01 | 3.164944e+01 |   0.00%|  99.98%
  0.8s| 11600 |    25 |   317 |   0.0 |   932k |  39 |   8 |   2 |  33 | 146 |  1 |   0 |   0 | 3.164944e+01 | 3.164944e+01 |   0.00%|  99.98%
  0.8s| 11700 |    25 |   317 |   0.0 |   932k |  39 |   8 |   2 |  33 | 146 |  1 |   0 |   0 | 3.164944e+01 | 3.164944e+01 |   0.00%|  99.98%
  0.8s| 11800 |    25 |   317 |   0.0 |   932k |  39 |   8 |   2 |  33 | 146 |  1 |   0 |   0 | 3.164944e+01 | 3.164944e+01 |   0.00%|  99.98%
  0.8s| 11900 |    23 |   317 |   0.0 |   932k |  39 |   8 |   2 |   0 | 146 |  0 |   0 |   0 | 3.164944e+01 | 3.164944e+01 |   0.00%|  99.98%
  0.8s| 12000 |    21 |   319 |   0.0 |   932k |  39 |   8 |   2 |  33 | 148 |  1 |   0 |   0 | 3.164944e+01 | 3.164944e+01 |   0.00%|  99.98%
  0.8s| 12100 |    89 |   321 |   0.0 |   932k |  39 |   8 |   2 |  33 | 150 |  1 |   0 |   0 | 3.164944e+01 | 3.164944e+01 |   0.00%|  99.98%
  0.8s| 12200 |   117 |   321 |   0.0 |   948k |  39 |   8 |   2 |  33 | 150 |  1 |   0 |   0 | 3.164944e+01 | 3.164944e+01 |   0.00%|  99.98%
  0.8s| 12300 |   131 |   321 |   0.0 |   948k |  39 |   8 |   2 |   0 | 150 |  0 |   0 |   0 | 3.164944e+01 | 3.164944e+01 |   0.00%|  99.98%
  0.8s| 12400 |   129 |   321 |   0.0 |   948k |  39 |   8 |   2 |  33 | 150 |  1 |   0 |   0 | 3.164944e+01 | 3.164944e+01 |   0.00%|  99.98%
  0.8s| 12500 |   127 |   321 |   0.0 |   948k |  39 |   8 |   2 |   0 | 150 |  0 |   0 |   0 | 3.164944e+01 | 3.164944e+01 |   0.00%|  99.98%
 time | node  | left  |LP iter|LP it/n|mem/heur|mdpt |vars |cons |rows |cuts |sepa|confs|strbr|  dualbound   | primalbound  |  gap   | compl. 
  0.8s| 12600 |   129 |   321 |   0.0 |   948k |  39 |   8 |   2 |  33 | 150 |  1 |   0 |   0 | 3.164944e+01 | 3.164944e+01 |   0.00%|  99.98%
  0.8s| 12700 |   117 |   321 |   0.0 |   948k |  39 |   8 |   2 |  33 | 150 |  1 |   0 |   0 | 3.164944e+01 | 3.164944e+01 |   0.00%|  99.98%
  0.8s| 12800 |   117 |   321 |   0.0 |   948k |  39 |   8 |   2 |   0 | 150 |  0 |   0 |   0 | 3.164944e+01 | 3.164944e+01 |   0.00%|  99.98%
  0.8s| 12900 |   117 |   321 |   0.0 |   948k |  39 |   8 |   2 |  33 | 150 |  1 |   0 |   0 | 3.164944e+01 | 3.164944e+01 |   0.00%|  99.98%
  0.8s| 13000 |   117 |   321 |   0.0 |   948k |  39 |   8 |   2 |   0 | 150 |  0 |   0 |   0 | 3.164944e+01 | 3.164944e+01 |   0.00%|  99.98%
  0.8s| 13100 |   113 |   321 |   0.0 |   948k |  39 |   8 |   2 |   0 | 150 |  0 |   0 |   0 | 3.164944e+01 | 3.164944e+01 |   0.00%|  99.98%
  0.9s| 13200 |   105 |   321 |   0.0 |   948k |  39 |   8 |   2 |  33 | 150 |  1 |   0 |   0 | 3.164944e+01 | 3.164944e+01 |   0.00%|  99.98%
  0.9s| 13300 |    87 |   321 |   0.0 |   948k |  39 |   8 |   2 |   0 | 150 |  0 |   0 |   0 | 3.164944e+01 | 3.164944e+01 |   0.00%|  99.99%
  0.9s| 13400 |    77 |   321 |   0.0 |   948k |  39 |   8 |   2 |   0 | 150 |  0 |   0 |   0 | 3.164944e+01 | 3.164944e+01 |   0.00%|  99.99%
  0.9s| 13500 |    85 |   321 |   0.0 |   948k |  39 |   8 |   2 |  33 | 150 |  1 |   0 |   0 | 3.164944e+01 | 3.164944e+01 |   0.00%|  99.99%
  0.9s| 13600 |    85 |   321 |   0.0 |   948k |  39 |   8 |   2 |  33 | 150 |  1 |   0 |   0 | 3.164944e+01 | 3.164944e+01 |   0.00%|  99.99%
  0.9s| 13700 |    77 |   321 |   0.0 |   948k |  39 |   8 |   2 |   0 | 150 |  0 |   0 |   0 | 3.164944e+01 | 3.164944e+01 |   0.00%|  99.99%
  0.9s| 13800 |    79 |   321 |   0.0 |   948k |  39 |   8 |   2 |   0 | 150 |  0 |   0 |   0 | 3.164944e+01 | 3.164944e+01 |   0.00%|  99.99%
  0.9s| 13900 |    77 |   321 |   0.0 |   948k |  39 |   8 |   2 |  33 | 150 |  1 |   0 |   0 | 3.164944e+01 | 3.164944e+01 |   0.00%|  99.99%
  0.9s| 14000 |    79 |   321 |   0.0 |   948k |  39 |   8 |   2 |   0 | 150 |  0 |   0 |   0 | 3.164944e+01 | 3.164944e+01 |   0.00%|  99.99%
 time | node  | left  |LP iter|LP it/n|mem/heur|mdpt |vars |cons |rows |cuts |sepa|confs|strbr|  dualbound   | primalbound  |  gap   | compl. 
  0.9s| 14100 |    73 |   321 |   0.0 |   948k |  39 |   8 |   2 |  33 | 150 |  1 |   0 |   0 | 3.164944e+01 | 3.164944e+01 |   0.00%|  99.99%
  0.9s| 14200 |    77 |   321 |   0.0 |   948k |  39 |   8 |   2 |  33 | 150 |  1 |   0 |   0 | 3.164944e+01 | 3.164944e+01 |   0.00%|  99.99%
  0.9s| 14300 |    77 |   321 |   0.0 |   948k |  39 |   8 |   2 |   0 | 150 |  0 |   0 |   0 | 3.164944e+01 | 3.164944e+01 |   0.00%|  99.99%
  0.9s| 14400 |    73 |   321 |   0.0 |   948k |  39 |   8 |   2 |   0 | 150 |  0 |   0 |   0 | 3.164944e+01 | 3.164944e+01 |   0.00%|  99.99%
  0.9s| 14500 |    73 |   321 |   0.0 |   948k |  39 |   8 |   2 |  33 | 150 |  1 |   0 |   0 | 3.164944e+01 | 3.164944e+01 |   0.00%|  99.99%
  0.9s| 14600 |    61 |   321 |   0.0 |   948k |  39 |   8 |   2 |   0 | 150 |  0 |   0 |   0 | 3.164944e+01 | 3.164944e+01 |   0.00%|  99.99%
  0.9s| 14700 |    61 |   321 |   0.0 |   948k |  39 |   8 |   2 |  33 | 150 |  1 |   0 |   0 | 3.164944e+01 | 3.164944e+01 |   0.00%|  99.99%
  0.9s| 14800 |    49 |   321 |   0.0 |   948k |  39 |   8 |   2 |  33 | 150 |  1 |   0 |   0 | 3.164944e+01 | 3.164944e+01 |   0.00%|  99.99%
  0.9s| 14900 |    81 |   321 |   0.0 |   948k |  39 |   8 |   2 |  33 | 150 |  1 |   0 |   0 | 3.164944e+01 | 3.164944e+01 |   0.00%|  99.99%
  0.9s| 15000 |    77 |   321 |   0.0 |   948k |  39 |   8 |   2 |   0 | 150 |  0 |   0 |   0 | 3.164944e+01 | 3.164944e+01 |   0.00%|  99.99%
  0.9s| 15100 |    65 |   321 |   0.0 |   948k |  39 |   8 |   2 |   0 | 150 |  0 |   0 |   0 | 3.164944e+01 | 3.164944e+01 |   0.00%|  99.99%
  1.0s| 15200 |    81 |   321 |   0.0 |   948k |  39 |   8 |   2 |   0 | 150 |  0 |   0 |   0 | 3.164944e+01 | 3.164944e+01 |   0.00%|  99.99%
  1.0s| 15300 |    69 |   321 |   0.0 |   948k |  39 |   8 |   2 |  33 | 150 |  1 |   0 |   0 | 3.164944e+01 | 3.164944e+01 |   0.00%|  99.99%
  1.0s| 15400 |    79 |   321 |   0.0 |   948k |  39 |   8 |   2 |   0 | 150 |  0 |   0 |   0 | 3.164944e+01 | 3.164944e+01 |   0.00%|  99.99%
  1.0s| 15500 |    69 |   321 |   0.0 |   948k |  39 |   8 |   2 |  33 | 150 |  1 |   0 |   0 | 3.164944e+01 | 3.164944e+01 |   0.00%|  99.99%
 time | node  | left  |LP iter|LP it/n|mem/heur|mdpt |vars |cons |rows |cuts |sepa|confs|strbr|  dualbound   | primalbound  |  gap   | compl. 
  1.0s| 15600 |    71 |   321 |   0.0 |   948k |  39 |   8 |   2 |   0 | 150 |  0 |   0 |   0 | 3.164944e+01 | 3.164944e+01 |   0.00%|  99.99%
  1.0s| 15700 |    73 |   321 |   0.0 |   948k |  39 |   8 |   2 |  33 | 150 |  1 |   0 |   0 | 3.164944e+01 | 3.164944e+01 |   0.00%|  99.99%
  1.0s| 15800 |    71 |   321 |   0.0 |   948k |  39 |   8 |   2 |   0 | 150 |  0 |   0 |   0 | 3.164944e+01 | 3.164944e+01 |   0.00%|  99.99%
  1.0s| 15900 |    61 |   321 |   0.0 |   948k |  39 |   8 |   2 |  33 | 150 |  1 |   0 |   0 | 3.164944e+01 | 3.164944e+01 |   0.00%|  99.99%
  1.0s| 16000 |    61 |   321 |   0.0 |   948k |  39 |   8 |   2 |  33 | 150 |  1 |   0 |   0 | 3.164944e+01 | 3.164944e+01 |   0.00%|  99.99%
  1.0s| 16100 |    53 |   321 |   0.0 |   948k |  39 |   8 |   2 |  33 | 150 |  1 |   0 |   0 | 3.164944e+01 | 3.164944e+01 |   0.00%|  99.99%
  1.0s| 16200 |    69 |   321 |   0.0 |   955k |  39 |   8 |   2 |  33 | 150 |  1 |   0 |   0 | 3.164944e+01 | 3.164944e+01 |   0.00%|  99.99%
  1.0s| 16300 |    77 |   321 |   0.0 |   955k |  39 |   8 |   2 |  33 | 150 |  1 |   0 |   0 | 3.164944e+01 | 3.164944e+01 |   0.00%|  99.99%
  1.0s| 16400 |    69 |   321 |   0.0 |   955k |  39 |   8 |   2 |  33 | 150 |  1 |   0 |   0 | 3.164944e+01 | 3.164944e+01 |   0.00%|  99.99%
  1.0s| 16500 |    77 |   321 |   0.0 |   955k |  39 |   8 |   2 |   0 | 150 |  0 |   0 |   0 | 3.164944e+01 | 3.164944e+01 |   0.00%|  99.99%
  1.0s| 16600 |    73 |   321 |   0.0 |   955k |  39 |   8 |   2 |  33 | 150 |  1 |   0 |   0 | 3.164944e+01 | 3.164944e+01 |   0.00%|  99.99%
  1.0s| 16700 |    69 |   321 |   0.0 |   955k |  39 |   8 |   2 |   0 | 150 |  0 |   0 |   0 | 3.164944e+01 | 3.164944e+01 |   0.00%|  99.99%
  1.0s| 16800 |    71 |   321 |   0.0 |   955k |  39 |   8 |   2 |   0 | 150 |  0 |   0 |   0 | 3.164944e+01 | 3.164944e+01 |   0.00%|  99.99%
  1.1s| 16900 |    69 |   321 |   0.0 |   955k |  39 |   8 |   2 |   0 | 150 |  0 |   0 |   0 | 3.164944e+01 | 3.164944e+01 |   0.00%|  99.99%
  1.1s| 17000 |    61 |   321 |   0.0 |   955k |  39 |   8 |   2 |  33 | 150 |  1 |   0 |   0 | 3.164944e+01 | 3.164944e+01 |   0.00%|  99.99%
 time | node  | left  |LP iter|LP it/n|mem/heur|mdpt |vars |cons |rows |cuts |sepa|confs|strbr|  dualbound   | primalbound  |  gap   | compl. 
  1.1s| 17100 |    59 |   321 |   0.0 |   955k |  39 |   8 |   2 |   0 | 150 |  0 |   0 |   0 | 3.164944e+01 | 3.164944e+01 |   0.00%|  99.99%
  1.1s| 17200 |    57 |   321 |   0.0 |   955k |  39 |   8 |   2 |  33 | 150 |  1 |   0 |   0 | 3.164944e+01 | 3.164944e+01 |   0.00%|  99.99%
  1.1s| 17300 |    69 |   321 |   0.0 |   955k |  39 |   8 |   2 |  33 | 150 |  1 |   0 |   0 | 3.164944e+01 | 3.164944e+01 |   0.00%|  99.99%
  1.1s| 17400 |    77 |   321 |   0.0 |   955k |  39 |   8 |   2 |  33 | 150 |  1 |   0 |   0 | 3.164944e+01 | 3.164944e+01 |   0.00%|  99.99%
  1.1s| 17500 |    77 |   321 |   0.0 |   955k |  39 |   8 |   2 |   0 | 150 |  0 |   0 |   0 | 3.164944e+01 | 3.164944e+01 |   0.00%|  99.99%
  1.1s| 17600 |    65 |   321 |   0.0 |   955k |  39 |   8 |   2 |   0 | 150 |  0 |   0 |   0 | 3.164944e+01 | 3.164944e+01 |   0.00%|  99.99%
  1.1s| 17700 |    67 |   321 |   0.0 |   955k |  39 |   8 |   2 |   0 | 150 |  0 |   0 |   0 | 3.164944e+01 | 3.164944e+01 |   0.00%|  99.99%
  1.1s| 17800 |    65 |   321 |   0.0 |   955k |  39 |   8 |   2 |  33 | 150 |  1 |   0 |   0 | 3.164944e+01 | 3.164944e+01 |   0.00%|  99.99%
  1.1s| 17900 |    67 |   321 |   0.0 |   955k |  39 |   8 |   2 |   0 | 150 |  0 |   0 |   0 | 3.164944e+01 | 3.164944e+01 |   0.00%|  99.99%
  1.1s| 18000 |    61 |   321 |   0.0 |   955k |  39 |   8 |   2 |  33 | 150 |  1 |   0 |   0 | 3.164944e+01 | 3.164944e+01 |   0.00%|  99.99%
  1.1s| 18100 |    49 |   321 |   0.0 |   955k |  39 |   8 |   2 |   0 | 150 |  0 |   0 |   0 | 3.164944e+01 | 3.164944e+01 |   0.00%|  99.99%
  1.1s| 18200 |    79 |   321 |   0.0 |   955k |  39 |   8 |   2 |   0 | 150 |  0 |   0 |   0 | 3.164944e+01 | 3.164944e+01 |   0.00%|  99.99%
  1.1s| 18300 |    67 |   321 |   0.0 |   955k |  39 |   8 |   2 |   0 | 150 |  0 |   0 |   0 | 3.164944e+01 | 3.164944e+01 |   0.00%|  99.99%
  1.1s| 18400 |    69 |   321 |   0.0 |   955k |  39 |   8 |   2 |  33 | 150 |  1 |   0 |   0 | 3.164944e+01 | 3.164944e+01 |   0.00%|  99.99%
  1.1s| 18500 |    65 |   321 |   0.0 |   955k |  39 |   8 |   2 |   0 | 150 |  0 |   0 |   0 | 3.164944e+01 | 3.164944e+01 |   0.00%|  99.99%
 time | node  | left  |LP iter|LP it/n|mem/heur|mdpt |vars |cons |rows |cuts |sepa|confs|strbr|  dualbound   | primalbound  |  gap   | compl. 
  1.1s| 18600 |    65 |   321 |   0.0 |   955k |  39 |   8 |   2 |  33 | 150 |  1 |   0 |   0 | 3.164944e+01 | 3.164944e+01 |   0.00%|  99.99%
  1.1s| 18700 |    63 |   321 |   0.0 |   955k |  39 |   8 |   2 |   0 | 150 |  0 |   0 |   0 | 3.164944e+01 | 3.164944e+01 |   0.00%|  99.99%
  1.1s| 18800 |    51 |   321 |   0.0 |   955k |  39 |   8 |   2 |   0 | 150 |  0 |   0 |   0 | 3.164944e+01 | 3.164944e+01 |   0.00%|  99.99%
  1.1s| 18900 |    75 |   321 |   0.0 |   955k |  39 |   8 |   2 |   0 | 150 |  0 |   0 |   0 | 3.164944e+01 | 3.164944e+01 |   0.00%|  99.99%
  1.2s| 19000 |    67 |   321 |   0.0 |   955k |  39 |   8 |   2 |  33 | 150 |  1 |   0 |   0 | 3.164944e+01 | 3.164944e+01 |   0.00%|  99.99%
  1.2s| 19100 |    67 |   321 |   0.0 |   955k |  39 |   8 |   2 |  33 | 150 |  1 |   0 |   0 | 3.164944e+01 | 3.164944e+01 |   0.00%|  99.99%
  1.2s| 19200 |    59 |   321 |   0.0 |   955k |  39 |   8 |   2 |  33 | 150 |  1 |   0 |   0 | 3.164944e+01 | 3.164944e+01 |   0.00%|  99.99%
  1.2s| 19300 |    55 |   321 |   0.0 |   955k |  39 |   8 |   2 |  33 | 150 |  1 |   0 |   0 | 3.164944e+01 | 3.164944e+01 |   0.00%|  99.99%
  1.2s| 19400 |    43 |   321 |   0.0 |   955k |  39 |   8 |   2 |  33 | 150 |  1 |   0 |   0 | 3.164944e+01 | 3.164944e+01 |   0.00%|  99.99%
  1.2s| 19500 |    63 |   321 |   0.0 |   955k |  39 |   8 |   2 |   0 | 150 |  0 |   0 |   0 | 3.164944e+01 | 3.164944e+01 |   0.00%|  99.99%
  1.2s| 19600 |    61 |   321 |   0.0 |   955k |  39 |   8 |   2 |  33 | 150 |  1 |   0 |   0 | 3.164944e+01 | 3.164944e+01 |   0.00%|  99.99%
  1.2s| 19700 |    61 |   321 |   0.0 |   955k |  39 |   8 |   2 |  33 | 150 |  1 |   0 |   0 | 3.164944e+01 | 3.164944e+01 |   0.00%|  99.99%
  1.2s| 19800 |    49 |   321 |   0.0 |   955k |  39 |   8 |   2 |  33 | 150 |  1 |   0 |   0 | 3.164944e+01 | 3.164944e+01 |   0.00%|  99.99%
  1.2s| 19900 |    65 |   321 |   0.0 |   955k |  39 |   8 |   2 |  33 | 150 |  1 |   0 |   0 | 3.164944e+01 | 3.164944e+01 |   0.00%|  99.99%
  1.2s| 20000 |    53 |   321 |   0.0 |   955k |  39 |   8 |   2 |   0 | 150 |  0 |   0 |   0 | 3.164944e+01 | 3.164944e+01 |   0.00%|  99.99%
 time | node  | left  |LP iter|LP it/n|mem/heur|mdpt |vars |cons |rows |cuts |sepa|confs|strbr|  dualbound   | primalbound  |  gap   | compl. 
  1.2s| 20100 |    53 |   321 |   0.0 |   955k |  39 |   8 |   2 |  33 | 150 |  1 |   0 |   0 | 3.164944e+01 | 3.164944e+01 |   0.00%|  99.99%
  1.2s| 20200 |    41 |   321 |   0.0 |   955k |  39 |   8 |   2 |  33 | 150 |  1 |   0 |   0 | 3.164944e+01 | 3.164944e+01 |   0.00%|  99.99%
  1.2s| 20300 |    57 |   321 |   0.0 |   955k |  39 |   8 |   2 |   0 | 150 |  0 |   0 |   0 | 3.164944e+01 | 3.164944e+01 |   0.00%|  99.99%
  1.2s| 20400 |    45 |   321 |   0.0 |   955k |  39 |   8 |   2 |  33 | 150 |  1 |   0 |   0 | 3.164944e+01 | 3.164944e+01 |   0.00%|  99.99%
  1.2s| 20500 |    53 |   321 |   0.0 |   955k |  39 |   8 |   2 |  33 | 150 |  1 |   0 |   0 | 3.164944e+01 | 3.164944e+01 |   0.00%|  99.99%
  1.2s| 20600 |    51 |   321 |   0.0 |   955k |  39 |   8 |   2 |   0 | 150 |  0 |   0 |   0 | 3.164944e+01 | 3.164944e+01 |   0.00%|  99.99%
  1.2s| 20700 |    37 |   321 |   0.0 |   955k |  39 |   8 |   2 |   0 | 150 |  0 |   0 |   0 | 3.164944e+01 | 3.164944e+01 |   0.00%|  99.99%
  1.2s| 20800 |    49 |   321 |   0.0 |   955k |  39 |   8 |   2 |   0 | 150 |  0 |   0 |   0 | 3.164944e+01 | 3.164944e+01 |   0.00%|  99.99%
  1.2s| 20900 |    45 |   321 |   0.0 |   955k |  39 |   8 |   2 |  33 | 150 |  1 |   0 |   0 | 3.164944e+01 | 3.164944e+01 |   0.00%|  99.99%
  1.2s| 21000 |    41 |   321 |   0.0 |   955k |  39 |   8 |   2 |   0 | 150 |  0 |   0 |   0 | 3.164944e+01 | 3.164944e+01 |   0.00%|  99.99%
  1.3s| 21100 |    43 |   321 |   0.0 |   955k |  39 |   8 |   2 |   0 | 150 |  0 |   0 |   0 | 3.164944e+01 | 3.164944e+01 |   0.00%|  99.99%
  1.3s| 21200 |    39 |   321 |   0.0 |   955k |  39 |   8 |   2 |   0 | 150 |  0 |   0 |   0 | 3.164944e+01 | 3.164944e+01 |   0.00%|  99.99%
  1.3s| 21300 |    33 |   321 |   0.0 |   961k |  39 |   8 |   2 |  33 | 150 |  1 |   0 |   0 | 3.164944e+01 | 3.164944e+01 |   0.00%|  99.99%
  1.3s| 21400 |    41 |   321 |   0.0 |   961k |  45 |   8 |   2 |   0 | 150 |  0 |   0 |   0 | 3.164944e+01 | 3.164944e+01 |   0.00%|  99.99%
  1.3s| 21500 |    33 |   321 |   0.0 |   961k |  45 |   8 |   2 |   0 | 150 |  0 |   0 |   0 | 3.164944e+01 | 3.164944e+01 |   0.00%|  99.99%
 time | node  | left  |LP iter|LP it/n|mem/heur|mdpt |vars |cons |rows |cuts |sepa|confs|strbr|  dualbound   | primalbound  |  gap   | compl. 
  1.3s| 21600 |    15 |   321 |   0.0 |   961k |  45 |   8 |   2 |   0 | 150 |  0 |   0 |   0 | 3.164944e+01 | 3.164944e+01 |   0.00%|  99.99%
  1.3s| 21700 |    47 |   322 |   0.0 |   961k |  45 |   8 |   2 |  33 | 150 |  1 |   0 |   0 | 3.164944e+01 | 3.164944e+01 |   0.00%|  99.99%
  1.3s| 21800 |    49 |   322 |   0.0 |   961k |  45 |   8 |   2 |   0 | 150 |  0 |   0 |   0 | 3.164944e+01 | 3.164944e+01 |   0.00%|  99.99%
  1.3s| 21900 |    59 |   323 |   0.0 |   961k |  45 |   8 |   2 |  33 | 150 |  1 |   0 |   0 | 3.164944e+01 | 3.164944e+01 |   0.00%|  99.99%
  1.3s| 22000 |    39 |   323 |   0.0 |   961k |  45 |   8 |   2 |  33 | 150 |  1 |   0 |   0 | 3.164944e+01 | 3.164944e+01 |   0.00%|  99.99%
  1.3s| 22100 |    35 |   323 |   0.0 |   961k |  45 |   8 |   2 |   0 | 150 |  0 |   0 |   0 | 3.164944e+01 | 3.164944e+01 |   0.00%|  99.99%
  1.3s| 22200 |    35 |   323 |   0.0 |   961k |  45 |   8 |   2 |  33 | 150 |  1 |   0 |   0 | 3.164944e+01 | 3.164944e+01 |   0.00%|  99.99%
  1.3s| 22300 |    37 |   323 |   0.0 |   961k |  45 |   8 |   2 |   0 | 150 |  0 |   0 |   0 | 3.164944e+01 | 3.164944e+01 |   0.00%|  99.99%
  1.3s| 22400 |    29 |   323 |   0.0 |   961k |  45 |   8 |   2 |   0 | 150 |  0 |   0 |   0 | 3.164944e+01 | 3.164944e+01 |   0.00%|  99.99%
  1.3s| 22500 |    23 |   323 |   0.0 |   961k |  45 |   8 |   2 |  33 | 150 |  1 |   0 |   0 | 3.164944e+01 | 3.164944e+01 |   0.00%|  99.99%
  1.3s| 22600 |    61 |   323 |   0.0 |   961k |  45 |   8 |   2 |   0 | 150 |  0 |   0 |   0 | 3.164944e+01 | 3.164944e+01 |   0.00%|  99.99%
  1.3s| 22700 |    57 |   323 |   0.0 |   961k |  45 |   8 |   2 |   0 | 150 |  0 |   0 |   0 | 3.164944e+01 | 3.164944e+01 |   0.00%|  99.99%
  1.3s| 22800 |    43 |   323 |   0.0 |   961k |  45 |   8 |   2 |   0 | 150 |  0 |   0 |   0 | 3.164944e+01 | 3.164944e+01 |   0.00%|  99.99%
  1.3s| 22900 |    59 |   323 |   0.0 |   961k |  45 |   8 |   2 |  33 | 150 |  1 |   0 |   0 | 3.164944e+01 | 3.164944e+01 |   0.00%|  99.99%
  1.3s| 23000 |    47 |   323 |   0.0 |   961k |  45 |   8 |   2 |  33 | 150 |  1 |   0 |   0 | 3.164944e+01 | 3.164944e+01 |   0.00%|  99.99%
 time | node  | left  |LP iter|LP it/n|mem/heur|mdpt |vars |cons |rows |cuts |sepa|confs|strbr|  dualbound   | primalbound  |  gap   | compl. 
  1.4s| 23100 |    43 |   323 |   0.0 |   961k |  45 |   8 |   2 |   0 | 150 |  0 |   0 |   0 | 3.164944e+01 | 3.164944e+01 |   0.00%|  99.99%
  1.4s| 23200 |    39 |   323 |   0.0 |   961k |  45 |   8 |   2 |   0 | 150 |  0 |   0 |   0 | 3.164944e+01 | 3.164944e+01 |   0.00%|  99.99%
  1.4s| 23300 |    43 |   323 |   0.0 |   961k |  45 |   8 |   2 |   0 | 150 |  0 |   0 |   0 | 3.164944e+01 | 3.164944e+01 |   0.00%|  99.99%
  1.4s| 23400 |    47 |   323 |   0.0 |   961k |  45 |   8 |   2 |   0 | 150 |  0 |   0 |   0 | 3.164944e+01 | 3.164944e+01 |   0.00%|  99.99%
  1.4s| 23500 |    43 |   323 |   0.0 |   961k |  45 |   8 |   2 |   0 | 150 |  0 |   0 |   0 | 3.164944e+01 | 3.164944e+01 |   0.00%|  99.99%
  1.4s| 23600 |    39 |   323 |   0.0 |   961k |  45 |   8 |   2 |   0 | 150 |  0 |   0 |   0 | 3.164944e+01 | 3.164944e+01 |   0.00%|  99.99%
  1.4s| 23700 |    39 |   323 |   0.0 |   961k |  45 |   8 |   2 |  33 | 150 |  1 |   0 |   0 | 3.164944e+01 | 3.164944e+01 |   0.00%|  99.99%
  1.4s| 23800 |    31 |   323 |   0.0 |   961k |  45 |   8 |   2 |   0 | 150 |  0 |   0 |   0 | 3.164944e+01 | 3.164944e+01 |   0.00%|  99.99%
  1.4s| 23900 |    23 |   323 |   0.0 |   961k |  45 |   8 |   2 |  33 | 150 |  1 |   0 |   0 | 3.164944e+01 | 3.164944e+01 |   0.00%|  99.99%
  1.4s| 24000 |    49 |   323 |   0.0 |   961k |  45 |   8 |   2 |   0 | 150 |  0 |   0 |   0 | 3.164944e+01 | 3.164944e+01 |   0.00%|  99.99%
  1.4s| 24100 |    69 |   323 |   0.0 |   961k |  45 |   8 |   2 |  33 | 150 |  1 |   0 |   0 | 3.164944e+01 | 3.164944e+01 |   0.00%|  99.99%
  1.4s| 24200 |    73 |   323 |   0.0 |   961k |  45 |   8 |   2 |  33 | 150 |  1 |   0 |   0 | 3.164944e+01 | 3.164944e+01 |   0.00%|  99.99%
  1.4s| 24300 |    65 |   323 |   0.0 |   961k |  45 |   8 |   2 |   0 | 150 |  0 |   0 |   0 | 3.164944e+01 | 3.164944e+01 |   0.00%|  99.99%
  1.4s| 24400 |    67 |   323 |   0.0 |   961k |  45 |   8 |   2 |   0 | 150 |  0 |   0 |   0 | 3.164944e+01 | 3.164944e+01 |   0.00%|  99.99%
  1.4s| 24500 |    71 |   323 |   0.0 |   961k |  45 |   8 |   2 |   0 | 150 |  0 |   0 |   0 | 3.164944e+01 | 3.164944e+01 |   0.00%|  99.99%
 time | node  | left  |LP iter|LP it/n|mem/heur|mdpt |vars |cons |rows |cuts |sepa|confs|strbr|  dualbound   | primalbound  |  gap   | compl. 
  1.5s| 24600 |    67 |   323 |   0.0 |   961k |  45 |   8 |   2 |   0 | 150 |  0 |   0 |   0 | 3.164944e+01 | 3.164944e+01 |   0.00%|  99.99%
  1.5s| 24700 |    65 |   323 |   0.0 |   961k |  45 |   8 |   2 |  33 | 150 |  1 |   0 |   0 | 3.164944e+01 | 3.164944e+01 |   0.00%|  99.99%
  1.5s| 24800 |    55 |   323 |   0.0 |   961k |  45 |   8 |   2 |   0 | 150 |  0 |   0 |   0 | 3.164944e+01 | 3.164944e+01 |   0.00%|  99.99%
  1.5s| 24900 |    53 |   323 |   0.0 |   961k |  45 |   8 |   2 |   0 | 150 |  0 |   0 |   0 | 3.164944e+01 | 3.164944e+01 |   0.00%|  99.99%
  1.5s| 25000 |    41 |   323 |   0.0 |   961k |  45 |   8 |   2 |  33 | 150 |  1 |   0 |   0 | 3.164944e+01 | 3.164944e+01 |   0.00%|  99.99%
  1.5s| 25100 |    63 |   323 |   0.0 |   961k |  45 |   8 |   2 |   0 | 150 |  0 |   0 |   0 | 3.164944e+01 | 3.164944e+01 |   0.00%|  99.99%
  1.5s| 25200 |    59 |   323 |   0.0 |   961k |  45 |   8 |   2 |   0 | 150 |  0 |   0 |   0 | 3.164944e+01 | 3.164944e+01 |   0.00%|  99.99%
  1.5s| 25300 |    67 |   323 |   0.0 |   961k |  45 |   8 |   2 |  33 | 150 |  1 |   0 |   0 | 3.164944e+01 | 3.164944e+01 |   0.00%|  99.99%
  1.5s| 25400 |    63 |   323 |   0.0 |   961k |  45 |   8 |   2 |  33 | 150 |  1 |   0 |   0 | 3.164944e+01 | 3.164944e+01 |   0.00%|  99.99%
  1.5s| 25500 |    63 |   323 |   0.0 |   961k |  45 |   8 |   2 |   0 | 150 |  0 |   0 |   0 | 3.164944e+01 | 3.164944e+01 |   0.00%|  99.99%
  1.5s| 25600 |    59 |   323 |   0.0 |   961k |  45 |   8 |   2 |   0 | 150 |  0 |   0 |   0 | 3.164944e+01 | 3.164944e+01 |   0.00%|  99.99%
  1.5s| 25700 |    59 |   323 |   0.0 |   961k |  45 |   8 |   2 |  33 | 150 |  1 |   0 |   0 | 3.164944e+01 | 3.164944e+01 |   0.00%|  99.99%
  1.5s| 25800 |    51 |   323 |   0.0 |   961k |  45 |   8 |   2 |   0 | 150 |  0 |   0 |   0 | 3.164944e+01 | 3.164944e+01 |   0.00%|  99.99%
  1.5s| 25900 |    43 |   323 |   0.0 |   961k |  45 |   8 |   2 |  33 | 150 |  1 |   0 |   0 | 3.164944e+01 | 3.164944e+01 |   0.00%|  99.99%
  1.5s| 26000 |    63 |   323 |   0.0 |   961k |  45 |   8 |   2 |   0 | 150 |  0 |   0 |   0 | 3.164944e+01 | 3.164944e+01 |   0.00%|  99.99%
 time | node  | left  |LP iter|LP it/n|mem/heur|mdpt |vars |cons |rows |cuts |sepa|confs|strbr|  dualbound   | primalbound  |  gap   | compl. 
  1.5s| 26100 |    63 |   323 |   0.0 |   961k |  45 |   8 |   2 |  33 | 150 |  1 |   0 |   0 | 3.164944e+01 | 3.164944e+01 |   0.00%|  99.99%
  1.5s| 26200 |    63 |   323 |   0.0 |   961k |  45 |   8 |   2 |   0 | 150 |  0 |   0 |   0 | 3.164944e+01 | 3.164944e+01 |   0.00%|  99.99%
  1.5s| 26300 |    59 |   323 |   0.0 |   961k |  45 |   8 |   2 |   0 | 150 |  0 |   0 |   0 | 3.164944e+01 | 3.164944e+01 |   0.00%|  99.99%
  1.5s| 26400 |    57 |   323 |   0.0 |   961k |  45 |   8 |   2 |   0 | 150 |  0 |   0 |   0 | 3.164944e+01 | 3.164944e+01 |   0.00%|  99.99%
  1.5s| 26500 |    51 |   323 |   0.0 |   961k |  45 |   8 |   2 |   0 | 150 |  0 |   0 |   0 | 3.164944e+01 | 3.164944e+01 |   0.00%|  99.99%
  1.5s| 26600 |    39 |   323 |   0.0 |   961k |  45 |   8 |   2 |  33 | 150 |  1 |   0 |   0 | 3.164944e+01 | 3.164944e+01 |   0.00%|  99.99%
  1.6s| 26700 |    59 |   323 |   0.0 |   961k |  45 |   8 |   2 |   0 | 150 |  0 |   0 |   0 | 3.164944e+01 | 3.164944e+01 |   0.00%|  99.99%
  1.6s| 26800 |    55 |   323 |   0.0 |   961k |  45 |   8 |   2 |   0 | 150 |  0 |   0 |   0 | 3.164944e+01 | 3.164944e+01 |   0.00%|  99.99%
  1.6s| 26900 |    59 |   323 |   0.0 |   961k |  45 |   8 |   2 |  33 | 150 |  1 |   0 |   0 | 3.164944e+01 | 3.164944e+01 |   0.00%|  99.99%
  1.6s| 27000 |    55 |   323 |   0.0 |   961k |  45 |   8 |   2 |  33 | 150 |  1 |   0 |   0 | 3.164944e+01 | 3.164944e+01 |   0.00%|  99.99%
  1.6s| 27100 |    47 |   323 |   0.0 |   961k |  45 |   8 |   2 |  33 | 150 |  1 |   0 |   0 | 3.164944e+01 | 3.164944e+01 |   0.00%|  99.99%
  1.6s| 27200 |    63 |   323 |   0.0 |   961k |  45 |   8 |   2 |  33 | 150 |  1 |   0 |   0 | 3.164944e+01 | 3.164944e+01 |   0.00%|  99.99%
  1.6s| 27300 |    59 |   323 |   0.0 |   961k |  45 |   8 |   2 |  33 | 150 |  1 |   0 |   0 | 3.164944e+01 | 3.164944e+01 |   0.00%|  99.99%
  1.6s| 27400 |    55 |   323 |   0.0 |   961k |  45 |   8 |   2 |   0 | 150 |  0 |   0 |   0 | 3.164944e+01 | 3.164944e+01 |   0.00%|  99.99%
  1.6s| 27500 |    51 |   323 |   0.0 |   961k |  45 |   8 |   2 |  33 | 150 |  1 |   0 |   0 | 3.164944e+01 | 3.164944e+01 |   0.00%|  99.99%
 time | node  | left  |LP iter|LP it/n|mem/heur|mdpt |vars |cons |rows |cuts |sepa|confs|strbr|  dualbound   | primalbound  |  gap   | compl. 
  1.6s| 27600 |    35 |   323 |   0.0 |   961k |  45 |   8 |   2 |  33 | 150 |  1 |   0 |   0 | 3.164944e+01 | 3.164944e+01 |   0.00%|  99.99%
  1.6s| 27700 |    55 |   323 |   0.0 |   961k |  45 |   8 |   2 |   0 | 150 |  0 |   0 |   0 | 3.164944e+01 | 3.164944e+01 |   0.00%|  99.99%
  1.6s| 27800 |    51 |   323 |   0.0 |   961k |  45 |   8 |   2 |  33 | 150 |  1 |   0 |   0 | 3.164944e+01 | 3.164944e+01 |   0.00%|  99.99%
  1.6s| 27900 |    43 |   323 |   0.0 |   961k |  45 |   8 |   2 |  33 | 150 |  1 |   0 |   0 | 3.164944e+01 | 3.164944e+01 |   0.00%|  99.99%
  1.6s| 28000 |    51 |   323 |   0.0 |   961k |  45 |   8 |   2 |   0 | 150 |  0 |   0 |   0 | 3.164944e+01 | 3.164944e+01 |   0.00%|  99.99%
  1.6s| 28100 |    43 |   323 |   0.0 |   961k |  45 |   8 |   2 |   0 | 150 |  0 |   0 |   0 | 3.164944e+01 | 3.164944e+01 |   0.00%|  99.99%
  1.6s| 28200 |    39 |   323 |   0.0 |   961k |  45 |   8 |   2 |  33 | 150 |  1 |   0 |   0 | 3.164944e+01 | 3.164944e+01 |   0.00%|  99.99%
L 1.6s| 28216 |    35 |   323 |   0.0 |  subnlp|  45 |   8 |   2 |  33 | 150 |  1 |   0 |   0 | 3.164944e+01 | 3.164944e+01 |   0.00%|  99.99%
  1.6s| 28300 |    51 |   323 |   0.0 |   962k |  45 |   8 |   2 |  33 | 150 |  1 |   0 |   0 | 3.164944e+01 | 3.164944e+01 |   0.00%|  99.99%
  1.6s| 28400 |    41 |   323 |   0.0 |   962k |  45 |   8 |   2 |   0 | 150 |  0 |   0 |   0 | 3.164944e+01 | 3.164944e+01 |   0.00%|  99.99%
  1.6s| 28500 |    43 |   323 |   0.0 |   962k |  45 |   8 |   2 |  33 | 150 |  1 |   0 |   0 | 3.164944e+01 | 3.164944e+01 |   0.00%|  99.99%
  1.6s| 28600 |    35 |   323 |   0.0 |   962k |  45 |   8 |   2 |   0 | 150 |  0 |   0 |   0 | 3.164944e+01 | 3.164944e+01 |   0.00%|  99.99%
  1.7s| 28700 |    43 |   323 |   0.0 |   962k |  45 |   8 |   2 |  33 | 150 |  1 |   0 |   0 | 3.164944e+01 | 3.164944e+01 |   0.00%|  99.99%
  1.7s| 28800 |    41 |   323 |   0.0 |   962k |  45 |   8 |   2 |   0 | 150 |  0 |   0 |   0 | 3.164944e+01 | 3.164944e+01 |   0.00%|  99.99%
  1.7s| 28900 |    31 |   323 |   0.0 |   962k |  45 |   8 |   2 |  33 | 150 |  1 |   0 |   0 | 3.164944e+01 | 3.164944e+01 |   0.00%|  99.99%
 time | node  | left  |LP iter|LP it/n|mem/heur|mdpt |vars |cons |rows |cuts |sepa|confs|strbr|  dualbound   | primalbound  |  gap   | compl. 
  1.7s| 29000 |    35 |   323 |   0.0 |   962k |  45 |   8 |   2 |   0 | 150 |  0 |   0 |   0 | 3.164944e+01 | 3.164944e+01 |   0.00%|  99.99%
  1.7s| 29100 |    25 |   323 |   0.0 |   962k |  45 |   8 |   2 |   0 | 150 |  0 |   0 |   0 | 3.164944e+01 | 3.164944e+01 |   0.00%|  99.99%
  1.7s| 29200 |    23 |   323 |   0.0 |   962k |  45 |   8 |   2 |   0 | 150 |  0 |   0 |   0 | 3.164944e+01 | 3.164944e+01 |   0.00%|  99.99%
  1.7s| 29300 |    11 |   323 |   0.0 |   962k |  45 |   8 |   2 |  33 | 150 |  1 |   0 |   0 | 3.164944e+01 | 3.164944e+01 |   0.00%|  99.99%
  1.7s| 29400 |    85 |   325 |   0.0 |   962k |  45 |   8 |   2 |  33 | 150 |  1 |   0 |   0 | 3.164944e+01 | 3.164944e+01 |   0.00%|  99.99%
  1.7s| 29500 |   141 |   325 |   0.0 |   962k |  45 |   8 |   2 |   0 | 150 |  0 |   0 |   0 | 3.164944e+01 | 3.164944e+01 |   0.00%|  99.99%
  1.7s| 29600 |   181 |   326 |   0.0 |   995k |  45 |   8 |   2 |  33 | 150 |  1 |   0 |   0 | 3.164944e+01 | 3.164944e+01 |   0.00%|  99.99%
  1.7s| 29700 |   185 |   327 |   0.0 |  1027k |  45 |   8 |   2 |   0 | 150 |  0 |   0 |   0 | 3.164944e+01 | 3.164944e+01 |   0.00%|  99.99%
  1.7s| 29800 |   189 |   327 |   0.0 |  1027k |  45 |   8 |   2 |  33 | 150 |  1 |   0 |   0 | 3.164944e+01 | 3.164944e+01 |   0.00%|  99.99%
  1.7s| 29900 |   183 |   327 |   0.0 |  1027k |  45 |   8 |   2 |   0 | 150 |  0 |   0 |   0 | 3.164944e+01 | 3.164944e+01 |   0.00%|  99.99%
  1.7s| 30000 |   169 |   327 |   0.0 |  1027k |  45 |   8 |   2 |  33 | 150 |  1 |   0 |   0 | 3.164944e+01 | 3.164944e+01 |   0.00%|  99.99%
  1.7s| 30100 |   143 |   327 |   0.0 |  1027k |  45 |   8 |   2 |   0 | 150 |  0 |   0 |   0 | 3.164944e+01 | 3.164944e+01 |   0.00%|  99.99%
  1.7s| 30200 |   115 |   327 |   0.0 |  1027k |  45 |   8 |   2 |   0 | 150 |  0 |   0 |   0 | 3.164944e+01 | 3.164944e+01 |   0.00%|  99.99%
  1.7s| 30300 |    87 |   327 |   0.0 |  1027k |  45 |   8 |   2 |   0 | 150 |  0 |   0 |   0 | 3.164944e+01 | 3.164944e+01 |   0.00%|  99.99%
  1.7s| 30400 |    61 |   327 |   0.0 |  1027k |  45 |   8 |   2 |  33 | 150 |  1 |   0 |   0 | 3.164944e+01 | 3.164944e+01 |   0.00%|  99.99%
 time | node  | left  |LP iter|LP it/n|mem/heur|mdpt |vars |cons |rows |cuts |sepa|confs|strbr|  dualbound   | primalbound  |  gap   | compl. 
  1.7s| 30500 |    53 |   327 |   0.0 |  1027k |  45 |   8 |   2 |  33 | 150 |  1 |   0 |   0 | 3.164944e+01 | 3.164944e+01 |   0.00%|  99.99%
  1.8s| 30600 |    45 |   327 |   0.0 |  1027k |  45 |   8 |   2 |   0 | 150 |  0 |   0 |   0 | 3.164944e+01 | 3.164944e+01 |   0.00%|  99.99%
  1.8s| 30700 |    49 |   327 |   0.0 |  1027k |  45 |   8 |   2 |  33 | 150 |  1 |   0 |   0 | 3.164944e+01 | 3.164944e+01 |   0.00%|  99.99%
  1.8s| 30800 |    49 |   327 |   0.0 |  1027k |  45 |   8 |   2 |  33 | 150 |  1 |   0 |   0 | 3.164944e+01 | 3.164944e+01 |   0.00%|  99.99%
  1.8s| 30900 |    45 |   327 |   0.0 |  1027k |  45 |   8 |   2 |  33 | 150 |  1 |   0 |   0 | 3.164944e+01 | 3.164944e+01 |   0.00%|  99.99%
  1.8s| 31000 |    33 |   327 |   0.0 |  1027k |  45 |   8 |   2 |  33 | 150 |  1 |   0 |   0 | 3.164944e+01 | 3.164944e+01 |   0.00%|  99.99%
  1.8s| 31100 |    71 |   327 |   0.0 |  1027k |  45 |   8 |   2 |   0 | 150 |  0 |   0 |   0 | 3.164944e+01 | 3.164944e+01 |   0.00%|  99.99%
  1.8s| 31200 |    67 |   327 |   0.0 |  1027k |  45 |   8 |   2 |   0 | 150 |  0 |   0 |   0 | 3.164944e+01 | 3.164944e+01 |   0.00%|  99.99%
  1.8s| 31300 |    53 |   327 |   0.0 |  1027k |  45 |   8 |   2 |   0 | 150 |  0 |   0 |   0 | 3.164944e+01 | 3.164944e+01 |   0.00%|  99.99%
  1.8s| 31400 |    63 |   327 |   0.0 |  1027k |  45 |   8 |   2 |   0 | 150 |  0 |   0 |   0 | 3.164944e+01 | 3.164944e+01 |   0.00%| 100.00%
  1.8s| 31500 |    53 |   327 |   0.0 |  1027k |  45 |   8 |   2 |   0 | 150 |  0 |   0 |   0 | 3.164944e+01 | 3.164944e+01 |   0.00%| 100.00%
  1.8s| 31600 |    61 |   327 |   0.0 |  1027k |  45 |   8 |   2 |   0 | 150 |  0 |   0 |   0 | 3.164944e+01 | 3.164944e+01 |   0.00%| 100.00%
  1.8s| 31700 |    49 |   327 |   0.0 |  1027k |  45 |   8 |   2 |   0 | 150 |  0 |   0 |   0 | 3.164944e+01 | 3.164944e+01 |   0.00%| 100.00%
  1.8s| 31800 |    57 |   327 |   0.0 |  1027k |  45 |   8 |   2 |   0 | 150 |  0 |   0 |   0 | 3.164944e+01 | 3.164944e+01 |   0.00%| 100.00%
  1.8s| 31900 |    57 |   327 |   0.0 |  1027k |  45 |   8 |   2 |  33 | 150 |  1 |   0 |   0 | 3.164944e+01 | 3.164944e+01 |   0.00%| 100.00%
 time | node  | left  |LP iter|LP it/n|mem/heur|mdpt |vars |cons |rows |cuts |sepa|confs|strbr|  dualbound   | primalbound  |  gap   | compl. 
  1.8s| 32000 |    53 |   327 |   0.0 |  1027k |  45 |   8 |   2 |   0 | 150 |  0 |   0 |   0 | 3.164944e+01 | 3.164944e+01 |   0.00%| 100.00%
  1.8s| 32100 |    49 |   327 |   0.0 |  1027k |  45 |   8 |   2 |   0 | 150 |  0 |   0 |   0 | 3.164944e+01 | 3.164944e+01 |   0.00%| 100.00%
  1.8s| 32200 |    49 |   327 |   0.0 |  1027k |  45 |   8 |   2 |  33 | 150 |  1 |   0 |   0 | 3.164944e+01 | 3.164944e+01 |   0.00%| 100.00%
  1.8s| 32300 |    41 |   327 |   0.0 |  1027k |  45 |   8 |   2 |   0 | 150 |  0 |   0 |   0 | 3.164944e+01 | 3.164944e+01 |   0.00%| 100.00%
  1.8s| 32400 |    41 |   327 |   0.0 |  1027k |  45 |   8 |   2 |  33 | 150 |  1 |   0 |   0 | 3.164944e+01 | 3.164944e+01 |   0.00%| 100.00%
  1.9s| 32500 |    59 |   327 |   0.0 |  1027k |  45 |   8 |   2 |   0 | 150 |  0 |   0 |   0 | 3.164944e+01 | 3.164944e+01 |   0.00%| 100.00%
  1.9s| 32600 |    55 |   327 |   0.0 |  1027k |  45 |   8 |   2 |  33 | 150 |  1 |   0 |   0 | 3.164944e+01 | 3.164944e+01 |   0.00%| 100.00%
  1.9s| 32700 |    59 |   327 |   0.0 |  1027k |  45 |   8 |   2 |  33 | 150 |  1 |   0 |   0 | 3.164944e+01 | 3.164944e+01 |   0.00%| 100.00%
  1.9s| 32800 |    47 |   327 |   0.0 |  1027k |  45 |   8 |   2 |  33 | 150 |  1 |   0 |   0 | 3.164944e+01 | 3.164944e+01 |   0.00%| 100.00%
  1.9s| 32900 |    55 |   327 |   0.0 |  1027k |  45 |   8 |   2 |  33 | 150 |  1 |   0 |   0 | 3.164944e+01 | 3.164944e+01 |   0.00%| 100.00%
  1.9s| 33000 |    55 |   327 |   0.0 |  1027k |  45 |   8 |   2 |  33 | 150 |  1 |   0 |   0 | 3.164944e+01 | 3.164944e+01 |   0.00%| 100.00%
  1.9s| 33100 |    51 |   327 |   0.0 |  1027k |  45 |   8 |   2 |  33 | 150 |  1 |   0 |   0 | 3.164944e+01 | 3.164944e+01 |   0.00%| 100.00%
  1.9s| 33200 |    47 |   327 |   0.0 |  1027k |  45 |   8 |   2 |   0 | 150 |  0 |   0 |   0 | 3.164944e+01 | 3.164944e+01 |   0.00%| 100.00%
  1.9s| 33300 |    45 |   327 |   0.0 |  1027k |  45 |   8 |   2 |   0 | 150 |  0 |   0 |   0 | 3.164944e+01 | 3.164944e+01 |   0.00%| 100.00%
  1.9s| 33400 |    39 |   327 |   0.0 |  1027k |  45 |   8 |   2 |  33 | 150 |  1 |   0 |   0 | 3.164944e+01 | 3.164944e+01 |   0.00%| 100.00%
 time | node  | left  |LP iter|LP it/n|mem/heur|mdpt |vars |cons |rows |cuts |sepa|confs|strbr|  dualbound   | primalbound  |  gap   | compl. 
  1.9s| 33500 |    39 |   327 |   0.0 |  1027k |  45 |   8 |   2 |  33 | 150 |  1 |   0 |   0 | 3.164944e+01 | 3.164944e+01 |   0.00%| 100.00%
  1.9s| 33600 |    33 |   327 |   0.0 |  1027k |  45 |   8 |   2 |   0 | 150 |  0 |   0 |   0 | 3.164944e+01 | 3.164944e+01 |   0.00%| 100.00%
  1.9s| 33700 |    25 |   327 |   0.0 |  1027k |  45 |   8 |   2 |  33 | 150 |  1 |   0 |   0 | 3.164944e+01 | 3.164944e+01 |   0.00%| 100.00%
  1.9s| 33800 |    31 |   327 |   0.0 |  1027k |  45 |   8 |   2 |   0 | 150 |  0 |   0 |   0 | 3.164944e+01 | 3.164944e+01 |   0.00%| 100.00%
  1.9s| 33900 |    39 |   327 |   0.0 |  1027k |  45 |   8 |   2 |  33 | 150 |  1 |   0 |   0 | 3.164944e+01 | 3.164944e+01 |   0.00%| 100.00%
  2.0s| 34000 |    35 |   327 |   0.0 |  1027k |  45 |   8 |   2 |   0 | 150 |  0 |   0 |   0 | 3.164944e+01 | 3.164944e+01 |   0.00%| 100.00%
  2.0s| 34100 |    31 |   327 |   0.0 |  1027k |  45 |   8 |   2 |  33 | 150 |  1 |   0 |   0 | 3.164944e+01 | 3.164944e+01 |   0.00%| 100.00%
  2.0s| 34200 |    33 |   327 |   0.0 |  1027k |  45 |   8 |   2 |   0 | 150 |  0 |   0 |   0 | 3.164944e+01 | 3.164944e+01 |   0.00%| 100.00%
  2.0s| 34300 |    25 |   327 |   0.0 |  1027k |  45 |   8 |   2 |   0 | 150 |  0 |   0 |   0 | 3.164944e+01 | 3.164944e+01 |   0.00%| 100.00%
  2.0s| 34400 |    49 |   327 |   0.0 |  1027k |  45 |   8 |   2 |   0 | 150 |  0 |   0 |   0 | 3.164944e+01 | 3.164944e+01 |   0.00%| 100.00%
  2.0s| 34500 |    61 |   327 |   0.0 |  1027k |  45 |   8 |   2 |  33 | 150 |  1 |   0 |   0 | 3.164944e+01 | 3.164944e+01 |   0.00%| 100.00%
  2.0s| 34600 |    63 |   327 |   0.0 |  1027k |  45 |   8 |   2 |   0 | 150 |  0 |   0 |   0 | 3.164944e+01 | 3.164944e+01 |   0.00%| 100.00%
  2.0s| 34700 |    59 |   327 |   0.0 |  1027k |  45 |   8 |   2 |   0 | 150 |  0 |   0 |   0 | 3.164944e+01 | 3.164944e+01 |   0.00%| 100.00%
  2.0s| 34800 |    53 |   327 |   0.0 |  1027k |  45 |   8 |   2 |  33 | 150 |  1 |   0 |   0 | 3.164944e+01 | 3.164944e+01 |   0.00%| 100.00%
  2.0s| 34900 |    51 |   327 |   0.0 |  1027k |  45 |   8 |   2 |   0 | 150 |  0 |   0 |   0 | 3.164944e+01 | 3.164944e+01 |   0.00%| 100.00%
 time | node  | left  |LP iter|LP it/n|mem/heur|mdpt |vars |cons |rows |cuts |sepa|confs|strbr|  dualbound   | primalbound  |  gap   | compl. 
  2.0s| 35000 |    43 |   327 |   0.0 |  1027k |  45 |   8 |   2 |   0 | 150 |  0 |   0 |   0 | 3.164944e+01 | 3.164944e+01 |   0.00%| 100.00%
  2.0s| 35100 |    49 |   327 |   0.0 |  1027k |  45 |   8 |   2 |   0 | 150 |  0 |   0 |   0 | 3.164944e+01 | 3.164944e+01 |   0.00%| 100.00%
  2.0s| 35200 |    53 |   327 |   0.0 |  1027k |  45 |   8 |   2 |  33 | 150 |  1 |   0 |   0 | 3.164944e+01 | 3.164944e+01 |   0.00%| 100.00%
  2.0s| 35300 |    49 |   327 |   0.0 |  1027k |  45 |   8 |   2 |   0 | 150 |  0 |   0 |   0 | 3.164944e+01 | 3.164944e+01 |   0.00%| 100.00%
  2.0s| 35400 |    53 |   327 |   0.0 |  1027k |  45 |   8 |   2 |   0 | 150 |  0 |   0 |   0 | 3.164944e+01 | 3.164944e+01 |   0.00%| 100.00%
  2.0s| 35500 |    47 |   327 |   0.0 |  1027k |  45 |   8 |   2 |   0 | 150 |  0 |   0 |   0 | 3.164944e+01 | 3.164944e+01 |   0.00%| 100.00%
  2.0s| 35600 |    41 |   327 |   0.0 |  1027k |  45 |   8 |   2 |  33 | 150 |  1 |   0 |   0 | 3.164944e+01 | 3.164944e+01 |   0.00%| 100.00%
  2.0s| 35700 |    53 |   327 |   0.0 |  1027k |  45 |   8 |   2 |   0 | 150 |  0 |   0 |   0 | 3.164944e+01 | 3.164944e+01 |   0.00%| 100.00%
  2.0s| 35800 |    49 |   327 |   0.0 |  1027k |  45 |   8 |   2 |   0 | 150 |  0 |   0 |   0 | 3.164944e+01 | 3.164944e+01 |   0.00%| 100.00%
  2.0s| 35900 |    49 |   327 |   0.0 |  1027k |  45 |   8 |   2 |   0 | 150 |  0 |   0 |   0 | 3.164944e+01 | 3.164944e+01 |   0.00%| 100.00%
  2.1s| 36000 |    45 |   327 |   0.0 |  1027k |  45 |   8 |   2 |  33 | 150 |  1 |   0 |   0 | 3.164944e+01 | 3.164944e+01 |   0.00%| 100.00%
  2.1s| 36100 |    45 |   327 |   0.0 |  1027k |  45 |   8 |   2 |  33 | 150 |  1 |   0 |   0 | 3.164944e+01 | 3.164944e+01 |   0.00%| 100.00%
  2.1s| 36200 |    51 |   327 |   0.0 |  1027k |  45 |   8 |   2 |   0 | 150 |  0 |   0 |   0 | 3.164944e+01 | 3.164944e+01 |   0.00%| 100.00%
  2.1s| 36300 |    45 |   327 |   0.0 |  1027k |  45 |   8 |   2 |  33 | 150 |  1 |   0 |   0 | 3.164944e+01 | 3.164944e+01 |   0.00%| 100.00%
  2.1s| 36400 |    37 |   327 |   0.0 |  1027k |  45 |   8 |   2 |  33 | 150 |  1 |   0 |   0 | 3.164944e+01 | 3.164944e+01 |   0.00%| 100.00%
 time | node  | left  |LP iter|LP it/n|mem/heur|mdpt |vars |cons |rows |cuts |sepa|confs|strbr|  dualbound   | primalbound  |  gap   | compl. 
  2.1s| 36500 |    45 |   327 |   0.0 |  1027k |  45 |   8 |   2 |  33 | 150 |  1 |   0 |   0 | 3.164944e+01 | 3.164944e+01 |   0.00%| 100.00%
  2.1s| 36600 |    43 |   327 |   0.0 |  1027k |  45 |   8 |   2 |   0 | 150 |  0 |   0 |   0 | 3.164944e+01 | 3.164944e+01 |   0.00%| 100.00%
  2.1s| 36700 |    31 |   327 |   0.0 |  1027k |  45 |   8 |   2 |   0 | 150 |  0 |   0 |   0 | 3.164944e+01 | 3.164944e+01 |   0.00%| 100.00%
  2.1s| 36800 |    49 |   327 |   0.0 |  1027k |  45 |   8 |   2 |   0 | 150 |  0 |   0 |   0 | 3.164944e+01 | 3.164944e+01 |   0.00%| 100.00%
  2.1s| 36900 |    35 |   327 |   0.0 |  1027k |  45 |   8 |   2 |   0 | 150 |  0 |   0 |   0 | 3.164944e+01 | 3.164944e+01 |   0.00%| 100.00%
  2.1s| 37000 |    37 |   327 |   0.0 |  1027k |  45 |   8 |   2 |  33 | 150 |  1 |   0 |   0 | 3.164944e+01 | 3.164944e+01 |   0.00%| 100.00%
  2.1s| 37100 |    29 |   327 |   0.0 |  1027k |  45 |   8 |   2 |  33 | 150 |  1 |   0 |   0 | 3.164944e+01 | 3.164944e+01 |   0.00%| 100.00%
  2.1s| 37200 |    37 |   327 |   0.0 |  1027k |  45 |   8 |   2 |  33 | 150 |  1 |   0 |   0 | 3.164944e+01 | 3.164944e+01 |   0.00%| 100.00%
  2.1s| 37300 |    37 |   327 |   0.0 |  1027k |  45 |   8 |   2 |   0 | 150 |  0 |   0 |   0 | 3.164944e+01 | 3.164944e+01 |   0.00%| 100.00%
  2.1s| 37400 |    33 |   327 |   0.0 |  1027k |  45 |   8 |   2 |   0 | 150 |  0 |   0 |   0 | 3.164944e+01 | 3.164944e+01 |   0.00%| 100.00%
  2.1s| 37500 |    29 |   327 |   0.0 |  1027k |  45 |   8 |   2 |   0 | 150 |  0 |   0 |   0 | 3.164944e+01 | 3.164944e+01 |   0.00%| 100.00%
  2.1s| 37600 |    17 |   327 |   0.0 |  1027k |  45 |   8 |   2 |  33 | 150 |  1 |   0 |   0 | 3.164944e+01 | 3.164944e+01 |   0.00%| 100.00%
  2.1s| 37700 |    27 |   327 |   0.0 |  1027k |  45 |   8 |   2 |  33 | 150 |  1 |   0 |   0 | 3.164944e+01 | 3.164944e+01 |   0.00%| 100.00%
  2.1s| 37800 |    15 |   328 |   0.0 |  1027k |  45 |   8 |   2 |  33 | 150 |  1 |   0 |   0 | 3.164944e+01 | 3.164944e+01 |   0.00%| 100.00%
  2.1s| 37900 |    95 |   329 |   0.0 |  1027k |  45 |   8 |   2 |  33 | 150 |  1 |   0 |   0 | 3.164944e+01 | 3.164944e+01 |   0.00%| 100.00%
 time | node  | left  |LP iter|LP it/n|mem/heur|mdpt |vars |cons |rows |cuts |sepa|confs|strbr|  dualbound   | primalbound  |  gap   | compl. 
  2.2s| 38000 |   135 |   329 |   0.0 |  1027k |  45 |   8 |   2 |   0 | 150 |  0 |   0 |   0 | 3.164944e+01 | 3.164944e+01 |   0.00%| 100.00%
  2.2s| 38100 |   155 |   329 |   0.0 |  1027k |  45 |   8 |   2 |   0 | 150 |  0 |   0 |   0 | 3.164944e+01 | 3.164944e+01 |   0.00%| 100.00%
  2.2s| 38200 |   163 |   329 |   0.0 |  1027k |  45 |   8 |   2 |  33 | 150 |  1 |   0 |   0 | 3.164944e+01 | 3.164944e+01 |   0.00%| 100.00%
  2.2s| 38300 |   173 |   330 |   0.0 |  1027k |  45 |   8 |   2 |   0 | 150 |  0 |   0 |   0 | 3.164944e+01 | 3.164944e+01 |   0.00%| 100.00%
  2.2s| 38400 |   167 |   331 |   0.0 |  1027k |  45 |   8 |   2 |  33 | 150 |  1 |   0 |   0 | 3.164944e+01 | 3.164944e+01 |   0.00%| 100.00%
  2.2s| 38500 |   147 |   331 |   0.0 |  1027k |  45 |   8 |   2 |  33 | 150 |  1 |   0 |   0 | 3.164944e+01 | 3.164944e+01 |   0.00%| 100.00%
  2.2s| 38600 |   115 |   331 |   0.0 |  1027k |  45 |   8 |   2 |   0 | 150 |  0 |   0 |   0 | 3.164944e+01 | 3.164944e+01 |   0.00%| 100.00%
  2.2s| 38700 |    91 |   331 |   0.0 |  1027k |  45 |   8 |   2 |  33 | 150 |  1 |   0 |   0 | 3.164944e+01 | 3.164944e+01 |   0.00%| 100.00%
  2.2s| 38800 |    63 |   331 |   0.0 |  1027k |  45 |   8 |   2 |  33 | 150 |  1 |   0 |   0 | 3.164944e+01 | 3.164944e+01 |   0.00%| 100.00%
  2.2s| 38900 |    35 |   331 |   0.0 |  1027k |  45 |   8 |   2 |  33 | 150 |  1 |   0 |   0 | 3.164944e+01 | 3.164944e+01 |   0.00%| 100.00%
  2.2s| 39000 |    41 |   331 |   0.0 |  1027k |  45 |   8 |   2 |   0 | 150 |  0 |   0 |   0 | 3.164944e+01 | 3.164944e+01 |   0.00%| 100.00%
  2.2s| 39100 |    29 |   331 |   0.0 |  1027k |  45 |   8 |   2 |   0 | 150 |  0 |   0 |   0 | 3.164944e+01 | 3.164944e+01 |   0.00%| 100.00%
  2.2s| 39200 |    45 |   331 |   0.0 |  1027k |  45 |   8 |   2 |  33 | 150 |  1 |   0 |   0 | 3.164944e+01 | 3.164944e+01 |   0.00%| 100.00%
  2.2s| 39300 |    49 |   331 |   0.0 |  1027k |  45 |   8 |   2 |   0 | 150 |  0 |   0 |   0 | 3.164944e+01 | 3.164944e+01 |   0.00%| 100.00%
  2.2s| 39400 |    37 |   331 |   0.0 |  1027k |  45 |   8 |   2 |   0 | 150 |  0 |   0 |   0 | 3.164944e+01 | 3.164944e+01 |   0.00%| 100.00%
 time | node  | left  |LP iter|LP it/n|mem/heur|mdpt |vars |cons |rows |cuts |sepa|confs|strbr|  dualbound   | primalbound  |  gap   | compl. 
  2.2s| 39500 |    53 |   331 |   0.0 |  1027k |  45 |   8 |   2 |  33 | 150 |  1 |   0 |   0 | 3.164944e+01 | 3.164944e+01 |   0.00%| 100.00%
  2.2s| 39600 |    45 |   331 |   0.0 |  1027k |  45 |   8 |   2 |   0 | 150 |  0 |   0 |   0 | 3.164944e+01 | 3.164944e+01 |   0.00%| 100.00%
  2.3s| 39700 |    39 |   331 |   0.0 |  1027k |  45 |   8 |   2 |   0 | 150 |  0 |   0 |   0 | 3.164944e+01 | 3.164944e+01 |   0.00%| 100.00%
  2.3s| 39800 |    43 |   331 |   0.0 |  1027k |  45 |   8 |   2 |   0 | 150 |  0 |   0 |   0 | 3.164944e+01 | 3.164944e+01 |   0.00%| 100.00%
  2.3s| 39900 |    37 |   331 |   0.0 |  1027k |  45 |   8 |   2 |  33 | 150 |  1 |   0 |   0 | 3.164944e+01 | 3.164944e+01 |   0.00%| 100.00%
  2.3s| 40000 |    31 |   331 |   0.0 |  1027k |  45 |   8 |   2 |   0 | 150 |  0 |   0 |   0 | 3.164944e+01 | 3.164944e+01 |   0.00%| 100.00%
  2.3s| 40100 |    29 |   331 |   0.0 |  1027k |  45 |   8 |   2 |  33 | 150 |  1 |   0 |   0 | 3.164944e+01 | 3.164944e+01 |   0.00%| 100.00%
  2.3s| 40200 |    25 |   331 |   0.0 |  1027k |  45 |   8 |   2 |   0 | 150 |  0 |   0 |   0 | 3.164944e+01 | 3.164944e+01 |   0.00%| 100.00%
  2.4s| 40300 |    49 |   331 |   0.0 |  1027k |  45 |   8 |   2 |  33 | 150 |  1 |   0 |   0 | 3.164944e+01 | 3.164944e+01 |   0.00%| 100.00%
  2.4s| 40400 |    43 |   331 |   0.0 |  1027k |  45 |   8 |   2 |   0 | 150 |  0 |   0 |   0 | 3.164944e+01 | 3.164944e+01 |   0.00%| 100.00%
  2.4s| 40500 |    45 |   331 |   0.0 |  1027k |  45 |   8 |   2 |   0 | 150 |  0 |   0 |   0 | 3.164944e+01 | 3.164944e+01 |   0.00%| 100.00%
  2.4s| 40600 |    33 |   331 |   0.0 |  1027k |  45 |   8 |   2 |   0 | 150 |  0 |   0 |   0 | 3.164944e+01 | 3.164944e+01 |   0.00%| 100.00%
  2.4s| 40700 |    35 |   331 |   0.0 |  1027k |  45 |   8 |   2 |   0 | 150 |  0 |   0 |   0 | 3.164944e+01 | 3.164944e+01 |   0.00%| 100.00%
  2.4s| 40800 |    31 |   331 |   0.0 |  1027k |  45 |   8 |   2 |   0 | 150 |  0 |   0 |   0 | 3.164944e+01 | 3.164944e+01 |   0.00%| 100.00%
  2.4s| 40900 |    37 |   331 |   0.0 |  1027k |  45 |   8 |   2 |   0 | 150 |  0 |   0 |   0 | 3.164944e+01 | 3.164944e+01 |   0.00%| 100.00%
 time | node  | left  |LP iter|LP it/n|mem/heur|mdpt |vars |cons |rows |cuts |sepa|confs|strbr|  dualbound   | primalbound  |  gap   | compl. 
  2.4s| 41000 |    31 |   331 |   0.0 |  1027k |  45 |   8 |   2 |  33 | 150 |  1 |   0 |   0 | 3.164944e+01 | 3.164944e+01 |   0.00%| 100.00%
  2.4s| 41100 |    23 |   331 |   0.0 |  1027k |  45 |   8 |   2 |  33 | 150 |  1 |   0 |   0 | 3.164944e+01 | 3.164944e+01 |   0.00%| 100.00%
  2.4s| 41200 |    45 |   331 |   0.0 |  1027k |  45 |   8 |   2 |   0 | 150 |  0 |   0 |   0 | 3.164944e+01 | 3.164944e+01 |   0.00%| 100.00%
  2.4s| 41300 |    33 |   331 |   0.0 |  1027k |  45 |   8 |   2 |   0 | 150 |  0 |   0 |   0 | 3.164944e+01 | 3.164944e+01 |   0.00%| 100.00%
  2.4s| 41400 |    35 |   331 |   0.0 |  1027k |  45 |   8 |   2 |   0 | 150 |  0 |   0 |   0 | 3.164944e+01 | 3.164944e+01 |   0.00%| 100.00%
  2.4s| 41500 |    31 |   331 |   0.0 |  1027k |  45 |   8 |   2 |   0 | 150 |  0 |   0 |   0 | 3.164944e+01 | 3.164944e+01 |   0.00%| 100.00%
  2.4s| 41600 |    37 |   331 |   0.0 |  1027k |  45 |   8 |   2 |   0 | 150 |  0 |   0 |   0 | 3.164944e+01 | 3.164944e+01 |   0.00%| 100.00%
  2.4s| 41700 |    31 |   331 |   0.0 |  1027k |  45 |   8 |   2 |  33 | 150 |  1 |   0 |   0 | 3.164944e+01 | 3.164944e+01 |   0.00%| 100.00%
  2.4s| 41800 |    21 |   331 |   0.0 |  1027k |  45 |   8 |   2 |   0 | 150 |  0 |   0 |   0 | 3.164944e+01 | 3.164944e+01 |   0.00%| 100.00%
  2.4s| 41900 |    41 |   331 |   0.0 |  1027k |  45 |   8 |   2 |   0 | 150 |  0 |   0 |   0 | 3.164944e+01 | 3.164944e+01 |   0.00%| 100.00%
  2.4s| 42000 |    43 |   331 |   0.0 |  1027k |  45 |   8 |   2 |  33 | 150 |  1 |   0 |   0 | 3.164944e+01 | 3.164944e+01 |   0.00%| 100.00%
  2.5s| 42100 |    43 |   331 |   0.0 |  1027k |  45 |   8 |   2 |  33 | 150 |  1 |   0 |   0 | 3.164944e+01 | 3.164944e+01 |   0.00%| 100.00%
  2.5s| 42200 |    31 |   331 |   0.0 |  1027k |  45 |   8 |   2 |   0 | 150 |  0 |   0 |   0 | 3.164944e+01 | 3.164944e+01 |   0.00%| 100.00%
  2.5s| 42300 |    31 |   331 |   0.0 |  1027k |  45 |   8 |   2 |  33 | 150 |  1 |   0 |   0 | 3.164944e+01 | 3.164944e+01 |   0.00%| 100.00%
  2.5s| 42400 |    19 |   331 |   0.0 |  1027k |  45 |   8 |   2 |  33 | 150 |  1 |   0 |   0 | 3.164944e+01 | 3.164944e+01 |   0.00%| 100.00%
 time | node  | left  |LP iter|LP it/n|mem/heur|mdpt |vars |cons |rows |cuts |sepa|confs|strbr|  dualbound   | primalbound  |  gap   | compl. 
  2.5s| 42500 |    35 |   331 |   0.0 |  1027k |  45 |   8 |   2 |   0 | 150 |  0 |   0 |   0 | 3.164944e+01 | 3.164944e+01 |   0.00%| 100.00%
  2.5s| 42600 |    39 |   331 |   0.0 |  1027k |  45 |   8 |   2 |   0 | 150 |  0 |   0 |   0 | 3.164944e+01 | 3.164944e+01 |   0.00%| 100.00%
  2.5s| 42700 |    35 |   331 |   0.0 |  1027k |  45 |   8 |   2 |  33 | 150 |  1 |   0 |   0 | 3.164944e+01 | 3.164944e+01 |   0.00%| 100.00%
  2.5s| 42800 |    27 |   331 |   0.0 |  1027k |  45 |   8 |   2 |  33 | 150 |  1 |   0 |   0 | 3.164944e+01 | 3.164944e+01 |   0.00%| 100.00%
  2.5s| 42900 |    39 |   331 |   0.0 |  1027k |  45 |   8 |   2 |  33 | 150 |  1 |   0 |   0 | 3.164944e+01 | 3.164944e+01 |   0.00%| 100.00%
  2.5s| 43000 |    31 |   331 |   0.0 |  1027k |  45 |   8 |   2 |  33 | 150 |  1 |   0 |   0 | 3.164944e+01 | 3.164944e+01 |   0.00%| 100.00%
  2.5s| 43100 |    27 |   331 |   0.0 |  1027k |  45 |   8 |   2 |  33 | 150 |  1 |   0 |   0 | 3.164944e+01 | 3.164944e+01 |   0.00%| 100.00%
  2.5s| 43200 |    15 |   331 |   0.0 |  1027k |  45 |   8 |   2 |  33 | 150 |  1 |   0 |   0 | 3.164944e+01 | 3.164944e+01 |   0.00%| 100.00%
  2.5s| 43300 |    33 |   331 |   0.0 |  1027k |  45 |   8 |   2 |   0 | 150 |  0 |   0 |   0 | 3.164944e+01 | 3.164944e+01 |   0.00%| 100.00%
  2.5s| 43400 |    23 |   331 |   0.0 |  1027k |  45 |   8 |   2 |  33 | 150 |  1 |   0 |   0 | 3.164944e+01 | 3.164944e+01 |   0.00%| 100.00%
  2.5s| 43500 |    27 |   331 |   0.0 |  1027k |  45 |   8 |   2 |  33 | 150 |  1 |   0 |   0 | 3.164944e+01 | 3.164944e+01 |   0.00%| 100.00%
  2.5s| 43600 |    25 |   331 |   0.0 |  1027k |  45 |   8 |   2 |   0 | 150 |  0 |   0 |   0 | 3.164944e+01 | 3.164944e+01 |   0.00%| 100.00%
  2.6s| 43700 |    13 |   331 |   0.0 |  1027k |  45 |   8 |   2 |   0 | 150 |  0 |   0 |   0 | 3.164944e+01 | 3.164944e+01 |   0.00%| 100.00%
  2.6s| 43800 |    37 |   331 |   0.0 |  1027k |  45 |   8 |   2 |   0 | 150 |  0 |   0 |   0 | 3.164944e+01 | 3.164944e+01 |   0.00%| 100.00%
  2.6s| 43900 |    25 |   331 |   0.0 |  1027k |  45 |   8 |   2 |   0 | 150 |  0 |   0 |   0 | 3.164944e+01 | 3.164944e+01 |   0.00%| 100.00%
 time | node  | left  |LP iter|LP it/n|mem/heur|mdpt |vars |cons |rows |cuts |sepa|confs|strbr|  dualbound   | primalbound  |  gap   | compl. 
  2.6s| 44000 |    33 |   331 |   0.0 |  1027k |  45 |   8 |   2 |   0 | 150 |  0 |   0 |   0 | 3.164944e+01 | 3.164944e+01 |   0.00%| 100.00%
  2.6s| 44100 |    37 |   331 |   0.0 |  1027k |  45 |   8 |   2 |   0 | 150 |  0 |   0 |   0 | 3.164944e+01 | 3.164944e+01 |   0.00%| 100.00%
  2.6s| 44200 |    33 |   331 |   0.0 |  1027k |  45 |   8 |   2 |   0 | 150 |  0 |   0 |   0 | 3.164944e+01 | 3.164944e+01 |   0.00%| 100.00%
  2.6s| 44300 |    25 |   331 |   0.0 |  1027k |  45 |   8 |   2 |   0 | 150 |  0 |   0 |   0 | 3.164944e+01 | 3.164944e+01 |   0.00%| 100.00%
  2.6s| 44400 |    25 |   331 |   0.0 |  1027k |  45 |   8 |   2 |  33 | 150 |  1 |   0 |   0 | 3.164944e+01 | 3.164944e+01 |   0.00%| 100.00%
  2.6s| 44500 |    21 |   331 |   0.0 |  1027k |  45 |   8 |   2 |  33 | 150 |  1 |   0 |   0 | 3.164944e+01 | 3.164944e+01 |   0.00%| 100.00%
  2.6s| 44600 |    19 |   331 |   0.0 |  1027k |  45 |   8 |   2 |  33 | 150 |  1 |   0 |   0 | 3.164944e+01 | 3.164944e+01 |   0.00%| 100.00%
  2.6s| 44700 |    83 |   333 |   0.0 |  1027k |  45 |   8 |   2 |  33 | 150 |  1 |   0 |   0 | 3.164944e+01 | 3.164944e+01 |   0.00%| 100.00%
  2.6s| 44800 |   119 |   333 |   0.0 |  1027k |  45 |   8 |   2 |  33 | 150 |  1 |   0 |   0 | 3.164944e+01 | 3.164944e+01 |   0.00%| 100.00%
  2.6s| 44900 |   137 |   333 |   0.0 |  1027k |  45 |   8 |   2 |   0 | 150 |  0 |   0 |   0 | 3.164944e+01 | 3.164944e+01 |   0.00%| 100.00%
  2.6s| 45000 |   139 |   333 |   0.0 |  1027k |  45 |   8 |   2 |   0 | 150 |  0 |   0 |   0 | 3.164944e+01 | 3.164944e+01 |   0.00%| 100.00%
  2.6s| 45100 |   131 |   333 |   0.0 |  1027k |  45 |   8 |   2 |  33 | 150 |  1 |   0 |   0 | 3.164944e+01 | 3.164944e+01 |   0.00%| 100.00%
  2.7s| 45200 |   119 |   333 |   0.0 |  1027k |  45 |   8 |   2 |   0 | 150 |  0 |   0 |   0 | 3.164944e+01 | 3.164944e+01 |   0.00%| 100.00%
  2.7s| 45300 |    99 |   333 |   0.0 |  1027k |  45 |   8 |   2 |  33 | 150 |  1 |   0 |   0 | 3.164944e+01 | 3.164944e+01 |   0.00%| 100.00%
  2.7s| 45400 |    75 |   333 |   0.0 |  1027k |  45 |   8 |   2 |   0 | 150 |  0 |   0 |   0 | 3.164944e+01 | 3.164944e+01 |   0.00%| 100.00%
 time | node  | left  |LP iter|LP it/n|mem/heur|mdpt |vars |cons |rows |cuts |sepa|confs|strbr|  dualbound   | primalbound  |  gap   | compl. 
  2.7s| 45500 |    49 |   333 |   0.0 |  1027k |  45 |   8 |   2 |   0 | 150 |  0 |   0 |   0 | 3.164944e+01 | 3.164944e+01 |   0.00%| 100.00%
  2.7s| 45600 |    15 |   333 |   0.0 |  1027k |  45 |   8 |   2 |   0 | 150 |  0 |   0 |   0 | 3.164944e+01 | 3.164944e+01 |   0.00%| 100.00%
  2.7s| 45700 |    23 |   333 |   0.0 |  1027k |  45 |   8 |   2 |  33 | 150 |  1 |   0 |   0 | 3.164944e+01 | 3.164944e+01 |   0.00%| 100.00%
  2.7s| 45800 |    27 |   333 |   0.0 |  1027k |  45 |   8 |   2 |  33 | 150 |  1 |   0 |   0 | 3.164944e+01 | 3.164944e+01 |   0.00%| 100.00%
  2.8s| 45900 |    31 |   333 |   0.0 |  1027k |  45 |   8 |   2 |   0 | 150 |  0 |   0 |   0 | 3.164944e+01 | 3.164944e+01 |   0.00%| 100.00%
  2.8s| 46000 |    19 |   333 |   0.0 |  1027k |  45 |   8 |   2 |   0 | 150 |  0 |   0 |   0 | 3.164944e+01 | 3.164944e+01 |   0.00%| 100.00%
  2.8s| 46100 |    21 |   333 |   0.0 |  1027k |  45 |   8 |   2 |  33 | 150 |  1 |   0 |   0 | 3.164944e+01 | 3.164944e+01 |   0.00%| 100.00%
  2.8s| 46200 |    17 |   333 |   0.0 |  1027k |  45 |   8 |   2 |   0 | 150 |  0 |   0 |   0 | 3.164944e+01 | 3.164944e+01 |   0.00%| 100.00%
  2.8s| 46300 |    27 |   333 |   0.0 |  1027k |  45 |   8 |   2 |  33 | 150 |  1 |   0 |   0 | 3.164944e+01 | 3.164944e+01 |   0.00%| 100.00%
  2.8s| 46400 |    15 |   333 |   0.0 |  1027k |  45 |   8 |   2 |  33 | 150 |  1 |   0 |   0 | 3.164944e+01 | 3.164944e+01 |   0.00%| 100.00%
  2.8s| 46500 |    19 |   333 |   0.0 |  1027k |  45 |   8 |   2 |   0 | 150 |  0 |   0 |   0 | 3.164944e+01 | 3.164944e+01 |   0.00%| 100.00%
  2.8s| 46600 |    23 |   333 |   0.0 |  1027k |  45 |   8 |   2 |   0 | 150 |  0 |   0 |   0 | 3.164944e+01 | 3.164944e+01 |   0.00%| 100.00%
  2.8s| 46700 |    11 |   333 |   0.0 |  1027k |  45 |   8 |   2 |   0 | 150 |  0 |   0 |   0 | 3.164944e+01 | 3.164944e+01 |   0.00%| 100.00%
  2.8s| 46800 |     9 |   333 |   0.0 |  1027k |  45 |   8 |   2 |   0 | 150 |  0 |   0 |   0 | 3.164944e+01 | 3.164944e+01 |   0.00%| 100.00%
  2.8s| 46900 |     7 |   333 |   0.0 |  1027k |  45 |   8 |   2 |  33 | 150 |  1 |   0 |   0 | 3.164944e+01 | 3.164944e+01 |   0.00%| 100.00%
 time | node  | left  |LP iter|LP it/n|mem/heur|mdpt |vars |cons |rows |cuts |sepa|confs|strbr|  dualbound   | primalbound  |  gap   | compl. 
  2.8s| 47000 |    21 |   333 |   0.0 |  1027k |  45 |   8 |   2 |   0 | 150 |  0 |   0 |   0 | 3.164944e+01 | 3.164944e+01 |   0.00%| 100.00%
  2.8s| 47100 |     9 |   333 |   0.0 |  1027k |  45 |   8 |   2 |  33 | 150 |  1 |   0 |   0 | 3.164944e+01 | 3.164944e+01 |   0.00%| 100.00%

SCIP Status        : problem is solved [optimal solution found]
Solving Time (sec) : 2.83
Solving Nodes      : 47131
Primal Bound       : +3.16494407124505e+01 (59 solutions)
Dual Bound         : +3.16494407124505e+01
Gap                : 0.00 %

