Solver command line: ['C:\\gurobi1100\\win64\\bin\\gurobi.bat']

Set parameter Username
Set parameter LicenseID to value 2654625
Academic license - for non-commercial use only - expires 2026-04-20
Read LP format model from file C:\Users\BoTang\AppData\Local\Temp\tmpvj5ue36q.pyomo.lp
Reading time = 0.00 seconds
x1: 5 rows, 5 columns, 25 nonzeros
Read MIP start from file C:\Users\BoTang\AppData\Local\Temp\tmp8u8sm5wo.gurobi.mst
Set parameter TimeLimit to value 10800
Gurobi Optimizer version 11.0.0 build v11.0.0rc2 (win64 - Windows 11+.0 (26100.2))

CPU model: AMD Ryzen 7 5800HS with Radeon Graphics, instruction set [SSE2|AVX|AVX2]
Thread count: 8 physical cores, 16 logical processors, using up to 16 threads

Optimize a model with 5 rows, 5 columns and 25 nonzeros
Model fingerprint: 0xfdd74099
Model has 5 quadratic objective terms
Variable types: 0 continuous, 5 integer (0 binary)
Coefficient statistics:
  Matrix range     [1e-02, 2e-01]
  Objective range  [4e-03, 7e-02]
  QObjective range [7e-04, 8e-03]
  Bounds range     [0e+00, 0e+00]
  RHS range        [4e-02, 8e-01]

Loaded user MIP start with objective 2.83295

Presolve time: 0.00s
Presolved: 5 rows, 5 columns, 25 nonzeros
Presolved model has 5 quadratic objective terms
Variable types: 0 continuous, 5 integer (0 binary)
Found heuristic solution: objective 2.5148781

Root relaxation: objective 2.011413e+00, 7 iterations, 0.00 seconds (0.00 work units)

    Nodes    |    Current Node    |     Objective Bounds      |     Work
 Expl Unexpl |  Obj  Depth IntInf | Incumbent    BestBd   Gap | It/Node Time

     0     0    2.01141    0    5    2.51488    2.01141  20.0%     -    0s
H    0     0                       2.3032541    2.01141  12.7%     -    0s
H    0     0                       2.1758930    2.01141  7.56%     -    0s
     0     0    2.02590    0    5    2.17589    2.02590  6.89%     -    0s
     0     2    2.02590    0    5    2.17589    2.02590  6.89%     -    0s
H    7     5                       2.1071611    2.04855  2.78%   2.9    0s

Explored 18 nodes (59 simplex iterations) in 0.01 seconds (0.00 work units)
Thread count was 16 (of 16 available processors)

Solution count 5: 2.10716 2.17589 2.30325 ... 2.83295

Optimal solution found (tolerance 1.00e-04)
Best objective 2.107161067327e+00, best bound 2.107161067327e+00, gap 0.0000%

