Solver command line: ['C:\\gurobi1100\\win64\\bin\\gurobi.bat']

Set parameter Username
Set parameter LicenseID to value 2654625
Academic license - for non-commercial use only - expires 2026-04-20
Read LP format model from file C:\Users\BoTang\AppData\Local\Temp\tmpco6zsls3.pyomo.lp
Reading time = 0.00 seconds
x1: 5 rows, 5 columns, 25 nonzeros
Read MIP start from file C:\Users\BoTang\AppData\Local\Temp\tmp71b7_n2v.gurobi.mst
Set parameter TimeLimit to value 10800
Gurobi Optimizer version 11.0.0 build v11.0.0rc2 (win64 - Windows 11+.0 (26100.2))

CPU model: AMD Ryzen 7 5800HS with Radeon Graphics, instruction set [SSE2|AVX|AVX2]
Thread count: 8 physical cores, 16 logical processors, using up to 16 threads

Optimize a model with 5 rows, 5 columns and 25 nonzeros
Model fingerprint: 0xdaf3a5eb
Model has 5 quadratic objective terms
Variable types: 0 continuous, 5 integer (0 binary)
Coefficient statistics:
  Matrix range     [1e-02, 2e-01]
  Objective range  [4e-03, 7e-02]
  QObjective range [7e-04, 8e-03]
  Bounds range     [0e+00, 0e+00]
  RHS range        [1e-01, 7e-01]

Loaded user MIP start with objective 0.579239

Presolve time: 0.00s
Presolved: 5 rows, 5 columns, 25 nonzeros
Presolved model has 5 quadratic objective terms
Variable types: 0 continuous, 5 integer (0 binary)
Found heuristic solution: objective 0.1667778

Root relaxation: objective -4.295318e-02, 5 iterations, 0.00 seconds (0.00 work units)

    Nodes    |    Current Node    |     Objective Bounds      |     Work
 Expl Unexpl |  Obj  Depth IntInf | Incumbent    BestBd   Gap | It/Node Time

     0     0   -0.04295    0    5    0.16678   -0.04295   126%     -    0s
H    0     0                       0.0401852   -0.04295   207%     -    0s
     0     0   -0.03456    0    5    0.04019   -0.03456   186%     -    0s
H    0     0                       0.0179146   -0.03456   293%     -    0s
     0     2   -0.03456    0    5    0.01791   -0.03456   293%     -    0s

Explored 29 nodes (108 simplex iterations) in 0.01 seconds (0.00 work units)
Thread count was 16 (of 16 available processors)

Solution count 4: 0.0179146 0.0401852 0.166778 0.579239 

Optimal solution found (tolerance 1.00e-04)
Best objective 1.791462000535e-02, best bound 1.791462000535e-02, gap 0.0000%

