Solver command line: ['C:\\gurobi1100\\win64\\bin\\gurobi.bat']

Set parameter Username
Set parameter LicenseID to value 2654625
Academic license - for non-commercial use only - expires 2026-04-20
Read LP format model from file C:\Users\BoTang\AppData\Local\Temp\tmpnfmpoxmq.pyomo.lp
Reading time = 0.00 seconds
x1: 5 rows, 5 columns, 25 nonzeros
Read MIP start from file C:\Users\BoTang\AppData\Local\Temp\tmpmf0wljnr.gurobi.mst
Set parameter TimeLimit to value 10800
Gurobi Optimizer version 11.0.0 build v11.0.0rc2 (win64 - Windows 11+.0 (26100.2))

CPU model: AMD Ryzen 7 5800HS with Radeon Graphics, instruction set [SSE2|AVX|AVX2]
Thread count: 8 physical cores, 16 logical processors, using up to 16 threads

Optimize a model with 5 rows, 5 columns and 25 nonzeros
Model fingerprint: 0x533c77b0
Model has 5 quadratic objective terms
Variable types: 0 continuous, 5 integer (0 binary)
Coefficient statistics:
  Matrix range     [1e-02, 2e-01]
  Objective range  [4e-03, 7e-02]
  QObjective range [7e-04, 8e-03]
  Bounds range     [0e+00, 0e+00]
  RHS range        [2e-01, 1e+00]

Loaded user MIP start with objective 0.244217

Presolve time: 0.00s
Presolved: 5 rows, 5 columns, 25 nonzeros
Presolved model has 5 quadratic objective terms
Variable types: 0 continuous, 5 integer (0 binary)
Found heuristic solution: objective -0.1481284

Root relaxation: objective -6.017006e-01, 7 iterations, 0.00 seconds (0.00 work units)

    Nodes    |    Current Node    |     Objective Bounds      |     Work
 Expl Unexpl |  Obj  Depth IntInf | Incumbent    BestBd   Gap | It/Node Time

     0     0   -0.60170    0    5   -0.14813   -0.60170   306%     -    0s
H    0     0                      -0.5113217   -0.60170  17.7%     -    0s
     0     0   -0.57409    0    5   -0.51132   -0.57409  12.3%     -    0s
     0     2   -0.57409    0    5   -0.51132   -0.57409  12.3%     -    0s
H    6     6                      -0.5213819   -0.56041  7.49%   2.8    0s

Explored 29 nodes (87 simplex iterations) in 0.01 seconds (0.00 work units)
Thread count was 16 (of 16 available processors)

Solution count 4: -0.521382 -0.511322 -0.148128 0.244217 

Optimal solution found (tolerance 1.00e-04)
Best objective -5.213819255420e-01, best bound -5.213819255420e-01, gap 0.0000%

