Solver command line: ['C:\\gurobi1100\\win64\\bin\\gurobi.bat']

Set parameter Username
Set parameter LicenseID to value 2654625
Academic license - for non-commercial use only - expires 2026-04-20
Read LP format model from file C:\Users\BoTang\AppData\Local\Temp\tmpf8muu5mr.pyomo.lp
Reading time = 0.00 seconds
x1: 5 rows, 5 columns, 25 nonzeros
Read MIP start from file C:\Users\BoTang\AppData\Local\Temp\tmp_g6f94fx.gurobi.mst
Set parameter TimeLimit to value 10800
Gurobi Optimizer version 11.0.0 build v11.0.0rc2 (win64 - Windows 11+.0 (26100.2))

CPU model: AMD Ryzen 7 5800HS with Radeon Graphics, instruction set [SSE2|AVX|AVX2]
Thread count: 8 physical cores, 16 logical processors, using up to 16 threads

Optimize a model with 5 rows, 5 columns and 25 nonzeros
Model fingerprint: 0x9df97a51
Model has 5 quadratic objective terms
Variable types: 0 continuous, 5 integer (0 binary)
Coefficient statistics:
  Matrix range     [1e-02, 2e-01]
  Objective range  [4e-03, 7e-02]
  QObjective range [7e-04, 8e-03]
  Bounds range     [0e+00, 0e+00]
  RHS range        [5e-02, 9e-01]

Loaded user MIP start with objective 0.536145

Presolve time: 0.00s
Presolved: 5 rows, 5 columns, 25 nonzeros
Presolved model has 5 quadratic objective terms
Variable types: 0 continuous, 5 integer (0 binary)
Found heuristic solution: objective 0.1944829

Root relaxation: objective -3.120220e-02, 7 iterations, 0.00 seconds (0.00 work units)

    Nodes    |    Current Node    |     Objective Bounds      |     Work
 Expl Unexpl |  Obj  Depth IntInf | Incumbent    BestBd   Gap | It/Node Time

     0     0   -0.03120    0    5    0.19448   -0.03120   116%     -    0s
     0     0    0.00607    0    5    0.19448    0.00607  96.9%     -    0s
     0     2    0.00607    0    5    0.19448    0.00607  96.9%     -    0s
H    8    10                       0.1479102    0.00964  93.5%   2.6    0s
H   10    10                       0.1376342    0.01380  90.0%   2.7    0s
H   11    10                       0.1208600    0.01380  88.6%   2.7    0s
H   21     8                       0.0564870    0.01500  73.4%   2.8    0s

Explored 40 nodes (116 simplex iterations) in 0.01 seconds (0.00 work units)
Thread count was 16 (of 16 available processors)

Solution count 6: 0.056487 0.12086 0.137634 ... 0.536145

Optimal solution found (tolerance 1.00e-04)
Best objective 5.648697869791e-02, best bound 5.648697869791e-02, gap 0.0000%

