Solver command line: ['C:\\gurobi1100\\win64\\bin\\gurobi.bat']

Set parameter Username
Set parameter LicenseID to value 2654625
Academic license - for non-commercial use only - expires 2026-04-20
Read LP format model from file C:\Users\BoTang\AppData\Local\Temp\tmp9sqlvsra.pyomo.lp
Reading time = 0.00 seconds
x1: 5 rows, 5 columns, 25 nonzeros
Set parameter TimeLimit to value 1
Gurobi Optimizer version 11.0.0 build v11.0.0rc2 (win64 - Windows 11+.0 (26100.2))

CPU model: AMD Ryzen 7 5800HS with Radeon Graphics, instruction set [SSE2|AVX|AVX2]
Thread count: 8 physical cores, 16 logical processors, using up to 16 threads

Optimize a model with 5 rows, 5 columns and 25 nonzeros
Model fingerprint: 0x3c40aace
Model has 5 quadratic objective terms
Variable types: 0 continuous, 5 integer (0 binary)
Coefficient statistics:
  Matrix range     [1e-02, 2e-01]
  Objective range  [4e-03, 7e-02]
  QObjective range [7e-04, 8e-03]
  Bounds range     [0e+00, 0e+00]
  RHS range        [3e-01, 9e-01]
Presolve time: 0.00s
Presolved: 5 rows, 5 columns, 25 nonzeros
Presolved model has 5 quadratic objective terms
Variable types: 0 continuous, 5 integer (0 binary)

Root relaxation: objective 7.469397e-01, 5 iterations, 0.00 seconds (0.00 work units)

    Nodes    |    Current Node    |     Objective Bounds      |     Work
 Expl Unexpl |  Obj  Depth IntInf | Incumbent    BestBd   Gap | It/Node Time

     0     0    0.74694    0    5          -    0.74694      -     -    0s
H    0     0                       1.2775554    0.74694  41.5%     -    0s
H    0     0                       0.9555552    0.74694  21.8%     -    0s
H    0     0                       0.9231796    0.74694  19.1%     -    0s
     0     0    0.80408    0    4    0.92318    0.80408  12.9%     -    0s
     0     2    0.80408    0    4    0.92318    0.80408  12.9%     -    0s

Explored 36 nodes (103 simplex iterations) in 0.01 seconds (0.00 work units)
Thread count was 16 (of 16 available processors)

Solution count 3: 0.92318 0.955555 1.27756 

Optimal solution found (tolerance 1.00e-04)
Best objective 9.231795603367e-01, best bound 9.231795603367e-01, gap 0.0000%

