Solver command line: ['C:\\Program Files\\SCIPOptSuite 9.2.3\\bin\\scip.exe', 'C:\\Users\\BoTang\\AppData\\Local\\Temp\\tmpu1p6igb2.pyomo', '-AMPL']

SCIP version 9.2.3 [precision: 8 byte] [memory: block] [mode: optimized] [LP solver: SoPlex 7.1.5] [GitHash: 5e2fb2354b]
Copyright (c) 2002-2025 Zuse Institute Berlin (ZIB)

External libraries: 
  SoPlex 7.1.5         Linear programming solver developed at Zuse Institute Berlin (soplex.zib.de) [GitHash: 08b48194]
  CppAD 20180000.0     Algorithmic Differentiation of C++ algorithms developed by B. Bell (github.com/coin-or/CppAD)
  TinyCThread 1.2      small portable implementation of the C11 threads API (tinycthread.github.io)
  MPIR 3.0.0           Multiple Precision Integers and Rationals Library developed by W. Hart (mpir.org)
  ZIMPL 3.6.2          Zuse Institute Mathematical Programming Language developed by T. Koch (zimpl.zib.de)
  AMPL/MP 690e9e7      AMPL .nl file reader library (github.com/ampl/mp)
  PaPILO 2.4.3         parallel presolve for integer and linear optimization (github.com/scipopt/papilo) (built with TBB) [GitHash: a214e2d1]
  Nauty 2.8.8          Computing Graph Automorphism Groups by Brendan D. McKay (users.cecs.anu.edu.au/~bdm/nauty)
  sassy 1.1            Symmetry preprocessor by Markus Anders (github.com/markusa4/sassy)
  Ipopt 3.14.16        Interior Point Optimizer developed by A. Waechter et.al. (github.com/coin-or/Ipopt)

reading user parameter file <scip.set>
===========================

limits/time = 10800

read problem <C:\Users\BoTang\AppData\Local\Temp\tmpu1p6igb2.pyomo.nl>
============

original problem has 3 variables (0 bin, 1 int, 0 impl, 2 cont) and 5 constraints

solve problem
=============

presolving:
(round 1, fast)       0 del vars, 3 del conss, 0 add conss, 4 chg bounds, 1 chg sides, 0 chg coeffs, 0 upgd conss, 0 impls, 0 clqs
   (0.0s) symmetry computation started: requiring (bin +, int +, cont +), (fixed: bin -, int -, cont -)
   (0.0s) no symmetry present (symcode time: 0.00)
presolving (2 rounds: 2 fast, 1 medium, 1 exhaustive):
 0 deleted vars, 3 deleted constraints, 0 added constraints, 4 tightened bounds, 0 added holes, 1 changed sides, 0 changed coefficients
 0 implications, 0 cliques
presolved problem has 3 variables (0 bin, 1 int, 0 impl, 2 cont) and 2 constraints
      2 constraints of type <nonlinear>
Presolving Time: 0.00

 time | node  | left  |LP iter|LP it/n|mem/heur|mdpt |vars |cons |rows |cuts |sepa|confs|strbr|  dualbound   | primalbound  |  gap   | compl. 
t 0.0s|     1 |     0 |     5 |     - |  trysol|   0 |   8 |   2 |  12 |   0 |  0 |   0 |   0 |-1.673177e+03 | 3.178134e+01 |    Inf | unknown
  0.0s|     1 |     0 |    11 |     - |   676k |   0 |   8 |   2 |  12 |   0 |  0 |   0 |   0 |-1.451238e+03 | 3.178134e+01 |    Inf | unknown
  0.0s|     1 |     0 |    14 |     - |   687k |   0 |   8 |   2 |  14 |   2 |  1 |   0 |   0 |-1.342775e+03 | 3.178134e+01 |    Inf | unknown
  0.0s|     1 |     0 |    14 |     - |   687k |   0 |   8 |   2 |   9 |   2 |  1 |   0 |   0 |-1.342775e+03 | 3.178134e+01 |    Inf | unknown
  0.0s|     1 |     0 |    17 |     - |   687k |   0 |   8 |   2 |  12 |   5 |  2 |   0 |   0 |-7.043726e+02 | 3.178134e+01 |    Inf | unknown
  0.0s|     1 |     0 |    17 |     - |   687k |   0 |   8 |   2 |  12 |   5 |  2 |   0 |   0 |-7.043726e+02 | 3.178134e+01 |    Inf | unknown
  0.0s|     1 |     0 |    20 |     - |   695k |   0 |   8 |   2 |  14 |   7 |  3 |   0 |   0 |-5.375211e+02 | 3.178134e+01 |    Inf | unknown
  0.0s|     1 |     0 |    20 |     - |   695k |   0 |   8 |   2 |  14 |   7 |  3 |   0 |   0 |-5.375211e+02 | 3.178134e+01 |    Inf | unknown
  0.0s|     1 |     0 |    22 |     - |   695k |   0 |   8 |   2 |  16 |   9 |  4 |   0 |   0 |-4.433142e+02 | 3.178134e+01 |    Inf | unknown
  0.0s|     1 |     0 |    22 |     - |   703k |   0 |   8 |   2 |  16 |   9 |  4 |   0 |   0 |-4.433142e+02 | 3.178134e+01 |    Inf | unknown
  0.0s|     1 |     0 |    25 |     - |   713k |   0 |   8 |   2 |  18 |  11 |  5 |   0 |   0 |-4.246757e+02 | 3.178134e+01 |    Inf | unknown
  0.0s|     1 |     0 |    26 |     - |   713k |   0 |   8 |   2 |  19 |  12 |  6 |   0 |   0 |-4.246596e+02 | 3.178134e+01 |    Inf | unknown
  0.0s|     1 |     0 |    88 |     - |   713k |   0 |   8 |   2 |  19 |  12 |  7 |   0 |   0 |-4.246596e+02 | 3.178134e+01 |    Inf | unknown
  0.0s|     1 |     0 |    90 |     - |   713k |   0 |   8 |   2 |  20 |  13 |  8 |   0 |   0 |-3.931939e+02 | 3.178134e+01 |    Inf | unknown
  0.0s|     1 |     0 |    90 |     - |   713k |   0 |   8 |   2 |  20 |  13 |  8 |   0 |   0 |-3.931939e+02 | 3.178134e+01 |    Inf | unknown
 time | node  | left  |LP iter|LP it/n|mem/heur|mdpt |vars |cons |rows |cuts |sepa|confs|strbr|  dualbound   | primalbound  |  gap   | compl. 
  0.0s|     1 |     0 |    91 |     - |   716k |   0 |   8 |   2 |  21 |  14 |  9 |   0 |   0 |-3.920020e+02 | 3.178134e+01 |    Inf | unknown
  0.0s|     1 |     0 |    92 |     - |   716k |   0 |   8 |   2 |  19 |  15 | 10 |   0 |   0 |-3.917644e+02 | 3.178134e+01 |    Inf | unknown
  0.0s|     1 |     0 |    93 |     - |   725k |   0 |   8 |   2 |  20 |  16 | 11 |   0 |   0 |-3.914431e+02 | 3.178134e+01 |    Inf | unknown
  0.0s|     1 |     2 |    93 |     - |   725k |   0 |   8 |   2 |  20 |  16 | 12 |   0 |   0 |-3.914431e+02 | 3.178134e+01 |    Inf | unknown
d 0.0s|     6 |     7 |   141 |  20.0 |nlpdivin|   3 |   8 |   2 |  19 |  45 |  5 |   0 |   0 |-2.424954e+02 | 3.164944e+01 |    Inf | unknown
  0.0s|   100 |    47 |   270 |   2.3 |   877k |  21 |   8 |   2 |   0 | 127 |  0 |   0 |   0 |-3.404822e+01 | 3.164944e+01 |    Inf |  82.04%
  0.0s|   200 |    29 |   304 |   1.3 |   896k |  21 |   8 |   2 |   0 | 144 |  0 |   0 |   0 | 3.164944e+01 | 3.164944e+01 |   0.00%|  99.86%
  0.0s|   300 |    59 |   304 |   0.9 |   896k |  28 |   8 |   2 |  33 | 144 |  1 |   0 |   0 | 3.164944e+01 | 3.164944e+01 |   0.00%|  99.86%
  0.0s|   400 |    67 |   304 |   0.7 |   904k |  28 |   8 |   2 |   0 | 144 |  0 |   0 |   0 | 3.164944e+01 | 3.164944e+01 |   0.00%|  99.86%
  0.0s|   500 |    71 |   304 |   0.5 |   920k |  28 |   8 |   2 |  33 | 144 |  1 |   0 |   0 | 3.164944e+01 | 3.164944e+01 |   0.00%|  99.86%
  0.0s|   600 |    73 |   306 |   0.4 |   924k |  28 |   8 |   2 |  33 | 145 |  1 |   0 |   0 | 3.164944e+01 | 3.164944e+01 |   0.00%|  99.88%
  0.0s|   700 |    69 |   307 |   0.4 |   924k |  28 |   8 |   2 |  33 | 145 |  1 |   0 |   0 | 3.164944e+01 | 3.164944e+01 |   0.00%|  99.88%
  0.0s|   800 |   101 |   309 |   0.3 |   924k |  31 |   8 |   2 |  33 | 145 |  1 |   0 |   0 | 3.164944e+01 | 3.164944e+01 |   0.00%|  99.88%
  0.0s|   900 |    89 |   309 |   0.3 |   924k |  33 |   8 |   2 |   0 | 145 |  0 |   0 |   0 | 3.164944e+01 | 3.164944e+01 |   0.00%|  99.88%
L 0.0s|   920 |    95 |   309 |   0.3 |  lpface|  33 |   8 |   2 |   0 | 145 |  0 |   0 |   0 | 3.164944e+01 | 3.164944e+01 |   0.00%|  99.88%
 time | node  | left  |LP iter|LP it/n|mem/heur|mdpt |vars |cons |rows |cuts |sepa|confs|strbr|  dualbound   | primalbound  |  gap   | compl. 
L 0.0s|   922 |    95 |   309 |   0.3 |  subnlp|  33 |   8 |   2 |  33 | 145 |  1 |   0 |   0 | 3.164944e+01 | 3.164944e+01 |   0.00%|  99.88%
  0.0s|  1000 |   105 |   310 |   0.3 |   925k |  33 |   8 |   2 |  33 | 145 |  1 |   0 |   0 | 3.164944e+01 | 3.164944e+01 |   0.00%|  99.88%
  0.0s|  1100 |   103 |   310 |   0.2 |   925k |  33 |   8 |   2 |   0 | 145 |  0 |   0 |   0 | 3.164944e+01 | 3.164944e+01 |   0.00%|  99.88%
  0.0s|  1200 |   101 |   310 |   0.2 |   925k |  33 |   8 |   2 |   0 | 145 |  0 |   0 |   0 | 3.164944e+01 | 3.164944e+01 |   0.00%|  99.89%
  0.0s|  1300 |   101 |   312 |   0.2 |   925k |  33 |   8 |   2 |   0 | 146 |  0 |   0 |   0 | 3.164944e+01 | 3.164944e+01 |   0.00%|  99.96%
  0.0s|  1400 |    97 |   313 |   0.2 |   925k |  33 |   8 |   2 |   0 | 146 |  0 |   0 |   0 | 3.164944e+01 | 3.164944e+01 |   0.00%|  99.96%
  0.0s|  1500 |    95 |   313 |   0.2 |   925k |  33 |   8 |   2 |  33 | 146 |  1 |   0 |   0 | 3.164944e+01 | 3.164944e+01 |   0.00%|  99.96%
  0.0s|  1600 |   109 |   313 |   0.2 |   925k |  33 |   8 |   2 |  33 | 146 |  1 |   0 |   0 | 3.164944e+01 | 3.164944e+01 |   0.00%|  99.96%
  0.0s|  1700 |   105 |   313 |   0.2 |   925k |  33 |   8 |   2 |   0 | 146 |  0 |   0 |   0 | 3.164944e+01 | 3.164944e+01 |   0.00%|  99.96%
  0.0s|  1800 |    91 |   313 |   0.2 |   925k |  33 |   8 |   2 |   0 | 146 |  0 |   0 |   0 | 3.164944e+01 | 3.164944e+01 |   0.00%|  99.96%
  0.0s|  1900 |    97 |   313 |   0.1 |   925k |  33 |   8 |   2 |   0 | 146 |  0 |   0 |   0 | 3.164944e+01 | 3.164944e+01 |   0.00%|  99.96%
  0.0s|  2000 |    95 |   313 |   0.1 |   925k |  33 |   8 |   2 |   0 | 146 |  0 |   0 |   0 | 3.164944e+01 | 3.164944e+01 |   0.00%|  99.96%
  0.0s|  2100 |   101 |   313 |   0.1 |   925k |  33 |   8 |   2 |   0 | 146 |  0 |   0 |   0 | 3.164944e+01 | 3.164944e+01 |   0.00%|  99.96%
  0.0s|  2200 |    95 |   313 |   0.1 |   925k |  33 |   8 |   2 |  33 | 146 |  1 |   0 |   0 | 3.164944e+01 | 3.164944e+01 |   0.00%|  99.96%
  0.0s|  2300 |    97 |   313 |   0.1 |   925k |  33 |   8 |   2 |   0 | 146 |  0 |   0 |   0 | 3.164944e+01 | 3.164944e+01 |   0.00%|  99.96%
 time | node  | left  |LP iter|LP it/n|mem/heur|mdpt |vars |cons |rows |cuts |sepa|confs|strbr|  dualbound   | primalbound  |  gap   | compl. 
  0.0s|  2400 |    93 |   314 |   0.1 |   925k |  33 |   8 |   2 |   0 | 146 |  0 |   0 |   0 | 3.164944e+01 | 3.164944e+01 |   0.00%|  99.96%
  0.0s|  2500 |    97 |   314 |   0.1 |   925k |  33 |   8 |   2 |   0 | 146 |  0 |   0 |   0 | 3.164944e+01 | 3.164944e+01 |   0.00%|  99.96%
  0.0s|  2600 |    83 |   314 |   0.1 |   925k |  33 |   8 |   2 |  33 | 146 |  1 |   0 |   0 | 3.164944e+01 | 3.164944e+01 |   0.00%|  99.96%
  0.0s|  2700 |    79 |   314 |   0.1 |   925k |  33 |   8 |   2 |   0 | 146 |  0 |   0 |   0 | 3.164944e+01 | 3.164944e+01 |   0.00%|  99.96%
  0.0s|  2800 |    85 |   314 |   0.1 |   925k |  33 |   8 |   2 |   0 | 146 |  0 |   0 |   0 | 3.164944e+01 | 3.164944e+01 |   0.00%|  99.96%
  0.0s|  2900 |    79 |   314 |   0.1 |   925k |  33 |   8 |   2 |   0 | 146 |  0 |   0 |   0 | 3.164944e+01 | 3.164944e+01 |   0.00%|  99.96%
  0.0s|  3000 |    73 |   315 |   0.1 |   925k |  33 |   8 |   2 |   0 | 146 |  0 |   0 |   0 | 3.164944e+01 | 3.164944e+01 |   0.00%|  99.96%
  0.0s|  3100 |    67 |   315 |   0.1 |   925k |  39 |   8 |   2 |   0 | 146 |  0 |   0 |   0 | 3.164944e+01 | 3.164944e+01 |   0.00%|  99.96%
  0.0s|  3200 |    51 |   315 |   0.1 |   925k |  39 |   8 |   2 |  33 | 146 |  1 |   0 |   0 | 3.164944e+01 | 3.164944e+01 |   0.00%|  99.96%
  0.0s|  3300 |    59 |   315 |   0.1 |   925k |  39 |   8 |   2 |  33 | 146 |  1 |   0 |   0 | 3.164944e+01 | 3.164944e+01 |   0.00%|  99.96%
  0.0s|  3400 |    63 |   315 |   0.1 |   925k |  39 |   8 |   2 |   0 | 146 |  0 |   0 |   0 | 3.164944e+01 | 3.164944e+01 |   0.00%|  99.96%
  0.0s|  3500 |    69 |   315 |   0.1 |   925k |  39 |   8 |   2 |   0 | 146 |  0 |   0 |   0 | 3.164944e+01 | 3.164944e+01 |   0.00%|  99.96%
  0.0s|  3600 |    59 |   315 |   0.1 |   925k |  39 |   8 |   2 |  33 | 146 |  1 |   0 |   0 | 3.164944e+01 | 3.164944e+01 |   0.00%|  99.96%
  0.0s|  3700 |    61 |   315 |   0.1 |   925k |  39 |   8 |   2 |   0 | 146 |  0 |   0 |   0 | 3.164944e+01 | 3.164944e+01 |   0.00%|  99.96%
  0.0s|  3800 |    51 |   315 |   0.1 |   925k |  39 |   8 |   2 |   0 | 146 |  0 |   0 |   0 | 3.164944e+01 | 3.164944e+01 |   0.00%|  99.96%
 time | node  | left  |LP iter|LP it/n|mem/heur|mdpt |vars |cons |rows |cuts |sepa|confs|strbr|  dualbound   | primalbound  |  gap   | compl. 
  0.0s|  3900 |    47 |   315 |   0.1 |   925k |  39 |   8 |   2 |  33 | 146 |  1 |   0 |   0 | 3.164944e+01 | 3.164944e+01 |   0.00%|  99.97%
  0.0s|  4000 |    31 |   315 |   0.1 |   925k |  39 |   8 |   2 |   0 | 146 |  0 |   0 |   0 | 3.164944e+01 | 3.164944e+01 |   0.00%|  99.97%
  0.0s|  4100 |    33 |   315 |   0.1 |   925k |  39 |   8 |   2 |   0 | 146 |  0 |   0 |   0 | 3.164944e+01 | 3.164944e+01 |   0.00%|  99.97%
  0.0s|  4200 |    31 |   315 |   0.1 |   925k |  39 |   8 |   2 |  33 | 146 |  1 |   0 |   0 | 3.164944e+01 | 3.164944e+01 |   0.00%|  99.97%
  0.0s|  4300 |    29 |   315 |   0.1 |   925k |  39 |   8 |   2 |   0 | 146 |  0 |   0 |   0 | 3.164944e+01 | 3.164944e+01 |   0.00%|  99.97%
L 0.0s|  4306 |    29 |   315 |   0.1 |  subnlp|  39 |   8 |   2 |  33 | 146 |  1 |   0 |   0 | 3.164944e+01 | 3.164944e+01 |   0.00%|  99.97%
  0.0s|  4400 |    29 |   315 |   0.1 |   925k |  39 |   8 |   2 |   0 | 146 |  0 |   0 |   0 | 3.164944e+01 | 3.164944e+01 |   0.00%|  99.97%
  0.0s|  4500 |    59 |   317 |   0.1 |   925k |  39 |   8 |   2 |  33 | 146 |  1 |   0 |   0 | 3.164944e+01 | 3.164944e+01 |   0.00%|  99.97%
  0.0s|  4600 |    85 |   317 |   0.1 |   925k |  39 |   8 |   2 |  33 | 146 |  1 |   0 |   0 | 3.164944e+01 | 3.164944e+01 |   0.00%|  99.97%
  1.0s|  4700 |    77 |   317 |   0.1 |   925k |  39 |   8 |   2 |  33 | 146 |  1 |   0 |   0 | 3.164944e+01 | 3.164944e+01 |   0.00%|  99.97%
  1.0s|  4800 |    57 |   317 |   0.1 |   925k |  39 |   8 |   2 |   0 | 146 |  0 |   0 |   0 | 3.164944e+01 | 3.164944e+01 |   0.00%|  99.97%
  1.0s|  4900 |    47 |   317 |   0.1 |   925k |  39 |   8 |   2 |   0 | 146 |  0 |   0 |   0 | 3.164944e+01 | 3.164944e+01 |   0.00%|  99.97%
  1.0s|  5000 |    51 |   317 |   0.1 |   925k |  39 |   8 |   2 |   0 | 146 |  0 |   0 |   0 | 3.164944e+01 | 3.164944e+01 |   0.00%|  99.97%
  1.0s|  5100 |    41 |   317 |   0.1 |   925k |  39 |   8 |   2 |   0 | 146 |  0 |   0 |   0 | 3.164944e+01 | 3.164944e+01 |   0.00%|  99.97%
  1.0s|  5200 |    39 |   317 |   0.1 |   925k |  39 |   8 |   2 |   0 | 146 |  0 |   0 |   0 | 3.164944e+01 | 3.164944e+01 |   0.00%|  99.97%
 time | node  | left  |LP iter|LP it/n|mem/heur|mdpt |vars |cons |rows |cuts |sepa|confs|strbr|  dualbound   | primalbound  |  gap   | compl. 
  1.0s|  5300 |    45 |   317 |   0.1 |   925k |  39 |   8 |   2 |   0 | 146 |  0 |   0 |   0 | 3.164944e+01 | 3.164944e+01 |   0.00%|  99.97%
  1.0s|  5400 |    39 |   317 |   0.1 |   925k |  39 |   8 |   2 |   0 | 146 |  0 |   0 |   0 | 3.164944e+01 | 3.164944e+01 |   0.00%|  99.97%
  1.0s|  5500 |    61 |   317 |   0.1 |   925k |  39 |   8 |   2 |   0 | 146 |  0 |   0 |   0 | 3.164944e+01 | 3.164944e+01 |   0.00%|  99.97%
  1.0s|  5600 |    57 |   317 |   0.0 |   925k |  39 |   8 |   2 |   0 | 146 |  0 |   0 |   0 | 3.164944e+01 | 3.164944e+01 |   0.00%|  99.97%
  1.0s|  5700 |    55 |   317 |   0.0 |   925k |  39 |   8 |   2 |   0 | 146 |  0 |   0 |   0 | 3.164944e+01 | 3.164944e+01 |   0.00%|  99.97%
  1.0s|  5800 |    59 |   317 |   0.0 |   925k |  39 |   8 |   2 |   0 | 146 |  0 |   0 |   0 | 3.164944e+01 | 3.164944e+01 |   0.00%|  99.97%
  1.0s|  5900 |    59 |   317 |   0.0 |   925k |  39 |   8 |   2 |   0 | 146 |  0 |   0 |   0 | 3.164944e+01 | 3.164944e+01 |   0.00%|  99.97%
  1.0s|  6000 |    57 |   317 |   0.0 |   925k |  39 |   8 |   2 |   0 | 146 |  0 |   0 |   0 | 3.164944e+01 | 3.164944e+01 |   0.00%|  99.97%
  1.0s|  6100 |    55 |   317 |   0.0 |   925k |  39 |   8 |   2 |   0 | 146 |  0 |   0 |   0 | 3.164944e+01 | 3.164944e+01 |   0.00%|  99.97%
  1.0s|  6200 |    51 |   317 |   0.0 |   925k |  39 |   8 |   2 |   0 | 146 |  0 |   0 |   0 | 3.164944e+01 | 3.164944e+01 |   0.00%|  99.97%
  1.0s|  6300 |    59 |   317 |   0.0 |   925k |  39 |   8 |   2 |  33 | 146 |  1 |   0 |   0 | 3.164944e+01 | 3.164944e+01 |   0.00%|  99.97%
  1.0s|  6400 |    51 |   317 |   0.0 |   925k |  39 |   8 |   2 |   0 | 146 |  0 |   0 |   0 | 3.164944e+01 | 3.164944e+01 |   0.00%|  99.97%
  1.0s|  6500 |    43 |   317 |   0.0 |   925k |  39 |   8 |   2 |   0 | 146 |  0 |   0 |   0 | 3.164944e+01 | 3.164944e+01 |   0.00%|  99.97%
  1.0s|  6600 |    43 |   317 |   0.0 |   925k |  39 |   8 |   2 |   0 | 146 |  0 |   0 |   0 | 3.164944e+01 | 3.164944e+01 |   0.00%|  99.97%
  1.0s|  6700 |    39 |   317 |   0.0 |   925k |  39 |   8 |   2 |   0 | 146 |  0 |   0 |   0 | 3.164944e+01 | 3.164944e+01 |   0.00%|  99.97%
 time | node  | left  |LP iter|LP it/n|mem/heur|mdpt |vars |cons |rows |cuts |sepa|confs|strbr|  dualbound   | primalbound  |  gap   | compl. 
  1.0s|  6800 |    49 |   317 |   0.0 |   925k |  39 |   8 |   2 |   0 | 146 |  0 |   0 |   0 | 3.164944e+01 | 3.164944e+01 |   0.00%|  99.97%
  1.0s|  6900 |    41 |   317 |   0.0 |   925k |  39 |   8 |   2 |   0 | 146 |  0 |   0 |   0 | 3.164944e+01 | 3.164944e+01 |   0.00%|  99.97%
  1.0s|  7000 |    41 |   317 |   0.0 |   925k |  39 |   8 |   2 |  33 | 146 |  1 |   0 |   0 | 3.164944e+01 | 3.164944e+01 |   0.00%|  99.97%
  1.0s|  7100 |    37 |   317 |   0.0 |   925k |  39 |   8 |   2 |  33 | 146 |  1 |   0 |   0 | 3.164944e+01 | 3.164944e+01 |   0.00%|  99.97%
  1.0s|  7200 |    37 |   317 |   0.0 |   925k |  39 |   8 |   2 |  33 | 146 |  1 |   0 |   0 | 3.164944e+01 | 3.164944e+01 |   0.00%|  99.97%
  1.0s|  7300 |    41 |   317 |   0.0 |   925k |  39 |   8 |   2 |   0 | 146 |  0 |   0 |   0 | 3.164944e+01 | 3.164944e+01 |   0.00%|  99.97%
  1.0s|  7400 |    29 |   317 |   0.0 |   925k |  39 |   8 |   2 |  33 | 146 |  1 |   0 |   0 | 3.164944e+01 | 3.164944e+01 |   0.00%|  99.97%
  1.0s|  7500 |    37 |   317 |   0.0 |   925k |  39 |   8 |   2 |  33 | 146 |  1 |   0 |   0 | 3.164944e+01 | 3.164944e+01 |   0.00%|  99.97%
  1.0s|  7600 |    31 |   317 |   0.0 |   925k |  39 |   8 |   2 |   0 | 146 |  0 |   0 |   0 | 3.164944e+01 | 3.164944e+01 |   0.00%|  99.97%
  1.0s|  7700 |    29 |   317 |   0.0 |   925k |  39 |   8 |   2 |  33 | 146 |  1 |   0 |   0 | 3.164944e+01 | 3.164944e+01 |   0.00%|  99.97%
  1.0s|  7800 |    35 |   317 |   0.0 |   925k |  39 |   8 |   2 |   0 | 146 |  0 |   0 |   0 | 3.164944e+01 | 3.164944e+01 |   0.00%|  99.97%
  1.0s|  7900 |    25 |   317 |   0.0 |   925k |  39 |   8 |   2 |   0 | 146 |  0 |   0 |   0 | 3.164944e+01 | 3.164944e+01 |   0.00%|  99.98%
  1.0s|  8000 |    35 |   317 |   0.0 |   925k |  39 |   8 |   2 |   0 | 146 |  0 |   0 |   0 | 3.164944e+01 | 3.164944e+01 |   0.00%|  99.98%
  1.0s|  8100 |    29 |   317 |   0.0 |   925k |  39 |   8 |   2 |  33 | 146 |  1 |   0 |   0 | 3.164944e+01 | 3.164944e+01 |   0.00%|  99.98%
  1.0s|  8200 |    35 |   317 |   0.0 |   925k |  39 |   8 |   2 |   0 | 146 |  0 |   0 |   0 | 3.164944e+01 | 3.164944e+01 |   0.00%|  99.98%
 time | node  | left  |LP iter|LP it/n|mem/heur|mdpt |vars |cons |rows |cuts |sepa|confs|strbr|  dualbound   | primalbound  |  gap   | compl. 
  1.0s|  8300 |    33 |   317 |   0.0 |   925k |  39 |   8 |   2 |  33 | 146 |  1 |   0 |   0 | 3.164944e+01 | 3.164944e+01 |   0.00%|  99.98%
  1.0s|  8400 |    33 |   317 |   0.0 |   925k |  39 |   8 |   2 |  33 | 146 |  1 |   0 |   0 | 3.164944e+01 | 3.164944e+01 |   0.00%|  99.98%
  1.0s|  8500 |    35 |   317 |   0.0 |   925k |  39 |   8 |   2 |   0 | 146 |  0 |   0 |   0 | 3.164944e+01 | 3.164944e+01 |   0.00%|  99.98%
  1.0s|  8600 |    31 |   317 |   0.0 |   925k |  39 |   8 |   2 |   0 | 146 |  0 |   0 |   0 | 3.164944e+01 | 3.164944e+01 |   0.00%|  99.98%
  1.0s|  8700 |    31 |   317 |   0.0 |   925k |  39 |   8 |   2 |   0 | 146 |  0 |   0 |   0 | 3.164944e+01 | 3.164944e+01 |   0.00%|  99.98%
  1.0s|  8800 |    33 |   317 |   0.0 |   925k |  39 |   8 |   2 |  33 | 146 |  1 |   0 |   0 | 3.164944e+01 | 3.164944e+01 |   0.00%|  99.98%
  1.0s|  8900 |    31 |   317 |   0.0 |   925k |  39 |   8 |   2 |   0 | 146 |  0 |   0 |   0 | 3.164944e+01 | 3.164944e+01 |   0.00%|  99.98%
  1.0s|  9000 |    29 |   317 |   0.0 |   925k |  39 |   8 |   2 |   0 | 146 |  0 |   0 |   0 | 3.164944e+01 | 3.164944e+01 |   0.00%|  99.98%
  1.0s|  9100 |    35 |   317 |   0.0 |   925k |  39 |   8 |   2 |  33 | 146 |  1 |   0 |   0 | 3.164944e+01 | 3.164944e+01 |   0.00%|  99.98%
  1.0s|  9200 |    33 |   317 |   0.0 |   925k |  39 |   8 |   2 |   0 | 146 |  0 |   0 |   0 | 3.164944e+01 | 3.164944e+01 |   0.00%|  99.98%
  1.0s|  9300 |    33 |   317 |   0.0 |   925k |  39 |   8 |   2 |   0 | 146 |  0 |   0 |   0 | 3.164944e+01 | 3.164944e+01 |   0.00%|  99.98%
  1.0s|  9400 |    31 |   317 |   0.0 |   925k |  39 |   8 |   2 |  33 | 146 |  1 |   0 |   0 | 3.164944e+01 | 3.164944e+01 |   0.00%|  99.98%
  1.0s|  9500 |    31 |   317 |   0.0 |   925k |  39 |   8 |   2 |   0 | 146 |  0 |   0 |   0 | 3.164944e+01 | 3.164944e+01 |   0.00%|  99.98%
  1.0s|  9600 |    31 |   317 |   0.0 |   925k |  39 |   8 |   2 |  33 | 146 |  1 |   0 |   0 | 3.164944e+01 | 3.164944e+01 |   0.00%|  99.98%
  1.0s|  9700 |    31 |   317 |   0.0 |   925k |  39 |   8 |   2 |  33 | 146 |  1 |   0 |   0 | 3.164944e+01 | 3.164944e+01 |   0.00%|  99.98%
 time | node  | left  |LP iter|LP it/n|mem/heur|mdpt |vars |cons |rows |cuts |sepa|confs|strbr|  dualbound   | primalbound  |  gap   | compl. 
  1.0s|  9800 |    29 |   317 |   0.0 |   925k |  39 |   8 |   2 |   0 | 146 |  0 |   0 |   0 | 3.164944e+01 | 3.164944e+01 |   0.00%|  99.98%
  1.0s|  9900 |    31 |   317 |   0.0 |   925k |  39 |   8 |   2 |  33 | 146 |  1 |   0 |   0 | 3.164944e+01 | 3.164944e+01 |   0.00%|  99.98%
  1.0s| 10000 |    27 |   317 |   0.0 |   925k |  39 |   8 |   2 |   0 | 146 |  0 |   0 |   0 | 3.164944e+01 | 3.164944e+01 |   0.00%|  99.98%
  1.0s| 10100 |    29 |   317 |   0.0 |   925k |  39 |   8 |   2 |   0 | 146 |  0 |   0 |   0 | 3.164944e+01 | 3.164944e+01 |   0.00%|  99.98%
  1.0s| 10200 |    31 |   317 |   0.0 |   925k |  39 |   8 |   2 |  33 | 146 |  1 |   0 |   0 | 3.164944e+01 | 3.164944e+01 |   0.00%|  99.98%
  1.0s| 10300 |    29 |   317 |   0.0 |   925k |  39 |   8 |   2 |   0 | 146 |  0 |   0 |   0 | 3.164944e+01 | 3.164944e+01 |   0.00%|  99.98%
  1.0s| 10400 |    33 |   317 |   0.0 |   925k |  39 |   8 |   2 |   0 | 146 |  0 |   0 |   0 | 3.164944e+01 | 3.164944e+01 |   0.00%|  99.98%
  1.0s| 10500 |    29 |   317 |   0.0 |   925k |  39 |   8 |   2 |   0 | 146 |  0 |   0 |   0 | 3.164944e+01 | 3.164944e+01 |   0.00%|  99.98%
  1.0s| 10600 |    29 |   317 |   0.0 |   925k |  39 |   8 |   2 |   0 | 146 |  0 |   0 |   0 | 3.164944e+01 | 3.164944e+01 |   0.00%|  99.98%
  1.0s| 10700 |    27 |   317 |   0.0 |   925k |  39 |   8 |   2 |   0 | 146 |  0 |   0 |   0 | 3.164944e+01 | 3.164944e+01 |   0.00%|  99.98%
  1.0s| 10800 |    27 |   317 |   0.0 |   925k |  39 |   8 |   2 |   0 | 146 |  0 |   0 |   0 | 3.164944e+01 | 3.164944e+01 |   0.00%|  99.98%
  1.0s| 10900 |    27 |   317 |   0.0 |   925k |  39 |   8 |   2 |  33 | 146 |  1 |   0 |   0 | 3.164944e+01 | 3.164944e+01 |   0.00%|  99.98%
  1.0s| 11000 |    31 |   317 |   0.0 |   925k |  39 |   8 |   2 |  33 | 146 |  1 |   0 |   0 | 3.164944e+01 | 3.164944e+01 |   0.00%|  99.98%
  1.0s| 11100 |    29 |   317 |   0.0 |   925k |  39 |   8 |   2 |   0 | 146 |  0 |   0 |   0 | 3.164944e+01 | 3.164944e+01 |   0.00%|  99.98%
  1.0s| 11200 |    31 |   317 |   0.0 |   925k |  39 |   8 |   2 |  33 | 146 |  1 |   0 |   0 | 3.164944e+01 | 3.164944e+01 |   0.00%|  99.98%
 time | node  | left  |LP iter|LP it/n|mem/heur|mdpt |vars |cons |rows |cuts |sepa|confs|strbr|  dualbound   | primalbound  |  gap   | compl. 
  2.0s| 11300 |    31 |   317 |   0.0 |   925k |  39 |   8 |   2 |  33 | 146 |  1 |   0 |   0 | 3.164944e+01 | 3.164944e+01 |   0.00%|  99.98%
  2.0s| 11400 |    31 |   317 |   0.0 |   925k |  39 |   8 |   2 |  33 | 146 |  1 |   0 |   0 | 3.164944e+01 | 3.164944e+01 |   0.00%|  99.98%
  2.0s| 11500 |    29 |   317 |   0.0 |   925k |  39 |   8 |   2 |   0 | 146 |  0 |   0 |   0 | 3.164944e+01 | 3.164944e+01 |   0.00%|  99.98%
  2.0s| 11600 |    27 |   317 |   0.0 |   925k |  39 |   8 |   2 |   0 | 146 |  0 |   0 |   0 | 3.164944e+01 | 3.164944e+01 |   0.00%|  99.98%
L 2.0s| 11601 |    28 |   317 |   0.0 |  subnlp|  39 |   8 |   2 |  33 | 146 |  1 |   0 |   0 | 3.164944e+01 | 3.164944e+01 |   0.00%|  99.98%
  2.0s| 11700 |    31 |   317 |   0.0 |   925k |  39 |   8 |   2 |  33 | 146 |  1 |   0 |   0 | 3.164944e+01 | 3.164944e+01 |   0.00%|  99.98%
  2.0s| 11800 |    27 |   317 |   0.0 |   925k |  39 |   8 |   2 |   0 | 146 |  0 |   0 |   0 | 3.164944e+01 | 3.164944e+01 |   0.00%|  99.98%
  2.0s| 11900 |    29 |   317 |   0.0 |   925k |  39 |   8 |   2 |   0 | 146 |  0 |   0 |   0 | 3.164944e+01 | 3.164944e+01 |   0.00%|  99.98%
  2.0s| 12000 |    29 |   317 |   0.0 |   925k |  39 |   8 |   2 |   0 | 146 |  0 |   0 |   0 | 3.164944e+01 | 3.164944e+01 |   0.00%|  99.98%
  2.0s| 12100 |    27 |   317 |   0.0 |   925k |  39 |   8 |   2 |   0 | 146 |  0 |   0 |   0 | 3.164944e+01 | 3.164944e+01 |   0.00%|  99.98%
  2.0s| 12200 |    27 |   317 |   0.0 |   925k |  39 |   8 |   2 |  33 | 146 |  1 |   0 |   0 | 3.164944e+01 | 3.164944e+01 |   0.00%|  99.98%
L 2.0s| 12236 |    27 |   317 |   0.0 |  subnlp|  39 |   8 |   2 |  33 | 146 |  1 |   0 |   0 | 3.164944e+01 | 3.164944e+01 |   0.00%|  99.98%
  2.0s| 12300 |    31 |   321 |   0.0 |   933k |  39 |   8 |   2 |  33 | 150 |  1 |   0 |   0 | 3.164944e+01 | 3.164944e+01 |   0.00%|  99.98%
  2.0s| 12400 |    89 |   321 |   0.0 |   933k |  39 |   8 |   2 |   0 | 150 |  0 |   0 |   0 | 3.164944e+01 | 3.164944e+01 |   0.00%|  99.98%
  2.0s| 12500 |   143 |   321 |   0.0 |   950k |  39 |   8 |   2 |  33 | 150 |  1 |   0 |   0 | 3.164944e+01 | 3.164944e+01 |   0.00%|  99.98%
 time | node  | left  |LP iter|LP it/n|mem/heur|mdpt |vars |cons |rows |cuts |sepa|confs|strbr|  dualbound   | primalbound  |  gap   | compl. 
d 2.0s| 12523 |   142 |   321 |   0.0 |adaptive|  39 |   8 |   2 |   0 | 150 |  0 |   0 |   0 | 3.164944e+01 | 3.164944e+01 |   0.00%|  99.98%
  2.0s| 12600 |   133 |   321 |   0.0 |   950k |  39 |   8 |   2 |   0 | 150 |  0 |   0 |   0 | 3.164944e+01 | 3.164944e+01 |   0.00%|  99.98%
  2.0s| 12700 |   141 |   321 |   0.0 |   950k |  39 |   8 |   2 |   0 | 150 |  0 |   0 |   0 | 3.164944e+01 | 3.164944e+01 |   0.00%|  99.98%
  2.0s| 12800 |   127 |   321 |   0.0 |   950k |  39 |   8 |   2 |  33 | 150 |  1 |   0 |   0 | 3.164944e+01 | 3.164944e+01 |   0.00%|  99.98%
  2.0s| 12900 |   133 |   321 |   0.0 |   950k |  39 |   8 |   2 |   0 | 150 |  0 |   0 |   0 | 3.164944e+01 | 3.164944e+01 |   0.00%|  99.98%
  2.0s| 13000 |   131 |   321 |   0.0 |   950k |  39 |   8 |   2 |   0 | 150 |  0 |   0 |   0 | 3.164944e+01 | 3.164944e+01 |   0.00%|  99.98%
  2.0s| 13100 |   127 |   321 |   0.0 |   950k |  39 |   8 |   2 |   0 | 150 |  0 |   0 |   0 | 3.164944e+01 | 3.164944e+01 |   0.00%|  99.98%
  2.0s| 13200 |   127 |   321 |   0.0 |   950k |  39 |   8 |   2 |  33 | 150 |  1 |   0 |   0 | 3.164944e+01 | 3.164944e+01 |   0.00%|  99.98%
  2.0s| 13300 |   119 |   321 |   0.0 |   950k |  39 |   8 |   2 |  33 | 150 |  1 |   0 |   0 | 3.164944e+01 | 3.164944e+01 |   0.00%|  99.98%
  2.0s| 13400 |   115 |   321 |   0.0 |   950k |  39 |   8 |   2 |  33 | 150 |  1 |   0 |   0 | 3.164944e+01 | 3.164944e+01 |   0.00%|  99.98%
  2.0s| 13500 |   103 |   321 |   0.0 |   950k |  39 |   8 |   2 |  33 | 150 |  1 |   0 |   0 | 3.164944e+01 | 3.164944e+01 |   0.00%|  99.98%
  2.0s| 13600 |    91 |   321 |   0.0 |   950k |  39 |   8 |   2 |  33 | 150 |  1 |   0 |   0 | 3.164944e+01 | 3.164944e+01 |   0.00%|  99.99%
  2.0s| 13700 |    83 |   321 |   0.0 |   950k |  39 |   8 |   2 |  33 | 150 |  1 |   0 |   0 | 3.164944e+01 | 3.164944e+01 |   0.00%|  99.99%
  2.0s| 13800 |    91 |   321 |   0.0 |   950k |  39 |   8 |   2 |  33 | 150 |  1 |   0 |   0 | 3.164944e+01 | 3.164944e+01 |   0.00%|  99.99%
L 2.0s| 13815 |    86 |   321 |   0.0 |  subnlp|  39 |   8 |   2 |  33 | 150 |  1 |   0 |   0 | 3.164944e+01 | 3.164944e+01 |   0.00%|  99.99%
 time | node  | left  |LP iter|LP it/n|mem/heur|mdpt |vars |cons |rows |cuts |sepa|confs|strbr|  dualbound   | primalbound  |  gap   | compl. 
  2.0s| 13900 |    87 |   321 |   0.0 |   950k |  39 |   8 |   2 |  33 | 150 |  1 |   0 |   0 | 3.164944e+01 | 3.164944e+01 |   0.00%|  99.99%
  2.0s| 14000 |    75 |   321 |   0.0 |   950k |  39 |   8 |   2 |  33 | 150 |  1 |   0 |   0 | 3.164944e+01 | 3.164944e+01 |   0.00%|  99.99%
  2.0s| 14100 |    91 |   321 |   0.0 |   950k |  39 |   8 |   2 |  33 | 150 |  1 |   0 |   0 | 3.164944e+01 | 3.164944e+01 |   0.00%|  99.99%
  2.0s| 14200 |    75 |   321 |   0.0 |   950k |  39 |   8 |   2 |   0 | 150 |  0 |   0 |   0 | 3.164944e+01 | 3.164944e+01 |   0.00%|  99.99%
  2.0s| 14300 |    83 |   321 |   0.0 |   950k |  39 |   8 |   2 |  33 | 150 |  1 |   0 |   0 | 3.164944e+01 | 3.164944e+01 |   0.00%|  99.99%
  2.0s| 14400 |    71 |   321 |   0.0 |   950k |  39 |   8 |   2 |  33 | 150 |  1 |   0 |   0 | 3.164944e+01 | 3.164944e+01 |   0.00%|  99.99%
  2.0s| 14500 |    79 |   321 |   0.0 |   950k |  39 |   8 |   2 |   0 | 150 |  0 |   0 |   0 | 3.164944e+01 | 3.164944e+01 |   0.00%|  99.99%
  2.0s| 14600 |    79 |   321 |   0.0 |   950k |  39 |   8 |   2 |  33 | 150 |  1 |   0 |   0 | 3.164944e+01 | 3.164944e+01 |   0.00%|  99.99%
  2.0s| 14700 |    77 |   321 |   0.0 |   950k |  39 |   8 |   2 |   0 | 150 |  0 |   0 |   0 | 3.164944e+01 | 3.164944e+01 |   0.00%|  99.99%
  2.0s| 14800 |    69 |   321 |   0.0 |   950k |  39 |   8 |   2 |   0 | 150 |  0 |   0 |   0 | 3.164944e+01 | 3.164944e+01 |   0.00%|  99.99%
  2.0s| 14900 |    69 |   321 |   0.0 |   950k |  39 |   8 |   2 |   0 | 150 |  0 |   0 |   0 | 3.164944e+01 | 3.164944e+01 |   0.00%|  99.99%
  2.0s| 15000 |    61 |   321 |   0.0 |   950k |  39 |   8 |   2 |   0 | 150 |  0 |   0 |   0 | 3.164944e+01 | 3.164944e+01 |   0.00%|  99.99%
  2.0s| 15100 |    67 |   321 |   0.0 |   950k |  39 |   8 |   2 |  33 | 150 |  1 |   0 |   0 | 3.164944e+01 | 3.164944e+01 |   0.00%|  99.99%
  2.0s| 15200 |    87 |   321 |   0.0 |   950k |  39 |   8 |   2 |   0 | 150 |  0 |   0 |   0 | 3.164944e+01 | 3.164944e+01 |   0.00%|  99.99%
  2.0s| 15300 |    83 |   321 |   0.0 |   950k |  39 |   8 |   2 |  33 | 150 |  1 |   0 |   0 | 3.164944e+01 | 3.164944e+01 |   0.00%|  99.99%
 time | node  | left  |LP iter|LP it/n|mem/heur|mdpt |vars |cons |rows |cuts |sepa|confs|strbr|  dualbound   | primalbound  |  gap   | compl. 
  2.0s| 15400 |    91 |   321 |   0.0 |   950k |  39 |   8 |   2 |  33 | 150 |  1 |   0 |   0 | 3.164944e+01 | 3.164944e+01 |   0.00%|  99.99%
  2.0s| 15500 |    83 |   321 |   0.0 |   950k |  39 |   8 |   2 |  33 | 150 |  1 |   0 |   0 | 3.164944e+01 | 3.164944e+01 |   0.00%|  99.99%
  2.0s| 15600 |    79 |   321 |   0.0 |   950k |  39 |   8 |   2 |  33 | 150 |  1 |   0 |   0 | 3.164944e+01 | 3.164944e+01 |   0.00%|  99.99%
  2.0s| 15700 |    79 |   321 |   0.0 |   950k |  39 |   8 |   2 |  33 | 150 |  1 |   0 |   0 | 3.164944e+01 | 3.164944e+01 |   0.00%|  99.99%
  2.0s| 15800 |    79 |   321 |   0.0 |   950k |  39 |   8 |   2 |   0 | 150 |  0 |   0 |   0 | 3.164944e+01 | 3.164944e+01 |   0.00%|  99.99%
  2.0s| 15900 |    67 |   321 |   0.0 |   950k |  39 |   8 |   2 |   0 | 150 |  0 |   0 |   0 | 3.164944e+01 | 3.164944e+01 |   0.00%|  99.99%
  2.0s| 16000 |    71 |   321 |   0.0 |   950k |  39 |   8 |   2 |  33 | 150 |  1 |   0 |   0 | 3.164944e+01 | 3.164944e+01 |   0.00%|  99.99%
  2.0s| 16100 |    67 |   321 |   0.0 |   950k |  39 |   8 |   2 |   0 | 150 |  0 |   0 |   0 | 3.164944e+01 | 3.164944e+01 |   0.00%|  99.99%
  2.0s| 16200 |    71 |   321 |   0.0 |   950k |  39 |   8 |   2 |   0 | 150 |  0 |   0 |   0 | 3.164944e+01 | 3.164944e+01 |   0.00%|  99.99%
  2.0s| 16300 |    65 |   321 |   0.0 |   950k |  39 |   8 |   2 |   0 | 150 |  0 |   0 |   0 | 3.164944e+01 | 3.164944e+01 |   0.00%|  99.99%
  2.0s| 16400 |    55 |   321 |   0.0 |   950k |  39 |   8 |   2 |   0 | 150 |  0 |   0 |   0 | 3.164944e+01 | 3.164944e+01 |   0.00%|  99.99%
  2.0s| 16500 |    87 |   321 |   0.0 |   950k |  39 |   8 |   2 |   0 | 150 |  0 |   0 |   0 | 3.164944e+01 | 3.164944e+01 |   0.00%|  99.99%
  2.0s| 16600 |    81 |   321 |   0.0 |   950k |  39 |   8 |   2 |   0 | 150 |  0 |   0 |   0 | 3.164944e+01 | 3.164944e+01 |   0.00%|  99.99%
  2.0s| 16700 |    81 |   321 |   0.0 |   950k |  39 |   8 |   2 |   0 | 150 |  0 |   0 |   0 | 3.164944e+01 | 3.164944e+01 |   0.00%|  99.99%
  3.0s| 16800 |    81 |   321 |   0.0 |   950k |  39 |   8 |   2 |   0 | 150 |  0 |   0 |   0 | 3.164944e+01 | 3.164944e+01 |   0.00%|  99.99%
 time | node  | left  |LP iter|LP it/n|mem/heur|mdpt |vars |cons |rows |cuts |sepa|confs|strbr|  dualbound   | primalbound  |  gap   | compl. 
  3.0s| 16900 |    83 |   321 |   0.0 |   950k |  39 |   8 |   2 |  33 | 150 |  1 |   0 |   0 | 3.164944e+01 | 3.164944e+01 |   0.00%|  99.99%
  3.0s| 17000 |    67 |   321 |   0.0 |   950k |  39 |   8 |   2 |  33 | 150 |  1 |   0 |   0 | 3.164944e+01 | 3.164944e+01 |   0.00%|  99.99%
  3.0s| 17100 |    69 |   321 |   0.0 |   950k |  39 |   8 |   2 |   0 | 150 |  0 |   0 |   0 | 3.164944e+01 | 3.164944e+01 |   0.00%|  99.99%
  3.0s| 17200 |    67 |   321 |   0.0 |   950k |  39 |   8 |   2 |  33 | 150 |  1 |   0 |   0 | 3.164944e+01 | 3.164944e+01 |   0.00%|  99.99%
  3.0s| 17300 |    71 |   321 |   0.0 |   950k |  39 |   8 |   2 |  33 | 150 |  1 |   0 |   0 | 3.164944e+01 | 3.164944e+01 |   0.00%|  99.99%
  3.0s| 17400 |    63 |   321 |   0.0 |   950k |  39 |   8 |   2 |   0 | 150 |  0 |   0 |   0 | 3.164944e+01 | 3.164944e+01 |   0.00%|  99.99%
  3.0s| 17500 |    57 |   321 |   0.0 |   950k |  39 |   8 |   2 |   0 | 150 |  0 |   0 |   0 | 3.164944e+01 | 3.164944e+01 |   0.00%|  99.99%
  3.0s| 17600 |    83 |   321 |   0.0 |   950k |  39 |   8 |   2 |  33 | 150 |  1 |   0 |   0 | 3.164944e+01 | 3.164944e+01 |   0.00%|  99.99%
  3.0s| 17700 |    77 |   321 |   0.0 |   950k |  39 |   8 |   2 |   0 | 150 |  0 |   0 |   0 | 3.164944e+01 | 3.164944e+01 |   0.00%|  99.99%
d 3.0s| 17735 |    68 |   321 |   0.0 |adaptive|  39 |   8 |   2 |   0 | 150 |  0 |   0 |   0 | 3.164944e+01 | 3.164944e+01 |   0.00%|  99.99%
  3.0s| 17800 |    71 |   321 |   0.0 |   950k |  39 |   8 |   2 |   0 | 150 |  0 |   0 |   0 | 3.164944e+01 | 3.164944e+01 |   0.00%|  99.99%
  3.0s| 17900 |    75 |   321 |   0.0 |   950k |  39 |   8 |   2 |   0 | 150 |  0 |   0 |   0 | 3.164944e+01 | 3.164944e+01 |   0.00%|  99.99%
  3.0s| 18000 |    71 |   321 |   0.0 |   950k |  39 |   8 |   2 |  33 | 150 |  1 |   0 |   0 | 3.164944e+01 | 3.164944e+01 |   0.00%|  99.99%
  3.0s| 18100 |    73 |   321 |   0.0 |   950k |  39 |   8 |   2 |   0 | 150 |  0 |   0 |   0 | 3.164944e+01 | 3.164944e+01 |   0.00%|  99.99%
  3.0s| 18200 |    65 |   321 |   0.0 |   950k |  39 |   8 |   2 |   0 | 150 |  0 |   0 |   0 | 3.164944e+01 | 3.164944e+01 |   0.00%|  99.99%
 time | node  | left  |LP iter|LP it/n|mem/heur|mdpt |vars |cons |rows |cuts |sepa|confs|strbr|  dualbound   | primalbound  |  gap   | compl. 
  3.0s| 18300 |    59 |   321 |   0.0 |   950k |  39 |   8 |   2 |  33 | 150 |  1 |   0 |   0 | 3.164944e+01 | 3.164944e+01 |   0.00%|  99.99%
  3.0s| 18400 |    51 |   321 |   0.0 |   950k |  39 |   8 |   2 |   0 | 150 |  0 |   0 |   0 | 3.164944e+01 | 3.164944e+01 |   0.00%|  99.99%
  3.0s| 18500 |    79 |   321 |   0.0 |   950k |  39 |   8 |   2 |   0 | 150 |  0 |   0 |   0 | 3.164944e+01 | 3.164944e+01 |   0.00%|  99.99%
  3.0s| 18600 |    77 |   321 |   0.0 |   950k |  39 |   8 |   2 |   0 | 150 |  0 |   0 |   0 | 3.164944e+01 | 3.164944e+01 |   0.00%|  99.99%
  3.0s| 18700 |    65 |   321 |   0.0 |   950k |  39 |   8 |   2 |   0 | 150 |  0 |   0 |   0 | 3.164944e+01 | 3.164944e+01 |   0.00%|  99.99%
  3.0s| 18800 |    75 |   321 |   0.0 |   950k |  39 |   8 |   2 |  33 | 150 |  1 |   0 |   0 | 3.164944e+01 | 3.164944e+01 |   0.00%|  99.99%
  3.0s| 18900 |    67 |   321 |   0.0 |   950k |  39 |   8 |   2 |  33 | 150 |  1 |   0 |   0 | 3.164944e+01 | 3.164944e+01 |   0.00%|  99.99%
  3.0s| 19000 |    63 |   321 |   0.0 |   950k |  39 |   8 |   2 |  33 | 150 |  1 |   0 |   0 | 3.164944e+01 | 3.164944e+01 |   0.00%|  99.99%
  3.0s| 19100 |    51 |   321 |   0.0 |   950k |  39 |   8 |   2 |   0 | 150 |  0 |   0 |   0 | 3.164944e+01 | 3.164944e+01 |   0.00%|  99.99%
  3.0s| 19200 |    73 |   321 |   0.0 |   950k |  39 |   8 |   2 |  33 | 150 |  1 |   0 |   0 | 3.164944e+01 | 3.164944e+01 |   0.00%|  99.99%
  3.0s| 19300 |    73 |   321 |   0.0 |   950k |  39 |   8 |   2 |   0 | 150 |  0 |   0 |   0 | 3.164944e+01 | 3.164944e+01 |   0.00%|  99.99%
  3.0s| 19400 |    65 |   321 |   0.0 |   950k |  39 |   8 |   2 |   0 | 150 |  0 |   0 |   0 | 3.164944e+01 | 3.164944e+01 |   0.00%|  99.99%
  3.0s| 19500 |    65 |   321 |   0.0 |   950k |  39 |   8 |   2 |  33 | 150 |  1 |   0 |   0 | 3.164944e+01 | 3.164944e+01 |   0.00%|  99.99%
  3.0s| 19600 |    57 |   321 |   0.0 |   950k |  39 |   8 |   2 |   0 | 150 |  0 |   0 |   0 | 3.164944e+01 | 3.164944e+01 |   0.00%|  99.99%
  3.0s| 19700 |    57 |   321 |   0.0 |   950k |  39 |   8 |   2 |  33 | 150 |  1 |   0 |   0 | 3.164944e+01 | 3.164944e+01 |   0.00%|  99.99%
 time | node  | left  |LP iter|LP it/n|mem/heur|mdpt |vars |cons |rows |cuts |sepa|confs|strbr|  dualbound   | primalbound  |  gap   | compl. 
  3.0s| 19800 |    63 |   321 |   0.0 |   950k |  39 |   8 |   2 |  33 | 150 |  1 |   0 |   0 | 3.164944e+01 | 3.164944e+01 |   0.00%|  99.99%
  3.0s| 19900 |    63 |   321 |   0.0 |   950k |  39 |   8 |   2 |   0 | 150 |  0 |   0 |   0 | 3.164944e+01 | 3.164944e+01 |   0.00%|  99.99%
  3.0s| 20000 |    55 |   321 |   0.0 |   950k |  39 |   8 |   2 |   0 | 150 |  0 |   0 |   0 | 3.164944e+01 | 3.164944e+01 |   0.00%|  99.99%
  3.0s| 20100 |    49 |   321 |   0.0 |   950k |  39 |   8 |   2 |   0 | 150 |  0 |   0 |   0 | 3.164944e+01 | 3.164944e+01 |   0.00%|  99.99%
  3.0s| 20200 |    63 |   321 |   0.0 |   950k |  39 |   8 |   2 |  33 | 150 |  1 |   0 |   0 | 3.164944e+01 | 3.164944e+01 |   0.00%|  99.99%
  3.0s| 20300 |    61 |   321 |   0.0 |   950k |  39 |   8 |   2 |   0 | 150 |  0 |   0 |   0 | 3.164944e+01 | 3.164944e+01 |   0.00%|  99.99%
  3.0s| 20400 |    53 |   321 |   0.0 |   950k |  39 |   8 |   2 |   0 | 150 |  0 |   0 |   0 | 3.164944e+01 | 3.164944e+01 |   0.00%|  99.99%
  3.0s| 20500 |    59 |   321 |   0.0 |   950k |  39 |   8 |   2 |  33 | 150 |  1 |   0 |   0 | 3.164944e+01 | 3.164944e+01 |   0.00%|  99.99%
  3.0s| 20600 |    53 |   321 |   0.0 |   950k |  39 |   8 |   2 |   0 | 150 |  0 |   0 |   0 | 3.164944e+01 | 3.164944e+01 |   0.00%|  99.99%
  3.0s| 20700 |    55 |   321 |   0.0 |   950k |  39 |   8 |   2 |  33 | 150 |  1 |   0 |   0 | 3.164944e+01 | 3.164944e+01 |   0.00%|  99.99%
  3.0s| 20800 |    59 |   321 |   0.0 |   950k |  39 |   8 |   2 |  33 | 150 |  1 |   0 |   0 | 3.164944e+01 | 3.164944e+01 |   0.00%|  99.99%
  3.0s| 20900 |    57 |   321 |   0.0 |   950k |  39 |   8 |   2 |   0 | 150 |  0 |   0 |   0 | 3.164944e+01 | 3.164944e+01 |   0.00%|  99.99%
  3.0s| 21000 |    51 |   321 |   0.0 |   950k |  39 |   8 |   2 |   0 | 150 |  0 |   0 |   0 | 3.164944e+01 | 3.164944e+01 |   0.00%|  99.99%
  3.0s| 21100 |    51 |   321 |   0.0 |   950k |  39 |   8 |   2 |  33 | 150 |  1 |   0 |   0 | 3.164944e+01 | 3.164944e+01 |   0.00%|  99.99%
  3.0s| 21200 |    51 |   321 |   0.0 |   950k |  39 |   8 |   2 |  33 | 150 |  1 |   0 |   0 | 3.164944e+01 | 3.164944e+01 |   0.00%|  99.99%
 time | node  | left  |LP iter|LP it/n|mem/heur|mdpt |vars |cons |rows |cuts |sepa|confs|strbr|  dualbound   | primalbound  |  gap   | compl. 
  3.0s| 21300 |    39 |   321 |   0.0 |   950k |  39 |   8 |   2 |  33 | 150 |  1 |   0 |   0 | 3.164944e+01 | 3.164944e+01 |   0.00%|  99.99%
  3.0s| 21400 |    41 |   321 |   0.0 |   950k |  39 |   8 |   2 |   0 | 150 |  0 |   0 |   0 | 3.164944e+01 | 3.164944e+01 |   0.00%|  99.99%
  3.0s| 21500 |    37 |   321 |   0.0 |   950k |  39 |   8 |   2 |   0 | 150 |  0 |   0 |   0 | 3.164944e+01 | 3.164944e+01 |   0.00%|  99.99%
  3.0s| 21600 |    43 |   321 |   0.0 |   950k |  39 |   8 |   2 |  33 | 150 |  1 |   0 |   0 | 3.164944e+01 | 3.164944e+01 |   0.00%|  99.99%
  3.0s| 21700 |    39 |   321 |   0.0 |   950k |  39 |   8 |   2 |  33 | 150 |  1 |   0 |   0 | 3.164944e+01 | 3.164944e+01 |   0.00%|  99.99%
  3.0s| 21800 |    37 |   321 |   0.0 |   950k |  45 |   8 |   2 |   0 | 150 |  0 |   0 |   0 | 3.164944e+01 | 3.164944e+01 |   0.00%|  99.99%
  3.0s| 21900 |    23 |   321 |   0.0 |   950k |  45 |   8 |   2 |  33 | 150 |  1 |   0 |   0 | 3.164944e+01 | 3.164944e+01 |   0.00%|  99.99%
  3.0s| 22000 |    25 |   322 |   0.0 |   950k |  45 |   8 |   2 |   0 | 150 |  0 |   0 |   0 | 3.164944e+01 | 3.164944e+01 |   0.00%|  99.99%
  3.0s| 22100 |    39 |   323 |   0.0 |   950k |  45 |   8 |   2 |   0 | 150 |  0 |   0 |   0 | 3.164944e+01 | 3.164944e+01 |   0.00%|  99.99%
  3.0s| 22200 |    29 |   323 |   0.0 |   950k |  45 |   8 |   2 |  33 | 150 |  1 |   0 |   0 | 3.164944e+01 | 3.164944e+01 |   0.00%|  99.99%
  3.0s| 22300 |    17 |   323 |   0.0 |   950k |  45 |   8 |   2 |   0 | 150 |  0 |   0 |   0 | 3.164944e+01 | 3.164944e+01 |   0.00%|  99.99%
  3.0s| 22400 |    27 |   323 |   0.0 |   950k |  45 |   8 |   2 |   0 | 150 |  0 |   0 |   0 | 3.164944e+01 | 3.164944e+01 |   0.00%|  99.99%
  3.0s| 22500 |    21 |   323 |   0.0 |   950k |  45 |   8 |   2 |  33 | 150 |  1 |   0 |   0 | 3.164944e+01 | 3.164944e+01 |   0.00%|  99.99%
  3.0s| 22600 |    59 |   323 |   0.0 |   950k |  45 |   8 |   2 |   0 | 150 |  0 |   0 |   0 | 3.164944e+01 | 3.164944e+01 |   0.00%|  99.99%
  3.0s| 22700 |    57 |   323 |   0.0 |   950k |  45 |   8 |   2 |  33 | 150 |  1 |   0 |   0 | 3.164944e+01 | 3.164944e+01 |   0.00%|  99.99%
 time | node  | left  |LP iter|LP it/n|mem/heur|mdpt |vars |cons |rows |cuts |sepa|confs|strbr|  dualbound   | primalbound  |  gap   | compl. 
  3.0s| 22800 |    41 |   323 |   0.0 |   950k |  45 |   8 |   2 |   0 | 150 |  0 |   0 |   0 | 3.164944e+01 | 3.164944e+01 |   0.00%|  99.99%
  3.0s| 22900 |    51 |   323 |   0.0 |   950k |  45 |   8 |   2 |   0 | 150 |  0 |   0 |   0 | 3.164944e+01 | 3.164944e+01 |   0.00%|  99.99%
  3.0s| 23000 |    45 |   323 |   0.0 |   950k |  45 |   8 |   2 |  33 | 150 |  1 |   0 |   0 | 3.164944e+01 | 3.164944e+01 |   0.00%|  99.99%
  3.0s| 23100 |    41 |   323 |   0.0 |   950k |  45 |   8 |   2 |   0 | 150 |  0 |   0 |   0 | 3.164944e+01 | 3.164944e+01 |   0.00%|  99.99%
  3.0s| 23200 |    37 |   323 |   0.0 |   950k |  45 |   8 |   2 |  33 | 150 |  1 |   0 |   0 | 3.164944e+01 | 3.164944e+01 |   0.00%|  99.99%
  3.0s| 23300 |    45 |   323 |   0.0 |   950k |  45 |   8 |   2 |   0 | 150 |  0 |   0 |   0 | 3.164944e+01 | 3.164944e+01 |   0.00%|  99.99%
  3.0s| 23400 |    45 |   323 |   0.0 |   950k |  45 |   8 |   2 |   0 | 150 |  0 |   0 |   0 | 3.164944e+01 | 3.164944e+01 |   0.00%|  99.99%
  3.0s| 23500 |    41 |   323 |   0.0 |   950k |  45 |   8 |   2 |   0 | 150 |  0 |   0 |   0 | 3.164944e+01 | 3.164944e+01 |   0.00%|  99.99%
  3.0s| 23600 |    37 |   323 |   0.0 |   950k |  45 |   8 |   2 |   0 | 150 |  0 |   0 |   0 | 3.164944e+01 | 3.164944e+01 |   0.00%|  99.99%
  3.0s| 23700 |    35 |   323 |   0.0 |   950k |  45 |   8 |   2 |   0 | 150 |  0 |   0 |   0 | 3.164944e+01 | 3.164944e+01 |   0.00%|  99.99%
  3.0s| 23800 |    23 |   323 |   0.0 |   950k |  45 |   8 |   2 |   0 | 150 |  0 |   0 |   0 | 3.164944e+01 | 3.164944e+01 |   0.00%|  99.99%
  3.0s| 23900 |    21 |   323 |   0.0 |   950k |  45 |   8 |   2 |  33 | 150 |  1 |   0 |   0 | 3.164944e+01 | 3.164944e+01 |   0.00%|  99.99%
  3.0s| 24000 |    47 |   323 |   0.0 |   950k |  45 |   8 |   2 |   0 | 150 |  0 |   0 |   0 | 3.164944e+01 | 3.164944e+01 |   0.00%|  99.99%
  3.0s| 24100 |    67 |   323 |   0.0 |   950k |  45 |   8 |   2 |  33 | 150 |  1 |   0 |   0 | 3.164944e+01 | 3.164944e+01 |   0.00%|  99.99%
  3.0s| 24200 |    75 |   323 |   0.0 |   950k |  45 |   8 |   2 |  33 | 150 |  1 |   0 |   0 | 3.164944e+01 | 3.164944e+01 |   0.00%|  99.99%
 time | node  | left  |LP iter|LP it/n|mem/heur|mdpt |vars |cons |rows |cuts |sepa|confs|strbr|  dualbound   | primalbound  |  gap   | compl. 
  4.0s| 24300 |    63 |   323 |   0.0 |   950k |  45 |   8 |   2 |   0 | 150 |  0 |   0 |   0 | 3.164944e+01 | 3.164944e+01 |   0.00%|  99.99%
  4.0s| 24400 |    65 |   323 |   0.0 |   950k |  45 |   8 |   2 |   0 | 150 |  0 |   0 |   0 | 3.164944e+01 | 3.164944e+01 |   0.00%|  99.99%
  4.0s| 24500 |    69 |   323 |   0.0 |   950k |  45 |   8 |   2 |   0 | 150 |  0 |   0 |   0 | 3.164944e+01 | 3.164944e+01 |   0.00%|  99.99%
  4.0s| 24600 |    65 |   323 |   0.0 |   950k |  45 |   8 |   2 |   0 | 150 |  0 |   0 |   0 | 3.164944e+01 | 3.164944e+01 |   0.00%|  99.99%
  4.0s| 24700 |    63 |   323 |   0.0 |   950k |  45 |   8 |   2 |  33 | 150 |  1 |   0 |   0 | 3.164944e+01 | 3.164944e+01 |   0.00%|  99.99%
  4.0s| 24800 |    53 |   323 |   0.0 |   950k |  45 |   8 |   2 |   0 | 150 |  0 |   0 |   0 | 3.164944e+01 | 3.164944e+01 |   0.00%|  99.99%
  4.0s| 24900 |    51 |   323 |   0.0 |   950k |  45 |   8 |   2 |   0 | 150 |  0 |   0 |   0 | 3.164944e+01 | 3.164944e+01 |   0.00%|  99.99%
  4.0s| 25000 |    39 |   323 |   0.0 |   950k |  45 |   8 |   2 |   0 | 150 |  0 |   0 |   0 | 3.164944e+01 | 3.164944e+01 |   0.00%|  99.99%
  4.0s| 25100 |    71 |   323 |   0.0 |   950k |  45 |   8 |   2 |  33 | 150 |  1 |   0 |   0 | 3.164944e+01 | 3.164944e+01 |   0.00%|  99.99%
  4.0s| 25200 |    57 |   323 |   0.0 |   950k |  45 |   8 |   2 |  33 | 150 |  1 |   0 |   0 | 3.164944e+01 | 3.164944e+01 |   0.00%|  99.99%
  4.0s| 25300 |    65 |   323 |   0.0 |   950k |  45 |   8 |   2 |   0 | 150 |  0 |   0 |   0 | 3.164944e+01 | 3.164944e+01 |   0.00%|  99.99%
  4.0s| 25400 |    61 |   323 |   0.0 |   950k |  45 |   8 |   2 |  33 | 150 |  1 |   0 |   0 | 3.164944e+01 | 3.164944e+01 |   0.00%|  99.99%
  4.0s| 25500 |    61 |   323 |   0.0 |   950k |  45 |   8 |   2 |   0 | 150 |  0 |   0 |   0 | 3.164944e+01 | 3.164944e+01 |   0.00%|  99.99%
  4.0s| 25600 |    57 |   323 |   0.0 |   950k |  45 |   8 |   2 |   0 | 150 |  0 |   0 |   0 | 3.164944e+01 | 3.164944e+01 |   0.00%|  99.99%
  4.0s| 25700 |    55 |   323 |   0.0 |   950k |  45 |   8 |   2 |   0 | 150 |  0 |   0 |   0 | 3.164944e+01 | 3.164944e+01 |   0.00%|  99.99%
 time | node  | left  |LP iter|LP it/n|mem/heur|mdpt |vars |cons |rows |cuts |sepa|confs|strbr|  dualbound   | primalbound  |  gap   | compl. 
  4.0s| 25800 |    49 |   323 |   0.0 |   950k |  45 |   8 |   2 |   0 | 150 |  0 |   0 |   0 | 3.164944e+01 | 3.164944e+01 |   0.00%|  99.99%
  4.0s| 25900 |    41 |   323 |   0.0 |   950k |  45 |   8 |   2 |  33 | 150 |  1 |   0 |   0 | 3.164944e+01 | 3.164944e+01 |   0.00%|  99.99%
  4.0s| 26000 |    61 |   323 |   0.0 |   950k |  45 |   8 |   2 |   0 | 150 |  0 |   0 |   0 | 3.164944e+01 | 3.164944e+01 |   0.00%|  99.99%
  4.0s| 26100 |    65 |   323 |   0.0 |   950k |  45 |   8 |   2 |   0 | 150 |  0 |   0 |   0 | 3.164944e+01 | 3.164944e+01 |   0.00%|  99.99%
  4.0s| 26200 |    61 |   323 |   0.0 |   950k |  45 |   8 |   2 |   0 | 150 |  0 |   0 |   0 | 3.164944e+01 | 3.164944e+01 |   0.00%|  99.99%
  4.0s| 26300 |    57 |   323 |   0.0 |   950k |  45 |   8 |   2 |   0 | 150 |  0 |   0 |   0 | 3.164944e+01 | 3.164944e+01 |   0.00%|  99.99%
  4.0s| 26400 |    53 |   323 |   0.0 |   950k |  45 |   8 |   2 |  33 | 150 |  1 |   0 |   0 | 3.164944e+01 | 3.164944e+01 |   0.00%|  99.99%
  4.0s| 26500 |    49 |   323 |   0.0 |   950k |  45 |   8 |   2 |   0 | 150 |  0 |   0 |   0 | 3.164944e+01 | 3.164944e+01 |   0.00%|  99.99%
  4.0s| 26600 |    41 |   323 |   0.0 |   950k |  45 |   8 |   2 |  33 | 150 |  1 |   0 |   0 | 3.164944e+01 | 3.164944e+01 |   0.00%|  99.99%
  4.0s| 26700 |    57 |   323 |   0.0 |   950k |  45 |   8 |   2 |  33 | 150 |  1 |   0 |   0 | 3.164944e+01 | 3.164944e+01 |   0.00%|  99.99%
  4.0s| 26800 |    53 |   323 |   0.0 |   950k |  45 |   8 |   2 |   0 | 150 |  0 |   0 |   0 | 3.164944e+01 | 3.164944e+01 |   0.00%|  99.99%
  4.0s| 26900 |    57 |   323 |   0.0 |   950k |  45 |   8 |   2 |  33 | 150 |  1 |   0 |   0 | 3.164944e+01 | 3.164944e+01 |   0.00%|  99.99%
  4.0s| 27000 |    53 |   323 |   0.0 |   950k |  45 |   8 |   2 |  33 | 150 |  1 |   0 |   0 | 3.164944e+01 | 3.164944e+01 |   0.00%|  99.99%
  4.0s| 27100 |    45 |   323 |   0.0 |   950k |  45 |   8 |   2 |  33 | 150 |  1 |   0 |   0 | 3.164944e+01 | 3.164944e+01 |   0.00%|  99.99%
  4.0s| 27200 |    61 |   323 |   0.0 |   950k |  45 |   8 |   2 |  33 | 150 |  1 |   0 |   0 | 3.164944e+01 | 3.164944e+01 |   0.00%|  99.99%
 time | node  | left  |LP iter|LP it/n|mem/heur|mdpt |vars |cons |rows |cuts |sepa|confs|strbr|  dualbound   | primalbound  |  gap   | compl. 
  4.0s| 27300 |    53 |   323 |   0.0 |   950k |  45 |   8 |   2 |   0 | 150 |  0 |   0 |   0 | 3.164944e+01 | 3.164944e+01 |   0.00%|  99.99%
  4.0s| 27400 |    53 |   323 |   0.0 |   950k |  45 |   8 |   2 |   0 | 150 |  0 |   0 |   0 | 3.164944e+01 | 3.164944e+01 |   0.00%|  99.99%
  4.0s| 27500 |    49 |   323 |   0.0 |   950k |  45 |   8 |   2 |  33 | 150 |  1 |   0 |   0 | 3.164944e+01 | 3.164944e+01 |   0.00%|  99.99%
  4.0s| 27600 |    33 |   323 |   0.0 |   950k |  45 |   8 |   2 |  33 | 150 |  1 |   0 |   0 | 3.164944e+01 | 3.164944e+01 |   0.00%|  99.99%
  4.0s| 27700 |    53 |   323 |   0.0 |   950k |  45 |   8 |   2 |   0 | 150 |  0 |   0 |   0 | 3.164944e+01 | 3.164944e+01 |   0.00%|  99.99%
  4.0s| 27800 |    49 |   323 |   0.0 |   950k |  45 |   8 |   2 |   0 | 150 |  0 |   0 |   0 | 3.164944e+01 | 3.164944e+01 |   0.00%|  99.99%
  4.0s| 27900 |    41 |   323 |   0.0 |   950k |  45 |   8 |   2 |  33 | 150 |  1 |   0 |   0 | 3.164944e+01 | 3.164944e+01 |   0.00%|  99.99%
  4.0s| 28000 |    49 |   323 |   0.0 |   950k |  45 |   8 |   2 |   0 | 150 |  0 |   0 |   0 | 3.164944e+01 | 3.164944e+01 |   0.00%|  99.99%
  4.0s| 28100 |    41 |   323 |   0.0 |   950k |  45 |   8 |   2 |   0 | 150 |  0 |   0 |   0 | 3.164944e+01 | 3.164944e+01 |   0.00%|  99.99%
  4.0s| 28200 |    37 |   323 |   0.0 |   950k |  45 |   8 |   2 |  33 | 150 |  1 |   0 |   0 | 3.164944e+01 | 3.164944e+01 |   0.00%|  99.99%
  4.0s| 28300 |    45 |   323 |   0.0 |   950k |  45 |   8 |   2 |  33 | 150 |  1 |   0 |   0 | 3.164944e+01 | 3.164944e+01 |   0.00%|  99.99%
  4.0s| 28400 |    39 |   323 |   0.0 |   950k |  45 |   8 |   2 |   0 | 150 |  0 |   0 |   0 | 3.164944e+01 | 3.164944e+01 |   0.00%|  99.99%
  4.0s| 28500 |    41 |   323 |   0.0 |   950k |  45 |   8 |   2 |  33 | 150 |  1 |   0 |   0 | 3.164944e+01 | 3.164944e+01 |   0.00%|  99.99%
  4.0s| 28600 |    33 |   323 |   0.0 |   950k |  45 |   8 |   2 |   0 | 150 |  0 |   0 |   0 | 3.164944e+01 | 3.164944e+01 |   0.00%|  99.99%
  4.0s| 28700 |    37 |   323 |   0.0 |   950k |  45 |   8 |   2 |  33 | 150 |  1 |   0 |   0 | 3.164944e+01 | 3.164944e+01 |   0.00%|  99.99%
 time | node  | left  |LP iter|LP it/n|mem/heur|mdpt |vars |cons |rows |cuts |sepa|confs|strbr|  dualbound   | primalbound  |  gap   | compl. 
  4.0s| 28800 |    39 |   323 |   0.0 |   950k |  45 |   8 |   2 |   0 | 150 |  0 |   0 |   0 | 3.164944e+01 | 3.164944e+01 |   0.00%|  99.99%
  4.0s| 28900 |    35 |   323 |   0.0 |   950k |  45 |   8 |   2 |   0 | 150 |  0 |   0 |   0 | 3.164944e+01 | 3.164944e+01 |   0.00%|  99.99%
  4.0s| 29000 |    33 |   323 |   0.0 |   950k |  45 |   8 |   2 |   0 | 150 |  0 |   0 |   0 | 3.164944e+01 | 3.164944e+01 |   0.00%|  99.99%
  4.0s| 29100 |    23 |   323 |   0.0 |   950k |  45 |   8 |   2 |   0 | 150 |  0 |   0 |   0 | 3.164944e+01 | 3.164944e+01 |   0.00%|  99.99%
  4.0s| 29200 |    21 |   323 |   0.0 |   950k |  45 |   8 |   2 |  33 | 150 |  1 |   0 |   0 | 3.164944e+01 | 3.164944e+01 |   0.00%|  99.99%
  4.0s| 29300 |     9 |   323 |   0.0 |   950k |  45 |   8 |   2 |  33 | 150 |  1 |   0 |   0 | 3.164944e+01 | 3.164944e+01 |   0.00%|  99.99%
  4.0s| 29400 |    85 |   326 |   0.0 |   950k |  45 |   8 |   2 |  33 | 150 |  1 |   0 |   0 | 3.164944e+01 | 3.164944e+01 |   0.00%|  99.99%
  4.0s| 29500 |   133 |   326 |   0.0 |   950k |  45 |   8 |   2 |   0 | 150 |  0 |   0 |   0 | 3.164944e+01 | 3.164944e+01 |   0.00%|  99.99%
  4.0s| 29600 |   157 |   326 |   0.0 |   950k |  45 |   8 |   2 |   0 | 150 |  0 |   0 |   0 | 3.164944e+01 | 3.164944e+01 |   0.00%|  99.99%
  4.0s| 29700 |   153 |   326 |   0.0 |   982k |  45 |   8 |   2 |   0 | 150 |  0 |   0 |   0 | 3.164944e+01 | 3.164944e+01 |   0.00%|  99.99%
  4.0s| 29800 |   153 |   326 |   0.0 |   982k |  45 |   8 |   2 |  33 | 150 |  1 |   0 |   0 | 3.164944e+01 | 3.164944e+01 |   0.00%| 100.00%
  4.0s| 29900 |   145 |   327 |   0.0 |   982k |  45 |   8 |   2 |  33 | 150 |  1 |   0 |   0 | 3.164944e+01 | 3.164944e+01 |   0.00%| 100.00%
  4.0s| 30000 |   119 |   327 |   0.0 |   982k |  45 |   8 |   2 |   0 | 150 |  0 |   0 |   0 | 3.164944e+01 | 3.164944e+01 |   0.00%| 100.00%
  4.0s| 30100 |    95 |   327 |   0.0 |   982k |  45 |   8 |   2 |   0 | 150 |  0 |   0 |   0 | 3.164944e+01 | 3.164944e+01 |   0.00%| 100.00%
  4.0s| 30200 |    67 |   327 |   0.0 |   982k |  45 |   8 |   2 |   0 | 150 |  0 |   0 |   0 | 3.164944e+01 | 3.164944e+01 |   0.00%| 100.00%
 time | node  | left  |LP iter|LP it/n|mem/heur|mdpt |vars |cons |rows |cuts |sepa|confs|strbr|  dualbound   | primalbound  |  gap   | compl. 
  4.0s| 30300 |    47 |   327 |   0.0 |   982k |  45 |   8 |   2 |   0 | 150 |  0 |   0 |   0 | 3.164944e+01 | 3.164944e+01 |   0.00%| 100.00%
  4.0s| 30400 |    65 |   327 |   0.0 |   982k |  45 |   8 |   2 |  33 | 150 |  1 |   0 |   0 | 3.164944e+01 | 3.164944e+01 |   0.00%| 100.00%
  4.0s| 30500 |    53 |   327 |   0.0 |   982k |  45 |   8 |   2 |   0 | 150 |  0 |   0 |   0 | 3.164944e+01 | 3.164944e+01 |   0.00%| 100.00%
  4.0s| 30600 |    53 |   327 |   0.0 |   982k |  45 |   8 |   2 |   0 | 150 |  0 |   0 |   0 | 3.164944e+01 | 3.164944e+01 |   0.00%| 100.00%
  4.0s| 30700 |    41 |   327 |   0.0 |   982k |  45 |   8 |   2 |   0 | 150 |  0 |   0 |   0 | 3.164944e+01 | 3.164944e+01 |   0.00%| 100.00%
  4.0s| 30800 |    49 |   327 |   0.0 |   982k |  45 |   8 |   2 |   0 | 150 |  0 |   0 |   0 | 3.164944e+01 | 3.164944e+01 |   0.00%| 100.00%
  4.0s| 30900 |    53 |   327 |   0.0 |   982k |  45 |   8 |   2 |  33 | 150 |  1 |   0 |   0 | 3.164944e+01 | 3.164944e+01 |   0.00%| 100.00%
  4.0s| 31000 |    37 |   327 |   0.0 |   982k |  45 |   8 |   2 |   0 | 150 |  0 |   0 |   0 | 3.164944e+01 | 3.164944e+01 |   0.00%| 100.00%
  4.0s| 31100 |    49 |   327 |   0.0 |   982k |  45 |   8 |   2 |   0 | 150 |  0 |   0 |   0 | 3.164944e+01 | 3.164944e+01 |   0.00%| 100.00%
  4.0s| 31200 |    43 |   327 |   0.0 |   982k |  45 |   8 |   2 |   0 | 150 |  0 |   0 |   0 | 3.164944e+01 | 3.164944e+01 |   0.00%| 100.00%
  4.0s| 31300 |    45 |   327 |   0.0 |   982k |  45 |   8 |   2 |  33 | 150 |  1 |   0 |   0 | 3.164944e+01 | 3.164944e+01 |   0.00%| 100.00%
  4.0s| 31400 |    41 |   327 |   0.0 |   982k |  45 |   8 |   2 |  33 | 150 |  1 |   0 |   0 | 3.164944e+01 | 3.164944e+01 |   0.00%| 100.00%
  4.0s| 31500 |    45 |   327 |   0.0 |   982k |  45 |   8 |   2 |  33 | 150 |  1 |   0 |   0 | 3.164944e+01 | 3.164944e+01 |   0.00%| 100.00%
  4.0s| 31600 |    49 |   327 |   0.0 |   982k |  45 |   8 |   2 |  33 | 150 |  1 |   0 |   0 | 3.164944e+01 | 3.164944e+01 |   0.00%| 100.00%
  4.0s| 31700 |    31 |   327 |   0.0 |   982k |  45 |   8 |   2 |   0 | 150 |  0 |   0 |   0 | 3.164944e+01 | 3.164944e+01 |   0.00%| 100.00%
 time | node  | left  |LP iter|LP it/n|mem/heur|mdpt |vars |cons |rows |cuts |sepa|confs|strbr|  dualbound   | primalbound  |  gap   | compl. 
  4.0s| 31800 |    29 |   327 |   0.0 |   982k |  45 |   8 |   2 |   0 | 150 |  0 |   0 |   0 | 3.164944e+01 | 3.164944e+01 |   0.00%| 100.00%
  4.0s| 31900 |    37 |   327 |   0.0 |   982k |  45 |   8 |   2 |   0 | 150 |  0 |   0 |   0 | 3.164944e+01 | 3.164944e+01 |   0.00%| 100.00%
  4.0s| 32000 |    33 |   327 |   0.0 |   982k |  45 |   8 |   2 |  33 | 150 |  1 |   0 |   0 | 3.164944e+01 | 3.164944e+01 |   0.00%| 100.00%
  4.0s| 32100 |    27 |   327 |   0.0 |   982k |  45 |   8 |   2 |   0 | 150 |  0 |   0 |   0 | 3.164944e+01 | 3.164944e+01 |   0.00%| 100.00%
  4.0s| 32200 |    17 |   327 |   0.0 |   982k |  45 |   8 |   2 |  33 | 150 |  1 |   0 |   0 | 3.164944e+01 | 3.164944e+01 |   0.00%| 100.00%
  5.0s| 32300 |    63 |   327 |   0.0 |   982k |  45 |   8 |   2 |   0 | 150 |  0 |   0 |   0 | 3.164944e+01 | 3.164944e+01 |   0.00%| 100.00%
  5.0s| 32400 |    55 |   327 |   0.0 |   982k |  45 |   8 |   2 |   0 | 150 |  0 |   0 |   0 | 3.164944e+01 | 3.164944e+01 |   0.00%| 100.00%
  5.0s| 32500 |    53 |   327 |   0.0 |   982k |  45 |   8 |   2 |  33 | 150 |  1 |   0 |   0 | 3.164944e+01 | 3.164944e+01 |   0.00%| 100.00%
  5.0s| 32600 |    49 |   327 |   0.0 |   982k |  45 |   8 |   2 |   0 | 150 |  0 |   0 |   0 | 3.164944e+01 | 3.164944e+01 |   0.00%| 100.00%
  5.0s| 32700 |    61 |   327 |   0.0 |   982k |  45 |   8 |   2 |  33 | 150 |  1 |   0 |   0 | 3.164944e+01 | 3.164944e+01 |   0.00%| 100.00%
  5.0s| 32800 |    57 |   327 |   0.0 |   982k |  45 |   8 |   2 |  33 | 150 |  1 |   0 |   0 | 3.164944e+01 | 3.164944e+01 |   0.00%| 100.00%
  5.0s| 32900 |    57 |   327 |   0.0 |   982k |  45 |   8 |   2 |  33 | 150 |  1 |   0 |   0 | 3.164944e+01 | 3.164944e+01 |   0.00%| 100.00%
  5.0s| 33000 |    45 |   327 |   0.0 |   982k |  45 |   8 |   2 |  33 | 150 |  1 |   0 |   0 | 3.164944e+01 | 3.164944e+01 |   0.00%| 100.00%
  5.0s| 33100 |    53 |   327 |   0.0 |   982k |  45 |   8 |   2 |  33 | 150 |  1 |   0 |   0 | 3.164944e+01 | 3.164944e+01 |   0.00%| 100.00%
  5.0s| 33200 |    51 |   327 |   0.0 |   982k |  45 |   8 |   2 |   0 | 150 |  0 |   0 |   0 | 3.164944e+01 | 3.164944e+01 |   0.00%| 100.00%
 time | node  | left  |LP iter|LP it/n|mem/heur|mdpt |vars |cons |rows |cuts |sepa|confs|strbr|  dualbound   | primalbound  |  gap   | compl. 
  5.0s| 33300 |    41 |   327 |   0.0 |   982k |  45 |   8 |   2 |  33 | 150 |  1 |   0 |   0 | 3.164944e+01 | 3.164944e+01 |   0.00%| 100.00%
  5.0s| 33400 |    53 |   327 |   0.0 |   982k |  45 |   8 |   2 |  33 | 150 |  1 |   0 |   0 | 3.164944e+01 | 3.164944e+01 |   0.00%| 100.00%
  5.0s| 33500 |    45 |   327 |   0.0 |   982k |  45 |   8 |   2 |   0 | 150 |  0 |   0 |   0 | 3.164944e+01 | 3.164944e+01 |   0.00%| 100.00%
  5.0s| 33600 |    47 |   327 |   0.0 |   982k |  45 |   8 |   2 |   0 | 150 |  0 |   0 |   0 | 3.164944e+01 | 3.164944e+01 |   0.00%| 100.00%
  5.0s| 33700 |    41 |   327 |   0.0 |   982k |  45 |   8 |   2 |  33 | 150 |  1 |   0 |   0 | 3.164944e+01 | 3.164944e+01 |   0.00%| 100.00%
  5.0s| 33800 |    41 |   327 |   0.0 |   982k |  45 |   8 |   2 |  33 | 150 |  1 |   0 |   0 | 3.164944e+01 | 3.164944e+01 |   0.00%| 100.00%
  5.0s| 33900 |    45 |   327 |   0.0 |   982k |  45 |   8 |   2 |  33 | 150 |  1 |   0 |   0 | 3.164944e+01 | 3.164944e+01 |   0.00%| 100.00%
  5.0s| 34000 |    33 |   327 |   0.0 |   982k |  45 |   8 |   2 |   0 | 150 |  0 |   0 |   0 | 3.164944e+01 | 3.164944e+01 |   0.00%| 100.00%
  5.0s| 34100 |    33 |   327 |   0.0 |   982k |  45 |   8 |   2 |  33 | 150 |  1 |   0 |   0 | 3.164944e+01 | 3.164944e+01 |   0.00%| 100.00%
  5.0s| 34200 |    37 |   327 |   0.0 |   982k |  45 |   8 |   2 |   0 | 150 |  0 |   0 |   0 | 3.164944e+01 | 3.164944e+01 |   0.00%| 100.00%
  5.0s| 34300 |    27 |   327 |   0.0 |   982k |  45 |   8 |   2 |   0 | 150 |  0 |   0 |   0 | 3.164944e+01 | 3.164944e+01 |   0.00%| 100.00%
  5.0s| 34400 |    25 |   327 |   0.0 |   982k |  45 |   8 |   2 |  33 | 150 |  1 |   0 |   0 | 3.164944e+01 | 3.164944e+01 |   0.00%| 100.00%
  5.0s| 34500 |    13 |   327 |   0.0 |   982k |  45 |   8 |   2 |  33 | 150 |  1 |   0 |   0 | 3.164944e+01 | 3.164944e+01 |   0.00%| 100.00%
  5.0s| 34600 |    57 |   327 |   0.0 |   982k |  45 |   8 |   2 |   0 | 150 |  0 |   0 |   0 | 3.164944e+01 | 3.164944e+01 |   0.00%| 100.00%
  5.0s| 34700 |    57 |   327 |   0.0 |   982k |  45 |   8 |   2 |  33 | 150 |  1 |   0 |   0 | 3.164944e+01 | 3.164944e+01 |   0.00%| 100.00%
 time | node  | left  |LP iter|LP it/n|mem/heur|mdpt |vars |cons |rows |cuts |sepa|confs|strbr|  dualbound   | primalbound  |  gap   | compl. 
  5.0s| 34800 |    49 |   327 |   0.0 |   982k |  45 |   8 |   2 |  33 | 150 |  1 |   0 |   0 | 3.164944e+01 | 3.164944e+01 |   0.00%| 100.00%
  5.0s| 34900 |    49 |   327 |   0.0 |   982k |  45 |   8 |   2 |  33 | 150 |  1 |   0 |   0 | 3.164944e+01 | 3.164944e+01 |   0.00%| 100.00%
  5.0s| 35000 |    51 |   327 |   0.0 |   982k |  45 |   8 |   2 |   0 | 150 |  0 |   0 |   0 | 3.164944e+01 | 3.164944e+01 |   0.00%| 100.00%
  5.0s| 35100 |    49 |   327 |   0.0 |   982k |  45 |   8 |   2 |  33 | 150 |  1 |   0 |   0 | 3.164944e+01 | 3.164944e+01 |   0.00%| 100.00%
  5.0s| 35200 |    57 |   327 |   0.0 |   982k |  45 |   8 |   2 |  33 | 150 |  1 |   0 |   0 | 3.164944e+01 | 3.164944e+01 |   0.00%| 100.00%
  5.0s| 35300 |    53 |   327 |   0.0 |   982k |  45 |   8 |   2 |  33 | 150 |  1 |   0 |   0 | 3.164944e+01 | 3.164944e+01 |   0.00%| 100.00%
  5.0s| 35400 |    35 |   327 |   0.0 |   982k |  45 |   8 |   2 |   0 | 150 |  0 |   0 |   0 | 3.164944e+01 | 3.164944e+01 |   0.00%| 100.00%
  5.0s| 35500 |    47 |   327 |   0.0 |   982k |  45 |   8 |   2 |   0 | 150 |  0 |   0 |   0 | 3.164944e+01 | 3.164944e+01 |   0.00%| 100.00%
  5.0s| 35600 |    41 |   327 |   0.0 |   982k |  45 |   8 |   2 |  33 | 150 |  1 |   0 |   0 | 3.164944e+01 | 3.164944e+01 |   0.00%| 100.00%
  5.0s| 35700 |    41 |   327 |   0.0 |   982k |  45 |   8 |   2 |   0 | 150 |  0 |   0 |   0 | 3.164944e+01 | 3.164944e+01 |   0.00%| 100.00%
  5.0s| 35800 |    37 |   327 |   0.0 |   982k |  45 |   8 |   2 |  33 | 150 |  1 |   0 |   0 | 3.164944e+01 | 3.164944e+01 |   0.00%| 100.00%
  5.0s| 35900 |    45 |   327 |   0.0 |   982k |  45 |   8 |   2 |  33 | 150 |  1 |   0 |   0 | 3.164944e+01 | 3.164944e+01 |   0.00%| 100.00%
  5.0s| 36000 |    39 |   327 |   0.0 |   982k |  45 |   8 |   2 |   0 | 150 |  0 |   0 |   0 | 3.164944e+01 | 3.164944e+01 |   0.00%| 100.00%
  5.0s| 36100 |    29 |   327 |   0.0 |   982k |  45 |   8 |   2 |   0 | 150 |  0 |   0 |   0 | 3.164944e+01 | 3.164944e+01 |   0.00%| 100.00%
  5.0s| 36200 |    29 |   327 |   0.0 |   982k |  45 |   8 |   2 |  33 | 150 |  1 |   0 |   0 | 3.164944e+01 | 3.164944e+01 |   0.00%| 100.00%
 time | node  | left  |LP iter|LP it/n|mem/heur|mdpt |vars |cons |rows |cuts |sepa|confs|strbr|  dualbound   | primalbound  |  gap   | compl. 
  5.0s| 36300 |    25 |   327 |   0.0 |   982k |  45 |   8 |   2 |  33 | 150 |  1 |   0 |   0 | 3.164944e+01 | 3.164944e+01 |   0.00%| 100.00%
  5.0s| 36400 |    53 |   327 |   0.0 |   982k |  45 |   8 |   2 |  33 | 150 |  1 |   0 |   0 | 3.164944e+01 | 3.164944e+01 |   0.00%| 100.00%
  5.0s| 36500 |    49 |   327 |   0.0 |   982k |  45 |   8 |   2 |   0 | 150 |  0 |   0 |   0 | 3.164944e+01 | 3.164944e+01 |   0.00%| 100.00%
  5.0s| 36600 |    47 |   327 |   0.0 |   982k |  45 |   8 |   2 |   0 | 150 |  0 |   0 |   0 | 3.164944e+01 | 3.164944e+01 |   0.00%| 100.00%
  5.0s| 36700 |    57 |   327 |   0.0 |   982k |  45 |   8 |   2 |  33 | 150 |  1 |   0 |   0 | 3.164944e+01 | 3.164944e+01 |   0.00%| 100.00%
  5.0s| 36800 |    51 |   327 |   0.0 |   982k |  45 |   8 |   2 |   0 | 150 |  0 |   0 |   0 | 3.164944e+01 | 3.164944e+01 |   0.00%| 100.00%
  5.0s| 36900 |    33 |   327 |   0.0 |   982k |  45 |   8 |   2 |   0 | 150 |  0 |   0 |   0 | 3.164944e+01 | 3.164944e+01 |   0.00%| 100.00%
  5.0s| 37000 |    45 |   327 |   0.0 |   982k |  45 |   8 |   2 |   0 | 150 |  0 |   0 |   0 | 3.164944e+01 | 3.164944e+01 |   0.00%| 100.00%
  5.0s| 37100 |    45 |   327 |   0.0 |   982k |  45 |   8 |   2 |  33 | 150 |  1 |   0 |   0 | 3.164944e+01 | 3.164944e+01 |   0.00%| 100.00%
  5.0s| 37200 |    41 |   327 |   0.0 |   982k |  45 |   8 |   2 |  33 | 150 |  1 |   0 |   0 | 3.164944e+01 | 3.164944e+01 |   0.00%| 100.00%
  5.0s| 37300 |    41 |   327 |   0.0 |   982k |  45 |   8 |   2 |  33 | 150 |  1 |   0 |   0 | 3.164944e+01 | 3.164944e+01 |   0.00%| 100.00%
  5.0s| 37400 |    43 |   327 |   0.0 |   982k |  45 |   8 |   2 |   0 | 150 |  0 |   0 |   0 | 3.164944e+01 | 3.164944e+01 |   0.00%| 100.00%
  5.0s| 37500 |    41 |   327 |   0.0 |   982k |  45 |   8 |   2 |  33 | 150 |  1 |   0 |   0 | 3.164944e+01 | 3.164944e+01 |   0.00%| 100.00%
  5.0s| 37600 |    29 |   327 |   0.0 |   982k |  45 |   8 |   2 |  33 | 150 |  1 |   0 |   0 | 3.164944e+01 | 3.164944e+01 |   0.00%| 100.00%
  5.0s| 37700 |    33 |   327 |   0.0 |   982k |  45 |   8 |   2 |  33 | 150 |  1 |   0 |   0 | 3.164944e+01 | 3.164944e+01 |   0.00%| 100.00%
 time | node  | left  |LP iter|LP it/n|mem/heur|mdpt |vars |cons |rows |cuts |sepa|confs|strbr|  dualbound   | primalbound  |  gap   | compl. 
  5.0s| 37800 |    19 |   327 |   0.0 |   982k |  45 |   8 |   2 |   0 | 150 |  0 |   0 |   0 | 3.164944e+01 | 3.164944e+01 |   0.00%| 100.00%
  5.0s| 37900 |    53 |   327 |   0.0 |   982k |  45 |   8 |   2 |  33 | 150 |  1 |   0 |   0 | 3.164944e+01 | 3.164944e+01 |   0.00%| 100.00%
  5.0s| 38000 |    57 |   327 |   0.0 |   982k |  45 |   8 |   2 |  33 | 150 |  1 |   0 |   0 | 3.164944e+01 | 3.164944e+01 |   0.00%| 100.00%
  5.0s| 38100 |    43 |   327 |   0.0 |   982k |  45 |   8 |   2 |   0 | 150 |  0 |   0 |   0 | 3.164944e+01 | 3.164944e+01 |   0.00%| 100.00%
  5.0s| 38200 |    55 |   327 |   0.0 |   982k |  45 |   8 |   2 |   0 | 150 |  0 |   0 |   0 | 3.164944e+01 | 3.164944e+01 |   0.00%| 100.00%
  5.0s| 38300 |    37 |   327 |   0.0 |   982k |  45 |   8 |   2 |   0 | 150 |  0 |   0 |   0 | 3.164944e+01 | 3.164944e+01 |   0.00%| 100.00%
  5.0s| 38400 |    47 |   327 |   0.0 |   982k |  45 |   8 |   2 |   0 | 150 |  0 |   0 |   0 | 3.164944e+01 | 3.164944e+01 |   0.00%| 100.00%
  5.0s| 38500 |    45 |   327 |   0.0 |   982k |  45 |   8 |   2 |  33 | 150 |  1 |   0 |   0 | 3.164944e+01 | 3.164944e+01 |   0.00%| 100.00%
  5.0s| 38600 |    49 |   327 |   0.0 |   982k |  45 |   8 |   2 |  33 | 150 |  1 |   0 |   0 | 3.164944e+01 | 3.164944e+01 |   0.00%| 100.00%
  5.0s| 38700 |    45 |   327 |   0.0 |   982k |  45 |   8 |   2 |  33 | 150 |  1 |   0 |   0 | 3.164944e+01 | 3.164944e+01 |   0.00%| 100.00%
  5.0s| 38800 |    37 |   327 |   0.0 |   982k |  45 |   8 |   2 |  33 | 150 |  1 |   0 |   0 | 3.164944e+01 | 3.164944e+01 |   0.00%| 100.00%
  5.0s| 38900 |    33 |   327 |   0.0 |   982k |  45 |   8 |   2 |  33 | 150 |  1 |   0 |   0 | 3.164944e+01 | 3.164944e+01 |   0.00%| 100.00%
  5.0s| 39000 |    29 |   327 |   0.0 |   982k |  45 |   8 |   2 |  33 | 150 |  1 |   0 |   0 | 3.164944e+01 | 3.164944e+01 |   0.00%| 100.00%
  5.0s| 39100 |    51 |   327 |   0.0 |   982k |  45 |   8 |   2 |  33 | 150 |  1 |   0 |   0 | 3.164944e+01 | 3.164944e+01 |   0.00%| 100.00%
  5.0s| 39200 |    51 |   327 |   0.0 |   982k |  45 |   8 |   2 |  33 | 150 |  1 |   0 |   0 | 3.164944e+01 | 3.164944e+01 |   0.00%| 100.00%
 time | node  | left  |LP iter|LP it/n|mem/heur|mdpt |vars |cons |rows |cuts |sepa|confs|strbr|  dualbound   | primalbound  |  gap   | compl. 
  5.0s| 39300 |    55 |   327 |   0.0 |   982k |  45 |   8 |   2 |  33 | 150 |  1 |   0 |   0 | 3.164944e+01 | 3.164944e+01 |   0.00%| 100.00%
  5.0s| 39400 |    43 |   327 |   0.0 |   982k |  45 |   8 |   2 |  33 | 150 |  1 |   0 |   0 | 3.164944e+01 | 3.164944e+01 |   0.00%| 100.00%
  6.0s| 39500 |    43 |   327 |   0.0 |   982k |  45 |   8 |   2 |   0 | 150 |  0 |   0 |   0 | 3.164944e+01 | 3.164944e+01 |   0.00%| 100.00%
  6.0s| 39600 |    39 |   327 |   0.0 |   982k |  45 |   8 |   2 |  33 | 150 |  1 |   0 |   0 | 3.164944e+01 | 3.164944e+01 |   0.00%| 100.00%
  6.0s| 39700 |    37 |   327 |   0.0 |   982k |  45 |   8 |   2 |   0 | 150 |  0 |   0 |   0 | 3.164944e+01 | 3.164944e+01 |   0.00%| 100.00%
  6.0s| 39800 |    39 |   327 |   0.0 |   982k |  45 |   8 |   2 |  33 | 150 |  1 |   0 |   0 | 3.164944e+01 | 3.164944e+01 |   0.00%| 100.00%
  6.0s| 39900 |    31 |   327 |   0.0 |   982k |  45 |   8 |   2 |   0 | 150 |  0 |   0 |   0 | 3.164944e+01 | 3.164944e+01 |   0.00%| 100.00%
  6.0s| 40000 |    23 |   327 |   0.0 |   982k |  45 |   8 |   2 |  33 | 150 |  1 |   0 |   0 | 3.164944e+01 | 3.164944e+01 |   0.00%| 100.00%
  6.0s| 40100 |    49 |   327 |   0.0 |   982k |  45 |   8 |   2 |   0 | 150 |  0 |   0 |   0 | 3.164944e+01 | 3.164944e+01 |   0.00%| 100.00%
  6.0s| 40200 |    37 |   327 |   0.0 |   982k |  45 |   8 |   2 |  33 | 150 |  1 |   0 |   0 | 3.164944e+01 | 3.164944e+01 |   0.00%| 100.00%
  6.0s| 40300 |    41 |   327 |   0.0 |   982k |  45 |   8 |   2 |  33 | 150 |  1 |   0 |   0 | 3.164944e+01 | 3.164944e+01 |   0.00%| 100.00%
  6.0s| 40400 |    39 |   327 |   0.0 |   982k |  45 |   8 |   2 |   0 | 150 |  0 |   0 |   0 | 3.164944e+01 | 3.164944e+01 |   0.00%| 100.00%
  6.0s| 40500 |    33 |   327 |   0.0 |   982k |  45 |   8 |   2 |   0 | 150 |  0 |   0 |   0 | 3.164944e+01 | 3.164944e+01 |   0.00%| 100.00%
  6.0s| 40600 |    37 |   327 |   0.0 |   982k |  45 |   8 |   2 |  33 | 150 |  1 |   0 |   0 | 3.164944e+01 | 3.164944e+01 |   0.00%| 100.00%
  6.0s| 40700 |    25 |   327 |   0.0 |   982k |  45 |   8 |   2 |   0 | 150 |  0 |   0 |   0 | 3.164944e+01 | 3.164944e+01 |   0.00%| 100.00%
 time | node  | left  |LP iter|LP it/n|mem/heur|mdpt |vars |cons |rows |cuts |sepa|confs|strbr|  dualbound   | primalbound  |  gap   | compl. 
  6.0s| 40800 |    17 |   327 |   0.0 |   982k |  45 |   8 |   2 |   0 | 150 |  0 |   0 |   0 | 3.164944e+01 | 3.164944e+01 |   0.00%| 100.00%
  6.0s| 40900 |    41 |   327 |   0.0 |   982k |  45 |   8 |   2 |  33 | 150 |  1 |   0 |   0 | 3.164944e+01 | 3.164944e+01 |   0.00%| 100.00%
  6.0s| 41000 |    43 |   327 |   0.0 |   982k |  45 |   8 |   2 |   0 | 150 |  0 |   0 |   0 | 3.164944e+01 | 3.164944e+01 |   0.00%| 100.00%
  6.0s| 41100 |    41 |   327 |   0.0 |   982k |  45 |   8 |   2 |   0 | 150 |  0 |   0 |   0 | 3.164944e+01 | 3.164944e+01 |   0.00%| 100.00%
  6.0s| 41200 |    33 |   327 |   0.0 |   982k |  45 |   8 |   2 |  33 | 150 |  1 |   0 |   0 | 3.164944e+01 | 3.164944e+01 |   0.00%| 100.00%
  6.0s| 41300 |    27 |   327 |   0.0 |   982k |  45 |   8 |   2 |   0 | 150 |  0 |   0 |   0 | 3.164944e+01 | 3.164944e+01 |   0.00%| 100.00%
  6.0s| 41400 |    23 |   327 |   0.0 |   982k |  45 |   8 |   2 |   0 | 150 |  0 |   0 |   0 | 3.164944e+01 | 3.164944e+01 |   0.00%| 100.00%
  6.0s| 41500 |    41 |   327 |   0.0 |   982k |  45 |   8 |   2 |  33 | 150 |  1 |   0 |   0 | 3.164944e+01 | 3.164944e+01 |   0.00%| 100.00%
  6.0s| 41600 |    41 |   327 |   0.0 |   982k |  45 |   8 |   2 |  33 | 150 |  1 |   0 |   0 | 3.164944e+01 | 3.164944e+01 |   0.00%| 100.00%
  6.0s| 41700 |    33 |   327 |   0.0 |   982k |  45 |   8 |   2 |   0 | 150 |  0 |   0 |   0 | 3.164944e+01 | 3.164944e+01 |   0.00%| 100.00%
  6.0s| 41800 |    29 |   327 |   0.0 |   982k |  45 |   8 |   2 |   0 | 150 |  0 |   0 |   0 | 3.164944e+01 | 3.164944e+01 |   0.00%| 100.00%
  6.0s| 41900 |    21 |   327 |   0.0 |   982k |  45 |   8 |   2 |  33 | 150 |  1 |   0 |   0 | 3.164944e+01 | 3.164944e+01 |   0.00%| 100.00%
  6.0s| 42000 |    29 |   327 |   0.0 |   982k |  45 |   8 |   2 |  33 | 150 |  1 |   0 |   0 | 3.164944e+01 | 3.164944e+01 |   0.00%| 100.00%
  6.0s| 42100 |    41 |   327 |   0.0 |   982k |  45 |   8 |   2 |  33 | 150 |  1 |   0 |   0 | 3.164944e+01 | 3.164944e+01 |   0.00%| 100.00%
  6.0s| 42200 |    37 |   327 |   0.0 |   982k |  45 |   8 |   2 |  33 | 150 |  1 |   0 |   0 | 3.164944e+01 | 3.164944e+01 |   0.00%| 100.00%
 time | node  | left  |LP iter|LP it/n|mem/heur|mdpt |vars |cons |rows |cuts |sepa|confs|strbr|  dualbound   | primalbound  |  gap   | compl. 
  6.0s| 42300 |    23 |   327 |   0.0 |   982k |  45 |   8 |   2 |   0 | 150 |  0 |   0 |   0 | 3.164944e+01 | 3.164944e+01 |   0.00%| 100.00%
  6.0s| 42400 |    25 |   327 |   0.0 |   982k |  45 |   8 |   2 |  33 | 150 |  1 |   0 |   0 | 3.164944e+01 | 3.164944e+01 |   0.00%| 100.00%
  6.0s| 42500 |    35 |   327 |   0.0 |   982k |  45 |   8 |   2 |   0 | 150 |  0 |   0 |   0 | 3.164944e+01 | 3.164944e+01 |   0.00%| 100.00%
  6.0s| 42600 |    33 |   327 |   0.0 |   982k |  45 |   8 |   2 |  33 | 150 |  1 |   0 |   0 | 3.164944e+01 | 3.164944e+01 |   0.00%| 100.00%
  6.0s| 42700 |    19 |   327 |   0.0 |   982k |  45 |   8 |   2 |   0 | 150 |  0 |   0 |   0 | 3.164944e+01 | 3.164944e+01 |   0.00%| 100.00%
  6.0s| 42800 |    33 |   327 |   0.0 |   982k |  45 |   8 |   2 |  33 | 150 |  1 |   0 |   0 | 3.164944e+01 | 3.164944e+01 |   0.00%| 100.00%
  6.0s| 42900 |    33 |   327 |   0.0 |   982k |  45 |   8 |   2 |  33 | 150 |  1 |   0 |   0 | 3.164944e+01 | 3.164944e+01 |   0.00%| 100.00%
  6.0s| 43000 |    29 |   327 |   0.0 |   982k |  45 |   8 |   2 |  33 | 150 |  1 |   0 |   0 | 3.164944e+01 | 3.164944e+01 |   0.00%| 100.00%
  6.0s| 43100 |    25 |   327 |   0.0 |   982k |  45 |   8 |   2 |  33 | 150 |  1 |   0 |   0 | 3.164944e+01 | 3.164944e+01 |   0.00%| 100.00%
  6.0s| 43200 |    13 |   327 |   0.0 |   982k |  45 |   8 |   2 |  33 | 150 |  1 |   0 |   0 | 3.164944e+01 | 3.164944e+01 |   0.00%| 100.00%
  6.0s| 43300 |    21 |   327 |   0.0 |   982k |  45 |   8 |   2 |   0 | 150 |  0 |   0 |   0 | 3.164944e+01 | 3.164944e+01 |   0.00%| 100.00%
  6.0s| 43400 |    29 |   327 |   0.0 |   982k |  45 |   8 |   2 |  33 | 150 |  1 |   0 |   0 | 3.164944e+01 | 3.164944e+01 |   0.00%| 100.00%
  6.0s| 43500 |    29 |   327 |   0.0 |   982k |  45 |   8 |   2 |  33 | 150 |  1 |   0 |   0 | 3.164944e+01 | 3.164944e+01 |   0.00%| 100.00%
  6.0s| 43600 |    41 |   327 |   0.0 |   982k |  48 |   8 |   2 |  33 | 150 |  1 |   0 |   0 | 3.164944e+01 | 3.164944e+01 |   0.00%| 100.00%
  6.0s| 43700 |    33 |   327 |   0.0 |   982k |  48 |   8 |   2 |  33 | 150 |  1 |   0 |   0 | 3.164944e+01 | 3.164944e+01 |   0.00%| 100.00%
 time | node  | left  |LP iter|LP it/n|mem/heur|mdpt |vars |cons |rows |cuts |sepa|confs|strbr|  dualbound   | primalbound  |  gap   | compl. 
  6.0s| 43800 |    29 |   327 |   0.0 |   982k |  48 |   8 |   2 |  33 | 150 |  1 |   0 |   0 | 3.164944e+01 | 3.164944e+01 |   0.00%| 100.00%
  6.0s| 43900 |    29 |   327 |   0.0 |   982k |  48 |   8 |   2 |  33 | 150 |  1 |   0 |   0 | 3.164944e+01 | 3.164944e+01 |   0.00%| 100.00%
  6.0s| 44000 |    21 |   327 |   0.0 |   982k |  48 |   8 |   2 |  33 | 150 |  1 |   0 |   0 | 3.164944e+01 | 3.164944e+01 |   0.00%| 100.00%
  6.0s| 44100 |    29 |   329 |   0.0 |   982k |  48 |   8 |   2 |  33 | 150 |  1 |   0 |   0 | 3.164944e+01 | 3.164944e+01 |   0.00%| 100.00%
  6.0s| 44200 |    97 |   329 |   0.0 |   982k |  48 |   8 |   2 |   0 | 150 |  0 |   0 |   0 | 3.164944e+01 | 3.164944e+01 |   0.00%| 100.00%
  6.0s| 44300 |   129 |   330 |   0.0 |   982k |  48 |   8 |   2 |   0 | 150 |  0 |   0 |   0 | 3.164944e+01 | 3.164944e+01 |   0.00%| 100.00%
  6.0s| 44400 |   137 |   330 |   0.0 |   982k |  48 |   8 |   2 |  33 | 150 |  1 |   0 |   0 | 3.164944e+01 | 3.164944e+01 |   0.00%| 100.00%
  6.0s| 44500 |   125 |   330 |   0.0 |   982k |  48 |   8 |   2 |  33 | 150 |  1 |   0 |   0 | 3.164944e+01 | 3.164944e+01 |   0.00%| 100.00%
  6.0s| 44600 |   113 |   330 |   0.0 |   982k |  48 |   8 |   2 |   0 | 150 |  0 |   0 |   0 | 3.164944e+01 | 3.164944e+01 |   0.00%| 100.00%
  6.0s| 44700 |    97 |   330 |   0.0 |   982k |  48 |   8 |   2 |  33 | 150 |  1 |   0 |   0 | 3.164944e+01 | 3.164944e+01 |   0.00%| 100.00%
  6.0s| 44800 |    73 |   330 |   0.0 |   982k |  48 |   8 |   2 |  33 | 150 |  1 |   0 |   0 | 3.164944e+01 | 3.164944e+01 |   0.00%| 100.00%
  6.0s| 44900 |    43 |   330 |   0.0 |   982k |  48 |   8 |   2 |   0 | 150 |  0 |   0 |   0 | 3.164944e+01 | 3.164944e+01 |   0.00%| 100.00%
  6.0s| 45000 |    13 |   330 |   0.0 |   982k |  48 |   8 |   2 |  33 | 150 |  1 |   0 |   0 | 3.164944e+01 | 3.164944e+01 |   0.00%| 100.00%
  6.0s| 45100 |    17 |   330 |   0.0 |   982k |  48 |   8 |   2 |  33 | 150 |  1 |   0 |   0 | 3.164944e+01 | 3.164944e+01 |   0.00%| 100.00%
  6.0s| 45200 |    19 |   330 |   0.0 |   982k |  48 |   8 |   2 |   0 | 150 |  0 |   0 |   0 | 3.164944e+01 | 3.164944e+01 |   0.00%| 100.00%
 time | node  | left  |LP iter|LP it/n|mem/heur|mdpt |vars |cons |rows |cuts |sepa|confs|strbr|  dualbound   | primalbound  |  gap   | compl. 
  6.0s| 45300 |    25 |   330 |   0.0 |   991k |  48 |   8 |   2 |  33 | 150 |  1 |   0 |   0 | 3.164944e+01 | 3.164944e+01 |   0.00%| 100.00%
  6.0s| 45400 |    13 |   330 |   0.0 |   991k |  48 |   8 |   2 |   0 | 150 |  0 |   0 |   0 | 3.164944e+01 | 3.164944e+01 |   0.00%| 100.00%
  6.0s| 45500 |    11 |   330 |   0.0 |   991k |  48 |   8 |   2 |   0 | 150 |  0 |   0 |   0 | 3.164944e+01 | 3.164944e+01 |   0.00%| 100.00%
  6.0s| 45600 |    17 |   330 |   0.0 |   991k |  48 |   8 |   2 |  33 | 150 |  1 |   0 |   0 | 3.164944e+01 | 3.164944e+01 |   0.00%| 100.00%
  6.0s| 45700 |    23 |   330 |   0.0 |   991k |  48 |   8 |   2 |  33 | 150 |  1 |   0 |   0 | 3.164944e+01 | 3.164944e+01 |   0.00%| 100.00%
  6.0s| 45800 |    15 |   330 |   0.0 |   991k |  48 |   8 |   2 |   0 | 150 |  0 |   0 |   0 | 3.164944e+01 | 3.164944e+01 |   0.00%| 100.00%
  6.0s| 45900 |    25 |   330 |   0.0 |   991k |  48 |   8 |   2 |   0 | 150 |  0 |   0 |   0 | 3.164944e+01 | 3.164944e+01 |   0.00%| 100.00%
  6.0s| 46000 |    19 |   330 |   0.0 |   991k |  48 |   8 |   2 |  33 | 150 |  1 |   0 |   0 | 3.164944e+01 | 3.164944e+01 |   0.00%| 100.00%
  7.0s| 46100 |    19 |   330 |   0.0 |   991k |  48 |   8 |   2 |  33 | 150 |  1 |   0 |   0 | 3.164944e+01 | 3.164944e+01 |   0.00%| 100.00%
  7.0s| 46200 |    17 |   330 |   0.0 |   991k |  48 |   8 |   2 |   0 | 150 |  0 |   0 |   0 | 3.164944e+01 | 3.164944e+01 |   0.00%| 100.00%
  7.0s| 46300 |    15 |   330 |   0.0 |   991k |  48 |   8 |   2 |  33 | 150 |  1 |   0 |   0 | 3.164944e+01 | 3.164944e+01 |   0.00%| 100.00%
  7.0s| 46400 |    17 |   330 |   0.0 |   991k |  48 |   8 |   2 |  33 | 150 |  1 |   0 |   0 | 3.164944e+01 | 3.164944e+01 |   0.00%| 100.00%

SCIP Status        : problem is solved [optimal solution found]
Solving Time (sec) : 7.00
Solving Nodes      : 46481
Primal Bound       : +3.16494407371922e+01 (67 solutions)
Dual Bound         : +3.16494407371922e+01
Gap                : 0.00 %

