Solver command line: ['C:\\Program Files\\SCIPOptSuite 9.2.3\\bin\\scip.exe', 'C:\\Users\\BoTang\\AppData\\Local\\Temp\\tmpedfwirsg.pyomo', '-AMPL']

SCIP version 9.2.3 [precision: 8 byte] [memory: block] [mode: optimized] [LP solver: SoPlex 7.1.5] [GitHash: 5e2fb2354b]
Copyright (c) 2002-2025 Zuse Institute Berlin (ZIB)

External libraries: 
  SoPlex 7.1.5         Linear programming solver developed at Zuse Institute Berlin (soplex.zib.de) [GitHash: 08b48194]
  CppAD 20180000.0     Algorithmic Differentiation of C++ algorithms developed by B. Bell (github.com/coin-or/CppAD)
  TinyCThread 1.2      small portable implementation of the C11 threads API (tinycthread.github.io)
  MPIR 3.0.0           Multiple Precision Integers and Rationals Library developed by W. Hart (mpir.org)
  ZIMPL 3.6.2          Zuse Institute Mathematical Programming Language developed by T. Koch (zimpl.zib.de)
  AMPL/MP 690e9e7      AMPL .nl file reader library (github.com/ampl/mp)
  PaPILO 2.4.3         parallel presolve for integer and linear optimization (github.com/scipopt/papilo) (built with TBB) [GitHash: a214e2d1]
  Nauty 2.8.8          Computing Graph Automorphism Groups by Brendan D. McKay (users.cecs.anu.edu.au/~bdm/nauty)
  sassy 1.1            Symmetry preprocessor by Markus Anders (github.com/markusa4/sassy)
  Ipopt 3.14.16        Interior Point Optimizer developed by A. Waechter et.al. (github.com/coin-or/Ipopt)

reading user parameter file <scip.set>
===========================

limits/time = 10800

read problem <C:\Users\BoTang\AppData\Local\Temp\tmpedfwirsg.pyomo.nl>
============

original problem has 3 variables (0 bin, 1 int, 0 impl, 2 cont) and 5 constraints

solve problem
=============

presolving:
(round 1, fast)       0 del vars, 3 del conss, 0 add conss, 4 chg bounds, 1 chg sides, 0 chg coeffs, 0 upgd conss, 0 impls, 0 clqs
   (0.0s) symmetry computation started: requiring (bin +, int +, cont +), (fixed: bin -, int -, cont -)
   (0.0s) no symmetry present (symcode time: 0.00)
presolving (2 rounds: 2 fast, 1 medium, 1 exhaustive):
 0 deleted vars, 3 deleted constraints, 0 added constraints, 4 tightened bounds, 0 added holes, 1 changed sides, 0 changed coefficients
 0 implications, 0 cliques
presolved problem has 3 variables (0 bin, 1 int, 0 impl, 2 cont) and 2 constraints
      2 constraints of type <nonlinear>
Presolving Time: 0.00

 time | node  | left  |LP iter|LP it/n|mem/heur|mdpt |vars |cons |rows |cuts |sepa|confs|strbr|  dualbound   | primalbound  |  gap   | compl. 
t 0.0s|     1 |     0 |     6 |     - |  trysol|   0 |   8 |   2 |  12 |   0 |  0 |   0 |   0 |-1.303057e+02 | 1.657520e+01 |    Inf | unknown
  0.0s|     1 |     0 |    11 |     - |   676k |   0 |   8 |   2 |  12 |   0 |  0 |   0 |   0 |-1.013686e+02 | 1.657520e+01 |    Inf | unknown
  0.0s|     1 |     0 |    13 |     - |   687k |   0 |   8 |   2 |  14 |   2 |  1 |   0 |   0 |-1.013686e+02 | 1.657520e+01 |    Inf | unknown
  0.0s|     1 |     0 |    18 |     - |   687k |   0 |   8 |   2 |  16 |   4 |  2 |   0 |   0 |-3.341212e+01 | 1.657520e+01 |    Inf | unknown
  0.0s|     1 |     0 |    18 |     - |   687k |   0 |   8 |   2 |  10 |   4 |  2 |   0 |   0 |-3.341212e+01 | 1.657520e+01 |    Inf | unknown
  0.0s|     1 |     0 |    18 |     - |   687k |   0 |   8 |   2 |  10 |   4 |  2 |   0 |   0 |-3.341212e+01 | 1.657520e+01 |    Inf | unknown
  0.0s|     1 |     0 |    20 |     - |   696k |   0 |   8 |   2 |  12 |   6 |  3 |   0 |   0 |-2.219264e+01 | 1.657520e+01 |    Inf | unknown
  0.0s|     1 |     0 |    20 |     - |   696k |   0 |   8 |   2 |  12 |   6 |  3 |   0 |   0 |-2.219264e+01 | 1.657520e+01 |    Inf | unknown
  0.0s|     1 |     0 |    22 |     - |   706k |   0 |   8 |   2 |  14 |   8 |  4 |   0 |   0 |-1.777110e+01 | 1.657520e+01 |    Inf | unknown
  0.0s|     1 |     0 |    22 |     - |   707k |   0 |   8 |   2 |  14 |   8 |  4 |   0 |   0 |-1.777110e+01 | 1.657520e+01 |    Inf | unknown
  0.0s|     1 |     0 |    24 |     - |   715k |   0 |   8 |   2 |  16 |  10 |  5 |   0 |   0 |-1.545074e+01 | 1.657520e+01 |    Inf | unknown
t 0.0s|     1 |     0 |    24 |     - |  trysol|   0 |   8 |   2 |  16 |  10 |  5 |   0 |   0 |-1.545074e+01 | 1.624417e+01 |    Inf | unknown
  0.0s|     1 |     0 |    24 |     - |   715k |   0 |   8 |   2 |  16 |  10 |  5 |   0 |   0 |-1.545074e+01 | 1.624417e+01 |    Inf | unknown
  0.0s|     1 |     0 |    26 |     - |   721k |   0 |   8 |   2 |  18 |  12 |  6 |   0 |   0 |-1.404217e+01 | 1.624417e+01 |    Inf | unknown
  0.0s|     1 |     0 |    26 |     - |   721k |   0 |   8 |   2 |  18 |  12 |  6 |   0 |   0 |-1.404217e+01 | 1.624417e+01 |    Inf | unknown
 time | node  | left  |LP iter|LP it/n|mem/heur|mdpt |vars |cons |rows |cuts |sepa|confs|strbr|  dualbound   | primalbound  |  gap   | compl. 
  0.0s|     1 |     0 |    28 |     - |   740k |   0 |   8 |   2 |  20 |  14 |  7 |   0 |   0 |-1.310333e+01 | 1.624417e+01 |    Inf | unknown
  0.0s|     1 |     0 |    28 |     - |   740k |   0 |   8 |   2 |  20 |  14 |  7 |   0 |   0 |-1.310333e+01 | 1.624417e+01 |    Inf | unknown
  0.0s|     1 |     0 |    30 |     - |   742k |   0 |   8 |   2 |  22 |  16 |  8 |   0 |   0 |-1.109165e+01 | 1.624417e+01 |    Inf | unknown
  0.0s|     1 |     0 |    30 |     - |   743k |   0 |   8 |   2 |  22 |  16 |  8 |   0 |   0 |-1.109165e+01 | 1.624417e+01 |    Inf | unknown
  0.0s|     1 |     0 |    32 |     - |   749k |   0 |   8 |   2 |  24 |  18 |  9 |   0 |   0 |-9.234679e+00 | 1.624417e+01 |    Inf | unknown
  0.0s|     1 |     0 |    32 |     - |   749k |   0 |   8 |   2 |  19 |  18 |  9 |   0 |   0 |-9.234679e+00 | 1.624417e+01 |    Inf | unknown
  0.0s|     1 |     0 |    37 |     - |   759k |   0 |   8 |   2 |  17 |  21 | 10 |   0 |   0 |-6.554381e+00 | 1.624417e+01 |    Inf | unknown
  0.0s|     1 |     0 |    48 |     - |   765k |   0 |   8 |   2 |  19 |  23 | 11 |   0 |   0 |-6.460004e+00 | 1.624417e+01 |    Inf | unknown
  0.0s|     1 |     0 |    51 |     - |   765k |   0 |   8 |   2 |  22 |  26 | 12 |   0 |   0 |-5.100715e+00 | 1.624417e+01 |    Inf | unknown
  0.0s|     1 |     0 |    51 |     - |   765k |   0 |   8 |   2 |  21 |  26 | 12 |   0 |   0 |-5.100715e+00 | 1.624417e+01 |    Inf | unknown
  0.0s|     1 |     0 |    52 |     - |   765k |   0 |   8 |   2 |  22 |  27 | 13 |   0 |   0 |-4.949302e+00 | 1.624417e+01 |    Inf | unknown
  0.0s|     1 |     0 |   114 |     - |   765k |   0 |   8 |   2 |  22 |  27 | 14 |   0 |   0 |-4.949302e+00 | 1.624417e+01 |    Inf | unknown
  0.0s|     1 |     0 |   117 |     - |   765k |   0 |   8 |   2 |  22 |  28 | 15 |   0 |   0 | 3.471428e+00 | 1.624417e+01 | 367.94%| unknown
  0.0s|     1 |     0 |   117 |     - |   765k |   0 |   8 |   2 |  21 |  28 | 15 |   0 |   0 | 3.471428e+00 | 1.624417e+01 | 367.94%| unknown
  0.0s|     1 |     0 |   120 |     - |   767k |   0 |   8 |   2 |  23 |  30 | 16 |   0 |   0 | 9.028850e+00 | 1.624417e+01 |  79.91%| unknown
 time | node  | left  |LP iter|LP it/n|mem/heur|mdpt |vars |cons |rows |cuts |sepa|confs|strbr|  dualbound   | primalbound  |  gap   | compl. 
  0.0s|     1 |     0 |   120 |     - |   769k |   0 |   8 |   2 |  23 |  30 | 16 |   0 |   0 | 9.028850e+00 | 1.624417e+01 |  79.91%| unknown
  0.0s|     1 |     0 |   124 |     - |   773k |   0 |   8 |   2 |  25 |  32 | 17 |   0 |   0 | 1.103974e+01 | 1.624417e+01 |  47.14%| unknown
  0.0s|     1 |     0 |   124 |     - |   773k |   0 |   8 |   2 |  24 |  32 | 17 |   0 |   0 | 1.103974e+01 | 1.624417e+01 |  47.14%| unknown
  0.0s|     1 |     0 |   126 |     - |   806k |   0 |   8 |   2 |  26 |  34 | 18 |   0 |   0 | 1.110294e+01 | 1.624417e+01 |  46.31%| unknown
  0.0s|     1 |     0 |   127 |     - |   810k |   0 |   8 |   2 |  27 |  35 | 19 |   0 |   0 | 1.110375e+01 | 1.624417e+01 |  46.29%| unknown
o 0.0s|     1 |     0 |   137 |     - |feaspump|   0 |   8 |   2 |  27 |  35 | 20 |   0 |   0 | 1.110375e+01 | 1.616517e+01 |  45.58%| unknown
  0.0s|     1 |     0 |   137 |     - |   813k |   0 |   8 |   2 |  27 |  35 | 20 |   0 |   0 | 1.110375e+01 | 1.616517e+01 |  45.58%| unknown
  0.0s|     1 |     2 |   137 |     - |   813k |   0 |   8 |   2 |  27 |  35 | 21 |   0 |   0 | 1.110375e+01 | 1.616517e+01 |  45.58%| unknown
r 0.0s|     2 |     3 |   150 |  79.0 |randroun|   1 |   8 |   2 |  17 |  45 |  9 |   0 |   0 | 1.110375e+01 | 1.616517e+01 |  45.58%| unknown
d 0.0s|     6 |     3 |   172 |  20.2 |fracdivi|   3 |   8 |   2 |  19 |  61 |  6 |   0 |   0 | 1.599775e+01 | 1.616517e+01 |   1.05%|  89.79%
d 0.0s|     9 |     4 |   190 |  14.9 |veclendi|   4 |   8 |   2 |  22 |  71 |  5 |   0 |   0 | 1.616168e+01 | 1.616517e+01 |   0.02%|  95.39%
  0.0s|   100 |    39 |   230 |   1.6 |   930k |  24 |   8 |   2 |   0 |  96 |  0 |   0 |   0 | 1.616517e+01 | 1.616517e+01 |   0.00%|  99.79%
  0.0s|   200 |    21 |   232 |   0.8 |   938k |  26 |   8 |   2 |  29 |  97 |  1 |   0 |   0 | 1.616517e+01 | 1.616517e+01 |   0.00%|  99.86%
  0.0s|   300 |    69 |   233 |   0.5 |   938k |  27 |   8 |   2 |   0 |  97 |  0 |   0 |   0 | 1.616517e+01 | 1.616517e+01 |   0.00%|  99.87%
* 0.0s|   381 |    82 |   235 |   0.4 |    LP  |  27 |   8 |   2 |  29 |  97 |  1 |   0 |   0 | 1.616517e+01 | 1.616517e+01 |   0.00%|  99.87%
 time | node  | left  |LP iter|LP it/n|mem/heur|mdpt |vars |cons |rows |cuts |sepa|confs|strbr|  dualbound   | primalbound  |  gap   | compl. 
  0.0s|   400 |    83 |   235 |   0.4 |   938k |  27 |   8 |   2 |  29 |  97 |  1 |   0 |   0 | 1.616517e+01 | 1.616517e+01 |   0.00%|  99.90%
  0.0s|   500 |   139 |   237 |   0.3 |  1004k |  29 |   8 |   2 |  29 |  97 |  1 |   0 |   0 | 1.616517e+01 | 1.616517e+01 |   0.00%|  99.90%
  0.0s|   600 |   141 |   237 |   0.3 |  1004k |  29 |   8 |   2 |   0 |  97 |  0 |   0 |   0 | 1.616517e+01 | 1.616517e+01 |   0.00%|  99.91%
  0.0s|   700 |   143 |   237 |   0.2 |  1004k |  33 |   8 |   2 |  29 |  97 |  1 |   0 |   0 | 1.616517e+01 | 1.616517e+01 |   0.00%|  99.91%
  0.0s|   800 |   133 |   237 |   0.2 |  1004k |  33 |   8 |   2 |  29 |  97 |  1 |   0 |   0 | 1.616517e+01 | 1.616517e+01 |   0.00%|  99.91%
  0.0s|   900 |   153 |   237 |   0.2 |  1004k |  33 |   8 |   2 |   0 |  97 |  0 |   0 |   0 | 1.616517e+01 | 1.616517e+01 |   0.00%|  99.91%
  0.0s|  1000 |   143 |   237 |   0.2 |  1004k |  33 |   8 |   2 |   0 |  97 |  0 |   0 |   0 | 1.616517e+01 | 1.616517e+01 |   0.00%|  99.91%
  0.0s|  1100 |   141 |   237 |   0.2 |  1004k |  33 |   8 |   2 |  29 |  97 |  1 |   0 |   0 | 1.616517e+01 | 1.616517e+01 |   0.00%|  99.91%
  0.0s|  1200 |   127 |   237 |   0.1 |  1004k |  33 |   8 |   2 |   0 |  97 |  0 |   0 |   0 | 1.616517e+01 | 1.616517e+01 |   0.00%|  99.91%
  0.0s|  1300 |   101 |   237 |   0.1 |  1004k |  35 |   8 |   2 |  29 |  97 |  1 |   0 |   0 | 1.616517e+01 | 1.616517e+01 |   0.00%|  99.91%
  0.0s|  1400 |   153 |   238 |   0.1 |  1007k |  37 |   8 |   2 |  29 |  97 |  1 |   0 |   0 | 1.616517e+01 | 1.616517e+01 |   0.00%|  99.92%
  0.0s|  1500 |   153 |   241 |   0.1 |  1007k |  37 |   8 |   2 |  29 |  98 |  1 |   0 |   0 | 1.616517e+01 | 1.616517e+01 |   0.00%|  99.93%
  0.0s|  1600 |   159 |   243 |   0.1 |  1007k |  37 |   8 |   2 |   0 |  98 |  0 |   0 |   0 | 1.616517e+01 | 1.616517e+01 |   0.00%|  99.94%
  0.0s|  1700 |   159 |   243 |   0.1 |  1007k |  37 |   8 |   2 |   0 |  98 |  0 |   0 |   0 | 1.616517e+01 | 1.616517e+01 |   0.00%|  99.95%
  0.0s|  1800 |   139 |   243 |   0.1 |  1039k |  37 |   8 |   2 |   0 |  98 |  0 |   0 |   0 | 1.616517e+01 | 1.616517e+01 |   0.00%|  99.95%
 time | node  | left  |LP iter|LP it/n|mem/heur|mdpt |vars |cons |rows |cuts |sepa|confs|strbr|  dualbound   | primalbound  |  gap   | compl. 
  0.0s|  1900 |   121 |   243 |   0.1 |  1039k |  37 |   8 |   2 |  29 |  98 |  1 |   0 |   0 | 1.616517e+01 | 1.616517e+01 |   0.00%|  99.95%
  0.0s|  2000 |   105 |   243 |   0.1 |  1039k |  37 |   8 |   2 |   0 |  98 |  0 |   0 |   0 | 1.616517e+01 | 1.616517e+01 |   0.00%|  99.98%
  0.0s|  2100 |    87 |   243 |   0.1 |  1039k |  37 |   8 |   2 |  29 |  98 |  1 |   0 |   0 | 1.616517e+01 | 1.616517e+01 |   0.00%|  99.98%
  0.0s|  2200 |    65 |   243 |   0.1 |  1039k |  37 |   8 |   2 |  29 |  98 |  1 |   0 |   0 | 1.616517e+01 | 1.616517e+01 |   0.00%|  99.98%
  0.0s|  2300 |    77 |   243 |   0.1 |  1039k |  39 |   8 |   2 |  29 |  98 |  1 |   0 |   0 | 1.616517e+01 | 1.616517e+01 |   0.00%|  99.99%
  0.0s|  2400 |    79 |   243 |   0.1 |  1039k |  39 |   8 |   2 |  29 |  98 |  1 |   0 |   0 | 1.616517e+01 | 1.616517e+01 |   0.00%|  99.99%
  0.0s|  2500 |    89 |   243 |   0.1 |  1039k |  39 |   8 |   2 |  29 |  98 |  1 |   0 |   0 | 1.616517e+01 | 1.616517e+01 |   0.00%|  99.99%
  0.0s|  2600 |    67 |   243 |   0.1 |  1039k |  39 |   8 |   2 |   0 |  98 |  0 |   0 |   0 | 1.616517e+01 | 1.616517e+01 |   0.00%|  99.99%
  0.0s|  2700 |    35 |   243 |   0.1 |  1039k |  39 |   8 |   2 |  29 |  98 |  1 |   0 |   0 | 1.616517e+01 | 1.616517e+01 |   0.00%|  99.99%
  0.0s|  2800 |    47 |   243 |   0.1 |  1039k |  39 |   8 |   2 |   0 |  98 |  0 |   0 |   0 | 1.616517e+01 | 1.616517e+01 |   0.00%|  99.99%
  0.0s|  2900 |    91 |   243 |   0.1 |  1039k |  39 |   8 |   2 |   0 |  98 |  0 |   0 |   0 | 1.616517e+01 | 1.616517e+01 |   0.00%|  99.99%
  0.0s|  3000 |    59 |   243 |   0.1 |  1039k |  39 |   8 |   2 |  29 |  98 |  1 |   0 |   0 | 1.616517e+01 | 1.616517e+01 |   0.00%|  99.99%
  0.0s|  3100 |    33 |   243 |   0.1 |  1039k |  39 |   8 |   2 |   0 |  98 |  0 |   0 |   0 | 1.616517e+01 | 1.616517e+01 |   0.00%|  99.99%
  0.0s|  3200 |    29 |   243 |   0.1 |  1039k |  39 |   8 |   2 |  29 |  98 |  1 |   0 |   0 | 1.616517e+01 | 1.616517e+01 |   0.00%|  99.99%
  0.0s|  3300 |    27 |   243 |   0.1 |  1039k |  39 |   8 |   2 |   0 |  98 |  0 |   0 |   0 | 1.616517e+01 | 1.616517e+01 |   0.00%|  99.99%
 time | node  | left  |LP iter|LP it/n|mem/heur|mdpt |vars |cons |rows |cuts |sepa|confs|strbr|  dualbound   | primalbound  |  gap   | compl. 
  0.0s|  3400 |    33 |   243 |   0.1 |  1039k |  39 |   8 |   2 |   0 |  98 |  0 |   0 |   0 | 1.616517e+01 | 1.616517e+01 |   0.00%|  99.99%
  0.0s|  3500 |    27 |   243 |   0.0 |  1039k |  39 |   8 |   2 |  29 |  98 |  1 |   0 |   0 | 1.616517e+01 | 1.616517e+01 |   0.00%|  99.99%
  0.0s|  3600 |    19 |   243 |   0.0 |  1039k |  39 |   8 |   2 |   0 |  98 |  0 |   0 |   0 | 1.616517e+01 | 1.616517e+01 |   0.00%|  99.99%
  0.0s|  3700 |    13 |   243 |   0.0 |  1039k |  39 |   8 |   2 |  29 |  98 |  1 |   0 |   0 | 1.616517e+01 | 1.616517e+01 |   0.00%|  99.99%
  0.0s|  3800 |    21 |   245 |   0.0 |  1039k |  39 |   8 |   2 |   0 | 100 |  0 |   0 |   0 | 1.616517e+01 | 1.616517e+01 |   0.00%|  99.99%
  0.0s|  3900 |    17 |   245 |   0.0 |  1039k |  39 |   8 |   2 |  29 | 100 |  1 |   0 |   0 | 1.616517e+01 | 1.616517e+01 |   0.00%|  99.99%
  0.0s|  4000 |    11 |   245 |   0.0 |  1039k |  39 |   8 |   2 |  29 | 100 |  1 |   0 |   0 | 1.616517e+01 | 1.616517e+01 |   0.00%|  99.99%
  0.0s|  4100 |     7 |   245 |   0.0 |  1039k |  39 |   8 |   2 |   0 | 100 |  0 |   0 |   0 | 1.616517e+01 | 1.616517e+01 |   0.00%|  99.99%
  0.0s|  4200 |     7 |   245 |   0.0 |  1039k |  39 |   8 |   2 |  29 | 100 |  1 |   0 |   0 | 1.616517e+01 | 1.616517e+01 |   0.00%| 100.00%
  1.0s|  4300 |     5 |   245 |   0.0 |  1039k |  39 |   8 |   2 |   0 | 100 |  0 |   0 |   0 | 1.616517e+01 | 1.616517e+01 |   0.00%| 100.00%
  1.0s|  4400 |     7 |   245 |   0.0 |  1039k |  39 |   8 |   2 |   0 | 100 |  0 |   0 |   0 | 1.616517e+01 | 1.616517e+01 |   0.00%| 100.00%
  1.0s|  4500 |     7 |   245 |   0.0 |  1039k |  39 |   8 |   2 |  29 | 100 |  1 |   0 |   0 | 1.616517e+01 | 1.616517e+01 |   0.00%| 100.00%
  1.0s|  4600 |     7 |   245 |   0.0 |  1039k |  39 |   8 |   2 |   0 | 100 |  0 |   0 |   0 | 1.616517e+01 | 1.616517e+01 |   0.00%| 100.00%
  1.0s|  4700 |    13 |   245 |   0.0 |  1039k |  39 |   8 |   2 |   0 | 100 |  0 |   0 |   0 | 1.616517e+01 | 1.616517e+01 |   0.00%| 100.00%
  1.0s|  4800 |    11 |   245 |   0.0 |  1039k |  39 |   8 |   2 |  29 | 100 |  1 |   0 |   0 | 1.616517e+01 | 1.616517e+01 |   0.00%| 100.00%
 time | node  | left  |LP iter|LP it/n|mem/heur|mdpt |vars |cons |rows |cuts |sepa|confs|strbr|  dualbound   | primalbound  |  gap   | compl. 
  1.0s|  4900 |     9 |   245 |   0.0 |  1039k |  39 |   8 |   2 |   0 | 100 |  0 |   0 |   0 | 1.616517e+01 | 1.616517e+01 |   0.00%| 100.00%
* 1.0s|  4907 |     1 |   245 |   0.0 |    LP  |  39 |   8 |   2 |  29 | 100 |  1 |   0 |   0 | 1.616517e+01 | 1.616517e+01 |   0.00%| 100.00%

SCIP Status        : problem is solved [optimal solution found]
Solving Time (sec) : 1.00
Solving Nodes      : 4908
Primal Bound       : +1.61651662048422e+01 (14 solutions)
Dual Bound         : +1.61651662048422e+01
Gap                : 0.00 %

